[runlim] version:		2.0.0rc12
[runlim] host:			fjssp-instance1
[runlim] time limit:		311040000 seconds
[runlim] real time limit:	10800 seconds
[runlim] space limit:		14000 MB
[runlim] argv[0]:		python3
[runlim] argv[1]:		-u
[runlim] argv[2]:		main.py
[runlim] argv[3]:		--input
[runlim] argv[4]:		datasets/brandimarte/MK05
[runlim] argv[5]:		--sb
[runlim] argv[6]:		--factories
[runlim] argv[7]:		2
[runlim] argv[8]:		--full_transitive
[runlim] start:			Tue Aug 18 13:53:53 2026
[runlim] child:			23640
[*] Loading data from file: datasets/brandimarte/MK05
[*] Running D-FJSSP SAT Solver with 2 factories, Symmetry Breaking = ON, Transitive E* = FULL
===========================================================================
 D-FJSSP SAT SOLVER - PARALLEL FACTORIES SCHEDULING
===========================================================================
  -> Operations: 106 | Jobs: 15 | Machines: 4 | Factories: 2

[*] Running Greedy Heuristic...
  -> Greedy Solution: Makespan = 101 (0.0345s)

[*] Initializing and solving the SAT model...
------------------------------------------------------------------
[*] Trying with Upper Bound = 101...
  SAT ! Makespan = 101
  Schedule is valid with Makespan = 101
  Total time: 1.3250 seconds
------------------------------------------------------------------
[*] Trying with Upper Bound = 100...
  SAT ! Makespan = 100
  Schedule is valid with Makespan = 100
  Total time: 1.3629 seconds
------------------------------------------------------------------
[*] Trying with Upper Bound = 99...
  SAT ! Makespan = 99
  Schedule is valid with Makespan = 99
  Total time: 1.4543 seconds
------------------------------------------------------------------
[*] Trying with Upper Bound = 98...
  SAT ! Makespan = 98
  Schedule is valid with Makespan = 98
  Total time: 1.8792 seconds
------------------------------------------------------------------
[*] Trying with Upper Bound = 97...
  SAT ! Makespan = 97
  Schedule is valid with Makespan = 97
  Total time: 1.9730 seconds
------------------------------------------------------------------
[*] Trying with Upper Bound = 96...
  SAT ! Makespan = 96
  Schedule is valid with Makespan = 96
  Total time: 3.7146 seconds
------------------------------------------------------------------
[*] Trying with Upper Bound = 95...
  SAT ! Makespan = 95
  Schedule is valid with Makespan = 95
  Total time: 5.4604 seconds
------------------------------------------------------------------
[*] Trying with Upper Bound = 94...
  SAT ! Makespan = 94
  Schedule is valid with Makespan = 94
  Total time: 6.2425 seconds
------------------------------------------------------------------
[*] Trying with Upper Bound = 93...
  SAT ! Makespan = 93
  Schedule is valid with Makespan = 93
  Total time: 6.7380 seconds
------------------------------------------------------------------
[*] Trying with Upper Bound = 92...
  SAT ! Makespan = 92
  Schedule is valid with Makespan = 92
  Total time: 8.6954 seconds
------------------------------------------------------------------
[*] Trying with Upper Bound = 91...
[runlim] sample:		9.99 time, 10.01 real, 93 MB, 0.88 load
  SAT ! Makespan = 91
  Schedule is valid with Makespan = 91
  Total time: 18.9969 seconds
------------------------------------------------------------------
[*] Trying with Upper Bound = 90...
[runlim] sample:		19.99 time, 20.01 real, 93 MB, 0.90 load
  SAT ! Makespan = 90
  Schedule is valid with Makespan = 90
  Total time: 27.1074 seconds
------------------------------------------------------------------
[*] Trying with Upper Bound = 89...
[runlim] sample:		29.98 time, 30.01 real, 105 MB, 0.91 load
[runlim] sample:		39.99 time, 40.01 real, 104 MB, 0.93 load
[runlim] sample:		49.95 time, 50.01 real, 116 MB, 1.01 load
[runlim] sample:		59.95 time, 60.01 real, 105 MB, 1.01 load
[runlim] sample:		69.95 time, 70.01 real, 111 MB, 1.01 load
[runlim] sample:		79.94 time, 80.01 real, 138 MB, 1.01 load
[runlim] sample:		89.94 time, 90.01 real, 138 MB, 1.00 load
[runlim] sample:		99.94 time, 100.01 real, 138 MB, 1.00 load
[runlim] sample:		109.94 time, 110.01 real, 138 MB, 1.00 load
[runlim] sample:		119.94 time, 120.01 real, 138 MB, 1.00 load
[runlim] sample:		129.94 time, 130.01 real, 138 MB, 1.00 load
[runlim] sample:		139.94 time, 140.01 real, 141 MB, 1.00 load
[runlim] sample:		149.94 time, 150.01 real, 141 MB, 1.00 load
[runlim] sample:		159.94 time, 160.01 real, 142 MB, 1.00 load
[runlim] sample:		169.94 time, 170.01 real, 114 MB, 1.00 load
[runlim] sample:		179.95 time, 180.01 real, 117 MB, 1.00 load
  SAT ! Makespan = 89
  Schedule is valid with Makespan = 89
  Total time: 187.1922 seconds
------------------------------------------------------------------
[*] Trying with Upper Bound = 88...
[runlim] sample:		189.95 time, 190.01 real, 133 MB, 1.00 load
[runlim] sample:		199.95 time, 200.01 real, 145 MB, 1.00 load
[runlim] sample:		209.95 time, 210.01 real, 145 MB, 1.00 load
[runlim] sample:		219.94 time, 220.01 real, 145 MB, 1.00 load
[runlim] sample:		229.94 time, 230.01 real, 149 MB, 1.00 load
[runlim] sample:		239.94 time, 240.01 real, 149 MB, 1.00 load
[runlim] sample:		249.94 time, 250.01 real, 155 MB, 1.00 load
[runlim] sample:		259.94 time, 260.01 real, 155 MB, 1.00 load
[runlim] sample:		269.94 time, 270.01 real, 155 MB, 1.00 load
[runlim] sample:		279.94 time, 280.01 real, 155 MB, 1.00 load
[runlim] sample:		289.93 time, 290.01 real, 155 MB, 1.00 load
[runlim] sample:		299.93 time, 300.01 real, 155 MB, 1.07 load
[runlim] sample:		309.93 time, 310.01 real, 155 MB, 1.06 load
[runlim] sample:		319.92 time, 320.01 real, 155 MB, 1.05 load
[runlim] sample:		329.91 time, 330.01 real, 155 MB, 1.04 load
[runlim] sample:		339.91 time, 340.01 real, 156 MB, 1.04 load
[runlim] sample:		349.91 time, 350.01 real, 156 MB, 1.03 load
[runlim] sample:		359.92 time, 360.01 real, 157 MB, 1.02 load
[runlim] sample:		369.92 time, 370.01 real, 163 MB, 1.02 load
[runlim] sample:		379.92 time, 380.01 real, 163 MB, 1.02 load
[runlim] sample:		389.91 time, 390.01 real, 118 MB, 1.01 load
[runlim] sample:		399.92 time, 400.01 real, 141 MB, 1.01 load
[runlim] sample:		409.91 time, 410.01 real, 165 MB, 1.01 load
[runlim] sample:		419.91 time, 420.01 real, 120 MB, 1.01 load
[runlim] sample:		429.92 time, 430.01 real, 119 MB, 1.01 load
[runlim] sample:		439.92 time, 440.01 real, 143 MB, 1.00 load
[runlim] sample:		449.91 time, 450.01 real, 167 MB, 1.00 load
[runlim] sample:		459.91 time, 460.01 real, 167 MB, 1.00 load
[runlim] sample:		469.91 time, 470.01 real, 172 MB, 1.00 load
[runlim] sample:		479.91 time, 480.01 real, 172 MB, 1.00 load
[runlim] sample:		489.90 time, 490.01 real, 172 MB, 1.00 load
[runlim] sample:		499.90 time, 500.01 real, 172 MB, 1.00 load
[runlim] sample:		509.90 time, 510.01 real, 172 MB, 1.00 load
[runlim] sample:		519.90 time, 520.01 real, 172 MB, 1.00 load
[runlim] sample:		529.90 time, 530.01 real, 172 MB, 1.00 load
[runlim] sample:		539.90 time, 540.01 real, 172 MB, 1.00 load
[runlim] sample:		549.90 time, 550.01 real, 172 MB, 1.00 load
[runlim] sample:		559.90 time, 560.01 real, 172 MB, 1.00 load
[runlim] sample:		569.91 time, 570.01 real, 176 MB, 1.00 load
[runlim] sample:		579.90 time, 580.01 real, 202 MB, 1.00 load
[runlim] sample:		589.90 time, 590.01 real, 202 MB, 1.00 load
[runlim] sample:		599.90 time, 600.01 real, 130 MB, 1.00 load
[runlim] sample:		609.90 time, 610.01 real, 159 MB, 1.00 load
[runlim] sample:		619.90 time, 620.01 real, 183 MB, 1.00 load
[runlim] sample:		629.90 time, 630.01 real, 183 MB, 1.00 load
[runlim] sample:		639.90 time, 640.01 real, 183 MB, 1.00 load
[runlim] sample:		649.90 time, 650.01 real, 186 MB, 1.00 load
[runlim] sample:		659.90 time, 660.01 real, 186 MB, 1.00 load
[runlim] sample:		669.90 time, 670.01 real, 186 MB, 1.00 load
[runlim] sample:		679.90 time, 680.01 real, 186 MB, 1.00 load
[runlim] sample:		689.90 time, 690.01 real, 186 MB, 1.00 load
[runlim] sample:		699.90 time, 700.01 real, 134 MB, 1.00 load
[runlim] sample:		709.89 time, 710.01 real, 147 MB, 1.00 load
[runlim] sample:		719.89 time, 720.01 real, 147 MB, 1.00 load
[runlim] sample:		729.90 time, 730.01 real, 148 MB, 1.00 load
[runlim] sample:		739.90 time, 740.01 real, 148 MB, 1.00 load
[runlim] sample:		749.89 time, 750.01 real, 148 MB, 1.00 load
[runlim] sample:		759.89 time, 760.01 real, 152 MB, 1.00 load
[runlim] sample:		769.89 time, 770.01 real, 152 MB, 1.00 load
[runlim] sample:		779.90 time, 780.01 real, 152 MB, 1.00 load
[runlim] sample:		789.89 time, 790.01 real, 153 MB, 1.00 load
[runlim] sample:		799.89 time, 800.01 real, 153 MB, 1.00 load
[runlim] sample:		809.89 time, 810.01 real, 153 MB, 1.00 load
[runlim] sample:		819.89 time, 820.01 real, 153 MB, 1.00 load
[runlim] sample:		829.88 time, 830.01 real, 153 MB, 1.00 load
[runlim] sample:		839.88 time, 840.01 real, 167 MB, 1.00 load
[runlim] sample:		849.88 time, 850.01 real, 167 MB, 1.00 load
[runlim] sample:		859.89 time, 860.01 real, 167 MB, 1.00 load
[runlim] sample:		869.89 time, 870.01 real, 168 MB, 1.00 load
[runlim] sample:		879.89 time, 880.01 real, 168 MB, 1.00 load
[runlim] sample:		889.88 time, 890.01 real, 168 MB, 1.00 load
[runlim] sample:		899.88 time, 900.01 real, 168 MB, 1.00 load
[runlim] sample:		909.88 time, 910.01 real, 168 MB, 1.00 load
[runlim] sample:		919.88 time, 920.01 real, 168 MB, 1.08 load
[runlim] sample:		929.87 time, 930.01 real, 168 MB, 1.14 load
[runlim] sample:		939.87 time, 940.01 real, 168 MB, 1.12 load
[runlim] sample:		949.88 time, 950.01 real, 169 MB, 1.10 load
[runlim] sample:		959.87 time, 960.01 real, 169 MB, 1.08 load
[runlim] sample:		969.88 time, 970.01 real, 169 MB, 1.07 load
[runlim] sample:		979.87 time, 980.01 real, 169 MB, 1.06 load
[runlim] sample:		989.87 time, 990.01 real, 169 MB, 1.12 load
[runlim] sample:		999.87 time, 1000.01 real, 169 MB, 1.10 load
[runlim] sample:		1009.87 time, 1010.01 real, 169 MB, 1.09 load
[runlim] sample:		1019.87 time, 1020.01 real, 170 MB, 1.07 load
[runlim] sample:		1029.87 time, 1030.01 real, 170 MB, 1.06 load
[runlim] sample:		1039.87 time, 1040.01 real, 170 MB, 1.05 load
[runlim] sample:		1049.87 time, 1050.01 real, 170 MB, 1.04 load
[runlim] sample:		1059.87 time, 1060.01 real, 173 MB, 1.04 load
[runlim] sample:		1069.87 time, 1070.01 real, 171 MB, 1.03 load
[runlim] sample:		1079.87 time, 1080.01 real, 173 MB, 1.02 load
[runlim] sample:		1089.87 time, 1090.01 real, 175 MB, 1.02 load
[runlim] sample:		1099.87 time, 1100.01 real, 178 MB, 1.02 load
[runlim] sample:		1109.87 time, 1110.01 real, 184 MB, 1.01 load
[runlim] sample:		1119.86 time, 1120.01 real, 180 MB, 1.01 load
[runlim] sample:		1129.87 time, 1130.01 real, 177 MB, 1.01 load
[runlim] sample:		1139.86 time, 1140.01 real, 176 MB, 1.01 load
[runlim] sample:		1149.86 time, 1150.01 real, 181 MB, 1.01 load
[runlim] sample:		1159.86 time, 1160.01 real, 180 MB, 1.00 load
[runlim] sample:		1169.87 time, 1170.01 real, 178 MB, 1.00 load
[runlim] sample:		1179.86 time, 1180.01 real, 182 MB, 1.00 load
[runlim] sample:		1189.86 time, 1190.01 real, 185 MB, 1.00 load
[runlim] sample:		1199.86 time, 1200.01 real, 189 MB, 1.00 load
[runlim] sample:		1209.86 time, 1210.01 real, 188 MB, 1.00 load
[runlim] sample:		1219.86 time, 1220.01 real, 187 MB, 1.00 load
[runlim] sample:		1229.86 time, 1230.01 real, 187 MB, 1.00 load
[runlim] sample:		1239.86 time, 1240.01 real, 196 MB, 1.00 load
[runlim] sample:		1249.86 time, 1250.01 real, 191 MB, 1.00 load
[runlim] sample:		1259.86 time, 1260.01 real, 190 MB, 1.00 load
[runlim] sample:		1269.85 time, 1270.01 real, 186 MB, 1.00 load
[runlim] sample:		1279.85 time, 1280.01 real, 190 MB, 1.00 load
[runlim] sample:		1289.86 time, 1290.01 real, 187 MB, 1.00 load
[runlim] sample:		1299.86 time, 1300.01 real, 184 MB, 1.00 load
[runlim] sample:		1309.86 time, 1310.01 real, 180 MB, 1.00 load
[runlim] sample:		1319.86 time, 1320.01 real, 184 MB, 1.00 load
[runlim] sample:		1329.85 time, 1330.01 real, 185 MB, 1.00 load
[runlim] sample:		1339.85 time, 1340.01 real, 186 MB, 1.00 load
[runlim] sample:		1349.86 time, 1350.01 real, 182 MB, 1.00 load
[runlim] sample:		1359.85 time, 1360.01 real, 187 MB, 1.00 load
[runlim] sample:		1369.85 time, 1370.01 real, 191 MB, 1.00 load
[runlim] sample:		1379.85 time, 1380.01 real, 189 MB, 1.00 load
[runlim] sample:		1389.85 time, 1390.01 real, 183 MB, 1.00 load
[runlim] sample:		1399.85 time, 1400.01 real, 184 MB, 1.00 load
[runlim] sample:		1409.85 time, 1410.01 real, 180 MB, 1.00 load
[runlim] sample:		1419.85 time, 1420.01 real, 183 MB, 1.00 load
[runlim] sample:		1429.85 time, 1430.01 real, 181 MB, 1.00 load
[runlim] sample:		1439.85 time, 1440.01 real, 184 MB, 1.00 load
[runlim] sample:		1449.85 time, 1450.01 real, 186 MB, 1.00 load
[runlim] sample:		1459.85 time, 1460.01 real, 190 MB, 1.00 load
[runlim] sample:		1469.85 time, 1470.01 real, 192 MB, 1.00 load
[runlim] sample:		1479.85 time, 1480.01 real, 184 MB, 1.00 load
[runlim] sample:		1489.85 time, 1490.01 real, 185 MB, 1.00 load
[runlim] sample:		1499.85 time, 1500.01 real, 186 MB, 1.00 load
[runlim] sample:		1509.84 time, 1510.01 real, 185 MB, 1.00 load
[runlim] sample:		1519.83 time, 1520.01 real, 182 MB, 1.16 load
[runlim] sample:		1529.84 time, 1530.01 real, 184 MB, 1.13 load
[runlim] sample:		1539.84 time, 1540.01 real, 184 MB, 1.11 load
[runlim] sample:		1549.83 time, 1550.01 real, 186 MB, 1.10 load
[runlim] sample:		1559.84 time, 1560.01 real, 186 MB, 1.08 load
[runlim] sample:		1569.84 time, 1570.01 real, 185 MB, 1.07 load
[runlim] sample:		1579.83 time, 1580.01 real, 185 MB, 1.06 load
[runlim] sample:		1589.83 time, 1590.01 real, 186 MB, 1.05 load
[runlim] sample:		1599.83 time, 1600.01 real, 189 MB, 1.04 load
[runlim] sample:		1609.83 time, 1610.01 real, 188 MB, 1.03 load
[runlim] sample:		1619.83 time, 1620.01 real, 186 MB, 1.03 load
[runlim] sample:		1629.83 time, 1630.01 real, 184 MB, 1.02 load
[runlim] sample:		1639.83 time, 1640.01 real, 183 MB, 1.10 load
[runlim] sample:		1649.83 time, 1650.01 real, 185 MB, 1.08 load
[runlim] sample:		1659.83 time, 1660.01 real, 186 MB, 1.07 load
[runlim] sample:		1669.83 time, 1670.01 real, 186 MB, 1.06 load
[runlim] sample:		1679.83 time, 1680.01 real, 185 MB, 1.05 load
[runlim] sample:		1689.83 time, 1690.01 real, 187 MB, 1.04 load
[runlim] sample:		1699.82 time, 1700.01 real, 188 MB, 1.03 load
[runlim] sample:		1709.83 time, 1710.01 real, 188 MB, 1.03 load
[runlim] sample:		1719.83 time, 1720.01 real, 188 MB, 1.02 load
[runlim] sample:		1729.82 time, 1730.01 real, 186 MB, 1.02 load
[runlim] sample:		1739.83 time, 1740.01 real, 183 MB, 1.02 load
[runlim] sample:		1749.82 time, 1750.01 real, 184 MB, 1.01 load
[runlim] sample:		1759.83 time, 1760.01 real, 183 MB, 1.01 load
[runlim] sample:		1769.82 time, 1770.01 real, 182 MB, 1.01 load
[runlim] sample:		1779.82 time, 1780.01 real, 182 MB, 1.01 load
[runlim] sample:		1789.82 time, 1790.01 real, 181 MB, 1.01 load
[runlim] sample:		1799.82 time, 1800.01 real, 181 MB, 1.08 load
[runlim] sample:		1809.82 time, 1810.01 real, 181 MB, 1.07 load
[runlim] sample:		1819.82 time, 1820.01 real, 181 MB, 1.06 load
[runlim] sample:		1829.82 time, 1830.01 real, 186 MB, 1.05 load
[runlim] sample:		1839.82 time, 1840.01 real, 186 MB, 1.04 load
[runlim] sample:		1849.82 time, 1850.01 real, 188 MB, 1.04 load
[runlim] sample:		1859.82 time, 1860.01 real, 188 MB, 1.03 load
[runlim] sample:		1869.82 time, 1870.01 real, 189 MB, 1.02 load
[runlim] sample:		1879.82 time, 1880.01 real, 189 MB, 1.02 load
[runlim] sample:		1889.82 time, 1890.01 real, 204 MB, 1.02 load
[runlim] sample:		1899.82 time, 1900.01 real, 204 MB, 1.01 load
[runlim] sample:		1909.81 time, 1910.01 real, 245 MB, 1.01 load
[runlim] sample:		1919.81 time, 1920.01 real, 204 MB, 1.01 load
[runlim] sample:		1929.81 time, 1930.01 real, 204 MB, 1.08 load
[runlim] sample:		1939.82 time, 1940.01 real, 205 MB, 1.07 load
[runlim] sample:		1949.81 time, 1950.01 real, 205 MB, 1.06 load
[runlim] sample:		1959.81 time, 1960.01 real, 205 MB, 1.05 load
[runlim] sample:		1969.81 time, 1970.01 real, 205 MB, 1.04 load
[runlim] sample:		1979.81 time, 1980.01 real, 205 MB, 1.03 load
[runlim] sample:		1989.81 time, 1990.01 real, 205 MB, 1.03 load
[runlim] sample:		1999.81 time, 2000.01 real, 205 MB, 1.02 load
[runlim] sample:		2009.81 time, 2010.01 real, 205 MB, 1.02 load
[runlim] sample:		2019.81 time, 2020.01 real, 205 MB, 1.02 load
[runlim] sample:		2029.81 time, 2030.01 real, 206 MB, 1.01 load
[runlim] sample:		2039.81 time, 2040.01 real, 206 MB, 1.01 load
[runlim] sample:		2049.81 time, 2050.01 real, 206 MB, 1.01 load
[runlim] sample:		2059.81 time, 2060.01 real, 206 MB, 1.01 load
[runlim] sample:		2069.81 time, 2070.01 real, 206 MB, 1.00 load
[runlim] sample:		2079.81 time, 2080.01 real, 206 MB, 1.00 load
[runlim] sample:		2089.81 time, 2090.01 real, 206 MB, 1.00 load
[runlim] sample:		2099.81 time, 2100.01 real, 206 MB, 1.00 load
[runlim] sample:		2109.81 time, 2110.01 real, 206 MB, 1.00 load
[runlim] sample:		2119.80 time, 2120.01 real, 207 MB, 1.08 load
[runlim] sample:		2129.80 time, 2130.01 real, 207 MB, 1.07 load
[runlim] sample:		2139.80 time, 2140.01 real, 207 MB, 1.06 load
[runlim] sample:		2149.80 time, 2150.01 real, 207 MB, 1.05 load
[runlim] sample:		2159.79 time, 2160.01 real, 207 MB, 1.04 load
[runlim] sample:		2169.79 time, 2170.01 real, 207 MB, 1.03 load
[runlim] sample:		2179.79 time, 2180.01 real, 207 MB, 1.03 load
[runlim] sample:		2189.79 time, 2190.01 real, 207 MB, 1.02 load
[runlim] sample:		2199.79 time, 2200.01 real, 207 MB, 1.02 load
[runlim] sample:		2209.79 time, 2210.01 real, 208 MB, 1.02 load
[runlim] sample:		2219.79 time, 2220.01 real, 208 MB, 1.01 load
[runlim] sample:		2229.80 time, 2230.01 real, 208 MB, 1.01 load
[runlim] sample:		2239.80 time, 2240.01 real, 208 MB, 1.01 load
[runlim] sample:		2249.80 time, 2250.01 real, 208 MB, 1.01 load
[runlim] sample:		2259.79 time, 2260.01 real, 208 MB, 1.00 load
[runlim] sample:		2269.79 time, 2270.01 real, 208 MB, 1.00 load
[runlim] sample:		2279.79 time, 2280.01 real, 209 MB, 1.00 load
[runlim] sample:		2289.79 time, 2290.01 real, 209 MB, 1.00 load
[runlim] sample:		2299.79 time, 2300.01 real, 209 MB, 1.72 load
[runlim] sample:		2309.79 time, 2310.01 real, 209 MB, 1.61 load
[runlim] sample:		2319.79 time, 2320.01 real, 209 MB, 1.52 load
[runlim] sample:		2329.78 time, 2330.01 real, 209 MB, 1.44 load
[runlim] sample:		2339.78 time, 2340.01 real, 209 MB, 1.37 load
[runlim] sample:		2349.79 time, 2350.01 real, 220 MB, 1.31 load
[runlim] sample:		2359.78 time, 2360.01 real, 220 MB, 1.26 load
[runlim] sample:		2369.78 time, 2370.01 real, 220 MB, 1.22 load
[runlim] sample:		2379.78 time, 2380.01 real, 220 MB, 1.19 load
[runlim] sample:		2389.78 time, 2390.01 real, 220 MB, 1.16 load
[runlim] sample:		2399.78 time, 2400.01 real, 220 MB, 1.13 load
[runlim] sample:		2409.78 time, 2410.01 real, 221 MB, 1.11 load
[runlim] sample:		2419.78 time, 2420.01 real, 221 MB, 1.10 load
[runlim] sample:		2429.78 time, 2430.01 real, 221 MB, 1.15 load
[runlim] sample:		2439.78 time, 2440.01 real, 221 MB, 1.13 load
[runlim] sample:		2449.78 time, 2450.01 real, 221 MB, 1.11 load
[runlim] sample:		2459.78 time, 2460.01 real, 221 MB, 1.09 load
[runlim] sample:		2469.78 time, 2470.01 real, 221 MB, 1.08 load
[runlim] sample:		2479.77 time, 2480.01 real, 221 MB, 1.07 load
[runlim] sample:		2489.77 time, 2490.01 real, 221 MB, 1.06 load
[runlim] sample:		2499.77 time, 2500.01 real, 221 MB, 1.05 load
[runlim] sample:		2509.78 time, 2510.01 real, 221 MB, 1.04 load
[runlim] sample:		2519.78 time, 2520.01 real, 221 MB, 1.03 load
[runlim] sample:		2529.77 time, 2530.01 real, 222 MB, 1.03 load
[runlim] sample:		2539.77 time, 2540.01 real, 222 MB, 1.02 load
[runlim] sample:		2549.77 time, 2550.01 real, 222 MB, 1.02 load
[runlim] sample:		2559.78 time, 2560.01 real, 222 MB, 1.02 load
[runlim] sample:		2569.78 time, 2570.01 real, 222 MB, 1.01 load
[runlim] sample:		2579.77 time, 2580.01 real, 222 MB, 1.01 load
[runlim] sample:		2589.77 time, 2590.01 real, 222 MB, 1.01 load
[runlim] sample:		2599.77 time, 2600.01 real, 222 MB, 1.01 load
[runlim] sample:		2609.77 time, 2610.01 real, 222 MB, 1.00 load
[runlim] sample:		2619.77 time, 2620.01 real, 222 MB, 1.00 load
[runlim] sample:		2629.77 time, 2630.01 real, 222 MB, 1.00 load
[runlim] sample:		2639.77 time, 2640.01 real, 223 MB, 1.00 load
[runlim] sample:		2649.77 time, 2650.01 real, 223 MB, 1.00 load
[runlim] sample:		2659.76 time, 2660.01 real, 223 MB, 1.00 load
[runlim] sample:		2669.76 time, 2670.01 real, 223 MB, 1.00 load
[runlim] sample:		2679.76 time, 2680.01 real, 223 MB, 1.00 load
[runlim] sample:		2689.76 time, 2690.01 real, 223 MB, 1.00 load
[runlim] sample:		2699.76 time, 2700.01 real, 223 MB, 1.00 load
[runlim] sample:		2709.76 time, 2710.01 real, 223 MB, 1.00 load
[runlim] sample:		2719.76 time, 2720.01 real, 223 MB, 1.08 load
[runlim] sample:		2729.76 time, 2730.01 real, 223 MB, 1.07 load
[runlim] sample:		2739.75 time, 2740.01 real, 223 MB, 1.06 load
[runlim] sample:		2749.75 time, 2750.01 real, 223 MB, 1.05 load
[runlim] sample:		2759.75 time, 2760.01 real, 223 MB, 1.04 load
[runlim] sample:		2769.76 time, 2770.01 real, 224 MB, 1.11 load
[runlim] sample:		2779.76 time, 2780.01 real, 224 MB, 1.09 load
[runlim] sample:		2789.76 time, 2790.01 real, 224 MB, 1.08 load
[runlim] sample:		2799.76 time, 2800.01 real, 224 MB, 1.14 load
[runlim] sample:		2809.76 time, 2810.01 real, 224 MB, 1.12 load
[runlim] sample:		2819.76 time, 2820.01 real, 224 MB, 1.10 load
[runlim] sample:		2829.75 time, 2830.01 real, 224 MB, 1.09 load
[runlim] sample:		2839.75 time, 2840.01 real, 224 MB, 1.07 load
[runlim] sample:		2849.75 time, 2850.01 real, 224 MB, 1.06 load
[runlim] sample:		2859.75 time, 2860.01 real, 224 MB, 1.05 load
[runlim] sample:		2869.75 time, 2870.01 real, 224 MB, 1.04 load
[runlim] sample:		2879.75 time, 2880.01 real, 224 MB, 1.04 load
[runlim] sample:		2889.75 time, 2890.01 real, 231 MB, 1.03 load
[runlim] sample:		2899.74 time, 2900.01 real, 231 MB, 1.02 load
[runlim] sample:		2909.75 time, 2910.01 real, 231 MB, 1.02 load
[runlim] sample:		2919.75 time, 2920.01 real, 231 MB, 1.02 load
[runlim] sample:		2929.75 time, 2930.01 real, 231 MB, 1.01 load
[runlim] sample:		2939.75 time, 2940.01 real, 231 MB, 1.01 load
[runlim] sample:		2949.74 time, 2950.01 real, 231 MB, 1.01 load
[runlim] sample:		2959.74 time, 2960.01 real, 232 MB, 1.01 load
[runlim] sample:		2969.74 time, 2970.01 real, 232 MB, 1.01 load
[runlim] sample:		2979.75 time, 2980.01 real, 232 MB, 1.00 load
[runlim] sample:		2989.75 time, 2990.01 real, 232 MB, 1.00 load
[runlim] sample:		2999.75 time, 3000.01 real, 233 MB, 1.00 load
[runlim] sample:		3009.75 time, 3010.01 real, 233 MB, 1.00 load
[runlim] sample:		3019.74 time, 3020.01 real, 233 MB, 1.00 load
[runlim] sample:		3029.74 time, 3030.01 real, 233 MB, 1.00 load
[runlim] sample:		3039.74 time, 3040.01 real, 233 MB, 1.00 load
[runlim] sample:		3049.74 time, 3050.01 real, 233 MB, 1.00 load
[runlim] sample:		3059.74 time, 3060.01 real, 233 MB, 1.00 load
[runlim] sample:		3069.74 time, 3070.01 real, 233 MB, 1.00 load
[runlim] sample:		3079.74 time, 3080.01 real, 233 MB, 1.00 load
[runlim] sample:		3089.74 time, 3090.01 real, 233 MB, 1.00 load
[runlim] sample:		3099.74 time, 3100.01 real, 233 MB, 1.00 load
[runlim] sample:		3109.74 time, 3110.01 real, 233 MB, 1.00 load
[runlim] sample:		3119.74 time, 3120.01 real, 233 MB, 1.00 load
[runlim] sample:		3129.73 time, 3130.01 real, 233 MB, 1.00 load
[runlim] sample:		3139.73 time, 3140.01 real, 233 MB, 1.00 load
[runlim] sample:		3149.73 time, 3150.01 real, 234 MB, 1.00 load
[runlim] sample:		3159.73 time, 3160.01 real, 234 MB, 1.00 load
[runlim] sample:		3169.73 time, 3170.01 real, 234 MB, 1.00 load
[runlim] sample:		3179.73 time, 3180.01 real, 234 MB, 1.00 load
[runlim] sample:		3189.73 time, 3190.01 real, 234 MB, 1.00 load
[runlim] sample:		3199.73 time, 3200.01 real, 234 MB, 1.00 load
[runlim] sample:		3209.73 time, 3210.01 real, 234 MB, 1.00 load
[runlim] sample:		3219.73 time, 3220.01 real, 234 MB, 1.00 load
[runlim] sample:		3229.73 time, 3230.01 real, 234 MB, 1.00 load
[runlim] sample:		3239.72 time, 3240.01 real, 234 MB, 1.00 load
[runlim] sample:		3249.72 time, 3250.01 real, 234 MB, 1.00 load
[runlim] sample:		3259.72 time, 3260.01 real, 234 MB, 1.00 load
[runlim] sample:		3269.72 time, 3270.01 real, 234 MB, 1.00 load
[runlim] sample:		3279.73 time, 3280.01 real, 234 MB, 1.00 load
[runlim] sample:		3289.73 time, 3290.01 real, 234 MB, 1.00 load
[runlim] sample:		3299.73 time, 3300.01 real, 234 MB, 1.00 load
[runlim] sample:		3309.72 time, 3310.01 real, 235 MB, 1.00 load
[runlim] sample:		3319.72 time, 3320.01 real, 235 MB, 1.08 load
[runlim] sample:		3329.72 time, 3330.01 real, 235 MB, 1.07 load
[runlim] sample:		3339.72 time, 3340.01 real, 237 MB, 1.06 load
[runlim] sample:		3349.72 time, 3350.01 real, 237 MB, 1.05 load
[runlim] sample:		3359.72 time, 3360.01 real, 237 MB, 1.04 load
[runlim] sample:		3369.71 time, 3370.01 real, 237 MB, 1.03 load
[runlim] sample:		3379.71 time, 3380.01 real, 237 MB, 1.03 load
[runlim] sample:		3389.71 time, 3390.01 real, 237 MB, 1.02 load
[runlim] sample:		3399.71 time, 3400.01 real, 237 MB, 1.02 load
[runlim] sample:		3409.71 time, 3410.01 real, 237 MB, 1.02 load
[runlim] sample:		3419.71 time, 3420.01 real, 237 MB, 1.01 load
[runlim] sample:		3429.71 time, 3430.01 real, 237 MB, 1.01 load
[runlim] sample:		3439.71 time, 3440.01 real, 237 MB, 1.23 load
[runlim] sample:		3449.71 time, 3450.01 real, 237 MB, 1.19 load
[runlim] sample:		3459.71 time, 3460.01 real, 237 MB, 1.16 load
[runlim] sample:		3469.71 time, 3470.01 real, 250 MB, 1.14 load
[runlim] sample:		3479.71 time, 3480.01 real, 250 MB, 1.12 load
[runlim] sample:		3489.71 time, 3490.01 real, 250 MB, 1.10 load
[runlim] sample:		3499.71 time, 3500.01 real, 250 MB, 1.08 load
[runlim] sample:		3509.70 time, 3510.01 real, 250 MB, 1.07 load
[runlim] sample:		3519.70 time, 3520.01 real, 250 MB, 1.06 load
[runlim] sample:		3529.71 time, 3530.01 real, 250 MB, 1.05 load
[runlim] sample:		3539.71 time, 3540.01 real, 250 MB, 1.04 load
[runlim] sample:		3549.71 time, 3550.01 real, 250 MB, 1.03 load
[runlim] sample:		3559.71 time, 3560.01 real, 250 MB, 1.03 load
[runlim] sample:		3569.70 time, 3570.01 real, 250 MB, 1.02 load
[runlim] sample:		3579.70 time, 3580.01 real, 250 MB, 1.02 load
[runlim] sample:		3589.70 time, 3590.01 real, 250 MB, 1.02 load
[runlim] sample:		3599.71 time, 3600.01 real, 250 MB, 1.01 load
[runlim] sample:		3609.71 time, 3610.01 real, 250 MB, 1.01 load
[runlim] sample:		3619.71 time, 3620.01 real, 250 MB, 1.01 load
[runlim] sample:		3629.70 time, 3630.01 real, 250 MB, 1.01 load
[runlim] sample:		3639.70 time, 3640.01 real, 250 MB, 1.00 load
[runlim] sample:		3649.70 time, 3650.01 real, 250 MB, 1.00 load
[runlim] sample:		3659.70 time, 3660.01 real, 250 MB, 1.00 load
[runlim] sample:		3669.70 time, 3670.01 real, 250 MB, 1.00 load
[runlim] sample:		3679.70 time, 3680.01 real, 250 MB, 1.08 load
[runlim] sample:		3689.70 time, 3690.01 real, 250 MB, 1.06 load
[runlim] sample:		3699.70 time, 3700.01 real, 251 MB, 1.05 load
[runlim] sample:		3709.69 time, 3710.01 real, 251 MB, 1.04 load
[runlim] sample:		3719.69 time, 3720.01 real, 251 MB, 1.04 load
[runlim] sample:		3729.70 time, 3730.01 real, 251 MB, 1.03 load
[runlim] sample:		3739.70 time, 3740.01 real, 251 MB, 1.03 load
[runlim] sample:		3749.70 time, 3750.01 real, 251 MB, 1.02 load
[runlim] sample:		3759.70 time, 3760.01 real, 251 MB, 1.02 load
[runlim] sample:		3769.70 time, 3770.01 real, 251 MB, 1.01 load
[runlim] sample:		3779.70 time, 3780.01 real, 251 MB, 1.01 load
[runlim] sample:		3789.70 time, 3790.01 real, 251 MB, 1.01 load
[runlim] sample:		3799.69 time, 3800.01 real, 252 MB, 1.01 load
[runlim] sample:		3809.69 time, 3810.01 real, 252 MB, 1.01 load
[runlim] sample:		3819.69 time, 3820.01 real, 252 MB, 1.00 load
[runlim] sample:		3829.69 time, 3830.01 real, 252 MB, 1.00 load
[runlim] sample:		3839.69 time, 3840.01 real, 252 MB, 1.00 load
[runlim] sample:		3849.69 time, 3850.01 real, 252 MB, 1.00 load
[runlim] sample:		3859.69 time, 3860.01 real, 252 MB, 1.00 load
[runlim] sample:		3869.69 time, 3870.01 real, 252 MB, 1.00 load
[runlim] sample:		3879.69 time, 3880.01 real, 252 MB, 1.00 load
[runlim] sample:		3889.69 time, 3890.01 real, 252 MB, 1.00 load
[runlim] sample:		3899.69 time, 3900.01 real, 252 MB, 1.00 load
[runlim] sample:		3909.69 time, 3910.01 real, 252 MB, 1.00 load
[runlim] sample:		3919.68 time, 3920.01 real, 252 MB, 1.00 load
[runlim] sample:		3929.68 time, 3930.01 real, 252 MB, 1.07 load
[runlim] sample:		3939.68 time, 3940.01 real, 252 MB, 1.06 load
[runlim] sample:		3949.68 time, 3950.01 real, 252 MB, 1.05 load
[runlim] sample:		3959.68 time, 3960.01 real, 252 MB, 1.04 load
[runlim] sample:		3969.68 time, 3970.01 real, 252 MB, 1.04 load
[runlim] sample:		3979.68 time, 3980.01 real, 252 MB, 1.03 load
[runlim] sample:		3989.68 time, 3990.01 real, 252 MB, 1.02 load
[runlim] sample:		3999.68 time, 4000.01 real, 252 MB, 1.02 load
[runlim] sample:		4009.68 time, 4010.01 real, 252 MB, 1.02 load
[runlim] sample:		4019.68 time, 4020.01 real, 252 MB, 1.01 load
[runlim] sample:		4029.68 time, 4030.01 real, 252 MB, 1.01 load
[runlim] sample:		4039.67 time, 4040.01 real, 252 MB, 1.01 load
[runlim] sample:		4049.68 time, 4050.01 real, 252 MB, 1.01 load
[runlim] sample:		4059.68 time, 4060.01 real, 252 MB, 1.01 load
[runlim] sample:		4069.68 time, 4070.01 real, 252 MB, 1.00 load
[runlim] sample:		4079.67 time, 4080.01 real, 253 MB, 1.00 load
[runlim] sample:		4089.67 time, 4090.01 real, 253 MB, 1.00 load
[runlim] sample:		4099.67 time, 4100.01 real, 253 MB, 1.00 load
[runlim] sample:		4109.68 time, 4110.01 real, 281 MB, 1.00 load
[runlim] sample:		4119.68 time, 4120.01 real, 281 MB, 1.00 load
[runlim] sample:		4129.68 time, 4130.01 real, 281 MB, 1.00 load
[runlim] sample:		4139.67 time, 4140.01 real, 281 MB, 1.00 load
[runlim] sample:		4149.67 time, 4150.01 real, 281 MB, 1.00 load
[runlim] sample:		4159.67 time, 4160.01 real, 281 MB, 1.00 load
[runlim] sample:		4169.67 time, 4170.01 real, 281 MB, 1.00 load
[runlim] sample:		4179.67 time, 4180.01 real, 281 MB, 1.00 load
[runlim] sample:		4189.67 time, 4190.01 real, 281 MB, 1.00 load
[runlim] sample:		4199.67 time, 4200.01 real, 281 MB, 1.00 load
[runlim] sample:		4209.67 time, 4210.01 real, 281 MB, 1.00 load
[runlim] sample:		4219.66 time, 4220.01 real, 281 MB, 1.00 load
[runlim] sample:		4229.66 time, 4230.01 real, 281 MB, 1.00 load
[runlim] sample:		4239.66 time, 4240.01 real, 281 MB, 1.00 load
[runlim] sample:		4249.66 time, 4250.01 real, 281 MB, 1.00 load
[runlim] sample:		4259.66 time, 4260.01 real, 281 MB, 1.00 load
[runlim] sample:		4269.66 time, 4270.01 real, 281 MB, 1.00 load
[runlim] sample:		4279.66 time, 4280.01 real, 281 MB, 1.00 load
[runlim] sample:		4289.66 time, 4290.01 real, 281 MB, 1.00 load
[runlim] sample:		4299.66 time, 4300.01 real, 282 MB, 1.00 load
[runlim] sample:		4309.66 time, 4310.01 real, 282 MB, 1.00 load
[runlim] sample:		4319.66 time, 4320.01 real, 282 MB, 1.00 load
[runlim] sample:		4329.66 time, 4330.01 real, 282 MB, 1.00 load
[runlim] sample:		4339.66 time, 4340.01 real, 282 MB, 1.00 load
[runlim] sample:		4349.65 time, 4350.01 real, 282 MB, 1.00 load
[runlim] sample:		4359.65 time, 4360.01 real, 282 MB, 1.00 load
[runlim] sample:		4369.66 time, 4370.01 real, 282 MB, 1.00 load
[runlim] sample:		4379.65 time, 4380.01 real, 282 MB, 1.00 load
[runlim] sample:		4389.65 time, 4390.01 real, 282 MB, 1.00 load
[runlim] sample:		4399.65 time, 4400.01 real, 282 MB, 1.00 load
[runlim] sample:		4409.65 time, 4410.01 real, 282 MB, 1.00 load
[runlim] sample:		4419.65 time, 4420.01 real, 282 MB, 1.00 load
[runlim] sample:		4429.65 time, 4430.01 real, 282 MB, 1.00 load
[runlim] sample:		4439.66 time, 4440.01 real, 282 MB, 1.00 load
[runlim] sample:		4449.65 time, 4450.01 real, 282 MB, 1.00 load
[runlim] sample:		4459.65 time, 4460.01 real, 282 MB, 1.00 load
[runlim] sample:		4469.65 time, 4470.01 real, 282 MB, 1.00 load
[runlim] sample:		4479.65 time, 4480.01 real, 282 MB, 1.00 load
[runlim] sample:		4489.65 time, 4490.01 real, 282 MB, 1.00 load
[runlim] sample:		4499.65 time, 4500.01 real, 282 MB, 1.00 load
[runlim] sample:		4509.65 time, 4510.01 real, 282 MB, 1.00 load
[runlim] sample:		4519.64 time, 4520.01 real, 283 MB, 1.00 load
[runlim] sample:		4529.64 time, 4530.01 real, 283 MB, 1.00 load
[runlim] sample:		4539.64 time, 4540.01 real, 283 MB, 1.00 load
[runlim] sample:		4549.64 time, 4550.01 real, 283 MB, 1.00 load
[runlim] sample:		4559.64 time, 4560.01 real, 283 MB, 1.00 load
[runlim] sample:		4569.64 time, 4570.01 real, 283 MB, 1.00 load
[runlim] sample:		4579.64 time, 4580.01 real, 283 MB, 1.00 load
[runlim] sample:		4589.64 time, 4590.01 real, 283 MB, 1.15 load
[runlim] sample:		4599.63 time, 4600.01 real, 283 MB, 1.12 load
[runlim] sample:		4609.63 time, 4610.01 real, 283 MB, 1.10 load
[runlim] sample:		4619.63 time, 4620.01 real, 283 MB, 1.09 load
[runlim] sample:		4629.63 time, 4630.01 real, 283 MB, 1.07 load
[runlim] sample:		4639.63 time, 4640.01 real, 283 MB, 1.06 load
[runlim] sample:		4649.63 time, 4650.01 real, 283 MB, 1.05 load
[runlim] sample:		4659.63 time, 4660.01 real, 283 MB, 1.04 load
[runlim] sample:		4669.63 time, 4670.01 real, 283 MB, 1.04 load
[runlim] sample:		4679.62 time, 4680.01 real, 284 MB, 1.03 load
[runlim] sample:		4689.62 time, 4690.01 real, 284 MB, 1.02 load
[runlim] sample:		4699.62 time, 4700.01 real, 284 MB, 1.02 load
[runlim] sample:		4709.63 time, 4710.01 real, 284 MB, 1.02 load
[runlim] sample:		4719.62 time, 4720.01 real, 284 MB, 1.01 load
[runlim] sample:		4729.62 time, 4730.01 real, 284 MB, 1.01 load
[runlim] sample:		4739.62 time, 4740.01 real, 284 MB, 1.01 load
[runlim] sample:		4749.63 time, 4750.01 real, 284 MB, 1.01 load
[runlim] sample:		4759.62 time, 4760.01 real, 284 MB, 1.01 load
[runlim] sample:		4769.62 time, 4770.01 real, 284 MB, 1.00 load
[runlim] sample:		4779.62 time, 4780.01 real, 284 MB, 1.00 load
[runlim] sample:		4789.63 time, 4790.01 real, 288 MB, 1.00 load
[runlim] sample:		4799.63 time, 4800.01 real, 288 MB, 1.00 load
[runlim] sample:		4809.63 time, 4810.01 real, 288 MB, 1.00 load
[runlim] sample:		4819.63 time, 4820.01 real, 288 MB, 1.00 load
[runlim] sample:		4829.62 time, 4830.01 real, 288 MB, 1.00 load
[runlim] sample:		4839.62 time, 4840.01 real, 288 MB, 1.00 load
[runlim] sample:		4849.62 time, 4850.01 real, 288 MB, 1.00 load
[runlim] sample:		4859.62 time, 4860.01 real, 288 MB, 1.00 load
[runlim] sample:		4869.62 time, 4870.01 real, 288 MB, 1.00 load
[runlim] sample:		4879.62 time, 4880.01 real, 288 MB, 1.00 load
[runlim] sample:		4889.62 time, 4890.01 real, 288 MB, 1.00 load
[runlim] sample:		4899.62 time, 4900.01 real, 288 MB, 1.00 load
[runlim] sample:		4909.61 time, 4910.01 real, 288 MB, 1.00 load
[runlim] sample:		4919.61 time, 4920.01 real, 288 MB, 1.00 load
[runlim] sample:		4929.61 time, 4930.01 real, 288 MB, 1.00 load
[runlim] sample:		4939.61 time, 4940.01 real, 288 MB, 1.00 load
[runlim] sample:		4949.61 time, 4950.01 real, 289 MB, 1.00 load
[runlim] sample:		4959.61 time, 4960.01 real, 289 MB, 1.00 load
[runlim] sample:		4969.61 time, 4970.01 real, 289 MB, 1.00 load
[runlim] sample:		4979.61 time, 4980.01 real, 289 MB, 1.00 load
[runlim] sample:		4989.61 time, 4990.01 real, 289 MB, 1.00 load
[runlim] sample:		4999.61 time, 5000.01 real, 289 MB, 1.00 load
[runlim] sample:		5009.61 time, 5010.01 real, 289 MB, 1.00 load
[runlim] sample:		5019.61 time, 5020.01 real, 289 MB, 1.00 load
[runlim] sample:		5029.62 time, 5030.01 real, 289 MB, 1.00 load
[runlim] sample:		5039.62 time, 5040.01 real, 289 MB, 1.00 load
[runlim] sample:		5049.61 time, 5050.01 real, 289 MB, 1.00 load
[runlim] sample:		5059.61 time, 5060.01 real, 289 MB, 1.00 load
[runlim] sample:		5069.61 time, 5070.01 real, 289 MB, 1.00 load
[runlim] sample:		5079.61 time, 5080.01 real, 289 MB, 1.00 load
[runlim] sample:		5089.61 time, 5090.01 real, 289 MB, 1.00 load
[runlim] sample:		5099.61 time, 5100.01 real, 289 MB, 1.00 load
[runlim] sample:		5109.61 time, 5110.01 real, 289 MB, 1.00 load
[runlim] sample:		5119.60 time, 5120.01 real, 289 MB, 1.00 load
[runlim] sample:		5129.60 time, 5130.01 real, 289 MB, 1.00 load
[runlim] sample:		5139.60 time, 5140.01 real, 289 MB, 1.00 load
[runlim] sample:		5149.60 time, 5150.01 real, 289 MB, 1.00 load
[runlim] sample:		5159.60 time, 5160.01 real, 289 MB, 1.00 load
[runlim] sample:		5169.60 time, 5170.01 real, 289 MB, 1.00 load
[runlim] sample:		5179.60 time, 5180.01 real, 289 MB, 1.00 load
[runlim] sample:		5189.59 time, 5190.01 real, 290 MB, 1.00 load
[runlim] sample:		5199.59 time, 5200.01 real, 290 MB, 1.00 load
[runlim] sample:		5209.59 time, 5210.01 real, 290 MB, 1.00 load
[runlim] sample:		5219.59 time, 5220.01 real, 290 MB, 1.00 load
[runlim] sample:		5229.59 time, 5230.01 real, 290 MB, 1.08 load
[runlim] sample:		5239.60 time, 5240.01 real, 290 MB, 1.07 load
[runlim] sample:		5249.60 time, 5250.01 real, 290 MB, 1.06 load
[runlim] sample:		5259.60 time, 5260.01 real, 290 MB, 1.05 load
[runlim] sample:		5269.60 time, 5270.01 real, 290 MB, 1.04 load
[runlim] sample:		5279.59 time, 5280.01 real, 290 MB, 1.03 load
[runlim] sample:		5289.59 time, 5290.01 real, 290 MB, 1.03 load
[runlim] sample:		5299.59 time, 5300.01 real, 290 MB, 1.02 load
[runlim] sample:		5309.59 time, 5310.01 real, 290 MB, 1.02 load
[runlim] sample:		5319.59 time, 5320.01 real, 290 MB, 1.02 load
[runlim] sample:		5329.59 time, 5330.01 real, 290 MB, 1.01 load
[runlim] sample:		5339.59 time, 5340.01 real, 290 MB, 1.01 load
[runlim] sample:		5349.59 time, 5350.01 real, 290 MB, 1.01 load
[runlim] sample:		5359.59 time, 5360.01 real, 290 MB, 1.01 load
[runlim] sample:		5369.59 time, 5370.01 real, 290 MB, 1.00 load
[runlim] sample:		5379.59 time, 5380.01 real, 290 MB, 1.00 load
[runlim] sample:		5389.59 time, 5390.01 real, 290 MB, 1.00 load
[runlim] sample:		5399.59 time, 5400.01 real, 290 MB, 1.00 load
[runlim] sample:		5409.59 time, 5410.01 real, 290 MB, 1.00 load
[runlim] sample:		5419.59 time, 5420.01 real, 290 MB, 1.00 load
[runlim] sample:		5429.59 time, 5430.01 real, 290 MB, 1.00 load
[runlim] sample:		5439.59 time, 5440.01 real, 290 MB, 1.00 load
[runlim] sample:		5449.59 time, 5450.01 real, 291 MB, 1.16 load
[runlim] sample:		5459.58 time, 5460.01 real, 291 MB, 1.13 load
[runlim] sample:		5469.58 time, 5470.01 real, 291 MB, 1.11 load
[runlim] sample:		5479.58 time, 5480.01 real, 291 MB, 1.10 load
[runlim] sample:		5489.58 time, 5490.01 real, 291 MB, 1.15 load
[runlim] sample:		5499.58 time, 5500.01 real, 291 MB, 1.13 load
[runlim] sample:		5509.58 time, 5510.01 real, 291 MB, 1.11 load
[runlim] sample:		5519.58 time, 5520.01 real, 291 MB, 1.09 load
[runlim] sample:		5529.58 time, 5530.01 real, 291 MB, 1.08 load
[runlim] sample:		5539.58 time, 5540.01 real, 291 MB, 1.07 load
[runlim] sample:		5549.58 time, 5550.01 real, 291 MB, 1.06 load
[runlim] sample:		5559.58 time, 5560.01 real, 291 MB, 1.05 load
[runlim] sample:		5569.58 time, 5570.01 real, 291 MB, 1.04 load
[runlim] sample:		5579.58 time, 5580.01 real, 291 MB, 1.03 load
[runlim] sample:		5589.58 time, 5590.01 real, 291 MB, 1.03 load
[runlim] sample:		5599.58 time, 5600.01 real, 291 MB, 1.02 load
[runlim] sample:		5609.58 time, 5610.01 real, 291 MB, 1.02 load
[runlim] sample:		5619.58 time, 5620.01 real, 291 MB, 1.02 load
[runlim] sample:		5629.58 time, 5630.01 real, 291 MB, 1.01 load
[runlim] sample:		5639.57 time, 5640.01 real, 300 MB, 1.01 load
[runlim] sample:		5649.57 time, 5650.01 real, 300 MB, 1.01 load
[runlim] sample:		5659.57 time, 5660.01 real, 306 MB, 1.01 load
[runlim] sample:		5669.57 time, 5670.01 real, 306 MB, 1.00 load
[runlim] sample:		5679.58 time, 5680.01 real, 295 MB, 1.00 load
[runlim] sample:		5689.58 time, 5690.01 real, 295 MB, 1.00 load
[runlim] sample:		5699.57 time, 5700.01 real, 297 MB, 1.00 load
[runlim] sample:		5709.57 time, 5710.01 real, 297 MB, 1.00 load
[runlim] sample:		5719.57 time, 5720.01 real, 312 MB, 1.00 load
[runlim] sample:		5729.57 time, 5730.01 real, 320 MB, 1.00 load
[runlim] sample:		5739.56 time, 5740.01 real, 307 MB, 1.00 load
[runlim] sample:		5749.56 time, 5750.01 real, 307 MB, 1.00 load
[runlim] sample:		5759.56 time, 5760.01 real, 302 MB, 1.00 load
[runlim] sample:		5769.56 time, 5770.01 real, 304 MB, 1.00 load
[runlim] sample:		5779.56 time, 5780.01 real, 304 MB, 1.00 load
[runlim] sample:		5789.56 time, 5790.01 real, 307 MB, 1.00 load
[runlim] sample:		5799.56 time, 5800.01 real, 306 MB, 1.08 load
[runlim] sample:		5809.56 time, 5810.01 real, 306 MB, 1.07 load
[runlim] sample:		5819.56 time, 5820.01 real, 305 MB, 1.06 load
[runlim] sample:		5829.56 time, 5830.01 real, 305 MB, 1.05 load
[runlim] sample:		5839.55 time, 5840.01 real, 313 MB, 1.04 load
[runlim] sample:		5849.56 time, 5850.01 real, 304 MB, 1.03 load
[runlim] sample:		5859.56 time, 5860.01 real, 304 MB, 1.03 load
[runlim] sample:		5869.56 time, 5870.01 real, 304 MB, 1.02 load
[runlim] sample:		5879.56 time, 5880.01 real, 304 MB, 1.02 load
[runlim] sample:		5889.56 time, 5890.01 real, 310 MB, 1.02 load
[runlim] sample:		5899.55 time, 5900.01 real, 312 MB, 1.01 load
[runlim] sample:		5909.55 time, 5910.01 real, 309 MB, 1.01 load
[runlim] sample:		5919.55 time, 5920.01 real, 309 MB, 1.01 load
[runlim] sample:		5929.56 time, 5930.01 real, 314 MB, 1.08 load
[runlim] sample:		5939.56 time, 5940.01 real, 314 MB, 1.07 load
[runlim] sample:		5949.55 time, 5950.01 real, 322 MB, 1.06 load
[runlim] sample:		5959.55 time, 5960.01 real, 309 MB, 1.05 load
[runlim] sample:		5969.55 time, 5970.01 real, 309 MB, 1.04 load
[runlim] sample:		5979.55 time, 5980.01 real, 306 MB, 1.03 load
[runlim] sample:		5989.55 time, 5990.01 real, 306 MB, 1.03 load
[runlim] sample:		5999.55 time, 6000.01 real, 305 MB, 1.02 load
[runlim] sample:		6009.55 time, 6010.01 real, 309 MB, 1.02 load
[runlim] sample:		6019.55 time, 6020.01 real, 309 MB, 1.02 load
[runlim] sample:		6029.55 time, 6030.01 real, 306 MB, 1.01 load
[runlim] sample:		6039.55 time, 6040.01 real, 306 MB, 1.01 load
[runlim] sample:		6049.55 time, 6050.01 real, 303 MB, 1.01 load
[runlim] sample:		6059.54 time, 6060.01 real, 303 MB, 1.01 load
[runlim] sample:		6069.55 time, 6070.01 real, 307 MB, 1.00 load
[runlim] sample:		6079.55 time, 6080.01 real, 307 MB, 1.00 load
[runlim] sample:		6089.55 time, 6090.01 real, 309 MB, 1.00 load
[runlim] sample:		6099.54 time, 6100.01 real, 309 MB, 1.00 load
[runlim] sample:		6109.54 time, 6110.01 real, 312 MB, 1.08 load
[runlim] sample:		6119.55 time, 6120.01 real, 308 MB, 1.07 load
[runlim] sample:		6129.55 time, 6130.01 real, 308 MB, 1.06 load
[runlim] sample:		6139.54 time, 6140.01 real, 305 MB, 1.05 load
[runlim] sample:		6149.54 time, 6150.01 real, 305 MB, 1.04 load
[runlim] sample:		6159.54 time, 6160.01 real, 309 MB, 1.03 load
[runlim] sample:		6169.54 time, 6170.01 real, 308 MB, 1.03 load
[runlim] sample:		6179.54 time, 6180.01 real, 308 MB, 1.02 load
[runlim] sample:		6189.54 time, 6190.01 real, 311 MB, 1.02 load
[runlim] sample:		6199.54 time, 6200.01 real, 311 MB, 1.02 load
[runlim] sample:		6209.55 time, 6210.01 real, 302 MB, 1.01 load
[runlim] sample:		6219.54 time, 6220.01 real, 302 MB, 1.01 load
[runlim] sample:		6229.54 time, 6230.01 real, 317 MB, 1.01 load
[runlim] sample:		6239.54 time, 6240.01 real, 314 MB, 1.01 load
[runlim] sample:		6249.54 time, 6250.01 real, 314 MB, 1.00 load
[runlim] sample:		6259.54 time, 6260.01 real, 312 MB, 1.00 load
[runlim] sample:		6269.54 time, 6270.01 real, 312 MB, 1.00 load
[runlim] sample:		6279.54 time, 6280.01 real, 319 MB, 1.00 load
[runlim] sample:		6289.54 time, 6290.01 real, 319 MB, 1.00 load
[runlim] sample:		6299.54 time, 6300.01 real, 315 MB, 1.00 load
[runlim] sample:		6309.54 time, 6310.01 real, 315 MB, 1.00 load
[runlim] sample:		6319.53 time, 6320.01 real, 311 MB, 1.00 load
[runlim] sample:		6329.53 time, 6330.01 real, 311 MB, 1.00 load
[runlim] sample:		6339.53 time, 6340.01 real, 308 MB, 1.00 load
[runlim] sample:		6349.53 time, 6350.01 real, 306 MB, 1.00 load
[runlim] sample:		6359.53 time, 6360.01 real, 306 MB, 1.00 load
[runlim] sample:		6369.53 time, 6370.01 real, 312 MB, 1.00 load
[runlim] sample:		6379.53 time, 6380.01 real, 312 MB, 1.00 load
[runlim] sample:		6389.52 time, 6390.01 real, 318 MB, 1.00 load
[runlim] sample:		6399.52 time, 6400.01 real, 318 MB, 1.00 load
[runlim] sample:		6409.53 time, 6410.01 real, 321 MB, 1.00 load
[runlim] sample:		6419.53 time, 6420.01 real, 321 MB, 1.00 load
[runlim] sample:		6429.53 time, 6430.01 real, 313 MB, 1.00 load
[runlim] sample:		6439.53 time, 6440.01 real, 307 MB, 1.00 load
[runlim] sample:		6449.53 time, 6450.01 real, 307 MB, 1.00 load
[runlim] sample:		6459.53 time, 6460.01 real, 316 MB, 1.00 load
[runlim] sample:		6469.53 time, 6470.01 real, 316 MB, 1.00 load
[runlim] sample:		6479.52 time, 6480.01 real, 310 MB, 1.00 load
[runlim] sample:		6489.52 time, 6490.01 real, 310 MB, 1.00 load
[runlim] sample:		6499.53 time, 6500.01 real, 304 MB, 1.00 load
[runlim] sample:		6509.53 time, 6510.01 real, 304 MB, 1.00 load
[runlim] sample:		6519.52 time, 6520.01 real, 305 MB, 1.00 load
[runlim] sample:		6529.52 time, 6530.01 real, 305 MB, 1.00 load
[runlim] sample:		6539.52 time, 6540.01 real, 312 MB, 1.00 load
[runlim] sample:		6549.53 time, 6550.01 real, 316 MB, 1.08 load
[runlim] sample:		6559.52 time, 6560.01 real, 316 MB, 1.07 load
[runlim] sample:		6569.52 time, 6570.01 real, 312 MB, 1.06 load
[runlim] sample:		6579.52 time, 6580.01 real, 312 MB, 1.05 load
[runlim] sample:		6589.52 time, 6590.01 real, 315 MB, 1.04 load
[runlim] sample:		6599.52 time, 6600.01 real, 315 MB, 1.03 load
[runlim] sample:		6609.52 time, 6610.01 real, 315 MB, 1.03 load
[runlim] sample:		6619.52 time, 6620.01 real, 309 MB, 1.02 load
[runlim] sample:		6629.52 time, 6630.01 real, 309 MB, 1.02 load
[runlim] sample:		6639.52 time, 6640.01 real, 314 MB, 1.02 load
[runlim] sample:		6649.52 time, 6650.01 real, 314 MB, 1.01 load
[runlim] sample:		6659.51 time, 6660.01 real, 314 MB, 1.01 load
[runlim] sample:		6669.51 time, 6670.01 real, 314 MB, 1.01 load
[runlim] sample:		6679.52 time, 6680.01 real, 306 MB, 1.01 load
[runlim] sample:		6689.52 time, 6690.01 real, 306 MB, 1.00 load
[runlim] sample:		6699.52 time, 6700.01 real, 305 MB, 1.00 load
[runlim] sample:		6709.52 time, 6710.01 real, 305 MB, 1.00 load
[runlim] sample:		6719.52 time, 6720.01 real, 307 MB, 1.00 load
[runlim] sample:		6729.52 time, 6730.01 real, 307 MB, 1.00 load
[runlim] sample:		6739.51 time, 6740.01 real, 309 MB, 1.00 load
[runlim] sample:		6749.52 time, 6750.01 real, 384 MB, 1.00 load
[runlim] sample:		6759.52 time, 6760.01 real, 312 MB, 1.00 load
[runlim] sample:		6769.52 time, 6770.01 real, 312 MB, 1.00 load
[runlim] sample:		6779.51 time, 6780.01 real, 312 MB, 1.00 load
[runlim] sample:		6789.51 time, 6790.01 real, 312 MB, 1.00 load
[runlim] sample:		6799.51 time, 6800.01 real, 315 MB, 1.00 load
[runlim] sample:		6809.51 time, 6810.01 real, 315 MB, 1.00 load
[runlim] sample:		6819.51 time, 6820.01 real, 316 MB, 1.00 load
[runlim] sample:		6829.51 time, 6830.01 real, 316 MB, 1.00 load
[runlim] sample:		6839.51 time, 6840.01 real, 316 MB, 1.00 load
[runlim] sample:		6849.51 time, 6850.01 real, 314 MB, 1.00 load
[runlim] sample:		6859.51 time, 6860.01 real, 314 MB, 1.00 load
[runlim] sample:		6869.51 time, 6870.01 real, 314 MB, 1.00 load
[runlim] sample:		6879.51 time, 6880.01 real, 314 MB, 1.00 load
[runlim] sample:		6889.51 time, 6890.01 real, 320 MB, 1.00 load
[runlim] sample:		6899.51 time, 6900.01 real, 320 MB, 1.00 load
[runlim] sample:		6909.50 time, 6910.01 real, 317 MB, 1.00 load
[runlim] sample:		6919.50 time, 6920.01 real, 317 MB, 1.00 load
[runlim] sample:		6929.50 time, 6930.01 real, 317 MB, 1.08 load
[runlim] sample:		6939.50 time, 6940.01 real, 317 MB, 1.07 load
[runlim] sample:		6949.50 time, 6950.01 real, 321 MB, 1.06 load
[runlim] sample:		6959.50 time, 6960.01 real, 321 MB, 1.05 load
[runlim] sample:		6969.50 time, 6970.01 real, 319 MB, 1.04 load
[runlim] sample:		6979.50 time, 6980.01 real, 319 MB, 1.03 load
[runlim] sample:		6989.50 time, 6990.01 real, 319 MB, 1.03 load
[runlim] sample:		6999.50 time, 7000.01 real, 315 MB, 1.02 load
[runlim] sample:		7009.50 time, 7010.01 real, 315 MB, 1.02 load
[runlim] sample:		7019.50 time, 7020.01 real, 315 MB, 1.02 load
[runlim] sample:		7029.50 time, 7030.01 real, 315 MB, 1.01 load
[runlim] sample:		7039.49 time, 7040.01 real, 319 MB, 1.01 load
[runlim] sample:		7049.49 time, 7050.01 real, 319 MB, 1.01 load
[runlim] sample:		7059.49 time, 7060.01 real, 319 MB, 1.01 load
[runlim] sample:		7069.50 time, 7070.01 real, 319 MB, 1.00 load
[runlim] sample:		7079.50 time, 7080.01 real, 319 MB, 1.00 load
[runlim] sample:		7089.50 time, 7090.01 real, 319 MB, 1.00 load
[runlim] sample:		7099.50 time, 7100.01 real, 321 MB, 1.00 load
[runlim] sample:		7109.50 time, 7110.01 real, 321 MB, 1.00 load
[runlim] sample:		7119.50 time, 7120.01 real, 321 MB, 1.00 load
[runlim] sample:		7129.50 time, 7130.01 real, 321 MB, 1.00 load
[runlim] sample:		7139.50 time, 7140.01 real, 321 MB, 1.00 load
[runlim] sample:		7149.49 time, 7150.01 real, 323 MB, 1.00 load
[runlim] sample:		7159.49 time, 7160.01 real, 323 MB, 1.00 load
[runlim] sample:		7169.49 time, 7170.01 real, 320 MB, 1.00 load
[runlim] sample:		7179.49 time, 7180.01 real, 320 MB, 1.00 load
[runlim] sample:		7189.49 time, 7190.01 real, 320 MB, 1.00 load
[runlim] sample:		7199.49 time, 7200.01 real, 318 MB, 1.00 load
[runlim] sample:		7209.49 time, 7210.01 real, 318 MB, 1.00 load
[runlim] sample:		7219.48 time, 7220.01 real, 319 MB, 1.00 load
[runlim] sample:		7229.48 time, 7230.01 real, 319 MB, 1.00 load
[runlim] sample:		7239.49 time, 7240.01 real, 324 MB, 1.00 load
[runlim] sample:		7249.49 time, 7250.01 real, 324 MB, 1.00 load
[runlim] sample:		7259.49 time, 7260.01 real, 327 MB, 1.00 load
[runlim] sample:		7269.49 time, 7270.01 real, 327 MB, 1.00 load
[runlim] sample:		7279.49 time, 7280.01 real, 319 MB, 1.00 load
[runlim] sample:		7289.49 time, 7290.01 real, 319 MB, 1.00 load
[runlim] sample:		7299.48 time, 7300.01 real, 330 MB, 1.00 load
[runlim] sample:		7309.48 time, 7310.01 real, 330 MB, 1.00 load
[runlim] sample:		7319.48 time, 7320.01 real, 330 MB, 1.00 load
[runlim] sample:		7329.48 time, 7330.01 real, 332 MB, 1.00 load
[runlim] sample:		7339.48 time, 7340.01 real, 332 MB, 1.00 load
[runlim] sample:		7349.48 time, 7350.01 real, 327 MB, 1.00 load
[runlim] sample:		7359.48 time, 7360.01 real, 327 MB, 1.00 load
[runlim] sample:		7369.48 time, 7370.01 real, 327 MB, 1.00 load
[runlim] sample:		7379.48 time, 7380.01 real, 328 MB, 1.00 load
[runlim] sample:		7389.48 time, 7390.01 real, 328 MB, 1.00 load
[runlim] sample:		7399.48 time, 7400.01 real, 322 MB, 1.00 load
[runlim] sample:		7409.48 time, 7410.01 real, 318 MB, 1.00 load
[runlim] sample:		7419.48 time, 7420.01 real, 318 MB, 1.00 load
[runlim] sample:		7429.48 time, 7430.01 real, 318 MB, 1.00 load
[runlim] sample:		7439.48 time, 7440.01 real, 316 MB, 1.00 load
[runlim] sample:		7449.47 time, 7450.01 real, 316 MB, 1.00 load
[runlim] sample:		7459.48 time, 7460.01 real, 310 MB, 1.00 load
[runlim] sample:		7469.48 time, 7470.01 real, 310 MB, 1.00 load
[runlim] sample:		7479.48 time, 7480.01 real, 315 MB, 1.00 load
[runlim] sample:		7489.48 time, 7490.01 real, 315 MB, 1.00 load
[runlim] sample:		7499.48 time, 7500.01 real, 316 MB, 1.00 load
[runlim] sample:		7509.48 time, 7510.01 real, 316 MB, 1.00 load
[runlim] sample:		7519.47 time, 7520.01 real, 318 MB, 1.00 load
[runlim] sample:		7529.47 time, 7530.01 real, 397 MB, 1.00 load
[runlim] sample:		7539.47 time, 7540.01 real, 316 MB, 1.00 load
[runlim] sample:		7549.47 time, 7550.01 real, 313 MB, 1.00 load
[runlim] sample:		7559.47 time, 7560.01 real, 313 MB, 1.00 load
[runlim] sample:		7569.47 time, 7570.01 real, 313 MB, 1.00 load
[runlim] sample:		7579.46 time, 7580.01 real, 319 MB, 1.00 load
[runlim] sample:		7589.46 time, 7590.01 real, 319 MB, 1.00 load
[runlim] sample:		7599.47 time, 7600.01 real, 319 MB, 1.00 load
[runlim] sample:		7609.47 time, 7610.01 real, 319 MB, 1.00 load
[runlim] sample:		7619.46 time, 7620.01 real, 313 MB, 1.00 load
[runlim] sample:		7629.46 time, 7630.01 real, 313 MB, 1.00 load
[runlim] sample:		7639.46 time, 7640.01 real, 316 MB, 1.00 load
[runlim] sample:		7649.46 time, 7650.01 real, 316 MB, 1.00 load
[runlim] sample:		7659.46 time, 7660.01 real, 317 MB, 1.00 load
[runlim] sample:		7669.46 time, 7670.01 real, 317 MB, 1.00 load
[runlim] sample:		7679.46 time, 7680.01 real, 325 MB, 1.00 load
[runlim] sample:		7689.46 time, 7690.01 real, 325 MB, 1.00 load
[runlim] sample:		7699.46 time, 7700.01 real, 328 MB, 1.00 load
[runlim] sample:		7709.46 time, 7710.01 real, 328 MB, 1.00 load
[runlim] sample:		7719.46 time, 7720.01 real, 320 MB, 1.00 load
[runlim] sample:		7729.46 time, 7730.01 real, 320 MB, 1.00 load
[runlim] sample:		7739.46 time, 7740.01 real, 320 MB, 1.00 load
[runlim] sample:		7749.46 time, 7750.01 real, 320 MB, 1.00 load
[runlim] sample:		7759.45 time, 7760.01 real, 320 MB, 1.00 load
[runlim] sample:		7769.45 time, 7770.01 real, 320 MB, 1.00 load
[runlim] sample:		7779.46 time, 7780.01 real, 319 MB, 1.00 load
[runlim] sample:		7789.46 time, 7790.01 real, 319 MB, 1.00 load
[runlim] sample:		7799.46 time, 7800.01 real, 319 MB, 1.00 load
[runlim] sample:		7809.46 time, 7810.01 real, 319 MB, 1.00 load
[runlim] sample:		7819.46 time, 7820.01 real, 319 MB, 1.00 load
[runlim] sample:		7829.46 time, 7830.01 real, 319 MB, 1.00 load
[runlim] sample:		7839.46 time, 7840.01 real, 325 MB, 1.00 load
[runlim] sample:		7849.45 time, 7850.01 real, 329 MB, 1.00 load
[runlim] sample:		7859.45 time, 7860.01 real, 329 MB, 1.00 load
[runlim] sample:		7869.45 time, 7870.01 real, 329 MB, 1.00 load
[runlim] sample:		7879.45 time, 7880.01 real, 334 MB, 1.00 load
[runlim] sample:		7889.45 time, 7890.01 real, 334 MB, 1.00 load
[runlim] sample:		7899.45 time, 7900.01 real, 308 MB, 1.00 load
[runlim] sample:		7909.45 time, 7910.01 real, 308 MB, 1.00 load
[runlim] sample:		7919.45 time, 7920.01 real, 312 MB, 1.00 load
[runlim] sample:		7929.45 time, 7930.01 real, 312 MB, 1.72 load
[runlim] sample:		7939.45 time, 7940.01 real, 318 MB, 1.61 load
[runlim] sample:		7949.45 time, 7950.01 real, 318 MB, 1.52 load
[runlim] sample:		7959.45 time, 7960.01 real, 316 MB, 1.44 load
[runlim] sample:		7969.45 time, 7970.01 real, 316 MB, 1.37 load
[runlim] sample:		7979.45 time, 7980.01 real, 317 MB, 1.31 load
[runlim] sample:		7989.45 time, 7990.01 real, 317 MB, 1.26 load
[runlim] sample:		7999.45 time, 8000.01 real, 319 MB, 1.22 load
[runlim] sample:		8009.45 time, 8010.01 real, 319 MB, 1.19 load
[runlim] sample:		8019.45 time, 8020.01 real, 321 MB, 1.16 load
[runlim] sample:		8029.45 time, 8030.01 real, 321 MB, 1.13 load
[runlim] sample:		8039.44 time, 8040.01 real, 331 MB, 1.11 load
[runlim] sample:		8049.44 time, 8050.01 real, 331 MB, 1.10 load
[runlim] sample:		8059.44 time, 8060.01 real, 331 MB, 1.08 load
[runlim] sample:		8069.45 time, 8070.01 real, 320 MB, 1.07 load
[runlim] sample:		8079.45 time, 8080.01 real, 320 MB, 1.06 load
[runlim] sample:		8089.45 time, 8090.01 real, 314 MB, 1.05 load
[runlim] sample:		8099.45 time, 8100.01 real, 314 MB, 1.04 load
[runlim] sample:		8109.44 time, 8110.01 real, 315 MB, 1.03 load
[runlim] sample:		8119.44 time, 8120.01 real, 315 MB, 1.11 load
[runlim] sample:		8129.44 time, 8130.01 real, 316 MB, 1.09 load
[runlim] sample:		8139.44 time, 8140.01 real, 316 MB, 1.08 load
  SAT ! Makespan = 88
  Schedule is valid with Makespan = 88
  Total time: 8144.6838 seconds
------------------------------------------------------------------
[*] Trying with Upper Bound = 87...
[runlim] sample:		8149.45 time, 8150.01 real, 323 MB, 1.06 load
[runlim] sample:		8159.45 time, 8160.01 real, 324 MB, 1.05 load
[runlim] sample:		8169.44 time, 8170.01 real, 326 MB, 1.05 load
[runlim] sample:		8179.44 time, 8180.01 real, 317 MB, 1.04 load
[runlim] sample:		8189.44 time, 8190.01 real, 317 MB, 1.03 load
[runlim] sample:		8199.44 time, 8200.01 real, 317 MB, 1.03 load
[runlim] sample:		8209.44 time, 8210.01 real, 317 MB, 1.02 load
[runlim] sample:		8219.44 time, 8220.01 real, 317 MB, 1.02 load
[runlim] sample:		8229.43 time, 8230.01 real, 314 MB, 1.02 load
[runlim] sample:		8239.43 time, 8240.01 real, 314 MB, 1.01 load
[runlim] sample:		8249.43 time, 8250.01 real, 314 MB, 1.01 load
[runlim] sample:		8259.43 time, 8260.01 real, 331 MB, 1.01 load
[runlim] sample:		8269.43 time, 8270.01 real, 331 MB, 1.01 load
[runlim] sample:		8279.44 time, 8280.01 real, 338 MB, 1.00 load
[runlim] sample:		8289.44 time, 8290.01 real, 338 MB, 1.00 load
[runlim] sample:		8299.43 time, 8300.01 real, 337 MB, 1.00 load
[runlim] sample:		8309.43 time, 8310.01 real, 337 MB, 1.08 load
[runlim] sample:		8319.43 time, 8320.01 real, 337 MB, 1.06 load
[runlim] sample:		8329.43 time, 8330.01 real, 337 MB, 1.05 load
[runlim] sample:		8339.44 time, 8340.01 real, 327 MB, 1.04 load
[runlim] sample:		8349.43 time, 8350.01 real, 327 MB, 1.04 load
[runlim] sample:		8359.43 time, 8360.01 real, 327 MB, 1.03 load
[runlim] sample:		8369.43 time, 8370.01 real, 327 MB, 1.03 load
[runlim] sample:		8379.43 time, 8380.01 real, 327 MB, 1.02 load
[runlim] sample:		8389.43 time, 8390.01 real, 327 MB, 1.02 load
[runlim] sample:		8399.43 time, 8400.01 real, 326 MB, 1.16 load
[runlim] sample:		8409.43 time, 8410.01 real, 326 MB, 1.14 load
[runlim] sample:		8419.43 time, 8420.01 real, 326 MB, 1.12 load
[runlim] sample:		8429.43 time, 8430.01 real, 326 MB, 1.10 load
[runlim] sample:		8439.43 time, 8440.01 real, 326 MB, 1.08 load
[runlim] sample:		8449.43 time, 8450.01 real, 326 MB, 1.07 load
[runlim] sample:		8459.43 time, 8460.01 real, 327 MB, 1.06 load
[runlim] sample:		8469.43 time, 8470.01 real, 327 MB, 1.05 load
[runlim] sample:		8479.43 time, 8480.01 real, 327 MB, 1.04 load
[runlim] sample:		8489.43 time, 8490.01 real, 327 MB, 1.03 load
[runlim] sample:		8499.43 time, 8500.01 real, 327 MB, 1.03 load
[runlim] sample:		8509.43 time, 8510.01 real, 327 MB, 1.02 load
[runlim] sample:		8519.43 time, 8520.01 real, 327 MB, 1.02 load
[runlim] sample:		8529.43 time, 8530.01 real, 330 MB, 1.02 load
[runlim] sample:		8539.43 time, 8540.01 real, 330 MB, 1.01 load
[runlim] sample:		8549.43 time, 8550.01 real, 330 MB, 1.01 load
[runlim] sample:		8559.43 time, 8560.01 real, 330 MB, 1.01 load
[runlim] sample:		8569.43 time, 8570.01 real, 330 MB, 1.01 load
[runlim] sample:		8579.42 time, 8580.01 real, 330 MB, 1.00 load
[runlim] sample:		8589.43 time, 8590.01 real, 331 MB, 1.00 load
[runlim] sample:		8599.43 time, 8600.01 real, 331 MB, 1.00 load
[runlim] sample:		8609.42 time, 8610.01 real, 344 MB, 1.00 load
[runlim] sample:		8619.42 time, 8620.01 real, 349 MB, 1.00 load
[runlim] sample:		8629.42 time, 8630.01 real, 349 MB, 1.00 load
[runlim] sample:		8639.42 time, 8640.01 real, 349 MB, 1.00 load
[runlim] sample:		8649.42 time, 8650.01 real, 353 MB, 1.00 load
[runlim] sample:		8659.42 time, 8660.01 real, 353 MB, 1.00 load
[runlim] sample:		8669.42 time, 8670.01 real, 357 MB, 1.00 load
[runlim] sample:		8679.42 time, 8680.01 real, 357 MB, 1.00 load
[runlim] sample:		8689.42 time, 8690.01 real, 350 MB, 1.00 load
[runlim] sample:		8699.42 time, 8700.01 real, 350 MB, 1.00 load
[runlim] sample:		8709.41 time, 8710.01 real, 348 MB, 1.00 load
[runlim] sample:		8719.40 time, 8720.01 real, 348 MB, 1.08 load
[runlim] sample:		8729.40 time, 8730.01 real, 348 MB, 1.07 load
[runlim] sample:		8739.40 time, 8740.01 real, 352 MB, 1.06 load
[runlim] sample:		8749.40 time, 8750.01 real, 352 MB, 1.05 load
[runlim] sample:		8759.40 time, 8760.01 real, 349 MB, 1.04 load
[runlim] sample:		8769.40 time, 8770.01 real, 349 MB, 1.03 load
[runlim] sample:		8779.40 time, 8780.01 real, 349 MB, 1.03 load
[runlim] sample:		8789.40 time, 8790.01 real, 352 MB, 1.02 load
[runlim] sample:		8799.40 time, 8800.01 real, 352 MB, 1.02 load
[runlim] sample:		8809.40 time, 8810.01 real, 354 MB, 1.02 load
[runlim] sample:		8819.40 time, 8820.01 real, 354 MB, 1.01 load
[runlim] sample:		8829.40 time, 8830.01 real, 351 MB, 1.01 load
[runlim] sample:		8839.40 time, 8840.01 real, 351 MB, 1.01 load
[runlim] sample:		8849.40 time, 8850.01 real, 351 MB, 1.01 load
[runlim] sample:		8859.40 time, 8860.01 real, 351 MB, 1.00 load
[runlim] sample:		8869.39 time, 8870.01 real, 352 MB, 1.00 load
[runlim] sample:		8879.39 time, 8880.01 real, 352 MB, 1.00 load
[runlim] sample:		8889.39 time, 8890.01 real, 352 MB, 1.00 load
[runlim] sample:		8899.39 time, 8900.01 real, 352 MB, 1.00 load
[runlim] sample:		8909.39 time, 8910.01 real, 352 MB, 1.00 load
[runlim] sample:		8919.39 time, 8920.01 real, 352 MB, 1.00 load
[runlim] sample:		8929.39 time, 8930.01 real, 341 MB, 1.00 load
[runlim] sample:		8939.39 time, 8940.01 real, 341 MB, 1.00 load
[runlim] sample:		8949.39 time, 8950.01 real, 341 MB, 1.00 load
[runlim] sample:		8959.39 time, 8960.01 real, 341 MB, 1.00 load
[runlim] sample:		8969.39 time, 8970.01 real, 341 MB, 1.00 load
[runlim] sample:		8979.39 time, 8980.01 real, 341 MB, 1.00 load
[runlim] sample:		8989.39 time, 8990.01 real, 344 MB, 1.00 load
[runlim] sample:		8999.39 time, 9000.01 real, 344 MB, 1.00 load
[runlim] sample:		9009.39 time, 9010.01 real, 344 MB, 1.00 load
[runlim] sample:		9019.39 time, 9020.01 real, 344 MB, 1.00 load
[runlim] sample:		9029.39 time, 9030.01 real, 344 MB, 1.00 load
[runlim] sample:		9039.38 time, 9040.01 real, 344 MB, 1.00 load
[runlim] sample:		9049.39 time, 9050.01 real, 345 MB, 1.00 load
[runlim] sample:		9059.39 time, 9060.01 real, 345 MB, 1.00 load
[runlim] sample:		9069.39 time, 9070.01 real, 345 MB, 1.00 load
[runlim] sample:		9079.38 time, 9080.01 real, 345 MB, 1.00 load
[runlim] sample:		9089.38 time, 9090.01 real, 345 MB, 1.00 load
[runlim] sample:		9099.38 time, 9100.01 real, 345 MB, 1.00 load
[runlim] sample:		9109.38 time, 9110.01 real, 350 MB, 1.00 load
[runlim] sample:		9119.39 time, 9120.01 real, 351 MB, 1.00 load
[runlim] sample:		9129.39 time, 9130.01 real, 351 MB, 1.00 load
[runlim] sample:		9139.39 time, 9140.01 real, 351 MB, 1.00 load
[runlim] sample:		9149.38 time, 9150.01 real, 351 MB, 1.00 load
[runlim] sample:		9159.38 time, 9160.01 real, 351 MB, 1.00 load
[runlim] sample:		9169.38 time, 9170.01 real, 351 MB, 1.00 load
[runlim] sample:		9179.38 time, 9180.01 real, 425 MB, 1.00 load
[runlim] sample:		9189.38 time, 9190.01 real, 352 MB, 1.00 load
[runlim] sample:		9199.38 time, 9200.01 real, 352 MB, 1.00 load
[runlim] sample:		9209.38 time, 9210.01 real, 352 MB, 1.00 load
[runlim] sample:		9219.38 time, 9220.01 real, 352 MB, 1.00 load
[runlim] sample:		9229.38 time, 9230.01 real, 352 MB, 1.00 load
[runlim] sample:		9239.38 time, 9240.01 real, 352 MB, 1.00 load
[runlim] sample:		9249.38 time, 9250.01 real, 352 MB, 1.00 load
[runlim] sample:		9259.37 time, 9260.01 real, 352 MB, 1.00 load
[runlim] sample:		9269.37 time, 9270.01 real, 352 MB, 1.00 load
[runlim] sample:		9279.37 time, 9280.01 real, 352 MB, 1.00 load
[runlim] sample:		9289.37 time, 9290.01 real, 352 MB, 1.00 load
[runlim] sample:		9299.37 time, 9300.01 real, 352 MB, 1.00 load
[runlim] sample:		9309.37 time, 9310.01 real, 352 MB, 1.00 load
[runlim] sample:		9319.37 time, 9320.01 real, 353 MB, 1.16 load
[runlim] sample:		9329.37 time, 9330.01 real, 363 MB, 1.13 load
[runlim] sample:		9339.37 time, 9340.01 real, 363 MB, 1.11 load
[runlim] sample:		9349.37 time, 9350.01 real, 363 MB, 1.10 load
[runlim] sample:		9359.37 time, 9360.01 real, 363 MB, 1.08 load
[runlim] sample:		9369.37 time, 9370.01 real, 363 MB, 1.07 load
[runlim] sample:		9379.37 time, 9380.01 real, 363 MB, 1.06 load
[runlim] sample:		9389.37 time, 9390.01 real, 364 MB, 1.05 load
[runlim] sample:		9399.37 time, 9400.01 real, 364 MB, 1.04 load
[runlim] sample:		9409.37 time, 9410.01 real, 364 MB, 1.03 load
[runlim] sample:		9419.37 time, 9420.01 real, 364 MB, 1.03 load
[runlim] sample:		9429.37 time, 9430.01 real, 364 MB, 1.10 load
[runlim] sample:		9439.37 time, 9440.01 real, 364 MB, 1.09 load
[runlim] sample:		9449.37 time, 9450.01 real, 364 MB, 1.07 load
[runlim] sample:		9459.36 time, 9460.01 real, 364 MB, 1.06 load
[runlim] sample:		9469.36 time, 9470.01 real, 364 MB, 1.05 load
[runlim] sample:		9479.36 time, 9480.01 real, 364 MB, 1.04 load
[runlim] sample:		9489.36 time, 9490.01 real, 364 MB, 1.04 load
[runlim] sample:		9499.36 time, 9500.01 real, 364 MB, 1.03 load
[runlim] sample:		9509.36 time, 9510.01 real, 364 MB, 1.02 load
[runlim] sample:		9519.36 time, 9520.01 real, 364 MB, 1.02 load
[runlim] sample:		9529.36 time, 9530.01 real, 365 MB, 1.02 load
[runlim] sample:		9539.36 time, 9540.01 real, 365 MB, 1.01 load
[runlim] sample:		9549.36 time, 9550.01 real, 365 MB, 1.01 load
[runlim] sample:		9559.36 time, 9560.01 real, 366 MB, 1.01 load
[runlim] sample:		9569.36 time, 9570.01 real, 366 MB, 1.01 load
[runlim] sample:		9579.36 time, 9580.01 real, 366 MB, 1.01 load
[runlim] sample:		9589.36 time, 9590.01 real, 366 MB, 1.00 load
[runlim] sample:		9599.35 time, 9600.01 real, 366 MB, 1.00 load
[runlim] sample:		9609.35 time, 9610.01 real, 366 MB, 1.00 load
[runlim] sample:		9619.35 time, 9620.01 real, 366 MB, 1.00 load
[runlim] sample:		9629.35 time, 9630.01 real, 366 MB, 1.00 load
[runlim] sample:		9639.35 time, 9640.01 real, 366 MB, 1.00 load
[runlim] sample:		9649.35 time, 9650.01 real, 366 MB, 1.00 load
[runlim] sample:		9659.35 time, 9660.01 real, 366 MB, 1.00 load
[runlim] sample:		9669.35 time, 9670.01 real, 366 MB, 1.00 load
[runlim] sample:		9679.35 time, 9680.01 real, 366 MB, 1.00 load
[runlim] sample:		9689.35 time, 9690.01 real, 366 MB, 1.00 load
[runlim] sample:		9699.35 time, 9700.01 real, 366 MB, 1.00 load
[runlim] sample:		9709.35 time, 9710.01 real, 366 MB, 1.00 load
[runlim] sample:		9719.35 time, 9720.01 real, 366 MB, 1.00 load
[runlim] sample:		9729.34 time, 9730.01 real, 366 MB, 1.00 load
[runlim] sample:		9739.34 time, 9740.01 real, 367 MB, 1.00 load
[runlim] sample:		9749.34 time, 9750.01 real, 367 MB, 1.00 load
[runlim] sample:		9759.34 time, 9760.01 real, 367 MB, 1.00 load
[runlim] sample:		9769.34 time, 9770.01 real, 367 MB, 1.00 load
[runlim] sample:		9779.34 time, 9780.01 real, 367 MB, 1.00 load
[runlim] sample:		9789.34 time, 9790.01 real, 367 MB, 1.00 load
[runlim] sample:		9799.34 time, 9800.01 real, 367 MB, 1.00 load
[runlim] sample:		9809.34 time, 9810.01 real, 367 MB, 1.66 load
[runlim] sample:		9819.34 time, 9820.01 real, 367 MB, 1.56 load
[runlim] sample:		9829.34 time, 9830.01 real, 367 MB, 1.47 load
[runlim] sample:		9839.34 time, 9840.01 real, 367 MB, 1.40 load
[runlim] sample:		9849.34 time, 9850.01 real, 367 MB, 1.34 load
[runlim] sample:		9859.34 time, 9860.01 real, 367 MB, 1.29 load
[runlim] sample:		9869.34 time, 9870.01 real, 367 MB, 1.24 load
[runlim] sample:		9879.34 time, 9880.01 real, 367 MB, 1.20 load
[runlim] sample:		9889.33 time, 9890.01 real, 367 MB, 1.17 load
[runlim] sample:		9899.33 time, 9900.01 real, 367 MB, 1.15 load
[runlim] sample:		9909.33 time, 9910.01 real, 367 MB, 1.12 load
[runlim] sample:		9919.32 time, 9920.01 real, 367 MB, 1.10 load
[runlim] sample:		9929.32 time, 9930.01 real, 367 MB, 1.17 load
[runlim] sample:		9939.32 time, 9940.01 real, 367 MB, 1.14 load
[runlim] sample:		9949.32 time, 9950.01 real, 367 MB, 1.12 load
[runlim] sample:		9959.32 time, 9960.01 real, 368 MB, 1.10 load
[runlim] sample:		9969.32 time, 9970.01 real, 368 MB, 1.08 load
[runlim] sample:		9979.32 time, 9980.01 real, 368 MB, 1.07 load
[runlim] sample:		9989.32 time, 9990.01 real, 368 MB, 1.06 load
[runlim] sample:		9999.32 time, 10000.01 real, 368 MB, 1.05 load
[runlim] sample:		10009.32 time, 10010.01 real, 368 MB, 1.04 load
[runlim] sample:		10019.32 time, 10020.01 real, 368 MB, 1.04 load
[runlim] sample:		10029.32 time, 10030.01 real, 368 MB, 1.03 load
[runlim] sample:		10039.32 time, 10040.01 real, 368 MB, 1.02 load
[runlim] sample:		10049.32 time, 10050.01 real, 368 MB, 1.02 load
[runlim] sample:		10059.32 time, 10060.01 real, 368 MB, 1.02 load
[runlim] sample:		10069.32 time, 10070.01 real, 368 MB, 1.01 load
[runlim] sample:		10079.32 time, 10080.01 real, 368 MB, 1.01 load
[runlim] sample:		10089.31 time, 10090.01 real, 368 MB, 1.01 load
[runlim] sample:		10099.31 time, 10100.01 real, 368 MB, 1.01 load
[runlim] sample:		10109.32 time, 10110.01 real, 368 MB, 1.01 load
[runlim] sample:		10119.32 time, 10120.01 real, 368 MB, 1.00 load
[runlim] sample:		10129.32 time, 10130.01 real, 368 MB, 1.00 load
[runlim] sample:		10139.32 time, 10140.01 real, 368 MB, 1.00 load
[runlim] sample:		10149.32 time, 10150.01 real, 368 MB, 1.00 load
[runlim] sample:		10159.32 time, 10160.01 real, 368 MB, 1.00 load
[runlim] sample:		10169.31 time, 10170.01 real, 368 MB, 1.00 load
[runlim] sample:		10179.31 time, 10180.01 real, 369 MB, 1.08 load
[runlim] sample:		10189.31 time, 10190.01 real, 369 MB, 1.07 load
[runlim] sample:		10199.31 time, 10200.01 real, 369 MB, 1.06 load
[runlim] sample:		10209.31 time, 10210.01 real, 369 MB, 1.05 load
[runlim] sample:		10219.31 time, 10220.01 real, 369 MB, 1.04 load
[runlim] sample:		10229.31 time, 10230.01 real, 369 MB, 1.03 load
[runlim] sample:		10239.30 time, 10240.01 real, 369 MB, 1.03 load
[runlim] sample:		10249.31 time, 10250.01 real, 371 MB, 1.02 load
[runlim] sample:		10259.31 time, 10260.01 real, 371 MB, 1.02 load
[runlim] sample:		10269.31 time, 10270.01 real, 383 MB, 1.02 load
[runlim] sample:		10279.31 time, 10280.01 real, 383 MB, 1.01 load
[runlim] sample:		10289.31 time, 10290.01 real, 374 MB, 1.01 load
[runlim] sample:		10299.31 time, 10300.01 real, 374 MB, 1.01 load
[runlim] sample:		10309.31 time, 10310.01 real, 374 MB, 1.01 load
[runlim] sample:		10319.31 time, 10320.01 real, 375 MB, 1.00 load
[runlim] sample:		10329.30 time, 10330.01 real, 375 MB, 1.00 load
[runlim] sample:		10339.30 time, 10340.01 real, 371 MB, 1.00 load
[runlim] sample:		10349.30 time, 10350.01 real, 371 MB, 1.00 load
[runlim] sample:		10359.30 time, 10360.01 real, 371 MB, 1.00 load
[runlim] sample:		10369.30 time, 10370.01 real, 374 MB, 1.00 load
[runlim] sample:		10379.30 time, 10380.01 real, 374 MB, 1.00 load
[runlim] sample:		10389.30 time, 10390.01 real, 374 MB, 1.00 load
[runlim] sample:		10399.30 time, 10400.01 real, 373 MB, 1.00 load
[runlim] sample:		10409.29 time, 10410.01 real, 373 MB, 1.00 load
[runlim] sample:		10419.29 time, 10420.01 real, 373 MB, 1.00 load
[runlim] sample:		10429.30 time, 10430.01 real, 373 MB, 1.72 load
[runlim] sample:		10439.30 time, 10440.01 real, 373 MB, 1.61 load
[runlim] sample:		10449.30 time, 10450.01 real, 371 MB, 1.52 load
[runlim] sample:		10459.30 time, 10460.01 real, 371 MB, 1.44 load
[runlim] sample:		10469.30 time, 10470.01 real, 371 MB, 1.37 load
[runlim] sample:		10479.30 time, 10480.01 real, 369 MB, 1.31 load
[runlim] sample:		10489.30 time, 10490.01 real, 369 MB, 1.26 load
[runlim] sample:		10499.29 time, 10500.01 real, 369 MB, 1.22 load
[runlim] sample:		10509.29 time, 10510.01 real, 373 MB, 1.19 load
[runlim] sample:		10519.29 time, 10520.01 real, 373 MB, 1.16 load
[runlim] sample:		10529.29 time, 10530.01 real, 373 MB, 1.13 load
[runlim] sample:		10539.29 time, 10540.01 real, 368 MB, 1.11 load
[runlim] sample:		10549.29 time, 10550.01 real, 368 MB, 1.10 load
[runlim] sample:		10559.29 time, 10560.01 real, 373 MB, 1.08 load
[runlim] sample:		10569.29 time, 10570.01 real, 373 MB, 1.07 load
[runlim] sample:		10579.28 time, 10580.01 real, 373 MB, 1.06 load
[runlim] sample:		10589.28 time, 10590.01 real, 377 MB, 1.05 load
[runlim] sample:		10599.28 time, 10600.01 real, 377 MB, 1.04 load
[runlim] sample:		10609.29 time, 10610.01 real, 385 MB, 1.03 load
[runlim] sample:		10619.29 time, 10620.01 real, 385 MB, 1.03 load
[runlim] sample:		10629.29 time, 10630.01 real, 385 MB, 1.02 load
[runlim] sample:		10639.28 time, 10640.01 real, 382 MB, 1.02 load
[runlim] sample:		10649.28 time, 10650.01 real, 382 MB, 1.02 load
[runlim] sample:		10659.28 time, 10660.01 real, 384 MB, 1.01 load
[runlim] sample:		10669.28 time, 10670.01 real, 384 MB, 1.01 load
[runlim] sample:		10679.28 time, 10680.01 real, 384 MB, 1.01 load
[runlim] sample:		10689.28 time, 10690.01 real, 396 MB, 1.01 load
[runlim] sample:		10699.28 time, 10700.01 real, 396 MB, 1.00 load
[runlim] sample:		10709.28 time, 10710.01 real, 382 MB, 1.00 load
[runlim] sample:		10719.28 time, 10720.01 real, 382 MB, 1.00 load
[runlim] sample:		10729.28 time, 10730.01 real, 382 MB, 1.00 load
[runlim] sample:		10739.28 time, 10740.01 real, 382 MB, 1.00 load
[runlim] sample:		10749.28 time, 10750.01 real, 382 MB, 1.00 load
[runlim] sample:		10759.28 time, 10760.01 real, 372 MB, 1.00 load
[runlim] sample:		10769.28 time, 10770.01 real, 372 MB, 1.00 load
[runlim] sample:		10779.28 time, 10780.01 real, 372 MB, 1.00 load
[runlim] sample:		10789.27 time, 10790.01 real, 371 MB, 1.00 load
[runlim] sample:		10799.27 time, 10800.01 real, 371 MB, 1.00 load
[runlim] end:			Tue Aug 18 16:53:54 2026
[runlim] status:		out of time
[runlim] result:		2
[runlim] children:		1
[runlim] processes:		2
[runlim] real:			10801.04 seconds
[runlim] time:			10799.27 seconds
[runlim] space:			491 MB
[runlim] load:			1.72 maximum
[runlim] samples:		108000
