[runlim] version:		2.0.0rc12
[runlim] host:			fjssp-instance1
[runlim] time limit:		311040000 seconds
[runlim] real time limit:	10800 seconds
[runlim] space limit:		14000 MB
[runlim] argv[0]:		python3
[runlim] argv[1]:		-u
[runlim] argv[2]:		main.py
[runlim] argv[3]:		--input
[runlim] argv[4]:		datasets/brandimarte/MK07
[runlim] argv[5]:		--sb
[runlim] argv[6]:		--factories
[runlim] argv[7]:		2
[runlim] argv[8]:		--full_transitive
[runlim] start:			Tue Aug 18 04:44:37 2026
[runlim] child:			9865
[*] Loading data from file: datasets/brandimarte/MK07
[*] Running D-FJSSP SAT Solver with 2 factories, Symmetry Breaking = ON, Transitive E* = FULL
===========================================================================
 D-FJSSP SAT SOLVER - PARALLEL FACTORIES SCHEDULING
===========================================================================
  -> Operations: 100 | Jobs: 20 | Machines: 5 | Factories: 2

[*] Running Greedy Heuristic...
  -> Greedy Solution: Makespan = 109 (0.0003s)

[*] Initializing and solving the SAT model...
------------------------------------------------------------------
[*] Trying with Upper Bound = 109...
  SAT ! Makespan = 109
  Schedule is valid with Makespan = 109
  Total time: 0.7863 seconds
------------------------------------------------------------------
[*] Trying with Upper Bound = 108...
  SAT ! Makespan = 108
  Schedule is valid with Makespan = 108
  Total time: 0.7974 seconds
------------------------------------------------------------------
[*] Trying with Upper Bound = 107...
  SAT ! Makespan = 107
  Schedule is valid with Makespan = 107
  Total time: 0.8037 seconds
------------------------------------------------------------------
[*] Trying with Upper Bound = 106...
  SAT ! Makespan = 106
  Schedule is valid with Makespan = 106
  Total time: 0.8184 seconds
------------------------------------------------------------------
[*] Trying with Upper Bound = 105...
  SAT ! Makespan = 105
  Schedule is valid with Makespan = 105
  Total time: 0.8264 seconds
------------------------------------------------------------------
[*] Trying with Upper Bound = 104...
  SAT ! Makespan = 104
  Schedule is valid with Makespan = 104
  Total time: 0.9003 seconds
------------------------------------------------------------------
[*] Trying with Upper Bound = 103...
  SAT ! Makespan = 103
  Schedule is valid with Makespan = 103
  Total time: 0.9085 seconds
------------------------------------------------------------------
[*] Trying with Upper Bound = 102...
  SAT ! Makespan = 102
  Schedule is valid with Makespan = 102
  Total time: 0.9217 seconds
------------------------------------------------------------------
[*] Trying with Upper Bound = 101...
  SAT ! Makespan = 101
  Schedule is valid with Makespan = 101
  Total time: 0.9277 seconds
------------------------------------------------------------------
[*] Trying with Upper Bound = 100...
  SAT ! Makespan = 100
  Schedule is valid with Makespan = 100
  Total time: 0.9556 seconds
------------------------------------------------------------------
[*] Trying with Upper Bound = 99...
  SAT ! Makespan = 99
  Schedule is valid with Makespan = 99
  Total time: 0.9614 seconds
------------------------------------------------------------------
[*] Trying with Upper Bound = 98...
  SAT ! Makespan = 98
  Schedule is valid with Makespan = 98
  Total time: 0.9665 seconds
------------------------------------------------------------------
[*] Trying with Upper Bound = 97...
  SAT ! Makespan = 97
  Schedule is valid with Makespan = 97
  Total time: 1.0017 seconds
------------------------------------------------------------------
[*] Trying with Upper Bound = 96...
  SAT ! Makespan = 96
  Schedule is valid with Makespan = 96
  Total time: 1.0096 seconds
------------------------------------------------------------------
[*] Trying with Upper Bound = 95...
  SAT ! Makespan = 95
  Schedule is valid with Makespan = 95
  Total time: 1.0152 seconds
------------------------------------------------------------------
[*] Trying with Upper Bound = 94...
  SAT ! Makespan = 94
  Schedule is valid with Makespan = 94
  Total time: 1.0799 seconds
------------------------------------------------------------------
[*] Trying with Upper Bound = 93...
  SAT ! Makespan = 93
  Schedule is valid with Makespan = 93
  Total time: 1.1610 seconds
------------------------------------------------------------------
[*] Trying with Upper Bound = 92...
  SAT ! Makespan = 92
  Schedule is valid with Makespan = 92
  Total time: 1.4886 seconds
------------------------------------------------------------------
[*] Trying with Upper Bound = 91...
  SAT ! Makespan = 91
  Schedule is valid with Makespan = 91
  Total time: 1.6332 seconds
------------------------------------------------------------------
[*] Trying with Upper Bound = 90...
  SAT ! Makespan = 90
  Schedule is valid with Makespan = 90
  Total time: 2.5455 seconds
------------------------------------------------------------------
[*] Trying with Upper Bound = 89...
  SAT ! Makespan = 89
  Schedule is valid with Makespan = 89
  Total time: 2.7316 seconds
------------------------------------------------------------------
[*] Trying with Upper Bound = 88...
  SAT ! Makespan = 88
  Schedule is valid with Makespan = 88
  Total time: 2.8273 seconds
------------------------------------------------------------------
[*] Trying with Upper Bound = 87...
  SAT ! Makespan = 87
  Schedule is valid with Makespan = 87
  Total time: 3.0687 seconds
------------------------------------------------------------------
[*] Trying with Upper Bound = 86...
  SAT ! Makespan = 86
  Schedule is valid with Makespan = 86
  Total time: 3.1535 seconds
------------------------------------------------------------------
[*] Trying with Upper Bound = 85...
  SAT ! Makespan = 85
  Schedule is valid with Makespan = 85
  Total time: 3.4997 seconds
------------------------------------------------------------------
[*] Trying with Upper Bound = 84...
  SAT ! Makespan = 84
  Schedule is valid with Makespan = 84
  Total time: 3.5689 seconds
------------------------------------------------------------------
[*] Trying with Upper Bound = 83...
  SAT ! Makespan = 83
  Schedule is valid with Makespan = 83
  Total time: 3.7105 seconds
------------------------------------------------------------------
[*] Trying with Upper Bound = 82...
  SAT ! Makespan = 82
  Schedule is valid with Makespan = 82
  Total time: 3.9978 seconds
------------------------------------------------------------------
[*] Trying with Upper Bound = 81...
  SAT ! Makespan = 81
  Schedule is valid with Makespan = 81
  Total time: 4.5592 seconds
------------------------------------------------------------------
[*] Trying with Upper Bound = 80...
  SAT ! Makespan = 80
  Schedule is valid with Makespan = 80
  Total time: 4.6660 seconds
------------------------------------------------------------------
[*] Trying with Upper Bound = 79...
  SAT ! Makespan = 79
  Schedule is valid with Makespan = 79
  Total time: 7.1858 seconds
------------------------------------------------------------------
[*] Trying with Upper Bound = 78...
  SAT ! Makespan = 78
  Schedule is valid with Makespan = 78
  Total time: 7.6424 seconds
------------------------------------------------------------------
[*] Trying with Upper Bound = 77...
[runlim] sample:		9.99 time, 10.01 real, 170 MB, 1.20 load
  SAT ! Makespan = 77
  Schedule is valid with Makespan = 77
  Total time: 15.6274 seconds
------------------------------------------------------------------
[*] Trying with Upper Bound = 76...
  SAT ! Makespan = 76
  Schedule is valid with Makespan = 76
  Total time: 17.4004 seconds
------------------------------------------------------------------
[*] Trying with Upper Bound = 75...
  SAT ! Makespan = 75
  Schedule is valid with Makespan = 75
  Total time: 19.4470 seconds
------------------------------------------------------------------
[*] Trying with Upper Bound = 74...
[runlim] sample:		20.00 time, 20.01 real, 171 MB, 1.16 load
  SAT ! Makespan = 74
  Schedule is valid with Makespan = 74
  Total time: 28.2950 seconds
------------------------------------------------------------------
[*] Trying with Upper Bound = 73...
[runlim] sample:		30.00 time, 30.01 real, 171 MB, 1.14 load
[runlim] sample:		40.00 time, 40.01 real, 189 MB, 1.12 load
[runlim] sample:		50.00 time, 50.01 real, 189 MB, 1.10 load
[runlim] sample:		59.99 time, 60.01 real, 189 MB, 1.08 load
  SAT ! Makespan = 73
  Schedule is valid with Makespan = 73
  Total time: 65.7519 seconds
------------------------------------------------------------------
[*] Trying with Upper Bound = 72...
[runlim] sample:		69.99 time, 70.01 real, 156 MB, 1.07 load
[runlim] sample:		79.99 time, 80.01 real, 195 MB, 1.06 load
[runlim] sample:		89.98 time, 90.01 real, 155 MB, 1.05 load
[runlim] sample:		99.98 time, 100.01 real, 193 MB, 1.04 load
[runlim] sample:		109.98 time, 110.01 real, 198 MB, 1.03 load
[runlim] sample:		119.98 time, 120.01 real, 202 MB, 1.03 load
[runlim] sample:		129.98 time, 130.01 real, 202 MB, 1.02 load
[runlim] sample:		139.98 time, 140.01 real, 160 MB, 1.02 load
[runlim] sample:		149.98 time, 150.01 real, 160 MB, 1.02 load
[runlim] sample:		159.98 time, 160.01 real, 160 MB, 1.01 load
[runlim] sample:		169.98 time, 170.01 real, 160 MB, 1.01 load
[runlim] sample:		179.97 time, 180.01 real, 160 MB, 1.01 load
[runlim] sample:		189.97 time, 190.01 real, 160 MB, 1.01 load
[runlim] sample:		199.97 time, 200.01 real, 161 MB, 1.01 load
[runlim] sample:		209.97 time, 210.01 real, 161 MB, 1.00 load
[runlim] sample:		219.98 time, 220.01 real, 185 MB, 1.00 load
[runlim] sample:		229.97 time, 230.01 real, 186 MB, 1.00 load
[runlim] sample:		239.97 time, 240.01 real, 188 MB, 1.00 load
  SAT ! Makespan = 72
  Schedule is valid with Makespan = 72
  Total time: 241.1124 seconds
------------------------------------------------------------------
[*] Trying with Upper Bound = 71...
[runlim] sample:		249.97 time, 250.01 real, 164 MB, 1.00 load
[runlim] sample:		259.97 time, 260.01 real, 164 MB, 1.00 load
[runlim] sample:		269.97 time, 270.01 real, 164 MB, 1.00 load
[runlim] sample:		279.95 time, 280.01 real, 164 MB, 1.00 load
[runlim] sample:		289.95 time, 290.01 real, 164 MB, 1.00 load
[runlim] sample:		299.95 time, 300.01 real, 165 MB, 1.00 load
[runlim] sample:		309.95 time, 310.01 real, 167 MB, 1.00 load
[runlim] sample:		319.95 time, 320.01 real, 167 MB, 1.00 load
[runlim] sample:		329.95 time, 330.01 real, 167 MB, 1.00 load
[runlim] sample:		339.95 time, 340.01 real, 167 MB, 1.00 load
[runlim] sample:		349.95 time, 350.01 real, 167 MB, 1.00 load
[runlim] sample:		359.95 time, 360.01 real, 191 MB, 1.00 load
[runlim] sample:		369.95 time, 370.01 real, 218 MB, 1.00 load
[runlim] sample:		379.95 time, 380.01 real, 218 MB, 1.00 load
[runlim] sample:		389.94 time, 390.01 real, 220 MB, 1.00 load
[runlim] sample:		399.94 time, 400.01 real, 220 MB, 1.00 load
[runlim] sample:		409.94 time, 410.01 real, 220 MB, 1.00 load
[runlim] sample:		419.94 time, 420.01 real, 223 MB, 1.00 load
[runlim] sample:		429.94 time, 430.01 real, 223 MB, 1.00 load
[runlim] sample:		439.94 time, 440.01 real, 224 MB, 1.00 load
[runlim] sample:		449.94 time, 450.01 real, 224 MB, 1.00 load
[runlim] sample:		459.71 time, 460.01 real, 170 MB, 1.08 load
[runlim] sample:		469.07 time, 470.01 real, 170 MB, 1.51 load
  SAT ! Makespan = 71
  Schedule is valid with Makespan = 71
  Total time: 476.3918 seconds
------------------------------------------------------------------
[*] Trying with Upper Bound = 70...
[runlim] sample:		479.05 time, 480.01 real, 171 MB, 1.50 load
[runlim] sample:		489.05 time, 490.01 real, 168 MB, 1.43 load
[runlim] sample:		499.05 time, 500.01 real, 169 MB, 1.36 load
[runlim] sample:		509.05 time, 510.01 real, 167 MB, 1.30 load
[runlim] sample:		519.05 time, 520.01 real, 196 MB, 1.26 load
[runlim] sample:		529.05 time, 530.01 real, 225 MB, 1.22 load
[runlim] sample:		539.05 time, 540.01 real, 225 MB, 1.18 load
[runlim] sample:		549.05 time, 550.01 real, 170 MB, 1.16 load
[runlim] sample:		559.05 time, 560.01 real, 205 MB, 1.13 load
[runlim] sample:		569.04 time, 570.01 real, 171 MB, 1.11 load
[runlim] sample:		579.04 time, 580.01 real, 168 MB, 1.09 load
[runlim] sample:		589.04 time, 590.01 real, 198 MB, 1.08 load
[runlim] sample:		599.04 time, 600.01 real, 198 MB, 1.07 load
[runlim] sample:		609.04 time, 610.01 real, 230 MB, 1.06 load
[runlim] sample:		619.04 time, 620.01 real, 198 MB, 1.05 load
[runlim] sample:		629.04 time, 630.01 real, 198 MB, 1.04 load
[runlim] sample:		639.04 time, 640.01 real, 230 MB, 1.03 load
[runlim] sample:		649.04 time, 650.01 real, 198 MB, 1.03 load
[runlim] sample:		659.03 time, 660.01 real, 230 MB, 1.02 load
[runlim] sample:		669.03 time, 670.01 real, 198 MB, 1.02 load
[runlim] sample:		679.03 time, 680.01 real, 232 MB, 1.02 load
[runlim] sample:		689.03 time, 690.01 real, 198 MB, 1.01 load
[runlim] sample:		699.03 time, 700.01 real, 198 MB, 1.01 load
[runlim] sample:		709.03 time, 710.01 real, 232 MB, 1.01 load
[runlim] sample:		719.03 time, 720.01 real, 198 MB, 1.01 load
[runlim] sample:		729.03 time, 730.01 real, 232 MB, 1.08 load
[runlim] sample:		739.03 time, 740.01 real, 198 MB, 1.07 load
[runlim] sample:		749.02 time, 750.01 real, 198 MB, 1.06 load
[runlim] sample:		759.03 time, 760.01 real, 234 MB, 1.05 load
[runlim] sample:		769.03 time, 770.01 real, 198 MB, 1.04 load
[runlim] sample:		779.03 time, 780.01 real, 198 MB, 1.03 load
[runlim] sample:		789.03 time, 790.01 real, 239 MB, 1.03 load
[runlim] sample:		799.02 time, 800.01 real, 198 MB, 1.02 load
[runlim] sample:		809.02 time, 810.01 real, 198 MB, 1.02 load
[runlim] sample:		819.02 time, 820.01 real, 237 MB, 1.02 load
[runlim] sample:		829.03 time, 830.01 real, 234 MB, 1.01 load
[runlim] sample:		839.03 time, 840.01 real, 198 MB, 1.01 load
[runlim] sample:		849.02 time, 850.01 real, 235 MB, 1.01 load
[runlim] sample:		859.02 time, 860.01 real, 236 MB, 1.01 load
[runlim] sample:		869.02 time, 870.01 real, 198 MB, 1.00 load
[runlim] sample:		879.02 time, 880.01 real, 239 MB, 1.00 load
[runlim] sample:		889.02 time, 890.01 real, 198 MB, 1.00 load
[runlim] sample:		899.02 time, 900.01 real, 244 MB, 1.00 load
[runlim] sample:		909.01 time, 910.01 real, 236 MB, 1.00 load
[runlim] sample:		919.01 time, 920.01 real, 198 MB, 1.00 load
[runlim] sample:		929.01 time, 930.01 real, 236 MB, 1.00 load
[runlim] sample:		939.01 time, 940.01 real, 198 MB, 1.00 load
[runlim] sample:		949.01 time, 950.01 real, 198 MB, 1.00 load
[runlim] sample:		959.02 time, 960.01 real, 233 MB, 1.00 load
[runlim] sample:		969.02 time, 970.01 real, 198 MB, 1.00 load
[runlim] sample:		979.02 time, 980.01 real, 198 MB, 1.07 load
[runlim] sample:		989.01 time, 990.01 real, 235 MB, 1.06 load
[runlim] sample:		999.01 time, 1000.01 real, 198 MB, 1.05 load
[runlim] sample:		1009.01 time, 1010.01 real, 198 MB, 1.04 load
[runlim] sample:		1019.02 time, 1020.01 real, 236 MB, 1.04 load
[runlim] sample:		1029.01 time, 1030.01 real, 236 MB, 1.03 load
[runlim] sample:		1039.01 time, 1040.01 real, 198 MB, 1.02 load
[runlim] sample:		1049.01 time, 1050.01 real, 236 MB, 1.02 load
[runlim] sample:		1059.01 time, 1060.01 real, 236 MB, 1.02 load
[runlim] sample:		1069.00 time, 1070.01 real, 198 MB, 1.01 load
[runlim] sample:		1079.01 time, 1080.01 real, 237 MB, 1.01 load
[runlim] sample:		1089.01 time, 1090.01 real, 237 MB, 1.01 load
[runlim] sample:		1099.01 time, 1100.01 real, 198 MB, 1.01 load
[runlim] sample:		1109.01 time, 1110.01 real, 198 MB, 1.01 load
[runlim] sample:		1119.01 time, 1120.01 real, 238 MB, 1.00 load
[runlim] sample:		1129.01 time, 1130.01 real, 198 MB, 1.00 load
[runlim] sample:		1139.01 time, 1140.01 real, 198 MB, 1.00 load
[runlim] sample:		1149.00 time, 1150.01 real, 238 MB, 1.00 load
[runlim] sample:		1159.00 time, 1160.01 real, 238 MB, 1.00 load
[runlim] sample:		1169.01 time, 1170.01 real, 198 MB, 1.00 load
[runlim] sample:		1179.01 time, 1180.01 real, 198 MB, 1.00 load
[runlim] sample:		1189.00 time, 1190.01 real, 239 MB, 1.00 load
[runlim] sample:		1199.00 time, 1200.01 real, 239 MB, 1.00 load
[runlim] sample:		1209.00 time, 1210.01 real, 198 MB, 1.00 load
[runlim] sample:		1219.01 time, 1220.01 real, 239 MB, 1.00 load
[runlim] sample:		1229.00 time, 1230.01 real, 239 MB, 1.00 load
[runlim] sample:		1239.00 time, 1240.01 real, 198 MB, 1.00 load
[runlim] sample:		1249.00 time, 1250.01 real, 198 MB, 1.00 load
[runlim] sample:		1259.00 time, 1260.01 real, 239 MB, 1.00 load
[runlim] sample:		1269.00 time, 1270.01 real, 239 MB, 1.00 load
[runlim] sample:		1279.00 time, 1280.01 real, 198 MB, 1.00 load
[runlim] sample:		1289.00 time, 1290.01 real, 198 MB, 1.00 load
[runlim] sample:		1299.00 time, 1300.01 real, 179 MB, 1.00 load
[runlim] sample:		1309.00 time, 1310.01 real, 179 MB, 1.00 load
[runlim] sample:		1319.00 time, 1320.01 real, 185 MB, 1.00 load
[runlim] sample:		1329.00 time, 1330.01 real, 185 MB, 1.00 load
[runlim] sample:		1339.00 time, 1340.01 real, 186 MB, 1.00 load
[runlim] sample:		1349.00 time, 1350.01 real, 186 MB, 1.00 load
[runlim] sample:		1358.99 time, 1360.01 real, 186 MB, 1.00 load
[runlim] sample:		1368.99 time, 1370.01 real, 186 MB, 1.00 load
[runlim] sample:		1379.00 time, 1380.01 real, 187 MB, 1.00 load
[runlim] sample:		1389.00 time, 1390.01 real, 187 MB, 1.00 load
[runlim] sample:		1398.99 time, 1400.01 real, 204 MB, 1.00 load
[runlim] sample:		1408.99 time, 1410.01 real, 204 MB, 1.00 load
[runlim] sample:		1418.99 time, 1420.01 real, 204 MB, 1.00 load
[runlim] sample:		1428.99 time, 1430.01 real, 204 MB, 1.00 load
[runlim] sample:		1438.99 time, 1440.01 real, 204 MB, 1.00 load
[runlim] sample:		1448.99 time, 1450.01 real, 204 MB, 1.00 load
[runlim] sample:		1458.98 time, 1460.01 real, 205 MB, 1.00 load
[runlim] sample:		1468.98 time, 1470.01 real, 205 MB, 1.00 load
[runlim] sample:		1478.98 time, 1480.01 real, 205 MB, 1.66 load
[runlim] sample:		1488.98 time, 1490.01 real, 205 MB, 1.56 load
[runlim] sample:		1498.98 time, 1500.01 real, 205 MB, 1.47 load
[runlim] sample:		1508.98 time, 1510.01 real, 207 MB, 1.40 load
[runlim] sample:		1518.98 time, 1520.01 real, 207 MB, 1.34 load
[runlim] sample:		1528.98 time, 1530.01 real, 207 MB, 1.29 load
[runlim] sample:		1538.98 time, 1540.01 real, 207 MB, 1.24 load
[runlim] sample:		1548.98 time, 1550.01 real, 207 MB, 1.20 load
[runlim] sample:		1558.98 time, 1560.01 real, 207 MB, 1.17 load
[runlim] sample:		1568.98 time, 1570.01 real, 207 MB, 1.15 load
[runlim] sample:		1578.98 time, 1580.01 real, 207 MB, 1.12 load
[runlim] sample:		1588.98 time, 1590.01 real, 207 MB, 1.10 load
[runlim] sample:		1598.98 time, 1600.01 real, 207 MB, 1.17 load
[runlim] sample:		1608.98 time, 1610.01 real, 208 MB, 1.14 load
[runlim] sample:		1618.98 time, 1620.01 real, 211 MB, 1.12 load
[runlim] sample:		1628.97 time, 1630.01 real, 211 MB, 1.10 load
[runlim] sample:		1638.97 time, 1640.01 real, 211 MB, 1.08 load
[runlim] sample:		1648.97 time, 1650.01 real, 211 MB, 1.07 load
[runlim] sample:		1658.97 time, 1660.01 real, 212 MB, 1.06 load
[runlim] sample:		1668.97 time, 1670.01 real, 212 MB, 1.05 load
[runlim] sample:		1678.97 time, 1680.01 real, 212 MB, 1.04 load
[runlim] sample:		1688.97 time, 1690.01 real, 212 MB, 1.04 load
[runlim] sample:		1698.98 time, 1700.01 real, 212 MB, 1.03 load
[runlim] sample:		1708.98 time, 1710.01 real, 212 MB, 1.02 load
[runlim] sample:		1718.97 time, 1720.01 real, 212 MB, 1.02 load
[runlim] sample:		1728.97 time, 1730.01 real, 212 MB, 1.09 load
[runlim] sample:		1738.97 time, 1740.01 real, 229 MB, 1.08 load
[runlim] sample:		1748.97 time, 1750.01 real, 216 MB, 1.06 load
[runlim] sample:		1758.97 time, 1760.01 real, 217 MB, 1.05 load
[runlim] sample:		1768.97 time, 1770.01 real, 224 MB, 1.04 load
[runlim] sample:		1778.97 time, 1780.01 real, 224 MB, 1.04 load
[runlim] sample:		1788.97 time, 1790.01 real, 220 MB, 1.03 load
[runlim] sample:		1798.96 time, 1800.01 real, 218 MB, 1.03 load
[runlim] sample:		1808.97 time, 1810.01 real, 219 MB, 1.02 load
[runlim] sample:		1818.96 time, 1820.01 real, 219 MB, 1.02 load
[runlim] sample:		1828.96 time, 1830.01 real, 220 MB, 1.01 load
[runlim] sample:		1838.97 time, 1840.01 real, 267 MB, 1.01 load
[runlim] sample:		1848.97 time, 1850.01 real, 217 MB, 1.01 load
[runlim] sample:		1858.97 time, 1860.01 real, 217 MB, 1.01 load
[runlim] sample:		1868.96 time, 1870.01 real, 220 MB, 1.01 load
[runlim] sample:		1878.96 time, 1880.01 real, 221 MB, 1.00 load
[runlim] sample:		1888.96 time, 1890.01 real, 219 MB, 1.00 load
[runlim] sample:		1898.96 time, 1900.01 real, 220 MB, 1.00 load
[runlim] sample:		1908.96 time, 1910.01 real, 220 MB, 1.00 load
[runlim] sample:		1918.96 time, 1920.01 real, 220 MB, 1.00 load
[runlim] sample:		1928.96 time, 1930.01 real, 220 MB, 1.00 load
[runlim] sample:		1938.96 time, 1940.01 real, 219 MB, 1.00 load
[runlim] sample:		1948.96 time, 1950.01 real, 216 MB, 1.00 load
[runlim] sample:		1958.95 time, 1960.01 real, 219 MB, 1.00 load
[runlim] sample:		1968.96 time, 1970.01 real, 219 MB, 1.00 load
[runlim] sample:		1978.96 time, 1980.01 real, 219 MB, 1.08 load
[runlim] sample:		1988.96 time, 1990.01 real, 220 MB, 1.07 load
[runlim] sample:		1998.95 time, 2000.01 real, 220 MB, 1.06 load
[runlim] sample:		2008.96 time, 2010.01 real, 223 MB, 1.05 load
[runlim] sample:		2018.95 time, 2020.01 real, 219 MB, 1.04 load
[runlim] sample:		2028.96 time, 2030.01 real, 222 MB, 1.03 load
[runlim] sample:		2038.95 time, 2040.01 real, 219 MB, 1.03 load
[runlim] sample:		2048.95 time, 2050.01 real, 219 MB, 1.02 load
[runlim] sample:		2058.96 time, 2060.01 real, 224 MB, 1.02 load
[runlim] sample:		2068.95 time, 2070.01 real, 220 MB, 1.02 load
[runlim] sample:		2078.95 time, 2080.01 real, 222 MB, 1.01 load
[runlim] sample:		2088.95 time, 2090.01 real, 222 MB, 1.01 load
[runlim] sample:		2098.95 time, 2100.01 real, 220 MB, 1.01 load
[runlim] sample:		2108.95 time, 2110.01 real, 218 MB, 1.01 load
[runlim] sample:		2118.95 time, 2120.01 real, 221 MB, 1.00 load
[runlim] sample:		2128.95 time, 2130.01 real, 221 MB, 1.00 load
[runlim] sample:		2138.95 time, 2140.01 real, 222 MB, 1.00 load
[runlim] sample:		2148.95 time, 2150.01 real, 222 MB, 1.00 load
[runlim] sample:		2158.95 time, 2160.01 real, 222 MB, 1.00 load
[runlim] sample:		2168.94 time, 2170.01 real, 219 MB, 1.00 load
[runlim] sample:		2178.95 time, 2180.01 real, 222 MB, 1.00 load
[runlim] sample:		2188.94 time, 2190.01 real, 222 MB, 1.00 load
[runlim] sample:		2198.94 time, 2200.01 real, 222 MB, 1.00 load
[runlim] sample:		2208.94 time, 2210.01 real, 222 MB, 1.00 load
[runlim] sample:		2218.94 time, 2220.01 real, 224 MB, 1.00 load
[runlim] sample:		2228.95 time, 2230.01 real, 224 MB, 1.00 load
[runlim] sample:		2238.95 time, 2240.01 real, 224 MB, 1.00 load
[runlim] sample:		2248.94 time, 2250.01 real, 223 MB, 1.00 load
[runlim] sample:		2258.95 time, 2260.01 real, 223 MB, 1.00 load
[runlim] sample:		2268.95 time, 2270.01 real, 223 MB, 1.00 load
[runlim] sample:		2278.94 time, 2280.01 real, 223 MB, 1.00 load
[runlim] sample:		2288.94 time, 2290.01 real, 224 MB, 1.00 load
[runlim] sample:		2298.94 time, 2300.01 real, 224 MB, 1.00 load
[runlim] sample:		2308.94 time, 2310.01 real, 228 MB, 1.00 load
[runlim] sample:		2318.94 time, 2320.01 real, 227 MB, 1.00 load
[runlim] sample:		2328.94 time, 2330.01 real, 229 MB, 1.00 load
[runlim] sample:		2338.94 time, 2340.01 real, 229 MB, 1.00 load
[runlim] sample:		2348.94 time, 2350.01 real, 227 MB, 1.00 load
[runlim] sample:		2358.94 time, 2360.01 real, 229 MB, 1.00 load
[runlim] sample:		2368.94 time, 2370.01 real, 229 MB, 1.00 load
[runlim] sample:		2378.94 time, 2380.01 real, 229 MB, 1.00 load
[runlim] sample:		2388.94 time, 2390.01 real, 229 MB, 1.00 load
[runlim] sample:		2398.93 time, 2400.01 real, 229 MB, 1.00 load
[runlim] sample:		2408.93 time, 2410.01 real, 229 MB, 1.00 load
[runlim] sample:		2418.94 time, 2420.01 real, 228 MB, 1.00 load
[runlim] sample:		2428.93 time, 2430.01 real, 227 MB, 1.00 load
[runlim] sample:		2438.93 time, 2440.01 real, 227 MB, 1.00 load
[runlim] sample:		2448.93 time, 2450.01 real, 231 MB, 1.00 load
[runlim] sample:		2458.93 time, 2460.01 real, 228 MB, 1.00 load
[runlim] sample:		2468.93 time, 2470.01 real, 235 MB, 1.00 load
[runlim] sample:		2478.93 time, 2480.01 real, 235 MB, 1.00 load
[runlim] sample:		2488.93 time, 2490.01 real, 231 MB, 1.00 load
[runlim] sample:		2498.93 time, 2500.01 real, 227 MB, 1.00 load
[runlim] sample:		2508.93 time, 2510.01 real, 227 MB, 1.00 load
[runlim] sample:		2518.93 time, 2520.01 real, 229 MB, 1.00 load
[runlim] sample:		2528.93 time, 2530.01 real, 227 MB, 1.00 load
[runlim] sample:		2538.93 time, 2540.01 real, 227 MB, 1.00 load
[runlim] sample:		2548.93 time, 2550.01 real, 226 MB, 1.00 load
[runlim] sample:		2558.92 time, 2560.01 real, 225 MB, 1.00 load
[runlim] sample:		2568.93 time, 2570.01 real, 229 MB, 1.00 load
[runlim] sample:		2578.93 time, 2580.01 real, 229 MB, 1.00 load
[runlim] sample:		2588.93 time, 2590.01 real, 229 MB, 1.00 load
[runlim] sample:		2598.93 time, 2600.01 real, 228 MB, 1.00 load
[runlim] sample:		2608.93 time, 2610.01 real, 228 MB, 1.00 load
[runlim] sample:		2618.92 time, 2620.01 real, 233 MB, 1.00 load
[runlim] sample:		2628.92 time, 2630.01 real, 233 MB, 1.00 load
[runlim] sample:		2638.92 time, 2640.01 real, 233 MB, 1.00 load
[runlim] sample:		2648.92 time, 2650.01 real, 231 MB, 1.00 load
[runlim] sample:		2658.92 time, 2660.01 real, 231 MB, 1.00 load
[runlim] sample:		2668.92 time, 2670.01 real, 231 MB, 1.00 load
[runlim] sample:		2678.92 time, 2680.01 real, 232 MB, 1.07 load
[runlim] sample:		2688.92 time, 2690.01 real, 232 MB, 1.06 load
[runlim] sample:		2698.92 time, 2700.01 real, 235 MB, 1.05 load
[runlim] sample:		2708.91 time, 2710.01 real, 233 MB, 1.04 load
[runlim] sample:		2718.91 time, 2720.01 real, 233 MB, 1.04 load
[runlim] sample:		2728.91 time, 2730.01 real, 233 MB, 1.75 load
[runlim] sample:		2738.92 time, 2740.01 real, 228 MB, 1.63 load
[runlim] sample:		2748.92 time, 2750.01 real, 228 MB, 1.54 load
[runlim] sample:		2758.91 time, 2760.01 real, 227 MB, 1.45 load
[runlim] sample:		2768.91 time, 2770.01 real, 227 MB, 1.38 load
[runlim] sample:		2778.91 time, 2780.01 real, 227 MB, 1.32 load
[runlim] sample:		2788.91 time, 2790.01 real, 227 MB, 1.27 load
[runlim] sample:		2798.91 time, 2800.01 real, 227 MB, 1.23 load
[runlim] sample:		2808.91 time, 2810.01 real, 227 MB, 1.20 load
[runlim] sample:		2818.91 time, 2820.01 real, 228 MB, 1.17 load
[runlim] sample:		2828.91 time, 2830.01 real, 234 MB, 1.14 load
[runlim] sample:		2838.91 time, 2840.01 real, 234 MB, 1.12 load
[runlim] sample:		2848.91 time, 2850.01 real, 234 MB, 1.10 load
[runlim] sample:		2858.91 time, 2860.01 real, 235 MB, 1.08 load
[runlim] sample:		2868.91 time, 2870.01 real, 235 MB, 1.07 load
[runlim] sample:		2878.91 time, 2880.01 real, 235 MB, 1.06 load
[runlim] sample:		2888.90 time, 2890.01 real, 235 MB, 1.05 load
[runlim] sample:		2898.90 time, 2900.01 real, 235 MB, 1.04 load
[runlim] sample:		2908.90 time, 2910.01 real, 235 MB, 1.03 load
[runlim] sample:		2918.90 time, 2920.01 real, 235 MB, 1.03 load
[runlim] sample:		2928.91 time, 2930.01 real, 236 MB, 1.02 load
[runlim] sample:		2938.91 time, 2940.01 real, 236 MB, 1.02 load
[runlim] sample:		2948.91 time, 2950.01 real, 236 MB, 1.02 load
[runlim] sample:		2958.91 time, 2960.01 real, 236 MB, 1.01 load
[runlim] sample:		2968.91 time, 2970.01 real, 236 MB, 1.01 load
[runlim] sample:		2978.91 time, 2980.01 real, 236 MB, 1.01 load
[runlim] sample:		2988.90 time, 2990.01 real, 236 MB, 1.01 load
[runlim] sample:		2998.90 time, 3000.01 real, 248 MB, 1.01 load
[runlim] sample:		3008.90 time, 3010.01 real, 248 MB, 1.00 load
[runlim] sample:		3018.90 time, 3020.01 real, 248 MB, 1.00 load
[runlim] sample:		3028.90 time, 3030.01 real, 249 MB, 1.00 load
[runlim] sample:		3038.90 time, 3040.01 real, 249 MB, 1.00 load
[runlim] sample:		3048.90 time, 3050.01 real, 249 MB, 1.00 load
[runlim] sample:		3058.89 time, 3060.01 real, 249 MB, 1.00 load
[runlim] sample:		3068.89 time, 3070.01 real, 249 MB, 1.00 load
[runlim] sample:		3078.89 time, 3080.01 real, 249 MB, 1.00 load
[runlim] sample:		3088.89 time, 3090.01 real, 249 MB, 1.00 load
[runlim] sample:		3098.89 time, 3100.01 real, 249 MB, 1.00 load
[runlim] sample:		3108.89 time, 3110.01 real, 249 MB, 1.07 load
[runlim] sample:		3118.89 time, 3120.01 real, 249 MB, 1.06 load
[runlim] sample:		3128.89 time, 3130.01 real, 249 MB, 1.05 load
[runlim] sample:		3138.90 time, 3140.01 real, 249 MB, 1.04 load
[runlim] sample:		3148.90 time, 3150.01 real, 249 MB, 1.04 load
[runlim] sample:		3158.90 time, 3160.01 real, 249 MB, 1.03 load
[runlim] sample:		3168.89 time, 3170.01 real, 250 MB, 1.02 load
[runlim] sample:		3178.89 time, 3180.01 real, 250 MB, 1.02 load
[runlim] sample:		3188.89 time, 3190.01 real, 250 MB, 1.02 load
[runlim] sample:		3198.89 time, 3200.01 real, 250 MB, 1.01 load
[runlim] sample:		3208.89 time, 3210.01 real, 255 MB, 1.01 load
[runlim] sample:		3218.89 time, 3220.01 real, 255 MB, 1.01 load
[runlim] sample:		3228.89 time, 3230.01 real, 255 MB, 1.09 load
[runlim] sample:		3238.89 time, 3240.01 real, 255 MB, 1.07 load
[runlim] sample:		3248.89 time, 3250.01 real, 255 MB, 1.06 load
[runlim] sample:		3258.89 time, 3260.01 real, 255 MB, 1.05 load
[runlim] sample:		3268.89 time, 3270.01 real, 255 MB, 1.04 load
[runlim] sample:		3278.88 time, 3280.01 real, 255 MB, 1.18 load
[runlim] sample:		3288.88 time, 3290.01 real, 255 MB, 1.24 load
[runlim] sample:		3298.89 time, 3300.01 real, 255 MB, 1.20 load
[runlim] sample:		3308.89 time, 3310.01 real, 255 MB, 1.17 load
[runlim] sample:		3318.88 time, 3320.01 real, 256 MB, 1.14 load
[runlim] sample:		3328.88 time, 3330.01 real, 256 MB, 1.12 load
[runlim] sample:		3338.88 time, 3340.01 real, 256 MB, 1.10 load
[runlim] sample:		3348.88 time, 3350.01 real, 256 MB, 1.08 load
[runlim] sample:		3358.88 time, 3360.01 real, 255 MB, 1.73 load
[runlim] sample:		3368.88 time, 3370.01 real, 255 MB, 1.62 load
[runlim] sample:		3378.88 time, 3380.01 real, 255 MB, 1.53 load
[runlim] sample:		3388.88 time, 3390.01 real, 256 MB, 1.44 load
[runlim] sample:		3398.88 time, 3400.01 real, 268 MB, 1.38 load
[runlim] sample:		3408.88 time, 3410.01 real, 268 MB, 1.32 load
[runlim] sample:		3418.88 time, 3420.01 real, 268 MB, 1.27 load
[runlim] sample:		3428.87 time, 3430.01 real, 268 MB, 1.23 load
[runlim] sample:		3438.87 time, 3440.01 real, 268 MB, 1.19 load
[runlim] sample:		3448.87 time, 3450.01 real, 268 MB, 1.16 load
[runlim] sample:		3458.87 time, 3460.01 real, 268 MB, 1.14 load
[runlim] sample:		3468.87 time, 3470.01 real, 268 MB, 1.11 load
[runlim] sample:		3478.87 time, 3480.01 real, 268 MB, 1.18 load
[runlim] sample:		3488.87 time, 3490.01 real, 268 MB, 1.15 load
[runlim] sample:		3498.87 time, 3500.01 real, 268 MB, 1.13 load
[runlim] sample:		3508.87 time, 3510.01 real, 268 MB, 1.11 load
[runlim] sample:		3518.87 time, 3520.01 real, 268 MB, 1.09 load
[runlim] sample:		3528.87 time, 3530.01 real, 268 MB, 1.08 load
[runlim] sample:		3538.87 time, 3540.01 real, 268 MB, 1.06 load
[runlim] sample:		3548.87 time, 3550.01 real, 268 MB, 1.05 load
[runlim] sample:		3558.87 time, 3560.01 real, 268 MB, 1.04 load
[runlim] sample:		3568.86 time, 3570.01 real, 268 MB, 1.04 load
[runlim] sample:		3578.86 time, 3580.01 real, 268 MB, 1.03 load
[runlim] sample:		3588.87 time, 3590.01 real, 269 MB, 1.03 load
[runlim] sample:		3598.87 time, 3600.01 real, 269 MB, 1.10 load
[runlim] sample:		3608.87 time, 3610.01 real, 269 MB, 1.09 load
[runlim] sample:		3618.87 time, 3620.01 real, 269 MB, 1.07 load
[runlim] sample:		3628.86 time, 3630.01 real, 269 MB, 1.06 load
[runlim] sample:		3638.86 time, 3640.01 real, 269 MB, 1.05 load
[runlim] sample:		3648.86 time, 3650.01 real, 269 MB, 1.04 load
[runlim] sample:		3658.86 time, 3660.01 real, 269 MB, 1.04 load
[runlim] sample:		3668.86 time, 3670.01 real, 269 MB, 1.03 load
[runlim] sample:		3678.86 time, 3680.01 real, 269 MB, 1.02 load
[runlim] sample:		3688.86 time, 3690.01 real, 269 MB, 1.02 load
[runlim] sample:		3698.86 time, 3700.01 real, 269 MB, 1.02 load
[runlim] sample:		3708.86 time, 3710.01 real, 270 MB, 1.01 load
[runlim] sample:		3718.86 time, 3720.01 real, 270 MB, 1.01 load
[runlim] sample:		3728.86 time, 3730.01 real, 270 MB, 1.09 load
[runlim] sample:		3738.86 time, 3740.01 real, 270 MB, 1.08 load
[runlim] sample:		3748.85 time, 3750.01 real, 270 MB, 1.06 load
[runlim] sample:		3758.85 time, 3760.01 real, 270 MB, 1.05 load
[runlim] sample:		3768.85 time, 3770.01 real, 270 MB, 1.04 load
[runlim] sample:		3778.85 time, 3780.01 real, 270 MB, 1.04 load
[runlim] sample:		3788.85 time, 3790.01 real, 271 MB, 1.03 load
[runlim] sample:		3798.85 time, 3800.01 real, 275 MB, 1.03 load
[runlim] sample:		3808.85 time, 3810.01 real, 275 MB, 1.02 load
[runlim] sample:		3818.85 time, 3820.01 real, 275 MB, 1.02 load
[runlim] sample:		3828.86 time, 3830.01 real, 274 MB, 1.01 load
[runlim] sample:		3838.86 time, 3840.01 real, 274 MB, 1.01 load
[runlim] sample:		3848.86 time, 3850.01 real, 274 MB, 1.01 load
[runlim] sample:		3858.86 time, 3860.01 real, 274 MB, 1.01 load
[runlim] sample:		3868.85 time, 3870.01 real, 274 MB, 1.01 load
[runlim] sample:		3878.85 time, 3880.01 real, 274 MB, 1.08 load
[runlim] sample:		3888.85 time, 3890.01 real, 274 MB, 1.07 load
[runlim] sample:		3898.85 time, 3900.01 real, 274 MB, 1.06 load
[runlim] sample:		3908.84 time, 3910.01 real, 289 MB, 1.05 load
[runlim] sample:		3918.85 time, 3920.01 real, 275 MB, 1.04 load
[runlim] sample:		3928.85 time, 3930.01 real, 275 MB, 1.03 load
[runlim] sample:		3938.85 time, 3940.01 real, 275 MB, 1.03 load
[runlim] sample:		3948.85 time, 3950.01 real, 275 MB, 1.02 load
[runlim] sample:		3958.84 time, 3960.01 real, 275 MB, 1.02 load
[runlim] sample:		3968.84 time, 3970.01 real, 275 MB, 1.02 load
[runlim] sample:		3978.84 time, 3980.01 real, 275 MB, 1.01 load
[runlim] sample:		3988.84 time, 3990.01 real, 275 MB, 1.01 load
[runlim] sample:		3998.84 time, 4000.01 real, 275 MB, 1.01 load
[runlim] sample:		4008.84 time, 4010.01 real, 275 MB, 1.01 load
[runlim] sample:		4018.84 time, 4020.01 real, 275 MB, 1.00 load
[runlim] sample:		4028.84 time, 4030.01 real, 275 MB, 1.00 load
[runlim] sample:		4038.84 time, 4040.01 real, 276 MB, 1.00 load
[runlim] sample:		4048.84 time, 4050.01 real, 276 MB, 1.00 load
[runlim] sample:		4058.83 time, 4060.01 real, 276 MB, 1.00 load
[runlim] sample:		4068.83 time, 4070.01 real, 276 MB, 1.00 load
[runlim] sample:		4078.83 time, 4080.01 real, 276 MB, 1.00 load
[runlim] sample:		4088.83 time, 4090.01 real, 276 MB, 1.00 load
[runlim] sample:		4098.83 time, 4100.01 real, 276 MB, 1.00 load
[runlim] sample:		4108.83 time, 4110.01 real, 276 MB, 1.00 load
[runlim] sample:		4118.83 time, 4120.01 real, 276 MB, 1.00 load
[runlim] sample:		4128.83 time, 4130.01 real, 276 MB, 1.00 load
[runlim] sample:		4138.83 time, 4140.01 real, 276 MB, 1.00 load
[runlim] sample:		4148.83 time, 4150.01 real, 276 MB, 1.00 load
[runlim] sample:		4158.83 time, 4160.01 real, 276 MB, 1.00 load
[runlim] sample:		4168.83 time, 4170.01 real, 276 MB, 1.00 load
[runlim] sample:		4178.83 time, 4180.01 real, 276 MB, 1.00 load
[runlim] sample:		4188.83 time, 4190.01 real, 276 MB, 1.00 load
[runlim] sample:		4198.82 time, 4200.01 real, 276 MB, 1.00 load
[runlim] sample:		4208.83 time, 4210.01 real, 276 MB, 1.00 load
[runlim] sample:		4218.83 time, 4220.01 real, 276 MB, 1.00 load
[runlim] sample:		4228.83 time, 4230.01 real, 276 MB, 1.00 load
[runlim] sample:		4238.83 time, 4240.01 real, 276 MB, 1.00 load
[runlim] sample:		4248.83 time, 4250.01 real, 278 MB, 1.00 load
[runlim] sample:		4258.83 time, 4260.01 real, 279 MB, 1.00 load
[runlim] sample:		4268.83 time, 4270.01 real, 279 MB, 1.00 load
[runlim] sample:		4278.83 time, 4280.01 real, 279 MB, 1.00 load
[runlim] sample:		4288.83 time, 4290.01 real, 281 MB, 1.00 load
[runlim] sample:		4298.82 time, 4300.01 real, 283 MB, 1.00 load
[runlim] sample:		4308.82 time, 4310.01 real, 283 MB, 1.00 load
[runlim] sample:		4318.82 time, 4320.01 real, 283 MB, 1.00 load
[runlim] sample:		4328.82 time, 4330.01 real, 283 MB, 1.00 load
[runlim] sample:		4338.82 time, 4340.01 real, 283 MB, 1.00 load
[runlim] sample:		4348.82 time, 4350.01 real, 283 MB, 1.00 load
[runlim] sample:		4358.82 time, 4360.01 real, 283 MB, 1.00 load
[runlim] sample:		4368.82 time, 4370.01 real, 283 MB, 1.00 load
[runlim] sample:		4378.82 time, 4380.01 real, 283 MB, 1.00 load
[runlim] sample:		4388.82 time, 4390.01 real, 283 MB, 1.00 load
[runlim] sample:		4398.81 time, 4400.01 real, 283 MB, 1.00 load
[runlim] sample:		4408.81 time, 4410.01 real, 283 MB, 1.00 load
[runlim] sample:		4418.81 time, 4420.01 real, 283 MB, 1.00 load
[runlim] sample:		4428.81 time, 4430.01 real, 283 MB, 1.00 load
[runlim] sample:		4438.81 time, 4440.01 real, 284 MB, 1.00 load
[runlim] sample:		4448.81 time, 4450.01 real, 284 MB, 1.00 load
[runlim] sample:		4458.81 time, 4460.01 real, 284 MB, 1.00 load
[runlim] sample:		4468.81 time, 4470.01 real, 284 MB, 1.00 load
[runlim] sample:		4478.81 time, 4480.01 real, 283 MB, 1.15 load
[runlim] sample:		4488.81 time, 4490.01 real, 283 MB, 1.13 load
[runlim] sample:		4498.81 time, 4500.01 real, 283 MB, 1.11 load
[runlim] sample:		4508.81 time, 4510.01 real, 283 MB, 1.09 load
[runlim] sample:		4518.81 time, 4520.01 real, 283 MB, 1.08 load
[runlim] sample:		4528.81 time, 4530.01 real, 284 MB, 1.06 load
[runlim] sample:		4538.81 time, 4540.01 real, 284 MB, 1.05 load
[runlim] sample:		4548.81 time, 4550.01 real, 284 MB, 1.05 load
[runlim] sample:		4558.81 time, 4560.01 real, 284 MB, 1.04 load
[runlim] sample:		4568.81 time, 4570.01 real, 284 MB, 1.03 load
[runlim] sample:		4578.80 time, 4580.01 real, 284 MB, 1.03 load
[runlim] sample:		4588.80 time, 4590.01 real, 284 MB, 1.02 load
[runlim] sample:		4598.80 time, 4600.01 real, 284 MB, 1.02 load
[runlim] sample:		4608.80 time, 4610.01 real, 284 MB, 1.68 load
[runlim] sample:		4618.80 time, 4620.01 real, 284 MB, 1.57 load
[runlim] sample:		4628.80 time, 4630.01 real, 284 MB, 1.48 load
[runlim] sample:		4638.80 time, 4640.01 real, 284 MB, 1.41 load
[runlim] sample:		4648.80 time, 4650.01 real, 284 MB, 1.35 load
[runlim] sample:		4658.80 time, 4660.01 real, 284 MB, 1.29 load
[runlim] sample:		4668.80 time, 4670.01 real, 284 MB, 1.25 load
[runlim] sample:		4678.80 time, 4680.01 real, 286 MB, 1.21 load
[runlim] sample:		4688.80 time, 4690.01 real, 286 MB, 1.18 load
[runlim] sample:		4698.80 time, 4700.01 real, 286 MB, 1.15 load
[runlim] sample:		4708.80 time, 4710.01 real, 286 MB, 1.12 load
[runlim] sample:		4718.79 time, 4720.01 real, 288 MB, 1.11 load
[runlim] sample:		4728.80 time, 4730.01 real, 288 MB, 1.09 load
[runlim] sample:		4738.80 time, 4740.01 real, 288 MB, 1.07 load
[runlim] sample:		4748.79 time, 4750.01 real, 288 MB, 1.06 load
[runlim] sample:		4758.79 time, 4760.01 real, 288 MB, 1.05 load
[runlim] sample:		4768.79 time, 4770.01 real, 288 MB, 1.04 load
[runlim] sample:		4778.78 time, 4780.01 real, 289 MB, 1.04 load
[runlim] sample:		4788.78 time, 4790.01 real, 289 MB, 1.03 load
[runlim] sample:		4798.78 time, 4800.01 real, 289 MB, 1.03 load
[runlim] sample:		4808.78 time, 4810.01 real, 289 MB, 1.02 load
[runlim] sample:		4818.78 time, 4820.01 real, 289 MB, 1.02 load
[runlim] sample:		4828.79 time, 4830.01 real, 289 MB, 1.01 load
[runlim] sample:		4838.78 time, 4840.01 real, 289 MB, 1.01 load
[runlim] sample:		4848.78 time, 4850.01 real, 289 MB, 1.09 load
[runlim] sample:		4858.78 time, 4860.01 real, 289 MB, 1.08 load
[runlim] sample:		4868.78 time, 4870.01 real, 289 MB, 1.06 load
[runlim] sample:		4878.78 time, 4880.01 real, 288 MB, 1.05 load
[runlim] sample:		4888.78 time, 4890.01 real, 288 MB, 1.04 load
[runlim] sample:		4898.78 time, 4900.01 real, 288 MB, 1.04 load
[runlim] sample:		4908.78 time, 4910.01 real, 288 MB, 1.03 load
[runlim] sample:		4918.78 time, 4920.01 real, 288 MB, 1.03 load
[runlim] sample:		4928.78 time, 4930.01 real, 290 MB, 1.02 load
[runlim] sample:		4938.78 time, 4940.01 real, 290 MB, 1.02 load
[runlim] sample:		4948.78 time, 4950.01 real, 290 MB, 1.01 load
[runlim] sample:		4958.78 time, 4960.01 real, 290 MB, 1.01 load
[runlim] sample:		4968.78 time, 4970.01 real, 290 MB, 1.01 load
[runlim] sample:		4978.78 time, 4980.01 real, 290 MB, 1.01 load
[runlim] sample:		4988.78 time, 4990.01 real, 290 MB, 1.01 load
[runlim] sample:		4998.78 time, 5000.01 real, 290 MB, 1.00 load
[runlim] sample:		5008.78 time, 5010.01 real, 290 MB, 1.00 load
[runlim] sample:		5018.77 time, 5020.01 real, 290 MB, 1.00 load
[runlim] sample:		5028.77 time, 5030.01 real, 290 MB, 1.00 load
[runlim] sample:		5038.77 time, 5040.01 real, 290 MB, 1.00 load
[runlim] sample:		5048.77 time, 5050.01 real, 290 MB, 1.00 load
[runlim] sample:		5058.77 time, 5060.01 real, 290 MB, 1.00 load
[runlim] sample:		5068.77 time, 5070.01 real, 294 MB, 1.00 load
[runlim] sample:		5078.76 time, 5080.01 real, 294 MB, 1.00 load
[runlim] sample:		5088.76 time, 5090.01 real, 294 MB, 1.00 load
[runlim] sample:		5098.76 time, 5100.01 real, 294 MB, 1.00 load
[runlim] sample:		5108.76 time, 5110.01 real, 294 MB, 1.00 load
[runlim] sample:		5118.75 time, 5120.01 real, 294 MB, 1.00 load
[runlim] sample:		5128.75 time, 5130.01 real, 294 MB, 1.00 load
[runlim] sample:		5138.75 time, 5140.01 real, 294 MB, 1.00 load
[runlim] sample:		5148.75 time, 5150.01 real, 294 MB, 1.00 load
[runlim] sample:		5158.75 time, 5160.01 real, 294 MB, 1.00 load
[runlim] sample:		5168.75 time, 5170.01 real, 294 MB, 1.00 load
[runlim] sample:		5178.75 time, 5180.01 real, 294 MB, 1.00 load
[runlim] sample:		5188.75 time, 5190.01 real, 294 MB, 1.00 load
[runlim] sample:		5198.75 time, 5200.01 real, 294 MB, 1.00 load
[runlim] sample:		5208.75 time, 5210.01 real, 294 MB, 1.00 load
[runlim] sample:		5218.75 time, 5220.01 real, 295 MB, 1.00 load
[runlim] sample:		5228.75 time, 5230.01 real, 295 MB, 1.00 load
[runlim] sample:		5238.75 time, 5240.01 real, 295 MB, 1.00 load
[runlim] sample:		5248.75 time, 5250.01 real, 295 MB, 1.00 load
[runlim] sample:		5258.75 time, 5260.01 real, 295 MB, 1.00 load
[runlim] sample:		5268.74 time, 5270.01 real, 296 MB, 1.00 load
[runlim] sample:		5278.74 time, 5280.01 real, 296 MB, 1.00 load
[runlim] sample:		5288.74 time, 5290.01 real, 296 MB, 1.00 load
[runlim] sample:		5298.74 time, 5300.01 real, 296 MB, 1.00 load
[runlim] sample:		5308.74 time, 5310.01 real, 296 MB, 1.00 load
[runlim] sample:		5318.75 time, 5320.01 real, 296 MB, 1.00 load
[runlim] sample:		5328.75 time, 5330.01 real, 296 MB, 1.00 load
[runlim] sample:		5338.74 time, 5340.01 real, 296 MB, 1.00 load
[runlim] sample:		5348.74 time, 5350.01 real, 296 MB, 1.00 load
[runlim] sample:		5358.74 time, 5360.01 real, 296 MB, 1.00 load
[runlim] sample:		5368.74 time, 5370.01 real, 296 MB, 1.00 load
[runlim] sample:		5378.74 time, 5380.01 real, 296 MB, 1.00 load
[runlim] sample:		5388.74 time, 5390.01 real, 296 MB, 1.00 load
[runlim] sample:		5398.74 time, 5400.01 real, 296 MB, 1.00 load
[runlim] sample:		5408.74 time, 5410.01 real, 296 MB, 1.00 load
[runlim] sample:		5418.74 time, 5420.01 real, 296 MB, 1.00 load
[runlim] sample:		5428.74 time, 5430.01 real, 298 MB, 1.00 load
[runlim] sample:		5438.74 time, 5440.01 real, 298 MB, 1.00 load
[runlim] sample:		5448.74 time, 5450.01 real, 298 MB, 1.00 load
[runlim] sample:		5458.74 time, 5460.01 real, 298 MB, 1.00 load
[runlim] sample:		5468.74 time, 5470.01 real, 298 MB, 1.00 load
[runlim] sample:		5478.74 time, 5480.01 real, 298 MB, 1.00 load
[runlim] sample:		5488.74 time, 5490.01 real, 298 MB, 1.00 load
[runlim] sample:		5498.74 time, 5500.01 real, 298 MB, 1.00 load
[runlim] sample:		5508.74 time, 5510.01 real, 298 MB, 1.00 load
[runlim] sample:		5518.74 time, 5520.01 real, 298 MB, 1.00 load
[runlim] sample:		5528.74 time, 5530.01 real, 298 MB, 1.00 load
[runlim] sample:		5538.73 time, 5540.01 real, 298 MB, 1.00 load
[runlim] sample:		5548.73 time, 5550.01 real, 298 MB, 1.00 load
[runlim] sample:		5558.73 time, 5560.01 real, 298 MB, 1.00 load
[runlim] sample:		5568.73 time, 5570.01 real, 298 MB, 1.00 load
[runlim] sample:		5578.73 time, 5580.01 real, 298 MB, 1.00 load
[runlim] sample:		5588.73 time, 5590.01 real, 298 MB, 1.00 load
[runlim] sample:		5598.73 time, 5600.01 real, 298 MB, 1.00 load
[runlim] sample:		5608.72 time, 5610.01 real, 298 MB, 1.00 load
[runlim] sample:		5618.72 time, 5620.01 real, 298 MB, 1.00 load
[runlim] sample:		5628.73 time, 5630.01 real, 298 MB, 1.00 load
[runlim] sample:		5638.73 time, 5640.01 real, 298 MB, 1.00 load
[runlim] sample:		5648.72 time, 5650.01 real, 298 MB, 1.00 load
[runlim] sample:		5658.72 time, 5660.01 real, 298 MB, 1.00 load
[runlim] sample:		5668.72 time, 5670.01 real, 298 MB, 1.00 load
[runlim] sample:		5678.72 time, 5680.01 real, 298 MB, 1.00 load
[runlim] sample:		5688.72 time, 5690.01 real, 298 MB, 1.00 load
[runlim] sample:		5698.72 time, 5700.01 real, 298 MB, 1.00 load
[runlim] sample:		5708.72 time, 5710.01 real, 298 MB, 1.00 load
[runlim] sample:		5718.72 time, 5720.01 real, 298 MB, 1.00 load
[runlim] sample:		5728.71 time, 5730.01 real, 298 MB, 1.00 load
[runlim] sample:		5738.71 time, 5740.01 real, 298 MB, 1.00 load
[runlim] sample:		5748.71 time, 5750.01 real, 298 MB, 1.00 load
[runlim] sample:		5758.71 time, 5760.01 real, 298 MB, 1.00 load
[runlim] sample:		5768.71 time, 5770.01 real, 298 MB, 1.00 load
[runlim] sample:		5778.72 time, 5780.01 real, 299 MB, 1.00 load
[runlim] sample:		5788.72 time, 5790.01 real, 299 MB, 1.00 load
[runlim] sample:		5798.72 time, 5800.01 real, 299 MB, 1.00 load
[runlim] sample:		5808.72 time, 5810.01 real, 299 MB, 1.00 load
[runlim] sample:		5818.72 time, 5820.01 real, 301 MB, 1.00 load
[runlim] sample:		5828.71 time, 5830.01 real, 301 MB, 1.00 load
[runlim] sample:		5838.71 time, 5840.01 real, 301 MB, 1.00 load
[runlim] sample:		5848.71 time, 5850.01 real, 301 MB, 1.00 load
[runlim] sample:		5858.71 time, 5860.01 real, 312 MB, 1.00 load
[runlim] sample:		5868.71 time, 5870.01 real, 312 MB, 1.00 load
[runlim] sample:		5878.70 time, 5880.01 real, 312 MB, 1.00 load
[runlim] sample:		5888.71 time, 5890.01 real, 312 MB, 1.00 load
[runlim] sample:		5898.71 time, 5900.01 real, 312 MB, 1.00 load
[runlim] sample:		5908.71 time, 5910.01 real, 312 MB, 1.00 load
[runlim] sample:		5918.71 time, 5920.01 real, 312 MB, 1.00 load
[runlim] sample:		5928.71 time, 5930.01 real, 312 MB, 1.00 load
[runlim] sample:		5938.70 time, 5940.01 real, 312 MB, 1.00 load
[runlim] sample:		5948.70 time, 5950.01 real, 312 MB, 1.00 load
[runlim] sample:		5958.70 time, 5960.01 real, 312 MB, 1.00 load
[runlim] sample:		5968.70 time, 5970.01 real, 312 MB, 1.00 load
[runlim] sample:		5978.70 time, 5980.01 real, 312 MB, 1.00 load
[runlim] sample:		5988.70 time, 5990.01 real, 312 MB, 1.00 load
[runlim] sample:		5998.70 time, 6000.01 real, 312 MB, 1.00 load
[runlim] sample:		6008.70 time, 6010.01 real, 312 MB, 1.00 load
[runlim] sample:		6018.70 time, 6020.01 real, 312 MB, 1.00 load
[runlim] sample:		6028.70 time, 6030.01 real, 312 MB, 1.00 load
[runlim] sample:		6038.70 time, 6040.01 real, 312 MB, 1.00 load
[runlim] sample:		6048.70 time, 6050.01 real, 312 MB, 1.00 load
[runlim] sample:		6058.70 time, 6060.01 real, 312 MB, 1.00 load
[runlim] sample:		6068.70 time, 6070.01 real, 312 MB, 1.00 load
[runlim] sample:		6078.70 time, 6080.01 real, 312 MB, 1.00 load
[runlim] sample:		6088.70 time, 6090.01 real, 312 MB, 1.00 load
[runlim] sample:		6098.70 time, 6100.01 real, 313 MB, 1.00 load
[runlim] sample:		6108.70 time, 6110.01 real, 313 MB, 1.07 load
[runlim] sample:		6118.70 time, 6120.01 real, 313 MB, 1.06 load
[runlim] sample:		6128.70 time, 6130.01 real, 315 MB, 1.05 load
[runlim] sample:		6138.70 time, 6140.01 real, 315 MB, 1.04 load
[runlim] sample:		6148.70 time, 6150.01 real, 315 MB, 1.04 load
[runlim] sample:		6158.70 time, 6160.01 real, 315 MB, 1.03 load
[runlim] sample:		6168.70 time, 6170.01 real, 315 MB, 1.02 load
[runlim] sample:		6178.70 time, 6180.01 real, 315 MB, 1.02 load
[runlim] sample:		6188.69 time, 6190.01 real, 315 MB, 1.02 load
[runlim] sample:		6198.69 time, 6200.01 real, 315 MB, 1.01 load
[runlim] sample:		6208.69 time, 6210.01 real, 316 MB, 1.01 load
[runlim] sample:		6218.69 time, 6220.01 real, 316 MB, 1.01 load
[runlim] sample:		6228.69 time, 6230.01 real, 316 MB, 1.01 load
[runlim] sample:		6238.69 time, 6240.01 real, 316 MB, 1.01 load
[runlim] sample:		6248.69 time, 6250.01 real, 316 MB, 1.00 load
[runlim] sample:		6258.69 time, 6260.01 real, 316 MB, 1.00 load
[runlim] sample:		6268.69 time, 6270.01 real, 316 MB, 1.00 load
[runlim] sample:		6278.68 time, 6280.01 real, 316 MB, 1.00 load
[runlim] sample:		6288.68 time, 6290.01 real, 316 MB, 1.00 load
[runlim] sample:		6298.68 time, 6300.01 real, 316 MB, 1.00 load
[runlim] sample:		6308.68 time, 6310.01 real, 316 MB, 1.00 load
[runlim] sample:		6318.68 time, 6320.01 real, 315 MB, 1.00 load
[runlim] sample:		6328.68 time, 6330.01 real, 315 MB, 1.00 load
[runlim] sample:		6338.68 time, 6340.01 real, 315 MB, 1.00 load
[runlim] sample:		6348.67 time, 6350.01 real, 315 MB, 1.00 load
[runlim] sample:		6358.67 time, 6360.01 real, 315 MB, 1.00 load
[runlim] sample:		6368.67 time, 6370.01 real, 315 MB, 1.00 load
[runlim] sample:		6378.67 time, 6380.01 real, 315 MB, 1.00 load
[runlim] sample:		6388.67 time, 6390.01 real, 315 MB, 1.00 load
[runlim] sample:		6398.67 time, 6400.01 real, 315 MB, 1.00 load
[runlim] sample:		6408.67 time, 6410.01 real, 315 MB, 1.00 load
[runlim] sample:		6418.66 time, 6420.01 real, 315 MB, 1.00 load
[runlim] sample:		6428.67 time, 6430.01 real, 317 MB, 1.00 load
[runlim] sample:		6438.67 time, 6440.01 real, 317 MB, 1.00 load
[runlim] sample:		6448.66 time, 6450.01 real, 317 MB, 1.00 load
[runlim] sample:		6458.66 time, 6460.01 real, 317 MB, 1.00 load
[runlim] sample:		6468.66 time, 6470.01 real, 317 MB, 1.00 load
[runlim] sample:		6478.67 time, 6480.01 real, 317 MB, 1.72 load
[runlim] sample:		6488.66 time, 6490.01 real, 317 MB, 1.61 load
[runlim] sample:		6498.66 time, 6500.01 real, 317 MB, 1.52 load
[runlim] sample:		6508.66 time, 6510.01 real, 317 MB, 1.44 load
[runlim] sample:		6518.66 time, 6520.01 real, 317 MB, 1.37 load
[runlim] sample:		6528.66 time, 6530.01 real, 317 MB, 1.31 load
[runlim] sample:		6538.66 time, 6540.01 real, 316 MB, 1.26 load
[runlim] sample:		6548.66 time, 6550.01 real, 316 MB, 1.22 load
[runlim] sample:		6558.66 time, 6560.01 real, 316 MB, 1.19 load
[runlim] sample:		6568.66 time, 6570.01 real, 316 MB, 1.16 load
[runlim] sample:		6578.66 time, 6580.01 real, 316 MB, 1.13 load
[runlim] sample:		6588.66 time, 6590.01 real, 316 MB, 1.11 load
[runlim] sample:		6598.66 time, 6600.01 real, 316 MB, 1.10 load
[runlim] sample:		6608.66 time, 6610.01 real, 316 MB, 1.08 load
[runlim] sample:		6618.66 time, 6620.01 real, 316 MB, 1.07 load
[runlim] sample:		6628.66 time, 6630.01 real, 316 MB, 1.06 load
[runlim] sample:		6638.66 time, 6640.01 real, 316 MB, 1.05 load
[runlim] sample:		6648.65 time, 6650.01 real, 317 MB, 1.04 load
[runlim] sample:		6658.65 time, 6660.01 real, 317 MB, 1.03 load
[runlim] sample:		6668.65 time, 6670.01 real, 317 MB, 1.03 load
[runlim] sample:		6678.65 time, 6680.01 real, 317 MB, 1.02 load
[runlim] sample:		6688.65 time, 6690.01 real, 317 MB, 1.02 load
[runlim] sample:		6698.65 time, 6700.01 real, 317 MB, 1.02 load
[runlim] sample:		6708.65 time, 6710.01 real, 317 MB, 1.01 load
[runlim] sample:		6718.65 time, 6720.01 real, 317 MB, 1.01 load
[runlim] sample:		6728.65 time, 6730.01 real, 317 MB, 1.01 load
[runlim] sample:		6738.65 time, 6740.01 real, 317 MB, 1.01 load
[runlim] sample:		6748.65 time, 6750.01 real, 317 MB, 1.00 load
[runlim] sample:		6758.65 time, 6760.01 real, 317 MB, 1.00 load
[runlim] sample:		6768.65 time, 6770.01 real, 318 MB, 1.00 load
[runlim] sample:		6778.65 time, 6780.01 real, 318 MB, 1.00 load
[runlim] sample:		6788.65 time, 6790.01 real, 318 MB, 1.00 load
[runlim] sample:		6798.65 time, 6800.01 real, 318 MB, 1.00 load
[runlim] sample:		6808.65 time, 6810.01 real, 318 MB, 1.00 load
[runlim] sample:		6818.64 time, 6820.01 real, 318 MB, 1.00 load
[runlim] sample:		6828.65 time, 6830.01 real, 318 MB, 1.00 load
[runlim] sample:		6838.65 time, 6840.01 real, 318 MB, 1.00 load
[runlim] sample:		6848.64 time, 6850.01 real, 318 MB, 1.00 load
[runlim] sample:		6858.64 time, 6860.01 real, 318 MB, 1.00 load
[runlim] sample:		6868.64 time, 6870.01 real, 318 MB, 1.00 load
[runlim] sample:		6878.64 time, 6880.01 real, 318 MB, 1.00 load
[runlim] sample:		6888.64 time, 6890.01 real, 318 MB, 1.00 load
[runlim] sample:		6898.64 time, 6900.01 real, 318 MB, 1.00 load
[runlim] sample:		6908.64 time, 6910.01 real, 318 MB, 1.00 load
[runlim] sample:		6918.64 time, 6920.01 real, 318 MB, 1.00 load
[runlim] sample:		6928.64 time, 6930.01 real, 318 MB, 1.00 load
[runlim] sample:		6938.63 time, 6940.01 real, 318 MB, 1.00 load
[runlim] sample:		6948.63 time, 6950.01 real, 318 MB, 1.00 load
[runlim] sample:		6958.63 time, 6960.01 real, 318 MB, 1.00 load
[runlim] sample:		6968.63 time, 6970.01 real, 318 MB, 1.00 load
[runlim] sample:		6978.63 time, 6980.01 real, 318 MB, 1.00 load
[runlim] sample:		6988.63 time, 6990.01 real, 318 MB, 1.00 load
[runlim] sample:		6998.64 time, 7000.01 real, 318 MB, 1.00 load
[runlim] sample:		7008.64 time, 7010.01 real, 318 MB, 1.00 load
[runlim] sample:		7018.63 time, 7020.01 real, 318 MB, 1.00 load
[runlim] sample:		7028.63 time, 7030.01 real, 318 MB, 1.00 load
[runlim] sample:		7038.63 time, 7040.01 real, 318 MB, 1.00 load
[runlim] sample:		7048.62 time, 7050.01 real, 318 MB, 1.00 load
[runlim] sample:		7058.62 time, 7060.01 real, 318 MB, 1.00 load
[runlim] sample:		7068.62 time, 7070.01 real, 318 MB, 1.00 load
[runlim] sample:		7078.62 time, 7080.01 real, 318 MB, 1.00 load
[runlim] sample:		7088.62 time, 7090.01 real, 318 MB, 1.00 load
[runlim] sample:		7098.62 time, 7100.01 real, 318 MB, 1.00 load
[runlim] sample:		7108.62 time, 7110.01 real, 319 MB, 1.00 load
[runlim] sample:		7118.62 time, 7120.01 real, 319 MB, 1.00 load
[runlim] sample:		7128.62 time, 7130.01 real, 319 MB, 1.00 load
[runlim] sample:		7138.62 time, 7140.01 real, 319 MB, 1.00 load
[runlim] sample:		7148.62 time, 7150.01 real, 319 MB, 1.00 load
[runlim] sample:		7158.62 time, 7160.01 real, 319 MB, 1.00 load
[runlim] sample:		7168.62 time, 7170.01 real, 319 MB, 1.00 load
[runlim] sample:		7178.62 time, 7180.01 real, 319 MB, 1.00 load
[runlim] sample:		7188.62 time, 7190.01 real, 319 MB, 1.00 load
[runlim] sample:		7198.62 time, 7200.01 real, 319 MB, 1.00 load
[runlim] sample:		7208.62 time, 7210.01 real, 319 MB, 1.00 load
[runlim] sample:		7218.61 time, 7220.01 real, 319 MB, 1.00 load
[runlim] sample:		7228.62 time, 7230.01 real, 319 MB, 1.00 load
[runlim] sample:		7238.62 time, 7240.01 real, 319 MB, 1.00 load
[runlim] sample:		7248.62 time, 7250.01 real, 319 MB, 1.00 load
[runlim] sample:		7258.62 time, 7260.01 real, 319 MB, 1.00 load
[runlim] sample:		7268.62 time, 7270.01 real, 319 MB, 1.00 load
[runlim] sample:		7278.62 time, 7280.01 real, 319 MB, 1.00 load
[runlim] sample:		7288.61 time, 7290.01 real, 319 MB, 1.00 load
[runlim] sample:		7298.61 time, 7300.01 real, 319 MB, 1.00 load
[runlim] sample:		7308.61 time, 7310.01 real, 319 MB, 1.00 load
[runlim] sample:		7318.61 time, 7320.01 real, 319 MB, 1.00 load
[runlim] sample:		7328.61 time, 7330.01 real, 319 MB, 1.00 load
[runlim] sample:		7338.61 time, 7340.01 real, 319 MB, 1.00 load
[runlim] sample:		7348.61 time, 7350.01 real, 319 MB, 1.00 load
[runlim] sample:		7358.61 time, 7360.01 real, 319 MB, 1.00 load
[runlim] sample:		7368.61 time, 7370.01 real, 319 MB, 1.00 load
[runlim] sample:		7378.61 time, 7380.01 real, 319 MB, 1.00 load
[runlim] sample:		7388.61 time, 7390.01 real, 319 MB, 1.00 load
[runlim] sample:		7398.61 time, 7400.01 real, 319 MB, 1.00 load
[runlim] sample:		7408.61 time, 7410.01 real, 320 MB, 1.00 load
[runlim] sample:		7418.61 time, 7420.01 real, 320 MB, 1.00 load
[runlim] sample:		7428.61 time, 7430.01 real, 320 MB, 1.00 load
[runlim] sample:		7438.61 time, 7440.01 real, 320 MB, 1.00 load
[runlim] sample:		7448.60 time, 7450.01 real, 320 MB, 1.00 load
[runlim] sample:		7458.60 time, 7460.01 real, 320 MB, 1.00 load
[runlim] sample:		7468.60 time, 7470.01 real, 320 MB, 1.00 load
[runlim] sample:		7478.60 time, 7480.01 real, 320 MB, 1.00 load
[runlim] sample:		7488.60 time, 7490.01 real, 320 MB, 1.00 load
[runlim] sample:		7498.60 time, 7500.01 real, 320 MB, 1.00 load
[runlim] sample:		7508.60 time, 7510.01 real, 337 MB, 1.00 load
[runlim] sample:		7518.60 time, 7520.01 real, 337 MB, 1.00 load
[runlim] sample:		7528.59 time, 7530.01 real, 337 MB, 1.00 load
[runlim] sample:		7538.59 time, 7540.01 real, 337 MB, 1.00 load
[runlim] sample:		7548.59 time, 7550.01 real, 337 MB, 1.00 load
[runlim] sample:		7558.60 time, 7560.01 real, 337 MB, 1.00 load
[runlim] sample:		7568.60 time, 7570.01 real, 337 MB, 1.00 load
[runlim] sample:		7578.60 time, 7580.01 real, 337 MB, 1.00 load
[runlim] sample:		7588.59 time, 7590.01 real, 337 MB, 1.00 load
[runlim] sample:		7598.59 time, 7600.01 real, 337 MB, 1.00 load
[runlim] sample:		7608.59 time, 7610.01 real, 337 MB, 1.07 load
[runlim] sample:		7618.59 time, 7620.01 real, 337 MB, 1.06 load
[runlim] sample:		7628.59 time, 7630.01 real, 337 MB, 1.05 load
[runlim] sample:		7638.59 time, 7640.01 real, 337 MB, 1.04 load
[runlim] sample:		7648.59 time, 7650.01 real, 337 MB, 1.04 load
[runlim] sample:		7658.59 time, 7660.01 real, 337 MB, 1.03 load
[runlim] sample:		7668.59 time, 7670.01 real, 337 MB, 1.02 load
[runlim] sample:		7678.59 time, 7680.01 real, 337 MB, 1.02 load
[runlim] sample:		7688.59 time, 7690.01 real, 337 MB, 1.02 load
[runlim] sample:		7698.59 time, 7700.01 real, 337 MB, 1.01 load
[runlim] sample:		7708.58 time, 7710.01 real, 338 MB, 1.01 load
[runlim] sample:		7718.58 time, 7720.01 real, 338 MB, 1.01 load
[runlim] sample:		7728.58 time, 7730.01 real, 338 MB, 1.01 load
[runlim] sample:		7738.58 time, 7740.01 real, 338 MB, 1.01 load
[runlim] sample:		7748.58 time, 7750.01 real, 338 MB, 1.00 load
[runlim] sample:		7758.58 time, 7760.01 real, 338 MB, 1.00 load
[runlim] sample:		7768.58 time, 7770.01 real, 339 MB, 1.00 load
[runlim] sample:		7778.58 time, 7780.01 real, 339 MB, 1.00 load
[runlim] sample:		7788.58 time, 7790.01 real, 339 MB, 1.00 load
[runlim] sample:		7798.58 time, 7800.01 real, 339 MB, 1.00 load
[runlim] sample:		7808.58 time, 7810.01 real, 339 MB, 1.00 load
[runlim] sample:		7818.58 time, 7820.01 real, 339 MB, 1.00 load
[runlim] sample:		7828.58 time, 7830.01 real, 339 MB, 1.00 load
[runlim] sample:		7838.57 time, 7840.01 real, 339 MB, 1.00 load
[runlim] sample:		7848.57 time, 7850.01 real, 339 MB, 1.00 load
[runlim] sample:		7858.57 time, 7860.01 real, 339 MB, 1.00 load
[runlim] sample:		7868.57 time, 7870.01 real, 339 MB, 1.00 load
[runlim] sample:		7878.57 time, 7880.01 real, 339 MB, 1.00 load
[runlim] sample:		7888.57 time, 7890.01 real, 339 MB, 1.00 load
[runlim] sample:		7898.57 time, 7900.01 real, 338 MB, 1.00 load
[runlim] sample:		7908.57 time, 7910.01 real, 338 MB, 1.00 load
[runlim] sample:		7918.57 time, 7920.01 real, 338 MB, 1.00 load
[runlim] sample:		7928.57 time, 7930.01 real, 338 MB, 1.00 load
[runlim] sample:		7938.57 time, 7940.01 real, 338 MB, 1.00 load
[runlim] sample:		7948.57 time, 7950.01 real, 338 MB, 1.00 load
[runlim] sample:		7958.57 time, 7960.01 real, 339 MB, 1.00 load
[runlim] sample:		7968.57 time, 7970.01 real, 339 MB, 1.00 load
[runlim] sample:		7978.57 time, 7980.01 real, 339 MB, 1.08 load
[runlim] sample:		7988.57 time, 7990.01 real, 339 MB, 1.07 load
[runlim] sample:		7998.57 time, 8000.01 real, 339 MB, 1.06 load
[runlim] sample:		8008.57 time, 8010.01 real, 341 MB, 1.05 load
[runlim] sample:		8018.57 time, 8020.01 real, 341 MB, 1.04 load
[runlim] sample:		8028.57 time, 8030.01 real, 341 MB, 1.03 load
[runlim] sample:		8038.56 time, 8040.01 real, 343 MB, 1.03 load
[runlim] sample:		8048.56 time, 8050.01 real, 343 MB, 1.02 load
[runlim] sample:		8058.56 time, 8060.01 real, 343 MB, 1.02 load
[runlim] sample:		8068.56 time, 8070.01 real, 341 MB, 1.02 load
[runlim] sample:		8078.54 time, 8080.01 real, 341 MB, 1.09 load
[runlim] sample:		8088.55 time, 8090.01 real, 345 MB, 1.07 load
[runlim] sample:		8098.55 time, 8100.01 real, 345 MB, 1.06 load
[runlim] sample:		8108.55 time, 8110.01 real, 345 MB, 1.05 load
[runlim] sample:		8118.54 time, 8120.01 real, 343 MB, 1.04 load
[runlim] sample:		8128.54 time, 8130.01 real, 343 MB, 1.04 load
[runlim] sample:		8138.54 time, 8140.01 real, 343 MB, 1.03 load
[runlim] sample:		8148.54 time, 8150.01 real, 339 MB, 1.02 load
[runlim] sample:		8158.54 time, 8160.01 real, 339 MB, 1.02 load
[runlim] sample:		8168.54 time, 8170.01 real, 418 MB, 1.02 load
[runlim] sample:		8178.54 time, 8180.01 real, 342 MB, 1.01 load
[runlim] sample:		8188.54 time, 8190.01 real, 342 MB, 1.01 load
[runlim] sample:		8198.53 time, 8200.01 real, 347 MB, 1.01 load
[runlim] sample:		8208.53 time, 8210.01 real, 347 MB, 1.01 load
[runlim] sample:		8218.53 time, 8220.01 real, 347 MB, 1.01 load
[runlim] sample:		8228.54 time, 8230.01 real, 342 MB, 1.00 load
[runlim] sample:		8238.54 time, 8240.01 real, 342 MB, 1.00 load
[runlim] sample:		8248.54 time, 8250.01 real, 342 MB, 1.00 load
[runlim] sample:		8258.54 time, 8260.01 real, 339 MB, 1.00 load
[runlim] sample:		8268.54 time, 8270.01 real, 339 MB, 1.00 load
[runlim] sample:		8278.53 time, 8280.01 real, 343 MB, 1.00 load
[runlim] sample:		8288.53 time, 8290.01 real, 345 MB, 1.00 load
[runlim] sample:		8298.53 time, 8300.01 real, 345 MB, 1.00 load
[runlim] sample:		8308.54 time, 8310.01 real, 345 MB, 1.00 load
[runlim] sample:		8318.54 time, 8320.01 real, 345 MB, 1.00 load
[runlim] sample:		8328.54 time, 8330.01 real, 345 MB, 1.00 load
[runlim] sample:		8338.53 time, 8340.01 real, 340 MB, 1.00 load
[runlim] sample:		8348.53 time, 8350.01 real, 340 MB, 1.00 load
[runlim] sample:		8358.53 time, 8360.01 real, 340 MB, 1.00 load
[runlim] sample:		8368.53 time, 8370.01 real, 344 MB, 1.00 load
[runlim] sample:		8378.53 time, 8380.01 real, 344 MB, 1.00 load
[runlim] sample:		8388.53 time, 8390.01 real, 347 MB, 1.00 load
[runlim] sample:		8398.53 time, 8400.01 real, 347 MB, 1.00 load
[runlim] sample:		8408.53 time, 8410.01 real, 347 MB, 1.00 load
[runlim] sample:		8418.53 time, 8420.01 real, 350 MB, 1.00 load
[runlim] sample:		8428.53 time, 8430.01 real, 350 MB, 1.00 load
[runlim] sample:		8438.53 time, 8440.01 real, 350 MB, 1.00 load
[runlim] sample:		8448.53 time, 8450.01 real, 344 MB, 1.00 load
[runlim] sample:		8458.53 time, 8460.01 real, 344 MB, 1.00 load
[runlim] sample:		8468.53 time, 8470.01 real, 344 MB, 1.00 load
[runlim] sample:		8478.52 time, 8480.01 real, 346 MB, 1.00 load
[runlim] sample:		8488.52 time, 8490.01 real, 346 MB, 1.07 load
[runlim] sample:		8498.52 time, 8500.01 real, 351 MB, 1.06 load
[runlim] sample:		8508.52 time, 8510.01 real, 351 MB, 1.05 load
[runlim] sample:		8518.52 time, 8520.01 real, 351 MB, 1.04 load
[runlim] sample:		8528.52 time, 8530.01 real, 354 MB, 1.04 load
[runlim] sample:		8538.52 time, 8540.01 real, 354 MB, 1.03 load
[runlim] sample:		8548.52 time, 8550.01 real, 354 MB, 1.02 load
[runlim] sample:		8558.52 time, 8560.01 real, 347 MB, 1.02 load
[runlim] sample:		8568.52 time, 8570.01 real, 347 MB, 1.02 load
[runlim] sample:		8578.52 time, 8580.01 real, 347 MB, 1.01 load
[runlim] sample:		8588.52 time, 8590.01 real, 351 MB, 1.01 load
[runlim] sample:		8598.52 time, 8600.01 real, 351 MB, 1.01 load
[runlim] sample:		8608.52 time, 8610.01 real, 349 MB, 1.01 load
[runlim] sample:		8618.52 time, 8620.01 real, 349 MB, 1.01 load
[runlim] sample:		8628.52 time, 8630.01 real, 349 MB, 1.00 load
[runlim] sample:		8638.52 time, 8640.01 real, 355 MB, 1.00 load
[runlim] sample:		8648.52 time, 8650.01 real, 355 MB, 1.00 load
[runlim] sample:		8658.52 time, 8660.01 real, 355 MB, 1.00 load
[runlim] sample:		8668.52 time, 8670.01 real, 347 MB, 1.00 load
[runlim] sample:		8678.51 time, 8680.01 real, 347 MB, 1.00 load
[runlim] sample:		8688.51 time, 8690.01 real, 347 MB, 1.00 load
[runlim] sample:		8698.50 time, 8700.01 real, 348 MB, 1.00 load
[runlim] sample:		8708.50 time, 8710.01 real, 348 MB, 1.00 load
[runlim] sample:		8718.50 time, 8720.01 real, 348 MB, 1.00 load
[runlim] sample:		8728.50 time, 8730.01 real, 346 MB, 1.00 load
[runlim] sample:		8738.50 time, 8740.01 real, 346 MB, 1.00 load
[runlim] sample:		8748.50 time, 8750.01 real, 346 MB, 1.00 load
[runlim] sample:		8758.50 time, 8760.01 real, 346 MB, 1.00 load
[runlim] sample:		8768.50 time, 8770.01 real, 346 MB, 1.00 load
[runlim] sample:		8778.50 time, 8780.01 real, 346 MB, 1.00 load
[runlim] sample:		8788.50 time, 8790.01 real, 344 MB, 1.00 load
[runlim] sample:		8798.50 time, 8800.01 real, 344 MB, 1.00 load
[runlim] sample:		8808.50 time, 8810.01 real, 344 MB, 1.00 load
[runlim] sample:		8818.50 time, 8820.01 real, 349 MB, 1.00 load
[runlim] sample:		8828.50 time, 8830.01 real, 349 MB, 1.00 load
[runlim] sample:		8838.50 time, 8840.01 real, 349 MB, 1.00 load
[runlim] sample:		8848.50 time, 8850.01 real, 345 MB, 1.00 load
[runlim] sample:		8858.50 time, 8860.01 real, 345 MB, 1.08 load
[runlim] sample:		8868.49 time, 8870.01 real, 345 MB, 1.07 load
[runlim] sample:		8878.50 time, 8880.01 real, 350 MB, 1.06 load
[runlim] sample:		8888.50 time, 8890.01 real, 350 MB, 1.05 load
[runlim] sample:		8898.50 time, 8900.01 real, 350 MB, 1.04 load
[runlim] sample:		8908.50 time, 8910.01 real, 350 MB, 1.03 load
[runlim] sample:		8918.50 time, 8920.01 real, 350 MB, 1.03 load
[runlim] sample:		8928.50 time, 8930.01 real, 350 MB, 1.02 load
[runlim] sample:		8938.49 time, 8940.01 real, 348 MB, 1.02 load
[runlim] sample:		8947.85 time, 8950.01 real, 348 MB, 1.02 load
[runlim] sample:		8957.62 time, 8960.01 real, 348 MB, 1.16 load
[runlim] sample:		8967.63 time, 8970.01 real, 347 MB, 1.13 load
[runlim] sample:		8977.62 time, 8980.01 real, 347 MB, 1.48 load
[runlim] sample:		8987.62 time, 8990.01 real, 347 MB, 1.41 load
[runlim] sample:		8997.62 time, 9000.01 real, 349 MB, 1.34 load
[runlim] sample:		9007.62 time, 9010.01 real, 349 MB, 1.29 load
[runlim] sample:		9017.62 time, 9020.01 real, 349 MB, 1.25 load
[runlim] sample:		9027.61 time, 9030.01 real, 349 MB, 1.21 load
[runlim] sample:		9037.61 time, 9040.01 real, 349 MB, 1.17 load
[runlim] sample:		9047.61 time, 9050.01 real, 349 MB, 1.15 load
[runlim] sample:		9057.60 time, 9060.01 real, 346 MB, 1.12 load
[runlim] sample:		9067.60 time, 9070.01 real, 346 MB, 1.10 load
[runlim] sample:		9077.60 time, 9080.01 real, 346 MB, 1.09 load
[runlim] sample:		9087.60 time, 9090.01 real, 346 MB, 1.07 load
[runlim] sample:		9097.60 time, 9100.01 real, 346 MB, 1.06 load
[runlim] sample:		9107.60 time, 9110.01 real, 346 MB, 1.05 load
[runlim] sample:		9117.60 time, 9120.01 real, 346 MB, 1.04 load
[runlim] sample:		9127.59 time, 9130.01 real, 350 MB, 1.12 load
[runlim] sample:		9137.59 time, 9140.01 real, 350 MB, 1.10 load
[runlim] sample:		9147.59 time, 9150.01 real, 350 MB, 1.08 load
[runlim] sample:		9157.60 time, 9160.01 real, 347 MB, 1.07 load
[runlim] sample:		9167.60 time, 9170.01 real, 347 MB, 1.06 load
[runlim] sample:		9177.60 time, 9180.01 real, 347 MB, 1.05 load
[runlim] sample:		9187.59 time, 9190.01 real, 349 MB, 1.04 load
[runlim] sample:		9197.59 time, 9200.01 real, 349 MB, 1.03 load
[runlim] sample:		9207.59 time, 9210.01 real, 349 MB, 1.03 load
[runlim] sample:		9217.59 time, 9220.01 real, 348 MB, 1.02 load
[runlim] sample:		9227.59 time, 9230.01 real, 348 MB, 1.02 load
[runlim] sample:		9237.59 time, 9240.01 real, 348 MB, 1.02 load
[runlim] sample:		9247.59 time, 9250.01 real, 356 MB, 1.01 load
[runlim] sample:		9257.59 time, 9260.01 real, 356 MB, 1.01 load
[runlim] sample:		9267.59 time, 9270.01 real, 356 MB, 1.01 load
[runlim] sample:		9277.58 time, 9280.01 real, 348 MB, 1.01 load
[runlim] sample:		9287.58 time, 9290.01 real, 348 MB, 1.00 load
[runlim] sample:		9297.58 time, 9300.01 real, 348 MB, 1.00 load
[runlim] sample:		9307.59 time, 9310.01 real, 349 MB, 1.00 load
[runlim] sample:		9317.58 time, 9320.01 real, 349 MB, 1.00 load
[runlim] sample:		9327.58 time, 9330.01 real, 349 MB, 1.00 load
[runlim] sample:		9337.58 time, 9340.01 real, 348 MB, 1.00 load
[runlim] sample:		9347.58 time, 9350.01 real, 348 MB, 1.00 load
[runlim] sample:		9357.58 time, 9360.01 real, 348 MB, 1.00 load
[runlim] sample:		9367.58 time, 9370.01 real, 351 MB, 1.00 load
[runlim] sample:		9377.58 time, 9380.01 real, 351 MB, 1.00 load
[runlim] sample:		9387.58 time, 9390.01 real, 351 MB, 1.00 load
[runlim] sample:		9397.58 time, 9400.01 real, 351 MB, 1.00 load
[runlim] sample:		9407.58 time, 9410.01 real, 350 MB, 1.00 load
[runlim] sample:		9417.58 time, 9420.01 real, 350 MB, 1.00 load
[runlim] sample:		9427.58 time, 9430.01 real, 350 MB, 1.00 load
[runlim] sample:		9437.58 time, 9440.01 real, 353 MB, 1.00 load
[runlim] sample:		9447.58 time, 9450.01 real, 353 MB, 1.00 load
[runlim] sample:		9457.57 time, 9460.01 real, 353 MB, 1.00 load
[runlim] sample:		9467.57 time, 9470.01 real, 353 MB, 1.00 load
[runlim] sample:		9477.57 time, 9480.01 real, 350 MB, 1.00 load
[runlim] sample:		9487.57 time, 9490.01 real, 350 MB, 1.00 load
[runlim] sample:		9497.57 time, 9500.01 real, 350 MB, 1.00 load
[runlim] sample:		9507.57 time, 9510.01 real, 355 MB, 1.00 load
[runlim] sample:		9517.57 time, 9520.01 real, 355 MB, 1.00 load
[runlim] sample:		9527.57 time, 9530.01 real, 355 MB, 1.00 load
[runlim] sample:		9537.57 time, 9540.01 real, 353 MB, 1.00 load
[runlim] sample:		9547.57 time, 9550.01 real, 353 MB, 1.00 load
[runlim] sample:		9557.57 time, 9560.01 real, 353 MB, 1.00 load
[runlim] sample:		9567.57 time, 9570.01 real, 352 MB, 1.00 load
[runlim] sample:		9577.57 time, 9580.01 real, 352 MB, 1.00 load
[runlim] sample:		9587.57 time, 9590.01 real, 352 MB, 1.00 load
[runlim] sample:		9597.58 time, 9600.01 real, 351 MB, 1.00 load
[runlim] sample:		9607.57 time, 9610.01 real, 351 MB, 1.00 load
[runlim] sample:		9617.57 time, 9620.01 real, 351 MB, 1.00 load
[runlim] sample:		9627.57 time, 9630.01 real, 350 MB, 1.00 load
[runlim] sample:		9637.57 time, 9640.01 real, 350 MB, 1.00 load
[runlim] sample:		9647.57 time, 9650.01 real, 350 MB, 1.00 load
[runlim] sample:		9657.57 time, 9660.01 real, 343 MB, 1.00 load
[runlim] sample:		9667.57 time, 9670.01 real, 343 MB, 1.00 load
[runlim] sample:		9677.57 time, 9680.01 real, 343 MB, 1.00 load
[runlim] sample:		9687.57 time, 9690.01 real, 345 MB, 1.00 load
[runlim] sample:		9697.57 time, 9700.01 real, 345 MB, 1.00 load
[runlim] sample:		9707.57 time, 9710.01 real, 345 MB, 1.00 load
[runlim] sample:		9717.56 time, 9720.01 real, 354 MB, 1.00 load
[runlim] sample:		9727.56 time, 9730.01 real, 354 MB, 1.00 load
[runlim] sample:		9737.56 time, 9740.01 real, 354 MB, 1.07 load
[runlim] sample:		9747.57 time, 9750.01 real, 349 MB, 1.06 load
[runlim] sample:		9757.57 time, 9760.01 real, 349 MB, 1.05 load
[runlim] sample:		9767.57 time, 9770.01 real, 349 MB, 1.04 load
[runlim] sample:		9777.56 time, 9780.01 real, 353 MB, 1.04 load
[runlim] sample:		9787.56 time, 9790.01 real, 353 MB, 1.03 load
[runlim] sample:		9797.56 time, 9800.01 real, 353 MB, 1.02 load
[runlim] sample:		9807.56 time, 9810.01 real, 350 MB, 1.02 load
[runlim] sample:		9817.56 time, 9820.01 real, 350 MB, 1.02 load
[runlim] sample:		9827.56 time, 9830.01 real, 350 MB, 1.01 load
[runlim] sample:		9837.56 time, 9840.01 real, 350 MB, 1.01 load
[runlim] sample:		9847.56 time, 9850.01 real, 353 MB, 1.01 load
[runlim] sample:		9857.56 time, 9860.01 real, 353 MB, 1.01 load
[runlim] sample:		9867.56 time, 9870.01 real, 358 MB, 1.01 load
[runlim] sample:		9877.54 time, 9880.01 real, 358 MB, 1.08 load
[runlim] sample:		9887.54 time, 9890.01 real, 358 MB, 1.07 load
[runlim] sample:		9897.55 time, 9900.01 real, 354 MB, 1.06 load
[runlim] sample:		9907.55 time, 9910.01 real, 354 MB, 1.05 load
[runlim] sample:		9917.55 time, 9920.01 real, 354 MB, 1.04 load
[runlim] sample:		9927.55 time, 9930.01 real, 358 MB, 1.03 load
[runlim] sample:		9937.55 time, 9940.01 real, 358 MB, 1.10 load
[runlim] sample:		9947.55 time, 9950.01 real, 358 MB, 1.08 load
[runlim] sample:		9957.54 time, 9960.01 real, 347 MB, 1.07 load
[runlim] sample:		9967.54 time, 9970.01 real, 347 MB, 1.06 load
[runlim] sample:		9977.54 time, 9980.01 real, 347 MB, 1.05 load
[runlim] sample:		9987.54 time, 9990.01 real, 347 MB, 1.12 load
[runlim] sample:		9997.54 time, 10000.01 real, 350 MB, 1.10 load
[runlim] sample:		10007.54 time, 10010.01 real, 350 MB, 1.08 load
[runlim] sample:		10017.54 time, 10020.01 real, 350 MB, 1.07 load
[runlim] sample:		10027.53 time, 10030.01 real, 351 MB, 1.06 load
[runlim] sample:		10037.53 time, 10040.01 real, 351 MB, 1.05 load
[runlim] sample:		10047.53 time, 10050.01 real, 351 MB, 1.04 load
[runlim] sample:		10057.53 time, 10060.01 real, 351 MB, 1.03 load
[runlim] sample:		10067.54 time, 10070.01 real, 350 MB, 1.03 load
[runlim] sample:		10077.54 time, 10080.01 real, 350 MB, 1.02 load
[runlim] sample:		10087.54 time, 10090.01 real, 350 MB, 1.02 load
[runlim] sample:		10097.54 time, 10100.01 real, 350 MB, 1.02 load
[runlim] sample:		10107.54 time, 10110.01 real, 349 MB, 1.01 load
[runlim] sample:		10117.54 time, 10120.01 real, 349 MB, 1.01 load
[runlim] sample:		10127.54 time, 10130.01 real, 349 MB, 1.01 load
[runlim] sample:		10137.54 time, 10140.01 real, 346 MB, 1.01 load
[runlim] sample:		10147.54 time, 10150.01 real, 346 MB, 1.00 load
[runlim] sample:		10157.54 time, 10160.01 real, 346 MB, 1.00 load
[runlim] sample:		10167.53 time, 10170.01 real, 351 MB, 1.00 load
[runlim] sample:		10177.53 time, 10180.01 real, 351 MB, 1.00 load
[runlim] sample:		10187.53 time, 10190.01 real, 351 MB, 1.00 load
[runlim] sample:		10197.53 time, 10200.01 real, 351 MB, 1.00 load
[runlim] sample:		10207.53 time, 10210.01 real, 353 MB, 1.00 load
[runlim] sample:		10217.53 time, 10220.01 real, 353 MB, 1.00 load
[runlim] sample:		10227.53 time, 10230.01 real, 353 MB, 1.00 load
[runlim] sample:		10237.53 time, 10240.01 real, 361 MB, 1.00 load
[runlim] sample:		10247.53 time, 10250.01 real, 361 MB, 1.00 load
[runlim] sample:		10257.53 time, 10260.01 real, 361 MB, 1.00 load
[runlim] sample:		10267.52 time, 10270.01 real, 353 MB, 1.00 load
[runlim] sample:		10277.52 time, 10280.01 real, 353 MB, 1.00 load
[runlim] sample:		10287.52 time, 10290.01 real, 353 MB, 1.00 load
[runlim] sample:		10297.52 time, 10300.01 real, 353 MB, 1.00 load
[runlim] sample:		10307.53 time, 10310.01 real, 356 MB, 1.00 load
[runlim] sample:		10317.53 time, 10320.01 real, 356 MB, 1.00 load
[runlim] sample:		10327.53 time, 10330.01 real, 356 MB, 1.00 load
[runlim] sample:		10337.53 time, 10340.01 real, 358 MB, 1.00 load
[runlim] sample:		10347.53 time, 10350.01 real, 358 MB, 1.00 load
[runlim] sample:		10357.53 time, 10360.01 real, 358 MB, 1.00 load
[runlim] sample:		10367.53 time, 10370.01 real, 358 MB, 1.00 load
[runlim] sample:		10377.52 time, 10380.01 real, 359 MB, 1.00 load
[runlim] sample:		10387.52 time, 10390.01 real, 359 MB, 1.00 load
[runlim] sample:		10397.52 time, 10400.01 real, 359 MB, 1.00 load
[runlim] sample:		10407.52 time, 10410.01 real, 354 MB, 1.00 load
[runlim] sample:		10417.52 time, 10420.01 real, 354 MB, 1.00 load
[runlim] sample:		10427.52 time, 10430.01 real, 354 MB, 1.00 load
[runlim] sample:		10437.52 time, 10440.01 real, 352 MB, 1.00 load
[runlim] sample:		10447.52 time, 10450.01 real, 352 MB, 1.00 load
[runlim] sample:		10457.52 time, 10460.01 real, 352 MB, 1.00 load
[runlim] sample:		10467.52 time, 10470.01 real, 352 MB, 1.00 load
[runlim] sample:		10477.51 time, 10480.01 real, 355 MB, 1.07 load
[runlim] sample:		10487.52 time, 10490.01 real, 355 MB, 1.06 load
[runlim] sample:		10497.52 time, 10500.01 real, 355 MB, 1.05 load
[runlim] sample:		10507.51 time, 10510.01 real, 349 MB, 1.04 load
[runlim] sample:		10517.51 time, 10520.01 real, 349 MB, 1.04 load
[runlim] sample:		10527.51 time, 10530.01 real, 349 MB, 1.03 load
[runlim] sample:		10537.51 time, 10540.01 real, 351 MB, 1.02 load
[runlim] sample:		10547.51 time, 10550.01 real, 351 MB, 1.02 load
[runlim] sample:		10557.51 time, 10560.01 real, 351 MB, 1.02 load
[runlim] sample:		10567.51 time, 10570.01 real, 360 MB, 1.01 load
[runlim] sample:		10577.51 time, 10580.01 real, 360 MB, 1.01 load
[runlim] sample:		10587.51 time, 10590.01 real, 360 MB, 1.01 load
[runlim] sample:		10597.51 time, 10600.01 real, 360 MB, 1.01 load
[runlim] sample:		10607.50 time, 10610.01 real, 353 MB, 1.01 load
[runlim] sample:		10617.50 time, 10620.01 real, 353 MB, 1.00 load
[runlim] sample:		10627.50 time, 10630.01 real, 353 MB, 1.00 load
[runlim] sample:		10637.51 time, 10640.01 real, 354 MB, 1.00 load
[runlim] sample:		10647.51 time, 10650.01 real, 354 MB, 1.00 load
[runlim] sample:		10657.51 time, 10660.01 real, 354 MB, 1.00 load
[runlim] sample:		10667.51 time, 10670.01 real, 354 MB, 1.00 load
[runlim] sample:		10677.51 time, 10680.01 real, 352 MB, 1.00 load
[runlim] sample:		10687.51 time, 10690.01 real, 352 MB, 1.00 load
[runlim] sample:		10697.51 time, 10700.01 real, 352 MB, 1.00 load
[runlim] sample:		10707.50 time, 10710.01 real, 352 MB, 1.00 load
[runlim] sample:		10717.50 time, 10720.01 real, 352 MB, 1.00 load
[runlim] sample:		10727.50 time, 10730.01 real, 352 MB, 1.00 load
[runlim] sample:		10737.51 time, 10740.01 real, 358 MB, 1.00 load
[runlim] sample:		10747.51 time, 10750.01 real, 358 MB, 1.00 load
[runlim] sample:		10757.51 time, 10760.01 real, 358 MB, 1.00 load
[runlim] sample:		10767.50 time, 10770.01 real, 354 MB, 1.00 load
[runlim] sample:		10777.50 time, 10780.01 real, 354 MB, 1.00 load
[runlim] sample:		10787.50 time, 10790.01 real, 354 MB, 1.00 load
[runlim] sample:		10797.50 time, 10800.01 real, 354 MB, 1.00 load
[runlim] end:			Tue Aug 18 07:44:39 2026
[runlim] status:		out of time
[runlim] result:		2
[runlim] children:		1
[runlim] processes:		2
[runlim] real:			10801.04 seconds
[runlim] time:			10797.50 seconds
[runlim] space:			452 MB
[runlim] load:			1.80 maximum
[runlim] samples:		108000
