[runlim] version:		2.0.0rc12
[runlim] host:			fjssp-instance1
[runlim] time limit:		311040000 seconds
[runlim] real time limit:	10800 seconds
[runlim] space limit:		14000 MB
[runlim] argv[0]:		python3
[runlim] argv[1]:		-u
[runlim] argv[2]:		main.py
[runlim] argv[3]:		--input
[runlim] argv[4]:		datasets/brandimarte/MK08
[runlim] argv[5]:		--sb
[runlim] argv[6]:		--factories
[runlim] argv[7]:		2
[runlim] argv[8]:		--full_transitive
[runlim] start:			Tue Aug 18 07:44:39 2026
[runlim] child:			14274
[*] Loading data from file: datasets/brandimarte/MK08
[*] Running D-FJSSP SAT Solver with 2 factories, Symmetry Breaking = ON, Transitive E* = FULL
===========================================================================
 D-FJSSP SAT SOLVER - PARALLEL FACTORIES SCHEDULING
===========================================================================
  -> Operations: 225 | Jobs: 20 | Machines: 10 | Factories: 2

[*] Running Greedy Heuristic...
  -> Greedy Solution: Makespan = 313 (0.0006s)

[*] Initializing and solving the SAT model...
------------------------------------------------------------------
[*] Trying with Upper Bound = 313...
  SAT ! Makespan = 313
  Schedule is valid with Makespan = 313
  Total time: 1.8431 seconds
------------------------------------------------------------------
[*] Trying with Upper Bound = 312...
  SAT ! Makespan = 312
  Schedule is valid with Makespan = 312
  Total time: 1.8669 seconds
------------------------------------------------------------------
[*] Trying with Upper Bound = 311...
  SAT ! Makespan = 311
  Schedule is valid with Makespan = 311
  Total time: 1.8838 seconds
------------------------------------------------------------------
[*] Trying with Upper Bound = 310...
  SAT ! Makespan = 310
  Schedule is valid with Makespan = 310
  Total time: 1.8992 seconds
------------------------------------------------------------------
[*] Trying with Upper Bound = 309...
  SAT ! Makespan = 309
  Schedule is valid with Makespan = 309
  Total time: 2.2606 seconds
------------------------------------------------------------------
[*] Trying with Upper Bound = 308...
  SAT ! Makespan = 308
  Schedule is valid with Makespan = 308
  Total time: 2.2928 seconds
------------------------------------------------------------------
[*] Trying with Upper Bound = 307...
  SAT ! Makespan = 307
  Schedule is valid with Makespan = 307
  Total time: 2.3180 seconds
------------------------------------------------------------------
[*] Trying with Upper Bound = 306...
  SAT ! Makespan = 306
  Schedule is valid with Makespan = 306
  Total time: 2.3363 seconds
------------------------------------------------------------------
[*] Trying with Upper Bound = 305...
  SAT ! Makespan = 305
  Schedule is valid with Makespan = 305
  Total time: 2.3534 seconds
------------------------------------------------------------------
[*] Trying with Upper Bound = 304...
  SAT ! Makespan = 304
  Schedule is valid with Makespan = 304
  Total time: 2.3691 seconds
------------------------------------------------------------------
[*] Trying with Upper Bound = 303...
  SAT ! Makespan = 303
  Schedule is valid with Makespan = 303
  Total time: 6.5582 seconds
------------------------------------------------------------------
[*] Trying with Upper Bound = 302...
  SAT ! Makespan = 302
  Schedule is valid with Makespan = 302
  Total time: 6.6642 seconds
------------------------------------------------------------------
[*] Trying with Upper Bound = 301...
  SAT ! Makespan = 301
  Schedule is valid with Makespan = 301
  Total time: 7.5197 seconds
------------------------------------------------------------------
[*] Trying with Upper Bound = 300...
  SAT ! Makespan = 300
  Schedule is valid with Makespan = 300
  Total time: 7.6687 seconds
------------------------------------------------------------------
[*] Trying with Upper Bound = 299...
  SAT ! Makespan = 299
  Schedule is valid with Makespan = 299
  Total time: 7.7759 seconds
------------------------------------------------------------------
[*] Trying with Upper Bound = 298...
  SAT ! Makespan = 298
  Schedule is valid with Makespan = 298
  Total time: 7.8734 seconds
------------------------------------------------------------------
[*] Trying with Upper Bound = 297...
  SAT ! Makespan = 297
  Schedule is valid with Makespan = 297
  Total time: 7.9655 seconds
------------------------------------------------------------------
[*] Trying with Upper Bound = 296...
  SAT ! Makespan = 296
  Schedule is valid with Makespan = 296
  Total time: 8.9339 seconds
------------------------------------------------------------------
[*] Trying with Upper Bound = 295...
  SAT ! Makespan = 295
  Schedule is valid with Makespan = 295
  Total time: 8.9679 seconds
------------------------------------------------------------------
[*] Trying with Upper Bound = 294...
  SAT ! Makespan = 294
  Schedule is valid with Makespan = 294
  Total time: 8.9889 seconds
------------------------------------------------------------------
[*] Trying with Upper Bound = 293...
  SAT ! Makespan = 293
  Schedule is valid with Makespan = 293
  Total time: 9.0091 seconds
------------------------------------------------------------------
[*] Trying with Upper Bound = 292...
  SAT ! Makespan = 292
  Schedule is valid with Makespan = 292
  Total time: 9.0290 seconds
------------------------------------------------------------------
[*] Trying with Upper Bound = 291...
  SAT ! Makespan = 291
  Schedule is valid with Makespan = 291
  Total time: 9.8943 seconds
------------------------------------------------------------------
[*] Trying with Upper Bound = 290...
  SAT ! Makespan = 290
  Schedule is valid with Makespan = 290
  Total time: 9.9551 seconds
------------------------------------------------------------------
[*] Trying with Upper Bound = 289...
  SAT ! Makespan = 289
  Schedule is valid with Makespan = 289
  Total time: 9.9777 seconds
------------------------------------------------------------------
[*] Trying with Upper Bound = 288...
[runlim] sample:		10.00 time, 10.02 real, 303 MB, 1.00 load
  SAT ! Makespan = 288
  Schedule is valid with Makespan = 288
  Total time: 12.1984 seconds
------------------------------------------------------------------
[*] Trying with Upper Bound = 287...
  SAT ! Makespan = 287
  Schedule is valid with Makespan = 287
  Total time: 12.2969 seconds
------------------------------------------------------------------
[*] Trying with Upper Bound = 286...
  SAT ! Makespan = 286
  Schedule is valid with Makespan = 286
  Total time: 12.3778 seconds
------------------------------------------------------------------
[*] Trying with Upper Bound = 285...
  SAT ! Makespan = 285
  Schedule is valid with Makespan = 285
  Total time: 12.4506 seconds
------------------------------------------------------------------
[*] Trying with Upper Bound = 284...
  SAT ! Makespan = 284
  Schedule is valid with Makespan = 284
  Total time: 12.5214 seconds
------------------------------------------------------------------
[*] Trying with Upper Bound = 283...
  SAT ! Makespan = 283
  Schedule is valid with Makespan = 283
  Total time: 14.3005 seconds
------------------------------------------------------------------
[*] Trying with Upper Bound = 282...
  SAT ! Makespan = 282
  Schedule is valid with Makespan = 282
  Total time: 19.2110 seconds
------------------------------------------------------------------
[*] Trying with Upper Bound = 281...
  SAT ! Makespan = 281
  Schedule is valid with Makespan = 281
  Total time: 19.3036 seconds
------------------------------------------------------------------
[*] Trying with Upper Bound = 280...
[runlim] sample:		20.00 time, 20.02 real, 284 MB, 1.00 load
  SAT ! Makespan = 280
  Schedule is valid with Makespan = 280
  Total time: 20.9589 seconds
------------------------------------------------------------------
[*] Trying with Upper Bound = 279...
  SAT ! Makespan = 279
  Schedule is valid with Makespan = 279
  Total time: 21.6703 seconds
------------------------------------------------------------------
[*] Trying with Upper Bound = 278...
  SAT ! Makespan = 278
  Schedule is valid with Makespan = 278
  Total time: 24.7033 seconds
------------------------------------------------------------------
[*] Trying with Upper Bound = 277...
  SAT ! Makespan = 277
  Schedule is valid with Makespan = 277
  Total time: 26.1304 seconds
------------------------------------------------------------------
[*] Trying with Upper Bound = 276...
  SAT ! Makespan = 276
  Schedule is valid with Makespan = 276
  Total time: 27.6152 seconds
------------------------------------------------------------------
[*] Trying with Upper Bound = 275...
[runlim] sample:		29.99 time, 30.02 real, 305 MB, 1.00 load
  SAT ! Makespan = 275
  Schedule is valid with Makespan = 275
  Total time: 33.1190 seconds
------------------------------------------------------------------
[*] Trying with Upper Bound = 274...
  SAT ! Makespan = 274
  Schedule is valid with Makespan = 274
  Total time: 39.6580 seconds
------------------------------------------------------------------
[*] Trying with Upper Bound = 273...
[runlim] sample:		39.99 time, 40.02 real, 348 MB, 1.00 load
  SAT ! Makespan = 273
  Schedule is valid with Makespan = 273
  Total time: 44.3859 seconds
------------------------------------------------------------------
[*] Trying with Upper Bound = 272...
[runlim] sample:		49.99 time, 50.02 real, 305 MB, 1.00 load
[runlim] sample:		59.99 time, 60.02 real, 305 MB, 1.00 load
  SAT ! Makespan = 272
  Schedule is valid with Makespan = 272
  Total time: 64.4638 seconds
------------------------------------------------------------------
[*] Trying with Upper Bound = 271...
[runlim] sample:		69.99 time, 70.02 real, 306 MB, 1.00 load
  SAT ! Makespan = 271
  Schedule is valid with Makespan = 271
  Total time: 70.6300 seconds
------------------------------------------------------------------
[*] Trying with Upper Bound = 270...
  SAT ! Makespan = 270
  Schedule is valid with Makespan = 270
  Total time: 77.1586 seconds
------------------------------------------------------------------
[*] Trying with Upper Bound = 269...
[runlim] sample:		80.00 time, 80.02 real, 306 MB, 1.00 load
  SAT ! Makespan = 269
  Schedule is valid with Makespan = 269
  Total time: 82.5337 seconds
------------------------------------------------------------------
[*] Trying with Upper Bound = 268...
[runlim] sample:		89.99 time, 90.02 real, 306 MB, 1.00 load
[runlim] sample:		99.99 time, 100.02 real, 306 MB, 1.00 load
  SAT ! Makespan = 268
  Schedule is valid with Makespan = 268
  Total time: 106.1247 seconds
------------------------------------------------------------------
[*] Trying with Upper Bound = 267...
[runlim] sample:		109.99 time, 110.02 real, 309 MB, 1.00 load
  SAT ! Makespan = 267
  Schedule is valid with Makespan = 267
  Total time: 113.9301 seconds
------------------------------------------------------------------
[*] Trying with Upper Bound = 266...
[runlim] sample:		119.99 time, 120.02 real, 307 MB, 1.00 load
[runlim] sample:		129.99 time, 130.02 real, 307 MB, 1.00 load
  SAT ! Makespan = 266
  Schedule is valid with Makespan = 266
  Total time: 136.5875 seconds
------------------------------------------------------------------
[*] Trying with Upper Bound = 265...
[runlim] sample:		139.99 time, 140.02 real, 308 MB, 1.00 load
[runlim] sample:		149.99 time, 150.02 real, 309 MB, 1.00 load
[runlim] sample:		159.99 time, 160.02 real, 308 MB, 1.00 load
  SAT ! Makespan = 265
  Schedule is valid with Makespan = 265
  Total time: 162.3223 seconds
------------------------------------------------------------------
[*] Trying with Upper Bound = 264...
[runlim] sample:		169.99 time, 170.02 real, 309 MB, 1.22 load
[runlim] sample:		179.99 time, 180.02 real, 308 MB, 1.19 load
[runlim] sample:		189.98 time, 190.02 real, 310 MB, 1.23 load
[runlim] sample:		199.99 time, 200.02 real, 310 MB, 1.20 load
[runlim] sample:		209.99 time, 210.02 real, 308 MB, 1.16 load
[runlim] sample:		219.99 time, 220.02 real, 309 MB, 1.14 load
[runlim] sample:		229.98 time, 230.02 real, 310 MB, 1.12 load
[runlim] sample:		239.98 time, 240.02 real, 310 MB, 1.10 load
[runlim] sample:		249.98 time, 250.02 real, 310 MB, 1.08 load
  SAT ! Makespan = 264
  Schedule is valid with Makespan = 264
  Total time: 251.0958 seconds
------------------------------------------------------------------
[*] Trying with Upper Bound = 263...
[runlim] sample:		259.97 time, 260.02 real, 292 MB, 1.07 load
[runlim] sample:		269.98 time, 270.02 real, 264 MB, 1.06 load
[runlim] sample:		279.96 time, 280.02 real, 266 MB, 1.34 load
  SAT ! Makespan = 263
  Schedule is valid with Makespan = 263
  Total time: 282.9904 seconds
------------------------------------------------------------------
[*] Trying with Upper Bound = 262...
[runlim] sample:		289.96 time, 290.02 real, 276 MB, 1.29 load
[runlim] sample:		299.96 time, 300.02 real, 277 MB, 1.25 load
[runlim] sample:		309.96 time, 310.02 real, 294 MB, 1.29 load
[runlim] sample:		319.96 time, 320.02 real, 293 MB, 1.24 load
[runlim] sample:		329.95 time, 330.02 real, 293 MB, 1.21 load
[runlim] sample:		339.96 time, 340.02 real, 294 MB, 1.17 load
[runlim] sample:		349.96 time, 350.02 real, 295 MB, 1.15 load
[runlim] sample:		359.95 time, 360.02 real, 295 MB, 1.12 load
[runlim] sample:		369.96 time, 370.02 real, 296 MB, 1.10 load
  SAT ! Makespan = 262
  Schedule is valid with Makespan = 262
  Total time: 372.3243 seconds
------------------------------------------------------------------
[*] Trying with Upper Bound = 261...
[runlim] sample:		379.96 time, 380.02 real, 266 MB, 1.09 load
[runlim] sample:		389.95 time, 390.02 real, 266 MB, 1.07 load
[runlim] sample:		399.95 time, 400.02 real, 266 MB, 1.06 load
[runlim] sample:		409.95 time, 410.02 real, 268 MB, 1.05 load
[runlim] sample:		419.96 time, 420.02 real, 265 MB, 1.04 load
[runlim] sample:		429.95 time, 430.02 real, 266 MB, 1.04 load
[runlim] sample:		439.95 time, 440.02 real, 291 MB, 1.10 load
[runlim] sample:		449.95 time, 450.02 real, 291 MB, 1.09 load
[runlim] sample:		459.95 time, 460.02 real, 293 MB, 1.07 load
[runlim] sample:		469.95 time, 470.02 real, 293 MB, 1.06 load
[runlim] sample:		479.95 time, 480.02 real, 293 MB, 1.05 load
[runlim] sample:		489.95 time, 490.02 real, 293 MB, 1.04 load
[runlim] sample:		499.95 time, 500.02 real, 293 MB, 1.04 load
[runlim] sample:		509.94 time, 510.02 real, 292 MB, 1.03 load
[runlim] sample:		519.94 time, 520.02 real, 292 MB, 1.02 load
[runlim] sample:		529.95 time, 530.02 real, 291 MB, 1.02 load
[runlim] sample:		539.95 time, 540.02 real, 292 MB, 1.02 load
[runlim] sample:		549.94 time, 550.02 real, 292 MB, 1.01 load
[runlim] sample:		559.94 time, 560.02 real, 292 MB, 1.09 load
[runlim] sample:		569.95 time, 570.02 real, 293 MB, 1.08 load
[runlim] sample:		579.95 time, 580.02 real, 293 MB, 1.06 load
[runlim] sample:		589.95 time, 590.02 real, 298 MB, 1.05 load
[runlim] sample:		599.95 time, 600.02 real, 298 MB, 1.05 load
[runlim] sample:		609.94 time, 610.02 real, 298 MB, 1.04 load
[runlim] sample:		619.94 time, 620.02 real, 298 MB, 1.03 load
[runlim] sample:		629.94 time, 630.02 real, 298 MB, 1.03 load
[runlim] sample:		639.94 time, 640.02 real, 298 MB, 1.02 load
[runlim] sample:		649.94 time, 650.02 real, 299 MB, 1.02 load
[runlim] sample:		659.94 time, 660.02 real, 299 MB, 1.02 load
[runlim] sample:		669.94 time, 670.02 real, 299 MB, 1.01 load
[runlim] sample:		679.94 time, 680.02 real, 299 MB, 1.01 load
[runlim] sample:		689.94 time, 690.02 real, 299 MB, 1.01 load
[runlim] sample:		699.94 time, 700.02 real, 300 MB, 1.01 load
[runlim] sample:		709.94 time, 710.02 real, 301 MB, 1.00 load
[runlim] sample:		719.94 time, 720.02 real, 302 MB, 1.00 load
[runlim] sample:		729.94 time, 730.02 real, 303 MB, 1.00 load
[runlim] sample:		739.94 time, 740.02 real, 305 MB, 1.00 load
[runlim] sample:		749.94 time, 750.02 real, 305 MB, 1.00 load
[runlim] sample:		759.93 time, 760.02 real, 308 MB, 1.00 load
[runlim] sample:		769.93 time, 770.02 real, 305 MB, 1.00 load
[runlim] sample:		779.94 time, 780.02 real, 309 MB, 1.00 load
[runlim] sample:		789.93 time, 790.02 real, 306 MB, 1.00 load
[runlim] sample:		799.93 time, 800.02 real, 305 MB, 1.00 load
[runlim] sample:		809.93 time, 810.02 real, 307 MB, 1.00 load
[runlim] sample:		819.93 time, 820.02 real, 306 MB, 1.00 load
[runlim] sample:		829.93 time, 830.02 real, 305 MB, 1.00 load
[runlim] sample:		839.93 time, 840.02 real, 307 MB, 1.00 load
[runlim] sample:		849.93 time, 850.02 real, 307 MB, 1.00 load
[runlim] sample:		859.93 time, 860.02 real, 305 MB, 1.00 load
[runlim] sample:		869.93 time, 870.02 real, 306 MB, 1.00 load
[runlim] sample:		879.93 time, 880.02 real, 305 MB, 1.00 load
[runlim] sample:		889.92 time, 890.02 real, 306 MB, 1.00 load
[runlim] sample:		899.93 time, 900.02 real, 307 MB, 1.00 load
[runlim] sample:		909.92 time, 910.02 real, 305 MB, 1.00 load
[runlim] sample:		919.92 time, 920.02 real, 305 MB, 1.00 load
[runlim] sample:		929.92 time, 930.02 real, 309 MB, 1.00 load
[runlim] sample:		939.92 time, 940.02 real, 308 MB, 1.00 load
[runlim] sample:		949.92 time, 950.02 real, 308 MB, 1.00 load
[runlim] sample:		959.92 time, 960.02 real, 308 MB, 1.00 load
[runlim] sample:		969.91 time, 970.02 real, 308 MB, 1.00 load
[runlim] sample:		979.92 time, 980.02 real, 308 MB, 1.00 load
[runlim] sample:		989.92 time, 990.02 real, 309 MB, 1.00 load
[runlim] sample:		999.92 time, 1000.02 real, 308 MB, 1.00 load
[runlim] sample:		1009.92 time, 1010.02 real, 306 MB, 1.00 load
[runlim] sample:		1019.92 time, 1020.02 real, 306 MB, 1.00 load
[runlim] sample:		1029.91 time, 1030.02 real, 305 MB, 1.00 load
[runlim] sample:		1039.91 time, 1040.02 real, 305 MB, 1.00 load
[runlim] sample:		1049.91 time, 1050.02 real, 306 MB, 1.00 load
[runlim] sample:		1059.91 time, 1060.02 real, 306 MB, 1.00 load
[runlim] sample:		1069.92 time, 1070.02 real, 307 MB, 1.00 load
[runlim] sample:		1079.92 time, 1080.02 real, 307 MB, 1.00 load
[runlim] sample:		1089.91 time, 1090.02 real, 307 MB, 1.00 load
[runlim] sample:		1099.91 time, 1100.02 real, 309 MB, 1.00 load
[runlim] sample:		1109.92 time, 1110.02 real, 309 MB, 1.00 load
[runlim] sample:		1119.92 time, 1120.02 real, 309 MB, 1.00 load
[runlim] sample:		1129.91 time, 1130.02 real, 309 MB, 1.00 load
[runlim] sample:		1139.91 time, 1140.02 real, 309 MB, 1.00 load
[runlim] sample:		1149.91 time, 1150.02 real, 310 MB, 1.00 load
[runlim] sample:		1159.91 time, 1160.02 real, 310 MB, 1.00 load
[runlim] sample:		1169.91 time, 1170.02 real, 310 MB, 1.00 load
[runlim] sample:		1179.91 time, 1180.02 real, 310 MB, 1.00 load
[runlim] sample:		1189.91 time, 1190.02 real, 310 MB, 1.00 load
[runlim] sample:		1199.91 time, 1200.02 real, 310 MB, 1.00 load
[runlim] sample:		1209.91 time, 1210.02 real, 310 MB, 1.00 load
[runlim] sample:		1219.90 time, 1220.02 real, 311 MB, 1.00 load
[runlim] sample:		1229.90 time, 1230.02 real, 311 MB, 1.00 load
[runlim] sample:		1239.91 time, 1240.02 real, 311 MB, 1.00 load
[runlim] sample:		1249.91 time, 1250.02 real, 311 MB, 1.00 load
[runlim] sample:		1259.90 time, 1260.02 real, 311 MB, 1.00 load
[runlim] sample:		1269.90 time, 1270.02 real, 311 MB, 1.00 load
[runlim] sample:		1279.90 time, 1280.02 real, 311 MB, 1.00 load
[runlim] sample:		1289.90 time, 1290.02 real, 312 MB, 1.00 load
[runlim] sample:		1299.90 time, 1300.02 real, 312 MB, 1.00 load
[runlim] sample:		1309.90 time, 1310.02 real, 312 MB, 1.00 load
[runlim] sample:		1319.90 time, 1320.02 real, 312 MB, 1.00 load
[runlim] sample:		1329.90 time, 1330.02 real, 312 MB, 1.00 load
[runlim] sample:		1339.90 time, 1340.02 real, 312 MB, 1.00 load
[runlim] sample:		1349.90 time, 1350.02 real, 312 MB, 1.00 load
[runlim] sample:		1359.90 time, 1360.02 real, 312 MB, 1.00 load
[runlim] sample:		1369.90 time, 1370.02 real, 319 MB, 1.00 load
[runlim] sample:		1379.89 time, 1380.02 real, 320 MB, 1.00 load
[runlim] sample:		1389.89 time, 1390.02 real, 320 MB, 1.00 load
[runlim] sample:		1399.89 time, 1400.02 real, 320 MB, 1.00 load
[runlim] sample:		1409.90 time, 1410.02 real, 320 MB, 1.00 load
[runlim] sample:		1419.90 time, 1420.02 real, 320 MB, 1.00 load
[runlim] sample:		1429.89 time, 1430.02 real, 320 MB, 1.00 load
[runlim] sample:		1439.89 time, 1440.02 real, 320 MB, 1.00 load
[runlim] sample:		1449.89 time, 1450.02 real, 320 MB, 1.00 load
[runlim] sample:		1459.89 time, 1460.02 real, 321 MB, 1.00 load
[runlim] sample:		1469.89 time, 1470.02 real, 321 MB, 1.00 load
[runlim] sample:		1479.89 time, 1480.02 real, 321 MB, 1.00 load
[runlim] sample:		1489.89 time, 1490.02 real, 321 MB, 1.00 load
[runlim] sample:		1499.89 time, 1500.02 real, 321 MB, 1.00 load
[runlim] sample:		1509.89 time, 1510.02 real, 321 MB, 1.00 load
[runlim] sample:		1519.89 time, 1520.02 real, 321 MB, 1.00 load
[runlim] sample:		1529.89 time, 1530.02 real, 321 MB, 1.00 load
[runlim] sample:		1539.89 time, 1540.02 real, 321 MB, 1.00 load
[runlim] sample:		1549.89 time, 1550.02 real, 321 MB, 1.00 load
[runlim] sample:		1559.89 time, 1560.02 real, 322 MB, 1.00 load
[runlim] sample:		1569.89 time, 1570.02 real, 322 MB, 1.00 load
[runlim] sample:		1579.89 time, 1580.02 real, 387 MB, 1.00 load
[runlim] sample:		1589.89 time, 1590.02 real, 322 MB, 1.00 load
[runlim] sample:		1599.89 time, 1600.02 real, 322 MB, 1.00 load
[runlim] sample:		1609.88 time, 1610.02 real, 322 MB, 1.00 load
[runlim] sample:		1619.88 time, 1620.02 real, 322 MB, 1.00 load
[runlim] sample:		1629.88 time, 1630.02 real, 322 MB, 1.00 load
[runlim] sample:		1639.88 time, 1640.02 real, 323 MB, 1.00 load
[runlim] sample:		1649.88 time, 1650.02 real, 323 MB, 1.00 load
[runlim] sample:		1659.88 time, 1660.02 real, 323 MB, 1.00 load
[runlim] sample:		1669.88 time, 1670.02 real, 323 MB, 1.00 load
[runlim] sample:		1679.88 time, 1680.02 real, 323 MB, 1.00 load
[runlim] sample:		1689.88 time, 1690.02 real, 323 MB, 1.00 load
[runlim] sample:		1699.88 time, 1700.02 real, 323 MB, 1.00 load
[runlim] sample:		1709.88 time, 1710.02 real, 323 MB, 1.00 load
[runlim] sample:		1719.88 time, 1720.02 real, 323 MB, 1.00 load
[runlim] sample:		1729.88 time, 1730.02 real, 323 MB, 1.00 load
[runlim] sample:		1739.88 time, 1740.02 real, 323 MB, 1.00 load
[runlim] sample:		1749.87 time, 1750.02 real, 324 MB, 1.00 load
[runlim] sample:		1759.87 time, 1760.02 real, 324 MB, 1.00 load
[runlim] sample:		1769.87 time, 1770.02 real, 324 MB, 1.00 load
[runlim] sample:		1779.87 time, 1780.02 real, 324 MB, 1.00 load
[runlim] sample:		1789.87 time, 1790.02 real, 328 MB, 1.00 load
[runlim] sample:		1799.87 time, 1800.02 real, 328 MB, 1.00 load
[runlim] sample:		1809.87 time, 1810.02 real, 328 MB, 1.00 load
[runlim] sample:		1819.87 time, 1820.02 real, 328 MB, 1.00 load
[runlim] sample:		1829.87 time, 1830.02 real, 328 MB, 1.00 load
[runlim] sample:		1839.87 time, 1840.02 real, 329 MB, 1.00 load
[runlim] sample:		1849.87 time, 1850.02 real, 329 MB, 1.00 load
[runlim] sample:		1859.87 time, 1860.02 real, 329 MB, 1.00 load
[runlim] sample:		1869.87 time, 1870.02 real, 329 MB, 1.00 load
[runlim] sample:		1879.87 time, 1880.02 real, 329 MB, 1.00 load
[runlim] sample:		1889.87 time, 1890.02 real, 329 MB, 1.00 load
[runlim] sample:		1899.87 time, 1900.02 real, 329 MB, 1.00 load
[runlim] sample:		1909.87 time, 1910.02 real, 329 MB, 1.00 load
[runlim] sample:		1919.87 time, 1920.02 real, 329 MB, 1.00 load
[runlim] sample:		1929.87 time, 1930.02 real, 329 MB, 1.00 load
[runlim] sample:		1939.87 time, 1940.02 real, 329 MB, 1.66 load
[runlim] sample:		1949.87 time, 1950.02 real, 329 MB, 1.56 load
[runlim] sample:		1959.87 time, 1960.02 real, 330 MB, 1.47 load
[runlim] sample:		1969.87 time, 1970.02 real, 330 MB, 1.40 load
[runlim] sample:		1979.87 time, 1980.02 real, 330 MB, 1.34 load
[runlim] sample:		1989.86 time, 1990.02 real, 332 MB, 1.29 load
[runlim] sample:		1999.86 time, 2000.02 real, 332 MB, 1.24 load
[runlim] sample:		2009.86 time, 2010.02 real, 332 MB, 1.20 load
[runlim] sample:		2019.86 time, 2020.02 real, 332 MB, 1.17 load
[runlim] sample:		2029.86 time, 2030.02 real, 335 MB, 1.15 load
[runlim] sample:		2039.86 time, 2040.02 real, 335 MB, 1.12 load
[runlim] sample:		2049.86 time, 2050.02 real, 292 MB, 1.10 load
[runlim] sample:		2059.86 time, 2060.02 real, 292 MB, 1.09 load
[runlim] sample:		2069.86 time, 2070.02 real, 292 MB, 1.07 load
[runlim] sample:		2079.85 time, 2080.02 real, 304 MB, 1.06 load
[runlim] sample:		2089.85 time, 2090.02 real, 304 MB, 1.05 load
[runlim] sample:		2099.85 time, 2100.02 real, 310 MB, 1.04 load
[runlim] sample:		2109.85 time, 2110.02 real, 310 MB, 1.04 load
[runlim] sample:		2119.85 time, 2120.02 real, 339 MB, 1.03 load
[runlim] sample:		2129.85 time, 2130.02 real, 338 MB, 1.02 load
[runlim] sample:		2139.85 time, 2140.02 real, 338 MB, 1.02 load
[runlim] sample:		2149.85 time, 2150.02 real, 337 MB, 1.02 load
[runlim] sample:		2159.84 time, 2160.02 real, 336 MB, 1.01 load
[runlim] sample:		2169.84 time, 2170.02 real, 336 MB, 1.01 load
[runlim] sample:		2179.84 time, 2180.02 real, 338 MB, 1.01 load
[runlim] sample:		2189.84 time, 2190.02 real, 338 MB, 1.01 load
[runlim] sample:		2199.84 time, 2200.02 real, 338 MB, 1.01 load
[runlim] sample:		2209.84 time, 2210.02 real, 337 MB, 1.00 load
[runlim] sample:		2219.84 time, 2220.02 real, 337 MB, 1.00 load
[runlim] sample:		2229.84 time, 2230.02 real, 337 MB, 1.00 load
[runlim] sample:		2239.84 time, 2240.02 real, 337 MB, 1.00 load
[runlim] sample:		2249.84 time, 2250.02 real, 337 MB, 1.00 load
[runlim] sample:		2259.84 time, 2260.02 real, 344 MB, 1.00 load
[runlim] sample:		2269.84 time, 2270.02 real, 342 MB, 1.00 load
[runlim] sample:		2279.84 time, 2280.02 real, 342 MB, 1.00 load
[runlim] sample:		2289.84 time, 2290.02 real, 342 MB, 1.00 load
[runlim] sample:		2299.84 time, 2300.02 real, 339 MB, 1.00 load
[runlim] sample:		2309.84 time, 2310.02 real, 339 MB, 1.00 load
[runlim] sample:		2319.83 time, 2320.02 real, 349 MB, 1.00 load
[runlim] sample:		2329.83 time, 2330.02 real, 349 MB, 1.00 load
[runlim] sample:		2339.84 time, 2340.02 real, 346 MB, 1.00 load
[runlim] sample:		2349.84 time, 2350.02 real, 346 MB, 1.00 load
[runlim] sample:		2359.84 time, 2360.02 real, 298 MB, 1.00 load
[runlim] sample:		2369.83 time, 2370.02 real, 305 MB, 1.00 load
[runlim] sample:		2379.83 time, 2380.02 real, 305 MB, 1.00 load
[runlim] sample:		2389.83 time, 2390.02 real, 316 MB, 1.00 load
[runlim] sample:		2399.83 time, 2400.02 real, 316 MB, 1.00 load
[runlim] sample:		2409.83 time, 2410.02 real, 323 MB, 1.00 load
[runlim] sample:		2419.83 time, 2420.02 real, 323 MB, 1.00 load
[runlim] sample:		2429.84 time, 2430.02 real, 317 MB, 1.08 load
[runlim] sample:		2439.84 time, 2440.02 real, 317 MB, 1.07 load
[runlim] sample:		2449.83 time, 2450.02 real, 349 MB, 1.06 load
[runlim] sample:		2459.83 time, 2460.02 real, 309 MB, 1.05 load
[runlim] sample:		2469.83 time, 2470.02 real, 312 MB, 1.04 load
[runlim] sample:		2479.83 time, 2480.02 real, 312 MB, 1.03 load
[runlim] sample:		2489.83 time, 2490.02 real, 306 MB, 1.03 load
[runlim] sample:		2499.83 time, 2500.02 real, 303 MB, 1.02 load
[runlim] sample:		2509.82 time, 2510.02 real, 303 MB, 1.02 load
[runlim] sample:		2519.83 time, 2520.02 real, 332 MB, 1.02 load
[runlim] sample:		2529.83 time, 2530.02 real, 333 MB, 1.01 load
[runlim] sample:		2539.83 time, 2540.02 real, 340 MB, 1.01 load
[runlim] sample:		2549.83 time, 2550.02 real, 340 MB, 1.01 load
[runlim] sample:		2559.83 time, 2560.02 real, 334 MB, 1.01 load
[runlim] sample:		2569.83 time, 2570.02 real, 334 MB, 1.00 load
[runlim] sample:		2579.82 time, 2580.02 real, 336 MB, 1.00 load
[runlim] sample:		2589.82 time, 2590.02 real, 338 MB, 1.00 load
[runlim] sample:		2599.82 time, 2600.02 real, 340 MB, 1.00 load
[runlim] sample:		2609.82 time, 2610.02 real, 340 MB, 1.00 load
[runlim] sample:		2619.83 time, 2620.02 real, 340 MB, 1.00 load
[runlim] sample:		2629.82 time, 2630.02 real, 379 MB, 1.00 load
[runlim] sample:		2639.83 time, 2640.02 real, 341 MB, 1.00 load
[runlim] sample:		2649.82 time, 2650.02 real, 339 MB, 1.00 load
[runlim] sample:		2659.82 time, 2660.02 real, 339 MB, 1.00 load
[runlim] sample:		2669.82 time, 2670.02 real, 339 MB, 1.00 load
[runlim] sample:		2679.82 time, 2680.02 real, 339 MB, 1.15 load
[runlim] sample:		2689.82 time, 2690.02 real, 341 MB, 1.13 load
[runlim] sample:		2699.82 time, 2700.02 real, 341 MB, 1.11 load
[runlim] sample:		2709.81 time, 2710.02 real, 342 MB, 1.09 load
[runlim] sample:		2719.81 time, 2720.02 real, 343 MB, 1.08 load
[runlim] sample:		2729.81 time, 2730.02 real, 343 MB, 1.06 load
[runlim] sample:		2739.82 time, 2740.02 real, 339 MB, 1.05 load
[runlim] sample:		2749.82 time, 2750.02 real, 339 MB, 1.05 load
[runlim] sample:		2759.82 time, 2760.02 real, 339 MB, 1.04 load
[runlim] sample:		2769.81 time, 2770.02 real, 343 MB, 1.03 load
[runlim] sample:		2779.81 time, 2780.02 real, 339 MB, 1.03 load
[runlim] sample:		2789.81 time, 2790.02 real, 339 MB, 1.02 load
[runlim] sample:		2799.81 time, 2800.02 real, 347 MB, 1.02 load
[runlim] sample:		2809.81 time, 2810.02 real, 347 MB, 1.10 load
[runlim] sample:		2819.81 time, 2820.02 real, 347 MB, 1.08 load
[runlim] sample:		2829.81 time, 2830.02 real, 345 MB, 1.07 load
[runlim] sample:		2839.81 time, 2840.02 real, 345 MB, 1.06 load
[runlim] sample:		2849.81 time, 2850.02 real, 339 MB, 1.05 load
[runlim] sample:		2859.81 time, 2860.02 real, 339 MB, 1.04 load
[runlim] sample:		2869.81 time, 2870.02 real, 341 MB, 1.03 load
[runlim] sample:		2879.81 time, 2880.02 real, 341 MB, 1.03 load
[runlim] sample:		2889.81 time, 2890.02 real, 342 MB, 1.02 load
[runlim] sample:		2899.80 time, 2900.02 real, 342 MB, 1.02 load
[runlim] sample:		2909.81 time, 2910.02 real, 343 MB, 1.02 load
[runlim] sample:		2919.81 time, 2920.02 real, 343 MB, 1.01 load
[runlim] sample:		2929.81 time, 2930.02 real, 343 MB, 1.01 load
[runlim] sample:		2939.81 time, 2940.02 real, 343 MB, 1.01 load
[runlim] sample:		2949.80 time, 2950.02 real, 341 MB, 1.01 load
[runlim] sample:		2959.80 time, 2960.02 real, 339 MB, 1.00 load
[runlim] sample:		2969.80 time, 2970.02 real, 339 MB, 1.00 load
[runlim] sample:		2979.80 time, 2980.02 real, 340 MB, 1.00 load
[runlim] sample:		2989.80 time, 2990.02 real, 340 MB, 1.00 load
[runlim] sample:		2999.80 time, 3000.02 real, 342 MB, 1.00 load
[runlim] sample:		3009.80 time, 3010.02 real, 342 MB, 1.00 load
[runlim] sample:		3019.80 time, 3020.02 real, 342 MB, 1.00 load
[runlim] sample:		3029.80 time, 3030.02 real, 343 MB, 1.00 load
[runlim] sample:		3039.80 time, 3040.02 real, 347 MB, 1.00 load
[runlim] sample:		3049.80 time, 3050.02 real, 347 MB, 1.00 load
[runlim] sample:		3059.80 time, 3060.02 real, 345 MB, 1.00 load
[runlim] sample:		3069.80 time, 3070.02 real, 345 MB, 1.00 load
[runlim] sample:		3079.80 time, 3080.02 real, 346 MB, 1.00 load
[runlim] sample:		3089.80 time, 3090.02 real, 346 MB, 1.00 load
[runlim] sample:		3099.80 time, 3100.02 real, 346 MB, 1.00 load
[runlim] sample:		3109.80 time, 3110.02 real, 346 MB, 1.00 load
[runlim] sample:		3119.80 time, 3120.02 real, 346 MB, 1.00 load
[runlim] sample:		3129.80 time, 3130.02 real, 346 MB, 1.00 load
[runlim] sample:		3139.80 time, 3140.02 real, 346 MB, 1.00 load
[runlim] sample:		3149.80 time, 3150.02 real, 348 MB, 1.00 load
[runlim] sample:		3159.80 time, 3160.02 real, 348 MB, 1.00 load
[runlim] sample:		3169.79 time, 3170.02 real, 349 MB, 1.22 load
[runlim] sample:		3179.79 time, 3180.02 real, 349 MB, 1.19 load
[runlim] sample:		3189.80 time, 3190.02 real, 357 MB, 1.82 load
[runlim] sample:		3199.80 time, 3200.02 real, 357 MB, 1.69 load
[runlim] sample:		3209.80 time, 3210.02 real, 357 MB, 1.59 load
[runlim] sample:		3219.80 time, 3220.02 real, 346 MB, 1.50 load
[runlim] sample:		3229.80 time, 3230.02 real, 346 MB, 1.42 load
[runlim] sample:		3239.79 time, 3240.02 real, 348 MB, 1.35 load
[runlim] sample:		3249.79 time, 3250.02 real, 348 MB, 1.30 load
[runlim] sample:		3259.79 time, 3260.02 real, 349 MB, 1.25 load
[runlim] sample:		3269.79 time, 3270.02 real, 349 MB, 1.21 load
[runlim] sample:		3279.79 time, 3280.02 real, 355 MB, 1.18 load
[runlim] sample:		3289.79 time, 3290.02 real, 355 MB, 1.15 load
[runlim] sample:		3299.79 time, 3300.02 real, 355 MB, 1.13 load
[runlim] sample:		3309.78 time, 3310.02 real, 357 MB, 1.11 load
[runlim] sample:		3319.78 time, 3320.02 real, 357 MB, 1.09 load
[runlim] sample:		3329.78 time, 3330.02 real, 357 MB, 1.08 load
[runlim] sample:		3339.79 time, 3340.02 real, 357 MB, 1.06 load
[runlim] sample:		3349.79 time, 3350.02 real, 357 MB, 1.05 load
[runlim] sample:		3359.79 time, 3360.02 real, 357 MB, 1.05 load
[runlim] sample:		3369.79 time, 3370.02 real, 357 MB, 1.04 load
[runlim] sample:		3379.79 time, 3380.02 real, 357 MB, 1.03 load
[runlim] sample:		3389.79 time, 3390.02 real, 348 MB, 1.03 load
[runlim] sample:		3399.79 time, 3400.02 real, 348 MB, 1.02 load
[runlim] sample:		3409.78 time, 3410.02 real, 374 MB, 1.02 load
[runlim] sample:		3419.78 time, 3420.02 real, 374 MB, 1.02 load
[runlim] sample:		3429.78 time, 3430.02 real, 374 MB, 1.01 load
[runlim] sample:		3439.78 time, 3440.02 real, 375 MB, 1.01 load
[runlim] sample:		3449.78 time, 3450.02 real, 375 MB, 1.01 load
[runlim] sample:		3459.77 time, 3460.02 real, 375 MB, 1.01 load
[runlim] sample:		3469.77 time, 3470.02 real, 375 MB, 1.00 load
[runlim] sample:		3479.78 time, 3480.02 real, 376 MB, 1.00 load
[runlim] sample:		3489.78 time, 3490.02 real, 376 MB, 1.00 load
[runlim] sample:		3499.78 time, 3500.02 real, 376 MB, 1.00 load
[runlim] sample:		3509.78 time, 3510.02 real, 376 MB, 1.00 load
[runlim] sample:		3519.78 time, 3520.02 real, 376 MB, 1.00 load
[runlim] sample:		3529.77 time, 3530.02 real, 377 MB, 1.00 load
[runlim] sample:		3539.77 time, 3540.02 real, 377 MB, 1.00 load
[runlim] sample:		3549.77 time, 3550.02 real, 377 MB, 1.00 load
[runlim] sample:		3559.77 time, 3560.02 real, 377 MB, 1.00 load
[runlim] sample:		3569.77 time, 3570.02 real, 377 MB, 1.00 load
[runlim] sample:		3579.77 time, 3580.02 real, 377 MB, 1.00 load
[runlim] sample:		3589.78 time, 3590.02 real, 377 MB, 1.00 load
[runlim] sample:		3599.77 time, 3600.02 real, 377 MB, 1.00 load
[runlim] sample:		3609.77 time, 3610.02 real, 377 MB, 1.00 load
[runlim] sample:		3619.77 time, 3620.02 real, 377 MB, 1.00 load
[runlim] sample:		3629.77 time, 3630.02 real, 378 MB, 1.00 load
[runlim] sample:		3639.76 time, 3640.02 real, 378 MB, 1.00 load
[runlim] sample:		3649.76 time, 3650.02 real, 378 MB, 1.00 load
[runlim] sample:		3659.76 time, 3660.02 real, 378 MB, 1.00 load
[runlim] sample:		3669.76 time, 3670.02 real, 378 MB, 1.00 load
[runlim] sample:		3679.77 time, 3680.02 real, 378 MB, 1.00 load
[runlim] sample:		3689.77 time, 3690.02 real, 378 MB, 1.00 load
[runlim] sample:		3699.77 time, 3700.02 real, 378 MB, 1.00 load
[runlim] sample:		3709.77 time, 3710.02 real, 378 MB, 1.00 load
[runlim] sample:		3719.76 time, 3720.02 real, 378 MB, 1.00 load
[runlim] sample:		3729.77 time, 3730.02 real, 379 MB, 1.00 load
[runlim] sample:		3739.77 time, 3740.02 real, 379 MB, 1.00 load
[runlim] sample:		3749.77 time, 3750.02 real, 379 MB, 1.00 load
[runlim] sample:		3759.76 time, 3760.02 real, 379 MB, 1.00 load
[runlim] sample:		3769.76 time, 3770.02 real, 379 MB, 1.00 load
[runlim] sample:		3779.76 time, 3780.02 real, 379 MB, 1.00 load
[runlim] sample:		3789.76 time, 3790.02 real, 379 MB, 1.00 load
[runlim] sample:		3799.76 time, 3800.02 real, 379 MB, 1.00 load
[runlim] sample:		3809.76 time, 3810.02 real, 379 MB, 1.72 load
[runlim] sample:		3819.76 time, 3820.02 real, 379 MB, 1.61 load
[runlim] sample:		3829.76 time, 3830.02 real, 379 MB, 1.52 load
[runlim] sample:		3839.76 time, 3840.02 real, 379 MB, 1.44 load
[runlim] sample:		3849.76 time, 3850.02 real, 379 MB, 1.37 load
[runlim] sample:		3859.76 time, 3860.02 real, 379 MB, 1.31 load
[runlim] sample:		3869.76 time, 3870.02 real, 379 MB, 1.26 load
[runlim] sample:		3879.75 time, 3880.02 real, 380 MB, 1.22 load
[runlim] sample:		3889.75 time, 3890.02 real, 380 MB, 1.19 load
[runlim] sample:		3899.75 time, 3900.02 real, 380 MB, 1.16 load
[runlim] sample:		3909.75 time, 3910.02 real, 380 MB, 1.13 load
[runlim] sample:		3919.75 time, 3920.02 real, 380 MB, 1.11 load
[runlim] sample:		3929.75 time, 3930.02 real, 380 MB, 1.10 load
[runlim] sample:		3939.75 time, 3940.02 real, 380 MB, 1.08 load
[runlim] sample:		3949.75 time, 3950.02 real, 380 MB, 1.07 load
[runlim] sample:		3959.75 time, 3960.02 real, 380 MB, 1.06 load
[runlim] sample:		3969.75 time, 3970.02 real, 380 MB, 1.05 load
[runlim] sample:		3979.75 time, 3980.02 real, 380 MB, 1.04 load
[runlim] sample:		3989.75 time, 3990.02 real, 380 MB, 1.03 load
[runlim] sample:		3999.75 time, 4000.02 real, 380 MB, 1.03 load
[runlim] sample:		4009.75 time, 4010.02 real, 380 MB, 1.02 load
[runlim] sample:		4019.74 time, 4020.02 real, 380 MB, 1.02 load
[runlim] sample:		4029.74 time, 4030.02 real, 380 MB, 1.02 load
[runlim] sample:		4039.74 time, 4040.02 real, 381 MB, 1.01 load
[runlim] sample:		4049.74 time, 4050.02 real, 381 MB, 1.01 load
[runlim] sample:		4059.74 time, 4060.02 real, 381 MB, 1.09 load
[runlim] sample:		4069.74 time, 4070.02 real, 381 MB, 1.07 load
[runlim] sample:		4079.74 time, 4080.02 real, 381 MB, 1.06 load
[runlim] sample:		4089.74 time, 4090.02 real, 381 MB, 1.05 load
[runlim] sample:		4099.74 time, 4100.02 real, 381 MB, 1.04 load
[runlim] sample:		4109.74 time, 4110.02 real, 381 MB, 1.04 load
[runlim] sample:		4119.74 time, 4120.02 real, 381 MB, 1.03 load
[runlim] sample:		4129.74 time, 4130.02 real, 381 MB, 1.03 load
[runlim] sample:		4139.73 time, 4140.02 real, 381 MB, 1.02 load
[runlim] sample:		4149.73 time, 4150.02 real, 381 MB, 1.02 load
[runlim] sample:		4159.73 time, 4160.02 real, 381 MB, 1.01 load
[runlim] sample:		4169.73 time, 4170.02 real, 381 MB, 1.01 load
[runlim] sample:		4179.73 time, 4180.02 real, 382 MB, 1.01 load
[runlim] sample:		4189.73 time, 4190.02 real, 382 MB, 1.08 load
[runlim] sample:		4199.73 time, 4200.02 real, 382 MB, 1.07 load
[runlim] sample:		4209.73 time, 4210.02 real, 382 MB, 1.06 load
[runlim] sample:		4219.73 time, 4220.02 real, 382 MB, 1.05 load
[runlim] sample:		4229.73 time, 4230.02 real, 382 MB, 1.04 load
[runlim] sample:		4239.73 time, 4240.02 real, 382 MB, 1.03 load
[runlim] sample:		4249.73 time, 4250.02 real, 382 MB, 1.03 load
[runlim] sample:		4259.73 time, 4260.02 real, 382 MB, 1.02 load
[runlim] sample:		4269.73 time, 4270.02 real, 382 MB, 1.02 load
[runlim] sample:		4279.73 time, 4280.02 real, 382 MB, 1.02 load
[runlim] sample:		4289.73 time, 4290.02 real, 382 MB, 1.01 load
[runlim] sample:		4299.73 time, 4300.02 real, 382 MB, 1.01 load
[runlim] sample:		4309.72 time, 4310.02 real, 383 MB, 1.01 load
[runlim] sample:		4319.72 time, 4320.02 real, 383 MB, 1.01 load
[runlim] sample:		4329.72 time, 4330.02 real, 383 MB, 1.00 load
[runlim] sample:		4339.72 time, 4340.02 real, 383 MB, 1.00 load
[runlim] sample:		4349.72 time, 4350.02 real, 383 MB, 1.00 load
[runlim] sample:		4359.72 time, 4360.02 real, 385 MB, 1.00 load
[runlim] sample:		4369.72 time, 4370.02 real, 385 MB, 1.00 load
[runlim] sample:		4379.72 time, 4380.02 real, 385 MB, 1.00 load
[runlim] sample:		4389.72 time, 4390.02 real, 390 MB, 1.00 load
[runlim] sample:		4399.72 time, 4400.02 real, 390 MB, 1.00 load
[runlim] sample:		4409.72 time, 4410.02 real, 390 MB, 1.00 load
[runlim] sample:		4419.72 time, 4420.02 real, 390 MB, 1.00 load
[runlim] sample:		4429.72 time, 4430.02 real, 390 MB, 1.00 load
[runlim] sample:		4439.72 time, 4440.02 real, 390 MB, 1.00 load
[runlim] sample:		4449.72 time, 4450.02 real, 390 MB, 1.00 load
[runlim] sample:		4459.72 time, 4460.02 real, 390 MB, 1.00 load
[runlim] sample:		4469.73 time, 4470.02 real, 390 MB, 1.08 load
[runlim] sample:		4479.72 time, 4480.02 real, 391 MB, 1.07 load
[runlim] sample:		4489.71 time, 4490.02 real, 391 MB, 1.06 load
[runlim] sample:		4499.71 time, 4500.02 real, 391 MB, 1.05 load
[runlim] sample:		4509.71 time, 4510.02 real, 391 MB, 1.04 load
[runlim] sample:		4519.71 time, 4520.02 real, 391 MB, 1.03 load
[runlim] sample:		4529.72 time, 4530.02 real, 390 MB, 1.03 load
[runlim] sample:		4539.72 time, 4540.02 real, 390 MB, 1.02 load
[runlim] sample:		4549.72 time, 4550.02 real, 390 MB, 1.02 load
[runlim] sample:		4559.71 time, 4560.02 real, 390 MB, 1.02 load
[runlim] sample:		4569.71 time, 4570.02 real, 390 MB, 1.01 load
[runlim] sample:		4579.71 time, 4580.02 real, 390 MB, 1.01 load
[runlim] sample:		4589.71 time, 4590.02 real, 391 MB, 1.01 load
[runlim] sample:		4599.71 time, 4600.02 real, 391 MB, 1.01 load
[runlim] sample:		4609.71 time, 4610.02 real, 391 MB, 1.00 load
[runlim] sample:		4619.71 time, 4620.02 real, 391 MB, 1.00 load
[runlim] sample:		4629.70 time, 4630.02 real, 391 MB, 1.00 load
[runlim] sample:		4639.70 time, 4640.02 real, 391 MB, 1.00 load
[runlim] sample:		4649.71 time, 4650.02 real, 392 MB, 1.00 load
[runlim] sample:		4659.71 time, 4660.02 real, 392 MB, 1.00 load
[runlim] sample:		4669.71 time, 4670.02 real, 392 MB, 1.00 load
[runlim] sample:		4679.71 time, 4680.02 real, 392 MB, 1.00 load
[runlim] sample:		4689.71 time, 4690.02 real, 392 MB, 1.00 load
[runlim] sample:		4699.70 time, 4700.02 real, 392 MB, 1.00 load
[runlim] sample:		4709.70 time, 4710.02 real, 392 MB, 1.00 load
[runlim] sample:		4719.70 time, 4720.02 real, 392 MB, 1.00 load
[runlim] sample:		4729.70 time, 4730.02 real, 392 MB, 1.00 load
[runlim] sample:		4739.70 time, 4740.02 real, 392 MB, 1.00 load
[runlim] sample:		4749.70 time, 4750.02 real, 392 MB, 1.00 load
[runlim] sample:		4759.70 time, 4760.02 real, 392 MB, 1.00 load
[runlim] sample:		4769.70 time, 4770.02 real, 392 MB, 1.00 load
[runlim] sample:		4779.70 time, 4780.02 real, 392 MB, 1.00 load
[runlim] sample:		4789.70 time, 4790.02 real, 392 MB, 1.00 load
[runlim] sample:		4799.70 time, 4800.02 real, 392 MB, 1.00 load
[runlim] sample:		4809.70 time, 4810.02 real, 392 MB, 1.00 load
[runlim] sample:		4819.70 time, 4820.02 real, 392 MB, 1.00 load
[runlim] sample:		4829.70 time, 4830.02 real, 392 MB, 1.00 load
[runlim] sample:		4839.70 time, 4840.02 real, 392 MB, 1.00 load
[runlim] sample:		4849.70 time, 4850.02 real, 392 MB, 1.00 load
[runlim] sample:		4859.70 time, 4860.02 real, 392 MB, 1.00 load
[runlim] sample:		4869.70 time, 4870.02 real, 392 MB, 1.00 load
[runlim] sample:		4879.70 time, 4880.02 real, 392 MB, 1.00 load
[runlim] sample:		4889.70 time, 4890.02 real, 393 MB, 1.00 load
[runlim] sample:		4899.70 time, 4900.02 real, 393 MB, 1.00 load
[runlim] sample:		4909.70 time, 4910.02 real, 393 MB, 1.00 load
[runlim] sample:		4919.70 time, 4920.02 real, 393 MB, 1.00 load
[runlim] sample:		4929.70 time, 4930.02 real, 393 MB, 1.00 load
[runlim] sample:		4939.70 time, 4940.02 real, 393 MB, 1.00 load
[runlim] sample:		4949.69 time, 4950.02 real, 393 MB, 1.00 load
[runlim] sample:		4959.70 time, 4960.02 real, 393 MB, 1.00 load
[runlim] sample:		4969.70 time, 4970.02 real, 393 MB, 1.00 load
[runlim] sample:		4979.70 time, 4980.02 real, 393 MB, 1.00 load
[runlim] sample:		4989.69 time, 4990.02 real, 393 MB, 1.00 load
[runlim] sample:		4999.69 time, 5000.02 real, 393 MB, 1.00 load
[runlim] sample:		5009.69 time, 5010.02 real, 393 MB, 1.00 load
[runlim] sample:		5019.69 time, 5020.02 real, 393 MB, 1.00 load
[runlim] sample:		5029.69 time, 5030.02 real, 393 MB, 1.00 load
[runlim] sample:		5039.69 time, 5040.02 real, 393 MB, 1.00 load
[runlim] sample:		5049.69 time, 5050.02 real, 403 MB, 1.00 load
[runlim] sample:		5059.69 time, 5060.02 real, 403 MB, 1.00 load
[runlim] sample:		5069.69 time, 5070.02 real, 403 MB, 1.00 load
[runlim] sample:		5079.68 time, 5080.02 real, 403 MB, 1.07 load
[runlim] sample:		5089.68 time, 5090.02 real, 403 MB, 1.06 load
[runlim] sample:		5099.68 time, 5100.02 real, 403 MB, 1.05 load
[runlim] sample:		5109.68 time, 5110.02 real, 403 MB, 1.04 load
[runlim] sample:		5119.68 time, 5120.02 real, 403 MB, 1.04 load
[runlim] sample:		5129.68 time, 5130.02 real, 403 MB, 1.03 load
[runlim] sample:		5139.68 time, 5140.02 real, 403 MB, 1.02 load
[runlim] sample:		5149.68 time, 5150.02 real, 403 MB, 1.02 load
[runlim] sample:		5159.67 time, 5160.02 real, 403 MB, 1.02 load
[runlim] sample:		5169.67 time, 5170.02 real, 403 MB, 1.01 load
[runlim] sample:		5179.67 time, 5180.02 real, 403 MB, 1.01 load
[runlim] sample:		5189.68 time, 5190.02 real, 403 MB, 1.01 load
[runlim] sample:		5199.68 time, 5200.02 real, 403 MB, 1.01 load
[runlim] sample:		5209.68 time, 5210.02 real, 403 MB, 1.01 load
[runlim] sample:		5219.67 time, 5220.02 real, 403 MB, 1.00 load
[runlim] sample:		5229.67 time, 5230.02 real, 403 MB, 1.00 load
[runlim] sample:		5239.67 time, 5240.02 real, 403 MB, 1.00 load
[runlim] sample:		5249.67 time, 5250.02 real, 403 MB, 1.00 load
[runlim] sample:		5259.67 time, 5260.02 real, 403 MB, 1.00 load
[runlim] sample:		5269.67 time, 5270.02 real, 403 MB, 1.00 load
[runlim] sample:		5279.67 time, 5280.02 real, 403 MB, 1.00 load
[runlim] sample:		5289.67 time, 5290.02 real, 405 MB, 1.00 load
[runlim] sample:		5299.67 time, 5300.02 real, 406 MB, 1.00 load
[runlim] sample:		5309.67 time, 5310.02 real, 406 MB, 1.00 load
[runlim] sample:		5319.67 time, 5320.02 real, 406 MB, 1.00 load
[runlim] sample:		5329.66 time, 5330.02 real, 406 MB, 1.00 load
[runlim] sample:		5339.66 time, 5340.02 real, 406 MB, 1.00 load
[runlim] sample:		5349.66 time, 5350.02 real, 406 MB, 1.00 load
[runlim] sample:		5359.66 time, 5360.02 real, 406 MB, 1.00 load
[runlim] sample:		5369.66 time, 5370.02 real, 406 MB, 1.00 load
[runlim] sample:		5379.66 time, 5380.02 real, 406 MB, 1.00 load
[runlim] sample:		5389.66 time, 5390.02 real, 406 MB, 1.00 load
[runlim] sample:		5399.66 time, 5400.02 real, 407 MB, 1.00 load
[runlim] sample:		5409.66 time, 5410.02 real, 407 MB, 1.00 load
[runlim] sample:		5419.66 time, 5420.02 real, 407 MB, 1.00 load
[runlim] sample:		5429.66 time, 5430.02 real, 407 MB, 1.00 load
[runlim] sample:		5439.66 time, 5440.02 real, 407 MB, 1.00 load
[runlim] sample:		5449.66 time, 5450.02 real, 407 MB, 1.00 load
[runlim] sample:		5459.66 time, 5460.02 real, 407 MB, 1.00 load
[runlim] sample:		5469.66 time, 5470.02 real, 407 MB, 1.00 load
[runlim] sample:		5479.66 time, 5480.02 real, 407 MB, 1.00 load
[runlim] sample:		5489.66 time, 5490.02 real, 407 MB, 1.00 load
[runlim] sample:		5499.65 time, 5500.02 real, 407 MB, 1.00 load
[runlim] sample:		5509.65 time, 5510.02 real, 407 MB, 1.00 load
[runlim] sample:		5519.65 time, 5520.02 real, 407 MB, 1.00 load
[runlim] sample:		5529.66 time, 5530.02 real, 407 MB, 1.00 load
[runlim] sample:		5539.66 time, 5540.02 real, 407 MB, 1.00 load
[runlim] sample:		5549.66 time, 5550.02 real, 407 MB, 1.00 load
[runlim] sample:		5559.65 time, 5560.02 real, 407 MB, 1.00 load
[runlim] sample:		5569.66 time, 5570.02 real, 413 MB, 1.00 load
[runlim] sample:		5579.66 time, 5580.02 real, 413 MB, 1.00 load
[runlim] sample:		5589.66 time, 5590.02 real, 413 MB, 1.00 load
[runlim] sample:		5599.66 time, 5600.02 real, 413 MB, 1.00 load
[runlim] sample:		5609.65 time, 5610.02 real, 413 MB, 1.00 load
[runlim] sample:		5619.65 time, 5620.02 real, 413 MB, 1.00 load
[runlim] sample:		5629.65 time, 5630.02 real, 413 MB, 1.00 load
[runlim] sample:		5639.65 time, 5640.02 real, 413 MB, 1.00 load
[runlim] sample:		5649.65 time, 5650.02 real, 413 MB, 1.00 load
[runlim] sample:		5659.65 time, 5660.02 real, 413 MB, 1.00 load
[runlim] sample:		5669.65 time, 5670.02 real, 413 MB, 1.00 load
[runlim] sample:		5679.64 time, 5680.02 real, 414 MB, 1.07 load
[runlim] sample:		5689.64 time, 5690.02 real, 414 MB, 1.06 load
[runlim] sample:		5699.64 time, 5700.02 real, 414 MB, 1.05 load
[runlim] sample:		5709.64 time, 5710.02 real, 414 MB, 1.04 load
[runlim] sample:		5719.63 time, 5720.02 real, 414 MB, 1.04 load
[runlim] sample:		5729.63 time, 5730.02 real, 414 MB, 1.03 load
[runlim] sample:		5739.63 time, 5740.02 real, 414 MB, 1.02 load
[runlim] sample:		5749.63 time, 5750.02 real, 414 MB, 1.02 load
[runlim] sample:		5759.63 time, 5760.02 real, 414 MB, 1.02 load
[runlim] sample:		5769.63 time, 5770.02 real, 414 MB, 1.01 load
[runlim] sample:		5779.63 time, 5780.02 real, 414 MB, 1.01 load
[runlim] sample:		5789.63 time, 5790.02 real, 414 MB, 1.01 load
[runlim] sample:		5799.63 time, 5800.02 real, 414 MB, 1.01 load
[runlim] sample:		5809.63 time, 5810.02 real, 414 MB, 1.01 load
[runlim] sample:		5819.62 time, 5820.02 real, 414 MB, 1.00 load
[runlim] sample:		5829.63 time, 5830.02 real, 414 MB, 1.00 load
[runlim] sample:		5839.62 time, 5840.02 real, 414 MB, 1.00 load
[runlim] sample:		5849.62 time, 5850.02 real, 414 MB, 1.00 load
[runlim] sample:		5859.62 time, 5860.02 real, 414 MB, 1.00 load
[runlim] sample:		5869.62 time, 5870.02 real, 414 MB, 1.00 load
[runlim] sample:		5879.62 time, 5880.02 real, 414 MB, 1.00 load
[runlim] sample:		5889.62 time, 5890.02 real, 414 MB, 1.00 load
[runlim] sample:		5899.62 time, 5900.02 real, 414 MB, 1.00 load
[runlim] sample:		5909.62 time, 5910.02 real, 414 MB, 1.00 load
[runlim] sample:		5919.62 time, 5920.02 real, 414 MB, 1.00 load
[runlim] sample:		5929.62 time, 5930.02 real, 414 MB, 1.00 load
[runlim] sample:		5939.62 time, 5940.02 real, 414 MB, 1.00 load
[runlim] sample:		5949.62 time, 5950.02 real, 414 MB, 1.00 load
[runlim] sample:		5959.61 time, 5960.02 real, 415 MB, 1.00 load
[runlim] sample:		5969.61 time, 5970.02 real, 415 MB, 1.00 load
[runlim] sample:		5979.61 time, 5980.02 real, 415 MB, 1.00 load
[runlim] sample:		5989.61 time, 5990.02 real, 415 MB, 1.00 load
[runlim] sample:		5999.61 time, 6000.02 real, 415 MB, 1.00 load
[runlim] sample:		6009.61 time, 6010.02 real, 415 MB, 1.00 load
[runlim] sample:		6019.61 time, 6020.02 real, 415 MB, 1.00 load
[runlim] sample:		6029.61 time, 6030.02 real, 415 MB, 1.00 load
[runlim] sample:		6039.61 time, 6040.02 real, 415 MB, 1.00 load
[runlim] sample:		6049.61 time, 6050.02 real, 415 MB, 1.00 load
[runlim] sample:		6059.61 time, 6060.02 real, 415 MB, 1.00 load
[runlim] sample:		6069.61 time, 6070.02 real, 415 MB, 1.07 load
[runlim] sample:		6079.61 time, 6080.02 real, 415 MB, 1.06 load
[runlim] sample:		6089.61 time, 6090.02 real, 415 MB, 1.05 load
[runlim] sample:		6099.61 time, 6100.02 real, 415 MB, 1.04 load
[runlim] sample:		6109.61 time, 6110.02 real, 419 MB, 1.04 load
[runlim] sample:		6119.61 time, 6120.02 real, 419 MB, 1.03 load
[runlim] sample:		6129.61 time, 6130.02 real, 419 MB, 1.02 load
[runlim] sample:		6139.60 time, 6140.02 real, 419 MB, 1.02 load
[runlim] sample:		6149.60 time, 6150.02 real, 419 MB, 1.02 load
[runlim] sample:		6159.60 time, 6160.02 real, 419 MB, 1.01 load
[runlim] sample:		6169.60 time, 6170.02 real, 419 MB, 1.01 load
[runlim] sample:		6179.61 time, 6180.02 real, 419 MB, 1.01 load
[runlim] sample:		6189.61 time, 6190.02 real, 419 MB, 1.01 load
[runlim] sample:		6199.61 time, 6200.02 real, 419 MB, 1.01 load
[runlim] sample:		6209.61 time, 6210.02 real, 419 MB, 1.00 load
[runlim] sample:		6219.60 time, 6220.02 real, 419 MB, 1.00 load
[runlim] sample:		6229.60 time, 6230.02 real, 419 MB, 1.00 load
[runlim] sample:		6239.60 time, 6240.02 real, 419 MB, 1.00 load
[runlim] sample:		6249.60 time, 6250.02 real, 419 MB, 1.00 load
[runlim] sample:		6259.60 time, 6260.02 real, 419 MB, 1.00 load
[runlim] sample:		6269.60 time, 6270.02 real, 419 MB, 1.00 load
[runlim] sample:		6279.60 time, 6280.02 real, 419 MB, 1.07 load
[runlim] sample:		6289.60 time, 6290.02 real, 419 MB, 1.06 load
[runlim] sample:		6299.60 time, 6300.02 real, 419 MB, 1.05 load
[runlim] sample:		6309.60 time, 6310.02 real, 419 MB, 1.04 load
[runlim] sample:		6319.59 time, 6320.02 real, 512 MB, 1.70 load
[runlim] sample:		6329.59 time, 6330.02 real, 420 MB, 1.59 load
[runlim] sample:		6339.59 time, 6340.02 real, 420 MB, 1.50 load
[runlim] sample:		6349.59 time, 6350.02 real, 420 MB, 1.42 load
[runlim] sample:		6359.59 time, 6360.02 real, 420 MB, 1.36 load
[runlim] sample:		6369.59 time, 6370.02 real, 420 MB, 1.30 load
[runlim] sample:		6379.59 time, 6380.02 real, 420 MB, 1.26 load
[runlim] sample:		6389.59 time, 6390.02 real, 420 MB, 1.22 load
[runlim] sample:		6399.59 time, 6400.02 real, 420 MB, 1.18 load
[runlim] sample:		6409.59 time, 6410.02 real, 420 MB, 1.23 load
[runlim] sample:		6419.59 time, 6420.02 real, 420 MB, 1.20 load
[runlim] sample:		6429.58 time, 6430.02 real, 420 MB, 1.17 load
[runlim] sample:		6439.58 time, 6440.02 real, 420 MB, 1.22 load
[runlim] sample:		6449.58 time, 6450.02 real, 420 MB, 1.19 load
[runlim] sample:		6459.58 time, 6460.02 real, 420 MB, 1.16 load
[runlim] sample:		6469.59 time, 6470.02 real, 420 MB, 1.13 load
[runlim] sample:		6479.59 time, 6480.02 real, 420 MB, 1.11 load
[runlim] sample:		6489.59 time, 6490.02 real, 420 MB, 1.09 load
[runlim] sample:		6499.59 time, 6500.02 real, 420 MB, 1.08 load
[runlim] sample:		6509.58 time, 6510.02 real, 420 MB, 1.07 load
[runlim] sample:		6519.58 time, 6520.02 real, 420 MB, 1.06 load
[runlim] sample:		6529.58 time, 6530.02 real, 420 MB, 1.05 load
[runlim] sample:		6539.24 time, 6540.02 real, 420 MB, 1.04 load
[runlim] sample:		6548.64 time, 6550.02 real, 420 MB, 1.40 load
[runlim] sample:		6558.62 time, 6560.02 real, 420 MB, 1.34 load
[runlim] sample:		6568.62 time, 6570.02 real, 420 MB, 1.36 load
[runlim] sample:		6578.62 time, 6580.02 real, 420 MB, 1.30 load
[runlim] sample:		6588.62 time, 6590.02 real, 420 MB, 1.26 load
[runlim] sample:		6598.62 time, 6600.02 real, 420 MB, 1.22 load
[runlim] sample:		6608.62 time, 6610.02 real, 420 MB, 1.18 load
[runlim] sample:		6618.62 time, 6620.02 real, 421 MB, 1.16 load
[runlim] sample:		6628.62 time, 6630.02 real, 421 MB, 1.13 load
[runlim] sample:		6638.61 time, 6640.02 real, 421 MB, 1.11 load
