[runlim] version:		2.0.0rc12
[runlim] host:			fjssp-instance
[runlim] time limit:		311040000 seconds
[runlim] real time limit:	3600 seconds
[runlim] space limit:		14988 MB
[runlim] argv[0]:		python3
[runlim] argv[1]:		-u
[runlim] argv[2]:		bound.py
[runlim] argv[3]:		--input
[runlim] argv[4]:		datasets/brandimarte/MK05
[runlim] argv[5]:		--sb
[runlim] argv[6]:		--factories
[runlim] argv[7]:		2
[runlim] argv[8]:		--full_transitive
[runlim] start:			Mon Aug 17 15:31:24 2026
[runlim] child:			30713
[*] Loading data from file: datasets/brandimarte/MK05
[*] Running D-FJSSP SAT Solver with 2 factories, Symmetry Breaking = ON, Transitive E* = FULL
===========================================================================
 D-FJSSP SAT SOLVER - PARALLEL FACTORIES SCHEDULING
===========================================================================
  -> Operations: 106 | Jobs: 15 | Machines: 4 | Factories: 2

[*] Running Greedy Heuristic...
  -> Greedy Solution: Makespan = 101 (0.0343s)
  -> Lowerbound generate: 84
Init upper bound = 88

[*] Initializing and solving the SAT model...
------------------------------------------------------------------
[*] Trying with Upper Bound = 88...
[runlim] sample:		9.99 time, 10.01 real, 83 MB, 0.34 load
[runlim] sample:		19.99 time, 20.01 real, 82 MB, 0.44 load
[runlim] sample:		29.99 time, 30.01 real, 84 MB, 0.53 load
[runlim] sample:		39.98 time, 40.01 real, 107 MB, 0.60 load
[runlim] sample:		49.98 time, 50.01 real, 100 MB, 0.66 load
[runlim] sample:		59.98 time, 60.01 real, 108 MB, 0.79 load
[runlim] sample:		69.98 time, 70.01 real, 112 MB, 0.82 load
[runlim] sample:		79.99 time, 80.01 real, 114 MB, 0.85 load
[runlim] sample:		89.99 time, 90.01 real, 115 MB, 0.87 load
[runlim] sample:		99.98 time, 100.01 real, 116 MB, 0.89 load
[runlim] sample:		109.98 time, 110.01 real, 92 MB, 0.91 load
[runlim] sample:		119.98 time, 120.01 real, 92 MB, 0.92 load
[runlim] sample:		129.98 time, 130.01 real, 94 MB, 0.94 load
[runlim] sample:		139.98 time, 140.01 real, 125 MB, 0.95 load
[runlim] sample:		149.98 time, 150.01 real, 127 MB, 0.96 load
[runlim] sample:		159.98 time, 160.01 real, 127 MB, 0.96 load
[runlim] sample:		169.98 time, 170.01 real, 127 MB, 0.97 load
[runlim] sample:		179.98 time, 180.01 real, 127 MB, 0.97 load
[runlim] sample:		189.98 time, 190.01 real, 93 MB, 0.98 load
[runlim] sample:		199.98 time, 200.01 real, 94 MB, 0.98 load
[runlim] sample:		209.97 time, 210.01 real, 131 MB, 0.99 load
[runlim] sample:		219.97 time, 220.01 real, 96 MB, 0.99 load
[runlim] sample:		229.97 time, 230.01 real, 134 MB, 0.99 load
[runlim] sample:		239.97 time, 240.01 real, 137 MB, 0.99 load
[runlim] sample:		249.97 time, 250.01 real, 137 MB, 0.99 load
[runlim] sample:		259.97 time, 260.01 real, 137 MB, 1.00 load
[runlim] sample:		269.97 time, 270.01 real, 137 MB, 1.00 load
[runlim] sample:		279.97 time, 280.01 real, 137 MB, 1.00 load
[runlim] sample:		289.97 time, 290.01 real, 137 MB, 1.00 load
[runlim] sample:		299.97 time, 300.01 real, 157 MB, 1.00 load
[runlim] sample:		309.97 time, 310.01 real, 159 MB, 1.07 load
[runlim] sample:		319.97 time, 320.01 real, 128 MB, 1.06 load
[runlim] sample:		329.96 time, 330.01 real, 147 MB, 1.05 load
[runlim] sample:		339.95 time, 340.01 real, 147 MB, 1.04 load
[runlim] sample:		349.95 time, 350.01 real, 149 MB, 1.04 load
[runlim] sample:		359.95 time, 360.01 real, 108 MB, 1.03 load
[runlim] sample:		369.94 time, 370.01 real, 152 MB, 1.02 load
[runlim] sample:		379.94 time, 380.01 real, 152 MB, 1.02 load
[runlim] sample:		389.94 time, 390.01 real, 152 MB, 1.02 load
[runlim] sample:		399.94 time, 400.01 real, 113 MB, 1.01 load
[runlim] sample:		409.94 time, 410.01 real, 124 MB, 1.01 load
[runlim] sample:		419.94 time, 420.01 real, 124 MB, 1.01 load
[runlim] sample:		429.94 time, 430.01 real, 124 MB, 1.09 load
[runlim] sample:		439.94 time, 440.01 real, 126 MB, 1.07 load
[runlim] sample:		449.94 time, 450.01 real, 126 MB, 1.06 load
[runlim] sample:		459.93 time, 460.01 real, 126 MB, 1.05 load
[runlim] sample:		469.93 time, 470.01 real, 127 MB, 1.04 load
[runlim] sample:		479.93 time, 480.01 real, 127 MB, 1.04 load
[runlim] sample:		489.93 time, 490.01 real, 127 MB, 1.03 load
[runlim] sample:		499.93 time, 500.01 real, 127 MB, 1.02 load
[runlim] sample:		509.93 time, 510.01 real, 128 MB, 1.02 load
[runlim] sample:		519.93 time, 520.01 real, 128 MB, 1.02 load
[runlim] sample:		529.92 time, 530.01 real, 128 MB, 1.01 load
[runlim] sample:		539.93 time, 540.01 real, 128 MB, 1.01 load
[runlim] sample:		549.93 time, 550.01 real, 128 MB, 1.01 load
[runlim] sample:		559.93 time, 560.01 real, 129 MB, 1.01 load
[runlim] sample:		569.93 time, 570.01 real, 129 MB, 1.01 load
[runlim] sample:		579.93 time, 580.01 real, 129 MB, 1.00 load
[runlim] sample:		589.93 time, 590.01 real, 129 MB, 1.00 load
[runlim] sample:		599.92 time, 600.01 real, 129 MB, 1.00 load
[runlim] sample:		609.92 time, 610.01 real, 129 MB, 1.00 load
[runlim] sample:		619.93 time, 620.01 real, 130 MB, 1.00 load
[runlim] sample:		629.93 time, 630.01 real, 130 MB, 1.00 load
[runlim] sample:		639.92 time, 640.01 real, 142 MB, 1.00 load
[runlim] sample:		649.92 time, 650.01 real, 142 MB, 1.00 load
[runlim] sample:		659.92 time, 660.01 real, 142 MB, 1.00 load
[runlim] sample:		669.92 time, 670.01 real, 142 MB, 1.00 load
[runlim] sample:		679.92 time, 680.01 real, 143 MB, 1.00 load
[runlim] sample:		689.92 time, 690.01 real, 143 MB, 1.00 load
[runlim] sample:		699.92 time, 700.01 real, 143 MB, 1.00 load
[runlim] sample:		709.91 time, 710.01 real, 143 MB, 1.00 load
[runlim] sample:		719.92 time, 720.01 real, 143 MB, 1.00 load
[runlim] sample:		729.91 time, 730.01 real, 143 MB, 1.00 load
[runlim] sample:		739.92 time, 740.01 real, 148 MB, 1.00 load
[runlim] sample:		749.92 time, 750.01 real, 158 MB, 1.00 load
[runlim] sample:		759.91 time, 760.01 real, 159 MB, 1.00 load
[runlim] sample:		769.91 time, 770.01 real, 159 MB, 1.00 load
[runlim] sample:		779.91 time, 780.01 real, 160 MB, 1.00 load
[runlim] sample:		789.92 time, 790.01 real, 158 MB, 1.00 load
[runlim] sample:		799.92 time, 800.01 real, 140 MB, 1.00 load
[runlim] sample:		809.91 time, 810.01 real, 204 MB, 1.00 load
[runlim] sample:		819.91 time, 820.01 real, 207 MB, 1.00 load
[runlim] sample:		829.91 time, 830.01 real, 203 MB, 1.00 load
[runlim] sample:		839.92 time, 840.01 real, 205 MB, 1.00 load
[runlim] sample:		849.91 time, 850.01 real, 205 MB, 1.00 load
[runlim] sample:		859.91 time, 860.01 real, 171 MB, 1.00 load
[runlim] sample:		869.91 time, 870.01 real, 206 MB, 1.00 load
[runlim] sample:		879.91 time, 880.01 real, 172 MB, 1.00 load
[runlim] sample:		889.91 time, 890.01 real, 172 MB, 1.00 load
[runlim] sample:		899.91 time, 900.01 real, 209 MB, 1.00 load
[runlim] sample:		909.91 time, 910.01 real, 172 MB, 1.00 load
[runlim] sample:		919.90 time, 920.01 real, 172 MB, 1.00 load
[runlim] sample:		929.91 time, 930.01 real, 211 MB, 1.00 load
[runlim] sample:		939.91 time, 940.01 real, 172 MB, 1.00 load
[runlim] sample:		949.91 time, 950.01 real, 172 MB, 1.00 load
[runlim] sample:		959.90 time, 960.01 real, 205 MB, 1.00 load
[runlim] sample:		969.91 time, 970.01 real, 207 MB, 1.00 load
[runlim] sample:		979.90 time, 980.01 real, 207 MB, 1.00 load
[runlim] sample:		989.90 time, 990.01 real, 210 MB, 1.00 load
[runlim] sample:		999.90 time, 1000.01 real, 172 MB, 1.00 load
[runlim] sample:		1009.90 time, 1010.01 real, 210 MB, 1.00 load
[runlim] sample:		1019.91 time, 1020.01 real, 207 MB, 1.00 load
[runlim] sample:		1029.90 time, 1030.01 real, 172 MB, 1.00 load
[runlim] sample:		1039.90 time, 1040.01 real, 209 MB, 1.00 load
  SAT ! Makespan = 88
  Schedule is valid with Makespan = 88
  Total time: 1049.1818 seconds
------------------------------------------------------------------
[*] Trying with Upper Bound = 87...
[runlim] sample:		1049.89 time, 1050.01 real, 143 MB, 1.00 load
[runlim] sample:		1059.90 time, 1060.01 real, 155 MB, 1.08 load
[runlim] sample:		1069.89 time, 1070.01 real, 178 MB, 1.07 load
[runlim] sample:		1079.89 time, 1080.01 real, 146 MB, 1.06 load
[runlim] sample:		1089.89 time, 1090.01 real, 160 MB, 1.05 load
[runlim] sample:		1099.90 time, 1100.01 real, 177 MB, 1.04 load
[runlim] sample:		1109.90 time, 1110.01 real, 204 MB, 1.03 load
[runlim] sample:		1119.90 time, 1120.01 real, 204 MB, 1.03 load
[runlim] sample:		1129.90 time, 1130.01 real, 204 MB, 1.02 load
[runlim] sample:		1139.89 time, 1140.01 real, 152 MB, 1.02 load
[runlim] sample:		1149.89 time, 1150.01 real, 153 MB, 1.02 load
[runlim] sample:		1159.89 time, 1160.01 real, 151 MB, 1.01 load
[runlim] sample:		1169.89 time, 1170.01 real, 151 MB, 1.01 load
[runlim] sample:		1179.89 time, 1180.01 real, 183 MB, 1.01 load
[runlim] sample:		1189.89 time, 1190.01 real, 151 MB, 1.01 load
[runlim] sample:		1199.89 time, 1200.01 real, 151 MB, 1.00 load
[runlim] sample:		1209.89 time, 1210.01 real, 157 MB, 1.00 load
[runlim] sample:		1219.88 time, 1220.01 real, 158 MB, 1.00 load
[runlim] sample:		1229.88 time, 1230.01 real, 158 MB, 1.00 load
[runlim] sample:		1239.89 time, 1240.01 real, 161 MB, 1.00 load
[runlim] sample:		1249.88 time, 1250.01 real, 161 MB, 1.00 load
[runlim] sample:		1259.88 time, 1260.01 real, 161 MB, 1.00 load
[runlim] sample:		1269.88 time, 1270.01 real, 164 MB, 1.00 load
[runlim] sample:		1279.88 time, 1280.01 real, 164 MB, 1.00 load
[runlim] sample:		1289.88 time, 1290.01 real, 164 MB, 1.00 load
[runlim] sample:		1299.89 time, 1300.01 real, 165 MB, 1.00 load
[runlim] sample:		1309.88 time, 1310.01 real, 180 MB, 1.08 load
[runlim] sample:		1319.88 time, 1320.01 real, 181 MB, 1.07 load
[runlim] sample:		1329.88 time, 1330.01 real, 184 MB, 1.06 load
[runlim] sample:		1339.88 time, 1340.01 real, 184 MB, 1.05 load
[runlim] sample:		1349.88 time, 1350.01 real, 181 MB, 1.04 load
[runlim] sample:		1359.88 time, 1360.01 real, 183 MB, 1.03 load
[runlim] sample:		1369.87 time, 1370.01 real, 185 MB, 1.03 load
[runlim] sample:		1379.87 time, 1380.01 real, 184 MB, 1.02 load
[runlim] sample:		1389.88 time, 1390.01 real, 177 MB, 1.02 load
[runlim] sample:		1399.87 time, 1400.01 real, 178 MB, 1.02 load
[runlim] sample:		1409.87 time, 1410.01 real, 181 MB, 1.01 load
[runlim] sample:		1419.87 time, 1420.01 real, 184 MB, 1.01 load
[runlim] sample:		1429.87 time, 1430.01 real, 184 MB, 1.09 load
[runlim] sample:		1439.88 time, 1440.01 real, 180 MB, 1.07 load
[runlim] sample:		1449.88 time, 1450.01 real, 183 MB, 1.06 load
[runlim] sample:		1459.88 time, 1460.01 real, 179 MB, 1.05 load
[runlim] sample:		1469.87 time, 1470.01 real, 183 MB, 1.04 load
[runlim] sample:		1479.87 time, 1480.01 real, 182 MB, 1.04 load
[runlim] sample:		1489.88 time, 1490.01 real, 175 MB, 1.03 load
[runlim] sample:		1499.87 time, 1500.01 real, 175 MB, 1.03 load
[runlim] sample:		1509.87 time, 1510.01 real, 177 MB, 1.02 load
[runlim] sample:		1519.87 time, 1520.01 real, 177 MB, 1.02 load
[runlim] sample:		1529.87 time, 1530.01 real, 177 MB, 1.01 load
[runlim] sample:		1539.87 time, 1540.01 real, 178 MB, 1.01 load
[runlim] sample:		1549.87 time, 1550.01 real, 178 MB, 1.01 load
[runlim] sample:		1559.86 time, 1560.01 real, 178 MB, 1.01 load
[runlim] sample:		1569.86 time, 1570.01 real, 178 MB, 1.01 load
[runlim] sample:		1579.87 time, 1580.01 real, 179 MB, 1.00 load
[runlim] sample:		1589.87 time, 1590.01 real, 179 MB, 1.00 load
[runlim] sample:		1599.87 time, 1600.01 real, 179 MB, 1.00 load
[runlim] sample:		1609.87 time, 1610.01 real, 179 MB, 1.00 load
[runlim] sample:		1619.86 time, 1620.01 real, 179 MB, 1.00 load
[runlim] sample:		1629.87 time, 1630.01 real, 180 MB, 1.00 load
[runlim] sample:		1639.86 time, 1640.01 real, 180 MB, 1.00 load
[runlim] sample:		1649.86 time, 1650.01 real, 192 MB, 1.08 load
[runlim] sample:		1659.86 time, 1660.01 real, 192 MB, 1.07 load
[runlim] sample:		1669.86 time, 1670.01 real, 192 MB, 1.06 load
[runlim] sample:		1679.86 time, 1680.01 real, 192 MB, 1.05 load
[runlim] sample:		1689.85 time, 1690.01 real, 192 MB, 1.04 load
[runlim] sample:		1699.85 time, 1700.01 real, 192 MB, 1.03 load
[runlim] sample:		1709.85 time, 1710.01 real, 193 MB, 1.03 load
[runlim] sample:		1719.85 time, 1720.01 real, 193 MB, 1.02 load
[runlim] sample:		1729.86 time, 1730.01 real, 193 MB, 1.02 load
[runlim] sample:		1739.86 time, 1740.01 real, 193 MB, 1.02 load
[runlim] sample:		1749.85 time, 1750.01 real, 193 MB, 1.01 load
[runlim] sample:		1759.85 time, 1760.01 real, 193 MB, 1.01 load
[runlim] sample:		1769.86 time, 1770.01 real, 193 MB, 1.01 load
[runlim] sample:		1779.86 time, 1780.01 real, 193 MB, 1.01 load
[runlim] sample:		1789.85 time, 1790.01 real, 194 MB, 1.00 load
[runlim] sample:		1799.85 time, 1800.01 real, 194 MB, 1.00 load
[runlim] sample:		1809.85 time, 1810.01 real, 194 MB, 1.00 load
[runlim] sample:		1819.85 time, 1820.01 real, 194 MB, 1.00 load
[runlim] sample:		1829.85 time, 1830.01 real, 194 MB, 1.00 load
[runlim] sample:		1839.85 time, 1840.01 real, 201 MB, 1.00 load
[runlim] sample:		1849.85 time, 1850.01 real, 201 MB, 1.00 load
[runlim] sample:		1859.85 time, 1860.01 real, 201 MB, 1.00 load
[runlim] sample:		1869.84 time, 1870.01 real, 201 MB, 1.00 load
[runlim] sample:		1879.84 time, 1880.01 real, 201 MB, 1.00 load
[runlim] sample:		1889.84 time, 1890.01 real, 201 MB, 1.00 load
[runlim] sample:		1899.84 time, 1900.01 real, 201 MB, 1.00 load
[runlim] sample:		1909.84 time, 1910.01 real, 201 MB, 1.00 load
[runlim] sample:		1919.85 time, 1920.01 real, 202 MB, 1.00 load
[runlim] sample:		1929.84 time, 1930.01 real, 202 MB, 1.00 load
[runlim] sample:		1939.85 time, 1940.01 real, 202 MB, 1.00 load
[runlim] sample:		1949.84 time, 1950.01 real, 202 MB, 1.00 load
[runlim] sample:		1959.84 time, 1960.01 real, 202 MB, 1.00 load
[runlim] sample:		1969.84 time, 1970.01 real, 202 MB, 1.00 load
[runlim] sample:		1979.84 time, 1980.01 real, 203 MB, 1.00 load
[runlim] sample:		1989.84 time, 1990.01 real, 203 MB, 1.00 load
[runlim] sample:		1999.84 time, 2000.01 real, 203 MB, 1.00 load
[runlim] sample:		2009.84 time, 2010.01 real, 203 MB, 1.00 load
[runlim] sample:		2019.84 time, 2020.01 real, 203 MB, 1.00 load
[runlim] sample:		2029.84 time, 2030.01 real, 203 MB, 1.00 load
[runlim] sample:		2039.83 time, 2040.01 real, 203 MB, 1.00 load
[runlim] sample:		2049.83 time, 2050.01 real, 203 MB, 1.00 load
[runlim] sample:		2059.83 time, 2060.01 real, 203 MB, 1.00 load
[runlim] sample:		2069.84 time, 2070.01 real, 203 MB, 1.00 load
[runlim] sample:		2079.83 time, 2080.01 real, 203 MB, 1.00 load
[runlim] sample:		2089.83 time, 2090.01 real, 204 MB, 1.00 load
[runlim] sample:		2099.83 time, 2100.01 real, 204 MB, 1.00 load
[runlim] sample:		2109.82 time, 2110.01 real, 204 MB, 1.00 load
[runlim] sample:		2119.82 time, 2120.01 real, 204 MB, 1.00 load
[runlim] sample:		2129.83 time, 2130.01 real, 204 MB, 1.00 load
[runlim] sample:		2139.82 time, 2140.01 real, 204 MB, 1.00 load
[runlim] sample:		2149.83 time, 2150.01 real, 204 MB, 1.00 load
[runlim] sample:		2159.83 time, 2160.01 real, 204 MB, 1.00 load
[runlim] sample:		2169.83 time, 2170.01 real, 204 MB, 1.00 load
[runlim] sample:		2179.82 time, 2180.01 real, 204 MB, 1.00 load
[runlim] sample:		2189.82 time, 2190.01 real, 204 MB, 1.00 load
[runlim] sample:		2199.83 time, 2200.01 real, 204 MB, 1.00 load
[runlim] sample:		2209.83 time, 2210.01 real, 204 MB, 1.00 load
[runlim] sample:		2219.83 time, 2220.01 real, 204 MB, 1.00 load
[runlim] sample:		2229.82 time, 2230.01 real, 205 MB, 1.00 load
[runlim] sample:		2239.82 time, 2240.01 real, 209 MB, 1.00 load
[runlim] sample:		2249.82 time, 2250.01 real, 211 MB, 1.08 load
[runlim] sample:		2259.81 time, 2260.01 real, 212 MB, 1.07 load
[runlim] sample:		2269.82 time, 2270.01 real, 209 MB, 1.06 load
[runlim] sample:		2279.82 time, 2280.01 real, 210 MB, 1.05 load
[runlim] sample:		2289.82 time, 2290.01 real, 210 MB, 1.04 load
[runlim] sample:		2299.82 time, 2300.01 real, 209 MB, 1.03 load
[runlim] sample:		2309.81 time, 2310.01 real, 212 MB, 1.11 load
[runlim] sample:		2319.81 time, 2320.01 real, 212 MB, 1.09 load
[runlim] sample:		2329.81 time, 2330.01 real, 210 MB, 1.08 load
[runlim] sample:		2339.81 time, 2340.01 real, 214 MB, 1.06 load
[runlim] sample:		2349.81 time, 2350.01 real, 216 MB, 1.05 load
[runlim] sample:		2359.81 time, 2360.01 real, 266 MB, 1.05 load
[runlim] sample:		2369.81 time, 2370.01 real, 260 MB, 1.04 load
[runlim] sample:		2379.81 time, 2380.01 real, 220 MB, 1.03 load
[runlim] sample:		2389.81 time, 2390.01 real, 213 MB, 1.03 load
[runlim] sample:		2399.81 time, 2400.01 real, 214 MB, 1.02 load
[runlim] sample:		2409.80 time, 2410.01 real, 217 MB, 1.02 load
[runlim] sample:		2419.81 time, 2420.01 real, 218 MB, 1.02 load
[runlim] sample:		2429.80 time, 2430.01 real, 217 MB, 1.01 load
[runlim] sample:		2439.80 time, 2440.01 real, 217 MB, 1.01 load
[runlim] sample:		2449.80 time, 2450.01 real, 219 MB, 1.01 load
[runlim] sample:		2459.81 time, 2460.01 real, 213 MB, 1.01 load
[runlim] sample:		2469.80 time, 2470.01 real, 213 MB, 1.00 load
[runlim] sample:		2479.80 time, 2480.01 real, 214 MB, 1.00 load
[runlim] sample:		2489.80 time, 2490.01 real, 215 MB, 1.00 load
[runlim] sample:		2499.80 time, 2500.01 real, 217 MB, 1.00 load
[runlim] sample:		2509.80 time, 2510.01 real, 212 MB, 1.00 load
[runlim] sample:		2519.80 time, 2520.01 real, 212 MB, 1.00 load
[runlim] sample:		2529.80 time, 2530.01 real, 215 MB, 1.00 load
[runlim] sample:		2539.80 time, 2540.01 real, 214 MB, 1.00 load
[runlim] sample:		2549.80 time, 2550.01 real, 218 MB, 1.00 load
[runlim] sample:		2559.79 time, 2560.01 real, 226 MB, 1.00 load
[runlim] sample:		2569.80 time, 2570.01 real, 215 MB, 1.00 load
[runlim] sample:		2579.80 time, 2580.01 real, 215 MB, 1.00 load
[runlim] sample:		2589.79 time, 2590.01 real, 216 MB, 1.00 load
[runlim] sample:		2599.80 time, 2600.01 real, 215 MB, 1.00 load
[runlim] sample:		2609.79 time, 2610.01 real, 217 MB, 1.00 load
[runlim] sample:		2619.79 time, 2620.01 real, 213 MB, 1.00 load
[runlim] sample:		2629.80 time, 2630.01 real, 213 MB, 1.00 load
[runlim] sample:		2639.80 time, 2640.01 real, 215 MB, 1.00 load
[runlim] sample:		2649.79 time, 2650.01 real, 219 MB, 1.00 load
[runlim] sample:		2659.79 time, 2660.01 real, 228 MB, 1.00 load
[runlim] sample:		2669.79 time, 2670.01 real, 228 MB, 1.00 load
[runlim] sample:		2679.80 time, 2680.01 real, 220 MB, 1.00 load
[runlim] sample:		2689.79 time, 2690.01 real, 221 MB, 1.00 load
[runlim] sample:		2699.79 time, 2700.01 real, 216 MB, 1.00 load
[runlim] sample:		2709.79 time, 2710.01 real, 216 MB, 1.00 load
[runlim] sample:		2719.79 time, 2720.01 real, 217 MB, 1.00 load
[runlim] sample:		2729.79 time, 2730.01 real, 218 MB, 1.00 load
[runlim] sample:		2739.79 time, 2740.01 real, 218 MB, 1.00 load
[runlim] sample:		2749.79 time, 2750.01 real, 220 MB, 1.00 load
[runlim] sample:		2759.79 time, 2760.01 real, 214 MB, 1.00 load
[runlim] sample:		2769.79 time, 2770.01 real, 215 MB, 1.00 load
[runlim] sample:		2779.79 time, 2780.01 real, 213 MB, 1.00 load
[runlim] sample:		2789.79 time, 2790.01 real, 213 MB, 1.00 load
[runlim] sample:		2799.79 time, 2800.01 real, 215 MB, 1.00 load
[runlim] sample:		2809.78 time, 2810.01 real, 214 MB, 1.00 load
[runlim] sample:		2819.78 time, 2820.01 real, 219 MB, 1.00 load
[runlim] sample:		2829.78 time, 2830.01 real, 218 MB, 1.00 load
[runlim] sample:		2839.78 time, 2840.01 real, 218 MB, 1.00 load
[runlim] sample:		2849.78 time, 2850.01 real, 219 MB, 1.08 load
[runlim] sample:		2859.78 time, 2860.01 real, 217 MB, 1.07 load
[runlim] sample:		2869.78 time, 2870.01 real, 224 MB, 1.06 load
[runlim] sample:		2879.78 time, 2880.01 real, 224 MB, 1.05 load
[runlim] sample:		2889.77 time, 2890.01 real, 221 MB, 1.04 load
[runlim] sample:		2899.78 time, 2900.01 real, 219 MB, 1.03 load
[runlim] sample:		2909.77 time, 2910.01 real, 218 MB, 1.03 load
[runlim] sample:		2919.77 time, 2920.01 real, 218 MB, 1.02 load
[runlim] sample:		2929.77 time, 2930.01 real, 227 MB, 1.02 load
[runlim] sample:		2939.77 time, 2940.01 real, 284 MB, 1.02 load
[runlim] sample:		2949.77 time, 2950.01 real, 222 MB, 1.01 load
[runlim] sample:		2959.77 time, 2960.01 real, 223 MB, 1.01 load
[runlim] sample:		2969.77 time, 2970.01 real, 216 MB, 1.01 load
[runlim] sample:		2979.77 time, 2980.01 real, 219 MB, 1.01 load
[runlim] sample:		2989.77 time, 2990.01 real, 219 MB, 1.00 load
[runlim] sample:		2999.77 time, 3000.01 real, 219 MB, 1.00 load
[runlim] sample:		3009.77 time, 3010.01 real, 217 MB, 1.00 load
[runlim] sample:		3019.76 time, 3020.01 real, 217 MB, 1.00 load
[runlim] sample:		3029.76 time, 3030.01 real, 217 MB, 1.00 load
[runlim] sample:		3039.77 time, 3040.01 real, 214 MB, 1.00 load
[runlim] sample:		3049.77 time, 3050.01 real, 214 MB, 1.00 load
[runlim] sample:		3059.77 time, 3060.01 real, 214 MB, 1.00 load
[runlim] sample:		3069.77 time, 3070.01 real, 215 MB, 1.00 load
[runlim] sample:		3079.77 time, 3080.01 real, 215 MB, 1.00 load
[runlim] sample:		3089.77 time, 3090.01 real, 215 MB, 1.00 load
[runlim] sample:		3099.76 time, 3100.01 real, 216 MB, 1.00 load
[runlim] sample:		3109.76 time, 3110.01 real, 216 MB, 1.00 load
[runlim] sample:		3119.76 time, 3120.01 real, 216 MB, 1.00 load
[runlim] sample:		3129.76 time, 3130.01 real, 219 MB, 1.00 load
[runlim] sample:		3139.76 time, 3140.01 real, 219 MB, 1.07 load
[runlim] sample:		3149.76 time, 3150.01 real, 219 MB, 1.06 load
[runlim] sample:		3159.76 time, 3160.01 real, 223 MB, 1.05 load
[runlim] sample:		3169.76 time, 3170.01 real, 223 MB, 1.04 load
[runlim] sample:		3179.76 time, 3180.01 real, 223 MB, 1.04 load
[runlim] sample:		3189.76 time, 3190.01 real, 223 MB, 1.03 load
[runlim] sample:		3199.76 time, 3200.01 real, 223 MB, 1.02 load
[runlim] sample:		3209.76 time, 3210.01 real, 223 MB, 1.02 load
[runlim] sample:		3219.75 time, 3220.01 real, 223 MB, 1.02 load
[runlim] sample:		3229.75 time, 3230.01 real, 223 MB, 1.01 load
[runlim] sample:		3239.75 time, 3240.01 real, 223 MB, 1.01 load
[runlim] sample:		3249.76 time, 3250.01 real, 224 MB, 1.01 load
[runlim] sample:		3259.76 time, 3260.01 real, 224 MB, 1.01 load
[runlim] sample:		3269.76 time, 3270.01 real, 224 MB, 1.01 load
[runlim] sample:		3279.76 time, 3280.01 real, 225 MB, 1.00 load
[runlim] sample:		3289.76 time, 3290.01 real, 225 MB, 1.00 load
[runlim] sample:		3299.75 time, 3300.01 real, 225 MB, 1.00 load
[runlim] sample:		3309.75 time, 3310.01 real, 225 MB, 1.00 load
[runlim] sample:		3319.75 time, 3320.01 real, 225 MB, 1.00 load
[runlim] sample:		3329.75 time, 3330.01 real, 225 MB, 1.00 load
[runlim] sample:		3339.75 time, 3340.01 real, 225 MB, 1.00 load
[runlim] sample:		3349.75 time, 3350.01 real, 226 MB, 1.00 load
[runlim] sample:		3359.75 time, 3360.01 real, 226 MB, 1.00 load
[runlim] sample:		3369.75 time, 3370.01 real, 226 MB, 1.00 load
[runlim] sample:		3379.75 time, 3380.01 real, 228 MB, 1.00 load
[runlim] sample:		3389.75 time, 3390.01 real, 228 MB, 1.00 load
[runlim] sample:		3399.74 time, 3400.01 real, 228 MB, 1.00 load
[runlim] sample:		3409.74 time, 3410.01 real, 231 MB, 1.00 load
[runlim] sample:		3419.74 time, 3420.01 real, 231 MB, 1.00 load
[runlim] sample:		3429.74 time, 3430.01 real, 231 MB, 1.00 load
[runlim] sample:		3439.74 time, 3440.01 real, 231 MB, 1.00 load
[runlim] sample:		3449.69 time, 3450.01 real, 231 MB, 1.00 load
[runlim] sample:		3459.69 time, 3460.01 real, 231 MB, 1.00 load
[runlim] sample:		3469.69 time, 3470.01 real, 231 MB, 1.00 load
[runlim] sample:		3479.69 time, 3480.01 real, 232 MB, 1.00 load
[runlim] sample:		3489.69 time, 3490.01 real, 232 MB, 1.00 load
[runlim] sample:		3499.69 time, 3500.01 real, 232 MB, 1.00 load
[runlim] sample:		3509.69 time, 3510.01 real, 232 MB, 1.00 load
[runlim] sample:		3519.68 time, 3520.01 real, 232 MB, 1.00 load
[runlim] sample:		3529.68 time, 3530.01 real, 232 MB, 1.00 load
[runlim] sample:		3539.68 time, 3540.01 real, 232 MB, 1.00 load
[runlim] sample:		3549.68 time, 3550.01 real, 244 MB, 1.00 load
[runlim] sample:		3559.68 time, 3560.01 real, 244 MB, 1.08 load
[runlim] sample:		3569.68 time, 3570.01 real, 244 MB, 1.07 load
[runlim] sample:		3579.68 time, 3580.01 real, 244 MB, 1.06 load
[runlim] sample:		3589.67 time, 3590.01 real, 244 MB, 1.05 load
[runlim] sample:		3599.67 time, 3600.01 real, 244 MB, 1.04 load
[runlim] end:			Mon Aug 17 16:31:25 2026
[runlim] status:		out of time
[runlim] result:		2
[runlim] children:		1
[runlim] processes:		2
[runlim] real:			3601.04 seconds
[runlim] time:			3599.67 seconds
[runlim] space:			289 MB
[runlim] load:			1.11 maximum
[runlim] samples:		36000
