[runlim] version:		2.0.0rc12
[runlim] host:			fjssp-instance
[runlim] time limit:		311040000 seconds
[runlim] real time limit:	3600 seconds
[runlim] space limit:		14000 MB
[runlim] argv[0]:		python3
[runlim] argv[1]:		-u
[runlim] argv[2]:		cp.py
[runlim] argv[3]:		--input
[runlim] argv[4]:		datasets/fmj/mfjs02
[runlim] argv[5]:		--factories
[runlim] argv[6]:		2
[runlim] start:			Tue Sep  1 00:38:25 2026
[runlim] child:			2841
[*] Loading: datasets/fmj/mfjs02
======================================================================
DFJSP CP MODEL - MENG ET AL. (2020)
======================================================================
Operations : 15
Jobs       : 5
Machines   : 7
Factories  : 2
Horizon    : 2258

[*] Starting CP Optimizer...
 ! --------------------------------------------------- CP Optimizer 22.2.0.0 --
 ! Minimization problem - 107 variables, 59 constraints
 ! LogVerbosity         = Terse
 ! Initial process time : 0.00s (0.00s extraction + 0.00s propagation)
 !  . Log search space  : 151.9 (before), 151.9 (after)
 !  . Memory usage      : 813.0 kB (before), 813.0 kB (after)
 ! Using parallel search with 2 workers.
 ! ----------------------------------------------------------------------------
 !          Best Branches  Non-fixed    W       Branch decision
                        0        107                 -
 + New bound is 396
 *           396       28  0.00s        1      (gap is 0.00%)
 ! ----------------------------------------------------------------------------
 ! Search completed, 1 solution found.
 ! Best objective         : 396 (optimal - effective tol. is 0)
 ! Best bound             : 396
 ! ----------------------------------------------------------------------------
 ! Number of branches     : 60
 ! Number of fails        : 26
 ! Total memory usage     : 3.3 MB (3.2 MB CP Optimizer + 0.1 MB Concert)
 ! Time spent in solve    : 0.00s (0.00s engine + 0.00s extraction)
 ! Search speed (br. / s) : 6000.0
 ! ----------------------------------------------------------------------------

======================================================================
SOLUTION FOUND
======================================================================
Makespan : 396
Time     : 0.0140 seconds

[*] Verifying solution...
[✓] Schedule is VALID

======================================================================
FINAL RESULT
======================================================================
Makespan : 396
Status    : VALID
[runlim] end:			Tue Sep  1 00:38:25 2026
[runlim] status:		ok
[runlim] result:		0
[runlim] children:		0
[runlim] processes:		0
[runlim] real:			0.09 seconds
[runlim] time:			0.00 seconds
[runlim] space:			0 MB
[runlim] load:			0.68 maximum
[runlim] samples:		1
