[runlim] version:		2.0.0rc12
[runlim] host:			fjssp-instance
[runlim] time limit:		311040000 seconds
[runlim] real time limit:	3600 seconds
[runlim] space limit:		14000 MB
[runlim] argv[0]:		python3
[runlim] argv[1]:		-u
[runlim] argv[2]:		cp.py
[runlim] argv[3]:		--input
[runlim] argv[4]:		datasets/fmj/mfjs01
[runlim] argv[5]:		--factories
[runlim] argv[6]:		2
[runlim] start:			Tue Sep  1 00:38:25 2026
[runlim] child:			2833
[*] Loading: datasets/fmj/mfjs01
======================================================================
DFJSP CP MODEL - MENG ET AL. (2020)
======================================================================
Operations : 15
Jobs       : 5
Machines   : 6
Factories  : 2
Horizon    : 2129

[*] Starting CP Optimizer...
 ! --------------------------------------------------- CP Optimizer 22.2.0.0 --
 ! Minimization problem - 93 variables, 57 constraints
 ! LogVerbosity         = Terse
 ! Initial process time : 0.00s (0.00s extraction + 0.00s propagation)
 !  . Log search space  : 143.2 (before), 143.2 (after)
 !  . Memory usage      : 777.2 kB (before), 777.2 kB (after)
 ! Using parallel search with 2 workers.
 ! ----------------------------------------------------------------------------
 !          Best Branches  Non-fixed    W       Branch decision
                        0         93                 -
 + New bound is 403
 *           585       50  0.01s        1      (gap is 31.11%)
 *           524      109  0.01s        1      (gap is 23.09%)
 *           514      139  0.01s        1      (gap is 21.60%)
 *           465      169  0.01s        1      (gap is 13.33%)
 *           447      199  0.01s        1      (gap is 9.84%)
 *           437      229  0.01s        1      (gap is 7.78%)
 *           435      259  0.01s        1      (gap is 7.36%)
 *           431      289  0.01s        1      (gap is 6.50%)
 *           427      319  0.01s        1      (gap is 5.62%)
 *           425      349  0.01s        1      (gap is 5.18%)
 *           423      380  0.01s        1      (gap is 4.73%)
 *           415      397  0.01s        1      (gap is 2.89%)
 *           413      413  0.01s        1      (gap is 2.42%)
 *           403      428  0.01s        1      (gap is 0.00%)
 ! ----------------------------------------------------------------------------
 ! Search completed, 14 solutions found.
 ! Best objective         : 403 (optimal - effective tol. is 0)
 ! Best bound             : 403
 ! ----------------------------------------------------------------------------
 ! Number of branches     : 809
 ! Number of fails        : 7
 ! Total memory usage     : 3.1 MB (3.0 MB CP Optimizer + 0.1 MB Concert)
 ! Time spent in solve    : 0.01s (0.01s engine + 0.00s extraction)
 ! Search speed (br. / s) : 80900.0
 ! ----------------------------------------------------------------------------

======================================================================
SOLUTION FOUND
======================================================================
Makespan : 403
Time     : 0.0194 seconds

[*] Verifying solution...
[✓] Schedule is VALID

======================================================================
FINAL RESULT
======================================================================
Makespan : 403
Status    : VALID
[runlim] end:			Tue Sep  1 00:38:25 2026
[runlim] status:		ok
[runlim] result:		0
[runlim] children:		0
[runlim] processes:		0
[runlim] real:			0.10 seconds
[runlim] time:			0.00 seconds
[runlim] space:			0 MB
[runlim] load:			0.68 maximum
[runlim] samples:		1
