[runlim] version:		2.0.0rc12
[runlim] host:			fjssp-instance1
[runlim] time limit:		311040000 seconds
[runlim] real time limit:	3600 seconds
[runlim] space limit:		1400 MB
[runlim] argv[0]:		python3
[runlim] argv[1]:		-u
[runlim] argv[2]:		main.py
[runlim] argv[3]:		--input
[runlim] argv[4]:		datasets/LowFlexibilityData/AllInstances/la46.fjs
[runlim] argv[5]:		--half_transitive
[runlim] start:			Thu Aug 13 22:29:08 2026
[runlim] child:			28551
[*] Loading data from file: datasets/LowFlexibilityData/AllInstances/la46.fjs
[*] Running D-FJSSP SAT Solver with 3 factories, Symmetry Breaking = OFF, Transitive E* = HALF
===========================================================================
 D-FJSSP SAT SOLVER - PARALLEL FACTORIES SCHEDULING
===========================================================================
  -> Operations: 75 | Jobs: 15 | Machines: 5 | Factories: 3

[*] Running Greedy Heuristic...
  -> Greedy Solution: Makespan = 422 (0.0002s)

[*] Initializing and solving the SAT model...
------------------------------------------------------------------
[*] Trying with Upper Bound = 422...
  SAT ! Makespan = 422
  Schedule is valid with Makespan = 422
  Total time: 0.3168 seconds
------------------------------------------------------------------
[*] Trying with Upper Bound = 421...
  SAT ! Makespan = 421
  Schedule is valid with Makespan = 421
  Total time: 0.3232 seconds
------------------------------------------------------------------
[*] Trying with Upper Bound = 420...
  SAT ! Makespan = 420
  Schedule is valid with Makespan = 420
  Total time: 0.3273 seconds
------------------------------------------------------------------
[*] Trying with Upper Bound = 419...
  SAT ! Makespan = 419
  Schedule is valid with Makespan = 419
  Total time: 0.3312 seconds
------------------------------------------------------------------
[*] Trying with Upper Bound = 418...
  SAT ! Makespan = 418
  Schedule is valid with Makespan = 418
  Total time: 0.3350 seconds
------------------------------------------------------------------
[*] Trying with Upper Bound = 417...
  SAT ! Makespan = 417
  Schedule is valid with Makespan = 417
  Total time: 0.3389 seconds
------------------------------------------------------------------
[*] Trying with Upper Bound = 416...
  SAT ! Makespan = 416
  Schedule is valid with Makespan = 416
  Total time: 0.3428 seconds
------------------------------------------------------------------
[*] Trying with Upper Bound = 415...
  SAT ! Makespan = 415
  Schedule is valid with Makespan = 415
  Total time: 0.3713 seconds
------------------------------------------------------------------
[*] Trying with Upper Bound = 414...
  SAT ! Makespan = 414
  Schedule is valid with Makespan = 414
  Total time: 0.3758 seconds
------------------------------------------------------------------
[*] Trying with Upper Bound = 413...
  SAT ! Makespan = 413
  Schedule is valid with Makespan = 413
  Total time: 0.3801 seconds
------------------------------------------------------------------
[*] Trying with Upper Bound = 412...
   UNSAT

 Optimal Makespan = 413

 Summary:
  - Optimal Makespan   : 413
  - Greedy Time        : 0.0002s
  - SAT Time           : 0.3882s
  - Total Time         : 0.3893s
  - Schedule Status    : VALID
===========================================================================
[runlim] end:			Thu Aug 13 22:29:08 2026
[runlim] status:		ok
[runlim] result:		0
[runlim] children:		1
[runlim] processes:		2
[runlim] real:			0.43 seconds
[runlim] time:			0.39 seconds
[runlim] space:			69 MB
[runlim] load:			0.98 maximum
[runlim] samples:		5
