[runlim] version:		2.0.0rc12
[runlim] host:			fjssp-instance1
[runlim] time limit:		311040000 seconds
[runlim] real time limit:	3600 seconds
[runlim] space limit:		1400 MB
[runlim] argv[0]:		python3
[runlim] argv[1]:		-u
[runlim] argv[2]:		main.py
[runlim] argv[3]:		--input
[runlim] argv[4]:		datasets/LowFlexibilityData/AllInstances/la57.fjs
[runlim] argv[5]:		--half_transitive
[runlim] start:			Thu Aug 13 23:32:05 2026
[runlim] child:			29980
[*] Loading data from file: datasets/LowFlexibilityData/AllInstances/la57.fjs
[*] Running D-FJSSP SAT Solver with 3 factories, Symmetry Breaking = OFF, Transitive E* = HALF
===========================================================================
 D-FJSSP SAT SOLVER - PARALLEL FACTORIES SCHEDULING
===========================================================================
  -> Operations: 150 | Jobs: 30 | Machines: 5 | Factories: 3

[*] Running Greedy Heuristic...
  -> Greedy Solution: Makespan = 590 (0.0005s)

[*] Initializing and solving the SAT model...
------------------------------------------------------------------
[*] Trying with Upper Bound = 590...
[runlim] sample:		9.99 time, 10.01 real, 550 MB, 1.01 load
  SAT ! Makespan = 590
  Schedule is valid with Makespan = 590
  Total time: 11.8932 seconds
------------------------------------------------------------------
[*] Trying with Upper Bound = 589...
  SAT ! Makespan = 589
  Schedule is valid with Makespan = 589
  Total time: 12.8395 seconds
------------------------------------------------------------------
[*] Trying with Upper Bound = 588...
  SAT ! Makespan = 588
  Schedule is valid with Makespan = 588
  Total time: 12.9106 seconds
------------------------------------------------------------------
[*] Trying with Upper Bound = 587...
  SAT ! Makespan = 587
  Schedule is valid with Makespan = 587
  Total time: 13.6544 seconds
------------------------------------------------------------------
[*] Trying with Upper Bound = 586...
  SAT ! Makespan = 586
  Schedule is valid with Makespan = 586
  Total time: 16.9055 seconds
------------------------------------------------------------------
[*] Trying with Upper Bound = 585...
  SAT ! Makespan = 585
  Schedule is valid with Makespan = 585
  Total time: 17.7897 seconds
------------------------------------------------------------------
[*] Trying with Upper Bound = 584...
  SAT ! Makespan = 584
  Schedule is valid with Makespan = 584
  Total time: 18.1939 seconds
------------------------------------------------------------------
[*] Trying with Upper Bound = 583...
[runlim] sample:		19.99 time, 20.01 real, 543 MB, 1.01 load
  SAT ! Makespan = 583
  Schedule is valid with Makespan = 583
  Total time: 23.3104 seconds
------------------------------------------------------------------
[*] Trying with Upper Bound = 582...
  SAT ! Makespan = 582
  Schedule is valid with Makespan = 582
  Total time: 23.9965 seconds
------------------------------------------------------------------
[*] Trying with Upper Bound = 581...
  SAT ! Makespan = 581
  Schedule is valid with Makespan = 581
  Total time: 26.2173 seconds
------------------------------------------------------------------
[*] Trying with Upper Bound = 580...
  SAT ! Makespan = 580
  Schedule is valid with Makespan = 580
  Total time: 28.7675 seconds
------------------------------------------------------------------
[*] Trying with Upper Bound = 579...
  SAT ! Makespan = 579
  Schedule is valid with Makespan = 579
  Total time: 29.4362 seconds
------------------------------------------------------------------
[*] Trying with Upper Bound = 578...
  SAT ! Makespan = 578
  Schedule is valid with Makespan = 578
  Total time: 29.5018 seconds
------------------------------------------------------------------
[*] Trying with Upper Bound = 577...
[runlim] sample:		29.99 time, 30.01 real, 521 MB, 1.01 load
  SAT ! Makespan = 577
  Schedule is valid with Makespan = 577
  Total time: 34.0667 seconds
------------------------------------------------------------------
[*] Trying with Upper Bound = 576...
  SAT ! Makespan = 576
  Schedule is valid with Makespan = 576
  Total time: 36.4304 seconds
------------------------------------------------------------------
[*] Trying with Upper Bound = 575...
  SAT ! Makespan = 575
  Schedule is valid with Makespan = 575
  Total time: 38.1915 seconds
------------------------------------------------------------------
[*] Trying with Upper Bound = 574...
[runlim] sample:		39.99 time, 40.01 real, 533 MB, 1.01 load
  SAT ! Makespan = 574
  Schedule is valid with Makespan = 574
  Total time: 40.1911 seconds
------------------------------------------------------------------
[*] Trying with Upper Bound = 573...
  SAT ! Makespan = 573
  Schedule is valid with Makespan = 573
  Total time: 42.5536 seconds
------------------------------------------------------------------
[*] Trying with Upper Bound = 572...
  SAT ! Makespan = 572
  Schedule is valid with Makespan = 572
  Total time: 48.8382 seconds
------------------------------------------------------------------
[*] Trying with Upper Bound = 571...
[runlim] sample:		49.98 time, 50.01 real, 492 MB, 1.01 load
  SAT ! Makespan = 571
  Schedule is valid with Makespan = 571
  Total time: 50.6515 seconds
------------------------------------------------------------------
[*] Trying with Upper Bound = 570...
  SAT ! Makespan = 570
  Schedule is valid with Makespan = 570
  Total time: 53.0753 seconds
------------------------------------------------------------------
[*] Trying with Upper Bound = 569...
  SAT ! Makespan = 569
  Schedule is valid with Makespan = 569
  Total time: 54.8718 seconds
------------------------------------------------------------------
[*] Trying with Upper Bound = 568...
  SAT ! Makespan = 568
  Schedule is valid with Makespan = 568
  Total time: 55.4585 seconds
------------------------------------------------------------------
[*] Trying with Upper Bound = 567...
  SAT ! Makespan = 567
  Schedule is valid with Makespan = 567
  Total time: 56.7059 seconds
------------------------------------------------------------------
[*] Trying with Upper Bound = 566...
  SAT ! Makespan = 566
  Schedule is valid with Makespan = 566
  Total time: 58.3915 seconds
------------------------------------------------------------------
[*] Trying with Upper Bound = 565...
[runlim] sample:		59.99 time, 60.01 real, 530 MB, 1.00 load
  SAT ! Makespan = 565
  Schedule is valid with Makespan = 565
  Total time: 63.4023 seconds
------------------------------------------------------------------
[*] Trying with Upper Bound = 564...
  SAT ! Makespan = 564
  Schedule is valid with Makespan = 564
  Total time: 65.5881 seconds
------------------------------------------------------------------
[*] Trying with Upper Bound = 563...
  SAT ! Makespan = 563
  Schedule is valid with Makespan = 563
  Total time: 67.9087 seconds
------------------------------------------------------------------
[*] Trying with Upper Bound = 562...
[runlim] sample:		69.98 time, 70.01 real, 533 MB, 1.00 load
  SAT ! Makespan = 562
  Schedule is valid with Makespan = 562
  Total time: 70.1729 seconds
------------------------------------------------------------------
[*] Trying with Upper Bound = 561...
  SAT ! Makespan = 561
  Schedule is valid with Makespan = 561
  Total time: 70.9390 seconds
------------------------------------------------------------------
[*] Trying with Upper Bound = 560...
  SAT ! Makespan = 560
  Schedule is valid with Makespan = 560
  Total time: 73.1091 seconds
------------------------------------------------------------------
[*] Trying with Upper Bound = 559...
  SAT ! Makespan = 559
  Schedule is valid with Makespan = 559
  Total time: 73.3478 seconds
------------------------------------------------------------------
[*] Trying with Upper Bound = 558...
  SAT ! Makespan = 558
  Schedule is valid with Makespan = 558
  Total time: 75.3449 seconds
------------------------------------------------------------------
[*] Trying with Upper Bound = 557...
[runlim] sample:		79.98 time, 80.01 real, 534 MB, 1.00 load
  SAT ! Makespan = 557
  Schedule is valid with Makespan = 557
  Total time: 81.8928 seconds
------------------------------------------------------------------
[*] Trying with Upper Bound = 556...
  SAT ! Makespan = 556
  Schedule is valid with Makespan = 556
  Total time: 84.4501 seconds
------------------------------------------------------------------
[*] Trying with Upper Bound = 555...
  SAT ! Makespan = 555
  Schedule is valid with Makespan = 555
  Total time: 86.1618 seconds
------------------------------------------------------------------
[*] Trying with Upper Bound = 554...
  SAT ! Makespan = 554
  Schedule is valid with Makespan = 554
  Total time: 88.7707 seconds
------------------------------------------------------------------
[*] Trying with Upper Bound = 553...
[runlim] sample:		89.98 time, 90.01 real, 532 MB, 1.00 load
  SAT ! Makespan = 553
  Schedule is valid with Makespan = 553
  Total time: 91.9874 seconds
------------------------------------------------------------------
[*] Trying with Upper Bound = 552...
  SAT ! Makespan = 552
  Schedule is valid with Makespan = 552
  Total time: 93.9129 seconds
------------------------------------------------------------------
[*] Trying with Upper Bound = 551...
[runlim] sample:		99.99 time, 100.01 real, 531 MB, 1.00 load
  SAT ! Makespan = 551
  Schedule is valid with Makespan = 551
  Total time: 107.3876 seconds
------------------------------------------------------------------
[*] Trying with Upper Bound = 550...
[runlim] sample:		109.98 time, 110.01 real, 533 MB, 1.00 load
  SAT ! Makespan = 550
  Schedule is valid with Makespan = 550
  Total time: 110.0440 seconds
------------------------------------------------------------------
[*] Trying with Upper Bound = 549...
  SAT ! Makespan = 549
  Schedule is valid with Makespan = 549
  Total time: 118.9788 seconds
------------------------------------------------------------------
[*] Trying with Upper Bound = 548...
[runlim] sample:		119.98 time, 120.01 real, 533 MB, 1.08 load
  SAT ! Makespan = 548
  Schedule is valid with Makespan = 548
  Total time: 121.1584 seconds
------------------------------------------------------------------
[*] Trying with Upper Bound = 547...
  SAT ! Makespan = 547
  Schedule is valid with Makespan = 547
  Total time: 123.0384 seconds
------------------------------------------------------------------
[*] Trying with Upper Bound = 546...
[runlim] sample:		129.98 time, 130.01 real, 531 MB, 1.07 load
  SAT ! Makespan = 546
  Schedule is valid with Makespan = 546
  Total time: 132.0766 seconds
------------------------------------------------------------------
[*] Trying with Upper Bound = 545...
  SAT ! Makespan = 545
  Schedule is valid with Makespan = 545
  Total time: 133.6258 seconds
------------------------------------------------------------------
[*] Trying with Upper Bound = 544...
  SAT ! Makespan = 544
  Schedule is valid with Makespan = 544
  Total time: 134.1931 seconds
------------------------------------------------------------------
[*] Trying with Upper Bound = 543...
[runlim] sample:		139.98 time, 140.01 real, 529 MB, 1.06 load
  SAT ! Makespan = 543
  Schedule is valid with Makespan = 543
  Total time: 140.5487 seconds
------------------------------------------------------------------
[*] Trying with Upper Bound = 542...
  SAT ! Makespan = 542
  Schedule is valid with Makespan = 542
  Total time: 147.9757 seconds
------------------------------------------------------------------
[*] Trying with Upper Bound = 541...
[runlim] sample:		149.98 time, 150.01 real, 529 MB, 1.05 load
  SAT ! Makespan = 541
  Schedule is valid with Makespan = 541
  Total time: 156.3992 seconds
------------------------------------------------------------------
[*] Trying with Upper Bound = 540...
  SAT ! Makespan = 540
  Schedule is valid with Makespan = 540
  Total time: 158.4617 seconds
------------------------------------------------------------------
[*] Trying with Upper Bound = 539...
[runlim] sample:		159.98 time, 160.01 real, 529 MB, 1.04 load
  SAT ! Makespan = 539
  Schedule is valid with Makespan = 539
  Total time: 168.6942 seconds
------------------------------------------------------------------
[*] Trying with Upper Bound = 538...
[runlim] sample:		169.98 time, 170.01 real, 528 MB, 1.03 load
  SAT ! Makespan = 538
  Schedule is valid with Makespan = 538
  Total time: 175.8814 seconds
------------------------------------------------------------------
[*] Trying with Upper Bound = 537...
[runlim] sample:		179.97 time, 180.01 real, 528 MB, 1.03 load
  SAT ! Makespan = 537
  Schedule is valid with Makespan = 537
  Total time: 184.1341 seconds
------------------------------------------------------------------
[*] Trying with Upper Bound = 536...
[runlim] sample:		189.98 time, 190.01 real, 528 MB, 1.02 load
[runlim] sample:		199.97 time, 200.01 real, 529 MB, 1.02 load
[runlim] sample:		209.97 time, 210.01 real, 527 MB, 1.02 load
  SAT ! Makespan = 536
  Schedule is valid with Makespan = 536
  Total time: 215.4536 seconds
------------------------------------------------------------------
[*] Trying with Upper Bound = 535...
[runlim] sample:		219.97 time, 220.01 real, 529 MB, 1.01 load
  SAT ! Makespan = 535
  Schedule is valid with Makespan = 535
  Total time: 224.8200 seconds
------------------------------------------------------------------
[*] Trying with Upper Bound = 534...
  SAT ! Makespan = 534
  Schedule is valid with Makespan = 534
  Total time: 227.4542 seconds
------------------------------------------------------------------
[*] Trying with Upper Bound = 533...
[runlim] sample:		229.97 time, 230.01 real, 530 MB, 1.01 load
  SAT ! Makespan = 533
  Schedule is valid with Makespan = 533
  Total time: 234.2478 seconds
------------------------------------------------------------------
[*] Trying with Upper Bound = 532...
  SAT ! Makespan = 532
  Schedule is valid with Makespan = 532
  Total time: 236.1817 seconds
------------------------------------------------------------------
[*] Trying with Upper Bound = 531...
[runlim] sample:		239.97 time, 240.01 real, 528 MB, 1.01 load
[runlim] sample:		249.97 time, 250.01 real, 528 MB, 1.01 load
[runlim] sample:		259.96 time, 260.01 real, 528 MB, 1.00 load
[runlim] sample:		269.96 time, 270.01 real, 526 MB, 1.00 load
  SAT ! Makespan = 531
  Schedule is valid with Makespan = 531
  Total time: 270.1669 seconds
------------------------------------------------------------------
[*] Trying with Upper Bound = 530...
[runlim] sample:		279.96 time, 280.01 real, 530 MB, 1.00 load
[runlim] sample:		289.96 time, 290.01 real, 529 MB, 1.00 load
[runlim] sample:		299.95 time, 300.01 real, 527 MB, 1.00 load
  SAT ! Makespan = 530
  Schedule is valid with Makespan = 530
  Total time: 305.6993 seconds
------------------------------------------------------------------
[*] Trying with Upper Bound = 529...
[runlim] sample:		309.96 time, 310.01 real, 534 MB, 1.00 load
[runlim] sample:		319.95 time, 320.01 real, 524 MB, 1.00 load
[runlim] sample:		329.95 time, 330.01 real, 538 MB, 1.00 load
[runlim] sample:		339.95 time, 340.01 real, 536 MB, 1.00 load
  SAT ! Makespan = 529
  Schedule is valid with Makespan = 529
  Total time: 342.0142 seconds
------------------------------------------------------------------
[*] Trying with Upper Bound = 528...
[runlim] sample:		349.94 time, 350.01 real, 542 MB, 1.00 load
[runlim] sample:		359.94 time, 360.01 real, 503 MB, 1.00 load
[runlim] sample:		369.94 time, 370.01 real, 504 MB, 1.08 load
[runlim] sample:		379.94 time, 380.01 real, 510 MB, 1.07 load
  SAT ! Makespan = 528
  Schedule is valid with Makespan = 528
  Total time: 385.2802 seconds
------------------------------------------------------------------
[*] Trying with Upper Bound = 527...
[runlim] sample:		389.93 time, 390.01 real, 506 MB, 1.06 load
  SAT ! Makespan = 527
  Schedule is valid with Makespan = 527
  Total time: 393.6111 seconds
------------------------------------------------------------------
[*] Trying with Upper Bound = 526...
[runlim] sample:		399.93 time, 400.01 real, 505 MB, 1.05 load
[runlim] sample:		409.92 time, 410.01 real, 506 MB, 1.04 load
[runlim] sample:		419.92 time, 420.01 real, 540 MB, 1.03 load
[runlim] sample:		429.92 time, 430.01 real, 611 MB, 1.03 load
  SAT ! Makespan = 526
  Schedule is valid with Makespan = 526
  Total time: 432.9759 seconds
------------------------------------------------------------------
[*] Trying with Upper Bound = 525...
[runlim] sample:		439.91 time, 440.01 real, 617 MB, 1.02 load
  SAT ! Makespan = 525
  Schedule is valid with Makespan = 525
  Total time: 442.4304 seconds
------------------------------------------------------------------
[*] Trying with Upper Bound = 524...
[runlim] sample:		449.91 time, 450.01 real, 505 MB, 1.02 load
[runlim] sample:		459.91 time, 460.01 real, 540 MB, 1.02 load
[runlim] sample:		469.90 time, 470.01 real, 507 MB, 1.01 load
[runlim] sample:		479.91 time, 480.01 real, 505 MB, 1.01 load
  SAT ! Makespan = 524
  Schedule is valid with Makespan = 524
  Total time: 485.2023 seconds
------------------------------------------------------------------
[*] Trying with Upper Bound = 523...
[runlim] sample:		489.91 time, 490.01 real, 512 MB, 1.01 load
[runlim] sample:		499.91 time, 500.01 real, 545 MB, 1.08 load
[runlim] sample:		509.90 time, 510.01 real, 509 MB, 1.07 load
[runlim] sample:		519.90 time, 520.01 real, 506 MB, 1.06 load
  SAT ! Makespan = 523
  Schedule is valid with Makespan = 523
  Total time: 526.4054 seconds
------------------------------------------------------------------
[*] Trying with Upper Bound = 522...
[runlim] sample:		529.90 time, 530.01 real, 515 MB, 1.05 load
[runlim] sample:		539.90 time, 540.01 real, 509 MB, 1.04 load
[runlim] sample:		549.90 time, 550.01 real, 509 MB, 1.03 load
[runlim] sample:		559.90 time, 560.01 real, 505 MB, 1.03 load
[runlim] sample:		569.90 time, 570.01 real, 514 MB, 1.02 load
[runlim] sample:		579.90 time, 580.01 real, 514 MB, 1.02 load
[runlim] sample:		589.90 time, 590.01 real, 509 MB, 1.02 load
[runlim] sample:		599.90 time, 600.01 real, 509 MB, 1.01 load
[runlim] sample:		609.90 time, 610.01 real, 506 MB, 1.01 load
[runlim] sample:		619.90 time, 620.01 real, 506 MB, 1.09 load
[runlim] sample:		629.90 time, 630.01 real, 507 MB, 1.07 load
[runlim] sample:		639.89 time, 640.01 real, 507 MB, 1.06 load
[runlim] sample:		649.89 time, 650.01 real, 623 MB, 1.05 load
  SAT ! Makespan = 522
  Schedule is valid with Makespan = 522
  Total time: 651.3932 seconds
------------------------------------------------------------------
[*] Trying with Upper Bound = 521...
[runlim] sample:		659.89 time, 660.01 real, 521 MB, 1.04 load
  SAT ! Makespan = 521
  Schedule is valid with Makespan = 521
  Total time: 664.0508 seconds
------------------------------------------------------------------
[*] Trying with Upper Bound = 520...
[runlim] sample:		669.89 time, 670.01 real, 515 MB, 1.04 load
[runlim] sample:		679.89 time, 680.01 real, 514 MB, 1.03 load
[runlim] sample:		689.89 time, 690.01 real, 514 MB, 1.03 load
[runlim] sample:		699.89 time, 700.01 real, 509 MB, 1.02 load
  SAT ! Makespan = 520
  Schedule is valid with Makespan = 520
  Total time: 704.3855 seconds
------------------------------------------------------------------
[*] Trying with Upper Bound = 519...
[runlim] sample:		709.89 time, 710.01 real, 520 MB, 1.02 load
[runlim] sample:		719.89 time, 720.01 real, 514 MB, 1.01 load
[runlim] sample:		729.89 time, 730.01 real, 511 MB, 1.01 load
  SAT ! Makespan = 519
  Schedule is valid with Makespan = 519
  Total time: 735.5156 seconds
------------------------------------------------------------------
[*] Trying with Upper Bound = 518...
[runlim] sample:		739.89 time, 740.01 real, 511 MB, 1.01 load
[runlim] sample:		749.88 time, 750.01 real, 533 MB, 1.01 load
[runlim] sample:		759.89 time, 760.01 real, 533 MB, 1.01 load
[runlim] sample:		769.89 time, 770.01 real, 533 MB, 1.00 load
  SAT ! Makespan = 518
  Schedule is valid with Makespan = 518
  Total time: 774.2697 seconds
------------------------------------------------------------------
[*] Trying with Upper Bound = 517...
[runlim] sample:		779.89 time, 780.01 real, 535 MB, 1.00 load
[runlim] sample:		789.88 time, 790.01 real, 515 MB, 1.00 load
[runlim] sample:		799.88 time, 800.01 real, 511 MB, 1.00 load
[runlim] sample:		809.88 time, 810.01 real, 520 MB, 1.00 load
[runlim] sample:		819.88 time, 820.01 real, 535 MB, 1.00 load
[runlim] sample:		829.88 time, 830.01 real, 539 MB, 1.00 load
[runlim] sample:		839.88 time, 840.01 real, 539 MB, 1.00 load
[runlim] sample:		849.88 time, 850.01 real, 528 MB, 1.00 load
[runlim] sample:		859.88 time, 860.01 real, 528 MB, 1.00 load
[runlim] sample:		869.88 time, 870.01 real, 528 MB, 1.08 load
[runlim] sample:		879.88 time, 880.01 real, 565 MB, 1.07 load
[runlim] sample:		889.87 time, 890.01 real, 529 MB, 1.06 load
[runlim] sample:		899.88 time, 900.01 real, 539 MB, 1.05 load
[runlim] sample:		909.88 time, 910.01 real, 539 MB, 1.04 load
[runlim] sample:		919.87 time, 920.01 real, 539 MB, 1.03 load
[runlim] sample:		929.87 time, 930.01 real, 541 MB, 1.03 load
[runlim] sample:		939.88 time, 940.01 real, 550 MB, 1.02 load
[runlim] sample:		949.87 time, 950.01 real, 544 MB, 1.02 load
[runlim] sample:		959.87 time, 960.01 real, 544 MB, 1.02 load
  SAT ! Makespan = 517
  Schedule is valid with Makespan = 517
  Total time: 964.5884 seconds
------------------------------------------------------------------
[*] Trying with Upper Bound = 516...
[runlim] sample:		969.87 time, 970.01 real, 546 MB, 1.01 load
[runlim] sample:		979.86 time, 980.01 real, 540 MB, 1.01 load
[runlim] sample:		989.86 time, 990.01 real, 540 MB, 1.01 load
  SAT ! Makespan = 516
  Schedule is valid with Makespan = 516
  Total time: 997.3471 seconds
------------------------------------------------------------------
[*] Trying with Upper Bound = 515...
[runlim] sample:		999.86 time, 1000.01 real, 532 MB, 1.01 load
[runlim] sample:		1009.86 time, 1010.01 real, 532 MB, 1.00 load
[runlim] sample:		1019.86 time, 1020.01 real, 539 MB, 1.00 load
[runlim] sample:		1029.86 time, 1030.01 real, 535 MB, 1.00 load
[runlim] sample:		1039.84 time, 1040.01 real, 535 MB, 1.00 load
[runlim] sample:		1049.84 time, 1050.01 real, 545 MB, 1.00 load
[runlim] sample:		1059.84 time, 1060.01 real, 545 MB, 1.00 load
[runlim] sample:		1069.84 time, 1070.01 real, 537 MB, 1.00 load
[runlim] sample:		1079.84 time, 1080.01 real, 537 MB, 1.00 load
[runlim] sample:		1089.84 time, 1090.01 real, 534 MB, 1.00 load
[runlim] sample:		1099.84 time, 1100.01 real, 534 MB, 1.00 load
[runlim] sample:		1109.84 time, 1110.01 real, 534 MB, 1.00 load
[runlim] sample:		1119.84 time, 1120.01 real, 534 MB, 1.07 load
[runlim] sample:		1129.83 time, 1130.01 real, 546 MB, 1.06 load
[runlim] sample:		1139.83 time, 1140.01 real, 546 MB, 1.05 load
  SAT ! Makespan = 515
  Schedule is valid with Makespan = 515
  Total time: 1147.9653 seconds
------------------------------------------------------------------
[*] Trying with Upper Bound = 514...
[runlim] sample:		1149.83 time, 1150.01 real, 550 MB, 1.04 load
[runlim] sample:		1159.83 time, 1160.01 real, 544 MB, 1.04 load
[runlim] sample:		1169.83 time, 1170.01 real, 544 MB, 1.03 load
[runlim] sample:		1179.83 time, 1180.01 real, 538 MB, 1.02 load
[runlim] sample:		1189.83 time, 1190.01 real, 538 MB, 1.02 load
  SAT ! Makespan = 514
  Schedule is valid with Makespan = 514
  Total time: 1192.6657 seconds
------------------------------------------------------------------
[*] Trying with Upper Bound = 513...
[runlim] sample:		1199.83 time, 1200.01 real, 550 MB, 1.02 load
[runlim] sample:		1209.83 time, 1210.01 real, 550 MB, 1.01 load
[runlim] sample:		1219.82 time, 1220.01 real, 541 MB, 1.01 load
[runlim] sample:		1229.82 time, 1230.01 real, 541 MB, 1.01 load
[runlim] sample:		1239.82 time, 1240.01 real, 546 MB, 1.01 load
[runlim] sample:		1249.82 time, 1250.01 real, 550 MB, 1.08 load
[runlim] sample:		1259.82 time, 1260.01 real, 550 MB, 1.07 load
[runlim] sample:		1269.82 time, 1270.01 real, 550 MB, 1.06 load
[runlim] sample:		1279.82 time, 1280.01 real, 537 MB, 1.05 load
[runlim] sample:		1289.82 time, 1290.01 real, 537 MB, 1.04 load
[runlim] sample:		1299.82 time, 1300.01 real, 538 MB, 1.03 load
[runlim] sample:		1309.82 time, 1310.01 real, 538 MB, 1.03 load
[runlim] sample:		1319.82 time, 1320.01 real, 538 MB, 1.02 load
[runlim] sample:		1329.82 time, 1330.01 real, 543 MB, 1.02 load
[runlim] sample:		1339.82 time, 1340.01 real, 554 MB, 1.02 load
[runlim] sample:		1349.82 time, 1350.01 real, 554 MB, 1.01 load
[runlim] sample:		1359.81 time, 1360.01 real, 555 MB, 1.01 load
[runlim] sample:		1369.81 time, 1370.01 real, 555 MB, 1.09 load
[runlim] sample:		1379.82 time, 1380.01 real, 568 MB, 1.07 load
[runlim] sample:		1389.82 time, 1390.01 real, 568 MB, 1.06 load
[runlim] sample:		1399.81 time, 1400.01 real, 556 MB, 1.05 load
  SAT ! Makespan = 513
  Schedule is valid with Makespan = 513
  Total time: 1401.7957 seconds
------------------------------------------------------------------
[*] Trying with Upper Bound = 512...
[runlim] sample:		1409.81 time, 1410.01 real, 556 MB, 1.04 load
[runlim] sample:		1419.81 time, 1420.01 real, 550 MB, 1.04 load
[runlim] sample:		1429.81 time, 1430.01 real, 550 MB, 1.03 load
[runlim] sample:		1439.81 time, 1440.01 real, 546 MB, 1.03 load
[runlim] sample:		1449.81 time, 1450.01 real, 546 MB, 1.02 load
[runlim] sample:		1459.80 time, 1460.01 real, 558 MB, 1.02 load
[runlim] sample:		1469.80 time, 1470.01 real, 558 MB, 1.01 load
[runlim] sample:		1479.53 time, 1480.01 real, 546 MB, 1.01 load
[runlim] sample:		1489.12 time, 1490.01 real, 546 MB, 1.17 load
[runlim] sample:		1499.12 time, 1500.01 real, 546 MB, 1.22 load
[runlim] sample:		1509.12 time, 1510.01 real, 543 MB, 1.18 load
[runlim] sample:		1519.10 time, 1520.01 real, 543 MB, 1.16 load
[runlim] sample:		1529.10 time, 1530.01 real, 548 MB, 1.13 load
[runlim] sample:		1539.09 time, 1540.01 real, 548 MB, 1.11 load
  SAT ! Makespan = 512
  Schedule is valid with Makespan = 512
  Total time: 1540.0279 seconds
------------------------------------------------------------------
[*] Trying with Upper Bound = 511...
[runlim] sample:		1549.10 time, 1550.01 real, 548 MB, 1.09 load
