[runlim] version:		2.0.0rc12
[runlim] host:			fjssp-instance1
[runlim] time limit:		311040000 seconds
[runlim] real time limit:	1800 seconds
[runlim] space limit:		14000 MB
[runlim] argv[0]:		python3
[runlim] argv[1]:		-u
[runlim] argv[2]:		main.py
[runlim] argv[3]:		--input
[runlim] argv[4]:		datasets/rdata/mt06.txt
[runlim] argv[5]:		--sb
[runlim] argv[6]:		--factories
[runlim] argv[7]:		3
[runlim] argv[8]:		--full_transitive
[runlim] start:			Sun Sep 20 18:34:17 2026
[runlim] child:			24895
[*] Loading data from file: datasets/rdata/mt06.txt
[*] Running D-FJSSP SAT Solver with 3 factories, Symmetry Breaking = ON, Transitive E* = FULL
===========================================================================
 D-FJSSP SAT SOLVER - PARALLEL FACTORIES SCHEDULING
===========================================================================
  -> Operations: 36 | Jobs: 6 | Machines: 6 | Factories: 3

[*] Running Greedy Heuristic...
  -> Greedy Solution: Makespan = 48 (0.0001s)

[*] Initializing and solving the SAT model...
------------------------------------------------------------------
[*] Trying with Upper Bound = 48...
  SAT ! Makespan = 48
  Schedule: {0: {'job': 0, 'factory': 0, 'machine': 2, 'start': 22, 'duration': 1, 'end': 23}, 1: {'job': 0, 'factory': 0, 'machine': 0, 'start': 23, 'duration': 3, 'end': 26}, 2: {'job': 0, 'factory': 0, 'machine': 2, 'start': 26, 'duration': 6, 'end': 32}, 3: {'job': 0, 'factory': 0, 'machine': 0, 'start': 32, 'duration': 7, 'end': 39}, 4: {'job': 0, 'factory': 0, 'machine': 1, 'start': 39, 'duration': 3, 'end': 42}, 5: {'job': 0, 'factory': 0, 'machine': 3, 'start': 42, 'duration': 6, 'end': 48}, 6: {'job': 1, 'factory': 1, 'machine': 0, 'start': 1, 'duration': 8, 'end': 9}, 7: {'job': 1, 'factory': 1, 'machine': 4, 'start': 9, 'duration': 5, 'end': 14}, 8: {'job': 1, 'factory': 1, 'machine': 1, 'start': 14, 'duration': 10, 'end': 24}, 9: {'job': 1, 'factory': 1, 'machine': 4, 'start': 24, 'duration': 10, 'end': 34}, 10: {'job': 1, 'factory': 1, 'machine': 0, 'start': 34, 'duration': 10, 'end': 44}, 11: {'job': 1, 'factory': 1, 'machine': 5, 'start': 44, 'duration': 4, 'end': 48}, 12: {'job': 2, 'factory': 2, 'machine': 3, 'start': 14, 'duration': 5, 'end': 19}, 13: {'job': 2, 'factory': 2, 'machine': 4, 'start': 19, 'duration': 4, 'end': 23}, 14: {'job': 2, 'factory': 2, 'machine': 5, 'start': 23, 'duration': 8, 'end': 31}, 15: {'job': 2, 'factory': 2, 'machine': 0, 'start': 31, 'duration': 9, 'end': 40}, 16: {'job': 2, 'factory': 2, 'machine': 2, 'start': 40, 'duration': 1, 'end': 41}, 17: {'job': 2, 'factory': 2, 'machine': 3, 'start': 41, 'duration': 7, 'end': 48}, 18: {'job': 3, 'factory': 2, 'machine': 1, 'start': 13, 'duration': 5, 'end': 18}, 19: {'job': 3, 'factory': 2, 'machine': 1, 'start': 18, 'duration': 5, 'end': 23}, 20: {'job': 3, 'factory': 2, 'machine': 2, 'start': 23, 'duration': 5, 'end': 28}, 21: {'job': 3, 'factory': 2, 'machine': 3, 'start': 28, 'duration': 3, 'end': 31}, 22: {'job': 3, 'factory': 2, 'machine': 4, 'start': 31, 'duration': 8, 'end': 39}, 23: {'job': 3, 'factory': 2, 'machine': 5, 'start': 39, 'duration': 9, 'end': 48}, 24: {'job': 4, 'factory': 1, 'machine': 3, 'start': 23, 'duration': 9, 'end': 32}, 25: {'job': 4, 'factory': 1, 'machine': 1, 'start': 32, 'duration': 3, 'end': 35}, 26: {'job': 4, 'factory': 1, 'machine': 1, 'start': 35, 'duration': 5, 'end': 40}, 27: {'job': 4, 'factory': 1, 'machine': 5, 'start': 40, 'duration': 4, 'end': 44}, 28: {'job': 4, 'factory': 1, 'machine': 1, 'start': 44, 'duration': 3, 'end': 47}, 29: {'job': 4, 'factory': 1, 'machine': 3, 'start': 47, 'duration': 1, 'end': 48}, 30: {'job': 5, 'factory': 1, 'machine': 2, 'start': 18, 'duration': 3, 'end': 21}, 31: {'job': 5, 'factory': 1, 'machine': 4, 'start': 21, 'duration': 3, 'end': 24}, 32: {'job': 5, 'factory': 1, 'machine': 5, 'start': 24, 'duration': 9, 'end': 33}, 33: {'job': 5, 'factory': 1, 'machine': 3, 'start': 33, 'duration': 10, 'end': 43}, 34: {'job': 5, 'factory': 1, 'machine': 2, 'start': 43, 'duration': 4, 'end': 47}, 35: {'job': 5, 'factory': 1, 'machine': 4, 'start': 47, 'duration': 1, 'end': 48}}
  Total time: 0.0109 seconds
------------------------------------------------------------------
[*] Trying with Upper Bound = 47...
  SAT ! Makespan = 47
  Schedule: {0: {'job': 0, 'factory': 0, 'machine': 2, 'start': 12, 'duration': 1, 'end': 13}, 1: {'job': 0, 'factory': 0, 'machine': 0, 'start': 13, 'duration': 3, 'end': 16}, 2: {'job': 0, 'factory': 0, 'machine': 2, 'start': 16, 'duration': 6, 'end': 22}, 3: {'job': 0, 'factory': 0, 'machine': 3, 'start': 22, 'duration': 7, 'end': 29}, 4: {'job': 0, 'factory': 0, 'machine': 5, 'start': 29, 'duration': 3, 'end': 32}, 5: {'job': 0, 'factory': 0, 'machine': 4, 'start': 33, 'duration': 6, 'end': 39}, 6: {'job': 1, 'factory': 0, 'machine': 0, 'start': 0, 'duration': 8, 'end': 8}, 7: {'job': 1, 'factory': 0, 'machine': 4, 'start': 8, 'duration': 5, 'end': 13}, 8: {'job': 1, 'factory': 0, 'machine': 1, 'start': 13, 'duration': 10, 'end': 23}, 9: {'job': 1, 'factory': 0, 'machine': 4, 'start': 23, 'duration': 10, 'end': 33}, 10: {'job': 1, 'factory': 0, 'machine': 0, 'start': 33, 'duration': 10, 'end': 43}, 11: {'job': 1, 'factory': 0, 'machine': 5, 'start': 43, 'duration': 4, 'end': 47}, 12: {'job': 2, 'factory': 1, 'machine': 1, 'start': 0, 'duration': 5, 'end': 5}, 13: {'job': 2, 'factory': 1, 'machine': 4, 'start': 15, 'duration': 4, 'end': 19}, 14: {'job': 2, 'factory': 1, 'machine': 5, 'start': 20, 'duration': 8, 'end': 28}, 15: {'job': 2, 'factory': 1, 'machine': 0, 'start': 28, 'duration': 9, 'end': 37}, 16: {'job': 2, 'factory': 1, 'machine': 4, 'start': 37, 'duration': 1, 'end': 38}, 17: {'job': 2, 'factory': 1, 'machine': 4, 'start': 38, 'duration': 7, 'end': 45}, 18: {'job': 3, 'factory': 1, 'machine': 1, 'start': 5, 'duration': 5, 'end': 10}, 19: {'job': 3, 'factory': 1, 'machine': 3, 'start': 16, 'duration': 5, 'end': 21}, 20: {'job': 3, 'factory': 1, 'machine': 2, 'start': 21, 'duration': 5, 'end': 26}, 21: {'job': 3, 'factory': 1, 'machine': 3, 'start': 26, 'duration': 3, 'end': 29}, 22: {'job': 3, 'factory': 1, 'machine': 4, 'start': 29, 'duration': 8, 'end': 37}, 23: {'job': 3, 'factory': 1, 'machine': 5, 'start': 38, 'duration': 9, 'end': 47}, 24: {'job': 4, 'factory': 1, 'machine': 3, 'start': 7, 'duration': 9, 'end': 16}, 25: {'job': 4, 'factory': 1, 'machine': 5, 'start': 17, 'duration': 3, 'end': 20}, 26: {'job': 4, 'factory': 1, 'machine': 4, 'start': 23, 'duration': 5, 'end': 28}, 27: {'job': 4, 'factory': 1, 'machine': 5, 'start': 28, 'duration': 4, 'end': 32}, 28: {'job': 4, 'factory': 1, 'machine': 3, 'start': 43, 'duration': 3, 'end': 46}, 29: {'job': 4, 'factory': 1, 'machine': 3, 'start': 46, 'duration': 1, 'end': 47}, 30: {'job': 5, 'factory': 1, 'machine': 3, 'start': 0, 'duration': 3, 'end': 3}, 31: {'job': 5, 'factory': 1, 'machine': 3, 'start': 3, 'duration': 3, 'end': 6}, 32: {'job': 5, 'factory': 1, 'machine': 5, 'start': 8, 'duration': 9, 'end': 17}, 33: {'job': 5, 'factory': 1, 'machine': 3, 'start': 29, 'duration': 10, 'end': 39}, 34: {'job': 5, 'factory': 1, 'machine': 3, 'start': 39, 'duration': 4, 'end': 43}, 35: {'job': 5, 'factory': 1, 'machine': 4, 'start': 45, 'duration': 1, 'end': 46}}
  Total time: 0.0129 seconds
------------------------------------------------------------------
[*] Trying with Upper Bound = 46...
   UNSAT

 Optimal Makespan = 47

 Summary:
  - Optimal Makespan   : 47
  - Greedy Time        : 0.0001s
  - SAT Time           : 0.0129s
  - Total Time         : 0.0132s
  - Schedule Status    : VALID
===========================================================================
[runlim] end:			Sun Sep 20 18:34:17 2026
[runlim] status:		ok
[runlim] result:		0
[runlim] children:		0
[runlim] processes:		0
[runlim] real:			0.05 seconds
[runlim] time:			0.00 seconds
[runlim] space:			0 MB
[runlim] load:			1.01 maximum
[runlim] samples:		1
