[runlim] version:		2.0.0rc12
[runlim] host:			fjssp-instance1
[runlim] time limit:		311040000 seconds
[runlim] real time limit:	3600 seconds
[runlim] space limit:		14000 MB
[runlim] argv[0]:		python3
[runlim] argv[1]:		-u
[runlim] argv[2]:		mip.py
[runlim] argv[3]:		--input
[runlim] argv[4]:		datasets/rdata/la04.txt
[runlim] argv[5]:		--factories
[runlim] argv[6]:		3
[runlim] start:			Wed Sep  2 03:55:19 2026
[runlim] child:			6864
======================================================================
INSTANCE
======================================================================
File       : datasets/rdata/la04.txt
Operations : 50
Jobs       : 10
Machines   : 5
Factories  : 3
Edges      : 40

======================================================================
GREEDY HEURISTIC
======================================================================
Greedy UB   : 455
Greedy time : 0.000173 sec

======================================================================
MODEL 1 PARAMETERS
======================================================================
Greedy UB = 455
First operations = 10
Last operations  = 10

Adding greedy MIP start...

======================================================================
MODEL STATISTICS
======================================================================
Variables    : 3303
Constraints : 6073
Greedy UB   : 455

======================================================================
START CPLEX
======================================================================
Version identifier: 22.2.0.0 | 2026-05-04 | 5dff98e58
CPXPARAM_Read_DataCheck                          1
1 of 1 MIP starts provided solutions.
MIP start 'm1' defined initial solution with objective 455.0000.
Tried aggregator 2 times.
MIP Presolve eliminated 13 rows and 3 columns.
MIP Presolve modified 1149 coefficients.
Aggregator did 42 substitutions.
Reduced MIP has 6018 rows, 3258 columns, and 30256 nonzeros.
Reduced MIP has 3207 binaries, 0 generals, 0 SOSs, and 0 indicators.
Presolve time = 0.01 sec. (26.73 ticks)
Probing time = 0.01 sec. (6.09 ticks)
Cover probing fixed 0 vars, tightened 47 bounds.
Tried aggregator 1 time.
Detecting symmetries...
MIP Presolve eliminated 3 rows and 0 columns.
MIP Presolve modified 12906 coefficients.
Reduced MIP has 6015 rows, 3258 columns, and 30211 nonzeros.
Reduced MIP has 3207 binaries, 0 generals, 0 SOSs, and 0 indicators.
Presolve time = 0.01 sec. (20.63 ticks)
Probing time = 0.00 sec. (5.26 ticks)
Clique table members: 2657.
MIP emphasis: balance optimality and feasibility.
MIP search method: dynamic search.
Parallel mode: deterministic, using up to 2 threads.
Root relaxation solution time = 0.01 sec. (20.78 ticks)

        Nodes                                         Cuts/
   Node  Left     Objective  IInf  Best Integer    Best Bound    ItCnt     Gap

*     0+    0                          455.0000      129.0000            71.65%
      0     0      369.0000    65      455.0000      369.0000      130   18.90%
*     0+    0                          442.0000      369.0000            16.52%
*     0+    0                          379.0000      369.0000             2.64%
      0     0      369.0000    18      379.0000      Cuts: 26      145    2.64%
*     0+    0                          369.0000      369.0000             0.00%
      0     0        cutoff            369.0000      369.0000      184    0.00%
Elapsed time = 0.25 sec. (443.02 ticks, tree = 0.01 MB, solutions = 4)

Clique cuts applied:  1
Cover cuts applied:  6
Implied bound cuts applied:  1
Flow cuts applied:  4
Mixed integer rounding cuts applied:  46
Zero-half cuts applied:  2
Lift and project cuts applied:  4
Gomory fractional cuts applied:  12

Root node processing (before b&c):
  Real time             =    0.25 sec. (443.30 ticks)
Parallel b&c, 2 threads:
  Real time             =    0.00 sec. (0.00 ticks)
  Sync time (average)   =    0.00 sec.
  Wait time (average)   =    0.00 sec.
                          ------------
Total (root+branch&cut) =    0.25 sec. (443.30 ticks)

======================================================================
RESULT
======================================================================
Status     : integer optimal solution
Time       : 0.257
Makespan   : 369.000000
Best bound : 369.000000
Gap        : 0.0000%

======================================================================
FINAL SUMMARY
======================================================================
Greedy UB : 455
CPLEX     : 369.000000
Bound     : 369.000000
Time      : 0.257
[runlim] end:			Wed Sep  2 03:55:20 2026
[runlim] status:		ok
[runlim] result:		0
[runlim] children:		1
[runlim] processes:		2
[runlim] real:			0.58 seconds
[runlim] time:			0.65 seconds
[runlim] space:			88 MB
[runlim] load:			1.96 maximum
[runlim] samples:		6
