[runlim] version:		2.0.0rc12
[runlim] host:			fjssp-instance1
[runlim] time limit:		311040000 seconds
[runlim] real time limit:	3600 seconds
[runlim] space limit:		14000 MB
[runlim] argv[0]:		python3
[runlim] argv[1]:		-u
[runlim] argv[2]:		mip.py
[runlim] argv[3]:		--input
[runlim] argv[4]:		datasets/rdata/la11.txt
[runlim] argv[5]:		--factories
[runlim] argv[6]:		3
[runlim] start:			Wed Sep  2 03:55:40 2026
[runlim] child:			6910
======================================================================
INSTANCE
======================================================================
File       : datasets/rdata/la11.txt
Operations : 100
Jobs       : 20
Machines   : 5
Factories  : 3
Edges      : 80

======================================================================
GREEDY HEURISTIC
======================================================================
Greedy UB   : 606
Greedy time : 0.000331 sec

======================================================================
MODEL 1 PARAMETERS
======================================================================
Greedy UB = 606
First operations = 20
Last operations  = 20

Adding greedy MIP start...

======================================================================
MODEL STATISTICS
======================================================================
Variables    : 12857
Constraints : 24629
Greedy UB   : 606

======================================================================
START CPLEX
======================================================================
Version identifier: 22.2.0.0 | 2026-05-04 | 5dff98e58
CPXPARAM_Read_DataCheck                          1
1 of 1 MIP starts provided solutions.
MIP start 'm1' defined initial solution with objective 606.0000.
Tried aggregator 2 times.
MIP Presolve eliminated 20 rows and 0 columns.
MIP Presolve modified 978 coefficients.
Aggregator did 93 substitutions.
Reduced MIP has 24516 rows, 12764 columns, and 123065 nonzeros.
Reduced MIP has 12663 binaries, 0 generals, 0 SOSs, and 0 indicators.
Presolve time = 0.05 sec. (94.67 ticks)
Probing time = 0.03 sec. (11.85 ticks)
Cover probing fixed 0 vars, tightened 108 bounds.
Tried aggregator 1 time.
Detecting symmetries...
MIP Presolve modified 78963 coefficients.
Reduced MIP has 24516 rows, 12764 columns, and 122942 nonzeros.
Reduced MIP has 12663 binaries, 0 generals, 0 SOSs, and 0 indicators.
Presolve time = 0.07 sec. (86.27 ticks)
Probing time = 0.01 sec. (9.54 ticks)
Clique table members: 2943.
MIP emphasis: balance optimality and feasibility.
MIP search method: dynamic search.
Parallel mode: deterministic, using up to 2 threads.
Root relaxation solution time = 0.09 sec. (155.87 ticks)

        Nodes                                         Cuts/
   Node  Left     Objective  IInf  Best Integer    Best Bound    ItCnt     Gap

*     0+    0                          606.0000      237.0000            60.89%
      0     0      413.0000   211      606.0000      413.0000      415   31.85%
*     0+    0                          529.0000      413.0000            21.93%
      0     0      413.0000    90      529.0000      Cuts: 45      470   21.93%
      0     0      413.0000   128      529.0000     Cuts: 211      716   21.93%
      0     0      413.0000    76      529.0000     Cuts: 194      797   21.93%
*     0+    0                          527.0000      413.0000            21.63%
      0     0      413.0000    86      527.0000     Cuts: 245      909   21.63%
*     0+    0                          510.0000      413.0000            19.02%
*     0+    0                          508.0000      413.0000            18.70%
*     0+    0                          507.0000      413.0000            18.54%
      0     0  -1.00000e+75     0      507.0000      413.0000      909   18.54%
      0     2      413.0000    64      507.0000      413.0000      946   18.54%
Elapsed time = 4.37 sec. (9188.26 ticks, tree = 0.02 MB, solutions = 6)
     10     3      413.0000    79      507.0000      413.0000     1015   18.54%
     44    41      413.0000    62      507.0000      413.0000     2163   18.54%
     64    61      413.0000    57      507.0000      413.0000     2521   18.54%
     95    86      413.0000    62      507.0000      413.0000     2932   18.54%
    118   116      413.0000    51      507.0000      413.0000     3230   18.54%
    154   138      437.0000    52      507.0000      413.0000     3417   18.54%
    193   173      477.0000    43      507.0000      413.0000     3745   18.54%
    229   202      477.0000    36      507.0000      413.0000     3982   18.54%
    273   243      437.0000    37      507.0000      413.0000     4329   18.54%
    440   385      413.0000    59      507.0000      413.0000     5433   18.54%
Elapsed time = 5.55 sec. (12398.50 ticks, tree = 2.48 MB, solutions = 6)
*   537+  446                          500.0000      413.0000            17.40%
    591   512      421.0000    30      500.0000      413.0000     6292   17.40%
    801   700      494.0000    15      500.0000      413.0000     7205   17.40%
*   814+  719                          497.0000      413.0000            16.90%

Performing restart 1

Repeating presolve.
Tried aggregator 2 times.
MIP Presolve eliminated 1893 rows and 971 columns.
MIP Presolve modified 135088 coefficients.
Aggregator did 3 substitutions.
Reduced MIP has 22620 rows, 11790 columns, and 113319 nonzeros.
Reduced MIP has 11689 binaries, 0 generals, 0 SOSs, and 0 indicators.
Presolve time = 0.07 sec. (125.09 ticks)
Tried aggregator 1 time.
MIP Presolve modified 117083 coefficients.
Reduced MIP has 22620 rows, 11790 columns, and 113215 nonzeros.
Reduced MIP has 11689 binaries, 0 generals, 0 SOSs, and 0 indicators.
Presolve time = 0.08 sec. (93.12 ticks)
Represolve time = 0.24 sec. (288.15 ticks)
*   841+    0                          486.0000      413.0000            15.02%
    841     0      413.0000    54      486.0000     Cuts: 167     8110   15.02%
[runlim] sample:		18.12 time, 10.01 real, 301 MB, 1.89 load
*   841+    0                          478.0000      413.0000            13.60%
    841     0      413.0000   105      478.0000     Cuts: 491     8297   13.60%
*   841+    0                          474.0000      413.0000            12.87%
    841     0      413.0000    68      474.0000     Cuts: 312     8416   12.87%
    841     0      413.0000   103      474.0000     Cuts: 349     8577   12.87%
    841     0      413.0000    85      474.0000     Cuts: 325     8772   12.87%
    841     0      413.0000    91      474.0000     Cuts: 132     8894   12.87%
    841     0      413.0000    61      474.0000     Cuts: 422     9032   12.87%
    841     0      413.0000    61      474.0000      Cuts: 59     9122   12.87%
*   841+    0                          467.0000      413.0000            11.56%
*   841+    0                          466.0000      413.0000            11.37%
    841     2      413.0000    51      466.0000      413.0000     9122   11.37%
[runlim] sample:		37.94 time, 20.01 real, 305 MB, 1.91 load
    866    23      413.0000    51      466.0000      413.0000     9351   11.37%
    893    52      414.0000    53      466.0000      413.0000     9883   11.37%
    912    71      414.0000    49      466.0000      413.0000    10611   11.37%
    938    90      414.0000    49      466.0000      413.0000    11101   11.37%
    995   130      413.0000    49      466.0000      413.0000    11684   11.37%
   1042   161      424.0000    45      466.0000      413.0000    12156   11.37%
   1108   197      426.0000    41      466.0000      413.0000    12772   11.37%
Elapsed time = 21.26 sec. (42125.25 ticks, tree = 1.08 MB, solutions = 13)
   1201   246      464.0000    23      466.0000      413.0000    13158   11.37%
*  1202+  253                          465.0000      413.0000            11.18%
*  1209+  253                          464.0000      413.0000            10.99%
*  1209+  253                          457.0000      413.0000             9.63%
   1290   237      454.0000    45      457.0000      413.0000    14276    9.63%
*  1302+  213                          456.0000      413.0000             9.43%
*  1302+  213                          454.0000      413.0000             9.03%
*  1310+  213                          453.0000      413.0000             8.83%
   1358   261      421.0000    51      453.0000      413.0000    14956    8.83%
*  1363+  254                          449.0000      413.0000             8.02%
   1425   286      428.2500    65      449.0000      413.0000    15960    8.02%
   1514   357      428.0000    36      449.0000      413.0000    17059    8.02%
   1635   430      413.0000    50      449.0000      413.0000    18058    8.02%
   1731   509      427.0000    59      449.0000      413.0000    19926    8.02%
*  1740+  524                          447.0000      413.0000             7.61%
   1838   577      442.0000    51      447.0000      413.0000    21149    7.61%
   1920   655      417.0000    73      447.0000      413.0000    22448    7.61%
   1981   709      413.0000    53      447.0000      413.0000    23523    7.61%
Elapsed time = 25.28 sec. (51810.91 ticks, tree = 4.30 MB, solutions = 21)
   2077   771      441.0000    47      447.0000      413.0000    25277    7.61%
*  2140+  812                          443.0000      413.0000             6.77%
*  2140+  812                          442.0000      413.0000             6.56%
   2156   758      414.4432    63      442.0000      413.0000    26535    6.56%
*  2218+  790                          439.0000      413.0000             5.92%
   2220   806      416.0000    61      439.0000      413.0000    27196    5.92%
*  2233+  790                          438.0000      413.0000             5.71%
   2302   803      413.0000    42      438.0000      413.0000    28166    5.71%
   2406   898      413.0000    57      438.0000      413.0000    30172    5.71%
*  2440+  922                          437.0000      413.0000             5.49%
*  2440+  922                          434.0000      413.0000             4.84%
   2440   924      416.0000    52      434.0000      413.0000    30567    4.84%
   2529   970      414.0000    62      434.0000      413.0000    31974    4.84%
   2608  1025      416.0000    62      434.0000      413.0000    33227    4.84%
*  2667+ 1075                          432.0000      413.0000             4.40%
   2710  1097      416.0000    48      432.0000      413.0000    34863    4.40%
[runlim] sample:		57.72 time, 30.02 real, 313 MB, 1.92 load
   2785  1159      413.0000    71      432.0000      413.0000    36057    4.40%
Elapsed time = 29.52 sec. (61720.90 ticks, tree = 7.07 MB, solutions = 29)
   2903  1238      421.0000    42      432.0000      413.0000    38207    4.40%
   3038  1332      413.0000    45      432.0000      413.0000    39577    4.40%
   3146  1433      413.0000    51      432.0000      413.0000    41408    4.40%
*  3240+ 1538                          428.0000      413.0000             3.50%
   3240  1540      413.0000    66      428.0000      413.0000    43819    3.50%
   3356  1572      413.0000    45      428.0000      413.0000    45043    3.50%
*  3417+ 1601                          425.0000      413.0000             2.82%
   3449  1640      413.0000    57      425.0000      413.0000    46608    2.82%
   3573  1626    infeasible            425.0000      413.0000    47615    2.82%
   3722  1678      415.0000    36      425.0000      413.0000    48692    2.82%
   3913  1758      413.0000    33      425.0000      413.0000    50395    2.82%
   4091  1849    infeasible            425.0000      413.0000    52301    2.82%
Elapsed time = 33.22 sec. (71698.51 ticks, tree = 11.47 MB, solutions = 31)
   4225  1900      413.0000    31      425.0000      413.0000    53168    2.82%
   4342  1920      413.0000    34      425.0000      413.0000    54258    2.82%
   4536  1988      413.0000    33      425.0000      413.0000    56026    2.82%
   4700  2038      413.6667    42      425.0000      413.0000    57824    2.82%
   4922  2132      413.0000    29      425.0000      413.0000    60313    2.82%
   5168  2180      413.0000    30      425.0000      413.0000    61252    2.82%
   5455  2235    infeasible            425.0000      413.0000    62294    2.82%
   5678  2255      413.0000    27      425.0000      413.0000    63853    2.82%
   5956  2282      413.0000    22      425.0000      413.0000    64838    2.82%
   6248  2297      413.0000    20      425.0000      413.0000    66517    2.82%
Elapsed time = 37.19 sec. (81279.65 ticks, tree = 14.61 MB, solutions = 31)
   6519  2310        cutoff            425.0000      413.0000    67785    2.82%
   6775  2325      413.0000    25      425.0000      413.0000    69302    2.82%
   7076  2353      413.0000    23      425.0000      413.0000    70574    2.82%
   7383  2351      413.0000    23      425.0000      413.0000    71944    2.82%
[runlim] sample:		77.55 time, 40.01 real, 313 MB, 1.94 load
   7656  2395      413.0000    24      425.0000      413.0000    73642    2.82%
   7931  2419      413.0000    21      425.0000      413.0000    75144    2.82%
   8211  2444      424.0000    20      425.0000      413.0000    76222    2.82%
   8524  2471      413.0000    23      425.0000      413.0000    77666    2.82%
   8803  2489      413.0000    27      425.0000      413.0000    78769    2.82%
   9065  2501      418.0000    24      425.0000      413.0000    79940    2.82%
Elapsed time = 41.38 sec. (90860.58 ticks, tree = 15.94 MB, solutions = 31)
   9305  2560      413.0000    26      425.0000      413.0000    81061    2.82%
   9567  2541      414.0000    26      425.0000      413.0000    82883    2.82%
   9795  2556      414.0000    25      425.0000      413.0000    83545    2.82%
   9980  2576      413.0000    32      425.0000      413.0000    84506    2.82%
  10178  2592      423.0000    37      425.0000      413.0000    86960    2.82%
  10404  2619      415.0000    33      425.0000      413.0000    88687    2.82%
  10610  2646      413.0000    38      425.0000      413.0000    89456    2.82%
  10822  2698      413.0000    33      425.0000      413.0000    91652    2.82%
  11017  2755      413.0000    32      425.0000      413.0000    93135    2.82%
  11243  2823      418.0000    39      425.0000      413.0000    95177    2.82%
Elapsed time = 45.25 sec. (100474.90 ticks, tree = 18.08 MB, solutions = 31)
  11503  2845      413.0000    30      425.0000      413.0000    96692    2.82%
  11775  2903      413.0000    26      425.0000      413.0000    99092    2.82%
  12060  2915      413.0000    28      425.0000      413.0000   100077    2.82%
  12308  2934      419.0000    28      425.0000      413.0000   101299    2.82%
  12581  2977      413.0000    29      425.0000      413.0000   104276    2.82%
  12881  2995      423.0000    28      425.0000      413.0000   105645    2.82%
  13186  3047      413.0000    28      425.0000      413.0000   107323    2.82%
  13342  3053      413.0000    27      425.0000      413.0000   109149    2.82%
[runlim] sample:		97.39 time, 50.01 real, 313 MB, 1.95 load
  13572  3056      413.0000    32      425.0000      413.0000   109965    2.82%
  13901  3081      413.0000    32      425.0000      413.0000   111337    2.82%
Elapsed time = 49.52 sec. (110045.52 ticks, tree = 19.90 MB, solutions = 31)
  14195  3071      413.0000    28      425.0000      413.0000   112858    2.82%
  14506  3101      413.0000    31      425.0000      413.0000   114976    2.82%
  14809  3112      413.0000    30      425.0000      413.0000   116375    2.82%
  15090  3138      413.0000    28      425.0000      413.0000   118035    2.82%
  15383  3159      413.0000    45      425.0000      413.0000   119430    2.82%
  15535  3196      415.0000    45      425.0000      413.0000   122185    2.82%
  15748  3219      422.0000    28      425.0000      413.0000   122748    2.82%
  15980  3262        cutoff            425.0000      413.0000   124160    2.82%
  16215  3337      413.0000    33      425.0000      413.0000   126068    2.82%
* 16610+ 3430                          424.0000      413.0000             2.59%
* 16633+ 3430                          423.0000      413.0000             2.36%
* 16674+ 3430                          419.0000      413.0000             1.43%
* 16674+ 3430                          416.0000      413.0000             0.72%
* 16674+ 3430                          415.0000      413.0000             0.48%
  16674  3432      413.0000    33      415.0000      413.0000   129552    0.48%
Elapsed time = 56.91 sec. (124556.71 ticks, tree = 22.34 MB, solutions = 31)
  17328  1750      413.0000    37      415.0000      413.0000   135870    0.48%
[runlim] sample:		117.23 time, 60.01 real, 313 MB, 1.96 load
  18269  1781      414.0000    33      415.0000      413.0000   142140    0.48%
  19111  1836      414.0000    36      415.0000      413.0000   150961    0.48%
  19808  1990        cutoff            415.0000      413.0000   157489    0.48%
  20560  2089      413.0000    34      415.0000      413.0000   163661    0.48%
  21162  2138      413.0000    35      415.0000      413.0000   170182    0.48%
  21925  2186      414.0000    48      415.0000      413.0000   179660    0.48%
[runlim] sample:		137.05 time, 70.01 real, 313 MB, 2.04 load
  22739  2294        cutoff            415.0000      413.0000   186850    0.48%
  23517  2344      413.0000    28      415.0000      413.0000   194722    0.48%
  24361  2403        cutoff            415.0000      413.0000   201466    0.48%
Elapsed time = 73.68 sec. (162754.72 ticks, tree = 15.05 MB, solutions = 38)
  25295  2442      413.0000    31      415.0000      413.0000   209029    0.48%
  26212  2446      413.0000    34      415.0000      413.0000   217633    0.48%
  26985  2527      413.0000    35      415.0000      413.0000   223009    0.48%
[runlim] sample:		156.90 time, 80.01 real, 313 MB, 2.03 load
  27804  2578      413.0000    36      415.0000      413.0000   230483    0.48%
  28731  2630      413.0000    30      415.0000      413.0000   239060    0.48%
  29703  2675      413.0000    25      415.0000      413.0000   246104    0.48%
  30600  2640      413.0000    37      415.0000      413.0000   254642    0.48%
  31504  2636      413.0000    33      415.0000      413.0000   260880    0.48%
  32348  2656      413.0000    43      415.0000      413.0000   268279    0.48%
[runlim] sample:		176.70 time, 90.01 real, 313 MB, 2.03 load
  33207  2673      414.0000    31      415.0000      413.0000   275106    0.48%
Elapsed time = 90.33 sec. (200947.52 ticks, tree = 16.84 MB, solutions = 38)
  34094  2700      413.0000    29      415.0000      413.0000   281649    0.48%
  34985  2832      413.0000    29      415.0000      413.0000   290134    0.48%
  35963  2866      413.0000    28      415.0000      413.0000   296329    0.48%
  36767  2941      413.0000    29      415.0000      413.0000   303546    0.48%
  37708  2929      413.0000    34      415.0000      413.0000   308551    0.48%
[runlim] sample:		196.54 time, 100.01 real, 313 MB, 2.02 load
  38552  2938    infeasible            415.0000      413.0000   314832    0.48%
  39569  2877      413.0000    39      415.0000      413.0000   319625    0.48%
  40504  2938    infeasible            415.0000      413.0000   327283    0.48%
  41348  2985      414.0000    25      415.0000      413.0000   333371    0.48%
  42097  3103      413.0000    33      415.0000      413.0000   340821    0.48%
Elapsed time = 106.91 sec. (239179.57 ticks, tree = 19.79 MB, solutions = 38)
  42875  3191      413.0000    38      415.0000      413.0000   349166    0.48%
[runlim] sample:		216.38 time, 110.01 real, 313 MB, 2.02 load
  43773  3165      413.0000    34      415.0000      413.0000   354985    0.48%
  44622  3283      413.0000    30      415.0000      413.0000   363852    0.48%
  45484  3344      413.0000    32      415.0000      413.0000   368948    0.48%
  46331  3410    infeasible            415.0000      413.0000   377536    0.48%
  47126  3459      413.0000    42      415.0000      413.0000   384703    0.48%
  48123  3533      413.0000    30      415.0000      413.0000   393385    0.48%
[runlim] sample:		236.22 time, 120.01 real, 322 MB, 2.01 load
  48995  3542      413.0000    24      415.0000      413.0000   399145    0.48%
  49878  3567      413.0000    24      415.0000      413.0000   404130    0.48%
* 50329+ 3412                          413.0000      413.0000             0.00%

Cover cuts applied:  2
Flow cuts applied:  2
Mixed integer rounding cuts applied:  11
Gomory fractional cuts applied:  3

Root node processing (before b&c):
  Real time             =    4.36 sec. (9150.48 ticks)
Parallel b&c, 2 threads:
  Real time             =  118.55 sec. (267608.41 ticks)
  Sync time (average)   =    5.23 sec.
  Wait time (average)   =    0.00 sec.
                          ------------
Total (root+branch&cut) =  122.91 sec. (276758.89 ticks)

======================================================================
RESULT
======================================================================
Status     : integer optimal solution
Time       : 122.925
Makespan   : 413.000000
Best bound : 413.000000
Gap        : 0.0000%

======================================================================
FINAL SUMMARY
======================================================================
Greedy UB : 606
CPLEX     : 413.000000
Bound     : 413.000000
Time      : 122.925
[runlim] end:			Wed Sep  2 03:57:44 2026
[runlim] status:		ok
[runlim] result:		0
[runlim] children:		1
[runlim] processes:		2
[runlim] real:			123.92 seconds
[runlim] time:			243.56 seconds
[runlim] space:			324 MB
[runlim] load:			2.04 maximum
[runlim] samples:		1240
