[runlim] version:		2.0.0rc12
[runlim] host:			fjssp-instance1
[runlim] time limit:		311040000 seconds
[runlim] real time limit:	3600 seconds
[runlim] space limit:		14000 MB
[runlim] argv[0]:		python3
[runlim] argv[1]:		-u
[runlim] argv[2]:		mip.py
[runlim] argv[3]:		--input
[runlim] argv[4]:		datasets/rdata/la12.txt
[runlim] argv[5]:		--factories
[runlim] argv[6]:		3
[runlim] start:			Wed Sep  2 03:57:44 2026
[runlim] child:			6949
======================================================================
INSTANCE
======================================================================
File       : datasets/rdata/la12.txt
Operations : 100
Jobs       : 20
Machines   : 5
Factories  : 3
Edges      : 80

======================================================================
GREEDY HEURISTIC
======================================================================
Greedy UB   : 520
Greedy time : 0.000325 sec

======================================================================
MODEL 1 PARAMETERS
======================================================================
Greedy UB = 520
First operations = 20
Last operations  = 20

Adding greedy MIP start...

======================================================================
MODEL STATISTICS
======================================================================
Variables    : 12398
Constraints : 23735
Greedy UB   : 520

======================================================================
START CPLEX
======================================================================
Version identifier: 22.2.0.0 | 2026-05-04 | 5dff98e58
CPXPARAM_Read_DataCheck                          1
1 of 1 MIP starts provided solutions.
MIP start 'm1' defined initial solution with objective 520.0000.
Tried aggregator 2 times.
MIP Presolve eliminated 20 rows and 0 columns.
MIP Presolve modified 3063 coefficients.
Aggregator did 99 substitutions.
Reduced MIP has 23616 rows, 12299 columns, and 118532 nonzeros.
Reduced MIP has 12198 binaries, 0 generals, 0 SOSs, and 0 indicators.
Presolve time = 0.05 sec. (92.38 ticks)
Probing time = 0.03 sec. (11.80 ticks)
Cover probing fixed 0 vars, tightened 109 bounds.
Tried aggregator 1 time.
Detecting symmetries...
MIP Presolve modified 80811 coefficients.
Reduced MIP has 23616 rows, 12299 columns, and 118430 nonzeros.
Reduced MIP has 12198 binaries, 0 generals, 0 SOSs, and 0 indicators.
Presolve time = 0.07 sec. (83.03 ticks)
Probing time = 0.01 sec. (9.53 ticks)
Clique table members: 3006.
MIP emphasis: balance optimality and feasibility.
MIP search method: dynamic search.
Parallel mode: deterministic, using up to 2 threads.
Root relaxation solution time = 0.09 sec. (160.14 ticks)

        Nodes                                         Cuts/
   Node  Left     Objective  IInf  Best Integer    Best Bound    ItCnt     Gap

*     0+    0                          520.0000      255.0000            50.96%
      0     0      408.0000   188      520.0000      408.0000      396   21.54%
*     0+    0                          460.0000      408.0000            11.30%
      0     0      408.0000    83      460.0000      Cuts: 42      465   11.30%
      0     0      408.0000   111      460.0000     Cuts: 203      614   11.30%
*     0+    0                          445.0000      408.0000             8.31%
      0     0      408.0000    73      445.0000      Cuts: 53      706    8.31%
      0     0      408.0000    78      445.0000      Cuts: 87      813    8.31%
      0     2      408.0000    49      445.0000      408.0000      848    8.31%
Elapsed time = 4.01 sec. (9255.18 ticks, tree = 0.02 MB, solutions = 3)
     15    16      408.0000    55      445.0000      408.0000     1152    8.31%
     45    39      408.0000    43      445.0000      408.0000     1579    8.31%
     80    72      408.0000    33      445.0000      408.0000     1783    8.31%
    105    87      408.0000    41      445.0000      408.0000     1964    8.31%
    140   128      419.0000    26      445.0000      408.0000     2331    8.31%
    189   151      408.0000    38      445.0000      408.0000     2473    8.31%
    221   200      408.0000    33      445.0000      408.0000     2775    8.31%
    260   217      422.0000    20      445.0000      408.0000     2954    8.31%
    311   283      408.0000    36      445.0000      408.0000     3305    8.31%
*   333+  261                          439.0000      408.0000             7.06%
    475   380      408.0000    19      439.0000      408.0000     4141    7.06%
Elapsed time = 5.25 sec. (12478.34 ticks, tree = 2.37 MB, solutions = 4)
    655   541      429.0000    22      439.0000      408.0000     5033    7.06%
*   740+  587                          437.0000      408.0000             6.64%
*   743+  589                          437.0000      408.0000             6.64%
    841   640      431.0000    22      437.0000      408.0000     6113    6.64%
*   879+  631                          431.0000      408.0000             5.34%
   1040   663      428.0000    28      431.0000      408.0000     7192    5.34%
*  1080+  700                          429.0000      408.0000             4.90%
   1212   752      419.0000    16      429.0000      408.0000     7945    4.90%
   1401   888      419.0000    20      429.0000      408.0000     9164    4.90%
   1615  1019      419.0000    33      429.0000      408.0000    10263    4.90%
*  1636+ 1036                          427.0000      408.0000             4.45%

Performing restart 1

Repeating presolve.
Tried aggregator 2 times.
MIP Presolve eliminated 1941 rows and 995 columns.
MIP Presolve modified 135544 coefficients.
Aggregator did 3 substitutions.
Reduced MIP has 21672 rows, 11301 columns, and 108071 nonzeros.
Reduced MIP has 11200 binaries, 0 generals, 0 SOSs, and 0 indicators.
Presolve time = 0.09 sec. (160.33 ticks)
Tried aggregator 1 time.
MIP Presolve eliminated 18 rows and 9 columns.
MIP Presolve modified 113888 coefficients.
Reduced MIP has 21654 rows, 11292 columns, and 107948 nonzeros.
Reduced MIP has 11191 binaries, 0 generals, 0 SOSs, and 0 indicators.
Presolve time = 0.07 sec. (87.46 ticks)
Represolve time = 0.25 sec. (313.96 ticks)
[runlim] sample:		18.11 time, 10.02 real, 283 MB, 1.93 load
   1662     0      408.0000    52      427.0000     Cuts: 177    11055    4.45%
   1662     0      408.0000   110      427.0000     Cuts: 718    11405    4.45%
   1662     0      408.0000    67      427.0000      Cuts: 72    11489    4.45%
   1662     0      408.0000    90      427.0000     Cuts: 252    11609    4.45%
   1662     0      408.0000    83      427.0000     Cuts: 100    11735    4.45%
   1662     0      408.0000   101      427.0000     Cuts: 443    11874    4.45%
   1662     0      408.0000    47      427.0000     Cuts: 105    11957    4.45%
   1662     0      408.0000    74      427.0000     Cuts: 188    12089    4.45%
[runlim] sample:		37.91 time, 20.02 real, 294 MB, 1.94 load
   1662     2      408.0000    35      427.0000      408.0000    12089    4.45%
   1677    17      408.0000    51      427.0000      408.0000    12561    4.45%
   1695    27      408.0000    48      427.0000      408.0000    12805    4.45%
   1709    40      408.0000    58      427.0000      408.0000    13440    4.45%
Elapsed time = 21.10 sec. (43228.19 ticks, tree = 0.32 MB, solutions = 10)
   1724    50      408.0000    56      427.0000      408.0000    13765    4.45%
*  1745+   61                          424.0000      408.0000             3.77%
   1757    76      408.0000    51      424.0000      408.0000    14165    3.77%
   1784    98      411.0000    43      424.0000      408.0000    14675    3.77%
   1837   139      411.0000    38      424.0000      408.0000    15403    3.77%
*  1840+  126                          422.0000      408.0000             3.32%
   1904   194      409.0000    33      422.0000      408.0000    15982    3.32%
   1984   215      408.0000    26      422.0000      408.0000    16564    3.32%
   2059   294      408.0000    32      422.0000      408.0000    17700    3.32%
   2152   387      413.0000    48      422.0000      408.0000    19170    3.32%
   2254   469      408.0000    35      422.0000      408.0000    20517    3.32%
*  2320+  501                          421.0000      408.0000             3.09%
*  2321+  501                          420.0000      408.0000             2.86%
   2336   536      418.0000    39      420.0000      408.0000    21852    2.86%
Elapsed time = 24.78 sec. (53023.61 ticks, tree = 3.76 MB, solutions = 14)
*  2410+  565                          419.0000      408.0000             2.63%
   2428   593        cutoff            419.0000      408.0000    22658    2.63%
   2530   668      408.0000    49      419.0000      408.0000    23866    2.63%
*  2554+  664                          414.0000      408.0000             1.45%
   2621   601      408.0000    30      414.0000      408.0000    24950    1.45%
*  2656+  580                          408.0000      408.0000             0.00%

GUB cover cuts applied:  2
Cover cuts applied:  4
Flow cuts applied:  2
Mixed integer rounding cuts applied:  10
Gomory fractional cuts applied:  6

Root node processing (before b&c):
  Real time             =    3.99 sec. (9220.44 ticks)
Parallel b&c, 2 threads:
  Real time             =   22.34 sec. (47547.62 ticks)
  Sync time (average)   =    0.71 sec.
  Wait time (average)   =    0.00 sec.
                          ------------
Total (root+branch&cut) =   26.34 sec. (56768.07 ticks)

======================================================================
RESULT
======================================================================
Status     : integer optimal solution
Time       : 26.351
Makespan   : 408.000000
Best bound : 408.000000
Gap        : 0.0000%

======================================================================
FINAL SUMMARY
======================================================================
Greedy UB : 520
CPLEX     : 408.000000
Bound     : 408.000000
Time      : 26.351
[runlim] end:			Wed Sep  2 03:58:11 2026
[runlim] status:		ok
[runlim] result:		0
[runlim] children:		1
[runlim] processes:		2
[runlim] real:			27.32 seconds
[runlim] time:			52.10 seconds
[runlim] space:			298 MB
[runlim] load:			2.01 maximum
[runlim] samples:		274
