[runlim] version:		2.0.0rc12
[runlim] host:			fjssp-instance1
[runlim] time limit:		311040000 seconds
[runlim] real time limit:	3600 seconds
[runlim] space limit:		14000 MB
[runlim] argv[0]:		python3
[runlim] argv[1]:		-u
[runlim] argv[2]:		mip.py
[runlim] argv[3]:		--input
[runlim] argv[4]:		datasets/rdata/la18.txt
[runlim] argv[5]:		--factories
[runlim] argv[6]:		3
[runlim] start:			Wed Sep  2 05:04:01 2026
[runlim] child:			8353
======================================================================
INSTANCE
======================================================================
File       : datasets/rdata/la18.txt
Operations : 100
Jobs       : 10
Machines   : 10
Factories  : 3
Edges      : 90

======================================================================
GREEDY HEURISTIC
======================================================================
Greedy UB   : 663
Greedy time : 0.000294 sec

======================================================================
MODEL 1 PARAMETERS
======================================================================
Greedy UB = 663
First operations = 10
Last operations  = 10

Adding greedy MIP start...

======================================================================
MODEL STATISTICS
======================================================================
Variables    : 6506
Constraints : 12006
Greedy UB   : 663

======================================================================
START CPLEX
======================================================================
Version identifier: 22.2.0.0 | 2026-05-04 | 5dff98e58
CPXPARAM_Read_DataCheck                          1
1 of 1 MIP starts provided solutions.
MIP start 'm1' defined initial solution with objective 663.0000.
Tried aggregator 2 times.
MIP Presolve eliminated 10 rows and 0 columns.
MIP Presolve modified 933 coefficients.
Aggregator did 93 substitutions.
Reduced MIP has 11903 rows, 6413 columns, and 59924 nonzeros.
Reduced MIP has 6312 binaries, 0 generals, 0 SOSs, and 0 indicators.
Presolve time = 0.03 sec. (48.36 ticks)
Probing time = 0.02 sec. (9.65 ticks)
Cover probing fixed 0 vars, tightened 136 bounds.
Tried aggregator 1 time.
Detecting symmetries...
MIP Presolve eliminated 3 rows and 3 columns.
MIP Presolve modified 49005 coefficients.
Reduced MIP has 11900 rows, 6410 columns, and 59747 nonzeros.
Reduced MIP has 6309 binaries, 0 generals, 0 SOSs, and 0 indicators.
Presolve time = 0.04 sec. (48.90 ticks)
Probing time = 0.01 sec. (7.78 ticks)
Clique table members: 4504.
MIP emphasis: balance optimality and feasibility.
MIP search method: dynamic search.
Parallel mode: deterministic, using up to 2 threads.
Root relaxation solution time = 0.01 sec. (25.13 ticks)

        Nodes                                         Cuts/
   Node  Left     Objective  IInf  Best Integer    Best Bound    ItCnt     Gap

*     0+    0                          663.0000      368.0000            44.49%
      0     0        cutoff            663.0000                    146    0.00%

Root node processing (before b&c):
  Real time             =    0.14 sec. (173.59 ticks)
Parallel b&c, 2 threads:
  Real time             =    0.00 sec. (0.00 ticks)
  Sync time (average)   =    0.00 sec.
  Wait time (average)   =    0.00 sec.
                          ------------
Total (root+branch&cut) =    0.14 sec. (173.59 ticks)

======================================================================
RESULT
======================================================================
Status     : integer optimal solution
Time       : 0.145
Makespan   : 663.000000
Best bound : 663.000000
Gap        : 0.0000%

======================================================================
FINAL SUMMARY
======================================================================
Greedy UB : 663
CPLEX     : 663.000000
Bound     : 663.000000
Time      : 0.145
[runlim] end:			Wed Sep  2 05:04:02 2026
[runlim] status:		ok
[runlim] result:		0
[runlim] children:		1
[runlim] processes:		2
[runlim] real:			0.68 seconds
[runlim] time:			0.59 seconds
[runlim] space:			92 MB
[runlim] load:			2.12 maximum
[runlim] samples:		7
