[runlim] version:		2.0.0rc12
[runlim] host:			fjssp-instance1
[runlim] time limit:		311040000 seconds
[runlim] real time limit:	3600 seconds
[runlim] space limit:		14000 MB
[runlim] argv[0]:		python3
[runlim] argv[1]:		-u
[runlim] argv[2]:		mip.py
[runlim] argv[3]:		--input
[runlim] argv[4]:		datasets/rdata/mt06.txt
[runlim] argv[5]:		--factories
[runlim] argv[6]:		3
[runlim] start:			Wed Sep  2 05:04:04 2026
[runlim] child:			8373
======================================================================
INSTANCE
======================================================================
File       : datasets/rdata/mt06.txt
Operations : 36
Jobs       : 6
Machines   : 6
Factories  : 3
Edges      : 30

======================================================================
GREEDY HEURISTIC
======================================================================
Greedy UB   : 48
Greedy time : 0.000129 sec

======================================================================
MODEL 1 PARAMETERS
======================================================================
Greedy UB = 48
First operations = 6
Last operations  = 6

Adding greedy MIP start...

======================================================================
MODEL STATISTICS
======================================================================
Variables    : 1609
Constraints : 2838
Greedy UB   : 48

======================================================================
START CPLEX
======================================================================
Version identifier: 22.2.0.0 | 2026-05-04 | 5dff98e58
CPXPARAM_Read_DataCheck                          1
1 of 1 MIP starts provided solutions.
MIP start 'm1' defined initial solution with objective 48.0000.
Tried aggregator 2 times.
MIP Presolve eliminated 12 rows and 3 columns.
MIP Presolve modified 9330 coefficients.
Aggregator did 33 substitutions.
Reduced MIP has 2793 rows, 1573 columns, and 14034 nonzeros.
Reduced MIP has 1536 binaries, 0 generals, 0 SOSs, and 0 indicators.
Presolve time = 0.01 sec. (13.15 ticks)
Probing time = 0.01 sec. (4.60 ticks)
Tried aggregator 1 time.
Detecting symmetries...
Reduced MIP has 2793 rows, 1573 columns, and 14034 nonzeros.
Reduced MIP has 1536 binaries, 0 generals, 0 SOSs, and 0 indicators.
Presolve time = 0.01 sec. (8.79 ticks)
Probing time = 0.00 sec. (4.50 ticks)
Clique table members: 2640.
MIP emphasis: balance optimality and feasibility.
MIP search method: dynamic search.
Parallel mode: deterministic, using up to 2 threads.
Root relaxation solution time = 0.00 sec. (7.18 ticks)

        Nodes                                         Cuts/
   Node  Left     Objective  IInf  Best Integer    Best Bound    ItCnt     Gap

*     0+    0                           48.0000       27.0000            43.75%
      0     0       47.0000    17       48.0000       47.0000       76    2.08%
*     0+    0                           47.0000       47.0000             0.00%
      0     0        cutoff             47.0000       47.0000       76    0.00%
Elapsed time = 0.05 sec. (54.93 ticks, tree = 0.01 MB, solutions = 2)

Root node processing (before b&c):
  Real time             =    0.05 sec. (55.06 ticks)
Parallel b&c, 2 threads:
  Real time             =    0.00 sec. (0.00 ticks)
  Sync time (average)   =    0.00 sec.
  Wait time (average)   =    0.00 sec.
                          ------------
Total (root+branch&cut) =    0.05 sec. (55.06 ticks)

======================================================================
RESULT
======================================================================
Status     : integer optimal solution
Time       : 0.050
Makespan   : 47.000000
Best bound : 47.000000
Gap        : 0.0000%

======================================================================
FINAL SUMMARY
======================================================================
Greedy UB : 48
CPLEX     : 47.000000
Bound     : 47.000000
Time      : 0.050
[runlim] end:			Wed Sep  2 05:04:04 2026
[runlim] status:		ok
[runlim] result:		0
[runlim] children:		1
[runlim] processes:		2
[runlim] real:			0.25 seconds
[runlim] time:			0.20 seconds
[runlim] space:			53 MB
[runlim] load:			2.12 maximum
[runlim] samples:		3
