[runlim] version:		2.0.0rc12
[runlim] host:			fjssp-instance
[runlim] time limit:		311040000 seconds
[runlim] real time limit:	3600 seconds
[runlim] space limit:		14000 MB
[runlim] argv[0]:		python3
[runlim] argv[1]:		-u
[runlim] argv[2]:		main.py
[runlim] argv[3]:		--input
[runlim] argv[4]:		datasets/brandimarte/MK09
[runlim] argv[5]:		--sb
[runlim] argv[6]:		--factories
[runlim] argv[7]:		2
[runlim] argv[8]:		--full_transitive
[runlim] start:			Tue Aug 25 18:44:22 2026
[runlim] child:			7194
[*] Loading data from file: datasets/brandimarte/MK09
[*] Running D-FJSSP SAT Solver with 2 factories, Symmetry Breaking = ON, Transitive E* = FULL
===========================================================================
 D-FJSSP SAT SOLVER - PARALLEL FACTORIES SCHEDULING
===========================================================================
  -> Operations: 240 | Jobs: 20 | Machines: 10 | Factories: 2

[*] Running Greedy Heuristic...
  -> Greedy Solution: Makespan = 238 (0.0006s)

[*] Initializing and solving the SAT model...
------------------------------------------------------------------
[*] Trying with Upper Bound = 238...
  SAT ! Makespan = 238
  Schedule is valid with Makespan = 238
  Total time: 3.2786 seconds
------------------------------------------------------------------
[*] Trying with Upper Bound = 237...
  SAT ! Makespan = 237
  Schedule is valid with Makespan = 237
  Total time: 3.3094 seconds
------------------------------------------------------------------
[*] Trying with Upper Bound = 236...
  SAT ! Makespan = 236
  Schedule is valid with Makespan = 236
  Total time: 3.3427 seconds
------------------------------------------------------------------
[*] Trying with Upper Bound = 235...
  SAT ! Makespan = 235
  Schedule is valid with Makespan = 235
  Total time: 3.3846 seconds
------------------------------------------------------------------
[*] Trying with Upper Bound = 234...
  SAT ! Makespan = 234
  Schedule is valid with Makespan = 234
  Total time: 3.4048 seconds
------------------------------------------------------------------
[*] Trying with Upper Bound = 233...
  SAT ! Makespan = 233
  Schedule is valid with Makespan = 233
  Total time: 3.7340 seconds
------------------------------------------------------------------
[*] Trying with Upper Bound = 232...
  SAT ! Makespan = 232
  Schedule is valid with Makespan = 232
  Total time: 3.7631 seconds
------------------------------------------------------------------
[*] Trying with Upper Bound = 231...
  SAT ! Makespan = 231
  Schedule is valid with Makespan = 231
  Total time: 3.7850 seconds
------------------------------------------------------------------
[*] Trying with Upper Bound = 230...
  SAT ! Makespan = 230
  Schedule is valid with Makespan = 230
  Total time: 3.8077 seconds
------------------------------------------------------------------
[*] Trying with Upper Bound = 229...
  SAT ! Makespan = 229
  Schedule is valid with Makespan = 229
  Total time: 3.8268 seconds
------------------------------------------------------------------
[*] Trying with Upper Bound = 228...
  SAT ! Makespan = 228
  Schedule is valid with Makespan = 228
  Total time: 3.8452 seconds
------------------------------------------------------------------
[*] Trying with Upper Bound = 227...
  SAT ! Makespan = 227
  Schedule is valid with Makespan = 227
  Total time: 3.9763 seconds
------------------------------------------------------------------
[*] Trying with Upper Bound = 226...
  SAT ! Makespan = 226
  Schedule is valid with Makespan = 226
  Total time: 4.0613 seconds
------------------------------------------------------------------
[*] Trying with Upper Bound = 225...
  SAT ! Makespan = 225
  Schedule is valid with Makespan = 225
  Total time: 5.4021 seconds
------------------------------------------------------------------
[*] Trying with Upper Bound = 224...
  SAT ! Makespan = 224
  Schedule is valid with Makespan = 224
  Total time: 5.6469 seconds
------------------------------------------------------------------
[*] Trying with Upper Bound = 223...
  SAT ! Makespan = 223
  Schedule is valid with Makespan = 223
  Total time: 5.6683 seconds
------------------------------------------------------------------
[*] Trying with Upper Bound = 222...
  SAT ! Makespan = 222
  Schedule is valid with Makespan = 222
  Total time: 5.9483 seconds
------------------------------------------------------------------
[*] Trying with Upper Bound = 221...
  SAT ! Makespan = 221
  Schedule is valid with Makespan = 221
  Total time: 6.0181 seconds
------------------------------------------------------------------
[*] Trying with Upper Bound = 220...
  SAT ! Makespan = 220
  Schedule is valid with Makespan = 220
  Total time: 6.2122 seconds
------------------------------------------------------------------
[*] Trying with Upper Bound = 219...
[runlim] sample:		10.00 time, 10.01 real, 495 MB, 0.97 load
  SAT ! Makespan = 219
  Schedule is valid with Makespan = 219
  Total time: 10.5729 seconds
------------------------------------------------------------------
[*] Trying with Upper Bound = 218...
  SAT ! Makespan = 218
  Schedule is valid with Makespan = 218
  Total time: 10.7878 seconds
------------------------------------------------------------------
[*] Trying with Upper Bound = 217...
  SAT ! Makespan = 217
  Schedule is valid with Makespan = 217
  Total time: 11.1351 seconds
------------------------------------------------------------------
[*] Trying with Upper Bound = 216...
  SAT ! Makespan = 216
  Schedule is valid with Makespan = 216
  Total time: 12.1335 seconds
------------------------------------------------------------------
[*] Trying with Upper Bound = 215...
  SAT ! Makespan = 215
  Schedule is valid with Makespan = 215
  Total time: 12.1876 seconds
------------------------------------------------------------------
[*] Trying with Upper Bound = 214...
  SAT ! Makespan = 214
  Schedule is valid with Makespan = 214
  Total time: 12.2365 seconds
------------------------------------------------------------------
[*] Trying with Upper Bound = 213...
  SAT ! Makespan = 213
  Schedule is valid with Makespan = 213
  Total time: 12.9483 seconds
------------------------------------------------------------------
[*] Trying with Upper Bound = 212...
  SAT ! Makespan = 212
  Schedule is valid with Makespan = 212
  Total time: 12.9711 seconds
------------------------------------------------------------------
[*] Trying with Upper Bound = 211...
  SAT ! Makespan = 211
  Schedule is valid with Makespan = 211
  Total time: 13.1533 seconds
------------------------------------------------------------------
[*] Trying with Upper Bound = 210...
  SAT ! Makespan = 210
  Schedule is valid with Makespan = 210
  Total time: 13.1768 seconds
------------------------------------------------------------------
[*] Trying with Upper Bound = 209...
  SAT ! Makespan = 209
  Schedule is valid with Makespan = 209
  Total time: 13.1913 seconds
------------------------------------------------------------------
[*] Trying with Upper Bound = 208...
  SAT ! Makespan = 208
  Schedule is valid with Makespan = 208
  Total time: 13.6251 seconds
------------------------------------------------------------------
[*] Trying with Upper Bound = 207...
  SAT ! Makespan = 207
  Schedule is valid with Makespan = 207
  Total time: 17.1213 seconds
------------------------------------------------------------------
[*] Trying with Upper Bound = 206...
  SAT ! Makespan = 206
  Schedule is valid with Makespan = 206
  Total time: 17.3887 seconds
------------------------------------------------------------------
[*] Trying with Upper Bound = 205...
  SAT ! Makespan = 205
  Schedule is valid with Makespan = 205
  Total time: 17.8520 seconds
------------------------------------------------------------------
[*] Trying with Upper Bound = 204...
  SAT ! Makespan = 204
  Schedule is valid with Makespan = 204
  Total time: 18.0966 seconds
------------------------------------------------------------------
[*] Trying with Upper Bound = 203...
  SAT ! Makespan = 203
  Schedule is valid with Makespan = 203
  Total time: 18.2744 seconds
------------------------------------------------------------------
[*] Trying with Upper Bound = 202...
  SAT ! Makespan = 202
  Schedule is valid with Makespan = 202
  Total time: 18.4854 seconds
------------------------------------------------------------------
[*] Trying with Upper Bound = 201...
  SAT ! Makespan = 201
  Schedule is valid with Makespan = 201
  Total time: 18.7863 seconds
------------------------------------------------------------------
[*] Trying with Upper Bound = 200...
  SAT ! Makespan = 200
  Schedule is valid with Makespan = 200
  Total time: 18.9518 seconds
------------------------------------------------------------------
[*] Trying with Upper Bound = 199...
  SAT ! Makespan = 199
  Schedule is valid with Makespan = 199
  Total time: 19.1045 seconds
------------------------------------------------------------------
[*] Trying with Upper Bound = 198...
  SAT ! Makespan = 198
  Schedule is valid with Makespan = 198
  Total time: 19.3190 seconds
------------------------------------------------------------------
[*] Trying with Upper Bound = 197...
  SAT ! Makespan = 197
  Schedule is valid with Makespan = 197
  Total time: 19.7614 seconds
------------------------------------------------------------------
[*] Trying with Upper Bound = 196...
[runlim] sample:		19.99 time, 20.01 real, 407 MB, 0.98 load
  SAT ! Makespan = 196
  Schedule is valid with Makespan = 196
  Total time: 20.1208 seconds
------------------------------------------------------------------
[*] Trying with Upper Bound = 195...
  SAT ! Makespan = 195
  Schedule is valid with Makespan = 195
  Total time: 20.2792 seconds
------------------------------------------------------------------
[*] Trying with Upper Bound = 194...
  SAT ! Makespan = 194
  Schedule is valid with Makespan = 194
  Total time: 21.2126 seconds
------------------------------------------------------------------
[*] Trying with Upper Bound = 193...
  SAT ! Makespan = 193
  Schedule is valid with Makespan = 193
  Total time: 23.4653 seconds
------------------------------------------------------------------
[*] Trying with Upper Bound = 192...
  SAT ! Makespan = 192
  Schedule is valid with Makespan = 192
  Total time: 23.8721 seconds
------------------------------------------------------------------
[*] Trying with Upper Bound = 191...
  SAT ! Makespan = 191
  Schedule is valid with Makespan = 191
  Total time: 24.2809 seconds
------------------------------------------------------------------
[*] Trying with Upper Bound = 190...
  SAT ! Makespan = 190
  Schedule is valid with Makespan = 190
  Total time: 24.5524 seconds
------------------------------------------------------------------
[*] Trying with Upper Bound = 189...
  SAT ! Makespan = 189
  Schedule is valid with Makespan = 189
  Total time: 25.0611 seconds
------------------------------------------------------------------
[*] Trying with Upper Bound = 188...
  SAT ! Makespan = 188
  Schedule is valid with Makespan = 188
  Total time: 25.9194 seconds
------------------------------------------------------------------
[*] Trying with Upper Bound = 187...
  SAT ! Makespan = 187
  Schedule is valid with Makespan = 187
  Total time: 26.2577 seconds
------------------------------------------------------------------
[*] Trying with Upper Bound = 186...
  SAT ! Makespan = 186
  Schedule is valid with Makespan = 186
  Total time: 26.4337 seconds
------------------------------------------------------------------
[*] Trying with Upper Bound = 185...
  SAT ! Makespan = 185
  Schedule is valid with Makespan = 185
  Total time: 26.9896 seconds
------------------------------------------------------------------
[*] Trying with Upper Bound = 184...
  SAT ! Makespan = 184
  Schedule is valid with Makespan = 184
  Total time: 28.3040 seconds
------------------------------------------------------------------
[*] Trying with Upper Bound = 183...
  SAT ! Makespan = 183
  Schedule is valid with Makespan = 183
  Total time: 29.5583 seconds
------------------------------------------------------------------
[*] Trying with Upper Bound = 182...
  SAT ! Makespan = 182
  Schedule is valid with Makespan = 182
  Total time: 29.7716 seconds
------------------------------------------------------------------
[*] Trying with Upper Bound = 181...
[runlim] sample:		29.99 time, 30.01 real, 340 MB, 0.98 load
  SAT ! Makespan = 181
  Schedule is valid with Makespan = 181
  Total time: 30.0046 seconds
------------------------------------------------------------------
[*] Trying with Upper Bound = 180...
  SAT ! Makespan = 180
  Schedule is valid with Makespan = 180
  Total time: 30.6909 seconds
------------------------------------------------------------------
[*] Trying with Upper Bound = 179...
  SAT ! Makespan = 179
  Schedule is valid with Makespan = 179
  Total time: 33.6822 seconds
------------------------------------------------------------------
[*] Trying with Upper Bound = 178...
  SAT ! Makespan = 178
  Schedule is valid with Makespan = 178
  Total time: 36.1079 seconds
------------------------------------------------------------------
[*] Trying with Upper Bound = 177...
  SAT ! Makespan = 177
  Schedule is valid with Makespan = 177
  Total time: 37.2779 seconds
------------------------------------------------------------------
[*] Trying with Upper Bound = 176...
  SAT ! Makespan = 176
  Schedule is valid with Makespan = 176
  Total time: 38.2889 seconds
------------------------------------------------------------------
[*] Trying with Upper Bound = 175...
[runlim] sample:		39.99 time, 40.01 real, 332 MB, 0.98 load
  SAT ! Makespan = 175
  Schedule is valid with Makespan = 175
  Total time: 41.6967 seconds
------------------------------------------------------------------
[*] Trying with Upper Bound = 174...
  SAT ! Makespan = 174
  Schedule is valid with Makespan = 174
  Total time: 44.3842 seconds
------------------------------------------------------------------
[*] Trying with Upper Bound = 173...
  SAT ! Makespan = 173
  Schedule is valid with Makespan = 173
  Total time: 48.1356 seconds
------------------------------------------------------------------
[*] Trying with Upper Bound = 172...
  SAT ! Makespan = 172
  Schedule is valid with Makespan = 172
  Total time: 48.4276 seconds
------------------------------------------------------------------
[*] Trying with Upper Bound = 171...
  SAT ! Makespan = 171
  Schedule is valid with Makespan = 171
  Total time: 48.7091 seconds
------------------------------------------------------------------
[*] Trying with Upper Bound = 170...
  SAT ! Makespan = 170
  Schedule is valid with Makespan = 170
  Total time: 49.8851 seconds
------------------------------------------------------------------
[*] Trying with Upper Bound = 169...
   UNSAT

 Optimal Makespan = 170

 Summary:
  - Optimal Makespan   : 170
  - Greedy Time        : 0.0006s
  - SAT Time           : 49.8917s
  - Total Time         : 49.8944s
  - Schedule Status    : VALID
===========================================================================
[runlim] sample:		49.89 time, 49.94 real, 0 MB, 0.99 load
[runlim] end:			Tue Aug 25 18:45:12 2026
[runlim] status:		ok
[runlim] result:		0
[runlim] children:		1
[runlim] processes:		2
[runlim] real:			49.94 seconds
[runlim] time:			49.89 seconds
[runlim] space:			685 MB
[runlim] load:			0.99 maximum
[runlim] samples:		500
