[runlim] version:		2.0.0rc12
[runlim] host:			fjssp-instance
[runlim] time limit:		311040000 seconds
[runlim] real time limit:	3600 seconds
[runlim] space limit:		14000 MB
[runlim] argv[0]:		python3
[runlim] argv[1]:		-u
[runlim] argv[2]:		cp.py
[runlim] argv[3]:		--input
[runlim] argv[4]:		datasets/rdata/la10.txt
[runlim] argv[5]:		--factories
[runlim] argv[6]:		4
[runlim] start:			Wed Sep  2 01:57:46 2026
[runlim] child:			3572
[*] Loading: datasets/rdata/la10.txt
======================================================================
DFJSP CP MODEL - MENG ET AL. (2020)
======================================================================
Operations : 75
Jobs       : 15
Machines   : 5
Factories  : 4
Horizon    : 4020

[*] Starting CP Optimizer...
 ! --------------------------------------------------- CP Optimizer 22.2.0.0 --
 ! Minimization problem - 683 variables, 395 constraints
 ! Presolve      : 8 extractables eliminated
 ! LogVerbosity         = Terse
 ! Initial process time : 0.02s (0.02s extraction + 0.00s propagation)
 !  . Log search space  : 680.9 (before), 680.9 (after)
 !  . Memory usage      : 3.2 MB (before), 3.2 MB (after)
 ! Using parallel search with 2 workers.
 ! ----------------------------------------------------------------------------
 !          Best Branches  Non-fixed    W       Branch decision
                        0        683                 -
 + New bound is 443
 *           622      246  0.04s        1      (gap is 28.78%)
 *           583      561  0.04s        1      (gap is 24.01%)
 *           574      711  0.04s        1      (gap is 22.82%)
 *           547      861  0.04s        1      (gap is 19.01%)
 *           530     1011  0.04s        1      (gap is 16.42%)
 *           516     1161  0.04s        1      (gap is 14.15%)
 *           513     1311  0.04s        1      (gap is 13.65%)
 *           501     1541  0.04s        1      (gap is 11.58%)
 *           475     1691  0.04s        1      (gap is 6.74%)
 *           443     1870  0.04s        1      (gap is 0.00%)
 ! ----------------------------------------------------------------------------
 ! Search completed, 10 solutions found.
 ! Best objective         : 443 (optimal - effective tol. is 0)
 ! Best bound             : 443
 ! ----------------------------------------------------------------------------
 ! Number of branches     : 3513
 ! Number of fails        : 13
 ! Total memory usage     : 13.2 MB (12.9 MB CP Optimizer + 0.3 MB Concert)
 ! Time spent in solve    : 0.04s (0.03s engine + 0.02s extraction)
 ! Search speed (br. / s) : 117100.0
 ! ----------------------------------------------------------------------------

======================================================================
SOLUTION FOUND
======================================================================
Makespan : 443
Time     : 0.0588 seconds

[*] Verifying solution...
[✓] Schedule is VALID

======================================================================
FINAL RESULT
======================================================================
Makespan : 443
Status    : VALID
[runlim] end:			Wed Sep  2 01:57:46 2026
[runlim] status:		ok
[runlim] result:		0
[runlim] children:		2
[runlim] processes:		3
[runlim] real:			0.14 seconds
[runlim] time:			0.11 seconds
[runlim] space:			62 MB
[runlim] load:			1.88 maximum
[runlim] samples:		2
