[runlim] version:		2.0.0rc12
[runlim] host:			fjssp-instance
[runlim] time limit:		311040000 seconds
[runlim] real time limit:	3600 seconds
[runlim] space limit:		14000 MB
[runlim] argv[0]:		python3
[runlim] argv[1]:		-u
[runlim] argv[2]:		cp.py
[runlim] argv[3]:		--input
[runlim] argv[4]:		datasets/rdata/la18.txt
[runlim] argv[5]:		--factories
[runlim] argv[6]:		4
[runlim] start:			Wed Sep  2 01:57:48 2026
[runlim] child:			3639
[*] Loading: datasets/rdata/la18.txt
======================================================================
DFJSP CP MODEL - MENG ET AL. (2020)
======================================================================
Operations : 100
Jobs       : 10
Machines   : 10
Factories  : 4
Horizon    : 5186

[*] Starting CP Optimizer...
 ! --------------------------------------------------- CP Optimizer 22.2.0.0 --
 ! Minimization problem - 936 variables, 590 constraints
 ! Presolve      : 28 extractables eliminated
 ! LogVerbosity         = Terse
 ! Initial process time : 0.01s (0.01s extraction + 0.00s propagation)
 !  . Log search space  : 950.9 (before), 950.9 (after)
 !  . Memory usage      : 4.2 MB (before), 4.2 MB (after)
 ! Using parallel search with 2 workers.
 ! ----------------------------------------------------------------------------
 !          Best Branches  Non-fixed    W       Branch decision
                        0        936                 -
 + New bound is 663
 *           663      397  0.04s        1      (gap is 0.00%)
 ! ----------------------------------------------------------------------------
 ! Search completed, 1 solution found.
 ! Best objective         : 663 (optimal - effective tol. is 0)
 ! Best bound             : 663
 ! ----------------------------------------------------------------------------
 ! Number of branches     : 1360
 ! Number of fails        : 24
 ! Total memory usage     : 17.4 MB (17.0 MB CP Optimizer + 0.4 MB Concert)
 ! Time spent in solve    : 0.04s (0.03s engine + 0.01s extraction)
 ! Search speed (br. / s) : 68000.0
 ! ----------------------------------------------------------------------------

======================================================================
SOLUTION FOUND
======================================================================
Makespan : 663
Time     : 0.0549 seconds

[*] Verifying solution...
[✓] Schedule is VALID

======================================================================
FINAL RESULT
======================================================================
Makespan : 663
Status    : VALID
[runlim] end:			Wed Sep  2 01:57:48 2026
[runlim] status:		ok
[runlim] result:		0
[runlim] children:		2
[runlim] processes:		3
[runlim] real:			0.13 seconds
[runlim] time:			0.09 seconds
[runlim] space:			66 MB
[runlim] load:			1.88 maximum
[runlim] samples:		2
