[runlim] version:		2.0.0rc12
[runlim] host:			fjssp-instance
[runlim] time limit:		311040000 seconds
[runlim] real time limit:	3600 seconds
[runlim] space limit:		14000 MB
[runlim] argv[0]:		python3
[runlim] argv[1]:		-u
[runlim] argv[2]:		cp.py
[runlim] argv[3]:		--input
[runlim] argv[4]:		datasets/rdata/la20.txt
[runlim] argv[5]:		--factories
[runlim] argv[6]:		4
[runlim] start:			Wed Sep  2 01:57:48 2026
[runlim] child:			3655
[*] Loading: datasets/rdata/la20.txt
======================================================================
DFJSP CP MODEL - MENG ET AL. (2020)
======================================================================
Operations : 100
Jobs       : 10
Machines   : 10
Factories  : 4
Horizon    : 5445

[*] Starting CP Optimizer...
 ! --------------------------------------------------- CP Optimizer 22.2.0.0 --
 ! Minimization problem - 936 variables, 590 constraints
 ! Presolve      : 40 extractables eliminated
 ! LogVerbosity         = Terse
 ! Initial process time : 0.02s (0.02s extraction + 0.00s propagation)
 !  . Log search space  : 949.7 (before), 949.7 (after)
 !  . Memory usage      : 4.2 MB (before), 4.2 MB (after)
 ! Using parallel search with 2 workers.
 ! ----------------------------------------------------------------------------
 !          Best Branches  Non-fixed    W       Branch decision
                        0        936                 -
 + New bound is 756
 *           869      282  0.04s        1      (gap is 13.00%)
 *           858      645  0.04s        1      (gap is 11.89%)
 *           793      845  0.04s        1      (gap is 4.67%)
 *           791     1045  0.04s        1      (gap is 4.42%)
 *           756     1361  0.04s        1      (gap is 0.00%)
 ! ----------------------------------------------------------------------------
 ! Search completed, 5 solutions found.
 ! Best objective         : 756 (optimal - effective tol. is 0)
 ! Best bound             : 756
 ! ----------------------------------------------------------------------------
 ! Number of branches     : 2102
 ! Number of fails        : 21
 ! Total memory usage     : 17.4 MB (17.0 MB CP Optimizer + 0.4 MB Concert)
 ! Time spent in solve    : 0.04s (0.02s engine + 0.02s extraction)
 ! Search speed (br. / s) : 105100.0
 ! ----------------------------------------------------------------------------

======================================================================
SOLUTION FOUND
======================================================================
Makespan : 756
Time     : 0.0602 seconds

[*] Verifying solution...
[✓] Schedule is VALID

======================================================================
FINAL RESULT
======================================================================
Makespan : 756
Status    : VALID
[runlim] end:			Wed Sep  2 01:57:48 2026
[runlim] status:		ok
[runlim] result:		0
[runlim] children:		2
[runlim] processes:		3
[runlim] real:			0.14 seconds
[runlim] time:			0.10 seconds
[runlim] space:			67 MB
[runlim] load:			1.88 maximum
[runlim] samples:		2
