[runlim] version:		2.0.0rc12
[runlim] host:			fjssp-instance
[runlim] time limit:		311040000 seconds
[runlim] real time limit:	3600 seconds
[runlim] space limit:		14000 MB
[runlim] argv[0]:		python3
[runlim] argv[1]:		-u
[runlim] argv[2]:		main.py
[runlim] argv[3]:		--input
[runlim] argv[4]:		datasets/rdata/la04.txt
[runlim] argv[5]:		--sb
[runlim] argv[6]:		--factories
[runlim] argv[7]:		2
[runlim] start:			Sat Aug 15 20:19:13 2026
[runlim] child:			321340
[*] Loading data from file: datasets/rdata/la04.txt
[*] Running D-FJSSP SAT Solver with 2 factories, Symmetry Breaking = ON, Transitive E* = OFF
===========================================================================
 D-FJSSP SAT SOLVER - PARALLEL FACTORIES SCHEDULING
===========================================================================
  -> Operations: 50 | Jobs: 10 | Machines: 5 | Factories: 2

[*] Running Greedy Heuristic...
  -> Greedy Solution: Makespan = 423 (0.0002s)

[*] Initializing and solving the SAT model...
------------------------------------------------------------------
[*] Trying with Upper Bound = 423...
  SAT ! Makespan = 423
  Schedule is valid with Makespan = 423
  Total time: 0.1690 seconds
------------------------------------------------------------------
[*] Trying with Upper Bound = 422...
  SAT ! Makespan = 422
  Schedule is valid with Makespan = 422
  Total time: 0.1719 seconds
------------------------------------------------------------------
[*] Trying with Upper Bound = 421...
  SAT ! Makespan = 421
  Schedule is valid with Makespan = 421
  Total time: 0.1744 seconds
------------------------------------------------------------------
[*] Trying with Upper Bound = 420...
  SAT ! Makespan = 420
  Schedule is valid with Makespan = 420
  Total time: 0.1768 seconds
------------------------------------------------------------------
[*] Trying with Upper Bound = 419...
  SAT ! Makespan = 419
  Schedule is valid with Makespan = 419
  Total time: 0.1791 seconds
------------------------------------------------------------------
[*] Trying with Upper Bound = 418...
  SAT ! Makespan = 418
  Schedule is valid with Makespan = 418
  Total time: 0.1815 seconds
------------------------------------------------------------------
[*] Trying with Upper Bound = 417...
  SAT ! Makespan = 417
  Schedule is valid with Makespan = 417
  Total time: 0.1838 seconds
------------------------------------------------------------------
[*] Trying with Upper Bound = 416...
  SAT ! Makespan = 416
  Schedule is valid with Makespan = 416
  Total time: 0.1862 seconds
------------------------------------------------------------------
[*] Trying with Upper Bound = 415...
  SAT ! Makespan = 415
  Schedule is valid with Makespan = 415
  Total time: 0.1886 seconds
------------------------------------------------------------------
[*] Trying with Upper Bound = 414...
  SAT ! Makespan = 414
  Schedule is valid with Makespan = 414
  Total time: 0.1911 seconds
------------------------------------------------------------------
[*] Trying with Upper Bound = 413...
  SAT ! Makespan = 413
  Schedule is valid with Makespan = 413
  Total time: 0.1935 seconds
------------------------------------------------------------------
[*] Trying with Upper Bound = 412...
  SAT ! Makespan = 412
  Schedule is valid with Makespan = 412
  Total time: 0.1959 seconds
------------------------------------------------------------------
[*] Trying with Upper Bound = 411...
  SAT ! Makespan = 411
  Schedule is valid with Makespan = 411
  Total time: 0.1983 seconds
------------------------------------------------------------------
[*] Trying with Upper Bound = 410...
  SAT ! Makespan = 410
  Schedule is valid with Makespan = 410
  Total time: 0.2007 seconds
------------------------------------------------------------------
[*] Trying with Upper Bound = 409...
  SAT ! Makespan = 409
  Schedule is valid with Makespan = 409
  Total time: 0.2031 seconds
------------------------------------------------------------------
[*] Trying with Upper Bound = 408...
  SAT ! Makespan = 408
  Schedule is valid with Makespan = 408
  Total time: 0.2233 seconds
------------------------------------------------------------------
[*] Trying with Upper Bound = 407...
  SAT ! Makespan = 407
  Schedule is valid with Makespan = 407
  Total time: 0.2261 seconds
------------------------------------------------------------------
[*] Trying with Upper Bound = 406...
  SAT ! Makespan = 406
  Schedule is valid with Makespan = 406
  Total time: 0.2287 seconds
------------------------------------------------------------------
[*] Trying with Upper Bound = 405...
  SAT ! Makespan = 405
  Schedule is valid with Makespan = 405
  Total time: 0.2312 seconds
------------------------------------------------------------------
[*] Trying with Upper Bound = 404...
  SAT ! Makespan = 404
  Schedule is valid with Makespan = 404
  Total time: 0.2338 seconds
------------------------------------------------------------------
[*] Trying with Upper Bound = 403...
  SAT ! Makespan = 403
  Schedule is valid with Makespan = 403
  Total time: 0.2363 seconds
------------------------------------------------------------------
[*] Trying with Upper Bound = 402...
  SAT ! Makespan = 402
  Schedule is valid with Makespan = 402
  Total time: 0.2389 seconds
------------------------------------------------------------------
[*] Trying with Upper Bound = 401...
  SAT ! Makespan = 401
  Schedule is valid with Makespan = 401
  Total time: 0.2416 seconds
------------------------------------------------------------------
[*] Trying with Upper Bound = 400...
  SAT ! Makespan = 400
  Schedule is valid with Makespan = 400
  Total time: 0.2441 seconds
------------------------------------------------------------------
[*] Trying with Upper Bound = 399...
  SAT ! Makespan = 399
  Schedule is valid with Makespan = 399
  Total time: 0.2467 seconds
------------------------------------------------------------------
[*] Trying with Upper Bound = 398...
  SAT ! Makespan = 398
  Schedule is valid with Makespan = 398
  Total time: 0.2492 seconds
------------------------------------------------------------------
[*] Trying with Upper Bound = 397...
  SAT ! Makespan = 397
  Schedule is valid with Makespan = 397
  Total time: 0.2518 seconds
------------------------------------------------------------------
[*] Trying with Upper Bound = 396...
  SAT ! Makespan = 396
  Schedule is valid with Makespan = 396
  Total time: 0.2543 seconds
------------------------------------------------------------------
[*] Trying with Upper Bound = 395...
  SAT ! Makespan = 395
  Schedule is valid with Makespan = 395
  Total time: 0.2569 seconds
------------------------------------------------------------------
[*] Trying with Upper Bound = 394...
  SAT ! Makespan = 394
  Schedule is valid with Makespan = 394
  Total time: 0.2594 seconds
------------------------------------------------------------------
[*] Trying with Upper Bound = 393...
  SAT ! Makespan = 393
  Schedule is valid with Makespan = 393
  Total time: 0.2620 seconds
------------------------------------------------------------------
[*] Trying with Upper Bound = 392...
  SAT ! Makespan = 392
  Schedule is valid with Makespan = 392
  Total time: 0.2645 seconds
------------------------------------------------------------------
[*] Trying with Upper Bound = 391...
  SAT ! Makespan = 391
  Schedule is valid with Makespan = 391
  Total time: 0.2671 seconds
------------------------------------------------------------------
[*] Trying with Upper Bound = 390...
  SAT ! Makespan = 390
  Schedule is valid with Makespan = 390
  Total time: 0.2695 seconds
------------------------------------------------------------------
[*] Trying with Upper Bound = 389...
  SAT ! Makespan = 389
  Schedule is valid with Makespan = 389
  Total time: 0.2720 seconds
------------------------------------------------------------------
[*] Trying with Upper Bound = 388...
  SAT ! Makespan = 388
  Schedule is valid with Makespan = 388
  Total time: 0.2748 seconds
------------------------------------------------------------------
[*] Trying with Upper Bound = 387...
  SAT ! Makespan = 387
  Schedule is valid with Makespan = 387
  Total time: 0.2772 seconds
------------------------------------------------------------------
[*] Trying with Upper Bound = 386...
  SAT ! Makespan = 386
  Schedule is valid with Makespan = 386
  Total time: 0.2797 seconds
------------------------------------------------------------------
[*] Trying with Upper Bound = 385...
  SAT ! Makespan = 385
  Schedule is valid with Makespan = 385
  Total time: 0.2821 seconds
------------------------------------------------------------------
[*] Trying with Upper Bound = 384...
  SAT ! Makespan = 384
  Schedule is valid with Makespan = 384
  Total time: 0.2847 seconds
------------------------------------------------------------------
[*] Trying with Upper Bound = 383...
  SAT ! Makespan = 383
  Schedule is valid with Makespan = 383
  Total time: 0.2873 seconds
------------------------------------------------------------------
[*] Trying with Upper Bound = 382...
  SAT ! Makespan = 382
  Schedule is valid with Makespan = 382
  Total time: 0.2896 seconds
------------------------------------------------------------------
[*] Trying with Upper Bound = 381...
  SAT ! Makespan = 381
  Schedule is valid with Makespan = 381
  Total time: 0.2920 seconds
------------------------------------------------------------------
[*] Trying with Upper Bound = 380...
  SAT ! Makespan = 380
  Schedule is valid with Makespan = 380
  Total time: 0.2945 seconds
------------------------------------------------------------------
[*] Trying with Upper Bound = 379...
  SAT ! Makespan = 379
  Schedule is valid with Makespan = 379
  Total time: 0.2969 seconds
------------------------------------------------------------------
[*] Trying with Upper Bound = 378...
  SAT ! Makespan = 378
  Schedule is valid with Makespan = 378
  Total time: 0.2995 seconds
------------------------------------------------------------------
[*] Trying with Upper Bound = 377...
  SAT ! Makespan = 377
  Schedule is valid with Makespan = 377
  Total time: 0.3019 seconds
------------------------------------------------------------------
[*] Trying with Upper Bound = 376...
  SAT ! Makespan = 376
  Schedule is valid with Makespan = 376
  Total time: 0.3045 seconds
------------------------------------------------------------------
[*] Trying with Upper Bound = 375...
  SAT ! Makespan = 375
  Schedule is valid with Makespan = 375
  Total time: 0.3070 seconds
------------------------------------------------------------------
[*] Trying with Upper Bound = 374...
  SAT ! Makespan = 374
  Schedule is valid with Makespan = 374
  Total time: 0.3096 seconds
------------------------------------------------------------------
[*] Trying with Upper Bound = 373...
  SAT ! Makespan = 373
  Schedule is valid with Makespan = 373
  Total time: 0.3120 seconds
------------------------------------------------------------------
[*] Trying with Upper Bound = 372...
  SAT ! Makespan = 372
  Schedule is valid with Makespan = 372
  Total time: 0.3144 seconds
------------------------------------------------------------------
[*] Trying with Upper Bound = 371...
  SAT ! Makespan = 371
  Schedule is valid with Makespan = 371
  Total time: 0.3168 seconds
------------------------------------------------------------------
[*] Trying with Upper Bound = 370...
  SAT ! Makespan = 370
  Schedule is valid with Makespan = 370
  Total time: 0.3192 seconds
------------------------------------------------------------------
[*] Trying with Upper Bound = 369...
  SAT ! Makespan = 369
  Schedule is valid with Makespan = 369
  Total time: 0.3216 seconds
------------------------------------------------------------------
[*] Trying with Upper Bound = 368...
   UNSAT

 Optimal Makespan = 369

 Summary:
  - Optimal Makespan   : 369
  - Greedy Time        : 0.0002s
  - SAT Time           : 0.3257s
  - Total Time         : 0.3262s
  - Schedule Status    : VALID
===========================================================================
[runlim] end:			Sat Aug 15 20:19:13 2026
[runlim] status:		ok
[runlim] result:		0
[runlim] children:		1
[runlim] processes:		2
[runlim] real:			0.36 seconds
[runlim] time:			0.30 seconds
[runlim] space:			52 MB
[runlim] load:			1.00 maximum
[runlim] samples:		4
