[runlim] version:		2.0.0rc12
[runlim] host:			fjssp-instance
[runlim] time limit:		311040000 seconds
[runlim] real time limit:	3600 seconds
[runlim] space limit:		14000 MB
[runlim] argv[0]:		python3
[runlim] argv[1]:		-u
[runlim] argv[2]:		main.py
[runlim] argv[3]:		--input
[runlim] argv[4]:		datasets/rdata/la11.txt
[runlim] argv[5]:		--sb
[runlim] argv[6]:		--factories
[runlim] argv[7]:		2
[runlim] start:			Sat Aug 15 20:25:05 2026
[runlim] child:			321455
[*] Loading data from file: datasets/rdata/la11.txt
[*] Running D-FJSSP SAT Solver with 2 factories, Symmetry Breaking = ON, Transitive E* = OFF
===========================================================================
 D-FJSSP SAT SOLVER - PARALLEL FACTORIES SCHEDULING
===========================================================================
  -> Operations: 100 | Jobs: 20 | Machines: 5 | Factories: 2

[*] Running Greedy Heuristic...
  -> Greedy Solution: Makespan = 688 (0.0003s)

[*] Initializing and solving the SAT model...
------------------------------------------------------------------
[*] Trying with Upper Bound = 688...
  SAT ! Makespan = 688
  Schedule is valid with Makespan = 688
  Total time: 2.5552 seconds
------------------------------------------------------------------
[*] Trying with Upper Bound = 687...
  SAT ! Makespan = 687
  Schedule is valid with Makespan = 687
  Total time: 2.5986 seconds
------------------------------------------------------------------
[*] Trying with Upper Bound = 686...
  SAT ! Makespan = 686
  Schedule is valid with Makespan = 686
  Total time: 2.6281 seconds
------------------------------------------------------------------
[*] Trying with Upper Bound = 685...
  SAT ! Makespan = 685
  Schedule is valid with Makespan = 685
  Total time: 2.6447 seconds
------------------------------------------------------------------
[*] Trying with Upper Bound = 684...
  SAT ! Makespan = 684
  Schedule is valid with Makespan = 684
  Total time: 2.6606 seconds
------------------------------------------------------------------
[*] Trying with Upper Bound = 683...
  SAT ! Makespan = 683
  Schedule is valid with Makespan = 683
  Total time: 2.6763 seconds
------------------------------------------------------------------
[*] Trying with Upper Bound = 682...
  SAT ! Makespan = 682
  Schedule is valid with Makespan = 682
  Total time: 2.6923 seconds
------------------------------------------------------------------
[*] Trying with Upper Bound = 681...
  SAT ! Makespan = 681
  Schedule is valid with Makespan = 681
  Total time: 2.7081 seconds
------------------------------------------------------------------
[*] Trying with Upper Bound = 680...
  SAT ! Makespan = 680
  Schedule is valid with Makespan = 680
  Total time: 2.7240 seconds
------------------------------------------------------------------
[*] Trying with Upper Bound = 679...
  SAT ! Makespan = 679
  Schedule is valid with Makespan = 679
  Total time: 2.7451 seconds
------------------------------------------------------------------
[*] Trying with Upper Bound = 678...
  SAT ! Makespan = 678
  Schedule is valid with Makespan = 678
  Total time: 2.7619 seconds
------------------------------------------------------------------
[*] Trying with Upper Bound = 677...
  SAT ! Makespan = 677
  Schedule is valid with Makespan = 677
  Total time: 2.7778 seconds
------------------------------------------------------------------
[*] Trying with Upper Bound = 676...
  SAT ! Makespan = 676
  Schedule is valid with Makespan = 676
  Total time: 2.7938 seconds
------------------------------------------------------------------
[*] Trying with Upper Bound = 675...
  SAT ! Makespan = 675
  Schedule is valid with Makespan = 675
  Total time: 2.8096 seconds
------------------------------------------------------------------
[*] Trying with Upper Bound = 674...
  SAT ! Makespan = 674
  Schedule is valid with Makespan = 674
  Total time: 2.8257 seconds
------------------------------------------------------------------
[*] Trying with Upper Bound = 673...
  SAT ! Makespan = 673
  Schedule is valid with Makespan = 673
  Total time: 2.8553 seconds
------------------------------------------------------------------
[*] Trying with Upper Bound = 672...
  SAT ! Makespan = 672
  Schedule is valid with Makespan = 672
  Total time: 2.8727 seconds
------------------------------------------------------------------
[*] Trying with Upper Bound = 671...
  SAT ! Makespan = 671
  Schedule is valid with Makespan = 671
  Total time: 3.1160 seconds
------------------------------------------------------------------
[*] Trying with Upper Bound = 670...
  SAT ! Makespan = 670
  Schedule is valid with Makespan = 670
  Total time: 3.7195 seconds
------------------------------------------------------------------
[*] Trying with Upper Bound = 669...
  SAT ! Makespan = 669
  Schedule is valid with Makespan = 669
  Total time: 3.9591 seconds
------------------------------------------------------------------
[*] Trying with Upper Bound = 668...
  SAT ! Makespan = 668
  Schedule is valid with Makespan = 668
  Total time: 3.9777 seconds
------------------------------------------------------------------
[*] Trying with Upper Bound = 667...
  SAT ! Makespan = 667
  Schedule is valid with Makespan = 667
  Total time: 3.9915 seconds
------------------------------------------------------------------
[*] Trying with Upper Bound = 666...
  SAT ! Makespan = 666
  Schedule is valid with Makespan = 666
  Total time: 4.0050 seconds
------------------------------------------------------------------
[*] Trying with Upper Bound = 665...
  SAT ! Makespan = 665
  Schedule is valid with Makespan = 665
  Total time: 4.0183 seconds
------------------------------------------------------------------
[*] Trying with Upper Bound = 664...
  SAT ! Makespan = 664
  Schedule is valid with Makespan = 664
  Total time: 4.0315 seconds
------------------------------------------------------------------
[*] Trying with Upper Bound = 663...
  SAT ! Makespan = 663
  Schedule is valid with Makespan = 663
  Total time: 4.0447 seconds
------------------------------------------------------------------
[*] Trying with Upper Bound = 662...
  SAT ! Makespan = 662
  Schedule is valid with Makespan = 662
  Total time: 4.0577 seconds
------------------------------------------------------------------
[*] Trying with Upper Bound = 661...
  SAT ! Makespan = 661
  Schedule is valid with Makespan = 661
  Total time: 4.0709 seconds
------------------------------------------------------------------
[*] Trying with Upper Bound = 660...
  SAT ! Makespan = 660
  Schedule is valid with Makespan = 660
  Total time: 8.3469 seconds
------------------------------------------------------------------
[*] Trying with Upper Bound = 659...
  SAT ! Makespan = 659
  Schedule is valid with Makespan = 659
  Total time: 8.9214 seconds
------------------------------------------------------------------
[*] Trying with Upper Bound = 658...
  SAT ! Makespan = 658
  Schedule is valid with Makespan = 658
  Total time: 9.1885 seconds
------------------------------------------------------------------
[*] Trying with Upper Bound = 657...
  SAT ! Makespan = 657
  Schedule is valid with Makespan = 657
  Total time: 9.2789 seconds
------------------------------------------------------------------
[*] Trying with Upper Bound = 656...
  SAT ! Makespan = 656
  Schedule is valid with Makespan = 656
  Total time: 9.2956 seconds
------------------------------------------------------------------
[*] Trying with Upper Bound = 655...
  SAT ! Makespan = 655
  Schedule is valid with Makespan = 655
  Total time: 9.3675 seconds
------------------------------------------------------------------
[*] Trying with Upper Bound = 654...
  SAT ! Makespan = 654
  Schedule is valid with Makespan = 654
  Total time: 9.7150 seconds
------------------------------------------------------------------
[*] Trying with Upper Bound = 653...
[runlim] sample:		9.99 time, 10.01 real, 347 MB, 1.69 load
  SAT ! Makespan = 653
  Schedule is valid with Makespan = 653
  Total time: 10.4024 seconds
------------------------------------------------------------------
[*] Trying with Upper Bound = 652...
  SAT ! Makespan = 652
  Schedule is valid with Makespan = 652
  Total time: 10.6968 seconds
------------------------------------------------------------------
[*] Trying with Upper Bound = 651...
  SAT ! Makespan = 651
  Schedule is valid with Makespan = 651
  Total time: 11.9093 seconds
------------------------------------------------------------------
[*] Trying with Upper Bound = 650...
  SAT ! Makespan = 650
  Schedule is valid with Makespan = 650
  Total time: 11.9338 seconds
------------------------------------------------------------------
[*] Trying with Upper Bound = 649...
  SAT ! Makespan = 649
  Schedule is valid with Makespan = 649
  Total time: 12.0119 seconds
------------------------------------------------------------------
[*] Trying with Upper Bound = 648...
  SAT ! Makespan = 648
  Schedule is valid with Makespan = 648
  Total time: 12.0276 seconds
------------------------------------------------------------------
[*] Trying with Upper Bound = 647...
  SAT ! Makespan = 647
  Schedule is valid with Makespan = 647
  Total time: 12.2381 seconds
------------------------------------------------------------------
[*] Trying with Upper Bound = 646...
  SAT ! Makespan = 646
  Schedule is valid with Makespan = 646
  Total time: 12.2578 seconds
------------------------------------------------------------------
[*] Trying with Upper Bound = 645...
  SAT ! Makespan = 645
  Schedule is valid with Makespan = 645
  Total time: 12.3333 seconds
------------------------------------------------------------------
[*] Trying with Upper Bound = 644...
  SAT ! Makespan = 644
  Schedule is valid with Makespan = 644
  Total time: 12.5488 seconds
------------------------------------------------------------------
[*] Trying with Upper Bound = 643...
  SAT ! Makespan = 643
  Schedule is valid with Makespan = 643
  Total time: 12.6329 seconds
------------------------------------------------------------------
[*] Trying with Upper Bound = 642...
  SAT ! Makespan = 642
  Schedule is valid with Makespan = 642
  Total time: 12.6493 seconds
------------------------------------------------------------------
[*] Trying with Upper Bound = 641...
  SAT ! Makespan = 641
  Schedule is valid with Makespan = 641
  Total time: 12.7186 seconds
------------------------------------------------------------------
[*] Trying with Upper Bound = 640...
  SAT ! Makespan = 640
  Schedule is valid with Makespan = 640
  Total time: 12.7353 seconds
------------------------------------------------------------------
[*] Trying with Upper Bound = 639...
  SAT ! Makespan = 639
  Schedule is valid with Makespan = 639
  Total time: 12.7979 seconds
------------------------------------------------------------------
[*] Trying with Upper Bound = 638...
  SAT ! Makespan = 638
  Schedule is valid with Makespan = 638
  Total time: 14.8104 seconds
------------------------------------------------------------------
[*] Trying with Upper Bound = 637...
  SAT ! Makespan = 637
  Schedule is valid with Makespan = 637
  Total time: 15.4562 seconds
------------------------------------------------------------------
[*] Trying with Upper Bound = 636...
  SAT ! Makespan = 636
  Schedule is valid with Makespan = 636
  Total time: 15.8436 seconds
------------------------------------------------------------------
[*] Trying with Upper Bound = 635...
  SAT ! Makespan = 635
  Schedule is valid with Makespan = 635
  Total time: 16.4664 seconds
------------------------------------------------------------------
[*] Trying with Upper Bound = 634...
  SAT ! Makespan = 634
  Schedule is valid with Makespan = 634
  Total time: 16.5492 seconds
------------------------------------------------------------------
[*] Trying with Upper Bound = 633...
  SAT ! Makespan = 633
  Schedule is valid with Makespan = 633
  Total time: 16.6165 seconds
------------------------------------------------------------------
[*] Trying with Upper Bound = 632...
  SAT ! Makespan = 632
  Schedule is valid with Makespan = 632
  Total time: 16.7004 seconds
------------------------------------------------------------------
[*] Trying with Upper Bound = 631...
  SAT ! Makespan = 631
  Schedule is valid with Makespan = 631
  Total time: 16.7788 seconds
------------------------------------------------------------------
[*] Trying with Upper Bound = 630...
  SAT ! Makespan = 630
  Schedule is valid with Makespan = 630
  Total time: 16.8455 seconds
------------------------------------------------------------------
[*] Trying with Upper Bound = 629...
  SAT ! Makespan = 629
  Schedule is valid with Makespan = 629
  Total time: 16.9344 seconds
------------------------------------------------------------------
[*] Trying with Upper Bound = 628...
  SAT ! Makespan = 628
  Schedule is valid with Makespan = 628
  Total time: 17.0016 seconds
------------------------------------------------------------------
[*] Trying with Upper Bound = 627...
  SAT ! Makespan = 627
  Schedule is valid with Makespan = 627
  Total time: 17.0632 seconds
------------------------------------------------------------------
[*] Trying with Upper Bound = 626...
  SAT ! Makespan = 626
  Schedule is valid with Makespan = 626
  Total time: 17.1229 seconds
------------------------------------------------------------------
[*] Trying with Upper Bound = 625...
  SAT ! Makespan = 625
  Schedule is valid with Makespan = 625
  Total time: 17.1823 seconds
------------------------------------------------------------------
[*] Trying with Upper Bound = 624...
  SAT ! Makespan = 624
  Schedule is valid with Makespan = 624
  Total time: 17.1976 seconds
------------------------------------------------------------------
[*] Trying with Upper Bound = 623...
  SAT ! Makespan = 623
  Schedule is valid with Makespan = 623
  Total time: 17.2565 seconds
------------------------------------------------------------------
[*] Trying with Upper Bound = 622...
  SAT ! Makespan = 622
  Schedule is valid with Makespan = 622
  Total time: 17.2818 seconds
------------------------------------------------------------------
[*] Trying with Upper Bound = 621...
  SAT ! Makespan = 621
  Schedule is valid with Makespan = 621
  Total time: 17.5995 seconds
------------------------------------------------------------------
[*] Trying with Upper Bound = 620...
  SAT ! Makespan = 620
  Schedule is valid with Makespan = 620
  Total time: 17.8646 seconds
------------------------------------------------------------------
[*] Trying with Upper Bound = 619...
  SAT ! Makespan = 619
  Schedule is valid with Makespan = 619
  Total time: 18.3882 seconds
------------------------------------------------------------------
[*] Trying with Upper Bound = 618...
  SAT ! Makespan = 618
  Schedule is valid with Makespan = 618
  Total time: 18.7380 seconds
------------------------------------------------------------------
[*] Trying with Upper Bound = 617...
  SAT ! Makespan = 617
  Schedule is valid with Makespan = 617
  Total time: 19.2628 seconds
------------------------------------------------------------------
[*] Trying with Upper Bound = 616...
  SAT ! Makespan = 616
  Schedule is valid with Makespan = 616
  Total time: 19.2885 seconds
------------------------------------------------------------------
[*] Trying with Upper Bound = 615...
  SAT ! Makespan = 615
  Schedule is valid with Makespan = 615
  Total time: 19.3608 seconds
------------------------------------------------------------------
[*] Trying with Upper Bound = 614...
  SAT ! Makespan = 614
  Schedule is valid with Makespan = 614
  Total time: 19.3775 seconds
------------------------------------------------------------------
[*] Trying with Upper Bound = 613...
[runlim] sample:		19.99 time, 20.01 real, 366 MB, 1.58 load
  SAT ! Makespan = 613
  Schedule is valid with Makespan = 613
  Total time: 20.1130 seconds
------------------------------------------------------------------
[*] Trying with Upper Bound = 612...
  SAT ! Makespan = 612
  Schedule is valid with Makespan = 612
  Total time: 20.4321 seconds
------------------------------------------------------------------
[*] Trying with Upper Bound = 611...
  SAT ! Makespan = 611
  Schedule is valid with Makespan = 611
  Total time: 20.5101 seconds
------------------------------------------------------------------
[*] Trying with Upper Bound = 610...
  SAT ! Makespan = 610
  Schedule is valid with Makespan = 610
  Total time: 20.5256 seconds
------------------------------------------------------------------
[*] Trying with Upper Bound = 609...
  SAT ! Makespan = 609
  Schedule is valid with Makespan = 609
  Total time: 20.5860 seconds
------------------------------------------------------------------
[*] Trying with Upper Bound = 608...
  SAT ! Makespan = 608
  Schedule is valid with Makespan = 608
  Total time: 23.6669 seconds
------------------------------------------------------------------
[*] Trying with Upper Bound = 607...
  SAT ! Makespan = 607
  Schedule is valid with Makespan = 607
  Total time: 24.1867 seconds
------------------------------------------------------------------
[*] Trying with Upper Bound = 606...
  SAT ! Makespan = 606
  Schedule is valid with Makespan = 606
  Total time: 25.8596 seconds
------------------------------------------------------------------
[*] Trying with Upper Bound = 605...
  SAT ! Makespan = 605
  Schedule is valid with Makespan = 605
  Total time: 26.9481 seconds
------------------------------------------------------------------
[*] Trying with Upper Bound = 604...
  SAT ! Makespan = 604
  Schedule is valid with Makespan = 604
  Total time: 27.0254 seconds
------------------------------------------------------------------
[*] Trying with Upper Bound = 603...
  SAT ! Makespan = 603
  Schedule is valid with Makespan = 603
  Total time: 28.1756 seconds
------------------------------------------------------------------
[*] Trying with Upper Bound = 602...
  SAT ! Makespan = 602
  Schedule is valid with Makespan = 602
  Total time: 28.2536 seconds
------------------------------------------------------------------
[*] Trying with Upper Bound = 601...
  SAT ! Makespan = 601
  Schedule is valid with Makespan = 601
  Total time: 28.3151 seconds
------------------------------------------------------------------
[*] Trying with Upper Bound = 600...
  SAT ! Makespan = 600
  Schedule is valid with Makespan = 600
  Total time: 28.3690 seconds
------------------------------------------------------------------
[*] Trying with Upper Bound = 599...
[runlim] sample:		29.98 time, 30.01 real, 327 MB, 1.49 load
  SAT ! Makespan = 599
  Schedule is valid with Makespan = 599
  Total time: 30.8008 seconds
------------------------------------------------------------------
[*] Trying with Upper Bound = 598...
  SAT ! Makespan = 598
  Schedule is valid with Makespan = 598
  Total time: 31.1317 seconds
------------------------------------------------------------------
[*] Trying with Upper Bound = 597...
  SAT ! Makespan = 597
  Schedule is valid with Makespan = 597
  Total time: 32.5595 seconds
------------------------------------------------------------------
[*] Trying with Upper Bound = 596...
  SAT ! Makespan = 596
  Schedule is valid with Makespan = 596
  Total time: 33.8507 seconds
------------------------------------------------------------------
[*] Trying with Upper Bound = 595...
  SAT ! Makespan = 595
  Schedule is valid with Makespan = 595
  Total time: 33.9224 seconds
------------------------------------------------------------------
[*] Trying with Upper Bound = 594...
  SAT ! Makespan = 594
  Schedule is valid with Makespan = 594
  Total time: 33.9796 seconds
------------------------------------------------------------------
[*] Trying with Upper Bound = 593...
  SAT ! Makespan = 593
  Schedule is valid with Makespan = 593
  Total time: 35.0056 seconds
------------------------------------------------------------------
[*] Trying with Upper Bound = 592...
  SAT ! Makespan = 592
  Schedule is valid with Makespan = 592
  Total time: 36.2484 seconds
------------------------------------------------------------------
[*] Trying with Upper Bound = 591...
  SAT ! Makespan = 591
  Schedule is valid with Makespan = 591
  Total time: 37.5095 seconds
------------------------------------------------------------------
[*] Trying with Upper Bound = 590...
[runlim] sample:		39.98 time, 40.01 real, 326 MB, 1.41 load
  SAT ! Makespan = 590
  Schedule is valid with Makespan = 590
  Total time: 40.0682 seconds
------------------------------------------------------------------
[*] Trying with Upper Bound = 589...
  SAT ! Makespan = 589
  Schedule is valid with Makespan = 589
  Total time: 40.4683 seconds
------------------------------------------------------------------
[*] Trying with Upper Bound = 588...
  SAT ! Makespan = 588
  Schedule is valid with Makespan = 588
  Total time: 41.9160 seconds
------------------------------------------------------------------
[*] Trying with Upper Bound = 587...
  SAT ! Makespan = 587
  Schedule is valid with Makespan = 587
  Total time: 43.1417 seconds
------------------------------------------------------------------
[*] Trying with Upper Bound = 586...
  SAT ! Makespan = 586
  Schedule is valid with Makespan = 586
  Total time: 44.5657 seconds
------------------------------------------------------------------
[*] Trying with Upper Bound = 585...
  SAT ! Makespan = 585
  Schedule is valid with Makespan = 585
  Total time: 44.9428 seconds
------------------------------------------------------------------
[*] Trying with Upper Bound = 584...
  SAT ! Makespan = 584
  Schedule is valid with Makespan = 584
  Total time: 45.3660 seconds
------------------------------------------------------------------
[*] Trying with Upper Bound = 583...
  SAT ! Makespan = 583
  Schedule is valid with Makespan = 583
  Total time: 46.8429 seconds
------------------------------------------------------------------
[*] Trying with Upper Bound = 582...
  SAT ! Makespan = 582
  Schedule is valid with Makespan = 582
  Total time: 49.6544 seconds
------------------------------------------------------------------
[*] Trying with Upper Bound = 581...
[runlim] sample:		49.98 time, 50.01 real, 326 MB, 1.35 load
  SAT ! Makespan = 581
  Schedule is valid with Makespan = 581
  Total time: 51.3257 seconds
------------------------------------------------------------------
[*] Trying with Upper Bound = 580...
  SAT ! Makespan = 580
  Schedule is valid with Makespan = 580
  Total time: 52.8031 seconds
------------------------------------------------------------------
[*] Trying with Upper Bound = 579...
  SAT ! Makespan = 579
  Schedule is valid with Makespan = 579
  Total time: 54.2420 seconds
------------------------------------------------------------------
[*] Trying with Upper Bound = 578...
  SAT ! Makespan = 578
  Schedule is valid with Makespan = 578
  Total time: 55.3783 seconds
------------------------------------------------------------------
[*] Trying with Upper Bound = 577...
  SAT ! Makespan = 577
  Schedule is valid with Makespan = 577
  Total time: 56.7275 seconds
------------------------------------------------------------------
[*] Trying with Upper Bound = 576...
  SAT ! Makespan = 576
  Schedule is valid with Makespan = 576
  Total time: 57.0679 seconds
------------------------------------------------------------------
[*] Trying with Upper Bound = 575...
  SAT ! Makespan = 575
  Schedule is valid with Makespan = 575
  Total time: 58.1496 seconds
------------------------------------------------------------------
[*] Trying with Upper Bound = 574...
[runlim] sample:		59.98 time, 60.01 real, 325 MB, 1.30 load
  SAT ! Makespan = 574
  Schedule is valid with Makespan = 574
  Total time: 61.2814 seconds
------------------------------------------------------------------
[*] Trying with Upper Bound = 573...
  SAT ! Makespan = 573
  Schedule is valid with Makespan = 573
  Total time: 62.5532 seconds
------------------------------------------------------------------
[*] Trying with Upper Bound = 572...
  SAT ! Makespan = 572
  Schedule is valid with Makespan = 572
  Total time: 64.3024 seconds
------------------------------------------------------------------
[*] Trying with Upper Bound = 571...
  SAT ! Makespan = 571
  Schedule is valid with Makespan = 571
  Total time: 65.5213 seconds
------------------------------------------------------------------
[*] Trying with Upper Bound = 570...
  SAT ! Makespan = 570
  Schedule is valid with Makespan = 570
  Total time: 66.8191 seconds
------------------------------------------------------------------
[*] Trying with Upper Bound = 569...
  SAT ! Makespan = 569
  Schedule is valid with Makespan = 569
  Total time: 68.8126 seconds
------------------------------------------------------------------
[*] Trying with Upper Bound = 568...
  SAT ! Makespan = 568
  Schedule is valid with Makespan = 568
  Total time: 68.8853 seconds
------------------------------------------------------------------
[*] Trying with Upper Bound = 567...
[runlim] sample:		69.98 time, 70.01 real, 325 MB, 1.25 load
  SAT ! Makespan = 567
  Schedule is valid with Makespan = 567
  Total time: 70.2112 seconds
------------------------------------------------------------------
[*] Trying with Upper Bound = 566...
  SAT ! Makespan = 566
  Schedule is valid with Makespan = 566
  Total time: 76.5861 seconds
------------------------------------------------------------------
[*] Trying with Upper Bound = 565...
  SAT ! Makespan = 565
  Schedule is valid with Makespan = 565
  Total time: 78.3238 seconds
------------------------------------------------------------------
[*] Trying with Upper Bound = 564...
  SAT ! Makespan = 564
  Schedule is valid with Makespan = 564
  Total time: 79.9032 seconds
------------------------------------------------------------------
[*] Trying with Upper Bound = 563...
[runlim] sample:		79.97 time, 80.01 real, 324 MB, 1.21 load
  SAT ! Makespan = 563
  Schedule is valid with Makespan = 563
  Total time: 81.8847 seconds
------------------------------------------------------------------
[*] Trying with Upper Bound = 562...
  SAT ! Makespan = 562
  Schedule is valid with Makespan = 562
  Total time: 89.5967 seconds
------------------------------------------------------------------
[*] Trying with Upper Bound = 561...
[runlim] sample:		89.97 time, 90.01 real, 324 MB, 1.18 load
  SAT ! Makespan = 561
  Schedule is valid with Makespan = 561
  Total time: 94.4841 seconds
------------------------------------------------------------------
[*] Trying with Upper Bound = 560...
  SAT ! Makespan = 560
  Schedule is valid with Makespan = 560
  Total time: 96.6318 seconds
------------------------------------------------------------------
[*] Trying with Upper Bound = 559...
  SAT ! Makespan = 559
  Schedule is valid with Makespan = 559
  Total time: 98.0080 seconds
------------------------------------------------------------------
[*] Trying with Upper Bound = 558...
[runlim] sample:		99.97 time, 100.01 real, 324 MB, 1.15 load
  SAT ! Makespan = 558
  Schedule is valid with Makespan = 558
  Total time: 99.9970 seconds
------------------------------------------------------------------
[*] Trying with Upper Bound = 557...
  SAT ! Makespan = 557
  Schedule is valid with Makespan = 557
  Total time: 103.0701 seconds
------------------------------------------------------------------
[*] Trying with Upper Bound = 556...
  SAT ! Makespan = 556
  Schedule is valid with Makespan = 556
  Total time: 104.8672 seconds
------------------------------------------------------------------
[*] Trying with Upper Bound = 555...
[runlim] sample:		109.97 time, 110.01 real, 327 MB, 1.13 load
  SAT ! Makespan = 555
  Schedule is valid with Makespan = 555
  Total time: 111.7271 seconds
------------------------------------------------------------------
[*] Trying with Upper Bound = 554...
  SAT ! Makespan = 554
  Schedule is valid with Makespan = 554
  Total time: 118.0143 seconds
------------------------------------------------------------------
[*] Trying with Upper Bound = 553...
[runlim] sample:		119.96 time, 120.01 real, 324 MB, 1.11 load
[runlim] sample:		129.97 time, 130.01 real, 328 MB, 1.09 load
[runlim] sample:		139.96 time, 140.01 real, 324 MB, 1.08 load
  SAT ! Makespan = 553
  Schedule is valid with Makespan = 553
  Total time: 149.4940 seconds
------------------------------------------------------------------
[*] Trying with Upper Bound = 552...
[runlim] sample:		149.97 time, 150.01 real, 328 MB, 1.06 load
[runlim] sample:		159.97 time, 160.01 real, 327 MB, 1.05 load
[runlim] sample:		169.96 time, 170.01 real, 325 MB, 1.04 load
  SAT ! Makespan = 552
  Schedule is valid with Makespan = 552
  Total time: 170.4482 seconds
------------------------------------------------------------------
[*] Trying with Upper Bound = 551...
[runlim] sample:		179.95 time, 180.01 real, 328 MB, 1.04 load
[runlim] sample:		189.95 time, 190.01 real, 329 MB, 1.03 load
[runlim] sample:		199.95 time, 200.01 real, 330 MB, 1.03 load
[runlim] sample:		209.95 time, 210.01 real, 331 MB, 1.02 load
[runlim] sample:		219.95 time, 220.01 real, 328 MB, 1.02 load
[runlim] sample:		229.95 time, 230.01 real, 328 MB, 1.01 load
[runlim] sample:		239.95 time, 240.01 real, 328 MB, 1.01 load
[runlim] sample:		249.95 time, 250.01 real, 329 MB, 1.01 load
[runlim] sample:		259.95 time, 260.01 real, 330 MB, 1.01 load
[runlim] sample:		269.95 time, 270.01 real, 338 MB, 1.01 load
  SAT ! Makespan = 551
  Schedule is valid with Makespan = 551
  Total time: 277.9627 seconds
------------------------------------------------------------------
[*] Trying with Upper Bound = 550...
[runlim] sample:		279.94 time, 280.01 real, 334 MB, 1.00 load
[runlim] sample:		289.95 time, 290.01 real, 334 MB, 1.00 load
[runlim] sample:		299.95 time, 300.01 real, 330 MB, 1.00 load
[runlim] sample:		309.95 time, 310.01 real, 334 MB, 1.00 load
[runlim] sample:		319.94 time, 320.01 real, 337 MB, 1.00 load
  SAT ! Makespan = 550
  Schedule is valid with Makespan = 550
  Total time: 321.9940 seconds
------------------------------------------------------------------
[*] Trying with Upper Bound = 549...
[runlim] sample:		329.95 time, 330.01 real, 355 MB, 1.00 load
[runlim] sample:		339.95 time, 340.01 real, 311 MB, 1.00 load
[runlim] sample:		349.95 time, 350.01 real, 310 MB, 1.00 load
  SAT ! Makespan = 549
  Schedule is valid with Makespan = 549
  Total time: 351.3124 seconds
------------------------------------------------------------------
[*] Trying with Upper Bound = 548...
[runlim] sample:		359.94 time, 360.01 real, 349 MB, 1.00 load
[runlim] sample:		369.95 time, 370.01 real, 348 MB, 1.00 load
[runlim] sample:		379.94 time, 380.01 real, 343 MB, 1.00 load
[runlim] sample:		389.94 time, 390.01 real, 411 MB, 1.08 load
[runlim] sample:		399.95 time, 400.01 real, 364 MB, 1.07 load
[runlim] sample:		409.94 time, 410.01 real, 359 MB, 1.06 load
[runlim] sample:		419.95 time, 420.01 real, 359 MB, 1.05 load
[runlim] sample:		429.94 time, 430.01 real, 360 MB, 1.04 load
[runlim] sample:		439.94 time, 440.01 real, 360 MB, 1.03 load
[runlim] sample:		449.95 time, 450.01 real, 361 MB, 1.03 load
[runlim] sample:		459.94 time, 460.01 real, 369 MB, 1.02 load
[runlim] sample:		469.94 time, 470.01 real, 371 MB, 1.02 load
[runlim] sample:		479.94 time, 480.01 real, 371 MB, 1.02 load
[runlim] sample:		489.94 time, 490.01 real, 369 MB, 1.01 load
[runlim] sample:		499.94 time, 500.01 real, 373 MB, 1.01 load
[runlim] sample:		509.94 time, 510.01 real, 374 MB, 1.01 load
[runlim] sample:		519.94 time, 520.01 real, 371 MB, 1.01 load
[runlim] sample:		529.94 time, 530.01 real, 369 MB, 1.00 load
[runlim] sample:		539.94 time, 540.01 real, 372 MB, 1.00 load
[runlim] sample:		549.94 time, 550.01 real, 368 MB, 1.00 load
[runlim] sample:		559.94 time, 560.01 real, 364 MB, 1.00 load
[runlim] sample:		569.94 time, 570.01 real, 350 MB, 1.00 load
[runlim] sample:		579.94 time, 580.01 real, 350 MB, 1.00 load
[runlim] sample:		589.94 time, 590.01 real, 351 MB, 1.00 load
[runlim] sample:		599.94 time, 600.01 real, 351 MB, 1.00 load
[runlim] sample:		609.94 time, 610.01 real, 351 MB, 1.00 load
[runlim] sample:		619.94 time, 620.01 real, 367 MB, 1.00 load
[runlim] sample:		629.94 time, 630.01 real, 332 MB, 1.00 load
[runlim] sample:		639.93 time, 640.01 real, 333 MB, 1.00 load
[runlim] sample:		649.93 time, 650.01 real, 333 MB, 1.00 load
[runlim] sample:		659.93 time, 660.01 real, 333 MB, 1.00 load
[runlim] sample:		669.93 time, 670.01 real, 334 MB, 1.00 load
[runlim] sample:		679.93 time, 680.01 real, 355 MB, 1.00 load
[runlim] sample:		689.93 time, 690.01 real, 356 MB, 1.00 load
[runlim] sample:		699.93 time, 700.01 real, 356 MB, 1.00 load
[runlim] sample:		709.93 time, 710.01 real, 356 MB, 1.00 load
[runlim] sample:		719.93 time, 720.01 real, 356 MB, 1.00 load
[runlim] sample:		729.92 time, 730.01 real, 357 MB, 1.00 load
[runlim] sample:		739.92 time, 740.01 real, 335 MB, 1.00 load
[runlim] sample:		749.93 time, 750.01 real, 335 MB, 1.00 load
[runlim] sample:		759.93 time, 760.01 real, 336 MB, 1.00 load
[runlim] sample:		769.93 time, 770.01 real, 336 MB, 1.00 load
[runlim] sample:		779.93 time, 780.01 real, 342 MB, 1.00 load
[runlim] sample:		789.92 time, 790.01 real, 346 MB, 1.00 load
[runlim] sample:		799.92 time, 800.01 real, 367 MB, 1.00 load
[runlim] sample:		809.92 time, 810.01 real, 368 MB, 1.00 load
[runlim] sample:		819.92 time, 820.01 real, 369 MB, 1.00 load
[runlim] sample:		829.92 time, 830.01 real, 369 MB, 1.00 load
[runlim] sample:		839.92 time, 840.01 real, 372 MB, 1.00 load
[runlim] sample:		849.92 time, 850.01 real, 365 MB, 1.00 load
[runlim] sample:		859.92 time, 860.01 real, 365 MB, 1.00 load
[runlim] sample:		869.92 time, 870.01 real, 378 MB, 1.00 load
[runlim] sample:		879.92 time, 880.01 real, 380 MB, 1.00 load
[runlim] sample:		889.92 time, 890.01 real, 380 MB, 1.00 load
[runlim] sample:		899.92 time, 900.01 real, 380 MB, 1.00 load
[runlim] sample:		909.92 time, 910.01 real, 380 MB, 1.00 load
[runlim] sample:		919.92 time, 920.01 real, 381 MB, 1.00 load
[runlim] sample:		929.92 time, 930.01 real, 381 MB, 1.00 load
[runlim] sample:		939.92 time, 940.01 real, 380 MB, 1.00 load
[runlim] sample:		949.92 time, 950.01 real, 383 MB, 1.00 load
[runlim] sample:		959.92 time, 960.01 real, 383 MB, 1.00 load
[runlim] sample:		969.92 time, 970.01 real, 380 MB, 1.00 load
[runlim] sample:		979.91 time, 980.01 real, 379 MB, 1.00 load
[runlim] sample:		989.91 time, 990.01 real, 379 MB, 1.00 load
[runlim] sample:		999.92 time, 1000.01 real, 382 MB, 1.07 load
[runlim] sample:		1009.92 time, 1010.01 real, 382 MB, 1.06 load
[runlim] sample:		1019.92 time, 1020.01 real, 384 MB, 1.05 load
[runlim] sample:		1029.92 time, 1030.01 real, 384 MB, 1.04 load
[runlim] sample:		1039.92 time, 1040.01 real, 386 MB, 1.04 load
[runlim] sample:		1049.92 time, 1050.01 real, 386 MB, 1.03 load
[runlim] sample:		1059.92 time, 1060.01 real, 388 MB, 1.02 load
[runlim] sample:		1069.92 time, 1070.01 real, 388 MB, 1.02 load
[runlim] sample:		1079.92 time, 1080.01 real, 377 MB, 1.02 load
[runlim] sample:		1089.91 time, 1090.01 real, 377 MB, 1.01 load
[runlim] sample:		1099.91 time, 1100.01 real, 375 MB, 1.01 load
[runlim] sample:		1109.91 time, 1110.01 real, 375 MB, 1.01 load
[runlim] sample:		1119.92 time, 1120.01 real, 378 MB, 1.01 load
[runlim] sample:		1129.92 time, 1130.01 real, 378 MB, 1.01 load
[runlim] sample:		1139.91 time, 1140.01 real, 378 MB, 1.00 load
[runlim] sample:		1149.91 time, 1150.01 real, 378 MB, 1.00 load
[runlim] sample:		1159.91 time, 1160.01 real, 358 MB, 1.00 load
[runlim] sample:		1169.91 time, 1170.01 real, 358 MB, 1.00 load
[runlim] sample:		1179.91 time, 1180.01 real, 352 MB, 1.00 load
  SAT ! Makespan = 548
  Schedule is valid with Makespan = 548
  Total time: 1182.7263 seconds
------------------------------------------------------------------
[*] Trying with Upper Bound = 547...
[runlim] sample:		1189.91 time, 1190.01 real, 350 MB, 1.00 load
[runlim] sample:		1199.91 time, 1200.01 real, 350 MB, 1.00 load
[runlim] sample:		1209.91 time, 1210.01 real, 345 MB, 1.00 load
[runlim] sample:		1219.91 time, 1220.01 real, 352 MB, 1.00 load
[runlim] sample:		1229.91 time, 1230.01 real, 341 MB, 1.00 load
[runlim] sample:		1239.91 time, 1240.01 real, 341 MB, 1.00 load
[runlim] sample:		1249.91 time, 1250.01 real, 341 MB, 1.72 load
[runlim] sample:		1259.91 time, 1260.01 real, 331 MB, 1.61 load
[runlim] sample:		1269.91 time, 1270.01 real, 331 MB, 1.52 load
[runlim] sample:		1279.91 time, 1280.01 real, 332 MB, 1.44 load
[runlim] sample:		1289.90 time, 1290.01 real, 332 MB, 1.37 load
[runlim] sample:		1299.91 time, 1300.01 real, 337 MB, 1.31 load
  SAT ! Makespan = 547
  Schedule is valid with Makespan = 547
  Total time: 1305.7166 seconds
------------------------------------------------------------------
[*] Trying with Upper Bound = 546...
  SAT ! Makespan = 546
  Schedule is valid with Makespan = 546
  Total time: 1308.0937 seconds
------------------------------------------------------------------
[*] Trying with Upper Bound = 545...
[runlim] sample:		1309.91 time, 1310.01 real, 333 MB, 1.26 load
  SAT ! Makespan = 545
  Schedule is valid with Makespan = 545
  Total time: 1317.2886 seconds
------------------------------------------------------------------
[*] Trying with Upper Bound = 544...
[runlim] sample:		1319.90 time, 1320.01 real, 335 MB, 1.22 load
[runlim] sample:		1329.90 time, 1330.01 real, 335 MB, 1.19 load
[runlim] sample:		1339.91 time, 1340.01 real, 344 MB, 1.16 load
[runlim] sample:		1349.91 time, 1350.01 real, 344 MB, 1.13 load
[runlim] sample:		1359.90 time, 1360.01 real, 347 MB, 1.11 load
[runlim] sample:		1369.90 time, 1370.01 real, 347 MB, 1.10 load
[runlim] sample:		1379.90 time, 1380.01 real, 354 MB, 1.08 load
[runlim] sample:		1389.90 time, 1390.01 real, 384 MB, 1.07 load
[runlim] sample:		1399.90 time, 1400.01 real, 370 MB, 1.06 load
[runlim] sample:		1409.90 time, 1410.01 real, 370 MB, 1.05 load
[runlim] sample:		1419.90 time, 1420.01 real, 371 MB, 1.04 load
[runlim] sample:		1429.90 time, 1430.01 real, 371 MB, 1.03 load
  SAT ! Makespan = 544
  Schedule is valid with Makespan = 544
  Total time: 1439.6012 seconds
------------------------------------------------------------------
[*] Trying with Upper Bound = 543...
[runlim] sample:		1439.90 time, 1440.01 real, 329 MB, 1.03 load
[runlim] sample:		1449.90 time, 1450.01 real, 334 MB, 1.02 load
[runlim] sample:		1459.90 time, 1460.01 real, 334 MB, 1.02 load
[runlim] sample:		1469.90 time, 1470.01 real, 377 MB, 1.02 load
[runlim] sample:		1479.90 time, 1480.01 real, 335 MB, 1.01 load
[runlim] sample:		1489.89 time, 1490.01 real, 339 MB, 1.01 load
[runlim] sample:		1499.90 time, 1500.01 real, 342 MB, 1.09 load
[runlim] sample:		1509.90 time, 1510.01 real, 342 MB, 1.07 load
[runlim] sample:		1519.90 time, 1520.01 real, 342 MB, 1.06 load
[runlim] sample:		1529.90 time, 1530.01 real, 331 MB, 1.05 load
[runlim] sample:		1539.90 time, 1540.01 real, 331 MB, 1.04 load
[runlim] sample:		1549.89 time, 1550.01 real, 332 MB, 1.04 load
[runlim] sample:		1559.89 time, 1560.01 real, 332 MB, 1.03 load
[runlim] sample:		1569.89 time, 1570.01 real, 340 MB, 1.03 load
  SAT ! Makespan = 543
  Schedule is valid with Makespan = 543
  Total time: 1573.3191 seconds
------------------------------------------------------------------
[*] Trying with Upper Bound = 542...
[runlim] sample:		1579.89 time, 1580.01 real, 340 MB, 1.02 load
[runlim] sample:		1589.89 time, 1590.01 real, 351 MB, 1.02 load
[runlim] sample:		1599.89 time, 1600.01 real, 351 MB, 1.01 load
[runlim] sample:		1609.89 time, 1610.01 real, 348 MB, 1.01 load
[runlim] sample:		1619.89 time, 1620.01 real, 348 MB, 1.01 load
[runlim] sample:		1629.89 time, 1630.01 real, 348 MB, 1.01 load
[runlim] sample:		1639.89 time, 1640.01 real, 356 MB, 1.01 load
[runlim] sample:		1649.89 time, 1650.01 real, 345 MB, 1.00 load
[runlim] sample:		1659.89 time, 1660.01 real, 344 MB, 1.00 load
[runlim] sample:		1669.89 time, 1670.01 real, 344 MB, 1.00 load
[runlim] sample:		1679.89 time, 1680.01 real, 344 MB, 1.00 load
[runlim] sample:		1689.89 time, 1690.01 real, 345 MB, 1.00 load
[runlim] sample:		1699.89 time, 1700.01 real, 345 MB, 1.00 load
[runlim] sample:		1709.88 time, 1710.01 real, 350 MB, 1.00 load
  SAT ! Makespan = 542
  Schedule is valid with Makespan = 542
  Total time: 1711.9187 seconds
------------------------------------------------------------------
[*] Trying with Upper Bound = 541...
[runlim] sample:		1719.88 time, 1720.01 real, 350 MB, 1.00 load
[runlim] sample:		1729.89 time, 1730.01 real, 355 MB, 1.00 load
[runlim] sample:		1739.88 time, 1740.01 real, 355 MB, 1.00 load
[runlim] sample:		1749.89 time, 1750.01 real, 387 MB, 1.08 load
[runlim] sample:		1759.89 time, 1760.01 real, 386 MB, 1.07 load
[runlim] sample:		1769.89 time, 1770.01 real, 386 MB, 1.06 load
[runlim] sample:		1779.89 time, 1780.01 real, 390 MB, 1.05 load
[runlim] sample:		1789.89 time, 1790.01 real, 390 MB, 1.04 load
[runlim] sample:		1799.89 time, 1800.01 real, 390 MB, 1.03 load
[runlim] sample:		1809.89 time, 1810.01 real, 379 MB, 1.03 load
[runlim] sample:		1819.89 time, 1820.01 real, 379 MB, 1.02 load
[runlim] sample:		1829.88 time, 1830.01 real, 380 MB, 1.02 load
[runlim] sample:		1839.88 time, 1840.01 real, 380 MB, 1.02 load
[runlim] sample:		1849.88 time, 1850.01 real, 381 MB, 1.01 load
[runlim] sample:		1859.88 time, 1860.01 real, 393 MB, 1.01 load
[runlim] sample:		1869.88 time, 1870.01 real, 393 MB, 1.01 load
[runlim] sample:		1879.88 time, 1880.01 real, 398 MB, 1.67 load
[runlim] sample:		1889.88 time, 1890.01 real, 398 MB, 1.57 load
[runlim] sample:		1899.88 time, 1900.01 real, 398 MB, 1.48 load
[runlim] sample:		1909.88 time, 1910.01 real, 395 MB, 1.40 load
[runlim] sample:		1919.88 time, 1920.01 real, 395 MB, 1.34 load
[runlim] sample:		1929.88 time, 1930.01 real, 398 MB, 1.29 load
[runlim] sample:		1939.88 time, 1940.01 real, 398 MB, 1.24 load
[runlim] sample:		1949.88 time, 1950.01 real, 398 MB, 1.21 load
[runlim] sample:		1959.88 time, 1960.01 real, 394 MB, 1.17 load
[runlim] sample:		1969.88 time, 1970.01 real, 394 MB, 1.15 load
[runlim] sample:		1979.87 time, 1980.01 real, 387 MB, 1.12 load
[runlim] sample:		1989.87 time, 1990.01 real, 387 MB, 1.10 load
[runlim] sample:		1999.87 time, 2000.01 real, 387 MB, 1.09 load
[runlim] sample:		2009.87 time, 2010.01 real, 382 MB, 1.07 load
[runlim] sample:		2019.87 time, 2020.01 real, 382 MB, 1.06 load
[runlim] sample:		2029.86 time, 2030.01 real, 383 MB, 1.05 load
[runlim] sample:		2039.86 time, 2040.01 real, 383 MB, 1.04 load
[runlim] sample:		2049.86 time, 2050.01 real, 383 MB, 1.04 load
[runlim] sample:		2059.87 time, 2060.01 real, 384 MB, 1.03 load
[runlim] sample:		2069.86 time, 2070.01 real, 385 MB, 1.02 load
[runlim] sample:		2079.86 time, 2080.01 real, 385 MB, 1.02 load
[runlim] sample:		2089.86 time, 2090.01 real, 386 MB, 1.02 load
[runlim] sample:		2099.86 time, 2100.01 real, 386 MB, 1.01 load
[runlim] sample:		2109.86 time, 2110.01 real, 386 MB, 1.01 load
[runlim] sample:		2119.86 time, 2120.01 real, 386 MB, 1.01 load
[runlim] sample:		2129.86 time, 2130.01 real, 386 MB, 1.01 load
[runlim] sample:		2139.86 time, 2140.01 real, 386 MB, 1.01 load
[runlim] sample:		2149.85 time, 2150.01 real, 387 MB, 1.00 load
[runlim] sample:		2159.85 time, 2160.01 real, 387 MB, 1.00 load
[runlim] sample:		2169.85 time, 2170.01 real, 387 MB, 1.00 load
[runlim] sample:		2179.86 time, 2180.01 real, 388 MB, 1.00 load
[runlim] sample:		2189.86 time, 2190.01 real, 388 MB, 1.00 load
[runlim] sample:		2199.86 time, 2200.01 real, 388 MB, 1.00 load
[runlim] sample:		2209.86 time, 2210.01 real, 388 MB, 1.00 load
[runlim] sample:		2219.86 time, 2220.01 real, 391 MB, 1.00 load
[runlim] sample:		2229.86 time, 2230.01 real, 391 MB, 1.00 load
[runlim] sample:		2239.86 time, 2240.01 real, 391 MB, 1.00 load
[runlim] sample:		2249.85 time, 2250.01 real, 392 MB, 1.00 load
[runlim] sample:		2259.85 time, 2260.01 real, 392 MB, 1.00 load
[runlim] sample:		2269.85 time, 2270.01 real, 408 MB, 1.00 load
[runlim] sample:		2279.85 time, 2280.01 real, 408 MB, 1.00 load
[runlim] sample:		2289.85 time, 2290.01 real, 408 MB, 1.00 load
[runlim] sample:		2299.85 time, 2300.01 real, 407 MB, 1.00 load
[runlim] sample:		2309.85 time, 2310.01 real, 407 MB, 1.00 load
[runlim] sample:		2319.85 time, 2320.01 real, 407 MB, 1.00 load
[runlim] sample:		2329.85 time, 2330.01 real, 419 MB, 1.00 load
[runlim] sample:		2339.85 time, 2340.01 real, 419 MB, 1.00 load
[runlim] sample:		2349.85 time, 2350.01 real, 419 MB, 1.00 load
[runlim] sample:		2359.86 time, 2360.01 real, 422 MB, 1.00 load
[runlim] sample:		2369.86 time, 2370.01 real, 422 MB, 1.00 load
[runlim] sample:		2379.85 time, 2380.01 real, 422 MB, 1.00 load
[runlim] sample:		2389.85 time, 2390.01 real, 404 MB, 1.00 load
[runlim] sample:		2399.85 time, 2400.01 real, 404 MB, 1.00 load
[runlim] sample:		2409.85 time, 2410.01 real, 409 MB, 1.00 load
[runlim] sample:		2419.85 time, 2420.01 real, 409 MB, 1.00 load
[runlim] sample:		2429.85 time, 2430.01 real, 409 MB, 1.00 load
[runlim] sample:		2439.85 time, 2440.01 real, 409 MB, 1.00 load
[runlim] sample:		2449.84 time, 2450.01 real, 408 MB, 1.00 load
[runlim] sample:		2459.84 time, 2460.01 real, 408 MB, 1.00 load
[runlim] sample:		2469.84 time, 2470.01 real, 413 MB, 1.00 load
[runlim] sample:		2479.84 time, 2480.01 real, 413 MB, 1.00 load
[runlim] sample:		2489.84 time, 2490.01 real, 413 MB, 1.00 load
[runlim] sample:		2499.84 time, 2500.01 real, 407 MB, 1.72 load
[runlim] sample:		2509.84 time, 2510.01 real, 407 MB, 1.61 load
[runlim] sample:		2519.84 time, 2520.01 real, 407 MB, 1.52 load
[runlim] sample:		2529.85 time, 2530.01 real, 406 MB, 1.44 load
[runlim] sample:		2539.85 time, 2540.01 real, 406 MB, 1.37 load
[runlim] sample:		2549.85 time, 2550.01 real, 406 MB, 1.31 load
[runlim] sample:		2559.84 time, 2560.01 real, 405 MB, 1.26 load
[runlim] sample:		2569.84 time, 2570.01 real, 405 MB, 1.22 load
[runlim] sample:		2579.83 time, 2580.01 real, 405 MB, 1.19 load
[runlim] sample:		2589.83 time, 2590.01 real, 417 MB, 1.16 load
[runlim] sample:		2599.83 time, 2600.01 real, 417 MB, 1.13 load
[runlim] sample:		2609.83 time, 2610.01 real, 417 MB, 1.11 load
[runlim] sample:		2619.83 time, 2620.01 real, 415 MB, 1.10 load
[runlim] sample:		2629.83 time, 2630.01 real, 415 MB, 1.08 load
[runlim] sample:		2639.83 time, 2640.01 real, 415 MB, 1.07 load
[runlim] sample:		2649.83 time, 2650.01 real, 411 MB, 1.06 load
[runlim] sample:		2659.84 time, 2660.01 real, 411 MB, 1.05 load
[runlim] sample:		2669.84 time, 2670.01 real, 411 MB, 1.04 load
[runlim] sample:		2679.84 time, 2680.01 real, 413 MB, 1.03 load
[runlim] sample:		2689.83 time, 2690.01 real, 413 MB, 1.03 load
[runlim] sample:		2699.83 time, 2700.01 real, 413 MB, 1.02 load
[runlim] sample:		2709.83 time, 2710.01 real, 411 MB, 1.02 load
[runlim] sample:		2719.83 time, 2720.01 real, 411 MB, 1.02 load
[runlim] sample:		2729.83 time, 2730.01 real, 411 MB, 1.01 load
[runlim] sample:		2739.83 time, 2740.01 real, 403 MB, 1.01 load
[runlim] sample:		2749.83 time, 2750.01 real, 403 MB, 1.01 load
[runlim] sample:		2759.83 time, 2760.01 real, 403 MB, 1.01 load
[runlim] sample:		2769.83 time, 2770.01 real, 406 MB, 1.00 load
[runlim] sample:		2779.83 time, 2780.01 real, 406 MB, 1.00 load
[runlim] sample:		2789.83 time, 2790.01 real, 406 MB, 1.00 load
[runlim] sample:		2799.83 time, 2800.01 real, 406 MB, 1.00 load
[runlim] sample:		2809.82 time, 2810.01 real, 394 MB, 1.00 load
[runlim] sample:		2819.82 time, 2820.01 real, 394 MB, 1.00 load
[runlim] sample:		2829.82 time, 2830.01 real, 394 MB, 1.00 load
[runlim] sample:		2839.83 time, 2840.01 real, 395 MB, 1.00 load
[runlim] sample:		2849.83 time, 2850.01 real, 395 MB, 1.00 load
[runlim] sample:		2859.83 time, 2860.01 real, 395 MB, 1.00 load
[runlim] sample:		2869.82 time, 2870.01 real, 396 MB, 1.00 load
[runlim] sample:		2879.82 time, 2880.01 real, 396 MB, 1.00 load
[runlim] sample:		2889.82 time, 2890.01 real, 396 MB, 1.00 load
[runlim] sample:		2899.82 time, 2900.01 real, 396 MB, 1.00 load
[runlim] sample:		2909.82 time, 2910.01 real, 397 MB, 1.00 load
[runlim] sample:		2919.82 time, 2920.01 real, 399 MB, 1.00 load
[runlim] sample:		2929.83 time, 2930.01 real, 399 MB, 1.00 load
[runlim] sample:		2939.83 time, 2940.01 real, 399 MB, 1.00 load
[runlim] sample:		2949.82 time, 2950.01 real, 399 MB, 1.00 load
[runlim] sample:		2959.82 time, 2960.01 real, 399 MB, 1.00 load
[runlim] sample:		2969.82 time, 2970.01 real, 399 MB, 1.00 load
[runlim] sample:		2979.82 time, 2980.01 real, 399 MB, 1.00 load
[runlim] sample:		2989.83 time, 2990.01 real, 400 MB, 1.00 load
[runlim] sample:		2999.82 time, 3000.01 real, 400 MB, 1.00 load
[runlim] sample:		3009.82 time, 3010.01 real, 400 MB, 1.00 load
[runlim] sample:		3019.82 time, 3020.01 real, 400 MB, 1.00 load
[runlim] sample:		3029.82 time, 3030.01 real, 401 MB, 1.00 load
[runlim] sample:		3039.82 time, 3040.01 real, 401 MB, 1.00 load
[runlim] sample:		3049.82 time, 3050.01 real, 401 MB, 1.00 load
[runlim] sample:		3059.82 time, 3060.01 real, 401 MB, 1.00 load
[runlim] sample:		3069.82 time, 3070.01 real, 401 MB, 1.00 load
[runlim] sample:		3079.81 time, 3080.01 real, 403 MB, 1.00 load
[runlim] sample:		3089.81 time, 3090.01 real, 403 MB, 1.00 load
[runlim] sample:		3099.81 time, 3100.01 real, 403 MB, 1.00 load
[runlim] sample:		3109.81 time, 3110.01 real, 403 MB, 1.00 load
[runlim] sample:		3119.81 time, 3120.01 real, 403 MB, 1.00 load
[runlim] sample:		3129.81 time, 3130.01 real, 403 MB, 1.00 load
[runlim] sample:		3139.81 time, 3140.01 real, 403 MB, 1.00 load
[runlim] sample:		3149.81 time, 3150.01 real, 367 MB, 1.00 load
[runlim] sample:		3159.81 time, 3160.01 real, 367 MB, 1.00 load
[runlim] sample:		3169.81 time, 3170.01 real, 367 MB, 1.00 load
[runlim] sample:		3179.80 time, 3180.01 real, 367 MB, 1.00 load
[runlim] sample:		3189.80 time, 3190.01 real, 369 MB, 1.00 load
[runlim] sample:		3199.80 time, 3200.01 real, 369 MB, 1.00 load
[runlim] sample:		3209.80 time, 3210.01 real, 369 MB, 1.00 load
[runlim] sample:		3219.80 time, 3220.01 real, 369 MB, 1.00 load
[runlim] sample:		3229.79 time, 3230.01 real, 371 MB, 1.00 load
[runlim] sample:		3239.79 time, 3240.01 real, 371 MB, 1.00 load
[runlim] sample:		3249.79 time, 3250.01 real, 373 MB, 1.00 load
[runlim] sample:		3259.79 time, 3260.01 real, 373 MB, 1.00 load
[runlim] sample:		3269.79 time, 3270.01 real, 373 MB, 1.00 load
[runlim] sample:		3279.79 time, 3280.01 real, 378 MB, 1.00 load
[runlim] sample:		3289.79 time, 3290.01 real, 378 MB, 1.00 load
[runlim] sample:		3299.79 time, 3300.01 real, 378 MB, 1.00 load
[runlim] sample:		3309.79 time, 3310.01 real, 378 MB, 1.00 load
[runlim] sample:		3319.79 time, 3320.01 real, 379 MB, 1.00 load
[runlim] sample:		3329.79 time, 3330.01 real, 379 MB, 1.00 load
[runlim] sample:		3339.79 time, 3340.01 real, 379 MB, 1.00 load
[runlim] sample:		3349.79 time, 3350.01 real, 379 MB, 1.00 load
[runlim] sample:		3359.79 time, 3360.01 real, 380 MB, 1.00 load
[runlim] sample:		3369.79 time, 3370.01 real, 380 MB, 1.00 load
[runlim] sample:		3379.79 time, 3380.01 real, 380 MB, 1.08 load
[runlim] sample:		3389.79 time, 3390.01 real, 380 MB, 1.07 load
[runlim] sample:		3399.79 time, 3400.01 real, 380 MB, 1.06 load
[runlim] sample:		3409.78 time, 3410.01 real, 380 MB, 1.05 load
[runlim] sample:		3419.78 time, 3420.01 real, 380 MB, 1.04 load
[runlim] sample:		3429.79 time, 3430.01 real, 378 MB, 1.03 load
[runlim] sample:		3439.78 time, 3440.01 real, 378 MB, 1.03 load
[runlim] sample:		3449.78 time, 3450.01 real, 381 MB, 1.02 load
[runlim] sample:		3459.78 time, 3460.01 real, 381 MB, 1.02 load
[runlim] sample:		3469.78 time, 3470.01 real, 381 MB, 1.02 load
[runlim] sample:		3479.78 time, 3480.01 real, 381 MB, 1.01 load
[runlim] sample:		3489.78 time, 3490.01 real, 382 MB, 1.01 load
[runlim] sample:		3499.78 time, 3500.01 real, 382 MB, 1.01 load
[runlim] sample:		3509.78 time, 3510.01 real, 382 MB, 1.01 load
[runlim] sample:		3519.78 time, 3520.01 real, 382 MB, 1.00 load
[runlim] sample:		3529.78 time, 3530.01 real, 382 MB, 1.00 load
[runlim] sample:		3539.78 time, 3540.01 real, 382 MB, 1.00 load
[runlim] sample:		3549.78 time, 3550.01 real, 382 MB, 1.00 load
[runlim] sample:		3559.78 time, 3560.01 real, 382 MB, 1.00 load
[runlim] sample:		3569.78 time, 3570.01 real, 382 MB, 1.00 load
[runlim] sample:		3579.77 time, 3580.01 real, 384 MB, 1.00 load
[runlim] sample:		3589.77 time, 3590.01 real, 384 MB, 1.00 load
[runlim] sample:		3599.77 time, 3600.01 real, 384 MB, 1.00 load
[runlim] end:			Sat Aug 15 21:25:06 2026
[runlim] status:		out of time
[runlim] result:		2
[runlim] children:		1
[runlim] processes:		2
[runlim] real:			3601.04 seconds
[runlim] time:			3599.77 seconds
[runlim] space:			532 MB
[runlim] load:			1.81 maximum
[runlim] samples:		36000
