[runlim] version:		2.0.0rc12
[runlim] host:			fjssp-instance
[runlim] time limit:		311040000 seconds
[runlim] real time limit:	3600 seconds
[runlim] space limit:		14000 MB
[runlim] argv[0]:		python3
[runlim] argv[1]:		-u
[runlim] argv[2]:		main.py
[runlim] argv[3]:		--input
[runlim] argv[4]:		datasets/rdata/la17.txt
[runlim] argv[5]:		--sb
[runlim] argv[6]:		--factories
[runlim] argv[7]:		2
[runlim] start:			Sun Aug 16 01:25:12 2026
[runlim] child:			328096
[*] Loading data from file: datasets/rdata/la17.txt
[*] Running D-FJSSP SAT Solver with 2 factories, Symmetry Breaking = ON, Transitive E* = OFF
===========================================================================
 D-FJSSP SAT SOLVER - PARALLEL FACTORIES SCHEDULING
===========================================================================
  -> Operations: 100 | Jobs: 10 | Machines: 10 | Factories: 2

[*] Running Greedy Heuristic...
  -> Greedy Solution: Makespan = 720 (0.0003s)

[*] Initializing and solving the SAT model...
------------------------------------------------------------------
[*] Trying with Upper Bound = 720...
  SAT ! Makespan = 720
  Schedule is valid with Makespan = 720
  Total time: 0.3976 seconds
------------------------------------------------------------------
[*] Trying with Upper Bound = 719...
  SAT ! Makespan = 719
  Schedule is valid with Makespan = 719
  Total time: 0.4052 seconds
------------------------------------------------------------------
[*] Trying with Upper Bound = 718...
  SAT ! Makespan = 718
  Schedule is valid with Makespan = 718
  Total time: 0.4113 seconds
------------------------------------------------------------------
[*] Trying with Upper Bound = 717...
  SAT ! Makespan = 717
  Schedule is valid with Makespan = 717
  Total time: 0.4176 seconds
------------------------------------------------------------------
[*] Trying with Upper Bound = 716...
  SAT ! Makespan = 716
  Schedule is valid with Makespan = 716
  Total time: 0.4239 seconds
------------------------------------------------------------------
[*] Trying with Upper Bound = 715...
  SAT ! Makespan = 715
  Schedule is valid with Makespan = 715
  Total time: 0.4303 seconds
------------------------------------------------------------------
[*] Trying with Upper Bound = 714...
  SAT ! Makespan = 714
  Schedule is valid with Makespan = 714
  Total time: 0.4365 seconds
------------------------------------------------------------------
[*] Trying with Upper Bound = 713...
  SAT ! Makespan = 713
  Schedule is valid with Makespan = 713
  Total time: 0.4428 seconds
------------------------------------------------------------------
[*] Trying with Upper Bound = 712...
  SAT ! Makespan = 712
  Schedule is valid with Makespan = 712
  Total time: 0.4491 seconds
------------------------------------------------------------------
[*] Trying with Upper Bound = 711...
  SAT ! Makespan = 711
  Schedule is valid with Makespan = 711
  Total time: 0.4553 seconds
------------------------------------------------------------------
[*] Trying with Upper Bound = 710...
  SAT ! Makespan = 710
  Schedule is valid with Makespan = 710
  Total time: 0.4623 seconds
------------------------------------------------------------------
[*] Trying with Upper Bound = 709...
  SAT ! Makespan = 709
  Schedule is valid with Makespan = 709
  Total time: 0.4683 seconds
------------------------------------------------------------------
[*] Trying with Upper Bound = 708...
  SAT ! Makespan = 708
  Schedule is valid with Makespan = 708
  Total time: 0.4745 seconds
------------------------------------------------------------------
[*] Trying with Upper Bound = 707...
  SAT ! Makespan = 707
  Schedule is valid with Makespan = 707
  Total time: 0.4806 seconds
------------------------------------------------------------------
[*] Trying with Upper Bound = 706...
  SAT ! Makespan = 706
  Schedule is valid with Makespan = 706
  Total time: 0.4866 seconds
------------------------------------------------------------------
[*] Trying with Upper Bound = 705...
  SAT ! Makespan = 705
  Schedule is valid with Makespan = 705
  Total time: 0.4929 seconds
------------------------------------------------------------------
[*] Trying with Upper Bound = 704...
  SAT ! Makespan = 704
  Schedule is valid with Makespan = 704
  Total time: 0.4992 seconds
------------------------------------------------------------------
[*] Trying with Upper Bound = 703...
  SAT ! Makespan = 703
  Schedule is valid with Makespan = 703
  Total time: 0.5055 seconds
------------------------------------------------------------------
[*] Trying with Upper Bound = 702...
  SAT ! Makespan = 702
  Schedule is valid with Makespan = 702
  Total time: 0.5118 seconds
------------------------------------------------------------------
[*] Trying with Upper Bound = 701...
  SAT ! Makespan = 701
  Schedule is valid with Makespan = 701
  Total time: 0.5181 seconds
------------------------------------------------------------------
[*] Trying with Upper Bound = 700...
  SAT ! Makespan = 700
  Schedule is valid with Makespan = 700
  Total time: 0.5253 seconds
------------------------------------------------------------------
[*] Trying with Upper Bound = 699...
  SAT ! Makespan = 699
  Schedule is valid with Makespan = 699
  Total time: 0.5315 seconds
------------------------------------------------------------------
[*] Trying with Upper Bound = 698...
  SAT ! Makespan = 698
  Schedule is valid with Makespan = 698
  Total time: 0.5378 seconds
------------------------------------------------------------------
[*] Trying with Upper Bound = 697...
  SAT ! Makespan = 697
  Schedule is valid with Makespan = 697
  Total time: 0.5440 seconds
------------------------------------------------------------------
[*] Trying with Upper Bound = 696...
  SAT ! Makespan = 696
  Schedule is valid with Makespan = 696
  Total time: 0.5501 seconds
------------------------------------------------------------------
[*] Trying with Upper Bound = 695...
  SAT ! Makespan = 695
  Schedule is valid with Makespan = 695
  Total time: 0.5566 seconds
------------------------------------------------------------------
[*] Trying with Upper Bound = 694...
  SAT ! Makespan = 694
  Schedule is valid with Makespan = 694
  Total time: 0.5628 seconds
------------------------------------------------------------------
[*] Trying with Upper Bound = 693...
  SAT ! Makespan = 693
  Schedule is valid with Makespan = 693
  Total time: 0.5690 seconds
------------------------------------------------------------------
[*] Trying with Upper Bound = 692...
  SAT ! Makespan = 692
  Schedule is valid with Makespan = 692
  Total time: 0.5752 seconds
------------------------------------------------------------------
[*] Trying with Upper Bound = 691...
  SAT ! Makespan = 691
  Schedule is valid with Makespan = 691
  Total time: 0.5815 seconds
------------------------------------------------------------------
[*] Trying with Upper Bound = 690...
  SAT ! Makespan = 690
  Schedule is valid with Makespan = 690
  Total time: 0.5995 seconds
------------------------------------------------------------------
[*] Trying with Upper Bound = 689...
  SAT ! Makespan = 689
  Schedule is valid with Makespan = 689
  Total time: 0.6059 seconds
------------------------------------------------------------------
[*] Trying with Upper Bound = 688...
  SAT ! Makespan = 688
  Schedule is valid with Makespan = 688
  Total time: 0.6124 seconds
------------------------------------------------------------------
[*] Trying with Upper Bound = 687...
  SAT ! Makespan = 687
  Schedule is valid with Makespan = 687
  Total time: 0.6190 seconds
------------------------------------------------------------------
[*] Trying with Upper Bound = 686...
  SAT ! Makespan = 686
  Schedule is valid with Makespan = 686
  Total time: 0.6258 seconds
------------------------------------------------------------------
[*] Trying with Upper Bound = 685...
  SAT ! Makespan = 685
  Schedule is valid with Makespan = 685
  Total time: 0.6324 seconds
------------------------------------------------------------------
[*] Trying with Upper Bound = 684...
  SAT ! Makespan = 684
  Schedule is valid with Makespan = 684
  Total time: 0.6390 seconds
------------------------------------------------------------------
[*] Trying with Upper Bound = 683...
  SAT ! Makespan = 683
  Schedule is valid with Makespan = 683
  Total time: 0.6456 seconds
------------------------------------------------------------------
[*] Trying with Upper Bound = 682...
  SAT ! Makespan = 682
  Schedule is valid with Makespan = 682
  Total time: 0.6523 seconds
------------------------------------------------------------------
[*] Trying with Upper Bound = 681...
  SAT ! Makespan = 681
  Schedule is valid with Makespan = 681
  Total time: 0.6591 seconds
------------------------------------------------------------------
[*] Trying with Upper Bound = 680...
  SAT ! Makespan = 680
  Schedule is valid with Makespan = 680
  Total time: 0.6658 seconds
------------------------------------------------------------------
[*] Trying with Upper Bound = 679...
  SAT ! Makespan = 679
  Schedule is valid with Makespan = 679
  Total time: 0.6726 seconds
------------------------------------------------------------------
[*] Trying with Upper Bound = 678...
  SAT ! Makespan = 678
  Schedule is valid with Makespan = 678
  Total time: 0.6794 seconds
------------------------------------------------------------------
[*] Trying with Upper Bound = 677...
  SAT ! Makespan = 677
  Schedule is valid with Makespan = 677
  Total time: 0.6858 seconds
------------------------------------------------------------------
[*] Trying with Upper Bound = 676...
  SAT ! Makespan = 676
  Schedule is valid with Makespan = 676
  Total time: 0.6925 seconds
------------------------------------------------------------------
[*] Trying with Upper Bound = 675...
  SAT ! Makespan = 675
  Schedule is valid with Makespan = 675
  Total time: 0.6992 seconds
------------------------------------------------------------------
[*] Trying with Upper Bound = 674...
  SAT ! Makespan = 674
  Schedule is valid with Makespan = 674
  Total time: 0.7058 seconds
------------------------------------------------------------------
[*] Trying with Upper Bound = 673...
  SAT ! Makespan = 673
  Schedule is valid with Makespan = 673
  Total time: 0.7125 seconds
------------------------------------------------------------------
[*] Trying with Upper Bound = 672...
  SAT ! Makespan = 672
  Schedule is valid with Makespan = 672
  Total time: 0.7194 seconds
------------------------------------------------------------------
[*] Trying with Upper Bound = 671...
  SAT ! Makespan = 671
  Schedule is valid with Makespan = 671
  Total time: 0.7261 seconds
------------------------------------------------------------------
[*] Trying with Upper Bound = 670...
  SAT ! Makespan = 670
  Schedule is valid with Makespan = 670
  Total time: 0.7327 seconds
------------------------------------------------------------------
[*] Trying with Upper Bound = 669...
  SAT ! Makespan = 669
  Schedule is valid with Makespan = 669
  Total time: 0.7393 seconds
------------------------------------------------------------------
[*] Trying with Upper Bound = 668...
  SAT ! Makespan = 668
  Schedule is valid with Makespan = 668
  Total time: 0.7460 seconds
------------------------------------------------------------------
[*] Trying with Upper Bound = 667...
  SAT ! Makespan = 667
  Schedule is valid with Makespan = 667
  Total time: 0.7526 seconds
------------------------------------------------------------------
[*] Trying with Upper Bound = 666...
  SAT ! Makespan = 666
  Schedule is valid with Makespan = 666
  Total time: 0.7592 seconds
------------------------------------------------------------------
[*] Trying with Upper Bound = 665...
  SAT ! Makespan = 665
  Schedule is valid with Makespan = 665
  Total time: 0.7658 seconds
------------------------------------------------------------------
[*] Trying with Upper Bound = 664...
  SAT ! Makespan = 664
  Schedule is valid with Makespan = 664
  Total time: 0.7724 seconds
------------------------------------------------------------------
[*] Trying with Upper Bound = 663...
  SAT ! Makespan = 663
  Schedule is valid with Makespan = 663
  Total time: 0.7788 seconds
------------------------------------------------------------------
[*] Trying with Upper Bound = 662...
  SAT ! Makespan = 662
  Schedule is valid with Makespan = 662
  Total time: 0.7854 seconds
------------------------------------------------------------------
[*] Trying with Upper Bound = 661...
  SAT ! Makespan = 661
  Schedule is valid with Makespan = 661
  Total time: 0.7922 seconds
------------------------------------------------------------------
[*] Trying with Upper Bound = 660...
  SAT ! Makespan = 660
  Schedule is valid with Makespan = 660
  Total time: 0.7987 seconds
------------------------------------------------------------------
[*] Trying with Upper Bound = 659...
  SAT ! Makespan = 659
  Schedule is valid with Makespan = 659
  Total time: 0.8052 seconds
------------------------------------------------------------------
[*] Trying with Upper Bound = 658...
  SAT ! Makespan = 658
  Schedule is valid with Makespan = 658
  Total time: 0.8141 seconds
------------------------------------------------------------------
[*] Trying with Upper Bound = 657...
  SAT ! Makespan = 657
  Schedule is valid with Makespan = 657
  Total time: 0.8210 seconds
------------------------------------------------------------------
[*] Trying with Upper Bound = 656...
  SAT ! Makespan = 656
  Schedule is valid with Makespan = 656
  Total time: 0.8275 seconds
------------------------------------------------------------------
[*] Trying with Upper Bound = 655...
  SAT ! Makespan = 655
  Schedule is valid with Makespan = 655
  Total time: 0.8338 seconds
------------------------------------------------------------------
[*] Trying with Upper Bound = 654...
  SAT ! Makespan = 654
  Schedule is valid with Makespan = 654
  Total time: 0.8400 seconds
------------------------------------------------------------------
[*] Trying with Upper Bound = 653...
  SAT ! Makespan = 653
  Schedule is valid with Makespan = 653
  Total time: 0.8463 seconds
------------------------------------------------------------------
[*] Trying with Upper Bound = 652...
  SAT ! Makespan = 652
  Schedule is valid with Makespan = 652
  Total time: 0.8527 seconds
------------------------------------------------------------------
[*] Trying with Upper Bound = 651...
  SAT ! Makespan = 651
  Schedule is valid with Makespan = 651
  Total time: 0.8590 seconds
------------------------------------------------------------------
[*] Trying with Upper Bound = 650...
  SAT ! Makespan = 650
  Schedule is valid with Makespan = 650
  Total time: 0.8649 seconds
------------------------------------------------------------------
[*] Trying with Upper Bound = 649...
  SAT ! Makespan = 649
  Schedule is valid with Makespan = 649
  Total time: 0.8708 seconds
------------------------------------------------------------------
[*] Trying with Upper Bound = 648...
  SAT ! Makespan = 648
  Schedule is valid with Makespan = 648
  Total time: 0.8770 seconds
------------------------------------------------------------------
[*] Trying with Upper Bound = 647...
  SAT ! Makespan = 647
  Schedule is valid with Makespan = 647
  Total time: 0.8829 seconds
------------------------------------------------------------------
[*] Trying with Upper Bound = 646...
  SAT ! Makespan = 646
  Schedule is valid with Makespan = 646
  Total time: 0.8891 seconds
------------------------------------------------------------------
[*] Trying with Upper Bound = 645...
   UNSAT

 Optimal Makespan = 646

 Summary:
  - Optimal Makespan   : 646
  - Greedy Time        : 0.0003s
  - SAT Time           : 0.8985s
  - Total Time         : 0.8992s
  - Schedule Status    : VALID
===========================================================================
[runlim] end:			Sun Aug 16 01:25:13 2026
[runlim] status:		ok
[runlim] result:		0
[runlim] children:		1
[runlim] processes:		2
[runlim] real:			0.94 seconds
[runlim] time:			0.89 seconds
[runlim] space:			113 MB
[runlim] load:			1.00 maximum
[runlim] samples:		10
