[runlim] version:		2.0.0rc12
[runlim] host:			fjssp-instance
[runlim] time limit:		311040000 seconds
[runlim] real time limit:	3600 seconds
[runlim] space limit:		14000 MB
[runlim] argv[0]:		python3
[runlim] argv[1]:		-u
[runlim] argv[2]:		main.py
[runlim] argv[3]:		--input
[runlim] argv[4]:		datasets/rdata/mt10.txt
[runlim] argv[5]:		--sb
[runlim] argv[6]:		--factories
[runlim] argv[7]:		2
[runlim] start:			Sun Aug 16 01:25:16 2026
[runlim] child:			328113
[*] Loading data from file: datasets/rdata/mt10.txt
[*] Running D-FJSSP SAT Solver with 2 factories, Symmetry Breaking = ON, Transitive E* = OFF
===========================================================================
 D-FJSSP SAT SOLVER - PARALLEL FACTORIES SCHEDULING
===========================================================================
  -> Operations: 100 | Jobs: 10 | Machines: 10 | Factories: 2

[*] Running Greedy Heuristic...
  -> Greedy Solution: Makespan = 709 (0.0003s)

[*] Initializing and solving the SAT model...
------------------------------------------------------------------
[*] Trying with Upper Bound = 709...
  SAT ! Makespan = 709
  Schedule is valid with Makespan = 709
  Total time: 0.3153 seconds
------------------------------------------------------------------
[*] Trying with Upper Bound = 708...
  SAT ! Makespan = 708
  Schedule is valid with Makespan = 708
  Total time: 0.3209 seconds
------------------------------------------------------------------
[*] Trying with Upper Bound = 707...
  SAT ! Makespan = 707
  Schedule is valid with Makespan = 707
  Total time: 0.3255 seconds
------------------------------------------------------------------
[*] Trying with Upper Bound = 706...
  SAT ! Makespan = 706
  Schedule is valid with Makespan = 706
  Total time: 0.3301 seconds
------------------------------------------------------------------
[*] Trying with Upper Bound = 705...
  SAT ! Makespan = 705
  Schedule is valid with Makespan = 705
  Total time: 0.3349 seconds
------------------------------------------------------------------
[*] Trying with Upper Bound = 704...
  SAT ! Makespan = 704
  Schedule is valid with Makespan = 704
  Total time: 0.3396 seconds
------------------------------------------------------------------
[*] Trying with Upper Bound = 703...
  SAT ! Makespan = 703
  Schedule is valid with Makespan = 703
  Total time: 0.3443 seconds
------------------------------------------------------------------
[*] Trying with Upper Bound = 702...
  SAT ! Makespan = 702
  Schedule is valid with Makespan = 702
  Total time: 0.3492 seconds
------------------------------------------------------------------
[*] Trying with Upper Bound = 701...
  SAT ! Makespan = 701
  Schedule is valid with Makespan = 701
  Total time: 0.3539 seconds
------------------------------------------------------------------
[*] Trying with Upper Bound = 700...
  SAT ! Makespan = 700
  Schedule is valid with Makespan = 700
  Total time: 0.3586 seconds
------------------------------------------------------------------
[*] Trying with Upper Bound = 699...
  SAT ! Makespan = 699
  Schedule is valid with Makespan = 699
  Total time: 0.3633 seconds
------------------------------------------------------------------
[*] Trying with Upper Bound = 698...
  SAT ! Makespan = 698
  Schedule is valid with Makespan = 698
  Total time: 0.3686 seconds
------------------------------------------------------------------
[*] Trying with Upper Bound = 697...
  SAT ! Makespan = 697
  Schedule is valid with Makespan = 697
  Total time: 0.3741 seconds
------------------------------------------------------------------
[*] Trying with Upper Bound = 696...
  SAT ! Makespan = 696
  Schedule is valid with Makespan = 696
  Total time: 0.3791 seconds
------------------------------------------------------------------
[*] Trying with Upper Bound = 695...
  SAT ! Makespan = 695
  Schedule is valid with Makespan = 695
  Total time: 0.3838 seconds
------------------------------------------------------------------
[*] Trying with Upper Bound = 694...
  SAT ! Makespan = 694
  Schedule is valid with Makespan = 694
  Total time: 0.3885 seconds
------------------------------------------------------------------
[*] Trying with Upper Bound = 693...
  SAT ! Makespan = 693
  Schedule is valid with Makespan = 693
  Total time: 0.3931 seconds
------------------------------------------------------------------
[*] Trying with Upper Bound = 692...
  SAT ! Makespan = 692
  Schedule is valid with Makespan = 692
  Total time: 0.3978 seconds
------------------------------------------------------------------
[*] Trying with Upper Bound = 691...
  SAT ! Makespan = 691
  Schedule is valid with Makespan = 691
  Total time: 0.4023 seconds
------------------------------------------------------------------
[*] Trying with Upper Bound = 690...
  SAT ! Makespan = 690
  Schedule is valid with Makespan = 690
  Total time: 0.4070 seconds
------------------------------------------------------------------
[*] Trying with Upper Bound = 689...
  SAT ! Makespan = 689
  Schedule is valid with Makespan = 689
  Total time: 0.4117 seconds
------------------------------------------------------------------
[*] Trying with Upper Bound = 688...
  SAT ! Makespan = 688
  Schedule is valid with Makespan = 688
  Total time: 0.4164 seconds
------------------------------------------------------------------
[*] Trying with Upper Bound = 687...
  SAT ! Makespan = 687
  Schedule is valid with Makespan = 687
  Total time: 0.4210 seconds
------------------------------------------------------------------
[*] Trying with Upper Bound = 686...
  SAT ! Makespan = 686
  Schedule is valid with Makespan = 686
  Total time: 0.4257 seconds
------------------------------------------------------------------
[*] Trying with Upper Bound = 685...
  SAT ! Makespan = 685
  Schedule is valid with Makespan = 685
  Total time: 0.4304 seconds
------------------------------------------------------------------
[*] Trying with Upper Bound = 684...
  SAT ! Makespan = 684
  Schedule is valid with Makespan = 684
  Total time: 0.4363 seconds
------------------------------------------------------------------
[*] Trying with Upper Bound = 683...
  SAT ! Makespan = 683
  Schedule is valid with Makespan = 683
  Total time: 0.4413 seconds
------------------------------------------------------------------
[*] Trying with Upper Bound = 682...
  SAT ! Makespan = 682
  Schedule is valid with Makespan = 682
  Total time: 0.4572 seconds
------------------------------------------------------------------
[*] Trying with Upper Bound = 681...
  SAT ! Makespan = 681
  Schedule is valid with Makespan = 681
  Total time: 0.4628 seconds
------------------------------------------------------------------
[*] Trying with Upper Bound = 680...
  SAT ! Makespan = 680
  Schedule is valid with Makespan = 680
  Total time: 0.4675 seconds
------------------------------------------------------------------
[*] Trying with Upper Bound = 679...
  SAT ! Makespan = 679
  Schedule is valid with Makespan = 679
  Total time: 0.4723 seconds
------------------------------------------------------------------
[*] Trying with Upper Bound = 678...
  SAT ! Makespan = 678
  Schedule is valid with Makespan = 678
  Total time: 0.4770 seconds
------------------------------------------------------------------
[*] Trying with Upper Bound = 677...
  SAT ! Makespan = 677
  Schedule is valid with Makespan = 677
  Total time: 0.4838 seconds
------------------------------------------------------------------
[*] Trying with Upper Bound = 676...
  SAT ! Makespan = 676
  Schedule is valid with Makespan = 676
  Total time: 0.4886 seconds
------------------------------------------------------------------
[*] Trying with Upper Bound = 675...
  SAT ! Makespan = 675
  Schedule is valid with Makespan = 675
  Total time: 0.4934 seconds
------------------------------------------------------------------
[*] Trying with Upper Bound = 674...
  SAT ! Makespan = 674
  Schedule is valid with Makespan = 674
  Total time: 0.4981 seconds
------------------------------------------------------------------
[*] Trying with Upper Bound = 673...
  SAT ! Makespan = 673
  Schedule is valid with Makespan = 673
  Total time: 0.5028 seconds
------------------------------------------------------------------
[*] Trying with Upper Bound = 672...
  SAT ! Makespan = 672
  Schedule is valid with Makespan = 672
  Total time: 0.5075 seconds
------------------------------------------------------------------
[*] Trying with Upper Bound = 671...
  SAT ! Makespan = 671
  Schedule is valid with Makespan = 671
  Total time: 0.5122 seconds
------------------------------------------------------------------
[*] Trying with Upper Bound = 670...
  SAT ! Makespan = 670
  Schedule is valid with Makespan = 670
  Total time: 0.5170 seconds
------------------------------------------------------------------
[*] Trying with Upper Bound = 669...
  SAT ! Makespan = 669
  Schedule is valid with Makespan = 669
  Total time: 0.5218 seconds
------------------------------------------------------------------
[*] Trying with Upper Bound = 668...
  SAT ! Makespan = 668
  Schedule is valid with Makespan = 668
  Total time: 0.5265 seconds
------------------------------------------------------------------
[*] Trying with Upper Bound = 667...
  SAT ! Makespan = 667
  Schedule is valid with Makespan = 667
  Total time: 0.5311 seconds
------------------------------------------------------------------
[*] Trying with Upper Bound = 666...
  SAT ! Makespan = 666
  Schedule is valid with Makespan = 666
  Total time: 0.5358 seconds
------------------------------------------------------------------
[*] Trying with Upper Bound = 665...
  SAT ! Makespan = 665
  Schedule is valid with Makespan = 665
  Total time: 0.5406 seconds
------------------------------------------------------------------
[*] Trying with Upper Bound = 664...
  SAT ! Makespan = 664
  Schedule is valid with Makespan = 664
  Total time: 0.5454 seconds
------------------------------------------------------------------
[*] Trying with Upper Bound = 663...
  SAT ! Makespan = 663
  Schedule is valid with Makespan = 663
  Total time: 0.5501 seconds
------------------------------------------------------------------
[*] Trying with Upper Bound = 662...
  SAT ! Makespan = 662
  Schedule is valid with Makespan = 662
  Total time: 0.5549 seconds
------------------------------------------------------------------
[*] Trying with Upper Bound = 661...
  SAT ! Makespan = 661
  Schedule is valid with Makespan = 661
  Total time: 0.5596 seconds
------------------------------------------------------------------
[*] Trying with Upper Bound = 660...
  SAT ! Makespan = 660
  Schedule is valid with Makespan = 660
  Total time: 0.5644 seconds
------------------------------------------------------------------
[*] Trying with Upper Bound = 659...
  SAT ! Makespan = 659
  Schedule is valid with Makespan = 659
  Total time: 0.5691 seconds
------------------------------------------------------------------
[*] Trying with Upper Bound = 658...
  SAT ! Makespan = 658
  Schedule is valid with Makespan = 658
  Total time: 0.5738 seconds
------------------------------------------------------------------
[*] Trying with Upper Bound = 657...
  SAT ! Makespan = 657
  Schedule is valid with Makespan = 657
  Total time: 0.5786 seconds
------------------------------------------------------------------
[*] Trying with Upper Bound = 656...
  SAT ! Makespan = 656
  Schedule is valid with Makespan = 656
  Total time: 0.5835 seconds
------------------------------------------------------------------
[*] Trying with Upper Bound = 655...
  SAT ! Makespan = 655
  Schedule is valid with Makespan = 655
  Total time: 0.5884 seconds
------------------------------------------------------------------
[*] Trying with Upper Bound = 654...
   UNSAT

 Optimal Makespan = 655

 Summary:
  - Optimal Makespan   : 655
  - Greedy Time        : 0.0003s
  - SAT Time           : 0.5955s
  - Total Time         : 0.5962s
  - Schedule Status    : VALID
===========================================================================
[runlim] end:			Sun Aug 16 01:25:16 2026
[runlim] status:		ok
[runlim] result:		0
[runlim] children:		1
[runlim] processes:		2
[runlim] real:			0.63 seconds
[runlim] time:			0.60 seconds
[runlim] space:			110 MB
[runlim] load:			1.00 maximum
[runlim] samples:		7
