[runlim] version:		2.0.0rc12
[runlim] host:			fjssp-instance
[runlim] time limit:		311040000 seconds
[runlim] real time limit:	3600 seconds
[runlim] space limit:		8000 MB
[runlim] argv[0]:		python3
[runlim] argv[1]:		-u
[runlim] argv[2]:		main.py
[runlim] argv[3]:		--input
[runlim] argv[4]:		datasets/rdata/la03.txt
[runlim] argv[5]:		--sb
[runlim] argv[6]:		--factories
[runlim] argv[7]:		3
[runlim] argv[8]:		--full_transitive
[runlim] start:			Sun Sep  6 16:04:04 2026
[runlim] child:			7063
[*] Loading data from file: datasets/rdata/la03.txt
[*] Running D-FJSSP SAT Solver with 3 factories, Symmetry Breaking = ON, Transitive E* = FULL
===========================================================================
 D-FJSSP SAT SOLVER - PARALLEL FACTORIES SCHEDULING
===========================================================================
  -> Operations: 50 | Jobs: 10 | Machines: 5 | Factories: 3

[*] Running Greedy Heuristic...
  -> Greedy Solution: Makespan = 394 (0.0002s)

[*] Initializing and solving the SAT model...
------------------------------------------------------------------
[*] Trying with Upper Bound = 394...
  SAT ! Makespan = 394
  Schedule is valid with Makespan = 394
  Total time: 0.1548 seconds
------------------------------------------------------------------
[*] Trying with Upper Bound = 393...
  SAT ! Makespan = 393
  Schedule is valid with Makespan = 393
  Total time: 0.1577 seconds
------------------------------------------------------------------
[*] Trying with Upper Bound = 392...
  SAT ! Makespan = 392
  Schedule is valid with Makespan = 392
  Total time: 0.1601 seconds
------------------------------------------------------------------
[*] Trying with Upper Bound = 391...
  SAT ! Makespan = 391
  Schedule is valid with Makespan = 391
  Total time: 0.1622 seconds
------------------------------------------------------------------
[*] Trying with Upper Bound = 390...
  SAT ! Makespan = 390
  Schedule is valid with Makespan = 390
  Total time: 0.1643 seconds
------------------------------------------------------------------
[*] Trying with Upper Bound = 389...
  SAT ! Makespan = 389
  Schedule is valid with Makespan = 389
  Total time: 0.1664 seconds
------------------------------------------------------------------
[*] Trying with Upper Bound = 388...
  SAT ! Makespan = 388
  Schedule is valid with Makespan = 388
  Total time: 0.1685 seconds
------------------------------------------------------------------
[*] Trying with Upper Bound = 387...
  SAT ! Makespan = 387
  Schedule is valid with Makespan = 387
  Total time: 0.1706 seconds
------------------------------------------------------------------
[*] Trying with Upper Bound = 386...
  SAT ! Makespan = 386
  Schedule is valid with Makespan = 386
  Total time: 0.1729 seconds
------------------------------------------------------------------
[*] Trying with Upper Bound = 385...
  SAT ! Makespan = 385
  Schedule is valid with Makespan = 385
  Total time: 0.1751 seconds
------------------------------------------------------------------
[*] Trying with Upper Bound = 384...
  SAT ! Makespan = 384
  Schedule is valid with Makespan = 384
  Total time: 0.1773 seconds
------------------------------------------------------------------
[*] Trying with Upper Bound = 383...
  SAT ! Makespan = 383
  Schedule is valid with Makespan = 383
  Total time: 0.1796 seconds
------------------------------------------------------------------
[*] Trying with Upper Bound = 382...
  SAT ! Makespan = 382
  Schedule is valid with Makespan = 382
  Total time: 0.1817 seconds
------------------------------------------------------------------
[*] Trying with Upper Bound = 381...
  SAT ! Makespan = 381
  Schedule is valid with Makespan = 381
  Total time: 0.1839 seconds
------------------------------------------------------------------
[*] Trying with Upper Bound = 380...
  SAT ! Makespan = 380
  Schedule is valid with Makespan = 380
  Total time: 0.1860 seconds
------------------------------------------------------------------
[*] Trying with Upper Bound = 379...
  SAT ! Makespan = 379
  Schedule is valid with Makespan = 379
  Total time: 0.1881 seconds
------------------------------------------------------------------
[*] Trying with Upper Bound = 378...
  SAT ! Makespan = 378
  Schedule is valid with Makespan = 378
  Total time: 0.1901 seconds
------------------------------------------------------------------
[*] Trying with Upper Bound = 377...
  SAT ! Makespan = 377
  Schedule is valid with Makespan = 377
  Total time: 0.1921 seconds
------------------------------------------------------------------
[*] Trying with Upper Bound = 376...
  SAT ! Makespan = 376
  Schedule is valid with Makespan = 376
  Total time: 0.1941 seconds
------------------------------------------------------------------
[*] Trying with Upper Bound = 375...
  SAT ! Makespan = 375
  Schedule is valid with Makespan = 375
  Total time: 0.1969 seconds
------------------------------------------------------------------
[*] Trying with Upper Bound = 374...
  SAT ! Makespan = 374
  Schedule is valid with Makespan = 374
  Total time: 0.1989 seconds
------------------------------------------------------------------
[*] Trying with Upper Bound = 373...
  SAT ! Makespan = 373
  Schedule is valid with Makespan = 373
  Total time: 0.2010 seconds
------------------------------------------------------------------
[*] Trying with Upper Bound = 372...
  SAT ! Makespan = 372
  Schedule is valid with Makespan = 372
  Total time: 0.2031 seconds
------------------------------------------------------------------
[*] Trying with Upper Bound = 371...
  SAT ! Makespan = 371
  Schedule is valid with Makespan = 371
  Total time: 0.2051 seconds
------------------------------------------------------------------
[*] Trying with Upper Bound = 370...
  SAT ! Makespan = 370
  Schedule is valid with Makespan = 370
  Total time: 0.2071 seconds
------------------------------------------------------------------
[*] Trying with Upper Bound = 369...
  SAT ! Makespan = 369
  Schedule is valid with Makespan = 369
  Total time: 0.2092 seconds
------------------------------------------------------------------
[*] Trying with Upper Bound = 368...
  SAT ! Makespan = 368
  Schedule is valid with Makespan = 368
  Total time: 0.2112 seconds
------------------------------------------------------------------
[*] Trying with Upper Bound = 367...
  SAT ! Makespan = 367
  Schedule is valid with Makespan = 367
  Total time: 0.2132 seconds
------------------------------------------------------------------
[*] Trying with Upper Bound = 366...
  SAT ! Makespan = 366
  Schedule is valid with Makespan = 366
  Total time: 0.2152 seconds
------------------------------------------------------------------
[*] Trying with Upper Bound = 365...
  SAT ! Makespan = 365
  Schedule is valid with Makespan = 365
  Total time: 0.2172 seconds
------------------------------------------------------------------
[*] Trying with Upper Bound = 364...
  SAT ! Makespan = 364
  Schedule is valid with Makespan = 364
  Total time: 0.2192 seconds
------------------------------------------------------------------
[*] Trying with Upper Bound = 363...
  SAT ! Makespan = 363
  Schedule is valid with Makespan = 363
  Total time: 0.2212 seconds
------------------------------------------------------------------
[*] Trying with Upper Bound = 362...
  SAT ! Makespan = 362
  Schedule is valid with Makespan = 362
  Total time: 0.2233 seconds
------------------------------------------------------------------
[*] Trying with Upper Bound = 361...
  SAT ! Makespan = 361
  Schedule is valid with Makespan = 361
  Total time: 0.2253 seconds
------------------------------------------------------------------
[*] Trying with Upper Bound = 360...
  SAT ! Makespan = 360
  Schedule is valid with Makespan = 360
  Total time: 0.2273 seconds
------------------------------------------------------------------
[*] Trying with Upper Bound = 359...
  SAT ! Makespan = 359
  Schedule is valid with Makespan = 359
  Total time: 0.2294 seconds
------------------------------------------------------------------
[*] Trying with Upper Bound = 358...
  SAT ! Makespan = 358
  Schedule is valid with Makespan = 358
  Total time: 0.2314 seconds
------------------------------------------------------------------
[*] Trying with Upper Bound = 357...
  SAT ! Makespan = 357
  Schedule is valid with Makespan = 357
  Total time: 0.2342 seconds
------------------------------------------------------------------
[*] Trying with Upper Bound = 356...
  SAT ! Makespan = 356
  Schedule is valid with Makespan = 356
  Total time: 0.2364 seconds
------------------------------------------------------------------
[*] Trying with Upper Bound = 355...
  SAT ! Makespan = 355
  Schedule is valid with Makespan = 355
  Total time: 0.2388 seconds
------------------------------------------------------------------
[*] Trying with Upper Bound = 354...
  SAT ! Makespan = 354
  Schedule is valid with Makespan = 354
  Total time: 0.2408 seconds
------------------------------------------------------------------
[*] Trying with Upper Bound = 353...
  SAT ! Makespan = 353
  Schedule is valid with Makespan = 353
  Total time: 0.2432 seconds
------------------------------------------------------------------
[*] Trying with Upper Bound = 352...
  SAT ! Makespan = 352
  Schedule is valid with Makespan = 352
  Total time: 0.2453 seconds
------------------------------------------------------------------
[*] Trying with Upper Bound = 351...
  SAT ! Makespan = 351
  Schedule is valid with Makespan = 351
  Total time: 0.2474 seconds
------------------------------------------------------------------
[*] Trying with Upper Bound = 350...
  SAT ! Makespan = 350
  Schedule is valid with Makespan = 350
  Total time: 0.2495 seconds
------------------------------------------------------------------
[*] Trying with Upper Bound = 349...
  SAT ! Makespan = 349
  Schedule is valid with Makespan = 349
  Total time: 0.2517 seconds
------------------------------------------------------------------
[*] Trying with Upper Bound = 348...
   UNSAT

 Optimal Makespan = 349

 Summary:
  - Optimal Makespan   : 349
  - Greedy Time        : 0.0002s
  - SAT Time           : 0.2555s
  - Total Time         : 0.2560s
  - Schedule Status    : VALID
===========================================================================
[runlim] end:			Sun Sep  6 16:04:05 2026
[runlim] status:		ok
[runlim] result:		0
[runlim] children:		1
[runlim] processes:		2
[runlim] real:			0.29 seconds
[runlim] time:			0.19 seconds
[runlim] space:			48 MB
[runlim] load:			1.01 maximum
[runlim] samples:		3
