[runlim] version:		2.0.0rc12
[runlim] host:			fjssp-instance1
[runlim] time limit:		311040000 seconds
[runlim] real time limit:	3600 seconds
[runlim] space limit:		1400 MB
[runlim] argv[0]:		python3
[runlim] argv[1]:		-u
[runlim] argv[2]:		main.py
[runlim] argv[3]:		--input
[runlim] argv[4]:		datasets/LowFlexibilityData/AllInstances/la18.fjs
[runlim] argv[5]:		--half_transitive
[runlim] start:			Thu Aug 13 22:21:11 2026
[runlim] child:			28331
[*] Loading data from file: datasets/LowFlexibilityData/AllInstances/la18.fjs
[*] Running D-FJSSP SAT Solver with 2 factories, Symmetry Breaking = OFF, Transitive E* = HALF
===========================================================================
 D-FJSSP SAT SOLVER - PARALLEL FACTORIES SCHEDULING
===========================================================================
  -> Operations: 100 | Jobs: 10 | Machines: 10 | Factories: 2

[*] Running Greedy Heuristic...
  -> Greedy Solution: Makespan = 663 (0.0003s)

[*] Initializing and solving the SAT model...
------------------------------------------------------------------
[*] Trying with Upper Bound = 663...
  SAT ! Makespan = 663
  Schedule is valid with Makespan = 663
  Total time: 0.2258 seconds
------------------------------------------------------------------
[*] Trying with Upper Bound = 662...
   UNSAT

 Optimal Makespan = 663

 Summary:
  - Optimal Makespan   : 663
  - Greedy Time        : 0.0003s
  - SAT Time           : 0.2325s
  - Total Time         : 0.2332s
  - Schedule Status    : VALID
===========================================================================
[runlim] end:			Thu Aug 13 22:21:11 2026
[runlim] status:		ok
[runlim] result:		0
[runlim] children:		1
[runlim] processes:		2
[runlim] real:			0.27 seconds
[runlim] time:			0.20 seconds
[runlim] space:			79 MB
[runlim] load:			1.08 maximum
[runlim] samples:		3
