[runlim] version:		2.0.0rc12
[runlim] host:			fjssp-instance1
[runlim] time limit:		311040000 seconds
[runlim] real time limit:	3600 seconds
[runlim] space limit:		1400 MB
[runlim] argv[0]:		python3
[runlim] argv[1]:		-u
[runlim] argv[2]:		main.py
[runlim] argv[3]:		--input
[runlim] argv[4]:		datasets/LowFlexibilityData/AllInstances/la21.fjs
[runlim] argv[5]:		--half_transitive
[runlim] start:			Thu Aug 13 22:21:13 2026
[runlim] child:			28340
[*] Loading data from file: datasets/LowFlexibilityData/AllInstances/la21.fjs
[*] Running D-FJSSP SAT Solver with 2 factories, Symmetry Breaking = OFF, Transitive E* = HALF
===========================================================================
 D-FJSSP SAT SOLVER - PARALLEL FACTORIES SCHEDULING
===========================================================================
  -> Operations: 200 | Jobs: 20 | Machines: 10 | Factories: 2

[*] Running Greedy Heuristic...
  -> Greedy Solution: Makespan = 886 (0.0006s)

[*] Initializing and solving the SAT model...
------------------------------------------------------------------
[*] Trying with Upper Bound = 886...
  SAT ! Makespan = 886
  Schedule is valid with Makespan = 886
  Total time: 3.1479 seconds
------------------------------------------------------------------
[*] Trying with Upper Bound = 885...
  SAT ! Makespan = 885
  Schedule is valid with Makespan = 885
  Total time: 3.2014 seconds
------------------------------------------------------------------
[*] Trying with Upper Bound = 884...
  SAT ! Makespan = 884
  Schedule is valid with Makespan = 884
  Total time: 3.2540 seconds
------------------------------------------------------------------
[*] Trying with Upper Bound = 883...
  SAT ! Makespan = 883
  Schedule is valid with Makespan = 883
  Total time: 3.2849 seconds
------------------------------------------------------------------
[*] Trying with Upper Bound = 882...
  SAT ! Makespan = 882
  Schedule is valid with Makespan = 882
  Total time: 3.3142 seconds
------------------------------------------------------------------
[*] Trying with Upper Bound = 881...
  SAT ! Makespan = 881
  Schedule is valid with Makespan = 881
  Total time: 3.3419 seconds
------------------------------------------------------------------
[*] Trying with Upper Bound = 880...
  SAT ! Makespan = 880
  Schedule is valid with Makespan = 880
  Total time: 3.3696 seconds
------------------------------------------------------------------
[*] Trying with Upper Bound = 879...
  SAT ! Makespan = 879
  Schedule is valid with Makespan = 879
  Total time: 3.3983 seconds
------------------------------------------------------------------
[*] Trying with Upper Bound = 878...
  SAT ! Makespan = 878
  Schedule is valid with Makespan = 878
  Total time: 3.4276 seconds
------------------------------------------------------------------
[*] Trying with Upper Bound = 877...
  SAT ! Makespan = 877
  Schedule is valid with Makespan = 877
  Total time: 3.4575 seconds
------------------------------------------------------------------
[*] Trying with Upper Bound = 876...
  SAT ! Makespan = 876
  Schedule is valid with Makespan = 876
  Total time: 3.9587 seconds
------------------------------------------------------------------
[*] Trying with Upper Bound = 875...
  SAT ! Makespan = 875
  Schedule is valid with Makespan = 875
  Total time: 4.0493 seconds
------------------------------------------------------------------
[*] Trying with Upper Bound = 874...
  SAT ! Makespan = 874
  Schedule is valid with Makespan = 874
  Total time: 4.0917 seconds
------------------------------------------------------------------
[*] Trying with Upper Bound = 873...
  SAT ! Makespan = 873
  Schedule is valid with Makespan = 873
  Total time: 4.1275 seconds
------------------------------------------------------------------
[*] Trying with Upper Bound = 872...
  SAT ! Makespan = 872
  Schedule is valid with Makespan = 872
  Total time: 4.4526 seconds
------------------------------------------------------------------
[*] Trying with Upper Bound = 871...
  SAT ! Makespan = 871
  Schedule is valid with Makespan = 871
  Total time: 4.4943 seconds
------------------------------------------------------------------
[*] Trying with Upper Bound = 870...
  SAT ! Makespan = 870
  Schedule is valid with Makespan = 870
  Total time: 4.5255 seconds
------------------------------------------------------------------
[*] Trying with Upper Bound = 869...
[runlim] sample:		9.99 time, 10.01 real, 467 MB, 1.06 load
  SAT ! Makespan = 869
  Schedule is valid with Makespan = 869
  Total time: 11.4992 seconds
------------------------------------------------------------------
[*] Trying with Upper Bound = 868...
  SAT ! Makespan = 868
  Schedule is valid with Makespan = 868
  Total time: 11.7046 seconds
------------------------------------------------------------------
[*] Trying with Upper Bound = 867...
  SAT ! Makespan = 867
  Schedule is valid with Makespan = 867
  Total time: 11.8666 seconds
------------------------------------------------------------------
[*] Trying with Upper Bound = 866...
  SAT ! Makespan = 866
  Schedule is valid with Makespan = 866
  Total time: 12.0009 seconds
------------------------------------------------------------------
[*] Trying with Upper Bound = 865...
  SAT ! Makespan = 865
  Schedule is valid with Makespan = 865
  Total time: 12.1203 seconds
------------------------------------------------------------------
[*] Trying with Upper Bound = 864...
  SAT ! Makespan = 864
  Schedule is valid with Makespan = 864
  Total time: 12.2332 seconds
------------------------------------------------------------------
[*] Trying with Upper Bound = 863...
  SAT ! Makespan = 863
  Schedule is valid with Makespan = 863
  Total time: 12.3455 seconds
------------------------------------------------------------------
[*] Trying with Upper Bound = 862...
  SAT ! Makespan = 862
  Schedule is valid with Makespan = 862
  Total time: 12.4730 seconds
------------------------------------------------------------------
[*] Trying with Upper Bound = 861...
  SAT ! Makespan = 861
  Schedule is valid with Makespan = 861
  Total time: 12.5915 seconds
------------------------------------------------------------------
[*] Trying with Upper Bound = 860...
  SAT ! Makespan = 860
  Schedule is valid with Makespan = 860
  Total time: 12.7080 seconds
------------------------------------------------------------------
[*] Trying with Upper Bound = 859...
  SAT ! Makespan = 859
  Schedule is valid with Makespan = 859
  Total time: 12.8252 seconds
------------------------------------------------------------------
[*] Trying with Upper Bound = 858...
  SAT ! Makespan = 858
  Schedule is valid with Makespan = 858
  Total time: 12.9402 seconds
------------------------------------------------------------------
[*] Trying with Upper Bound = 857...
  SAT ! Makespan = 857
  Schedule is valid with Makespan = 857
  Total time: 13.0534 seconds
------------------------------------------------------------------
[*] Trying with Upper Bound = 856...
  SAT ! Makespan = 856
  Schedule is valid with Makespan = 856
  Total time: 13.1635 seconds
------------------------------------------------------------------
[*] Trying with Upper Bound = 855...
  SAT ! Makespan = 855
  Schedule is valid with Makespan = 855
  Total time: 13.2764 seconds
------------------------------------------------------------------
[*] Trying with Upper Bound = 854...
  SAT ! Makespan = 854
  Schedule is valid with Makespan = 854
  Total time: 13.3935 seconds
------------------------------------------------------------------
[*] Trying with Upper Bound = 853...
  SAT ! Makespan = 853
  Schedule is valid with Makespan = 853
  Total time: 13.4248 seconds
------------------------------------------------------------------
[*] Trying with Upper Bound = 852...
  SAT ! Makespan = 852
  Schedule is valid with Makespan = 852
  Total time: 13.4539 seconds
------------------------------------------------------------------
[*] Trying with Upper Bound = 851...
  SAT ! Makespan = 851
  Schedule is valid with Makespan = 851
  Total time: 13.4785 seconds
------------------------------------------------------------------
[*] Trying with Upper Bound = 850...
  SAT ! Makespan = 850
  Schedule is valid with Makespan = 850
  Total time: 13.5026 seconds
------------------------------------------------------------------
[*] Trying with Upper Bound = 849...
  SAT ! Makespan = 849
  Schedule is valid with Makespan = 849
  Total time: 13.5259 seconds
------------------------------------------------------------------
[*] Trying with Upper Bound = 848...
  SAT ! Makespan = 848
  Schedule is valid with Makespan = 848
  Total time: 13.5491 seconds
------------------------------------------------------------------
[*] Trying with Upper Bound = 847...
  SAT ! Makespan = 847
  Schedule is valid with Makespan = 847
  Total time: 13.5730 seconds
------------------------------------------------------------------
[*] Trying with Upper Bound = 846...
  SAT ! Makespan = 846
  Schedule is valid with Makespan = 846
  Total time: 13.5961 seconds
------------------------------------------------------------------
[*] Trying with Upper Bound = 845...
  SAT ! Makespan = 845
  Schedule is valid with Makespan = 845
  Total time: 13.6190 seconds
------------------------------------------------------------------
[*] Trying with Upper Bound = 844...
  SAT ! Makespan = 844
  Schedule is valid with Makespan = 844
  Total time: 13.6466 seconds
------------------------------------------------------------------
[*] Trying with Upper Bound = 843...
  SAT ! Makespan = 843
  Schedule is valid with Makespan = 843
  Total time: 13.6729 seconds
------------------------------------------------------------------
[*] Trying with Upper Bound = 842...
  SAT ! Makespan = 842
  Schedule is valid with Makespan = 842
  Total time: 13.7026 seconds
------------------------------------------------------------------
[*] Trying with Upper Bound = 841...
  SAT ! Makespan = 841
  Schedule is valid with Makespan = 841
  Total time: 13.7296 seconds
------------------------------------------------------------------
[*] Trying with Upper Bound = 840...
  SAT ! Makespan = 840
  Schedule is valid with Makespan = 840
  Total time: 13.7658 seconds
------------------------------------------------------------------
[*] Trying with Upper Bound = 839...
  SAT ! Makespan = 839
  Schedule is valid with Makespan = 839
  Total time: 13.7940 seconds
------------------------------------------------------------------
[*] Trying with Upper Bound = 838...
  SAT ! Makespan = 838
  Schedule is valid with Makespan = 838
  Total time: 13.8182 seconds
------------------------------------------------------------------
[*] Trying with Upper Bound = 837...
  SAT ! Makespan = 837
  Schedule is valid with Makespan = 837
  Total time: 13.8429 seconds
------------------------------------------------------------------
[*] Trying with Upper Bound = 836...
  SAT ! Makespan = 836
  Schedule is valid with Makespan = 836
  Total time: 13.8677 seconds
------------------------------------------------------------------
[*] Trying with Upper Bound = 835...
  SAT ! Makespan = 835
  Schedule is valid with Makespan = 835
  Total time: 13.8949 seconds
------------------------------------------------------------------
[*] Trying with Upper Bound = 834...
  SAT ! Makespan = 834
  Schedule is valid with Makespan = 834
  Total time: 13.9185 seconds
------------------------------------------------------------------
[*] Trying with Upper Bound = 833...
  SAT ! Makespan = 833
  Schedule is valid with Makespan = 833
  Total time: 13.9442 seconds
------------------------------------------------------------------
[*] Trying with Upper Bound = 832...
  SAT ! Makespan = 832
  Schedule is valid with Makespan = 832
  Total time: 13.9701 seconds
------------------------------------------------------------------
[*] Trying with Upper Bound = 831...
  SAT ! Makespan = 831
  Schedule is valid with Makespan = 831
  Total time: 13.9958 seconds
------------------------------------------------------------------
[*] Trying with Upper Bound = 830...
  SAT ! Makespan = 830
  Schedule is valid with Makespan = 830
  Total time: 14.0191 seconds
------------------------------------------------------------------
[*] Trying with Upper Bound = 829...
  SAT ! Makespan = 829
  Schedule is valid with Makespan = 829
  Total time: 14.0426 seconds
------------------------------------------------------------------
[*] Trying with Upper Bound = 828...
  SAT ! Makespan = 828
  Schedule is valid with Makespan = 828
  Total time: 14.0659 seconds
------------------------------------------------------------------
[*] Trying with Upper Bound = 827...
  SAT ! Makespan = 827
  Schedule is valid with Makespan = 827
  Total time: 14.0894 seconds
------------------------------------------------------------------
[*] Trying with Upper Bound = 826...
  SAT ! Makespan = 826
  Schedule is valid with Makespan = 826
  Total time: 14.1196 seconds
------------------------------------------------------------------
[*] Trying with Upper Bound = 825...
  SAT ! Makespan = 825
  Schedule is valid with Makespan = 825
  Total time: 14.1501 seconds
------------------------------------------------------------------
[*] Trying with Upper Bound = 824...
  SAT ! Makespan = 824
  Schedule is valid with Makespan = 824
  Total time: 14.1748 seconds
------------------------------------------------------------------
[*] Trying with Upper Bound = 823...
  SAT ! Makespan = 823
  Schedule is valid with Makespan = 823
  Total time: 14.1967 seconds
------------------------------------------------------------------
[*] Trying with Upper Bound = 822...
  SAT ! Makespan = 822
  Schedule is valid with Makespan = 822
  Total time: 14.2178 seconds
------------------------------------------------------------------
[*] Trying with Upper Bound = 821...
  SAT ! Makespan = 821
  Schedule is valid with Makespan = 821
  Total time: 14.2391 seconds
------------------------------------------------------------------
[*] Trying with Upper Bound = 820...
  SAT ! Makespan = 820
  Schedule is valid with Makespan = 820
  Total time: 14.2603 seconds
------------------------------------------------------------------
[*] Trying with Upper Bound = 819...
  SAT ! Makespan = 819
  Schedule is valid with Makespan = 819
  Total time: 14.2816 seconds
------------------------------------------------------------------
[*] Trying with Upper Bound = 818...
  SAT ! Makespan = 818
  Schedule is valid with Makespan = 818
  Total time: 14.3023 seconds
------------------------------------------------------------------
[*] Trying with Upper Bound = 817...
  SAT ! Makespan = 817
  Schedule is valid with Makespan = 817
  Total time: 14.3229 seconds
------------------------------------------------------------------
[*] Trying with Upper Bound = 816...
  SAT ! Makespan = 816
  Schedule is valid with Makespan = 816
  Total time: 14.3437 seconds
------------------------------------------------------------------
[*] Trying with Upper Bound = 815...
  SAT ! Makespan = 815
  Schedule is valid with Makespan = 815
  Total time: 14.3658 seconds
------------------------------------------------------------------
[*] Trying with Upper Bound = 814...
  SAT ! Makespan = 814
  Schedule is valid with Makespan = 814
  Total time: 14.3892 seconds
------------------------------------------------------------------
[*] Trying with Upper Bound = 813...
  SAT ! Makespan = 813
  Schedule is valid with Makespan = 813
  Total time: 14.4107 seconds
------------------------------------------------------------------
[*] Trying with Upper Bound = 812...
  SAT ! Makespan = 812
  Schedule is valid with Makespan = 812
  Total time: 14.4314 seconds
------------------------------------------------------------------
[*] Trying with Upper Bound = 811...
  SAT ! Makespan = 811
  Schedule is valid with Makespan = 811
  Total time: 14.4531 seconds
------------------------------------------------------------------
[*] Trying with Upper Bound = 810...
  SAT ! Makespan = 810
  Schedule is valid with Makespan = 810
  Total time: 14.4761 seconds
------------------------------------------------------------------
[*] Trying with Upper Bound = 809...
  SAT ! Makespan = 809
  Schedule is valid with Makespan = 809
  Total time: 14.4977 seconds
------------------------------------------------------------------
[*] Trying with Upper Bound = 808...
  SAT ! Makespan = 808
  Schedule is valid with Makespan = 808
  Total time: 14.5201 seconds
------------------------------------------------------------------
[*] Trying with Upper Bound = 807...
  SAT ! Makespan = 807
  Schedule is valid with Makespan = 807
  Total time: 14.5414 seconds
------------------------------------------------------------------
[*] Trying with Upper Bound = 806...
  SAT ! Makespan = 806
  Schedule is valid with Makespan = 806
  Total time: 14.5632 seconds
------------------------------------------------------------------
[*] Trying with Upper Bound = 805...
  SAT ! Makespan = 805
  Schedule is valid with Makespan = 805
  Total time: 14.5849 seconds
------------------------------------------------------------------
[*] Trying with Upper Bound = 804...
  SAT ! Makespan = 804
  Schedule is valid with Makespan = 804
  Total time: 15.1787 seconds
------------------------------------------------------------------
[*] Trying with Upper Bound = 803...
  SAT ! Makespan = 803
  Schedule is valid with Makespan = 803
  Total time: 16.1261 seconds
------------------------------------------------------------------
[*] Trying with Upper Bound = 802...
  SAT ! Makespan = 802
  Schedule is valid with Makespan = 802
  Total time: 17.9870 seconds
------------------------------------------------------------------
[*] Trying with Upper Bound = 801...
  SAT ! Makespan = 801
  Schedule is valid with Makespan = 801
  Total time: 18.0307 seconds
------------------------------------------------------------------
[*] Trying with Upper Bound = 800...
  SAT ! Makespan = 800
  Schedule is valid with Makespan = 800
  Total time: 18.3770 seconds
------------------------------------------------------------------
[*] Trying with Upper Bound = 799...
  SAT ! Makespan = 799
  Schedule is valid with Makespan = 799
  Total time: 18.4881 seconds
------------------------------------------------------------------
[*] Trying with Upper Bound = 798...
[runlim] sample:		20.00 time, 20.01 real, 396 MB, 1.05 load
  SAT ! Makespan = 798
  Schedule is valid with Makespan = 798
  Total time: 20.8501 seconds
------------------------------------------------------------------
[*] Trying with Upper Bound = 797...
  SAT ! Makespan = 797
  Schedule is valid with Makespan = 797
  Total time: 20.9700 seconds
------------------------------------------------------------------
[*] Trying with Upper Bound = 796...
  SAT ! Makespan = 796
  Schedule is valid with Makespan = 796
  Total time: 22.5634 seconds
------------------------------------------------------------------
[*] Trying with Upper Bound = 795...
  SAT ! Makespan = 795
  Schedule is valid with Makespan = 795
  Total time: 22.8362 seconds
------------------------------------------------------------------
[*] Trying with Upper Bound = 794...
  SAT ! Makespan = 794
  Schedule is valid with Makespan = 794
  Total time: 23.0742 seconds
------------------------------------------------------------------
[*] Trying with Upper Bound = 793...
  SAT ! Makespan = 793
  Schedule is valid with Makespan = 793
  Total time: 23.1906 seconds
------------------------------------------------------------------
[*] Trying with Upper Bound = 792...
  SAT ! Makespan = 792
  Schedule is valid with Makespan = 792
  Total time: 23.2907 seconds
------------------------------------------------------------------
[*] Trying with Upper Bound = 791...
  SAT ! Makespan = 791
  Schedule is valid with Makespan = 791
  Total time: 23.3839 seconds
------------------------------------------------------------------
[*] Trying with Upper Bound = 790...
  SAT ! Makespan = 790
  Schedule is valid with Makespan = 790
  Total time: 23.4730 seconds
------------------------------------------------------------------
[*] Trying with Upper Bound = 789...
  SAT ! Makespan = 789
  Schedule is valid with Makespan = 789
  Total time: 23.5606 seconds
------------------------------------------------------------------
[*] Trying with Upper Bound = 788...
  SAT ! Makespan = 788
  Schedule is valid with Makespan = 788
  Total time: 23.6463 seconds
------------------------------------------------------------------
[*] Trying with Upper Bound = 787...
  SAT ! Makespan = 787
  Schedule is valid with Makespan = 787
  Total time: 23.8055 seconds
------------------------------------------------------------------
[*] Trying with Upper Bound = 786...
  SAT ! Makespan = 786
  Schedule is valid with Makespan = 786
  Total time: 23.9149 seconds
------------------------------------------------------------------
[*] Trying with Upper Bound = 785...
  SAT ! Makespan = 785
  Schedule is valid with Makespan = 785
  Total time: 24.0088 seconds
------------------------------------------------------------------
[*] Trying with Upper Bound = 784...
  SAT ! Makespan = 784
  Schedule is valid with Makespan = 784
  Total time: 24.0957 seconds
------------------------------------------------------------------
[*] Trying with Upper Bound = 783...
  SAT ! Makespan = 783
  Schedule is valid with Makespan = 783
  Total time: 24.3409 seconds
------------------------------------------------------------------
[*] Trying with Upper Bound = 782...
  SAT ! Makespan = 782
  Schedule is valid with Makespan = 782
  Total time: 24.4507 seconds
------------------------------------------------------------------
[*] Trying with Upper Bound = 781...
  SAT ! Makespan = 781
  Schedule is valid with Makespan = 781
  Total time: 24.9595 seconds
------------------------------------------------------------------
[*] Trying with Upper Bound = 780...
  SAT ! Makespan = 780
  Schedule is valid with Makespan = 780
  Total time: 25.3379 seconds
------------------------------------------------------------------
[*] Trying with Upper Bound = 779...
  SAT ! Makespan = 779
  Schedule is valid with Makespan = 779
  Total time: 25.6542 seconds
------------------------------------------------------------------
[*] Trying with Upper Bound = 778...
  SAT ! Makespan = 778
  Schedule is valid with Makespan = 778
  Total time: 25.6824 seconds
------------------------------------------------------------------
[*] Trying with Upper Bound = 777...
  SAT ! Makespan = 777
  Schedule is valid with Makespan = 777
  Total time: 25.7096 seconds
------------------------------------------------------------------
[*] Trying with Upper Bound = 776...
  SAT ! Makespan = 776
  Schedule is valid with Makespan = 776
  Total time: 25.9171 seconds
------------------------------------------------------------------
[*] Trying with Upper Bound = 775...
  SAT ! Makespan = 775
  Schedule is valid with Makespan = 775
  Total time: 26.1406 seconds
------------------------------------------------------------------
[*] Trying with Upper Bound = 774...
  SAT ! Makespan = 774
  Schedule is valid with Makespan = 774
  Total time: 26.4675 seconds
------------------------------------------------------------------
[*] Trying with Upper Bound = 773...
  SAT ! Makespan = 773
  Schedule is valid with Makespan = 773
  Total time: 26.5001 seconds
------------------------------------------------------------------
[*] Trying with Upper Bound = 772...
  SAT ! Makespan = 772
  Schedule is valid with Makespan = 772
  Total time: 26.5338 seconds
------------------------------------------------------------------
[*] Trying with Upper Bound = 771...
  SAT ! Makespan = 771
  Schedule is valid with Makespan = 771
  Total time: 26.5551 seconds
------------------------------------------------------------------
[*] Trying with Upper Bound = 770...
  SAT ! Makespan = 770
  Schedule is valid with Makespan = 770
  Total time: 26.5802 seconds
------------------------------------------------------------------
[*] Trying with Upper Bound = 769...
  SAT ! Makespan = 769
  Schedule is valid with Makespan = 769
  Total time: 26.6000 seconds
------------------------------------------------------------------
[*] Trying with Upper Bound = 768...
  SAT ! Makespan = 768
  Schedule is valid with Makespan = 768
  Total time: 26.6182 seconds
------------------------------------------------------------------
[*] Trying with Upper Bound = 767...
  SAT ! Makespan = 767
  Schedule is valid with Makespan = 767
  Total time: 26.6355 seconds
------------------------------------------------------------------
[*] Trying with Upper Bound = 766...
  SAT ! Makespan = 766
  Schedule is valid with Makespan = 766
  Total time: 26.8201 seconds
------------------------------------------------------------------
[*] Trying with Upper Bound = 765...
  SAT ! Makespan = 765
  Schedule is valid with Makespan = 765
  Total time: 26.8463 seconds
------------------------------------------------------------------
[*] Trying with Upper Bound = 764...
  SAT ! Makespan = 764
  Schedule is valid with Makespan = 764
  Total time: 26.8669 seconds
------------------------------------------------------------------
[*] Trying with Upper Bound = 763...
  SAT ! Makespan = 763
  Schedule is valid with Makespan = 763
  Total time: 27.2675 seconds
------------------------------------------------------------------
[*] Trying with Upper Bound = 762...
  SAT ! Makespan = 762
  Schedule is valid with Makespan = 762
  Total time: 28.5711 seconds
------------------------------------------------------------------
[*] Trying with Upper Bound = 761...
[runlim] sample:		29.99 time, 30.01 real, 431 MB, 1.04 load
  SAT ! Makespan = 761
  Schedule is valid with Makespan = 761
  Total time: 30.2770 seconds
------------------------------------------------------------------
[*] Trying with Upper Bound = 760...
  SAT ! Makespan = 760
  Schedule is valid with Makespan = 760
  Total time: 30.3932 seconds
------------------------------------------------------------------
[*] Trying with Upper Bound = 759...
  SAT ! Makespan = 759
  Schedule is valid with Makespan = 759
  Total time: 30.4904 seconds
------------------------------------------------------------------
[*] Trying with Upper Bound = 758...
  SAT ! Makespan = 758
  Schedule is valid with Makespan = 758
  Total time: 30.5767 seconds
------------------------------------------------------------------
[*] Trying with Upper Bound = 757...
  SAT ! Makespan = 757
  Schedule is valid with Makespan = 757
  Total time: 30.6597 seconds
------------------------------------------------------------------
[*] Trying with Upper Bound = 756...
  SAT ! Makespan = 756
  Schedule is valid with Makespan = 756
  Total time: 30.7405 seconds
------------------------------------------------------------------
[*] Trying with Upper Bound = 755...
  SAT ! Makespan = 755
  Schedule is valid with Makespan = 755
  Total time: 31.0818 seconds
------------------------------------------------------------------
[*] Trying with Upper Bound = 754...
  SAT ! Makespan = 754
  Schedule is valid with Makespan = 754
  Total time: 31.6496 seconds
------------------------------------------------------------------
[*] Trying with Upper Bound = 753...
  SAT ! Makespan = 753
  Schedule is valid with Makespan = 753
  Total time: 31.7728 seconds
------------------------------------------------------------------
[*] Trying with Upper Bound = 752...
  SAT ! Makespan = 752
  Schedule is valid with Makespan = 752
  Total time: 32.1837 seconds
------------------------------------------------------------------
[*] Trying with Upper Bound = 751...
  SAT ! Makespan = 751
  Schedule is valid with Makespan = 751
  Total time: 32.6096 seconds
------------------------------------------------------------------
[*] Trying with Upper Bound = 750...
  SAT ! Makespan = 750
  Schedule is valid with Makespan = 750
  Total time: 32.9028 seconds
------------------------------------------------------------------
[*] Trying with Upper Bound = 749...
  SAT ! Makespan = 749
  Schedule is valid with Makespan = 749
  Total time: 33.1958 seconds
------------------------------------------------------------------
[*] Trying with Upper Bound = 748...
  SAT ! Makespan = 748
  Schedule is valid with Makespan = 748
  Total time: 33.7883 seconds
------------------------------------------------------------------
[*] Trying with Upper Bound = 747...
  SAT ! Makespan = 747
  Schedule is valid with Makespan = 747
  Total time: 33.8613 seconds
------------------------------------------------------------------
[*] Trying with Upper Bound = 746...
  SAT ! Makespan = 746
  Schedule is valid with Makespan = 746
  Total time: 33.9234 seconds
------------------------------------------------------------------
[*] Trying with Upper Bound = 745...
  SAT ! Makespan = 745
  Schedule is valid with Makespan = 745
  Total time: 33.9830 seconds
------------------------------------------------------------------
[*] Trying with Upper Bound = 744...
  SAT ! Makespan = 744
  Schedule is valid with Makespan = 744
  Total time: 34.0364 seconds
------------------------------------------------------------------
[*] Trying with Upper Bound = 743...
  SAT ! Makespan = 743
  Schedule is valid with Makespan = 743
  Total time: 34.0892 seconds
------------------------------------------------------------------
[*] Trying with Upper Bound = 742...
  SAT ! Makespan = 742
  Schedule is valid with Makespan = 742
  Total time: 34.1426 seconds
------------------------------------------------------------------
[*] Trying with Upper Bound = 741...
  SAT ! Makespan = 741
  Schedule is valid with Makespan = 741
  Total time: 34.4737 seconds
------------------------------------------------------------------
[*] Trying with Upper Bound = 740...
  SAT ! Makespan = 740
  Schedule is valid with Makespan = 740
  Total time: 34.9199 seconds
------------------------------------------------------------------
[*] Trying with Upper Bound = 739...
  SAT ! Makespan = 739
  Schedule is valid with Makespan = 739
  Total time: 36.0940 seconds
------------------------------------------------------------------
[*] Trying with Upper Bound = 738...
  SAT ! Makespan = 738
  Schedule is valid with Makespan = 738
  Total time: 36.3812 seconds
------------------------------------------------------------------
[*] Trying with Upper Bound = 737...
  SAT ! Makespan = 737
  Schedule is valid with Makespan = 737
  Total time: 36.4102 seconds
------------------------------------------------------------------
[*] Trying with Upper Bound = 736...
  SAT ! Makespan = 736
  Schedule is valid with Makespan = 736
  Total time: 38.8840 seconds
------------------------------------------------------------------
[*] Trying with Upper Bound = 735...
  SAT ! Makespan = 735
  Schedule is valid with Makespan = 735
  Total time: 38.9621 seconds
------------------------------------------------------------------
[*] Trying with Upper Bound = 734...
  SAT ! Makespan = 734
  Schedule is valid with Makespan = 734
  Total time: 39.2558 seconds
------------------------------------------------------------------
[*] Trying with Upper Bound = 733...
[runlim] sample:		39.99 time, 40.01 real, 352 MB, 1.04 load
  SAT ! Makespan = 733
  Schedule is valid with Makespan = 733
  Total time: 40.4118 seconds
------------------------------------------------------------------
[*] Trying with Upper Bound = 732...
  SAT ! Makespan = 732
  Schedule is valid with Makespan = 732
  Total time: 40.7746 seconds
------------------------------------------------------------------
[*] Trying with Upper Bound = 731...
  SAT ! Makespan = 731
  Schedule is valid with Makespan = 731
  Total time: 41.0681 seconds
------------------------------------------------------------------
[*] Trying with Upper Bound = 730...
  SAT ! Makespan = 730
  Schedule is valid with Makespan = 730
  Total time: 41.4679 seconds
------------------------------------------------------------------
[*] Trying with Upper Bound = 729...
  SAT ! Makespan = 729
  Schedule is valid with Makespan = 729
  Total time: 42.5968 seconds
------------------------------------------------------------------
[*] Trying with Upper Bound = 728...
  SAT ! Makespan = 728
  Schedule is valid with Makespan = 728
  Total time: 43.0847 seconds
------------------------------------------------------------------
[*] Trying with Upper Bound = 727...
  SAT ! Makespan = 727
  Schedule is valid with Makespan = 727
  Total time: 43.1791 seconds
------------------------------------------------------------------
[*] Trying with Upper Bound = 726...
  SAT ! Makespan = 726
  Schedule is valid with Makespan = 726
  Total time: 43.6731 seconds
------------------------------------------------------------------
[*] Trying with Upper Bound = 725...
  SAT ! Makespan = 725
  Schedule is valid with Makespan = 725
  Total time: 44.8373 seconds
------------------------------------------------------------------
[*] Trying with Upper Bound = 724...
  SAT ! Makespan = 724
  Schedule is valid with Makespan = 724
  Total time: 45.0845 seconds
------------------------------------------------------------------
[*] Trying with Upper Bound = 723...
  SAT ! Makespan = 723
  Schedule is valid with Makespan = 723
  Total time: 45.4174 seconds
------------------------------------------------------------------
[*] Trying with Upper Bound = 722...
  SAT ! Makespan = 722
  Schedule is valid with Makespan = 722
  Total time: 47.8578 seconds
------------------------------------------------------------------
[*] Trying with Upper Bound = 721...
  SAT ! Makespan = 721
  Schedule is valid with Makespan = 721
  Total time: 47.9497 seconds
------------------------------------------------------------------
[*] Trying with Upper Bound = 720...
  SAT ! Makespan = 720
  Schedule is valid with Makespan = 720
  Total time: 48.2516 seconds
------------------------------------------------------------------
[*] Trying with Upper Bound = 719...
  SAT ! Makespan = 719
  Schedule is valid with Makespan = 719
  Total time: 48.6742 seconds
------------------------------------------------------------------
[*] Trying with Upper Bound = 718...
  SAT ! Makespan = 718
  Schedule is valid with Makespan = 718
  Total time: 49.0051 seconds
------------------------------------------------------------------
[*] Trying with Upper Bound = 717...
  SAT ! Makespan = 717
  Schedule is valid with Makespan = 717
  Total time: 49.5729 seconds
------------------------------------------------------------------
[*] Trying with Upper Bound = 716...
   UNSAT

 Optimal Makespan = 717

 Summary:
  - Optimal Makespan   : 717
  - Greedy Time        : 0.0006s
  - SAT Time           : 49.5884s
  - Total Time         : 49.5897s
  - Schedule Status    : VALID
===========================================================================
[runlim] end:			Thu Aug 13 22:22:03 2026
[runlim] status:		ok
[runlim] result:		0
[runlim] children:		1
[runlim] processes:		2
[runlim] real:			49.63 seconds
[runlim] time:			49.59 seconds
[runlim] space:			621 MB
[runlim] load:			1.07 maximum
[runlim] samples:		497
