[runlim] version:		2.0.0rc12
[runlim] host:			fjssp-instance1
[runlim] time limit:		311040000 seconds
[runlim] real time limit:	3600 seconds
[runlim] space limit:		1400 MB
[runlim] argv[0]:		python3
[runlim] argv[1]:		-u
[runlim] argv[2]:		main.py
[runlim] argv[3]:		--input
[runlim] argv[4]:		datasets/LowFlexibilityData/AllInstances/la23.fjs
[runlim] argv[5]:		--half_transitive
[runlim] start:			Thu Aug 13 22:23:51 2026
[runlim] child:			28390
[*] Loading data from file: datasets/LowFlexibilityData/AllInstances/la23.fjs
[*] Running D-FJSSP SAT Solver with 2 factories, Symmetry Breaking = OFF, Transitive E* = HALF
===========================================================================
 D-FJSSP SAT SOLVER - PARALLEL FACTORIES SCHEDULING
===========================================================================
  -> Operations: 200 | Jobs: 20 | Machines: 10 | Factories: 2

[*] Running Greedy Heuristic...
  -> Greedy Solution: Makespan = 996 (0.0006s)

[*] Initializing and solving the SAT model...
------------------------------------------------------------------
[*] Trying with Upper Bound = 996...
  SAT ! Makespan = 996
  Schedule is valid with Makespan = 996
  Total time: 4.6117 seconds
------------------------------------------------------------------
[*] Trying with Upper Bound = 995...
  SAT ! Makespan = 995
  Schedule is valid with Makespan = 995
  Total time: 4.6662 seconds
------------------------------------------------------------------
[*] Trying with Upper Bound = 994...
  SAT ! Makespan = 994
  Schedule is valid with Makespan = 994
  Total time: 4.7060 seconds
------------------------------------------------------------------
[*] Trying with Upper Bound = 993...
  SAT ! Makespan = 993
  Schedule is valid with Makespan = 993
  Total time: 4.7430 seconds
------------------------------------------------------------------
[*] Trying with Upper Bound = 992...
  SAT ! Makespan = 992
  Schedule is valid with Makespan = 992
  Total time: 4.7786 seconds
------------------------------------------------------------------
[*] Trying with Upper Bound = 991...
  SAT ! Makespan = 991
  Schedule is valid with Makespan = 991
  Total time: 4.8168 seconds
------------------------------------------------------------------
[*] Trying with Upper Bound = 990...
  SAT ! Makespan = 990
  Schedule is valid with Makespan = 990
  Total time: 4.8896 seconds
------------------------------------------------------------------
[*] Trying with Upper Bound = 989...
  SAT ! Makespan = 989
  Schedule is valid with Makespan = 989
  Total time: 4.9298 seconds
------------------------------------------------------------------
[*] Trying with Upper Bound = 988...
  SAT ! Makespan = 988
  Schedule is valid with Makespan = 988
  Total time: 4.9655 seconds
------------------------------------------------------------------
[*] Trying with Upper Bound = 987...
  SAT ! Makespan = 987
  Schedule is valid with Makespan = 987
  Total time: 5.0015 seconds
------------------------------------------------------------------
[*] Trying with Upper Bound = 986...
  SAT ! Makespan = 986
  Schedule is valid with Makespan = 986
  Total time: 5.0368 seconds
------------------------------------------------------------------
[*] Trying with Upper Bound = 985...
  SAT ! Makespan = 985
  Schedule is valid with Makespan = 985
  Total time: 5.0699 seconds
------------------------------------------------------------------
[*] Trying with Upper Bound = 984...
  SAT ! Makespan = 984
  Schedule is valid with Makespan = 984
  Total time: 5.1049 seconds
------------------------------------------------------------------
[*] Trying with Upper Bound = 983...
  SAT ! Makespan = 983
  Schedule is valid with Makespan = 983
  Total time: 5.1378 seconds
------------------------------------------------------------------
[*] Trying with Upper Bound = 982...
  SAT ! Makespan = 982
  Schedule is valid with Makespan = 982
  Total time: 5.1707 seconds
------------------------------------------------------------------
[*] Trying with Upper Bound = 981...
  SAT ! Makespan = 981
  Schedule is valid with Makespan = 981
  Total time: 5.2192 seconds
------------------------------------------------------------------
[*] Trying with Upper Bound = 980...
  SAT ! Makespan = 980
  Schedule is valid with Makespan = 980
  Total time: 5.2997 seconds
------------------------------------------------------------------
[*] Trying with Upper Bound = 979...
  SAT ! Makespan = 979
  Schedule is valid with Makespan = 979
  Total time: 5.3485 seconds
------------------------------------------------------------------
[*] Trying with Upper Bound = 978...
  SAT ! Makespan = 978
  Schedule is valid with Makespan = 978
  Total time: 5.3819 seconds
------------------------------------------------------------------
[*] Trying with Upper Bound = 977...
  SAT ! Makespan = 977
  Schedule is valid with Makespan = 977
  Total time: 5.4157 seconds
------------------------------------------------------------------
[*] Trying with Upper Bound = 976...
  SAT ! Makespan = 976
  Schedule is valid with Makespan = 976
  Total time: 5.4480 seconds
------------------------------------------------------------------
[*] Trying with Upper Bound = 975...
  SAT ! Makespan = 975
  Schedule is valid with Makespan = 975
  Total time: 5.4821 seconds
------------------------------------------------------------------
[*] Trying with Upper Bound = 974...
  SAT ! Makespan = 974
  Schedule is valid with Makespan = 974
  Total time: 5.5143 seconds
------------------------------------------------------------------
[*] Trying with Upper Bound = 973...
  SAT ! Makespan = 973
  Schedule is valid with Makespan = 973
  Total time: 5.5450 seconds
------------------------------------------------------------------
[*] Trying with Upper Bound = 972...
  SAT ! Makespan = 972
  Schedule is valid with Makespan = 972
  Total time: 5.5759 seconds
------------------------------------------------------------------
[*] Trying with Upper Bound = 971...
  SAT ! Makespan = 971
  Schedule is valid with Makespan = 971
  Total time: 5.6067 seconds
------------------------------------------------------------------
[*] Trying with Upper Bound = 970...
  SAT ! Makespan = 970
  Schedule is valid with Makespan = 970
  Total time: 5.6374 seconds
------------------------------------------------------------------
[*] Trying with Upper Bound = 969...
  SAT ! Makespan = 969
  Schedule is valid with Makespan = 969
  Total time: 5.6674 seconds
------------------------------------------------------------------
[*] Trying with Upper Bound = 968...
  SAT ! Makespan = 968
  Schedule is valid with Makespan = 968
  Total time: 5.6986 seconds
------------------------------------------------------------------
[*] Trying with Upper Bound = 967...
  SAT ! Makespan = 967
  Schedule is valid with Makespan = 967
  Total time: 5.7283 seconds
------------------------------------------------------------------
[*] Trying with Upper Bound = 966...
  SAT ! Makespan = 966
  Schedule is valid with Makespan = 966
  Total time: 5.7613 seconds
------------------------------------------------------------------
[*] Trying with Upper Bound = 965...
  SAT ! Makespan = 965
  Schedule is valid with Makespan = 965
  Total time: 5.7931 seconds
------------------------------------------------------------------
[*] Trying with Upper Bound = 964...
  SAT ! Makespan = 964
  Schedule is valid with Makespan = 964
  Total time: 5.8267 seconds
------------------------------------------------------------------
[*] Trying with Upper Bound = 963...
  SAT ! Makespan = 963
  Schedule is valid with Makespan = 963
  Total time: 5.8609 seconds
------------------------------------------------------------------
[*] Trying with Upper Bound = 962...
  SAT ! Makespan = 962
  Schedule is valid with Makespan = 962
  Total time: 5.8929 seconds
------------------------------------------------------------------
[*] Trying with Upper Bound = 961...
  SAT ! Makespan = 961
  Schedule is valid with Makespan = 961
  Total time: 5.9231 seconds
------------------------------------------------------------------
[*] Trying with Upper Bound = 960...
  SAT ! Makespan = 960
  Schedule is valid with Makespan = 960
  Total time: 5.9563 seconds
------------------------------------------------------------------
[*] Trying with Upper Bound = 959...
  SAT ! Makespan = 959
  Schedule is valid with Makespan = 959
  Total time: 5.9920 seconds
------------------------------------------------------------------
[*] Trying with Upper Bound = 958...
  SAT ! Makespan = 958
  Schedule is valid with Makespan = 958
  Total time: 6.0291 seconds
------------------------------------------------------------------
[*] Trying with Upper Bound = 957...
  SAT ! Makespan = 957
  Schedule is valid with Makespan = 957
  Total time: 6.0614 seconds
------------------------------------------------------------------
[*] Trying with Upper Bound = 956...
  SAT ! Makespan = 956
  Schedule is valid with Makespan = 956
  Total time: 6.0954 seconds
------------------------------------------------------------------
[*] Trying with Upper Bound = 955...
  SAT ! Makespan = 955
  Schedule is valid with Makespan = 955
  Total time: 6.1270 seconds
------------------------------------------------------------------
[*] Trying with Upper Bound = 954...
  SAT ! Makespan = 954
  Schedule is valid with Makespan = 954
  Total time: 6.1592 seconds
------------------------------------------------------------------
[*] Trying with Upper Bound = 953...
  SAT ! Makespan = 953
  Schedule is valid with Makespan = 953
  Total time: 6.1903 seconds
------------------------------------------------------------------
[*] Trying with Upper Bound = 952...
  SAT ! Makespan = 952
  Schedule is valid with Makespan = 952
  Total time: 6.2220 seconds
------------------------------------------------------------------
[*] Trying with Upper Bound = 951...
  SAT ! Makespan = 951
  Schedule is valid with Makespan = 951
  Total time: 6.2530 seconds
------------------------------------------------------------------
[*] Trying with Upper Bound = 950...
  SAT ! Makespan = 950
  Schedule is valid with Makespan = 950
  Total time: 6.2870 seconds
------------------------------------------------------------------
[*] Trying with Upper Bound = 949...
  SAT ! Makespan = 949
  Schedule is valid with Makespan = 949
  Total time: 6.3190 seconds
------------------------------------------------------------------
[*] Trying with Upper Bound = 948...
  SAT ! Makespan = 948
  Schedule is valid with Makespan = 948
  Total time: 6.3501 seconds
------------------------------------------------------------------
[*] Trying with Upper Bound = 947...
  SAT ! Makespan = 947
  Schedule is valid with Makespan = 947
  Total time: 6.3804 seconds
------------------------------------------------------------------
[*] Trying with Upper Bound = 946...
  SAT ! Makespan = 946
  Schedule is valid with Makespan = 946
  Total time: 6.4116 seconds
------------------------------------------------------------------
[*] Trying with Upper Bound = 945...
  SAT ! Makespan = 945
  Schedule is valid with Makespan = 945
  Total time: 6.4423 seconds
------------------------------------------------------------------
[*] Trying with Upper Bound = 944...
  SAT ! Makespan = 944
  Schedule is valid with Makespan = 944
  Total time: 6.4736 seconds
------------------------------------------------------------------
[*] Trying with Upper Bound = 943...
  SAT ! Makespan = 943
  Schedule is valid with Makespan = 943
  Total time: 6.5090 seconds
------------------------------------------------------------------
[*] Trying with Upper Bound = 942...
  SAT ! Makespan = 942
  Schedule is valid with Makespan = 942
  Total time: 6.5468 seconds
------------------------------------------------------------------
[*] Trying with Upper Bound = 941...
  SAT ! Makespan = 941
  Schedule is valid with Makespan = 941
  Total time: 6.5812 seconds
------------------------------------------------------------------
[*] Trying with Upper Bound = 940...
  SAT ! Makespan = 940
  Schedule is valid with Makespan = 940
  Total time: 7.0339 seconds
------------------------------------------------------------------
[*] Trying with Upper Bound = 939...
  SAT ! Makespan = 939
  Schedule is valid with Makespan = 939
  Total time: 7.0900 seconds
------------------------------------------------------------------
[*] Trying with Upper Bound = 938...
  SAT ! Makespan = 938
  Schedule is valid with Makespan = 938
  Total time: 7.1315 seconds
------------------------------------------------------------------
[*] Trying with Upper Bound = 937...
  SAT ! Makespan = 937
  Schedule is valid with Makespan = 937
  Total time: 7.2127 seconds
------------------------------------------------------------------
[*] Trying with Upper Bound = 936...
  SAT ! Makespan = 936
  Schedule is valid with Makespan = 936
  Total time: 7.2564 seconds
------------------------------------------------------------------
[*] Trying with Upper Bound = 935...
  SAT ! Makespan = 935
  Schedule is valid with Makespan = 935
  Total time: 7.2948 seconds
------------------------------------------------------------------
[*] Trying with Upper Bound = 934...
  SAT ! Makespan = 934
  Schedule is valid with Makespan = 934
  Total time: 7.3292 seconds
------------------------------------------------------------------
[*] Trying with Upper Bound = 933...
  SAT ! Makespan = 933
  Schedule is valid with Makespan = 933
  Total time: 7.3621 seconds
------------------------------------------------------------------
[*] Trying with Upper Bound = 932...
  SAT ! Makespan = 932
  Schedule is valid with Makespan = 932
  Total time: 7.3943 seconds
------------------------------------------------------------------
[*] Trying with Upper Bound = 931...
  SAT ! Makespan = 931
  Schedule is valid with Makespan = 931
  Total time: 7.4263 seconds
------------------------------------------------------------------
[*] Trying with Upper Bound = 930...
  SAT ! Makespan = 930
  Schedule is valid with Makespan = 930
  Total time: 7.4585 seconds
------------------------------------------------------------------
[*] Trying with Upper Bound = 929...
  SAT ! Makespan = 929
  Schedule is valid with Makespan = 929
  Total time: 7.4925 seconds
------------------------------------------------------------------
[*] Trying with Upper Bound = 928...
  SAT ! Makespan = 928
  Schedule is valid with Makespan = 928
  Total time: 7.5257 seconds
------------------------------------------------------------------
[*] Trying with Upper Bound = 927...
  SAT ! Makespan = 927
  Schedule is valid with Makespan = 927
  Total time: 7.5593 seconds
------------------------------------------------------------------
[*] Trying with Upper Bound = 926...
  SAT ! Makespan = 926
  Schedule is valid with Makespan = 926
  Total time: 7.5916 seconds
------------------------------------------------------------------
[*] Trying with Upper Bound = 925...
  SAT ! Makespan = 925
  Schedule is valid with Makespan = 925
  Total time: 7.6236 seconds
------------------------------------------------------------------
[*] Trying with Upper Bound = 924...
  SAT ! Makespan = 924
  Schedule is valid with Makespan = 924
  Total time: 7.6555 seconds
------------------------------------------------------------------
[*] Trying with Upper Bound = 923...
  SAT ! Makespan = 923
  Schedule is valid with Makespan = 923
  Total time: 7.6873 seconds
------------------------------------------------------------------
[*] Trying with Upper Bound = 922...
  SAT ! Makespan = 922
  Schedule is valid with Makespan = 922
  Total time: 7.7200 seconds
------------------------------------------------------------------
[*] Trying with Upper Bound = 921...
  SAT ! Makespan = 921
  Schedule is valid with Makespan = 921
  Total time: 7.7520 seconds
------------------------------------------------------------------
[*] Trying with Upper Bound = 920...
  SAT ! Makespan = 920
  Schedule is valid with Makespan = 920
  Total time: 7.7849 seconds
------------------------------------------------------------------
[*] Trying with Upper Bound = 919...
  SAT ! Makespan = 919
  Schedule is valid with Makespan = 919
  Total time: 7.8195 seconds
------------------------------------------------------------------
[*] Trying with Upper Bound = 918...
  SAT ! Makespan = 918
  Schedule is valid with Makespan = 918
  Total time: 7.8528 seconds
------------------------------------------------------------------
[*] Trying with Upper Bound = 917...
  SAT ! Makespan = 917
  Schedule is valid with Makespan = 917
  Total time: 7.8832 seconds
------------------------------------------------------------------
[*] Trying with Upper Bound = 916...
  SAT ! Makespan = 916
  Schedule is valid with Makespan = 916
  Total time: 7.9142 seconds
------------------------------------------------------------------
[*] Trying with Upper Bound = 915...
  SAT ! Makespan = 915
  Schedule is valid with Makespan = 915
  Total time: 7.9440 seconds
------------------------------------------------------------------
[*] Trying with Upper Bound = 914...
  SAT ! Makespan = 914
  Schedule is valid with Makespan = 914
  Total time: 7.9763 seconds
------------------------------------------------------------------
[*] Trying with Upper Bound = 913...
  SAT ! Makespan = 913
  Schedule is valid with Makespan = 913
  Total time: 8.0083 seconds
------------------------------------------------------------------
[*] Trying with Upper Bound = 912...
  SAT ! Makespan = 912
  Schedule is valid with Makespan = 912
  Total time: 8.0409 seconds
------------------------------------------------------------------
[*] Trying with Upper Bound = 911...
  SAT ! Makespan = 911
  Schedule is valid with Makespan = 911
  Total time: 8.0714 seconds
------------------------------------------------------------------
[*] Trying with Upper Bound = 910...
  SAT ! Makespan = 910
  Schedule is valid with Makespan = 910
  Total time: 8.1052 seconds
------------------------------------------------------------------
[*] Trying with Upper Bound = 909...
  SAT ! Makespan = 909
  Schedule is valid with Makespan = 909
  Total time: 8.1368 seconds
------------------------------------------------------------------
[*] Trying with Upper Bound = 908...
  SAT ! Makespan = 908
  Schedule is valid with Makespan = 908
  Total time: 8.1683 seconds
------------------------------------------------------------------
[*] Trying with Upper Bound = 907...
  SAT ! Makespan = 907
  Schedule is valid with Makespan = 907
  Total time: 8.1989 seconds
------------------------------------------------------------------
[*] Trying with Upper Bound = 906...
  SAT ! Makespan = 906
  Schedule is valid with Makespan = 906
  Total time: 8.2786 seconds
------------------------------------------------------------------
[*] Trying with Upper Bound = 905...
  SAT ! Makespan = 905
  Schedule is valid with Makespan = 905
  Total time: 8.3173 seconds
------------------------------------------------------------------
[*] Trying with Upper Bound = 904...
  SAT ! Makespan = 904
  Schedule is valid with Makespan = 904
  Total time: 8.3504 seconds
------------------------------------------------------------------
[*] Trying with Upper Bound = 903...
  SAT ! Makespan = 903
  Schedule is valid with Makespan = 903
  Total time: 8.3809 seconds
------------------------------------------------------------------
[*] Trying with Upper Bound = 902...
  SAT ! Makespan = 902
  Schedule is valid with Makespan = 902
  Total time: 8.4110 seconds
------------------------------------------------------------------
[*] Trying with Upper Bound = 901...
  SAT ! Makespan = 901
  Schedule is valid with Makespan = 901
  Total time: 8.4408 seconds
------------------------------------------------------------------
[*] Trying with Upper Bound = 900...
  SAT ! Makespan = 900
  Schedule is valid with Makespan = 900
  Total time: 8.4711 seconds
------------------------------------------------------------------
[*] Trying with Upper Bound = 899...
  SAT ! Makespan = 899
  Schedule is valid with Makespan = 899
  Total time: 8.5006 seconds
------------------------------------------------------------------
[*] Trying with Upper Bound = 898...
  SAT ! Makespan = 898
  Schedule is valid with Makespan = 898
  Total time: 8.5312 seconds
------------------------------------------------------------------
[*] Trying with Upper Bound = 897...
  SAT ! Makespan = 897
  Schedule is valid with Makespan = 897
  Total time: 8.5613 seconds
------------------------------------------------------------------
[*] Trying with Upper Bound = 896...
  SAT ! Makespan = 896
  Schedule is valid with Makespan = 896
  Total time: 8.5916 seconds
------------------------------------------------------------------
[*] Trying with Upper Bound = 895...
  SAT ! Makespan = 895
  Schedule is valid with Makespan = 895
  Total time: 8.6213 seconds
------------------------------------------------------------------
[*] Trying with Upper Bound = 894...
  SAT ! Makespan = 894
  Schedule is valid with Makespan = 894
  Total time: 8.6520 seconds
------------------------------------------------------------------
[*] Trying with Upper Bound = 893...
  SAT ! Makespan = 893
  Schedule is valid with Makespan = 893
  Total time: 8.6821 seconds
------------------------------------------------------------------
[*] Trying with Upper Bound = 892...
  SAT ! Makespan = 892
  Schedule is valid with Makespan = 892
  Total time: 8.7142 seconds
------------------------------------------------------------------
[*] Trying with Upper Bound = 891...
  SAT ! Makespan = 891
  Schedule is valid with Makespan = 891
  Total time: 8.7447 seconds
------------------------------------------------------------------
[*] Trying with Upper Bound = 890...
  SAT ! Makespan = 890
  Schedule is valid with Makespan = 890
  Total time: 8.7754 seconds
------------------------------------------------------------------
[*] Trying with Upper Bound = 889...
  SAT ! Makespan = 889
  Schedule is valid with Makespan = 889
  Total time: 8.8061 seconds
------------------------------------------------------------------
[*] Trying with Upper Bound = 888...
  SAT ! Makespan = 888
  Schedule is valid with Makespan = 888
  Total time: 9.4620 seconds
------------------------------------------------------------------
[*] Trying with Upper Bound = 887...
  SAT ! Makespan = 887
  Schedule is valid with Makespan = 887
  Total time: 9.5255 seconds
------------------------------------------------------------------
[*] Trying with Upper Bound = 886...
  SAT ! Makespan = 886
  Schedule is valid with Makespan = 886
  Total time: 9.5717 seconds
------------------------------------------------------------------
[*] Trying with Upper Bound = 885...
  SAT ! Makespan = 885
  Schedule is valid with Makespan = 885
  Total time: 9.6174 seconds
------------------------------------------------------------------
[*] Trying with Upper Bound = 884...
  SAT ! Makespan = 884
  Schedule is valid with Makespan = 884
  Total time: 9.6602 seconds
------------------------------------------------------------------
[*] Trying with Upper Bound = 883...
  SAT ! Makespan = 883
  Schedule is valid with Makespan = 883
  Total time: 9.7571 seconds
------------------------------------------------------------------
[*] Trying with Upper Bound = 882...
  SAT ! Makespan = 882
  Schedule is valid with Makespan = 882
  Total time: 9.8066 seconds
------------------------------------------------------------------
[*] Trying with Upper Bound = 881...
  SAT ! Makespan = 881
  Schedule is valid with Makespan = 881
  Total time: 9.8750 seconds
------------------------------------------------------------------
[*] Trying with Upper Bound = 880...
  SAT ! Makespan = 880
  Schedule is valid with Makespan = 880
  Total time: 9.9277 seconds
------------------------------------------------------------------
[*] Trying with Upper Bound = 879...
  SAT ! Makespan = 879
  Schedule is valid with Makespan = 879
  Total time: 9.9746 seconds
------------------------------------------------------------------
[*] Trying with Upper Bound = 878...
[runlim] sample:		10.00 time, 10.01 real, 590 MB, 1.04 load
  SAT ! Makespan = 878
  Schedule is valid with Makespan = 878
  Total time: 10.0241 seconds
------------------------------------------------------------------
[*] Trying with Upper Bound = 877...
  SAT ! Makespan = 877
  Schedule is valid with Makespan = 877
  Total time: 10.0739 seconds
------------------------------------------------------------------
[*] Trying with Upper Bound = 876...
  SAT ! Makespan = 876
  Schedule is valid with Makespan = 876
  Total time: 10.1195 seconds
------------------------------------------------------------------
[*] Trying with Upper Bound = 875...
  SAT ! Makespan = 875
  Schedule is valid with Makespan = 875
  Total time: 10.1676 seconds
------------------------------------------------------------------
[*] Trying with Upper Bound = 874...
  SAT ! Makespan = 874
  Schedule is valid with Makespan = 874
  Total time: 10.2172 seconds
------------------------------------------------------------------
[*] Trying with Upper Bound = 873...
  SAT ! Makespan = 873
  Schedule is valid with Makespan = 873
  Total time: 10.2654 seconds
------------------------------------------------------------------
[*] Trying with Upper Bound = 872...
  SAT ! Makespan = 872
  Schedule is valid with Makespan = 872
  Total time: 10.3138 seconds
------------------------------------------------------------------
[*] Trying with Upper Bound = 871...
  SAT ! Makespan = 871
  Schedule is valid with Makespan = 871
  Total time: 10.3596 seconds
------------------------------------------------------------------
[*] Trying with Upper Bound = 870...
  SAT ! Makespan = 870
  Schedule is valid with Makespan = 870
  Total time: 10.4059 seconds
------------------------------------------------------------------
[*] Trying with Upper Bound = 869...
  SAT ! Makespan = 869
  Schedule is valid with Makespan = 869
  Total time: 10.4537 seconds
------------------------------------------------------------------
[*] Trying with Upper Bound = 868...
  SAT ! Makespan = 868
  Schedule is valid with Makespan = 868
  Total time: 10.4985 seconds
------------------------------------------------------------------
[*] Trying with Upper Bound = 867...
  SAT ! Makespan = 867
  Schedule is valid with Makespan = 867
  Total time: 10.5448 seconds
------------------------------------------------------------------
[*] Trying with Upper Bound = 866...
  SAT ! Makespan = 866
  Schedule is valid with Makespan = 866
  Total time: 10.5886 seconds
------------------------------------------------------------------
[*] Trying with Upper Bound = 865...
  SAT ! Makespan = 865
  Schedule is valid with Makespan = 865
  Total time: 10.6367 seconds
------------------------------------------------------------------
[*] Trying with Upper Bound = 864...
  SAT ! Makespan = 864
  Schedule is valid with Makespan = 864
  Total time: 10.6816 seconds
------------------------------------------------------------------
[*] Trying with Upper Bound = 863...
  SAT ! Makespan = 863
  Schedule is valid with Makespan = 863
  Total time: 10.7264 seconds
------------------------------------------------------------------
[*] Trying with Upper Bound = 862...
  SAT ! Makespan = 862
  Schedule is valid with Makespan = 862
  Total time: 11.0800 seconds
------------------------------------------------------------------
[*] Trying with Upper Bound = 861...
  SAT ! Makespan = 861
  Schedule is valid with Makespan = 861
  Total time: 11.1398 seconds
------------------------------------------------------------------
[*] Trying with Upper Bound = 860...
  SAT ! Makespan = 860
  Schedule is valid with Makespan = 860
  Total time: 11.1866 seconds
------------------------------------------------------------------
[*] Trying with Upper Bound = 859...
  SAT ! Makespan = 859
  Schedule is valid with Makespan = 859
  Total time: 11.2347 seconds
------------------------------------------------------------------
[*] Trying with Upper Bound = 858...
  SAT ! Makespan = 858
  Schedule is valid with Makespan = 858
  Total time: 11.2840 seconds
------------------------------------------------------------------
[*] Trying with Upper Bound = 857...
  SAT ! Makespan = 857
  Schedule is valid with Makespan = 857
  Total time: 11.3448 seconds
------------------------------------------------------------------
[*] Trying with Upper Bound = 856...
  SAT ! Makespan = 856
  Schedule is valid with Makespan = 856
  Total time: 11.4490 seconds
------------------------------------------------------------------
[*] Trying with Upper Bound = 855...
  SAT ! Makespan = 855
  Schedule is valid with Makespan = 855
  Total time: 12.5662 seconds
------------------------------------------------------------------
[*] Trying with Upper Bound = 854...
  SAT ! Makespan = 854
  Schedule is valid with Makespan = 854
  Total time: 12.7394 seconds
------------------------------------------------------------------
[*] Trying with Upper Bound = 853...
  SAT ! Makespan = 853
  Schedule is valid with Makespan = 853
  Total time: 12.8428 seconds
------------------------------------------------------------------
[*] Trying with Upper Bound = 852...
  SAT ! Makespan = 852
  Schedule is valid with Makespan = 852
  Total time: 12.8907 seconds
------------------------------------------------------------------
[*] Trying with Upper Bound = 851...
  SAT ! Makespan = 851
  Schedule is valid with Makespan = 851
  Total time: 12.9345 seconds
------------------------------------------------------------------
[*] Trying with Upper Bound = 850...
  SAT ! Makespan = 850
  Schedule is valid with Makespan = 850
  Total time: 12.9769 seconds
------------------------------------------------------------------
[*] Trying with Upper Bound = 849...
[runlim] sample:		20.00 time, 20.01 real, 581 MB, 1.03 load
  SAT ! Makespan = 849
  Schedule is valid with Makespan = 849
  Total time: 21.3526 seconds
------------------------------------------------------------------
[*] Trying with Upper Bound = 848...
  SAT ! Makespan = 848
  Schedule is valid with Makespan = 848
  Total time: 21.5371 seconds
------------------------------------------------------------------
[*] Trying with Upper Bound = 847...
  SAT ! Makespan = 847
  Schedule is valid with Makespan = 847
  Total time: 21.6848 seconds
------------------------------------------------------------------
[*] Trying with Upper Bound = 846...
  SAT ! Makespan = 846
  Schedule is valid with Makespan = 846
  Total time: 22.0578 seconds
------------------------------------------------------------------
[*] Trying with Upper Bound = 845...
  SAT ! Makespan = 845
  Schedule is valid with Makespan = 845
  Total time: 22.1902 seconds
------------------------------------------------------------------
[*] Trying with Upper Bound = 844...
  SAT ! Makespan = 844
  Schedule is valid with Makespan = 844
  Total time: 22.3384 seconds
------------------------------------------------------------------
[*] Trying with Upper Bound = 843...
  SAT ! Makespan = 843
  Schedule is valid with Makespan = 843
  Total time: 22.4482 seconds
------------------------------------------------------------------
[*] Trying with Upper Bound = 842...
  SAT ! Makespan = 842
  Schedule is valid with Makespan = 842
  Total time: 22.5454 seconds
------------------------------------------------------------------
[*] Trying with Upper Bound = 841...
  SAT ! Makespan = 841
  Schedule is valid with Makespan = 841
  Total time: 22.5856 seconds
------------------------------------------------------------------
[*] Trying with Upper Bound = 840...
  SAT ! Makespan = 840
  Schedule is valid with Makespan = 840
  Total time: 22.6126 seconds
------------------------------------------------------------------
[*] Trying with Upper Bound = 839...
  SAT ! Makespan = 839
  Schedule is valid with Makespan = 839
  Total time: 22.6385 seconds
------------------------------------------------------------------
[*] Trying with Upper Bound = 838...
  SAT ! Makespan = 838
  Schedule is valid with Makespan = 838
  Total time: 22.6634 seconds
------------------------------------------------------------------
[*] Trying with Upper Bound = 837...
  SAT ! Makespan = 837
  Schedule is valid with Makespan = 837
  Total time: 22.6887 seconds
------------------------------------------------------------------
[*] Trying with Upper Bound = 836...
  SAT ! Makespan = 836
  Schedule is valid with Makespan = 836
  Total time: 22.7145 seconds
------------------------------------------------------------------
[*] Trying with Upper Bound = 835...
  SAT ! Makespan = 835
  Schedule is valid with Makespan = 835
  Total time: 22.7513 seconds
------------------------------------------------------------------
[*] Trying with Upper Bound = 834...
  SAT ! Makespan = 834
  Schedule is valid with Makespan = 834
  Total time: 22.7775 seconds
------------------------------------------------------------------
[*] Trying with Upper Bound = 833...
  SAT ! Makespan = 833
  Schedule is valid with Makespan = 833
  Total time: 22.8029 seconds
------------------------------------------------------------------
[*] Trying with Upper Bound = 832...
  SAT ! Makespan = 832
  Schedule is valid with Makespan = 832
  Total time: 22.8284 seconds
------------------------------------------------------------------
[*] Trying with Upper Bound = 831...
  SAT ! Makespan = 831
  Schedule is valid with Makespan = 831
  Total time: 22.8534 seconds
------------------------------------------------------------------
[*] Trying with Upper Bound = 830...
  SAT ! Makespan = 830
  Schedule is valid with Makespan = 830
  Total time: 22.8782 seconds
------------------------------------------------------------------
[*] Trying with Upper Bound = 829...
  SAT ! Makespan = 829
  Schedule is valid with Makespan = 829
  Total time: 22.9028 seconds
------------------------------------------------------------------
[*] Trying with Upper Bound = 828...
  SAT ! Makespan = 828
  Schedule is valid with Makespan = 828
  Total time: 22.9299 seconds
------------------------------------------------------------------
[*] Trying with Upper Bound = 827...
  SAT ! Makespan = 827
  Schedule is valid with Makespan = 827
  Total time: 22.9615 seconds
------------------------------------------------------------------
[*] Trying with Upper Bound = 826...
  SAT ! Makespan = 826
  Schedule is valid with Makespan = 826
  Total time: 22.9901 seconds
------------------------------------------------------------------
[*] Trying with Upper Bound = 825...
  SAT ! Makespan = 825
  Schedule is valid with Makespan = 825
  Total time: 23.0281 seconds
------------------------------------------------------------------
[*] Trying with Upper Bound = 824...
  SAT ! Makespan = 824
  Schedule is valid with Makespan = 824
  Total time: 23.0584 seconds
------------------------------------------------------------------
[*] Trying with Upper Bound = 823...
  SAT ! Makespan = 823
  Schedule is valid with Makespan = 823
  Total time: 23.0860 seconds
------------------------------------------------------------------
[*] Trying with Upper Bound = 822...
  SAT ! Makespan = 822
  Schedule is valid with Makespan = 822
  Total time: 23.1122 seconds
------------------------------------------------------------------
[*] Trying with Upper Bound = 821...
  SAT ! Makespan = 821
  Schedule is valid with Makespan = 821
  Total time: 23.1378 seconds
------------------------------------------------------------------
[*] Trying with Upper Bound = 820...
  SAT ! Makespan = 820
  Schedule is valid with Makespan = 820
  Total time: 23.1763 seconds
------------------------------------------------------------------
[*] Trying with Upper Bound = 819...
  SAT ! Makespan = 819
  Schedule is valid with Makespan = 819
  Total time: 23.2047 seconds
------------------------------------------------------------------
[*] Trying with Upper Bound = 818...
  SAT ! Makespan = 818
  Schedule is valid with Makespan = 818
  Total time: 23.2315 seconds
------------------------------------------------------------------
[*] Trying with Upper Bound = 817...
  SAT ! Makespan = 817
  Schedule is valid with Makespan = 817
  Total time: 23.2600 seconds
------------------------------------------------------------------
[*] Trying with Upper Bound = 816...
  SAT ! Makespan = 816
  Schedule is valid with Makespan = 816
  Total time: 23.3421 seconds
------------------------------------------------------------------
[*] Trying with Upper Bound = 815...
  SAT ! Makespan = 815
  Schedule is valid with Makespan = 815
  Total time: 23.3751 seconds
------------------------------------------------------------------
[*] Trying with Upper Bound = 814...
  SAT ! Makespan = 814
  Schedule is valid with Makespan = 814
  Total time: 23.4044 seconds
------------------------------------------------------------------
[*] Trying with Upper Bound = 813...
  SAT ! Makespan = 813
  Schedule is valid with Makespan = 813
  Total time: 23.4357 seconds
------------------------------------------------------------------
[*] Trying with Upper Bound = 812...
  SAT ! Makespan = 812
  Schedule is valid with Makespan = 812
  Total time: 23.4659 seconds
------------------------------------------------------------------
[*] Trying with Upper Bound = 811...
  SAT ! Makespan = 811
  Schedule is valid with Makespan = 811
  Total time: 23.5062 seconds
------------------------------------------------------------------
[*] Trying with Upper Bound = 810...
  SAT ! Makespan = 810
  Schedule is valid with Makespan = 810
  Total time: 23.5515 seconds
------------------------------------------------------------------
[*] Trying with Upper Bound = 809...
  SAT ! Makespan = 809
  Schedule is valid with Makespan = 809
  Total time: 23.5867 seconds
------------------------------------------------------------------
[*] Trying with Upper Bound = 808...
  SAT ! Makespan = 808
  Schedule is valid with Makespan = 808
  Total time: 23.6263 seconds
------------------------------------------------------------------
[*] Trying with Upper Bound = 807...
  SAT ! Makespan = 807
  Schedule is valid with Makespan = 807
  Total time: 25.1980 seconds
------------------------------------------------------------------
[*] Trying with Upper Bound = 806...
  SAT ! Makespan = 806
  Schedule is valid with Makespan = 806
  Total time: 25.5760 seconds
------------------------------------------------------------------
[*] Trying with Upper Bound = 805...
  SAT ! Makespan = 805
  Schedule is valid with Makespan = 805
  Total time: 25.6483 seconds
------------------------------------------------------------------
[*] Trying with Upper Bound = 804...
  SAT ! Makespan = 804
  Schedule is valid with Makespan = 804
  Total time: 26.8888 seconds
------------------------------------------------------------------
[*] Trying with Upper Bound = 803...
  SAT ! Makespan = 803
  Schedule is valid with Makespan = 803
  Total time: 27.5284 seconds
------------------------------------------------------------------
[*] Trying with Upper Bound = 802...
[runlim] sample:		29.99 time, 30.01 real, 555 MB, 1.03 load
  SAT ! Makespan = 802
  Schedule is valid with Makespan = 802
  Total time: 30.1306 seconds
------------------------------------------------------------------
[*] Trying with Upper Bound = 801...
  SAT ! Makespan = 801
  Schedule is valid with Makespan = 801
  Total time: 30.5287 seconds
------------------------------------------------------------------
[*] Trying with Upper Bound = 800...
  SAT ! Makespan = 800
  Schedule is valid with Makespan = 800
  Total time: 32.2986 seconds
------------------------------------------------------------------
[*] Trying with Upper Bound = 799...
  SAT ! Makespan = 799
  Schedule is valid with Makespan = 799
  Total time: 32.5746 seconds
------------------------------------------------------------------
[*] Trying with Upper Bound = 798...
  SAT ! Makespan = 798
  Schedule is valid with Makespan = 798
  Total time: 32.7384 seconds
------------------------------------------------------------------
[*] Trying with Upper Bound = 797...
  SAT ! Makespan = 797
  Schedule is valid with Makespan = 797
  Total time: 32.8622 seconds
------------------------------------------------------------------
[*] Trying with Upper Bound = 796...
  SAT ! Makespan = 796
  Schedule is valid with Makespan = 796
  Total time: 32.9721 seconds
------------------------------------------------------------------
[*] Trying with Upper Bound = 795...
  SAT ! Makespan = 795
  Schedule is valid with Makespan = 795
  Total time: 33.0935 seconds
------------------------------------------------------------------
[*] Trying with Upper Bound = 794...
  SAT ! Makespan = 794
  Schedule is valid with Makespan = 794
  Total time: 33.2089 seconds
------------------------------------------------------------------
[*] Trying with Upper Bound = 793...
  SAT ! Makespan = 793
  Schedule is valid with Makespan = 793
  Total time: 33.3248 seconds
------------------------------------------------------------------
[*] Trying with Upper Bound = 792...
  SAT ! Makespan = 792
  Schedule is valid with Makespan = 792
  Total time: 33.7957 seconds
------------------------------------------------------------------
[*] Trying with Upper Bound = 791...
  SAT ! Makespan = 791
  Schedule is valid with Makespan = 791
  Total time: 34.2040 seconds
------------------------------------------------------------------
[*] Trying with Upper Bound = 790...
  SAT ! Makespan = 790
  Schedule is valid with Makespan = 790
  Total time: 34.8001 seconds
------------------------------------------------------------------
[*] Trying with Upper Bound = 789...
  SAT ! Makespan = 789
  Schedule is valid with Makespan = 789
  Total time: 34.9316 seconds
------------------------------------------------------------------
[*] Trying with Upper Bound = 788...
  SAT ! Makespan = 788
  Schedule is valid with Makespan = 788
  Total time: 35.3393 seconds
------------------------------------------------------------------
[*] Trying with Upper Bound = 787...
  SAT ! Makespan = 787
  Schedule is valid with Makespan = 787
  Total time: 35.6000 seconds
------------------------------------------------------------------
[*] Trying with Upper Bound = 786...
  SAT ! Makespan = 786
  Schedule is valid with Makespan = 786
  Total time: 35.7247 seconds
------------------------------------------------------------------
[*] Trying with Upper Bound = 785...
  SAT ! Makespan = 785
  Schedule is valid with Makespan = 785
  Total time: 35.8272 seconds
------------------------------------------------------------------
[*] Trying with Upper Bound = 784...
  SAT ! Makespan = 784
  Schedule is valid with Makespan = 784
  Total time: 35.9249 seconds
------------------------------------------------------------------
[*] Trying with Upper Bound = 783...
  SAT ! Makespan = 783
  Schedule is valid with Makespan = 783
  Total time: 36.1429 seconds
------------------------------------------------------------------
[*] Trying with Upper Bound = 782...
  SAT ! Makespan = 782
  Schedule is valid with Makespan = 782
  Total time: 36.2602 seconds
------------------------------------------------------------------
[*] Trying with Upper Bound = 781...
  SAT ! Makespan = 781
  Schedule is valid with Makespan = 781
  Total time: 36.6546 seconds
------------------------------------------------------------------
[*] Trying with Upper Bound = 780...
  SAT ! Makespan = 780
  Schedule is valid with Makespan = 780
  Total time: 37.2542 seconds
------------------------------------------------------------------
[*] Trying with Upper Bound = 779...
  SAT ! Makespan = 779
  Schedule is valid with Makespan = 779
  Total time: 37.6058 seconds
------------------------------------------------------------------
[*] Trying with Upper Bound = 778...
  SAT ! Makespan = 778
  Schedule is valid with Makespan = 778
  Total time: 39.6277 seconds
------------------------------------------------------------------
[*] Trying with Upper Bound = 777...
  SAT ! Makespan = 777
  Schedule is valid with Makespan = 777
  Total time: 39.7362 seconds
------------------------------------------------------------------
[*] Trying with Upper Bound = 776...
  SAT ! Makespan = 776
  Schedule is valid with Makespan = 776
  Total time: 39.8193 seconds
------------------------------------------------------------------
[*] Trying with Upper Bound = 775...
  SAT ! Makespan = 775
  Schedule is valid with Makespan = 775
  Total time: 39.8995 seconds
------------------------------------------------------------------
[*] Trying with Upper Bound = 774...
[runlim] sample:		39.99 time, 40.01 real, 529 MB, 1.02 load
  SAT ! Makespan = 774
  Schedule is valid with Makespan = 774
  Total time: 41.5088 seconds
------------------------------------------------------------------
[*] Trying with Upper Bound = 773...
  SAT ! Makespan = 773
  Schedule is valid with Makespan = 773
  Total time: 41.8634 seconds
------------------------------------------------------------------
[*] Trying with Upper Bound = 772...
  SAT ! Makespan = 772
  Schedule is valid with Makespan = 772
  Total time: 42.0374 seconds
------------------------------------------------------------------
[*] Trying with Upper Bound = 771...
  SAT ! Makespan = 771
  Schedule is valid with Makespan = 771
  Total time: 42.5095 seconds
------------------------------------------------------------------
[*] Trying with Upper Bound = 770...
  SAT ! Makespan = 770
  Schedule is valid with Makespan = 770
  Total time: 42.9101 seconds
------------------------------------------------------------------
[*] Trying with Upper Bound = 769...
  SAT ! Makespan = 769
  Schedule is valid with Makespan = 769
  Total time: 43.1055 seconds
------------------------------------------------------------------
[*] Trying with Upper Bound = 768...
  SAT ! Makespan = 768
  Schedule is valid with Makespan = 768
  Total time: 43.5590 seconds
------------------------------------------------------------------
[*] Trying with Upper Bound = 767...
  SAT ! Makespan = 767
  Schedule is valid with Makespan = 767
  Total time: 43.9948 seconds
------------------------------------------------------------------
[*] Trying with Upper Bound = 766...
  SAT ! Makespan = 766
  Schedule is valid with Makespan = 766
  Total time: 45.1271 seconds
------------------------------------------------------------------
[*] Trying with Upper Bound = 765...
  SAT ! Makespan = 765
  Schedule is valid with Makespan = 765
  Total time: 45.9732 seconds
------------------------------------------------------------------
[*] Trying with Upper Bound = 764...
  SAT ! Makespan = 764
  Schedule is valid with Makespan = 764
  Total time: 46.0984 seconds
------------------------------------------------------------------
[*] Trying with Upper Bound = 763...
  SAT ! Makespan = 763
  Schedule is valid with Makespan = 763
  Total time: 46.1977 seconds
------------------------------------------------------------------
[*] Trying with Upper Bound = 762...
  SAT ! Makespan = 762
  Schedule is valid with Makespan = 762
  Total time: 46.2847 seconds
------------------------------------------------------------------
[*] Trying with Upper Bound = 761...
  SAT ! Makespan = 761
  Schedule is valid with Makespan = 761
  Total time: 46.3688 seconds
------------------------------------------------------------------
[*] Trying with Upper Bound = 760...
  SAT ! Makespan = 760
  Schedule is valid with Makespan = 760
  Total time: 46.4490 seconds
------------------------------------------------------------------
[*] Trying with Upper Bound = 759...
  SAT ! Makespan = 759
  Schedule is valid with Makespan = 759
  Total time: 46.5287 seconds
------------------------------------------------------------------
[*] Trying with Upper Bound = 758...
  SAT ! Makespan = 758
  Schedule is valid with Makespan = 758
  Total time: 46.6119 seconds
------------------------------------------------------------------
[*] Trying with Upper Bound = 757...
  SAT ! Makespan = 757
  Schedule is valid with Makespan = 757
  Total time: 46.6918 seconds
------------------------------------------------------------------
[*] Trying with Upper Bound = 756...
  SAT ! Makespan = 756
  Schedule is valid with Makespan = 756
  Total time: 46.7715 seconds
------------------------------------------------------------------
[*] Trying with Upper Bound = 755...
   UNSAT

 Optimal Makespan = 756

 Summary:
  - Optimal Makespan   : 756
  - Greedy Time        : 0.0006s
  - SAT Time           : 46.7942s
  - Total Time         : 46.7955s
  - Schedule Status    : VALID
===========================================================================
[runlim] end:			Thu Aug 13 22:24:38 2026
[runlim] status:		ok
[runlim] result:		0
[runlim] children:		1
[runlim] processes:		2
[runlim] real:			46.84 seconds
[runlim] time:			46.79 seconds
[runlim] space:			933 MB
[runlim] load:			1.04 maximum
[runlim] samples:		469
