[runlim] version:		2.0.0rc12
[runlim] host:			fjssp-instance1
[runlim] time limit:		311040000 seconds
[runlim] real time limit:	3600 seconds
[runlim] space limit:		1400 MB
[runlim] argv[0]:		python3
[runlim] argv[1]:		-u
[runlim] argv[2]:		main.py
[runlim] argv[3]:		--input
[runlim] argv[4]:		datasets/LowFlexibilityData/AllInstances/la33.fjs
[runlim] argv[5]:		--half_transitive
[runlim] start:			Thu Aug 13 22:27:11 2026
[runlim] child:			28479
[*] Loading data from file: datasets/LowFlexibilityData/AllInstances/la33.fjs
[*] Running D-FJSSP SAT Solver with 2 factories, Symmetry Breaking = OFF, Transitive E* = HALF
===========================================================================
 D-FJSSP SAT SOLVER - PARALLEL FACTORIES SCHEDULING
===========================================================================
  -> Operations: 400 | Jobs: 40 | Machines: 10 | Factories: 2

[*] Running Greedy Heuristic...
  -> Greedy Solution: Makespan = 1154 (0.0015s)

[*] Initializing and solving the SAT model...
[runlim] end:			Thu Aug 13 22:27:20 2026
[runlim] status:		out of memory
[runlim] result:		3
[runlim] children:		1
[runlim] processes:		2
[runlim] real:			9.44 seconds
[runlim] time:			8.40 seconds
[runlim] space:			1411 MB
[runlim] load:			1.04 maximum
[runlim] samples:		84
