[runlim] version:		2.0.0rc12
[runlim] host:			fjssp-instance1
[runlim] time limit:		311040000 seconds
[runlim] real time limit:	3600 seconds
[runlim] space limit:		1400 MB
[runlim] argv[0]:		python3
[runlim] argv[1]:		-u
[runlim] argv[2]:		main.py
[runlim] argv[3]:		--input
[runlim] argv[4]:		datasets/LowFlexibilityData/AllInstances/la38.fjs
[runlim] argv[5]:		--half_transitive
[runlim] start:			Thu Aug 13 22:27:57 2026
[runlim] child:			28507
[*] Loading data from file: datasets/LowFlexibilityData/AllInstances/la38.fjs
[*] Running D-FJSSP SAT Solver with 2 factories, Symmetry Breaking = OFF, Transitive E* = HALF
===========================================================================
 D-FJSSP SAT SOLVER - PARALLEL FACTORIES SCHEDULING
===========================================================================
  -> Operations: 500 | Jobs: 50 | Machines: 10 | Factories: 2

[*] Running Greedy Heuristic...
  -> Greedy Solution: Makespan = 1417 (0.0020s)

[*] Initializing and solving the SAT model...
[runlim] end:			Thu Aug 13 22:28:06 2026
[runlim] status:		out of memory
[runlim] result:		3
[runlim] children:		1
[runlim] processes:		2
[runlim] real:			9.14 seconds
[runlim] time:			8.10 seconds
[runlim] space:			1414 MB
[runlim] load:			0.94 maximum
[runlim] samples:		81
