[runlim] version:		2.0.0rc12
[runlim] host:			fjssp-instance1
[runlim] time limit:		311040000 seconds
[runlim] real time limit:	3600 seconds
[runlim] space limit:		14000 MB
[runlim] argv[0]:		python3
[runlim] argv[1]:		-u
[runlim] argv[2]:		mip.py
[runlim] argv[3]:		--input
[runlim] argv[4]:		datasets/brandimarte/MK09
[runlim] argv[5]:		--factories
[runlim] argv[6]:		2
[runlim] start:			Tue Sep  1 06:54:35 2026
[runlim] child:			12165
======================================================================
INSTANCE
======================================================================
File       : datasets/brandimarte/MK09
Operations : 240
Jobs       : 20
Machines   : 10
Factories  : 2
Edges      : 220

======================================================================
GREEDY HEURISTIC
======================================================================
Greedy UB   : 238
Greedy time : 0.000795 sec

======================================================================
MODEL 1 PARAMETERS
======================================================================
Greedy UB = 238
First operations = 20
Last operations  = 20

Adding greedy MIP start...

======================================================================
MODEL STATISTICS
======================================================================
Variables    : 40827
Constraints : 79448
Greedy UB   : 238

======================================================================
START CPLEX
======================================================================
Version identifier: 22.2.0.0 | 2026-05-04 | 5dff98e58
CPXPARAM_Read_DataCheck                          1
1 of 1 MIP starts provided solutions.
MIP start 'm1' defined initial solution with objective 238.0000.
Tried aggregator 2 times.
MIP Presolve eliminated 124 rows and 52 columns.
MIP Presolve modified 696022 coefficients.
Aggregator did 182 substitutions.
Reduced MIP has 79142 rows, 40593 columns, and 396164 nonzeros.
Reduced MIP has 40352 binaries, 0 generals, 0 SOSs, and 0 indicators.
Presolve time = 0.26 sec. (388.23 ticks)
Probing time = 0.09 sec. (30.62 ticks)
Tried aggregator 1 time.
Detecting symmetries...
Reduced MIP has 79142 rows, 40593 columns, and 396164 nonzeros.
Reduced MIP has 40352 binaries, 0 generals, 0 SOSs, and 0 indicators.
Presolve time = 0.20 sec. (200.71 ticks)
Probing time = 0.04 sec. (25.57 ticks)
Clique table members: 4083.
MIP emphasis: balance optimality and feasibility.
MIP search method: dynamic search.
Parallel mode: deterministic, using up to 2 threads.
Root relaxation solution time = 0.48 sec. (776.02 ticks)

        Nodes                                         Cuts/
   Node  Left     Objective  IInf  Best Integer    Best Bound    ItCnt     Gap

*     0+    0                          238.0000       73.0000            69.33%
      0     0      149.5000   349      238.0000      149.5000      920   37.18%
[runlim] sample:		15.79 time, 10.02 real, 547 MB, 2.02 load
*     0+    0                          231.0000      149.5000            35.28%
      0     0      149.9808   272      231.0000    Cuts: 1594     4997   35.07%
*     0+    0                          230.0000      149.9808            34.79%
      0     0      150.4483   348      230.0000    Cuts: 1717     6337   34.59%
[runlim] sample:		35.61 time, 20.01 real, 637 MB, 2.09 load
      0     0      152.0000   401      230.0000     Cuts: 766     6874   33.91%
*     0+    0                          229.0000      152.0000            33.62%
*     0+    0                          228.0000      152.0000            33.33%
*     0+    0                          226.0000      152.0000            32.74%
*     0+    0                          224.0000      152.0000            32.14%
      0     0  -1.00000e+75     0      224.0000      152.0000     6874   32.14%
*     0+    0                          223.0000      152.0000            31.84%
      0     0      152.0000   392      223.0000     Cuts: 737     7186   31.84%
      0     0      152.0000   342      223.0000     Cuts: 288     7309   31.84%
Detecting symmetries...
[runlim] sample:		55.42 time, 30.01 real, 656 MB, 2.15 load
      0     0      152.0000   331      223.0000      Cuts: 90     7408   31.84%
*     0+    0                          221.0000      152.0000            31.22%
      0     0      152.0000   314      221.0000      Cuts: 81     7482   31.22%
      0     0      152.0000   324      221.0000     Cuts: 240     7531   31.22%
[runlim] sample:		75.25 time, 40.01 real, 680 MB, 2.20 load
      0     0      152.0000   324      221.0000     Cuts: 292     7586   31.22%
[runlim] sample:		95.10 time, 50.02 real, 638 MB, 2.17 load
*     0+    0                          220.0000      152.0000            30.91%
Detecting symmetries...
      0     2      152.0000   324      220.0000      152.0000     7586   30.91%
Elapsed time = 51.20 sec. (89319.03 ticks, tree = 0.02 MB, solutions = 10)
      2     4      152.0000   285      220.0000      152.0000     7761   30.91%
      4     6      152.0000   262      220.0000      152.0000     7899   30.91%
      6     8      152.0000   249      220.0000      152.0000     8063   30.91%
      9    11      152.0000   265      220.0000      152.0000     8651   30.91%
     11    13      152.0000   245      220.0000      152.0000     8917   30.91%
     13    15      152.0000   211      220.0000      152.0000     9159   30.91%
     15    17      152.0000   188      220.0000      152.0000     9358   30.91%
     19    21      152.0000   183      220.0000      152.0000     9705   30.91%
     24    26      152.0000   198      220.0000      152.0000     9830   30.91%
     43    45      152.0000   163      220.0000      152.0000    10195   30.91%
Elapsed time = 53.74 sec. (93333.89 ticks, tree = 0.84 MB, solutions = 10)
*    51+    1                          219.0000      152.0000            30.59%
     63    63      152.0000   156      219.0000      152.0000    12602   30.59%
     87    83      152.0000   150      219.0000      152.0000    13519   30.59%
    102    73      152.0000   275      219.0000      152.0000    14331   30.59%
    130   123      155.0000   140      219.0000      152.0000    15072   30.59%
    150   133      155.0000   205      219.0000      152.0000    16180   30.59%
[runlim] sample:		114.80 time, 60.01 real, 659 MB, 2.23 load
    175   172      159.0000   119      219.0000      152.0000    16987   30.59%
    215   200      162.4286   137      219.0000      152.0000    17780   30.59%
    231   216      163.0000   140      219.0000      152.0000    18160   30.59%
    258   233      180.0000   123      219.0000      152.0000    18526   30.59%
    280   263      180.0000   115      219.0000      152.0000    18942   30.59%
Elapsed time = 59.27 sec. (104101.05 ticks, tree = 5.49 MB, solutions = 11)
    320   303      155.0000   154      219.0000      152.0000    19475   30.59%
    360   329      189.0000   101      219.0000      152.0000    20417   30.59%
    403   375      180.0000   110      219.0000      152.0000    21080   30.59%
    435   417      194.0000    77      219.0000      152.0000    21801   30.59%
    470   456      198.0000    69      219.0000      152.0000    22279   30.59%
    509   491      216.0000    61      219.0000      152.0000    22878   30.59%
    518   482      168.0000   125      219.0000      152.0000    23051   30.59%
    540   513      155.0000   241      219.0000      152.0000    24673   30.59%
    572   546      212.0000    87      219.0000      152.0000    24683   30.59%
    604   557      155.0000   167      219.0000      152.0000    25600   30.59%
Elapsed time = 64.61 sec. (114345.08 ticks, tree = 11.62 MB, solutions = 11)
    646   616      156.0000   152      219.0000      152.0000    26101   30.59%
    694   641      202.0000    77      219.0000      152.0000    26317   30.59%
    743   715      155.0000   142      219.0000      152.0000    27199   30.59%
    766   728      152.0000   188      219.0000      152.0000    27607   30.59%
[runlim] sample:		134.61 time, 70.02 real, 662 MB, 2.19 load
    801   756      155.0000   132      219.0000      152.0000    28302   30.59%
*   808+  759                          218.0000      152.0000            30.28%
    826   799      155.0000   137      218.0000      152.0000    29598   30.28%
    850   823      164.0000   123      218.0000      152.0000    29898   30.28%
    866   760      152.0000   146      218.0000      152.0000    28889   30.28%

Performing restart 1

Repeating presolve.
Tried aggregator 1 time.
MIP Presolve modified 801234 coefficients.
Reduced MIP has 79142 rows, 40593 columns, and 396112 nonzeros.
Reduced MIP has 40352 binaries, 0 generals, 0 SOSs, and 0 indicators.
Presolve time = 0.17 sec. (258.25 ticks)
Tried aggregator 1 time.
Reduced MIP has 79142 rows, 40593 columns, and 396112 nonzeros.
Reduced MIP has 40352 binaries, 0 generals, 0 SOSs, and 0 indicators.
Presolve time = 0.21 sec. (205.11 ticks)
Represolve time = 0.81 sec. (747.33 ticks)
[runlim] sample:		152.44 time, 80.01 real, 823 MB, 2.16 load
*   868+    0                          216.0000      152.0000            29.63%
    868     0      152.0000   365      216.0000    Cuts: 1316    31894   29.63%
[runlim] sample:		172.25 time, 90.01 real, 823 MB, 2.14 load
    868     0      152.0000   391      216.0000     Cuts: 756    32202   29.63%
[runlim] sample:		192.08 time, 100.01 real, 823 MB, 2.11 load
    868     0      152.0000   372      216.0000     Cuts: 608    32383   29.63%
[runlim] sample:		211.93 time, 110.01 real, 823 MB, 2.17 load
    868     0      152.0000   355      216.0000     Cuts: 212    32529   29.63%
[runlim] sample:		231.79 time, 120.02 real, 823 MB, 2.14 load
    868     0      152.0000   357      216.0000     Cuts: 215    32683   29.63%
[runlim] sample:		251.62 time, 130.01 real, 823 MB, 2.12 load
[runlim] sample:		271.45 time, 140.01 real, 827 MB, 2.10 load
    868     0      152.0000   347      216.0000     Cuts: 459    32801   29.63%
    868     0      152.0000   353      216.0000     Cuts: 438    32929   29.63%
[runlim] sample:		291.26 time, 150.01 real, 836 MB, 2.17 load
[runlim] sample:		311.08 time, 160.01 real, 837 MB, 2.14 load
    868     2      152.0000   353      216.0000      152.0000    32929   29.63%
    869     3      152.0000   336      216.0000      152.0000    33077   29.63%
Elapsed time = 160.88 sec. (259189.35 ticks, tree = 0.04 MB, solutions = 13)
    870     4      152.0000   314      216.0000      152.0000    33136   29.63%
    871     5      152.0000   295      216.0000      152.0000    33244   29.63%
    872     6      152.0000   282      216.0000      152.0000    33324   29.63%
    873     7      152.0000   281      216.0000      152.0000    33446   29.63%
    874     8      152.0000   282      216.0000      152.0000    33569   29.63%
    875     9      152.0000   271      216.0000      152.0000    33591   29.63%
[runlim] sample:		330.80 time, 170.01 real, 786 MB, 2.12 load
    877    11      152.0000   237      216.0000      152.0000    33752   29.63%
    878    12      152.0000   197      216.0000      152.0000    38006   29.63%
[runlim] sample:		350.64 time, 180.01 real, 789 MB, 2.10 load
    879    13      152.0000   220      216.0000      152.0000    38121   29.63%
    880    14      152.0000   218      216.0000      152.0000    38224   29.63%
Elapsed time = 179.41 sec. (283917.55 ticks, tree = 0.82 MB, solutions = 13)
    881    15      152.0000   230      216.0000      152.0000    38375   29.63%
    882    16      152.0000   211      216.0000      152.0000    38411   29.63%
    883    17      152.0000   221      216.0000      152.0000    38458   29.63%
    884    18      155.0000   206      216.0000      152.0000    38486   29.63%
    885    19      158.0000   217      216.0000      152.0000    38566   29.63%
    886    20      158.0000   206      216.0000      152.0000    38635   29.63%
    887    21      158.0000   214      216.0000      152.0000    38757   29.63%
[runlim] sample:		370.48 time, 190.01 real, 801 MB, 2.32 load
    888    22      158.0000   201      216.0000      152.0000    38815   29.63%
    889    23      158.0000   204      216.0000      152.0000    38901   29.63%
    890    24      158.0000   192      216.0000      152.0000    38957   29.63%
Elapsed time = 188.88 sec. (297609.31 ticks, tree = 1.64 MB, solutions = 13)
*   891+    1                          215.0000      152.0000            29.30%
*   891+    1                          214.0000      152.0000            28.97%
    892    25      158.0000   190      214.0000      152.0000    38994   28.97%
    893    27      158.0000   185      214.0000      152.0000    39110   28.97%
    894    28      158.0000   220      214.0000      152.0000    39347   28.97%
    895    29      158.0000   218      214.0000      152.0000    39376   28.97%
    897    24      152.0000   241      214.0000      152.0000    42104   28.97%
    898    31      165.1111   211      214.0000      152.0000    40729   28.97%
    900    33      166.0000   206      214.0000      152.0000    43960   28.97%
    907    39      166.0000   190      214.0000      152.0000    44028   28.97%
[runlim] sample:		390.34 time, 200.02 real, 798 MB, 2.27 load
    911    43      166.0000   186      214.0000      152.0000    44119   28.97%
    917    49      166.0000   180      214.0000      152.0000    44219   28.97%
Elapsed time = 198.39 sec. (312915.18 ticks, tree = 1.39 MB, solutions = 15)
    923    54      166.0000   167      214.0000      152.0000    44295   28.97%
    928    59      166.0000   166      214.0000      152.0000    44348   28.97%
    934    63      166.0000   166      214.0000      152.0000    44404   28.97%
    940    69      166.0000   164      214.0000      152.0000    44504   28.97%
    944    60      152.0000   230      214.0000      152.0000    45332   28.97%
    946    62      156.0000   209      214.0000      152.0000    45517   28.97%
    957    83      166.0000   165      214.0000      152.0000    45495   28.97%
    961    67      156.0591   198      214.0000      152.0000    45758   28.97%
    970    92      166.0000   142      214.0000      152.0000    45636   28.97%
    974    96      166.0000   153      214.0000      152.0000    45763   28.97%
Elapsed time = 204.87 sec. (324423.43 ticks, tree = 12.47 MB, solutions = 15)
    975    96      166.0000   145      214.0000      152.0000    45776   28.97%
    981   102      167.0000   138      214.0000      152.0000    45834   28.97%
[runlim] sample:		410.16 time, 210.01 real, 799 MB, 2.23 load
    987   116      167.0000   139      214.0000      152.0000    46489   28.97%
    993   121      187.0000   131      214.0000      152.0000    46614   28.97%
   1003   131      188.0000   122      214.0000      152.0000    46704   28.97%
   1008   136      188.0000   115      214.0000      152.0000    46781   28.97%
   1015   143      191.0000   111      214.0000      152.0000    46915   28.97%
   1025   153      188.0000   109      214.0000      152.0000    46977   28.97%
   1033   161      188.0000   104      214.0000      152.0000    47083   28.97%
   1039   167      194.0000    93      214.0000      152.0000    47284   28.97%
Elapsed time = 213.00 sec. (335403.70 ticks, tree = 52.00 MB, solutions = 15)
   1046   174      198.0000    82      214.0000      152.0000    47358   28.97%
   1055   182      188.0000   100      214.0000      152.0000    47469   28.97%
   1064   190      194.0000    87      214.0000      152.0000    47541   28.97%
   1076   168      161.0000   165      214.0000      152.0000    52466   28.97%
   1095   176      161.0000   160      214.0000      152.0000    52505   28.97%
[runlim] sample:		430.01 time, 220.01 real, 839 MB, 2.20 load
   1098   177      161.0000   159      214.0000      152.0000    52507   28.97%
   1104   218      194.0000    79      214.0000      152.0000    53063   28.97%
   1117   226      204.0000    69      214.0000      152.0000    53284   28.97%
   1128   233      211.0000    59      214.0000      152.0000    53366   28.97%
   1179   268      211.0000    55      214.0000      152.0000    53825   28.97%
Elapsed time = 221.14 sec. (350218.20 ticks, tree = 112.16 MB, solutions = 15)
   1221   326      173.0000   126      214.0000      152.0000    54724   28.97%
   1241   346      174.0000   118      214.0000      152.0000    54946   28.97%
[runlim] sample:		449.85 time, 230.01 real, 955 MB, 2.25 load
   1258   306      152.0000   215      214.0000      152.0000    54735   28.97%
   1262   367      205.0000    90      214.0000      152.0000    55717   28.97%
   1306   394      212.0000    84      214.0000      152.0000    56173   28.97%
   1338   393      152.0000   198      214.0000      152.0000    56618   28.97%
[runlim] sample:		469.69 time, 240.01 real, 1002 MB, 2.28 load
   1345   440      158.0000   188      214.0000      152.0000    57596   28.97%
   1373   453      158.0000   193      214.0000      152.0000    57947   28.97%
   1407   476      158.0000   159      214.0000      152.0000    58370   28.97%
   1436   496      158.0000   144      214.0000      152.0000    58710   28.97%
Elapsed time = 244.69 sec. (391129.84 ticks, tree = 249.72 MB, solutions = 15)
[runlim] sample:		489.53 time, 250.01 real, 1038 MB, 2.24 load
   1464   540      162.0000   136      214.0000      152.0000    59960   28.97%
   1468   508      160.0000   164      214.0000      152.0000    59446   28.97%
   1503   570      171.0000   150      214.0000      152.0000    60324   28.97%
   1548   610      176.0000   126      214.0000      152.0000    61198   28.97%
   1594   661      188.2396   100      214.0000      152.0000    62098   28.97%
[runlim] sample:		509.35 time, 260.01 real, 1176 MB, 2.20 load
   1654   709      198.0000   101      214.0000      152.0000    62863   28.97%
   1746   781      207.0000    56      214.0000      152.0000    63789   28.97%
   1819   841      208.0000    71      214.0000      152.0000    64526   28.97%
   1839   849      152.0000   191      214.0000      152.0000    64625   28.97%
[runlim] sample:		529.15 time, 270.01 real, 1313 MB, 2.24 load
   1860   926      166.0000   205      214.0000      152.0000    65978   28.97%
Elapsed time = 268.36 sec. (433286.85 ticks, tree = 513.85 MB, solutions = 15)
   1872   920      152.0000   208      214.0000      152.0000    65675   28.97%
   1896   947      158.0000   194      214.0000      152.0000    66509   28.97%
   1928   961      184.0000   148      214.0000      152.0000    66816   28.97%
[runlim] sample:		548.99 time, 280.02 real, 1388 MB, 2.28 load
   1964   984      158.0000   190      214.0000      152.0000    67765   28.97%
   2014  1083      199.0000   105      214.0000      152.0000    69710   28.97%
   2067  1108      211.0000    88      214.0000      152.0000    70170   28.97%
   2107  1116      197.0000   116      214.0000      152.0000    70802   28.97%
[runlim] sample:		568.83 time, 290.01 real, 1518 MB, 2.24 load
   2138  1121      152.0000   194      214.0000      152.0000    70379   28.97%
   2174  1179      160.0000   171      214.0000      152.0000    72104   28.97%
   2209  1238      195.0000   123      214.0000      152.0000    73112   28.97%
Elapsed time = 291.37 sec. (473978.99 ticks, tree = 704.66 MB, solutions = 15)
   2257  1272      212.0000    90      214.0000      152.0000    73625   28.97%
   2299  1289      169.0000   157      214.0000      152.0000    75055   28.97%
[runlim] sample:		588.66 time, 300.01 real, 1640 MB, 2.20 load
   2329  1319      192.0000   120      214.0000      152.0000    75523   28.97%
   2387  1361      183.0000   105      214.0000      152.0000    76128   28.97%
   2422  1437      183.0000   118      214.0000      152.0000    77768   28.97%
   2464  1461      203.0000    92      214.0000      152.0000    78187   28.97%
   2517  1528      203.0514    85      214.0000      152.0000    80153   28.97%
[runlim] sample:		608.48 time, 310.01 real, 1770 MB, 2.17 load
   2559  1578      185.0000   137      214.0000      152.0000    81282   28.97%
   2584  1603      185.0000   130      214.0000      152.0000    81759   28.97%
   2627  1633      210.0000   117      214.0000      152.0000    82356   28.97%
Elapsed time = 313.13 sec. (512970.20 ticks, tree = 946.13 MB, solutions = 15)
   2682  1655      212.0000    97      214.0000      152.0000    82670   28.97%
   2747  1698      212.0000    74      214.0000      152.0000    83755   28.97%
[runlim] sample:		628.32 time, 320.01 real, 1850 MB, 2.14 load
   2788  1768      210.0000    77      214.0000      152.0000    85636   28.97%
   2836  1813      210.0000    74      214.0000      152.0000    86094   28.97%
   2899  1840      191.0000   163      214.0000      152.0000    86675   28.97%
   2955  1886      199.0000   101      214.0000      152.0000    88091   28.97%
[runlim] sample:		648.12 time, 330.01 real, 2043 MB, 2.12 load
   3044  1985      208.0000   103      214.0000      152.0000    89832   28.97%
   3108  2022      210.0000    80      214.0000      152.0000    90334   28.97%
   3144  2042      195.0000   152      214.0000      152.0000    91037   28.97%
   3174  2067      203.0000   112      214.0000      152.0000    91705   28.97%
Elapsed time = 334.99 sec. (551699.01 ticks, tree = 1216.32 MB, solutions = 15)
   3217  2157      185.0000   162      214.0000      152.0000    93906   28.97%
[runlim] sample:		667.94 time, 340.01 real, 2155 MB, 2.10 load
   3284  2184      187.0000   127      214.0000      152.0000    94402   28.97%
   3354  2238      207.0000    83      214.0000      152.0000    95206   28.97%
   3439  2330      211.0000    69      214.0000      152.0000    97190   28.97%
   3512  2442      188.0000   155      214.0000      152.0000    99316   28.97%
   3586  2394      204.0000   123      214.0000      152.0000    98985   28.97%
[runlim] sample:		687.78 time, 350.02 real, 2450 MB, 2.08 load
   3679  2519        cutoff            214.0000      152.0000   100868   28.97%
*  3738+ 2603                          213.0000      152.0000            28.64%
*  3738+ 2603                          212.0000      152.0000            28.30%
*  3738+ 2603                          211.0000      152.0000            27.96%
   3738  2603      211.0000     0      211.0000      152.0000   102432   27.96%
   3769  2284      152.0000   193      211.0000      152.0000   102444   27.96%
[runlim] sample:		707.61 time, 360.02 real, 2492 MB, 2.23 load
   3827  2381      180.0000   158      211.0000      152.0000   105530   27.96%
Elapsed time = 357.08 sec. (593192.62 ticks, tree = 1409.95 MB, solutions = 18)
   3900  2410      179.0000   138      211.0000      152.0000   106457   27.96%
   3958  2504      187.0000   110      211.0000      152.0000   107991   27.96%
   4001  2574      203.0000    76      211.0000      152.0000   108964   27.96%
   4047  2572      188.0000   109      211.0000      152.0000   108942   27.96%
[runlim] sample:		727.41 time, 370.02 real, 2569 MB, 2.19 load
   4132  2627      198.0000    89      211.0000      152.0000   109652   27.96%
   4233  2679      200.0000    75      211.0000      152.0000   110370   27.96%
   4296  2723      210.0000   157      211.0000      152.0000   112411   27.96%
   4375  2850      209.0000    48      211.0000      152.0000   113299   27.96%
   4470  2962      193.0000   158      211.0000      152.0000   116066   27.96%
   4550  3003      208.0000   112      211.0000      152.0000   116780   27.96%
Elapsed time = 376.41 sec. (631787.53 ticks, tree = 1795.28 MB, solutions = 18)
[runlim] sample:		747.25 time, 380.01 real, 2843 MB, 2.16 load
   4601  3051      210.0000    95      211.0000      152.0000   117594   27.96%
   4670  3106      210.0000    71      211.0000      152.0000   118252   27.96%
   4740  3199      196.0000   126      211.0000      152.0000   121022   27.96%
   4783  3240      200.0000    87      211.0000      152.0000   121651   27.96%
[runlim] sample:		765.10 time, 390.01 real, 3002 MB, 2.14 load
   4852  3335      195.0000   154      211.0000      152.0000   123362   27.96%
   4921  3368      203.0000   116      211.0000      152.0000   124287   27.96%
   5005  3496      203.0000    79      211.0000      152.0000   127432   27.96%
   5080  3429      182.0000   111      211.0000      152.0000   125949   27.96%
*  5094+ 3532                          210.0000      152.0000            27.62%
   5145  3227        cutoff            210.0000      152.0000   128930   27.62%
[runlim] sample:		784.92 time, 400.01 real, 3173 MB, 2.19 load
   5199  3327      208.0000    72      210.0000      152.0000   130598   27.62%
Elapsed time = 398.86 sec. (671898.45 ticks, tree = 1993.36 MB, solutions = 19)
   5287  3321      178.0000   161      210.0000      152.0000   131192   27.62%
   5356  3362      206.0000   121      210.0000      152.0000   132060   27.62%
   5427  3466      204.0000    67      210.0000      152.0000   132515   27.62%
   5506  3497      178.0000   180      210.0000      152.0000   133276   27.62%
[runlim] sample:		804.77 time, 410.02 real, 3218 MB, 2.16 load
   5574  3638      195.0000   118      210.0000      152.0000   136490   27.62%
*  5594+ 3604                          208.0000      152.0000            26.92%
*  5597+ 3604                          206.0000      152.0000            26.21%
   5641  3316      194.0000    94      206.0000      152.0000   137467   26.21%
   5736  3369      201.0000    77      206.0000      152.0000   138078   26.21%
   5771  3398      202.0000    80      206.0000      152.0000   138573   26.21%
[runlim] sample:		824.62 time, 420.02 real, 3235 MB, 2.14 load
   5779  3401      152.0000   193      206.0000      152.0000   138703   26.21%
   5857  3530      189.0340   149      206.0000      152.0000   141968   26.21%
Elapsed time = 421.21 sec. (714130.55 ticks, tree = 2047.52 MB, solutions = 21)
   5937  3563      196.0000   104      206.0000      152.0000   142865   26.21%
   6032  3628      196.0000    86      206.0000      152.0000   144036   26.21%
   6112  3668      203.0000   134      206.0000      152.0000   145074   26.21%
[runlim] sample:		844.46 time, 430.02 real, 3253 MB, 2.12 load
   6228  3722      204.0000    92      206.0000      152.0000   145947   26.21%
   6331  3854      204.0000    63      206.0000      152.0000   148673   26.21%
*  6361+ 3869                          205.0000      152.0000            25.85%
*  6362+ 3869                          203.0000      152.0000            25.12%
   6386  4000      172.0000   178      203.0000      152.0000   152167   25.12%
   6492  3539      193.0000    96      203.0000      152.0000   153327   25.12%
   6569  3565      193.0000    79      203.0000      152.0000   153641   25.12%
[runlim] sample:		864.29 time, 440.01 real, 3253 MB, 2.10 load
   6623  3651      165.0000   240      203.0000      152.0000   157380   25.12%
   6628  3506      152.0000   217      203.0000      152.0000   155142   25.12%
Elapsed time = 442.02 sec. (754343.79 ticks, tree = 1843.47 MB, solutions = 23)
   6656  3647      195.0000   143      203.0000      152.0000   157899   25.12%
   6720  3681      178.0000   185      203.0000      152.0000   162990   25.12%
[runlim] sample:		884.11 time, 450.02 real, 3235 MB, 2.08 load
   6807  3719      202.0000   135      203.0000      152.0000   163889   25.12%
   6880  3752      202.0000   104      203.0000      152.0000   164533   25.12%
   6943  3919      202.0000   116      203.0000      152.0000   167772   25.12%
   6988  3948      196.0000   170      203.0000      152.0000   168804   25.12%
[runlim] sample:		903.96 time, 460.01 real, 3252 MB, 2.07 load
   7031  3978      163.0000   174      203.0000      152.0000   169832   25.12%
   7066  4009      152.0000   231      203.0000      152.0000   171060   25.12%
   7098  4033      198.0000   163      203.0000      152.0000   172120   25.12%
   7178  4071      202.0000   115      203.0000      152.0000   172961   25.12%
Elapsed time = 464.27 sec. (793417.46 ticks, tree = 2018.25 MB, solutions = 23)
   7209  4134      202.0000   102      203.0000      152.0000   175244   25.12%
[runlim] sample:		923.83 time, 470.01 real, 3257 MB, 2.06 load
   7279  4181      202.0000    74      203.0000      152.0000   175924   25.12%
   7348  4201      196.0000   162      203.0000      152.0000   177912   25.12%
   7383  4257      184.3302   189      203.0000      152.0000   179590   25.12%
[runlim] sample:		943.68 time, 480.01 real, 3294 MB, 2.13 load
   7392  4260      152.0000   257      203.0000      152.0000   179961   25.12%
   7419  4287      199.0000   174      203.0000      152.0000   180919   25.12%
[runlim] sample:		963.52 time, 490.01 real, 3289 MB, 2.18 load
   7465  4328      152.0000   210      203.0000      152.0000   181790   25.12%
   7488  4351      191.0000   165      203.0000      152.0000   182661   25.12%
   7507  4397      167.5893   224      203.0000      152.0000   185619   25.12%
[runlim] sample:		983.39 time, 500.02 real, 3341 MB, 2.15 load
   7518  4364      152.0000   241      203.0000      152.0000   183208   25.12%
Elapsed time = 499.85 sec. (847716.11 ticks, tree = 2200.90 MB, solutions = 23)
Nodefile size = 87.53 MB (83.14 MB after compression)
   7533  4439      193.0000   195      203.0000      152.0000   186404   25.12%
   7563  4448      193.0000   184      203.0000      152.0000   191964   25.12%
   7609  4457      176.4606   201      203.0000      152.0000   188785   25.12%
[runlim] sample:		1003.20 time, 510.01 real, 3392 MB, 2.13 load
   7667  4496      197.0000   181      203.0000      152.0000   195374   25.12%
   7706  4523      197.0000   113      203.0000      152.0000   196062   25.12%
   7762  4585      192.0000   123      203.0000      152.0000   198486   25.12%
   7794  4616      201.0000   118      203.0000      152.0000   199130   25.12%
   7833  4545      152.0000   266      203.0000      152.0000   196884   25.12%
[runlim] sample:		1023.04 time, 520.01 real, 3522 MB, 2.11 load
   7867  4734      202.0000    71      203.0000      152.0000   201848   25.12%
   7925  4758      194.0000   163      203.0000      152.0000   203162   25.12%
Elapsed time = 520.74 sec. (886998.99 ticks, tree = 2443.46 MB, solutions = 23)
Nodefile size = 312.92 MB (296.40 MB after compression)
   7980  4792      198.0000   114      203.0000      152.0000   203976   25.12%
   8012  4818      157.1102   256      203.0000      152.0000   205122   25.12%
[runlim] sample:		1042.88 time, 530.01 real, 3613 MB, 2.17 load
[runlim] sample:		1062.74 time, 540.01 real, 3617 MB, 2.14 load
   8029  4829      155.0000   263      203.0000      152.0000   206279   25.12%
   8064  4864      198.0000   163      203.0000      152.0000   207198   25.12%
   8096  4896      198.0000   138      203.0000      152.0000   207888   25.12%
[runlim] sample:		1082.59 time, 550.01 real, 3674 MB, 2.12 load
   8123  4923      198.0000   115      203.0000      152.0000   208578   25.12%
   8170  4961      201.0000    96      203.0000      152.0000   209168   25.12%
   8183  4972      201.0000    98      203.0000      152.0000   209330   25.12%
   8222  5009      193.0000   155      203.0000      152.0000   231696   25.12%
   8297  5033      202.0000   112      203.0000      152.0000   211189   25.12%
Elapsed time = 556.01 sec. (937066.95 ticks, tree = 2615.87 MB, solutions = 23)
Nodefile size = 470.72 MB (446.90 MB after compression)
[runlim] sample:		1102.45 time, 560.01 real, 3777 MB, 2.10 load
   8330  5067      215.0000    94      203.0000      152.0000   233256   25.12%
   8331  5033      152.0000   241      203.0000      152.0000   211421   25.12%
   8348  5092      199.0000   173      203.0000      152.0000   234703   25.12%
   8365  5151      199.1125   188      203.0000      152.0000   236528   25.12%
[runlim] sample:		1122.25 time, 570.01 real, 3817 MB, 2.08 load
   8426  5127      202.0000   169      203.0000      152.0000   237216   25.12%
   8478  5150      202.0000   144      203.0000      152.0000   238044   25.12%
   8520  5246      202.0000   107      203.0000      152.0000   241022   25.12%
[runlim] sample:		1142.10 time, 580.01 real, 3823 MB, 2.07 load
   8572  5290      202.0000    83      203.0000      152.0000   241760   25.12%
   8589  5300      152.0000   247      203.0000      152.0000   242238   25.12%
   8616  5327      202.0000   167      203.0000      152.0000   243317   25.12%
Elapsed time = 583.78 sec. (981716.02 ticks, tree = 2644.38 MB, solutions = 23)
Nodefile size = 543.05 MB (516.23 MB after compression)
   8673  5384      186.0000   199      203.0000      152.0000   255561   25.12%
[runlim] sample:		1161.95 time, 590.01 real, 3823 MB, 2.06 load
   8712  5388      201.0000   185      203.0000      152.0000   245414   25.12%
   8733  5400      188.0000   172      203.0000      152.0000   258695   25.12%
   8767  5468      152.0000   234      203.0000      152.0000   258412   25.12%
[runlim] sample:		1181.81 time, 600.02 real, 3814 MB, 2.05 load
   8795  5542      202.0000   109      203.0000      152.0000   263503   25.12%
   8797  5478      152.0000   260      203.0000      152.0000   259021   25.12%
   8815  5542      152.1579   269      203.0000      152.0000   264632   25.12%
   8847  5599      188.0000   157      203.0000      152.0000   270766   25.12%
[runlim] sample:		1201.65 time, 610.01 real, 3809 MB, 2.04 load
   8879  5631      190.0000   141      203.0000      152.0000   271808   25.12%
   8922  5564        cutoff            203.0000      152.0000   266212   25.12%
Elapsed time = 611.23 sec. (1027779.78 ticks, tree = 2689.79 MB, solutions = 23)
Nodefile size = 548.23 MB (517.67 MB after compression)
   8959  5598      202.0000   112      203.0000      152.0000   266845   25.12%
   9024  5687      202.0000    58      203.0000      152.0000   272785   25.12%
[runlim] sample:		1221.49 time, 620.01 real, 3896 MB, 2.04 load
   9070  5764      192.0000   183      203.0000      152.0000   276069   25.12%
   9108  5789      193.4737   162      203.0000      152.0000   277288   25.12%
   9162  5825      201.0000   100      203.0000      152.0000   278076   25.12%
   9246  5882      201.0000    66      203.0000      152.0000   278780   25.12%
   9287  5842      197.0000   136      203.0000      152.0000   279517   25.12%
[runlim] sample:		1241.30 time, 630.01 real, 4082 MB, 2.03 load
   9314  5869      197.0000   106      203.0000      152.0000   280089   25.12%
   9353  5975      192.0000   211      203.0000      152.0000   284454   25.12%
   9377  5976      165.0000   277      203.0000      152.0000   286062   25.12%
Elapsed time = 633.08 sec. (1066701.58 ticks, tree = 2927.27 MB, solutions = 23)
Nodefile size = 817.67 MB (773.70 MB after compression)
   9432  6003      198.0000   199      203.0000      152.0000   286850   25.12%
[runlim] sample:		1261.15 time, 640.01 real, 4181 MB, 2.02 load
   9468  6097      200.0000   149      203.0000      152.0000   288070   25.12%
   9515  6142      201.0000    92      203.0000      152.0000   288624   25.12%
   9533  6152      163.0000   264      203.0000      152.0000   290441   25.12%
   9566  6014      152.0000   262      203.0000      152.0000   288023   25.12%
*  9567+ 6181                          202.0000      152.0000            24.75%
[runlim] sample:		1281.01 time, 650.01 real, 4223 MB, 2.10 load
   9623  5655      195.0000   120      202.0000      152.0000   296592   24.75%
   9709  6170      200.0000    96      202.0000      152.0000   293711   24.75%
   9766  6208      200.0000    88      202.0000      152.0000   294211   24.75%
   9826  5772      201.0000    67      202.0000      152.0000   298970   24.75%
[runlim] sample:		1300.83 time, 660.01 real, 4247 MB, 2.08 load
   9887  5879      197.0000   198      202.0000      152.0000   302108   24.75%
Elapsed time = 657.34 sec. (1109766.93 ticks, tree = 2998.22 MB, solutions = 24)
Nodefile size = 880.89 MB (839.94 MB after compression)
   9951  5807      165.0000   217      202.0000      152.0000   300637   24.75%
  10014  5951      201.0000   113      202.0000      152.0000   303667   24.75%
  10101  5989      201.0000    93      202.0000      152.0000   304320   24.75%
* 10153+ 5868                          201.0000      152.0000            24.38%
* 10153+ 5868                          200.0000      152.0000            24.00%
* 10153+ 5806                          199.0000      152.0000            23.62%
  10153  5808      184.0000   208      199.0000      152.0000   303514   23.62%
[runlim] sample:		1320.67 time, 670.01 real, 4357 MB, 2.07 load
  10186  4952      191.0000   171      199.0000      152.0000   306333   23.62%
  10217  4983      191.0000   125      199.0000      152.0000   306926   23.62%
  10255  4953      176.1455   197      199.0000      152.0000   310323   23.62%
* 10262+ 4954                          198.0000      152.0000            23.23%
  10284  4585      162.0000   252      198.0000      152.0000   311364   23.23%
  10305  4604      197.0000   190      198.0000      152.0000   312456   23.23%
[runlim] sample:		1340.51 time, 680.01 real, 4339 MB, 2.06 load
  10313  5018      152.0000   248      198.0000      152.0000   308598   23.23%
Elapsed time = 679.13 sec. (1150351.06 ticks, tree = 2550.90 MB, solutions = 28)
Nodefile size = 387.18 MB (369.57 MB after compression)
  10339  4614      152.0000   253      198.0000      152.0000   313175   23.23%
  10374  4721      174.1125   201      198.0000      152.0000   317395   23.23%
[runlim] sample:		1360.33 time, 690.01 real, 4340 MB, 2.05 load
  10392  4698      152.0000   281      198.0000      152.0000   316670   23.23%
  10437  4739      196.0000   199      198.0000      152.0000   318966   23.23%
  10479  4810      190.0000   160      198.0000      152.0000   322019   23.23%
  10549  4815      184.0000   197      198.0000      152.0000   324324   23.23%
[runlim] sample:		1380.19 time, 700.01 real, 4340 MB, 2.04 load
  10617  4864      189.0000   117      198.0000      152.0000   325279   23.23%
  10638  4882      196.0000    92      198.0000      152.0000   325689   23.23%
* 10707+ 4911                          197.0000      152.0000            22.84%
  10708  4578      196.0000   159      197.0000      152.0000   327582   22.84%
[runlim] sample:		1400.04 time, 710.01 real, 4340 MB, 2.04 load
  10726  4593      187.0000   164      197.0000      152.0000   328949   22.84%
Elapsed time = 708.24 sec. (1201106.42 ticks, tree = 2304.16 MB, solutions = 29)
Nodefile size = 177.81 MB (168.20 MB after compression)
  10738  4685      164.0000   230      197.0000      152.0000   330626   22.84%
  10765  4705      167.0000   208      197.0000      152.0000   332068   22.84%
  10785  4601      180.0000   191      197.0000      152.0000   329745   22.84%
[runlim] sample:		1419.90 time, 720.02 real, 4340 MB, 2.03 load
  10824  4640      190.0000   153      197.0000      152.0000   330897   22.84%
  10870  4720      153.2960   212      197.0000      152.0000   333023   22.84%
  10897  4722      159.0000   229      197.0000      152.0000   334790   22.84%
[runlim] sample:		1439.73 time, 730.01 real, 4340 MB, 2.10 load
  10922  4801      163.0789   260      197.0000      152.0000   337724   22.84%
  10931  4806      152.0000   235      197.0000      152.0000   338276   22.84%
[runlim] sample:		1459.61 time, 740.01 real, 4340 MB, 2.09 load
  10949  4861      161.0000   270      197.0000      152.0000   345374   22.84%
  10979  4797      154.0708   222      197.0000      152.0000   351053   22.84%
Elapsed time = 743.05 sec. (1253310.36 ticks, tree = 2428.34 MB, solutions = 29)
Nodefile size = 313.89 MB (296.95 MB after compression)
  11016  4905      193.0000   173      197.0000      152.0000   347511   22.84%
  11063  4922      158.0000   236      197.0000      152.0000   348786   22.84%
[runlim] sample:		1479.42 time, 750.01 real, 4340 MB, 2.07 load
  11116  4916      192.0000   116      197.0000      152.0000   357978   22.84%
  11146  4941      162.5336   220      197.0000      152.0000   365184   22.84%
  11183  5050      192.0000   108      197.0000      152.0000   365484   22.84%
[runlim] sample:		1499.27 time, 760.01 real, 4341 MB, 2.06 load
  11244  5087      154.0362   265      197.0000      152.0000   366900   22.84%
  11271  5108      167.0000   274      197.0000      152.0000   368291   22.84%
  11309  5120      152.0000   267      197.0000      152.0000   369337   22.84%
  11386  5159      185.0000   194      197.0000      152.0000   370558   22.84%
[runlim] sample:		1519.12 time, 770.01 real, 4341 MB, 2.05 load
  11458  5163      187.0000   103      197.0000      152.0000   372433   22.84%
Elapsed time = 767.43 sec. (1296887.37 ticks, tree = 2659.06 MB, solutions = 29)
Nodefile size = 488.08 MB (462.18 MB after compression)
  11536  5218      189.0914    82      197.0000      152.0000   373434   22.84%
  11605  5257      196.0000   109      197.0000      152.0000   378035   22.84%
  11647  5298      196.0000   129      197.0000      152.0000   378942   22.84%
  11652  5387      190.0000    83      197.0000      152.0000   380375   22.84%
[runlim] sample:		1538.96 time, 780.01 real, 4341 MB, 2.12 load
  11702  5425      194.0000    82      197.0000      152.0000   380947   22.84%
  11725  5433      166.0000   226      197.0000      152.0000   382311   22.84%
* 11753+ 5495                          196.0000      152.0000            22.45%
  11754  5443      166.0000   248      196.0000      152.0000   383338   22.45%
  11805  5177      184.0000   160      196.0000      152.0000   386275   22.45%
  11851  5200      184.0000   140      196.0000      152.0000   387134   22.45%
[runlim] sample:		1558.81 time, 790.02 real, 4341 MB, 2.10 load
  11906  5237      186.0000    98      196.0000      152.0000   387878   22.45%
Elapsed time = 788.69 sec. (1336000.85 ticks, tree = 2730.02 MB, solutions = 30)
Nodefile size = 561.03 MB (531.45 MB after compression)
  11953  5288      192.0000   128      196.0000      152.0000   392895   22.45%
  11979  5313      194.0000   107      196.0000      152.0000   393476   22.45%
  11987  5242      186.0000   100      196.0000      152.0000   387979   22.45%
[runlim] sample:		1578.66 time, 800.01 real, 4341 MB, 2.08 load
  12016  5360      186.0000    91      196.0000      152.0000   394922   22.45%
  12065  5405      187.0000    80      196.0000      152.0000   395639   22.45%
  12105  5414      155.5000   276      196.0000      152.0000   396960   22.45%
  12134  5447      152.0000   271      196.0000      152.0000   399824   22.45%
[runlim] sample:		1598.47 time, 810.01 real, 4341 MB, 2.07 load
  12159  5461      152.0000   276      196.0000      152.0000   401549   22.45%
  12178  5477      152.0000   266      196.0000      152.0000   402627   22.45%
  12209  5508      193.0000   164      196.0000      152.0000   403776   22.45%
Elapsed time = 814.67 sec. (1379878.76 ticks, tree = 2898.18 MB, solutions = 30)
Nodefile size = 785.55 MB (746.93 MB after compression)
[runlim] sample:		1618.32 time, 820.01 real, 4341 MB, 2.06 load
  12253  5552      193.0000    95      196.0000      152.0000   404848   22.45%
* 12268+ 5565                          195.0000      152.0000            22.05%
  12268  5565      195.0000     0      195.0000      152.0000   405081   22.05%
  12284  5219      164.0000   257      195.0000      152.0000   406314   22.05%
[runlim] sample:		1638.17 time, 830.01 real, 4341 MB, 2.05 load
  12295  5227      152.1125   264      195.0000      152.0000   407984   22.05%
  12313  5239      177.3846   224      195.0000      152.0000   409336   22.05%
[runlim] sample:		1658.01 time, 840.01 real, 4341 MB, 2.04 load
  12322  5241      157.0000   215      195.0000      152.0000   411895   22.05%
  12341  5260      182.0000   177      195.0000      152.0000   412910   22.05%
[runlim] sample:		1677.86 time, 850.01 real, 4341 MB, 2.03 load
  12368  5284      190.0000   133      195.0000      152.0000   413591   22.05%
[runlim] sample:		1697.73 time, 860.01 real, 4341 MB, 2.10 load
  12405  5319      190.0000    96      195.0000      152.0000   414275   22.05%
  12423  5333      167.0000   256      195.0000      152.0000   415714   22.05%
Elapsed time = 859.18 sec. (1429521.91 ticks, tree = 2865.89 MB, solutions = 31)
Nodefile size = 700.00 MB (667.65 MB after compression)
  12446  5348      163.0000   238      195.0000      152.0000   416932   22.05%
[runlim] sample:		1717.58 time, 870.02 real, 4341 MB, 2.09 load
[runlim] sample:		1737.41 time, 880.01 real, 4341 MB, 2.07 load
[runlim] sample:		1757.26 time, 890.01 real, 4341 MB, 2.06 load
[runlim] sample:		1777.12 time, 900.01 real, 4341 MB, 2.13 load
[runlim] sample:		1796.96 time, 910.01 real, 4341 MB, 2.11 load
  12468  5364      159.2881   202      195.0000      152.0000   443849   22.05%
  12475  5370      193.2881   181      195.0000      152.0000   444022   22.05%
[runlim] sample:		1816.85 time, 920.01 real, 4378 MB, 2.09 load
  12486  5370      152.0000   256      195.0000      152.0000   444712   22.05%
  12488  5372      166.0000   295      195.0000      152.0000   445825   22.05%
  12496  5379      193.0000   209      195.0000      152.0000   446184   22.05%
  12516  5459      153.0000   234      195.0000      152.0000   511966   22.05%
[runlim] sample:		1836.67 time, 930.01 real, 4368 MB, 2.16 load
  12527  5494      165.0000   217      195.0000      152.0000   515306   22.05%
  12539  5492      188.0000   196      195.0000      152.0000   513956   22.05%
  12558  5507        cutoff            195.0000      152.0000   515886   22.05%
Elapsed time = 932.62 sec. (1531000.91 ticks, tree = 2956.27 MB, solutions = 31)
Nodefile size = 848.06 MB (810.24 MB after compression)
  12562  5511      166.7458   213      195.0000      152.0000   516525   22.05%
[runlim] sample:		1856.51 time, 940.02 real, 4402 MB, 2.13 load
  12571  5518      188.0000   179      195.0000      152.0000   516768   22.05%
  12583  5518      152.0000   275      195.0000      152.0000   517363   22.05%
  12596  5522      193.0000   179      195.0000      152.0000   520008   22.05%
[runlim] sample:		1876.36 time, 950.01 real, 4383 MB, 2.11 load
  12611  5537      193.0000   187      195.0000      152.0000   525615   22.05%
  12621  5544      193.0000   161      195.0000      152.0000   525952   22.05%
[runlim] sample:		1896.22 time, 960.01 real, 4400 MB, 2.10 load
  12642  5583      193.0000   138      195.0000      152.0000   528490   22.05%
  12683  5606      193.0000   103      195.0000      152.0000   528953   22.05%
  12720  5629      193.0000   119      195.0000      152.0000   529403   22.05%
  12751  5646      193.0000    87      195.0000      152.0000   529814   22.05%
Elapsed time = 964.72 sec. (1582334.42 ticks, tree = 3015.54 MB, solutions = 31)
Nodefile size = 848.82 MB (810.43 MB after compression)
  12778  5639      189.0000   149      195.0000      152.0000   538667   22.05%
[runlim] sample:		1916.05 time, 970.01 real, 4395 MB, 2.08 load
  12800  5661      189.0000   125      195.0000      152.0000   539042   22.05%
  12823  5684      189.0000   116      195.0000      152.0000   539532   22.05%
  12866  5672      158.0000   238      195.0000      152.0000   540574   22.05%
  12878  5684      172.0000   217      195.0000      152.0000   541370   22.05%
[runlim] sample:		1935.89 time, 980.01 real, 4501 MB, 2.07 load
  12898  5794      189.0000    92      195.0000      152.0000   542224   22.05%
  12934  5815      192.0000    83      195.0000      152.0000   542644   22.05%
  12975  5854      192.0000    78      195.0000      152.0000   543094   22.05%
[runlim] sample:		1953.88 time, 990.01 real, 4595 MB, 2.13 load
  12998  5873      168.2203   240      195.0000      152.0000   543927   22.05%
  13001  5876      168.2203   245      195.0000      152.0000   544093   22.05%
Elapsed time = 989.66 sec. (1625206.98 ticks, tree = 3157.62 MB, solutions = 31)
Nodefile size = 1037.23 MB (988.82 MB after compression)
  13032  5885      161.0000   249      195.0000      152.0000   544921   22.05%
  13043  5924      177.0000   211      195.0000      152.0000   550392   22.05%
  13082  5948      194.0000   182      195.0000      152.0000   550960   22.05%
[runlim] sample:		1973.70 time, 1000.02 real, 4575 MB, 2.11 load
  13113  5963      194.0000   153      195.0000      152.0000   551540   22.05%
  13163  5994      194.0000   114      195.0000      152.0000   552079   22.05%
  13216  5974      163.0000   241      195.0000      152.0000   553867   22.05%
  13244  6081      193.0000   211      195.0000      152.0000   558411   22.05%
[runlim] sample:		1993.55 time, 1010.01 real, 4672 MB, 2.09 load
  13269  5998      158.0000   225      195.0000      152.0000   556194   22.05%
  13302  6026      191.0000   175      195.0000      152.0000   556833   22.05%
  13329  6092        cutoff            195.0000      152.0000   559627   22.05%
Elapsed time = 1013.10 sec. (1666255.50 ticks, tree = 3293.19 MB, solutions = 31)
Nodefile size = 1173.27 MB (1118.87 MB after compression)
  13362  6103      193.0000   206      195.0000      152.0000   559882   22.05%
[runlim] sample:		2013.40 time, 1020.02 real, 4680 MB, 2.08 load
  13406  6130      194.0000   142      195.0000      152.0000   560709   22.05%
  13442  6189      163.0000   217      195.0000      152.0000   566068   22.05%
  13459  6201      163.0000   245      195.0000      152.0000   566940   22.05%
[runlim] sample:		2033.24 time, 1030.01 real, 4741 MB, 2.14 load
  13472  6136      152.0000   283      195.0000      152.0000   561289   22.05%
  13500  6221      184.0000   211      195.0000      152.0000   567936   22.05%
  13524  6285      152.0000   265      195.0000      152.0000   571769   22.05%
  13548  6256      184.0000   191      195.0000      152.0000   571161   22.05%
[runlim] sample:		2053.09 time, 1040.01 real, 4848 MB, 2.12 load
  13579  6276      187.0000   174      195.0000      152.0000   571695   22.05%
  13614  6304      189.0000   128      195.0000      152.0000   572385   22.05%
Elapsed time = 1041.17 sec. (1711931.53 ticks, tree = 3422.55 MB, solutions = 31)
Nodefile size = 1258.73 MB (1201.08 MB after compression)
  13692  6353      189.0000    94      195.0000      152.0000   573267   22.05%
  13721  6357      171.0000   151      195.0000      152.0000   573974   22.05%
  13744  6380      173.0000   128      195.0000      152.0000   574284   22.05%
[runlim] sample:		2072.89 time, 1050.01 real, 4889 MB, 2.10 load
  13782  6534      194.0000    81      195.0000      152.0000   580089   22.05%
  13827  6573      194.0000    68      195.0000      152.0000   581198   22.05%
  13846  6398      193.0000   127      195.0000      152.0000   574610   22.05%
[runlim] sample:		2092.74 time, 1060.01 real, 4984 MB, 2.08 load
  13862  6401      152.0000   313      195.0000      152.0000   575092   22.05%
  13902  6574      184.0000   194      195.0000      152.0000   581870   22.05%
  13928  6600      184.0000   139      195.0000      152.0000   582908   22.05%
  13984  6621      184.0000   133      195.0000      152.0000   583645   22.05%
Elapsed time = 1065.23 sec. (1757963.16 ticks, tree = 3625.15 MB, solutions = 31)
Nodefile size = 1478.14 MB (1407.44 MB after compression)
  14061  6709      193.0000   103      195.0000      152.0000   587108   22.05%
[runlim] sample:		2112.58 time, 1070.01 real, 5046 MB, 2.07 load
  14114  6726      194.0000    98      195.0000      152.0000   587409   22.05%
  14175  6699      164.0000   228      195.0000      152.0000   585514   22.05%
  14233  6712      164.0000   218      195.0000      152.0000   586796   22.05%
  14278  6809      184.0000   186      195.0000      152.0000   591466   22.05%
[runlim] sample:		2132.40 time, 1080.01 real, 5184 MB, 2.13 load
  14330  6842      190.0000   158      195.0000      152.0000   592718   22.05%
  14341  6813      193.0000   131      195.0000      152.0000   591063   22.05%
  14382  7005      193.0000   128      195.0000      152.0000   597248   22.05%
  14425  6869      155.0000   198      195.0000      152.0000   594071   22.05%
[runlim] sample:		2152.22 time, 1090.01 real, 5281 MB, 2.11 load
* 14430+ 6871                          194.0000      152.0000            21.65%
  14432  6566      155.0000   191      194.0000      152.0000   600470   21.65%
Elapsed time = 1088.17 sec. (1799910.15 ticks, tree = 3594.70 MB, solutions = 32)
Nodefile size = 1475.78 MB (1401.97 MB after compression)
  14462  6596      160.0000   162      194.0000      152.0000   601052   21.65%
  14498  6606      160.0741   164      194.0000      152.0000   601535   21.65%
  14536  6628      183.0000   121      194.0000      152.0000   601971   21.65%
  14594  6653        cutoff            194.0000      152.0000   602422   21.65%
[runlim] sample:		2172.07 time, 1100.01 real, 5235 MB, 2.09 load
  14623  6698      161.0000   270      194.0000      152.0000   604081   21.65%
  14636  6707      163.0000   248      194.0000      152.0000   605355   21.65%
  14671  6770      152.0000   278      194.0000      152.0000   605743   21.65%
  14692  6791      152.0000   264      194.0000      152.0000   606704   21.65%
[runlim] sample:		2191.91 time, 1110.02 real, 5248 MB, 2.15 load
  14708  6807      152.0000   180      194.0000      152.0000   607466   21.65%
  14732  6825      152.0000   191      194.0000      152.0000   608537   21.65%
Elapsed time = 1111.10 sec. (1839603.12 ticks, tree = 3759.12 MB, solutions = 32)
Nodefile size = 1607.99 MB (1527.69 MB after compression)
  14795  6857      185.0000   138      194.0000      152.0000   610267   21.65%
  14828  6889      185.0000   112      194.0000      152.0000   610997   21.65%
[runlim] sample:		2211.74 time, 1120.01 real, 5277 MB, 2.13 load
  14868  6920      166.0000   141      194.0000      152.0000   613374   21.65%
  14913  6946      180.0000   119      194.0000      152.0000   613846   21.65%
  14974  6991      192.0000    94      194.0000      152.0000   614444   21.65%
  15023  7033      152.0000   219      194.0000      152.0000   615169   21.65%
  15059  7012      159.0000   234      194.0000      152.0000   617604   21.65%
[runlim] sample:		2231.59 time, 1130.02 real, 5415 MB, 2.11 load
  15108  7021      163.0000   156      194.0000      152.0000   618365   21.65%
  15182  7057      163.0000   125      194.0000      152.0000   618799   21.65%
  15213  7085      178.0000   108      194.0000      152.0000   619245   21.65%
Elapsed time = 1131.94 sec. (1878697.97 ticks, tree = 3918.74 MB, solutions = 32)
Nodefile size = 1748.70 MB (1661.48 MB after compression)
  15250  7121      180.0000    97      194.0000      152.0000   619927   21.65%
  15311  7157      183.0000    77      194.0000      152.0000   620596   21.65%
[runlim] sample:		2251.44 time, 1140.02 real, 5561 MB, 2.09 load
  15391  7281      178.0000   120      194.0000      152.0000   622713   21.65%
  15480  7317      188.0000   109      194.0000      152.0000   623358   21.65%
  15588  7504      193.0000   164      194.0000      152.0000   626090   21.65%
  15666  7382      169.0000   147      194.0000      152.0000   625026   21.65%
  15741  7426      187.0000   110      194.0000      152.0000   625924   21.65%
[runlim] sample:		2271.25 time, 1150.01 real, 5791 MB, 2.24 load
  15823  7604      182.0000   102      194.0000      152.0000   628124   21.65%
  15922  7649      191.0000   109      194.0000      152.0000   629143   21.65%
* 15999+ 7752                          193.0000      152.0000            21.24%
  15999  7754      184.0000   133      193.0000      152.0000   632359   21.24%
Elapsed time = 1151.28 sec. (1917348.66 ticks, tree = 4340.89 MB, solutions = 32)
Nodefile size = 2171.85 MB (2066.98 MB after compression)
* 16038+ 7049                          192.0000      152.0000            20.83%
  16103  6717      182.0000   113      192.0000      152.0000   637834   20.83%
* 16166+ 6971                          191.0000      152.0000            20.42%
* 16166+ 6971                          190.0000      152.0000            20.00%
  16166  6973      182.0352   137      190.0000      152.0000   633803   20.00%
[runlim] sample:		2291.06 time, 1160.01 real, 5871 MB, 2.20 load
  16258  6792      189.0000    70      190.0000      152.0000   638721   20.00%
  16350  6845      189.0000    67      190.0000      152.0000   639421   20.00%
  16430  6887      181.0000   115      190.0000      152.0000   640574   20.00%
  16536  6278      171.0000   107      190.0000      152.0000   641958   20.00%
[runlim] sample:		2310.85 time, 1170.01 real, 5872 MB, 2.17 load
* 16611+ 6310                          189.0000      152.0000            19.58%
  16611  6312      163.0000   171      189.0000      152.0000   642648   19.58%
[runlim] sample:		2330.71 time, 1180.01 real, 5873 MB, 2.14 load
* 16612+ 6408                          188.0000      152.0000            19.15%
* 16612+ 6408                          187.0000      152.0000            18.72%
  16612  5934      177.0000   159      187.0000      152.0000   647299   18.72%
  16663  5985      181.0000   121      187.0000      152.0000   648134   18.72%
  16712  6028      188.0000    98      187.0000      152.0000   648859   18.72%
Elapsed time = 1182.08 sec. (1971830.36 ticks, tree = 3497.75 MB, solutions = 41)
Nodefile size = 1390.64 MB (1319.69 MB after compression)
  16763  6068        cutoff            187.0000      152.0000   649569   18.72%
[runlim] sample:		2350.52 time, 1190.01 real, 5873 MB, 2.12 load
  16807  6109      181.0000   104      187.0000      152.0000   650640   18.72%
  16812  4983      152.0000   221      187.0000      152.0000   647470   18.72%
  16892  5033      181.0000   135      187.0000      152.0000   648586   18.72%
  16994  5080      183.0000   103      187.0000      152.0000   649202   18.72%
[runlim] sample:		2370.38 time, 1200.01 real, 5873 MB, 2.10 load
  17043  5220      163.0000   229      187.0000      152.0000   654733   18.72%
  17077  5230      152.0000   228      187.0000      152.0000   655282   18.72%
  17147  5262      170.0000   160      187.0000      152.0000   655993   18.72%
[runlim] sample:		2390.23 time, 1210.01 real, 5873 MB, 2.09 load
  17242  5311      179.0000   108      187.0000      152.0000   656659   18.72%
  17297  5401      174.0000   101      187.0000      152.0000   656906   18.72%
Elapsed time = 1209.58 sec. (2017634.47 ticks, tree = 3065.59 MB, solutions = 41)
Nodefile size = 925.47 MB (884.88 MB after compression)
  17338  5433      183.0000    93      187.0000      152.0000   657422   18.72%
  17429  5535      179.0000    93      187.0000      152.0000   660953   18.72%
  17531  5523      181.0000   106      187.0000      152.0000   659183   18.72%
  17639  5558      181.0000   107      187.0000      152.0000   660029   18.72%
[runlim] sample:		2410.05 time, 1220.01 real, 6063 MB, 2.07 load
  17737  5604      171.0000   137      187.0000      152.0000   660970   18.72%
  17831  5741      173.0000   119      187.0000      152.0000   664663   18.72%
  17913  5794      185.0000   121      187.0000      152.0000   665752   18.72%
  18014  5838      178.1117   102      187.0000      152.0000   667581   18.72%
  18114  5873      184.0000   111      187.0000      152.0000   668386   18.72%
[runlim] sample:		2429.87 time, 1230.02 real, 6318 MB, 2.06 load
  18234  6183      181.0000   147      187.0000      152.0000   673607   18.72%
Elapsed time = 1227.60 sec. (2056029.52 ticks, tree = 3556.81 MB, solutions = 41)
Nodefile size = 1361.95 MB (1302.83 MB after compression)
  18354  6237      178.0000   140      187.0000      152.0000   674597   18.72%
  18473  6343      186.0000    92      187.0000      152.0000   676978   18.72%
  18530  6344      167.0000   170      187.0000      152.0000   676594   18.72%
  18587  6354      179.0000   140      187.0000      152.0000   677320   18.72%
[runlim] sample:		2449.70 time, 1240.01 real, 6318 MB, 2.28 load
  18712  6708      181.0000   118      187.0000      152.0000   684018   18.72%
  18782  6455      184.0000    92      187.0000      152.0000   678773   18.72%
  18842  6748      183.0000   101      187.0000      152.0000   684614   18.72%
  18950  6792      186.0000   136      187.0000      152.0000   685669   18.72%
  19053  6829      181.0000   173      187.0000      152.0000   686715   18.72%
[runlim] sample:		2469.53 time, 1250.01 real, 6319 MB, 2.24 load
  19120  6873      186.0000   124      187.0000      152.0000   687643   18.72%
Elapsed time = 1248.34 sec. (2094410.74 ticks, tree = 3987.87 MB, solutions = 41)
Nodefile size = 1731.12 MB (1655.34 MB after compression)
  19207  6963      185.0000   145      187.0000      152.0000   688518   18.72%
  19314  7010      186.0000   132      187.0000      152.0000   689537   18.72%
  19436  7073      186.0000    91      187.0000      152.0000   690666   18.72%
  19489  7119      183.0000   119      187.0000      152.0000   691735   18.72%
[runlim] sample:		2489.38 time, 1260.01 real, 6319 MB, 2.20 load
  19541  7390      170.0000   149      187.0000      152.0000   697203   18.72%
  19631  7253      185.0000   116      187.0000      152.0000   695396   18.72%
  19732  7587      186.0000    84      187.0000      152.0000   701271   18.72%
  19816  7519      180.0000   110      187.0000      152.0000   699870   18.72%
  19913  7563      182.0000   147      187.0000      152.0000   700894   18.72%
  20012  7713      183.0000    97      187.0000      152.0000   703620   18.72%
Elapsed time = 1266.82 sec. (2132859.85 ticks, tree = 4517.38 MB, solutions = 41)
Nodefile size = 2294.68 MB (2193.86 MB after compression)
[runlim] sample:		2509.20 time, 1270.01 real, 6319 MB, 2.17 load
  20110  7806      185.0000   187      187.0000      152.0000   706812   18.72%
  20193  7845      181.0000   172      187.0000      152.0000   707994   18.72%
  20266  7881      181.0359   114      187.0000      152.0000   708629   18.72%
  20391  7942      185.0000    89      187.0000      152.0000   709415   18.72%
[runlim] sample:		2529.04 time, 1280.01 real, 6398 MB, 2.22 load
  20498  7997      185.0000   177      187.0000      152.0000   710327   18.72%
  20557  8221      184.0000   112      187.0000      152.0000   714498   18.72%
  20652  8274      185.0000    92      187.0000      152.0000   715340   18.72%
  20729  8380      152.0000   201      187.0000      152.0000   717717   18.72%
  20792  8527      152.0000   202      187.0000      152.0000   720487   18.72%
[runlim] sample:		2548.84 time, 1290.01 real, 6652 MB, 2.18 load
  20833  8561      180.0000   140      187.0000      152.0000   721516   18.72%
Elapsed time = 1288.30 sec. (2175781.62 ticks, tree = 5045.77 MB, solutions = 41)
Nodefile size = 2888.80 MB (2761.36 MB after compression)
  20890  8598      180.0000   107      187.0000      152.0000   722124   18.72%
  20949  8622      163.0000   188      187.0000      152.0000   722999   18.72%
  21006  8652      184.0000   142      187.0000      152.0000   723798   18.72%
  21071  8821      173.0000   162      187.0000      152.0000   729844   18.72%
[runlim] sample:		2568.68 time, 1300.01 real, 6829 MB, 2.15 load
  21163  8875      176.0000   109      187.0000      152.0000   730704   18.72%
  21252  8792      185.0000    86      187.0000      152.0000   727845   18.72%
  21333  8816      186.0000   151      187.0000      152.0000   728826   18.72%
  21382  8945      177.0000   175      187.0000      152.0000   733196   18.72%
[runlim] sample:		2588.52 time, 1310.01 real, 6814 MB, 2.13 load
  21423  8986      181.0000   148      187.0000      152.0000   733827   18.72%
  21474  9032      163.0000   189      187.0000      152.0000   734676   18.72%
Elapsed time = 1309.54 sec. (2214499.76 ticks, tree = 5343.30 MB, solutions = 41)
Nodefile size = 3206.40 MB (3065.83 MB after compression)
  21546  9204      178.0000   176      187.0000      152.0000   738981   18.72%
  21637  9247      186.0000   119      187.0000      152.0000   739819   18.72%
  21681  9287      186.0000    98      187.0000      152.0000   740405   18.72%
[runlim] sample:		2608.35 time, 1320.01 real, 7033 MB, 2.11 load
  21732  9310      184.0000   188      187.0000      152.0000   741699   18.72%
  21797  9159      184.0000   138      187.0000      152.0000   738701   18.72%
  21853  9354      167.0000   258      187.0000      152.0000   743275   18.72%
  21894  9546        cutoff            187.0000      152.0000   748944   18.72%
  21945  9566      184.0000   169      187.0000      152.0000   749968   18.72%
[runlim] sample:		2628.19 time, 1330.01 real, 7245 MB, 2.09 load
  22017  9450      182.0000   135      187.0000      152.0000   745672   18.72%
  22081  9477      174.0000   167      187.0000      152.0000   746559   18.72%
Elapsed time = 1329.83 sec. (2253637.95 ticks, tree = 5620.44 MB, solutions = 41)
Nodefile size = 3422.52 MB (3274.77 MB after compression)
  22152  9674      184.0000   100      187.0000      152.0000   752384   18.72%
  22174  9690      177.0000   185      187.0000      152.0000   753074   18.72%
  22222  9487      152.0000   217      187.0000      152.0000   747123   18.72%
[runlim] sample:		2648.02 time, 1340.02 real, 7371 MB, 2.08 load
  22297  9791      181.0000   190      187.0000      152.0000   754831   18.72%
  22349  9817      163.0000   206      187.0000      152.0000   755538   18.72%
  22403  9895      186.0000   121      187.0000      152.0000   759521   18.72%
  22436  9921      153.2703   216      187.0000      152.0000   760094   18.72%
  22488  9948      152.8571   173      187.0000      152.0000   761004   18.72%
[runlim] sample:		2667.80 time, 1350.01 real, 7472 MB, 2.15 load
  22549  9991      163.0000   177      187.0000      152.0000   761293   18.72%
  22611 10152      177.0000   159      187.0000      152.0000   765754   18.72%
Elapsed time = 1350.81 sec. (2292755.21 ticks, tree = 6044.48 MB, solutions = 41)
Nodefile size = 3905.77 MB (3738.93 MB after compression)
  22710 10199      153.2703   215      187.0000      152.0000   766552   18.72%
  22751 10224      161.0000   205      187.0000      152.0000   767590   18.72%
  22779 10252      178.0000   169      187.0000      152.0000   768102   18.72%
[runlim] sample:		2687.64 time, 1360.02 real, 7554 MB, 2.20 load
  22845 10253      161.0000   197      187.0000      152.0000   769263   18.72%
  22917 10430      162.8571   173      187.0000      152.0000   773206   18.72%
  22975 10308      153.6257   205      187.0000      152.0000   770815   18.72%
  23009 10342      178.0000   170      187.0000      152.0000   771817   18.72%
[runlim] sample:		2707.47 time, 1370.01 real, 7760 MB, 2.17 load
  23036 10456      152.0000   204      187.0000      152.0000   773628   18.72%
  23068 10488      161.0000   170      187.0000      152.0000   774802   18.72%
  23120 10533      181.0000   122      187.0000      152.0000   775752   18.72%
Elapsed time = 1372.27 sec. (2333829.49 ticks, tree = 6279.61 MB, solutions = 41)
Nodefile size = 4079.66 MB (3906.33 MB after compression)
  23200 10698      181.0000    94      187.0000      152.0000   779962   18.72%
  23278 10735      185.0000    79      187.0000      152.0000   780792   18.72%
[runlim] sample:		2727.32 time, 1380.01 real, 7878 MB, 2.14 load
  23364 10641      181.2703   144      187.0000      152.0000   779876   18.72%
  23433 10666      172.3111   150      187.0000      152.0000   780762   18.72%
  23486 10690      172.0000   186      187.0000      152.0000   781608   18.72%
  23548 10837      183.0000   141      187.0000      152.0000   785052   18.72%
  23614 11056      186.0000   126      187.0000      152.0000   790352   18.72%
[runlim] sample:		2747.14 time, 1390.01 real, 8145 MB, 2.12 load
  23661 11085      186.0000   152      187.0000      152.0000   791445   18.72%
  23696 10894      181.0000   105      187.0000      152.0000   786370   18.72%
  23730 10919      186.0000   123      187.0000      152.0000   787286   18.72%
Elapsed time = 1391.49 sec. (2372789.54 ticks, tree = 6525.70 MB, solutions = 41)
Nodefile size = 4340.59 MB (4155.72 MB after compression)
  23765 10943      164.2703   196      187.0000      152.0000   788228   18.72%
  23801 11154      186.0000   145      187.0000      152.0000   793534   18.72%
[runlim] sample:		2766.99 time, 1400.01 real, 8285 MB, 2.18 load
  23841 11255      185.0000   134      187.0000      152.0000   796764   18.72%
  23888 11300      185.0000    98      187.0000      152.0000   797726   18.72%
  23925 11331      158.0240   195      187.0000      152.0000   799021   18.72%
  23979 11356      169.0000   180      187.0000      152.0000   799715   18.72%
  24057 11392      186.0000   133      187.0000      152.0000   800634   18.72%
[runlim] sample:		2786.81 time, 1410.02 real, 8294 MB, 2.15 load
  24131 11491      169.0000   185      187.0000      152.0000   804200   18.72%
  24200 11351      186.0000   111      187.0000      152.0000   799945   18.72%
  24278 11392      172.0000   164      187.0000      152.0000   800938   18.72%
Elapsed time = 1411.63 sec. (2411911.47 ticks, tree = 6819.95 MB, solutions = 41)
Nodefile size = 4631.54 MB (4433.84 MB after compression)
  24348 11417      186.0000   190      187.0000      152.0000   802165   18.72%
  24436 11609      186.0000   137      187.0000      152.0000   807658   18.72%
[runlim] sample:		2806.63 time, 1420.01 real, 8508 MB, 2.13 load
  24466 11472      169.0000   155      187.0000      152.0000   803311   18.72%
[runlim] sample:		2826.50 time, 1430.02 real, 8671 MB, 2.11 load
  24506 11677      152.0000   199      187.0000      152.0000   809475   18.72%
  24539 11840      172.0000   183      187.0000      152.0000   814636   18.72%
  24592 11715      185.0000   137      187.0000      152.0000   811160   18.72%
  24692 11906      185.0000   105      187.0000      152.0000   815877   18.72%
  24762 12022      182.0000   152      187.0000      152.0000   819217   18.72%
  24845 12070      183.0000   118      187.0000      152.0000   820094   18.72%
[runlim] sample:		2846.32 time, 1440.02 real, 8747 MB, 2.09 load
  24957 12121      186.0000    82      187.0000      152.0000   820676   18.72%
Elapsed time = 1438.17 sec. (2463710.60 ticks, tree = 7276.23 MB, solutions = 41)
Nodefile size = 5048.15 MB (4833.31 MB after compression)
  25026 12157      178.5556   161      187.0000      152.0000   821689   18.72%
  25089 12172      171.0000   229      187.0000      152.0000   822598   18.72%
  25148 12181      180.0000   133      187.0000      152.0000   823715   18.72%
  25226 12428      186.0000   122      187.0000      152.0000   829560   18.72%
[runlim] sample:		2866.12 time, 1450.01 real, 9067 MB, 2.08 load
  25330 12259      186.0000   129      187.0000      152.0000   825632   18.72%
  25425 12520      162.0000   201      187.0000      152.0000   831284   18.72%
  25498 12325      185.0000   142      187.0000      152.0000   827419   18.72%
  25556 12593      181.0000   190      187.0000      152.0000   832975   18.72%
  25579 12614      182.0000   161      187.0000      152.0000   833298   18.72%
[runlim] sample:		2885.96 time, 1460.01 real, 9241 MB, 2.06 load
  25624 12658      183.0000   122      187.0000      152.0000   834062   18.72%
Elapsed time = 1458.02 sec. (2502692.84 ticks, tree = 7617.35 MB, solutions = 41)
Nodefile size = 5453.70 MB (5222.09 MB after compression)
  25693 12800      178.0000   175      187.0000      152.0000   838582   18.72%
  25775 12835      172.0000   174      187.0000      152.0000   839514   18.72%
  25801 12857      172.0000   148      187.0000      152.0000   840472   18.72%
  25849 12902      182.0000   117      187.0000      152.0000   841267   18.72%
[runlim] sample:		2905.78 time, 1470.01 real, 9342 MB, 2.05 load
  25900 12934      182.0000   114      187.0000      152.0000   841862   18.72%
  25942 12954      186.0000   131      187.0000      152.0000   840987   18.72%
  25995 13105      153.5405   200      187.0000      152.0000   845475   18.72%
  26052 12994      174.0000   146      187.0000      152.0000   842544   18.72%
  26139 13178      174.0000   115      187.0000      152.0000   847002   18.72%
[runlim] sample:		2925.61 time, 1480.02 real, 9507 MB, 2.05 load
  26214 13216      181.0000   162      187.0000      152.0000   847843   18.72%
Elapsed time = 1478.14 sec. (2542246.05 ticks, tree = 7966.82 MB, solutions = 41)
Nodefile size = 5758.57 MB (5514.33 MB after compression)
  26244 13229      175.0000   114      187.0000      152.0000   848699   18.72%
  26259 13244      175.0000   114      187.0000      152.0000   849316   18.72%
  26300 13279      172.0000   180      187.0000      152.0000   850516   18.72%
  26358 13323      185.0000   131      187.0000      152.0000   851268   18.72%
[runlim] sample:		2945.45 time, 1490.01 real, 9670 MB, 2.04 load
  26463 13367      185.0000   106      187.0000      152.0000   851893   18.72%
  26554 13408      167.0000   172      187.0000      152.0000   852846   18.72%
  26634 13529      184.0000   142      187.0000      152.0000   855674   18.72%
  26740 13654      184.0000   136      187.0000      152.0000   858697   18.72%
  26828 13626      183.0000   132      187.0000      152.0000   857663   18.72%
[runlim] sample:		2965.26 time, 1500.01 real, 9967 MB, 2.03 load
  26906 13871      176.0000   162      187.0000      152.0000   863563   18.72%
Elapsed time = 1497.89 sec. (2580924.55 ticks, tree = 8374.85 MB, solutions = 41)
Nodefile size = 6244.37 MB (5977.83 MB after compression)
  26999 13920      184.0000   121      187.0000      152.0000   864559   18.72%
  27040 13951      167.0000   195      187.0000      152.0000   865553   18.72%
  27065 13973      178.0000   175      187.0000      152.0000   866473   18.72%
  27088 13990      178.0000   150      187.0000      152.0000   866950   18.72%
[runlim] sample:		2985.10 time, 1510.01 real, 10102 MB, 2.03 load
  27167 14056      181.0000   120      187.0000      152.0000   867975   18.72%
  27238 14089      180.0000   179      187.0000      152.0000   868877   18.72%
  27275 14106      171.0000   173      187.0000      152.0000   869650   18.72%
  27319 14146      184.0000   135      187.0000      152.0000   870235   18.72%
  27363 14188      186.0000   113      187.0000      152.0000   870859   18.72%
[runlim] sample:		3004.94 time, 1520.01 real, 10182 MB, 2.02 load
  27418 14375      152.0000   181      187.0000      152.0000   876035   18.72%
Elapsed time = 1519.06 sec. (2619727.83 ticks, tree = 8692.10 MB, solutions = 41)
Nodefile size = 6566.05 MB (6285.42 MB after compression)
  27511 14425      186.0000   127      187.0000      152.0000   877005   18.72%
  27564 14494      168.0000   157      187.0000      152.0000   879236   18.72%
  27621 14454      183.0000   152      187.0000      152.0000   878881   18.72%
  27721 14583      185.0000   103      187.0000      152.0000   880808   18.72%
[runlim] sample:		3024.73 time, 1530.01 real, 10362 MB, 2.09 load
  27817 14548      184.0000    84      187.0000      152.0000   880399   18.72%
  27896 14669      152.0000   210      187.0000      152.0000   882003   18.72%
  27944 14704      186.0000   125      187.0000      152.0000   884483   18.72%
  28035 14745      186.0000   128      187.0000      152.0000   885545   18.72%
  28121 14777      185.0000   124      187.0000      152.0000   886325   18.72%
[runlim] sample:		3044.55 time, 1540.01 real, 10598 MB, 2.08 load
  28185 14978      152.0000   188      187.0000      152.0000   889428   18.72%
Elapsed time = 1537.74 sec. (2658542.67 ticks, tree = 9069.35 MB, solutions = 41)
Nodefile size = 6875.25 MB (6579.98 MB after compression)
  28242 14818      185.0000   124      187.0000      152.0000   887820   18.72%
  28290 15063      186.0000   154      187.0000      152.0000   893029   18.72%
  28321 15089      186.0000   160      187.0000      152.0000   893940   18.72%
  28384 15120      181.0000   182      187.0000      152.0000   894952   18.72%
[runlim] sample:		3064.40 time, 1550.01 real, 10819 MB, 2.07 load
  28449 15160      184.0000   156      187.0000      152.0000   895897   18.72%
  28497 15214        cutoff            187.0000      152.0000   897456   18.72%
  28548 15237      178.0000   171      187.0000      152.0000   898395   18.72%
  28623 15391      185.0000   137      187.0000      152.0000   901728   18.72%
  28690 15311      186.0000   105      187.0000      152.0000   899790   18.72%
[runlim] sample:		3084.23 time, 1560.01 real, 10883 MB, 2.06 load
  28770 15457      186.0000   134      187.0000      152.0000   903672   18.72%
Elapsed time = 1558.72 sec. (2697411.82 ticks, tree = 9372.64 MB, solutions = 41)
Nodefile size = 7185.65 MB (6877.69 MB after compression)
  28838 15490      152.0000   195      187.0000      152.0000   904306   18.72%
[runlim] sample:		3104.07 time, 1570.01 real, 11082 MB, 2.05 load
  28884 15652      178.0000   185      187.0000      152.0000   909298   18.72%
  28967 15693      186.0000   119      187.0000      152.0000   910155   18.72%
  29069 15735      182.0000   128      187.0000      152.0000   911432   18.72%
  29135 15777      161.0000   178      187.0000      152.0000   912443   18.72%
  29173 15814      185.0000   117      187.0000      152.0000   913514   18.72%
[runlim] sample:		3123.93 time, 1580.02 real, 11126 MB, 2.04 load
  29236 15967      185.0000   115      187.0000      152.0000   917738   18.72%
  29316 15829      180.0000   161      187.0000      152.0000   914971   18.72%
  29388 16042      182.0000   139      187.0000      152.0000   919811   18.72%
[runlim] sample:		3141.89 time, 1590.01 real, 11315 MB, 2.03 load
  29430 16092      177.0000   140      187.0000      152.0000   922311   18.72%
Elapsed time = 1588.02 sec. (2749430.67 ticks, tree = 9770.93 MB, solutions = 41)
Nodefile size = 7634.26 MB (7306.97 MB after compression)
  29495 16150      153.5405   212      187.0000      152.0000   923389   18.72%
  29567 16185      179.0000   158      187.0000      152.0000   924566   18.72%
  29635 16248      185.0000    96      187.0000      152.0000   925405   18.72%
  29734 16249      185.0000   111      187.0000      152.0000   925947   18.72%
[runlim] sample:		3161.73 time, 1600.01 real, 11467 MB, 2.03 load
  29824 16436      183.0000   120      187.0000      152.0000   930244   18.72%
  29920 16320      183.0000   119      187.0000      152.0000   928401   18.72%
  30024 16543      185.0000    80      187.0000      152.0000   932056   18.72%
  30093 16583      186.0000   118      187.0000      152.0000   934390   18.72%
  30137 16622      179.0000   140      187.0000      152.0000   935483   18.72%
[runlim] sample:		3181.56 time, 1610.01 real, 11655 MB, 2.18 load
  30179 16660      154.7931   182      187.0000      152.0000   936560   18.72%
Elapsed time = 1608.54 sec. (2788358.41 ticks, tree = 10126.08 MB, solutions = 41)
Nodefile size = 7919.67 MB (7580.14 MB after compression)
  30205 16680      175.0000   175      187.0000      152.0000   937469   18.72%
  30273 16706      160.0000   187      187.0000      152.0000   938235   18.72%
  30358 16928      179.0000   167      187.0000      152.0000   942787   18.72%
  30427 16845      152.0000   218      187.0000      152.0000   940188   18.72%
[runlim] sample:		3201.42 time, 1620.01 real, 11882 MB, 2.15 load
  30477 16971      179.0000   180      187.0000      152.0000   944429   18.72%
  30542 16986      152.0000   197      187.0000      152.0000   945522   18.72%
  30593 17007      169.0000   153      187.0000      152.0000   946477   18.72%
  30664 17160      185.0000   107      187.0000      152.0000   948598   18.72%
  30720 17186      180.0000   173      187.0000      152.0000   949322   18.72%
[runlim] sample:		3221.24 time, 1630.01 real, 12029 MB, 2.13 load
  30765 17224      185.0000   139      187.0000      152.0000   950028   18.72%
Elapsed time = 1628.22 sec. (2826833.23 ticks, tree = 10478.16 MB, solutions = 41)
Nodefile size = 8271.07 MB (7916.29 MB after compression)
  30812 17259      181.0000   156      187.0000      152.0000   951147   18.72%
  30891 17286      186.0000   141      187.0000      152.0000   952358   18.72%
  30939 17280      177.0000   164      187.0000      152.0000   954428   18.72%
  31012 17310      169.0000   148      187.0000      152.0000   955368   18.72%
[runlim] sample:		3241.09 time, 1640.01 real, 12213 MB, 2.11 load
  31057 17532      184.0000   138      187.0000      152.0000   960997   18.72%
  31068 17451      180.0000   152      187.0000      152.0000   959297   18.72%
  31122 17544      184.0000   109      187.0000      152.0000   961147   18.72%
  31201 17618      164.0000   171      187.0000      152.0000   964292   18.72%
  31246 17621      184.0000   101      187.0000      152.0000   962722   18.72%
[runlim] sample:		3260.89 time, 1650.01 real, 12283 MB, 2.17 load
  31295 17660      163.0000   205      187.0000      152.0000   963613   18.72%
Elapsed time = 1649.18 sec. (2865923.28 ticks, tree = 10755.07 MB, solutions = 41)
Nodefile size = 8529.25 MB (8164.05 MB after compression)
  31367 17646      185.0000   120      187.0000      152.0000   965109   18.72%
  31433 17841      183.0000   104      187.0000      152.0000   968515   18.72%
  31510 17686      160.0000   189      187.0000      152.0000   967146   18.72%
  31579 17861      178.0000   157      187.0000      152.0000   971223   18.72%
[runlim] sample:		3280.74 time, 1660.02 real, 12400 MB, 2.14 load
  31662 17912      185.0000   105      187.0000      152.0000   972006   18.72%
  31731 18038      183.0000   152      187.0000      152.0000   975370   18.72%
  31791 18097      184.0000    99      187.0000      152.0000   976090   18.72%
  31840 17951      164.0000   201      187.0000      152.0000   972949   18.72%
  31910 17991      180.0000   134      187.0000      152.0000   973893   18.72%
[runlim] sample:		3300.59 time, 1670.02 real, 12606 MB, 2.12 load
  31952 18214      183.0000   112      187.0000      152.0000   979085   18.72%
Elapsed time = 1668.08 sec. (2904815.86 ticks, tree = 11100.06 MB, solutions = 41)
Nodefile size = 8950.15 MB (8568.33 MB after compression)
  32012 18273      183.0765    82      187.0000      152.0000   979686   18.72%
  32096 18322      183.0000   126      187.0000      152.0000   981705   18.72%
  32190 18370      183.0000   120      187.0000      152.0000   982504   18.72%
  32310 18420      186.0000    75      187.0000      152.0000   983216   18.72%
[runlim] sample:		3320.41 time, 1680.01 real, 12776 MB, 2.10 load
  32399 18573      180.0000   135      187.0000      152.0000   985266   18.72%
  32510 18498      180.0000   136      187.0000      152.0000   985165   18.72%
  32603 18672      185.0000   173      187.0000      152.0000   987050   18.72%
  32671 18706      179.0000   149      187.0000      152.0000   987992   18.72%
  32777 18885      183.0000   113      187.0000      152.0000   991052   18.72%
[runlim] sample:		3340.21 time, 1690.01 real, 13017 MB, 2.09 load
  32858 18920      185.0000   121      187.0000      152.0000   991795   18.72%
Elapsed time = 1687.76 sec. (2944112.69 ticks, tree = 11542.06 MB, solutions = 41)
Nodefile size = 9354.41 MB (8955.16 MB after compression)
  32914 18955      185.0000   103      187.0000      152.0000   992376   18.72%
  33002 18986      180.0000   187      187.0000      152.0000   993445   18.72%
  33066 19014      175.0000   165      187.0000      152.0000   994194   18.72%
  33134 19125      177.0000   173      187.0000      152.0000   996703   18.72%
[runlim] sample:		3360.02 time, 1700.01 real, 13303 MB, 2.07 load
  33218 19338      185.0000   141      187.0000      152.0000  1000406   18.72%
  33276 19374      184.0000   153      187.0000      152.0000  1001184   18.72%
  33352 19407      182.0000   155      187.0000      152.0000  1002114   18.72%
  33422 19438      182.0000   151      187.0000      152.0000  1002948   18.72%
  33485 19431      184.0000   117      187.0000      152.0000  1005439   18.72%
[runlim] sample:		3379.77 time, 1710.01 real, 13532 MB, 2.06 load
  33545 19604      185.0000   141      187.0000      152.0000  1008392   18.72%
Elapsed time = 1708.08 sec. (2984546.74 ticks, tree = 11973.02 MB, solutions = 41)
Nodefile size = 9827.53 MB (9407.92 MB after compression)
  33645 19519      184.0000    97      187.0000      152.0000  1007053   18.72%
  33732 19781      183.0000   141      187.0000      152.0000  1012430   18.72%
  33794 19714      185.0000   173      187.0000      152.0000  1010922   18.72%
  33851 19739      183.0000   159      187.0000      152.0000  1011842   18.72%
[runlim] sample:		3399.59 time, 1720.01 real, 13755 MB, 2.05 load
  33942 19992      184.0000   140      187.0000      152.0000  1017238   18.72%
  33987 20027      180.0000   159      187.0000      152.0000  1018185   18.72%
  34025 20053      181.0000   192      187.0000      152.0000  1019145   18.72%
  34066 20038      163.0000   175      187.0000      152.0000  1020451   18.72%
  34150 20086      186.0000   109      187.0000      152.0000  1021099   18.72%
[runlim] sample:		3419.42 time, 1730.01 real, 13810 MB, 2.12 load
  34236 20137      186.0000    72      187.0000      152.0000  1021711   18.72%
Elapsed time = 1727.82 sec. (3023576.69 ticks, tree = 12308.54 MB, solutions = 41)
Nodefile size = 10110.27 MB (9678.61 MB after compression)
  34324 20238      184.0000   103      187.0000      152.0000  1025191   18.72%
[runlim] sample:		3439.24 time, 1740.01 real, 13934 MB, 2.10 load
  34371 20281      180.0000   174      187.0000      152.0000  1026137   18.72%
  34378 20282      154.0000   192      187.0000      152.0000  1026271   18.72%
[runlim] end:			Tue Sep  1 07:23:44 2026
[runlim] status:		out of memory
[runlim] result:		3
[runlim] children:		1
[runlim] processes:		2
[runlim] real:			1748.94 seconds
[runlim] time:			3454.93 seconds
[runlim] space:			14003 MB
[runlim] load:			2.32 maximum
[runlim] samples:		17479
