[runlim] version:		2.0.0rc12
[runlim] host:			fjssp-instance1
[runlim] time limit:		311040000 seconds
[runlim] real time limit:	3600 seconds
[runlim] space limit:		14000 MB
[runlim] argv[0]:		python3
[runlim] argv[1]:		-u
[runlim] argv[2]:		mip.py
[runlim] argv[3]:		--input
[runlim] argv[4]:		datasets/brandimarte/MK10
[runlim] argv[5]:		--factories
[runlim] argv[6]:		2
[runlim] start:			Tue Sep  1 07:23:44 2026
[runlim] child:			12788
======================================================================
INSTANCE
======================================================================
File       : datasets/brandimarte/MK10
Operations : 240
Jobs       : 20
Machines   : 15
Factories  : 2
Edges      : 220

======================================================================
GREEDY HEURISTIC
======================================================================
Greedy UB   : 159
Greedy time : 0.000755 sec

======================================================================
MODEL 1 PARAMETERS
======================================================================
Greedy UB = 159
First operations = 20
Last operations  = 20

Adding greedy MIP start...

======================================================================
MODEL STATISTICS
======================================================================
Variables    : 54229
Constraints : 105814
Greedy UB   : 159

======================================================================
START CPLEX
======================================================================
Version identifier: 22.2.0.0 | 2026-05-04 | 5dff98e58
CPXPARAM_Read_DataCheck                          1
Warning:  No solution found from 1 MIP starts.
Retaining values of one MIP start for possible repair.
Tried aggregator 2 times.
MIP Presolve eliminated 30 rows and 8 columns.
MIP Presolve modified 266422 coefficients.
Aggregator did 58 substitutions.
Reduced MIP has 105726 rows, 54163 columns, and 530064 nonzeros.
Reduced MIP has 53922 binaries, 0 generals, 0 SOSs, and 0 indicators.
Presolve time = 0.27 sec. (431.31 ticks)
Probing time = 0.09 sec. (38.27 ticks)
Tried aggregator 1 time.
Detecting symmetries...
Reduced MIP has 105726 rows, 54163 columns, and 530064 nonzeros.
Reduced MIP has 53922 binaries, 0 generals, 0 SOSs, and 0 indicators.
Presolve time = 0.21 sec. (255.00 ticks)
Probing time = 0.03 sec. (32.15 ticks)
Clique table members: 5501.
MIP emphasis: balance optimality and feasibility.
MIP search method: dynamic search.
Parallel mode: deterministic, using up to 2 threads.
[runlim] sample:		13.95 time, 10.01 real, 670 MB, 1.86 load
Root relaxation solution time = 7.72 sec. (12048.88 ticks)

        Nodes                                         Cuts/
   Node  Left     Objective  IInf  Best Integer    Best Bound    ItCnt     Gap

      0     0      113.0000   401                    113.0000     4778         
[runlim] sample:		33.69 time, 20.02 real, 889 MB, 1.89 load
*     0+    0                          159.0000      113.0000            28.93%
      0     0      113.0000   356      159.0000     Cuts: 507     5652   28.93%
      0     0      113.0000   365      159.0000     Cuts: 416     6375   28.93%
[runlim] sample:		53.53 time, 30.01 real, 869 MB, 1.98 load
      0     0      113.0000   376      159.0000     Cuts: 619     7224   28.93%
[runlim] sample:		73.39 time, 40.01 real, 897 MB, 2.06 load
Repair heuristic found nothing.
Detecting symmetries...
      0     2      113.0000   275      159.0000      113.0000     7224   28.93%
Elapsed time = 40.69 sec. (69872.90 ticks, tree = 0.02 MB, solutions = 1)
      1     3      113.0000   209      159.0000      113.0000    10136   28.93%
      4     6      113.0000   203      159.0000      113.0000    10192   28.93%
      6     8      113.0000   206      159.0000      113.0000    10228   28.93%
[runlim] sample:		93.05 time, 50.01 real, 884 MB, 2.05 load
     11    12      113.0000   197      159.0000      113.0000    10274   28.93%
     15    15      113.0000   186      159.0000      113.0000    10337   28.93%
     23    19      113.0000   182      159.0000      113.0000    10373   28.93%
     29    14      113.0000   187      159.0000      113.0000    14166   28.93%
     32    17      113.0000   234      159.0000      113.0000    14397   28.93%
     33    18      113.0000   202      159.0000      113.0000    14443   28.93%
     40    25      113.0000   209      159.0000      113.0000    14728   28.93%
Elapsed time = 54.02 sec. (87710.63 ticks, tree = 1.37 MB, solutions = 1)
     41    26      113.0000   264      159.0000      113.0000    16237   28.93%
[runlim] sample:		112.89 time, 60.01 real, 903 MB, 2.11 load
     49    34      113.0000   190      159.0000      113.0000    16292   28.93%
     57    42      113.0000   227      159.0000      113.0000    16762   28.93%
     59    44      113.2727   201      159.0000      113.0000    16850   28.93%
     67    52      113.0000   191      159.0000      113.0000    17068   28.93%
     71    56      113.0000   187      159.0000      113.0000    17108   28.93%
     79    64      113.0000   178      159.0000      113.0000    17268   28.93%
     96    81      113.0000   175      159.0000      113.0000    17399   28.93%
     99    84      113.0000   169      159.0000      113.0000    17432   28.93%
    119   104      113.0000   158      159.0000      113.0000    17528   28.93%
Elapsed time = 64.41 sec. (104994.13 ticks, tree = 61.64 MB, solutions = 1)
    134   119      131.0000   136      159.0000      113.0000    17794   28.93%
[runlim] sample:		132.76 time, 70.01 real, 959 MB, 2.09 load
    147   132      115.0000   151      159.0000      113.0000    17988   28.93%
    159   144      116.0000   148      159.0000      113.0000    18123   28.93%
    175   160      117.0000   135      159.0000      113.0000    18300   28.93%
    190   175      117.0000   136      159.0000      113.0000    18522   28.93%
    199   184      117.0000   137      159.0000      113.0000    18602   28.93%
    213   198      117.0000   134      159.0000      113.0000    18766   28.93%
    219   204      120.0000   137      159.0000      113.0000    18944   28.93%
    235   220      117.0000   143      159.0000      113.0000    19143   28.93%
    249   234      123.0000   133      159.0000      113.0000    19386   28.93%
Elapsed time = 74.87 sec. (118803.58 ticks, tree = 65.22 MB, solutions = 1)
[runlim] sample:		152.59 time, 80.01 real, 967 MB, 2.08 load
    259   244      123.0000   128      159.0000      113.0000    19579   28.93%
    275   260      127.0000   112      159.0000      113.0000    19805   28.93%
    289   274      127.0000   117      159.0000      113.0000    19981   28.93%
    299   284      135.0000   108      159.0000      113.0000    20123   28.93%
    316   301      138.0000   104      159.0000      113.0000    20310   28.93%
    333   317      138.0000    87      159.0000      113.0000    20555   28.93%
    339   323      138.0000    85      159.0000      113.0000    20594   28.93%
    351   335      138.0000    89      159.0000      113.0000    20809   28.93%
    369   353      138.0000    84      159.0000      113.0000    21046   28.93%
    384   376      113.0000   192      159.0000      113.0000    38503   28.93%
Elapsed time = 82.02 sec. (130296.93 ticks, tree = 60.50 MB, solutions = 1)
    405   391      113.0000   159      159.0000      113.0000    38608   28.93%
    412   391      151.0000    77      159.0000      113.0000    39185   28.93%
    433   400      146.0000    81      159.0000      113.0000    39461   28.93%
    447   401      113.0000   149      159.0000      113.0000    38743   28.93%
    475   431      151.0000    80      159.0000      113.0000    39897   28.93%
    501   478      148.0000    76      159.0000      113.0000    40523   28.93%
    520   493      148.0000    79      159.0000      113.0000    40739   28.93%
    539   512      148.0000    79      159.0000      113.0000    41013   28.93%
[runlim] sample:		172.43 time, 90.01 real, 967 MB, 2.07 load
    550   438      113.0609   169      159.0000      113.0000    40068   28.93%
    566   492      113.0609   153      159.0000      113.0000    41116   28.93%
Elapsed time = 86.72 sec. (140423.26 ticks, tree = 66.93 MB, solutions = 1)
    590   560      153.0000    73      159.0000      113.0000    42177   28.93%
    614   579      155.0000    69      159.0000      113.0000    42494   28.93%
    628   588      157.0000    67      159.0000      113.0000    42848   28.93%
    642   597      157.0000    70      159.0000      113.0000    43051   28.93%
    666   630      129.0000   119      159.0000      113.0000    43748   28.93%
    680   607      113.0000   153      159.0000      113.0000    43416   28.93%
    696   649      129.0000   114      159.0000      113.0000    43954   28.93%
    726   687      129.0000   119      159.0000      113.0000    45063   28.93%
    750   667      119.0000   138      159.0000      113.0000    44907   28.93%
    774   682      120.0000   132      159.0000      113.0000    45116   28.93%
Elapsed time = 91.61 sec. (150676.67 ticks, tree = 73.06 MB, solutions = 1)
    792   727      130.0000   118      159.0000      113.0000    45865   28.93%
    814   765      129.0000   127      159.0000      113.0000    46597   28.93%
    830   754      131.0000    94      159.0000      113.0000    46078   28.93%
    851   770      131.0000    95      159.0000      113.0000    46258   28.93%
    860   814      131.0000    98      159.0000      113.0000    47141   28.93%
    866   841      119.0000   157      159.0000      113.0000    48063   28.93%
[runlim] sample:		192.28 time, 100.01 real, 962 MB, 2.06 load
    880   836      113.0000   156      159.0000      113.0000    47992   28.93%

Performing restart 1

Repeating presolve.
Tried aggregator 1 time.
MIP Presolve modified 1192 coefficients.
Reduced MIP has 105726 rows, 54163 columns, and 530064 nonzeros.
Reduced MIP has 53922 binaries, 0 generals, 0 SOSs, and 0 indicators.
Presolve time = 0.11 sec. (187.05 ticks)
Tried aggregator 1 time.
MIP Presolve modified 2404 coefficients.
Reduced MIP has 105726 rows, 54163 columns, and 530064 nonzeros.
Reduced MIP has 53922 binaries, 0 generals, 0 SOSs, and 0 indicators.
Presolve time = 0.22 sec. (262.31 ticks)
Represolve time = 0.87 sec. (826.93 ticks)
[runlim] sample:		206.54 time, 110.01 real, 1053 MB, 1.97 load
[runlim] sample:		226.38 time, 120.01 real, 1054 MB, 1.98 load
[runlim] sample:		246.25 time, 130.01 real, 1055 MB, 1.98 load
    882     0      113.0000   494      159.0000    Cuts: 1241    51533   28.93%
[runlim] sample:		266.08 time, 140.01 real, 1055 MB, 1.98 load
[runlim] sample:		285.95 time, 150.02 real, 1067 MB, 2.07 load
    882     0      113.0000   436      159.0000     Cuts: 551    53174   28.93%
[runlim] sample:		305.80 time, 160.01 real, 1067 MB, 2.14 load
    882     0      113.0000   484      159.0000     Cuts: 826    54509   28.93%
[runlim] sample:		325.64 time, 170.01 real, 1067 MB, 2.12 load
[runlim] sample:		345.48 time, 180.01 real, 1067 MB, 2.10 load
    882     0      113.0000   369      159.0000     Cuts: 243    54988   28.93%
[runlim] sample:		365.34 time, 190.01 real, 1067 MB, 2.08 load
[runlim] sample:		385.14 time, 200.01 real, 1067 MB, 2.07 load
    882     0      113.0000   351      159.0000     Cuts: 835    56315   28.93%
[runlim] sample:		404.99 time, 210.01 real, 1126 MB, 2.06 load
[runlim] sample:		424.84 time, 220.02 real, 1170 MB, 2.05 load
    882     0      113.0000   403      159.0000     Cuts: 982    57595   28.93%
[runlim] sample:		444.68 time, 230.01 real, 1175 MB, 2.04 load
[runlim] sample:		464.52 time, 240.01 real, 1175 MB, 2.03 load
    882     0      113.0000   417      159.0000     Cuts: 768    58495   28.93%
[runlim] sample:		484.37 time, 250.01 real, 1175 MB, 2.03 load
*   882+    0                          158.0000      113.0000            28.48%
    882     2      113.0000   294      158.0000      113.0000    58495   28.48%
[runlim] sample:		503.97 time, 260.01 real, 1096 MB, 2.02 load
[runlim] sample:		523.84 time, 270.01 real, 1096 MB, 2.02 load
    883     3      113.0000   270      158.0000      113.0000    58560   28.48%
[runlim] sample:		543.70 time, 280.01 real, 1096 MB, 2.09 load
    884     4      113.0000   236      158.0000      113.0000    66033   28.48%
Elapsed time = 276.89 sec. (420229.80 ticks, tree = 0.04 MB, solutions = 2)
    885     5      113.0000   221      158.0000      113.0000    66078   28.48%
    886     3      113.0000   233      158.0000      113.0000    65192   28.48%
    887     6      113.0000   213      158.0000      113.0000    66128   28.48%
    889     7      113.0000   221      158.0000      113.0000    66139   28.48%
    891     8      113.0000   226      158.0000      113.0000    72761   28.48%
    892     9      113.0000   218      158.0000      113.0000    72881   28.48%
    894     9      117.0000   271      158.0000      113.0000    73665   28.48%
    896    12      113.0000   195      158.0000      113.0000    72994   28.48%
    898    11      117.0000   270      158.0000      113.0000    73668   28.48%
[runlim] sample:		563.55 time, 290.01 real, 1096 MB, 2.23 load
    900    12      117.0000   269      158.0000      113.0000    73674   28.48%
Elapsed time = 286.70 sec. (439942.63 ticks, tree = 1.81 MB, solutions = 2)
    901    13      117.0000   252      158.0000      113.0000    73726   28.48%
    903    15      117.0000   243      158.0000      113.0000    73784   28.48%
    906    17      117.0000   238      158.0000      113.0000    73840   28.48%
    908    28      117.0000   232      158.0000      113.0000    74757   28.48%
    910    30      117.0000   231      158.0000      113.0000    74807   28.48%
    912    22      113.1295   239      158.0000      113.0000    74601   28.48%
    914    33      117.0000   244      158.0000      113.0000    75064   28.48%
    916    34      117.0000   219      158.0000      113.0000    75129   28.48%
    920    39      117.0000   210      158.0000      113.0000    75373   28.48%
    924    34      119.0592   225      158.0000      113.0000    74928   28.48%
Elapsed time = 295.58 sec. (457669.46 ticks, tree = 5.40 MB, solutions = 2)
[runlim] sample:		583.40 time, 300.02 real, 1096 MB, 2.19 load
    926    42      117.0000   211      158.0000      113.0000    75482   28.48%
    928    44      117.0000   199      158.0000      113.0000    75493   28.48%
    932    46      117.0000   191      158.0000      113.0000    75554   28.48%
    935    38      119.0592   205      158.0000      113.0000    75396   28.48%
    937    49      117.0000   190      158.0000      113.0000    75631   28.48%
    940    58      119.0592   201      158.0000      113.0000    76282   28.48%
    943    60      119.0592   202      158.0000      113.0000    76287   28.48%
    946    62      119.0592   201      158.0000      113.0000    76298   28.48%
    949    64      119.0592   197      158.0000      113.0000    76308   28.48%
    962    70      119.0000   181      158.0000      113.0000    76473   28.48%
Elapsed time = 303.39 sec. (472556.08 ticks, tree = 23.95 MB, solutions = 2)
    972    86      122.0000   179      158.0000      113.0000    76668   28.48%
[runlim] sample:		603.24 time, 310.02 real, 1096 MB, 2.16 load
    983    85      154.0000   134      158.0000      113.0000    76771   28.48%
   1005   108      154.0000   125      158.0000      113.0000    77175   28.48%
   1038   130      122.0000   169      158.0000      113.0000    77449   28.48%
   1070   175      127.0000   159      158.0000      113.0000    78221   28.48%
   1106   191      141.0000   132      158.0000      113.0000    78554   28.48%
[runlim] sample:		623.04 time, 320.01 real, 1096 MB, 2.14 load
   1130   200      156.0000   118      158.0000      113.0000    78689   28.48%
   1179   264      156.0000    95      158.0000      113.0000    79514   28.48%
   1199   273      113.0000   247      158.0000      113.0000    79912   28.48%
   1216   293      129.0000   192      158.0000      113.0000    80945   28.48%
Elapsed time = 324.82 sec. (513340.61 ticks, tree = 45.09 MB, solutions = 2)
[runlim] sample:		642.89 time, 330.01 real, 1060 MB, 2.12 load
   1226   300      129.0000   248      158.0000      113.0000    81405   28.48%
   1236   333      129.0000   198      158.0000      113.0000    82465   28.48%
   1245   341      131.0000   188      158.0000      113.0000    82674   28.48%
   1261   364      131.0000   167      158.0000      113.0000    84384   28.48%
[runlim] sample:		662.73 time, 340.01 real, 1066 MB, 2.10 load
   1264   367      131.0000   160      158.0000      113.0000    84507   28.48%
   1284   386      131.0000   155      158.0000      113.0000    86683   28.48%
   1297   399      131.0000   142      158.0000      113.0000    86931   28.48%
   1316   416      131.0504   139      158.0000      113.0000    87224   28.48%
[runlim] sample:		682.58 time, 350.01 real, 1062 MB, 2.08 load
   1333   430      133.0000   160      158.0000      113.0000    87521   28.48%
   1336   433      133.0000   170      158.0000      113.0000    88124   28.48%
Elapsed time = 349.63 sec. (555274.80 ticks, tree = 58.50 MB, solutions = 2)
   1353   452      133.0000   156      158.0000      113.0000    90792   28.48%
   1363   460      134.0000   152      158.0000      113.0000    91260   28.48%
[runlim] sample:		702.42 time, 360.01 real, 1099 MB, 2.07 load
   1384   483      137.0000   136      158.0000      113.0000    94305   28.48%
   1404   480      113.0000   282      158.0000      113.0000    96285   28.48%
   1426   527      141.0294   122      158.0000      113.0000    97013   28.48%
   1462   549      156.0000   101      158.0000      113.0000    97419   28.48%
   1480   560      156.0000    93      158.0000      113.0000    97563   28.48%
[runlim] sample:		722.28 time, 370.01 real, 1067 MB, 2.06 load
   1490   538      113.0000   193      158.0000      113.0000    99050   28.48%
   1497   567      113.0000   213      158.0000      113.0000    98881   28.48%
   1506   576      113.0000   284      158.0000      113.0000   100293   28.48%
Elapsed time = 373.64 sec. (596879.64 ticks, tree = 63.21 MB, solutions = 2)
   1520   590      118.0000   188      158.0000      113.0000   100762   28.48%
[runlim] sample:		742.08 time, 380.02 real, 1096 MB, 2.05 load
   1528   598      118.0000   177      158.0000      113.0000   100904   28.48%
   1545   615      118.0000   177      158.0000      113.0000   101534   28.48%
   1565   625      118.0000   165      158.0000      113.0000   101810   28.48%
   1590   656      144.0000   106      158.0000      113.0000   103027   28.48%
   1609   671      144.0000   108      158.0000      113.0000   103347   28.48%
[runlim] sample:		761.93 time, 390.02 real, 1080 MB, 2.04 load
   1650   687      120.0000   153      158.0000      113.0000   103952   28.48%
   1706   741      156.0000    87      158.0000      113.0000   104752   28.48%
   1757   757      120.0000   173      158.0000      113.0000   105044   28.48%
   1797   797      125.0000   159      158.0000      113.0000   105626   28.48%
Elapsed time = 392.98 sec. (637659.44 ticks, tree = 73.28 MB, solutions = 2)
   1838   850      135.0000   141      158.0000      113.0000   106501   28.48%
[runlim] sample:		781.78 time, 400.01 real, 1104 MB, 2.11 load
   1879   889      145.0000   159      158.0000      113.0000   107586   28.48%
   1932   953      153.0000   107      158.0000      113.0000   108297   28.48%
   2004   996      131.0000   159      158.0000      113.0000   108891   28.48%
   2050  1052      121.0000   178      158.0000      113.0000   109703   28.48%
   2126  1064      156.0000   100      158.0000      113.0000   109475   28.48%
[runlim] sample:		801.63 time, 410.01 real, 1080 MB, 2.17 load
   2190  1159      156.0000    81      158.0000      113.0000   110744   28.48%
   2254  1231      137.0000   128      158.0000      113.0000   111586   28.48%
   2299  1263      142.0000   102      158.0000      113.0000   112072   28.48%
   2352  1278      123.0196   174      158.0000      113.0000   112717   28.48%
Elapsed time = 412.33 sec. (676595.33 ticks, tree = 84.84 MB, solutions = 2)
   2412  1404      153.0000    66      158.0000      113.0000   113415   28.48%
[runlim] sample:		821.45 time, 420.01 real, 1081 MB, 2.14 load
   2494  1422      154.0000    91      158.0000      113.0000   114401   28.48%
   2536  1482      153.0000    60      158.0000      113.0000   115686   28.48%
   2586  1558      128.0000   192      158.0000      113.0000   116230   28.48%
   2623  1609      136.0000   132      158.0000      113.0000   117752   28.48%
   2656  1642      136.0000   135      158.0000      113.0000   118242   28.48%
[runlim] sample:		841.31 time, 430.01 real, 1088 MB, 2.12 load
   2696  1620      132.0000   150      158.0000      113.0000   121101   28.48%
   2739  1645      133.0000   132      158.0000      113.0000   121346   28.48%
   2802  1790      146.0000   128      158.0000      113.0000   123416   28.48%
   2871  1822      127.0000   162      158.0000      113.0000   123751   28.48%
Elapsed time = 434.38 sec. (715659.61 ticks, tree = 98.13 MB, solutions = 2)
[runlim] sample:		858.97 time, 440.01 real, 1082 MB, 2.10 load
   2934  1849      127.0000   200      158.0000      113.0000   124377   28.48%
   2986  1892      127.0000   151      158.0000      113.0000   124654   28.48%
   3051  1942      141.0000   113      158.0000      113.0000   125107   28.48%
   3075  2064      132.0000   148      158.0000      113.0000   127806   28.48%
[runlim] sample:		878.80 time, 450.01 real, 1106 MB, 2.09 load
   3082  2025      141.0000   107      158.0000      113.0000   126370   28.48%
   3139  2110      155.0000    83      158.0000      113.0000   127913   28.48%
   3189  2145      155.0000    92      158.0000      113.0000   128416   28.48%
   3269  2194      125.0000   171      158.0000      113.0000   129550   28.48%
   3345  2149      150.0000   113      158.0000      113.0000   128868   28.48%
[runlim] sample:		898.66 time, 460.01 real, 1075 MB, 2.07 load
   3435  2377      138.0000   106      158.0000      113.0000   131419   28.48%
Elapsed time = 456.63 sec. (756639.64 ticks, tree = 110.26 MB, solutions = 2)
   3509  2423      156.0000    83      158.0000      113.0000   131992   28.48%
   3576  2456      156.0000    74      158.0000      113.0000   132521   28.48%
   3654  2540      139.0000   140      158.0000      113.0000   134115   28.48%
   3731  2575      150.0000   123      158.0000      113.0000   134639   28.48%
[runlim] sample:		918.51 time, 470.01 real, 1104 MB, 2.06 load
   3790  2620      150.0000   100      158.0000      113.0000   135114   28.48%
   3845  2765      153.0000    87      158.0000      113.0000   136530   28.48%
   3916  2744      125.0000   185      158.0000      113.0000   137351   28.48%
   3992  2874      127.0000   158      158.0000      113.0000   138762   28.48%
   4048  2810      127.0000   149      158.0000      113.0000   137943   28.48%
   4090  2923      139.0000   124      158.0000      113.0000   139864   28.48%
Elapsed time = 475.38 sec. (795355.52 ticks, tree = 222.04 MB, solutions = 2)
[runlim] sample:		938.33 time, 480.01 real, 1204 MB, 2.05 load
   4150  3039      149.0000   112      158.0000      113.0000   141117   28.48%
   4161  3044      136.0000   171      158.0000      113.0000   141344   28.48%
   4224  3039      113.1519   229      158.0000      113.0000   142471   28.48%
   4296  3176      146.0000   118      158.0000      113.0000   143506   28.48%
   4373  3074      136.0000   137      158.0000      113.0000   143436   28.48%
[runlim] sample:		958.18 time, 490.01 real, 1302 MB, 2.04 load
   4442  3181      147.0000   116      158.0000      113.0000   144680   28.48%
   4512  3372      139.0000   109      158.0000      113.0000   146333   28.48%
   4604  3433      147.0000   104      158.0000      113.0000   146900   28.48%
   4687  3397      150.0000    90      158.0000      113.0000   146891   28.48%
   4758  3567      139.0000   145      158.0000      113.0000   148593   28.48%
Elapsed time = 495.41 sec. (834242.41 ticks, tree = 570.51 MB, solutions = 2)
[runlim] sample:		977.99 time, 500.01 real, 1637 MB, 2.12 load
   4830  3606      153.0000   119      158.0000      113.0000   148914   28.48%
   4901  3639      157.0000    85      158.0000      113.0000   149711   28.48%
   4990  3749      157.0000    89      158.0000      113.0000   150751   28.48%
   5083  3903      125.0000   147      158.0000      113.0000   152875   28.48%
   5180  3946      125.0000   139      158.0000      113.0000   153324   28.48%
[runlim] sample:		997.83 time, 510.01 real, 1668 MB, 2.10 load
   5267  3932      136.0000   172      158.0000      113.0000   152957   28.48%
   5358  4173      134.0000   115      158.0000      113.0000   155783   28.48%
   5443  4101      137.0000   131      158.0000      113.0000   155129   28.48%
   5525  4134      137.0000   136      158.0000      113.0000   155519   28.48%
   5608  4386      139.0000   126      158.0000      113.0000   158368   28.48%
Elapsed time = 514.62 sec. (872990.99 ticks, tree = 668.91 MB, solutions = 2)
[runlim] sample:		1017.68 time, 520.01 real, 1671 MB, 2.08 load
   5687  4444      146.0000    94      158.0000      113.0000   158934   28.48%
   5739  4490      157.0000    83      158.0000      113.0000   159601   28.48%
   5789  4534      157.0000    62      158.0000      113.0000   160156   28.48%
   5839  4573      136.0000   174      158.0000      113.0000   160872   28.48%
[runlim] sample:		1037.53 time, 530.01 real, 1640 MB, 2.14 load
   5882  4612      136.0000   131      158.0000      113.0000   161394   28.48%
   5916  4709      124.0000   213      158.0000      113.0000   167703   28.48%
   5942  4735      125.0000   182      158.0000      113.0000   168072   28.48%
   5964  4757      138.0000   140      158.0000      113.0000   168349   28.48%
[runlim] sample:		1057.36 time, 540.01 real, 1640 MB, 2.28 load
   5994  4712      124.0000   230      158.0000      113.0000   168498   28.48%
   6028  4775      139.0000   146      158.0000      113.0000   168546   28.48%
Elapsed time = 539.34 sec. (915523.53 ticks, tree = 677.91 MB, solutions = 2)
   6078  4813      155.0000   114      158.0000      113.0000   168953   28.48%
   6112  4832      121.0000   208      158.0000      113.0000   169601   28.48%
   6165  4874      127.0000   133      158.0000      113.0000   170119   28.48%
[runlim] sample:		1077.19 time, 550.01 real, 1675 MB, 2.23 load
   6201  4934      134.0000   131      158.0000      113.0000   172948   28.48%
   6248  4961      134.0000   126      158.0000      113.0000   173214   28.48%
   6306  5006      137.0000   142      158.0000      113.0000   174977   28.48%
   6366  5052      113.0000   198      158.0000      113.0000   175946   28.48%
   6416  5070      119.0000   175      158.0000      113.0000   176362   28.48%
[runlim] sample:		1096.99 time, 560.01 real, 1630 MB, 2.20 load
   6447  5163      156.0000   108      158.0000      113.0000   177561   28.48%
   6475  5169      123.0987   181      158.0000      113.0000   178633   28.48%
Elapsed time = 559.57 sec. (954851.43 ticks, tree = 687.78 MB, solutions = 2)
[runlim] sample:		1116.83 time, 570.01 real, 1643 MB, 2.17 load
   6492  5175      123.0987   199      158.0000      113.0000   180724   28.48%
   6494  5177      123.0987   208      158.0000      113.0000   183188   28.48%
   6496  5240      123.0987   196      158.0000      113.0000   186410   28.48%
[runlim] sample:		1136.69 time, 580.02 real, 1648 MB, 2.14 load
   6519  5263      126.0000   155      158.0000      113.0000   186966   28.48%
   6547  5291      126.0000   143      158.0000      113.0000   187194   28.48%
   6569  5313      126.0000   135      158.0000      113.0000   187498   28.48%
[runlim] sample:		1156.55 time, 590.01 real, 1689 MB, 2.12 load
   6588  5332      132.0000   119      158.0000      113.0000   187861   28.48%
   6619  5356      113.0000   197      158.0000      113.0000   188222   28.48%
   6640  5377      120.0000   239      158.0000      113.0000   188714   28.48%
   6661  5384      124.0000   208      158.0000      113.0000   202053   28.48%
Elapsed time = 594.99 sec. (1000214.70 ticks, tree = 800.92 MB, solutions = 2)
[runlim] sample:		1176.40 time, 600.02 real, 1807 MB, 2.10 load
   6686  5389      124.0000   190      158.0000      113.0000   202916   28.48%
   6712  5432      125.0000   165      158.0000      113.0000   190395   28.48%
   6757  5482      124.0000   174      158.0000      113.0000   206343   28.48%
   6812  5507      124.0000   156      158.0000      113.0000   206755   28.48%
   6846  5509      117.0000   198      158.0000      113.0000   205295   28.48%
[runlim] sample:		1196.23 time, 610.01 real, 1968 MB, 2.08 load
   6883  5576      150.0000   135      158.0000      113.0000   208238   28.48%
   6922  5608      150.0000   112      158.0000      113.0000   208541   28.48%
   6967  5650      150.0000    94      158.0000      113.0000   209009   28.48%
   7003  5632      125.0000   158      158.0000      113.0000   213667   28.48%
   7045  5659      136.0000   127      158.0000      113.0000   214053   28.48%
Elapsed time = 615.03 sec. (1039097.18 ticks, tree = 996.40 MB, solutions = 2)
[runlim] sample:		1216.04 time, 620.02 real, 2165 MB, 2.07 load
   7093  5758      124.0000   209      158.0000      113.0000   214071   28.48%
   7151  5827      113.0000   210      158.0000      113.0000   216648   28.48%
   7190  5803      148.0000   120      158.0000      113.0000   214881   28.48%
   7238  5855      116.0000   175      158.0000      113.0000   217946   28.48%
[runlim] sample:		1235.88 time, 630.01 real, 2172 MB, 2.06 load
   7290  5958      132.0000   137      158.0000      113.0000   220132   28.48%
   7345  5942      157.0000    83      158.0000      113.0000   218764   28.48%
   7388  5964      127.0000   174      158.0000      113.0000   219603   28.48%
   7475  6086      145.0000   100      158.0000      113.0000   222040   28.48%
   7570  6145      150.0000    86      158.0000      113.0000   222476   28.48%
[runlim] sample:		1255.70 time, 640.01 real, 2260 MB, 2.05 load
   7623  6197      117.0000   248      158.0000      113.0000   224742   28.48%
Elapsed time = 636.95 sec. (1079450.26 ticks, tree = 1209.50 MB, solutions = 2)
   7676  6270      113.0000   195      158.0000      113.0000   224717   28.48%
   7709  6384      144.0000   162      158.0000      113.0000   227007   28.48%
   7744  6415      154.0000   125      158.0000      113.0000   227527   28.48%
   7800  6446      154.0000   104      158.0000      113.0000   227966   28.48%
[runlim] sample:		1275.54 time, 650.01 real, 2312 MB, 2.56 load
   7864  6464      113.0000   212      158.0000      113.0000   228252   28.48%
   7912  6487      119.0000   184      158.0000      113.0000   228977   28.48%
   8001  6596      141.1775   128      158.0000      113.0000   232972   28.48%
   8079  6573      155.0000    74      158.0000      113.0000   231810   28.48%
   8134  6642      129.0000   161      158.0000      113.0000   233995   28.48%
[runlim] sample:		1295.36 time, 660.01 real, 2607 MB, 2.48 load
   8202  6739      156.0000    67      158.0000      113.0000   234612   28.48%
Elapsed time = 657.19 sec. (1118125.62 ticks, tree = 1525.29 MB, solutions = 2)
   8263  6853      141.0000   117      158.0000      113.0000   236672   28.48%
   8316  6785      139.0000   137      158.0000      113.0000   236179   28.48%
   8341  6806      113.0000   270      158.0000      113.0000   236591   28.48%
[runlim] sample:		1315.20 time, 670.01 real, 2876 MB, 2.40 load
   8409  6929      141.0000   106      158.0000      113.0000   237268   28.48%
   8462  7061      143.0000    91      158.0000      113.0000   239964   28.48%
   8518  7096      154.0000    85      158.0000      113.0000   240377   28.48%
   8567  7015      143.0000   130      158.0000      113.0000   240844   28.48%
   8609  7154      146.0000   102      158.0000      113.0000   242244   28.48%
   8676  7185      157.0000    97      158.0000      113.0000   242687   28.48%
[runlim] sample:		1334.99 time, 680.01 real, 3096 MB, 2.34 load
   8755  7218      157.0000    91      158.0000      113.0000   243239   28.48%
Elapsed time = 677.40 sec. (1157767.85 ticks, tree = 1924.90 MB, solutions = 2)
   8801  7304      156.0000   104      158.0000      113.0000   245012   28.48%
   8848  7322      124.0000   203      158.0000      113.0000   245700   28.48%
   8903  7386      139.0000   119      158.0000      113.0000   247369   28.48%
   8944  7417      149.0000    99      158.0000      113.0000   247972   28.48%
[runlim] sample:		1354.82 time, 690.01 real, 3356 MB, 2.29 load
   9027  7509      131.0000   138      158.0000      113.0000   250056   28.48%
   9072  7525      131.0000   126      158.0000      113.0000   250389   28.48%
   9129  7642      145.0000   131      158.0000      113.0000   251863   28.48%
   9177  7674      145.0000   128      158.0000      113.0000   252433   28.48%
   9208  7709      131.0000   217      158.0000      113.0000   254789   28.48%
[runlim] sample:		1374.64 time, 700.01 real, 3593 MB, 2.24 load
   9254  7729      131.0000   176      158.0000      113.0000   255095   28.48%
Elapsed time = 697.25 sec. (1196776.78 ticks, tree = 2347.95 MB, solutions = 2)
Nodefile size = 233.27 MB (205.54 MB after compression)
   9318  7767      131.0000   136      158.0000      113.0000   255510   28.48%
   9371  7805      150.0000   122      158.0000      113.0000   255912   28.48%
   9404  7939      150.0000   113      158.0000      113.0000   258267   28.48%
   9471  7976      150.0000   103      158.0000      113.0000   258701   28.48%
[runlim] sample:		1394.47 time, 710.01 real, 3784 MB, 2.21 load
   9548  7918      140.0000   118      158.0000      113.0000   258270   28.48%
   9582  8022      139.0000   140      158.0000      113.0000   260239   28.48%
   9631  8059      141.0000   126      158.0000      113.0000   261139   28.48%
   9689  8205      113.0000   241      158.0000      113.0000   263956   28.48%
[runlim] sample:		1414.30 time, 720.01 real, 3934 MB, 2.17 load
   9748  8223      123.0000   156      158.0000      113.0000   264979   28.48%
   9794  8246      135.0000   128      158.0000      113.0000   265355   28.48%
Elapsed time = 720.07 sec. (1236677.61 ticks, tree = 2771.22 MB, solutions = 2)
Nodefile size = 594.02 MB (511.14 MB after compression)
   9850  8262      119.0000   234      158.0000      113.0000   265373   28.48%
   9909  8297      128.0000   167      158.0000      113.0000   266057   28.48%
[runlim] sample:		1434.14 time, 730.01 real, 4219 MB, 2.15 load
   9982  8330      130.0000   134      158.0000      113.0000   266536   28.48%
  10034  8450      139.0000    99      158.0000      113.0000   268672   28.48%
  10100  8488      155.0000    94      158.0000      113.0000   269054   28.48%
  10174  8528      156.0000    76      158.0000      113.0000   269400   28.48%
  10238  8587        cutoff            158.0000      113.0000   270780   28.48%
[runlim] sample:		1453.93 time, 740.01 real, 4457 MB, 2.12 load
  10281  8709      124.0000   146      158.0000      113.0000   273114   28.48%
  10350  8744      127.4375   124      158.0000      113.0000   273811   28.48%
  10399  8825      136.0000   123      158.0000      113.0000   274963   28.48%
Elapsed time = 740.41 sec. (1275543.69 ticks, tree = 3250.34 MB, solutions = 2)
Nodefile size = 1137.73 MB (1006.60 MB after compression)
  10503  8880      154.0000    87      158.0000      113.0000   275496   28.48%
  10538  8952      113.0000   284      158.0000      113.0000   278040   28.48%
[runlim] sample:		1473.77 time, 750.01 real, 4690 MB, 2.10 load
  10582  8929      127.0000   165      158.0000      113.0000   276711   28.48%
  10617  8964      138.0000   123      158.0000      113.0000   277126   28.48%
  10664  9141      144.0000   107      158.0000      113.0000   280311   28.48%
  10725  9169      125.0000   153      158.0000      113.0000   281899   28.48%
[runlim] sample:		1493.62 time, 760.01 real, 4855 MB, 2.09 load
  10758  9202      133.0000   122      158.0000      113.0000   282408   28.48%
  10825  9193      157.0000    82      158.0000      113.0000   280701   28.48%
  10879  9282      154.0000   124      158.0000      113.0000   283718   28.48%
  10910  9292      113.0000   260      158.0000      113.0000   284379   28.48%
Elapsed time = 763.05 sec. (1315661.91 ticks, tree = 3635.93 MB, solutions = 2)
Nodefile size = 1431.45 MB (1277.78 MB after compression)
  10942  9411      119.0000   217      158.0000      113.0000   286908   28.48%
[runlim] sample:		1513.45 time, 770.01 real, 5011 MB, 2.07 load
  10993  9308      142.0000   162      158.0000      113.0000   285809   28.48%
  11045  9336      149.0000   127      158.0000      113.0000   286211   28.48%
  11112  9361      157.0000   109      158.0000      113.0000   286579   28.48%
  11155  9534      144.0000   124      158.0000      113.0000   289455   28.48%
  11216  9577      157.0000    81      158.0000      113.0000   289947   28.48%
[runlim] sample:		1533.27 time, 780.01 real, 5248 MB, 2.14 load
  11251  9538      131.0000   181      158.0000      113.0000   292202   28.48%
  11280  9556      131.0000   155      158.0000      113.0000   292847   28.48%
  11306  9717      123.0000   181      158.0000      113.0000   295189   28.48%
  11365  9762      143.0000   129      158.0000      113.0000   296890   28.48%
Elapsed time = 784.23 sec. (1354808.01 ticks, tree = 4024.18 MB, solutions = 2)
Nodefile size = 1902.12 MB (1715.28 MB after compression)
[runlim] sample:		1553.11 time, 790.01 real, 5422 MB, 2.27 load
  11423  9784      126.0000   141      158.0000      113.0000   296442   28.48%
  11489  9883      126.0000   156      158.0000      113.0000   300347   28.48%
  11573  9859      151.0000    86      158.0000      113.0000   298035   28.48%
  11628  9945      133.0000   142      158.0000      113.0000   301457   28.48%
  11682  9977      147.0000   125      158.0000      113.0000   302081   28.48%
[runlim] sample:		1572.91 time, 800.01 real, 5668 MB, 2.23 load
  11761 10011      154.0000   106      158.0000      113.0000   302718   28.48%
  11829 10186      123.0000   188      158.0000      113.0000   305480   28.48%
  11884 10223      128.0000   157      158.0000      113.0000   306117   28.48%
  11945 10148      126.0000   153      158.0000      113.0000   304649   28.48%
  12008 10330      134.0000   174      158.0000      113.0000   307962   28.48%
Elapsed time = 804.42 sec. (1393678.17 ticks, tree = 4490.40 MB, solutions = 2)
Nodefile size = 2381.17 MB (2159.40 MB after compression)
[runlim] sample:		1592.74 time, 810.01 real, 5994 MB, 2.19 load
  12058 10355      134.0000   137      158.0000      113.0000   308446   28.48%
  12113 10376      141.0000   142      158.0000      113.0000   309025   28.48%
  12163 10530      150.0000   103      158.0000      113.0000   311478   28.48%
  12249 10430      156.0000   111      158.0000      113.0000   309676   28.48%
  12338 10462      139.0000   139      158.0000      113.0000   310365   28.48%
[runlim] sample:		1612.59 time, 820.02 real, 6218 MB, 2.16 load
  12432 10649      140.0000   111      158.0000      113.0000   313226   28.48%
  12512 10718      149.0000   106      158.0000      113.0000   314472   28.48%
  12590 10863      123.0000   173      158.0000      113.0000   316758   28.48%
  12668 10910      141.0000   129      158.0000      113.0000   317299   28.48%
  12758 10822      113.0000   200      158.0000      113.0000   316103   28.48%
Elapsed time = 823.89 sec. (1432341.51 ticks, tree = 4905.25 MB, solutions = 2)
Nodefile size = 2632.05 MB (2392.97 MB after compression)
[runlim] sample:		1632.42 time, 830.01 real, 6568 MB, 2.14 load
  12797 10958      122.0000   306      158.0000      113.0000   318839   28.48%
  12853 11086      126.0000   150      158.0000      113.0000   319986   28.48%
  12925 11115      145.0000   110      158.0000      113.0000   320893   28.48%
  12975 11266      136.0000   114      158.0000      113.0000   323556   28.48%
  12990 11127      138.0000   125      158.0000      113.0000   321093   28.48%
[runlim] sample:		1652.24 time, 840.01 real, 6732 MB, 2.11 load
  13020 11313      138.0000   117      158.0000      113.0000   324833   28.48%
  13071 11352        cutoff            158.0000      113.0000   325360   28.48%
  13169 11444      144.3145    71      158.0000      113.0000   326520   28.48%
  13238 11422      127.0000   180      158.0000      113.0000   326224   28.48%
  13319 11521      148.0000    70      158.0000      113.0000   327570   28.48%
Elapsed time = 844.87 sec. (1470873.47 ticks, tree = 5480.86 MB, solutions = 2)
Nodefile size = 3264.43 MB (2972.40 MB after compression)
[runlim] sample:		1672.08 time, 850.01 real, 6948 MB, 2.10 load
  13365 11553      123.0000   189      158.0000      113.0000   328303   28.48%
  13426 11588      138.0000   142      158.0000      113.0000   328890   28.48%
  13493 11630      143.0000   121      158.0000      113.0000   330070   28.48%
  13566 11669        cutoff            158.0000      113.0000   330623   28.48%
  13623 11844      117.0000   200      158.0000      113.0000   333248   28.48%
[runlim] sample:		1691.88 time, 860.01 real, 7193 MB, 2.09 load
  13663 11939      143.0000   135      158.0000      113.0000   334687   28.48%
  13723 11983      157.0000    99      158.0000      113.0000   335237   28.48%
  13771 12036      134.0000   209      158.0000      113.0000   337597   28.48%
  13821 12066      134.0000   159      158.0000      113.0000   337965   28.48%
  13893 12069      139.0000   117      158.0000      113.0000   337208   28.48%
Elapsed time = 865.14 sec. (1509325.01 ticks, tree = 5945.83 MB, solutions = 2)
Nodefile size = 3716.32 MB (3391.60 MB after compression)
[runlim] sample:		1711.72 time, 870.01 real, 7447 MB, 2.07 load
  13960 12121      134.0000   125      158.0000      113.0000   338603   28.48%
  14037 12154      153.0000    96      158.0000      113.0000   339028   28.48%
  14091 12370      153.0000    85      158.0000      113.0000   342553   28.48%
  14137 12388      157.0000   101      158.0000      113.0000   343011   28.48%
  14195 12404      144.0000   145      158.0000      113.0000   343744   28.48%
[runlim] sample:		1731.54 time, 880.01 real, 7682 MB, 2.06 load
  14265 12442      153.0000   111      158.0000      113.0000   344409   28.48%
  14337 12521      150.0000   106      158.0000      113.0000   345632   28.48%
  14390 12634      128.0000   177      158.0000      113.0000   348190   28.48%
  14454 12665      142.0000   132      158.0000      113.0000   348759   28.48%
  14514 12707      146.0000   122      158.0000      113.0000   349195   28.48%
Elapsed time = 885.51 sec. (1548143.55 ticks, tree = 6329.95 MB, solutions = 2)
Nodefile size = 4208.06 MB (3850.61 MB after compression)
[runlim] sample:		1751.36 time, 890.01 real, 7767 MB, 2.05 load
  14557 12744      152.5625   136      158.0000      113.0000   349903   28.48%
  14600 12730      116.0000   187      158.0000      113.0000   352965   28.48%
  14681 12898      132.0000   155      158.0000      113.0000   355711   28.48%
  14791 12952      139.0000   105      158.0000      113.0000   356163   28.48%
[runlim] sample:		1771.18 time, 900.01 real, 7916 MB, 2.20 load
  14872 12886      139.0000    91      158.0000      113.0000   354588   28.48%
  14919 12929      149.0000    95      158.0000      113.0000   355039   28.48%
  15001 13020      139.0000   104      158.0000      113.0000   357061   28.48%
  15057 13272      146.0000    90      158.0000      113.0000   360419   28.48%
  15092 13304      152.0000    84      158.0000      113.0000   361008   28.48%
[runlim] sample:		1791.03 time, 910.01 real, 8124 MB, 2.25 load
  15160 13352      155.0000    59      158.0000      113.0000   361489   28.48%
Elapsed time = 907.16 sec. (1586943.68 ticks, tree = 6724.93 MB, solutions = 2)
Nodefile size = 4532.71 MB (4145.92 MB after compression)
  15185 13169      119.0000   222      158.0000      113.0000   359802   28.48%
  15242 13361      136.0000   162      158.0000      113.0000   362239   28.48%
  15301 13393      137.0000   149      158.0000      113.0000   362638   28.48%
  15357 13422      154.0000   145      158.0000      113.0000   363069   28.48%
[runlim] sample:		1810.83 time, 920.01 real, 8237 MB, 2.13 load
  15396 13524      119.0000   230      158.0000      113.0000   366360   28.48%
  15439 13464      133.0000   210      158.0000      113.0000   364424   28.48%
  15497 13577      145.0000   164      158.0000      113.0000   367676   28.48%
  15564 13666      148.0000   113      158.0000      113.0000   367934   28.48%
  15652 13770      157.0000   116      158.0000      113.0000   371061   28.48%
[runlim] sample:		1830.65 time, 930.02 real, 8372 MB, 2.11 load
  15705 13733      156.0000   121      158.0000      113.0000   369058   28.48%
Elapsed time = 927.21 sec. (1625571.94 ticks, tree = 6913.92 MB, solutions = 2)
Nodefile size = 4795.64 MB (4389.97 MB after compression)
  15772 13815      136.0000   217      158.0000      113.0000   372691   28.48%
  15831 13907      128.0596   168      158.0000      113.0000   373926   28.48%
  15877 13919      131.0596   182      158.0000      113.0000   374698   28.48%
  15950 13949      134.1818   153      158.0000      113.0000   375350   28.48%
[runlim] sample:		1850.47 time, 940.01 real, 8393 MB, 2.09 load
  15994 13981      145.0000   116      158.0000      113.0000   375980   28.48%
  16088 14036      154.0000    98      158.0000      113.0000   376434   28.48%
  16167 14179      148.0000   111      158.0000      113.0000   379609   28.48%
  16232 14265      145.0000   108      158.0000      113.0000   380784   28.48%
[runlim] sample:		1870.30 time, 950.01 real, 8393 MB, 2.08 load
  16264 14352      117.0000   189      158.0000      113.0000   384540   28.48%
  16296 14383      124.0000   163      158.0000      113.0000   385324   28.48%
Elapsed time = 948.26 sec. (1664420.13 ticks, tree = 7019.75 MB, solutions = 2)
Nodefile size = 4858.93 MB (4444.01 MB after compression)
  16332 14419      129.0000   137      158.0000      113.0000   386227   28.48%
  16364 14451      129.0000   142      158.0000      113.0000   386847   28.48%
[runlim] sample:		1890.16 time, 960.01 real, 8459 MB, 2.06 load
  16401 14488      136.0000   118      158.0000      113.0000   387476   28.48%
  16410 14558      124.0000   189      158.0000      113.0000   395656   28.48%
  16452 14600      133.0000   160      158.0000      113.0000   396186   28.48%
  16508 14515      136.0000   104      158.0000      113.0000   387911   28.48%
[runlim] sample:		1910.01 time, 970.02 real, 8531 MB, 2.05 load
  16547 14554      145.0000    87      158.0000      113.0000   388569   28.48%
  16615 14644      133.0000   131      158.0000      113.0000   396860   28.48%
  16698 14779      133.0000   125      158.0000      113.0000   399068   28.48%
  16770 14758      113.0000   210      158.0000      113.0000   398365   28.48%
Elapsed time = 972.74 sec. (1703194.49 ticks, tree = 7255.46 MB, solutions = 2)
Nodefile size = 5056.39 MB (4620.43 MB after compression)
  16816 14856      155.0000   101      158.0000      113.0000   400349   28.48%
[runlim] sample:		1929.79 time, 980.01 real, 8811 MB, 2.05 load
  16896 14917      155.0000    69      158.0000      113.0000   400891   28.48%
* 16913+14879                          157.0000      113.0000            28.03%
  16931 14951      155.0000   101      157.0000      113.0000   401408   28.03%
* 16941+14879                          156.0000      113.0000            27.56%
  16941 14881      138.0000   170      156.0000      113.0000   400789   27.56%
[runlim] sample:		1949.65 time, 990.01 real, 9015 MB, 2.04 load
  16969 13736      125.0000   188      156.0000      113.0000   404457   27.56%
  17013 13730      124.0000   208      156.0000      113.0000   405210   27.56%
  17086 13803      133.0000   114      156.0000      113.0000   405542   27.56%
  17166 13803      145.0000   106      156.0000      113.0000   406244   27.56%
  17275 13853      147.0000    99      156.0000      113.0000   406776   27.56%
[runlim] sample:		1969.50 time, 1000.01 real, 9020 MB, 2.03 load
  17312 14052      113.0000   200      156.0000      113.0000   409934   27.56%
Elapsed time = 997.42 sec. (1745642.08 ticks, tree = 7217.83 MB, solutions = 4)
Nodefile size = 5088.44 MB (4666.22 MB after compression)
  17368 14081      125.0000   159      156.0000      113.0000   410695   27.56%
  17426 14116      135.0000   120      156.0000      113.0000   411120   27.56%
  17504 13999      139.0000   130      156.0000      113.0000   409292   27.56%
  17584 14181      153.0000   108      156.0000      113.0000   412752   27.56%
[runlim] sample:		1989.33 time, 1010.01 real, 9020 MB, 2.03 load
  17663 14216      154.0000   112      156.0000      113.0000   413234   27.56%
  17720 14391      128.0000   132      156.0000      113.0000   416447   27.56%
  17799 14432      148.0000   117      156.0000      113.0000   416873   27.56%
  17889 14317      137.0000   123      156.0000      113.0000   415130   27.56%
  17958 14513      126.0000   159      156.0000      113.0000   418263   27.56%
[runlim] sample:		2009.15 time, 1020.01 real, 9202 MB, 2.02 load
  18031 14717      126.0000   138      156.0000      113.0000   421390   27.56%
Elapsed time = 1017.28 sec. (1784308.61 ticks, tree = 7766.02 MB, solutions = 4)
Nodefile size = 5624.51 MB (5168.29 MB after compression)
  18103 14554      127.0000   147      156.0000      113.0000   420041   27.56%
  18203 14599      132.0000   132      156.0000      113.0000   420765   27.56%
  18288 14829      126.0000   150      156.0000      113.0000   423140   27.56%
  18391 14893      141.0000    86      156.0000      113.0000   424465   27.56%
[runlim] sample:		2029.00 time, 1030.02 real, 9574 MB, 2.10 load
  18468 14927      135.4573   146      156.0000      113.0000   424979   27.56%
  18482 15123      135.0000   116      156.0000      113.0000   427573   27.56%
  18528 15169      139.0000   104      156.0000      113.0000   428140   27.56%
  18593 15222      139.0000    98      156.0000      113.0000   428794   27.56%
[runlim] sample:		2046.99 time, 1040.02 real, 9588 MB, 2.16 load
  18674 15348      139.0000   100      156.0000      113.0000   430559   27.56%
  18745 15378      151.0000   101      156.0000      113.0000   431146   27.56%
Elapsed time = 1039.42 sec. (1823614.43 ticks, tree = 8289.10 MB, solutions = 4)
Nodefile size = 6171.83 MB (5677.88 MB after compression)
  18812 15255      126.0000   144      156.0000      113.0000   430034   27.56%
  18898 15472      144.0000   122      156.0000      113.0000   432483   27.56%
  18983 15518      154.0000   102      156.0000      113.0000   433197   27.56%
[runlim] sample:		2066.81 time, 1050.01 real, 9780 MB, 2.14 load
  19083 15524      122.0000   174      156.0000      113.0000   434007   27.56%
  19141 15756      113.0000   224      156.0000      113.0000   438111   27.56%
  19206 15780      127.0000   159      156.0000      113.0000   438578   27.56%
  19287 15643      149.0000   101      156.0000      113.0000   435849   27.56%
  19378 15692      155.0000    94      156.0000      113.0000   436570   27.56%
[runlim] sample:		2086.66 time, 1060.02 real, 9922 MB, 2.12 load
  19451 16086      152.0000    93      156.0000      113.0000   443294   27.56%
  19519 16113      125.0000   184      156.0000      113.0000   444104   27.56%
Elapsed time = 1058.84 sec. (1862173.10 ticks, tree = 8439.47 MB, solutions = 4)
Nodefile size = 6281.02 MB (5774.56 MB after compression)
  19569 15996      145.0000   130      156.0000      113.0000   442083   27.56%
  19646 16178      141.0000   103      156.0000      113.0000   445401   27.56%
  19740 16076      151.0000    71      156.0000      113.0000   443050   27.56%
[runlim] sample:		2106.47 time, 1070.01 real, 9862 MB, 2.10 load
  19812 16422      149.0000   150      156.0000      113.0000   449729   27.56%
  19871 16475      149.0000   107      156.0000      113.0000   450334   27.56%
  19950 16294      130.0000   125      156.0000      113.0000   449050   27.56%
  20036 16342      130.0000   114      156.0000      113.0000   449782   27.56%
  20149 16607      144.0000   106      156.0000      113.0000   452498   27.56%
[runlim] sample:		2126.31 time, 1080.01 real, 9874 MB, 2.08 load
  20252 16821      147.0000    79      156.0000      113.0000   457396   27.56%
  20348 16662      139.0000    86      156.0000      113.0000   455207   27.56%
Elapsed time = 1079.18 sec. (1900636.07 ticks, tree = 8453.00 MB, solutions = 4)
Nodefile size = 6293.58 MB (5778.17 MB after compression)
  20403 16695      135.0000   171      156.0000      113.0000   455676   27.56%
  20464 16732      136.0694   124      156.0000      113.0000   456409   27.56%
  20569 17014      145.0000    88      156.0000      113.0000   460169   27.56%
[runlim] sample:		2146.15 time, 1090.01 real, 9886 MB, 2.07 load
* 20582+17165                          155.0000      113.0000            27.10%
  20599 16534      141.0098   182      155.0000      113.0000   463770   27.10%
  20685 17054      148.0000    80      155.0000      113.0000   460658   27.10%
  20761 17085      133.0000   181      155.0000      113.0000   461404   27.10%
  20831 17116      149.0000   141      155.0000      113.0000   462165   27.10%
* 20888+16656                          154.0000      113.0000            26.62%
[runlim] sample:		2165.95 time, 1100.01 real, 9851 MB, 2.06 load
  20890 16092      119.0000   196      154.0000      113.0000   466230   26.62%
  20947 16245      138.0000   212      154.0000      113.0000   469397   26.62%
  20997 16155      137.0596   141      154.0000      113.0000   467186   26.62%
Elapsed time = 1099.95 sec. (1939401.41 ticks, tree = 7918.42 MB, solutions = 6)
Nodefile size = 5793.83 MB (5307.58 MB after compression)
  21075 16190      152.0000   116      154.0000      113.0000   467690   26.62%
  21163 16351      150.0000    98      154.0000      113.0000   470756   26.62%
  21238 16395      126.0066   193      154.0000      113.0000   471333   26.62%
[runlim] sample:		2185.80 time, 1110.01 real, 9874 MB, 2.05 load
  21336 16603      151.0000   103      154.0000      113.0000   474519   26.62%
  21392 16480      146.0000   125      154.0000      113.0000   472473   26.62%
  21476 16652      151.0000    94      154.0000      113.0000   475063   26.62%
  21544 16705      141.0000   162      154.0000      113.0000   475751   26.62%
* 21567+16711                          153.0000      113.0000            26.14%
[runlim] sample:		2205.66 time, 1120.01 real, 9874 MB, 2.04 load
  21601 16377      141.0000   133      153.0000      113.0000   480212   26.14%
* 21612+16717                          152.0000      113.0000            25.66%
  21688 16421      145.0000   101      152.0000      113.0000   481068   25.66%
  21768 16018      137.0000   114      152.0000      113.0000   480777   25.66%
Elapsed time = 1120.01 sec. (1978053.97 ticks, tree = 7548.42 MB, solutions = 9)
Nodefile size = 5407.63 MB (4967.46 MB after compression)
  21782 16453      145.0000   102      152.0000      113.0000   481404   25.66%
  21822 16478      115.0066   185      152.0000      113.0000   482291   25.66%
[runlim] sample:		2225.50 time, 1130.01 real, 9870 MB, 2.03 load
  21906 16104      135.0000   124      152.0000      113.0000   483092   25.66%
  21971 16232      151.0000    98      152.0000      113.0000   484975   25.66%
  22024 16164      143.0000    91      152.0000      113.0000   483744   25.66%
  22075 16206      151.0000    93      152.0000      113.0000   484358   25.66%
  22118 16262      138.0000   147      152.0000      113.0000   488042   25.66%
[runlim] sample:		2245.32 time, 1140.01 real, 9870 MB, 2.03 load
  22153 16297      138.0000   140      152.0000      113.0000   488596   25.66%
  22220 16468      139.0000   153      152.0000      113.0000   492889   25.66%
  22259 16506      150.0000   110      152.0000      113.0000   493430   25.66%
Elapsed time = 1141.59 sec. (2017589.96 ticks, tree = 7553.77 MB, solutions = 9)
Nodefile size = 5415.65 MB (4969.80 MB after compression)
  22301 16359      143.0000   121      152.0000      113.0000   489399   25.66%
  22355 16392      147.0000   111      152.0000      113.0000   489905   25.66%
[runlim] sample:		2265.18 time, 1150.01 real, 9870 MB, 2.02 load
  22411 16676      125.0000   185      152.0000      113.0000   496761   25.66%
  22483 16698      144.0000   152      152.0000      113.0000   497549   25.66%
  22571 16691      150.0000    76      152.0000      113.0000   496060   25.66%
  22642 16731      150.0000    81      152.0000      113.0000   496670   25.66%
[runlim] sample:		2284.99 time, 1160.02 real, 9870 MB, 2.09 load
  22728 16886        cutoff            152.0000      113.0000   499878   25.66%
  22745 16895      151.0000    69      152.0000      113.0000   499979   25.66%
  22792 17004      125.0000   174      152.0000      113.0000   506056   25.66%
  22869 17033      126.0000   150      152.0000      113.0000   507089   25.66%
Elapsed time = 1163.57 sec. (2057863.75 ticks, tree = 7569.10 MB, solutions = 9)
Nodefile size = 5427.42 MB (4973.18 MB after compression)
* 22882+17032                          151.0000      113.0000            25.17%
  22919 16587      135.0000   129      151.0000      113.0000   507547   25.17%
[runlim] sample:		2304.83 time, 1170.01 real, 9871 MB, 2.15 load
  22966 16634      135.0000   112      151.0000      113.0000   508330   25.17%
  23031 16661      150.0000    81      151.0000      113.0000   508901   25.17%
  23136 16702      134.0000   169      151.0000      113.0000   509500   25.17%
  23196 16737      142.0000   147      151.0000      113.0000   510399   25.17%
[runlim] sample:		2324.68 time, 1180.02 real, 9871 MB, 2.13 load
  23282 16783      142.0000   108      151.0000      113.0000   510968   25.17%
  23368 16901      139.0127   169      151.0000      113.0000   512691   25.17%
  23439 16934      150.0000   116      151.0000      113.0000   513132   25.17%
  23515 17068      115.0000   201      151.0000      113.0000   515956   25.17%
  23583 17096      135.4906   152      151.0000      113.0000   516498   25.17%
Elapsed time = 1184.12 sec. (2096649.90 ticks, tree = 7489.89 MB, solutions = 10)
Nodefile size = 5345.68 MB (4897.21 MB after compression)
[runlim] sample:		2344.52 time, 1190.02 real, 9871 MB, 2.11 load
  23666 17145      141.0000   101      151.0000      113.0000   517164   25.17%
  23761 17277      149.0000    94      151.0000      113.0000   518762   25.17%
  23792 17303      148.0000   152      151.0000      113.0000   519519   25.17%
  23879 17354      148.0000    94      151.0000      113.0000   520037   25.17%
  23958 17453      146.0000    80      151.0000      113.0000   522341   25.17%
[runlim] sample:		2364.33 time, 1200.01 real, 9871 MB, 2.09 load
  23987 17476      126.0000   196      151.0000      113.0000   523125   25.17%
  24043 17714      136.0000   168      151.0000      113.0000   526871   25.17%
  24126 17612      150.0098   146      151.0000      113.0000   524774   25.17%
  24208 17794      142.0000   157      151.0000      113.0000   528201   25.17%
  24287 17831      142.0000   137      151.0000      113.0000   528857   25.17%
Elapsed time = 1204.74 sec. (2135715.32 ticks, tree = 7510.89 MB, solutions = 10)
Nodefile size = 5359.23 MB (4901.03 MB after compression)
[runlim] sample:		2384.18 time, 1210.01 real, 9871 MB, 2.08 load
  24362 17863      149.0000   112      151.0000      113.0000   529444   25.17%
  24438 17882      140.0000   138      151.0000      113.0000   529699   25.17%
  24484 17919      141.0000   123      151.0000      113.0000   530314   25.17%
  24557 18011      135.0000   186      151.0000      113.0000   533016   25.17%
  24601 18158      150.0000    85      151.0000      113.0000   534361   25.17%
  24668 18183      135.0000   175      151.0000      113.0000   535069   25.17%
[runlim] sample:		2403.98 time, 1220.01 real, 9871 MB, 2.06 load
  24716 18259      113.0000   247      151.0000      113.0000   537408   25.17%
  24785 18253      150.0000   148      151.0000      113.0000   536238   25.17%
  24859 18324      141.0000   131      151.0000      113.0000   538642   25.17%
  24930 18351      140.0000   185      151.0000      113.0000   539352   25.17%
Elapsed time = 1223.51 sec. (2174707.69 ticks, tree = 7523.47 MB, solutions = 10)
Nodefile size = 5372.21 MB (4904.67 MB after compression)
[runlim] sample:		2423.83 time, 1230.01 real, 9871 MB, 2.05 load
  24963 18506      142.0000   194      151.0000      113.0000   543210   25.17%
  24993 18532      113.0000   253      151.0000      113.0000   544050   25.17%
[runlim] sample:		2443.67 time, 1240.01 real, 9871 MB, 2.05 load
  25013 18552      122.0000   200      151.0000      113.0000   544813   25.17%
  25044 18583      124.0000   146      151.0000      113.0000   545282   25.17%
  25064 18603      126.0000   172      151.0000      113.0000   545920   25.17%
  25098 18637      141.0000   108      151.0000      113.0000   546527   25.17%
[runlim] sample:		2463.55 time, 1250.01 real, 9871 MB, 2.04 load
  25141 18675      128.0000   186      151.0000      113.0000   547282   25.17%
  25183 18717      144.0000   131      151.0000      113.0000   547865   25.17%
  25225 18756      144.0000   107      151.0000      113.0000   548313   25.17%
  25252 18665      129.0000   193      151.0000      113.0000   558754   25.17%
Elapsed time = 1255.28 sec. (2216621.85 ticks, tree = 7531.21 MB, solutions = 10)
Nodefile size = 5385.69 MB (4908.40 MB after compression)
[runlim] sample:		2483.38 time, 1260.01 real, 9871 MB, 2.03 load
  25278 18847      149.0000    85      151.0000      113.0000   561416   25.17%
  25309 18679      129.0000   177      151.0000      113.0000   560029   25.17%
  25343 18880      149.0000    89      151.0000      113.0000   561772   25.17%
  25373 18888      113.0000   208      151.0000      113.0000   562061   25.17%
  25416 18967      132.0000   148      151.0000      113.0000   564707   25.17%
[runlim] sample:		2503.23 time, 1270.01 real, 9871 MB, 2.03 load
  25475 18902      129.0000   150      151.0000      113.0000   564345   25.17%
  25522 18916      129.0000   130      151.0000      113.0000   564629   25.17%
  25572 19084      142.0000   126      151.0000      113.0000   566394   25.17%
  25596 18999      134.0000   121      151.0000      113.0000   565947   25.17%
* 25599+19087                          150.0000      113.0000            24.67%
* 25600+19087                          149.0000      113.0000            24.16%
[runlim] sample:		2523.04 time, 1280.01 real, 9871 MB, 2.82 load
  25671 19038      138.0000    98      149.0000      113.0000   566474   24.16%
Elapsed time = 1276.08 sec. (2255187.56 ticks, tree = 7577.01 MB, solutions = 12)
Nodefile size = 5409.71 MB (4917.24 MB after compression)
  25729 17344      145.0000   161      149.0000      113.0000   569845   24.16%
  25782 17372      119.0000   176      149.0000      113.0000   570647   24.16%
  25840 17389      132.0000   162      149.0000      113.0000   571310   24.16%
  25923 17586      133.0000   140      149.0000      113.0000   575341   24.16%
[runlim] sample:		2542.88 time, 1290.01 real, 9871 MB, 2.78 load
  25981 17636      145.0000   112      149.0000      113.0000   576044   24.16%
  25994 17488      122.0000   169      149.0000      113.0000   572513   24.16%
  26072 17534      143.0000   115      149.0000      113.0000   573279   24.16%
  26166 17578      122.0000   168      149.0000      113.0000   573864   24.16%
  26234 17754      131.0000   131      149.0000      113.0000   578096   24.16%
  26319 17801      141.0000   123      149.0000      113.0000   578680   24.16%
Elapsed time = 1295.82 sec. (2293674.23 ticks, tree = 6987.01 MB, solutions = 12)
Nodefile size = 4851.81 MB (4406.84 MB after compression)
[runlim] sample:		2562.72 time, 1300.01 real, 9871 MB, 2.66 load
  26367 17939      126.0000   154      149.0000      113.0000   581262   24.16%
  26403 17958      134.0000   159      149.0000      113.0000   581675   24.16%
  26477 17849      126.0000   160      149.0000      113.0000   579954   24.16%
  26518 18020      141.0000   188      149.0000      113.0000   583019   24.16%
  26564 18186      144.0000   142      149.0000      113.0000   586014   24.16%
[runlim] sample:		2582.56 time, 1310.02 real, 9871 MB, 2.56 load
  26657 18236      148.0000    93      149.0000      113.0000   586502   24.16%
  26740 18101      147.0000    93      149.0000      113.0000   584779   24.16%
  26794 18284      148.0000   108      149.0000      113.0000   587445   24.16%
  26896 18349      147.0000   108      149.0000      113.0000   588908   24.16%
[runlim] sample:		2602.38 time, 1320.01 real, 9871 MB, 2.47 load
  26987 18391      141.0000   116      149.0000      113.0000   589569   24.16%
Elapsed time = 1316.00 sec. (2332668.98 ticks, tree = 7004.76 MB, solutions = 12)
Nodefile size = 4861.05 MB (4409.44 MB after compression)
  27070 18521      135.0000   140      149.0000      113.0000   592121   24.16%
  27140 18558      143.0000   109      149.0000      113.0000   592760   24.16%
  27205 18661      148.0000    93      149.0000      113.0000   593899   24.16%
  27264 18716      148.0000    81      149.0000      113.0000   594483   24.16%
[runlim] sample:		2622.22 time, 1330.01 real, 9871 MB, 2.40 load
  27304 18797      122.0000   185      149.0000      113.0000   596762   24.16%
  27330 18822      147.0000   119      149.0000      113.0000   597160   24.16%
  27367 18851      133.0000   164      149.0000      113.0000   597884   24.16%
  27404 18882      147.0000   148      149.0000      113.0000   598516   24.16%
[runlim] sample:		2642.03 time, 1340.01 real, 9871 MB, 2.34 load
  27444 18905      119.0000   261      149.0000      113.0000   600485   24.16%
  27454 19008      119.0000   207      149.0000      113.0000   604881   24.16%
Elapsed time = 1342.87 sec. (2376835.80 ticks, tree = 7007.21 MB, solutions = 12)
Nodefile size = 4873.10 MB (4412.89 MB after compression)
[runlim] sample:		2661.90 time, 1350.01 real, 9871 MB, 2.28 load
  27464 18899      122.0000   263      149.0000      113.0000   605037   24.16%
  27504 19053      139.0000   144      149.0000      113.0000   605878   24.16%
  27565 19038      122.0132   198      149.0000      113.0000   609754   24.16%
  27593 19125      119.0000   265      149.0000      113.0000   611825   24.16%
  27629 19141      124.0000   210      149.0000      113.0000   612539   24.16%
[runlim] sample:		2681.77 time, 1360.01 real, 9871 MB, 2.24 load
  27676 19166      139.0000   145      149.0000      113.0000   613198   24.16%
  27714 19177      139.0000   137      149.0000      113.0000   613284   24.16%
  27787 19254      148.0000   115      149.0000      113.0000   614513   24.16%
  27860 19323      120.0000   195      149.0000      113.0000   616654   24.16%
  27898 19360      126.0000   158      149.0000      113.0000   617509   24.16%
Elapsed time = 1364.48 sec. (2416905.95 ticks, tree = 7213.10 MB, solutions = 12)
Nodefile size = 5054.07 MB (4573.96 MB after compression)
[runlim] sample:		2701.59 time, 1370.02 real, 9871 MB, 2.20 load
  27962 19415      136.0000   115      149.0000      113.0000   618070   24.16%
  28004 19420      133.0000   175      149.0000      113.0000   619367   24.16%
  28029 19445      133.0000   193      149.0000      113.0000   619948   24.16%
  28080 19543      113.0000   256      149.0000      113.0000   621473   24.16%
  28121 19501      133.1054   137      149.0000      113.0000   620886   24.16%
[runlim] sample:		2721.42 time, 1380.01 real, 9871 MB, 2.17 load
  28172 19662      145.0000   120      149.0000      113.0000   623380   24.16%
  28227 19673      113.0000   280      149.0000      113.0000   624217   24.16%
  28285 19693      139.0000   173      149.0000      113.0000   625363   24.16%
  28342 19796      113.0000   207      149.0000      113.0000   627209   24.16%
[runlim] sample:		2741.27 time, 1390.01 real, 9871 MB, 2.14 load
  28417 19826      142.0000   170      149.0000      113.0000   628054   24.16%
Elapsed time = 1385.99 sec. (2456090.83 ticks, tree = 7603.98 MB, solutions = 12)
Nodefile size = 5452.38 MB (4950.58 MB after compression)
  28470 19842      142.0000   151      149.0000      113.0000   628430   24.16%
  28526 19931      113.0000   234      149.0000      113.0000   631276   24.16%
  28583 19914      147.0000   103      149.0000      113.0000   629456   24.16%
  28639 20061      147.0000    99      149.0000      113.0000   633907   24.16%
  28703 20018      133.0000   146      149.0000      113.0000   632870   24.16%
[runlim] sample:		2761.06 time, 1400.01 real, 9872 MB, 2.12 load
  28749 20088      124.0000   177      149.0000      113.0000   635354   24.16%
  28779 20107      121.0000   179      149.0000      113.0000   635969   24.16%
  28841 20152      138.0000   120      149.0000      113.0000   636504   24.16%
  28904 20217      137.0000   178      149.0000      113.0000   638530   24.16%
[runlim] sample:		2780.91 time, 1410.01 real, 9872 MB, 2.18 load
  28956 20240      138.0000   158      149.0000      113.0000   639022   24.16%
Elapsed time = 1406.24 sec. (2495141.51 ticks, tree = 7947.44 MB, solutions = 12)
Nodefile size = 5782.84 MB (5261.04 MB after compression)
  28982 20266      138.0000   120      149.0000      113.0000   639396   24.16%
  29020 20402      142.0000   104      149.0000      113.0000   642564   24.16%
  29075 20442      142.0000    93      149.0000      113.0000   642988   24.16%
[runlim] sample:		2800.75 time, 1420.01 real, 9872 MB, 2.22 load
  29106 20466      119.1948   202      149.0000      113.0000   644556   24.16%
  29134 20494      139.0000   155      149.0000      113.0000   645030   24.16%
  29188 20534      142.0000   114      149.0000      113.0000   645500   24.16%
  29244 20571      142.0000    95      149.0000      113.0000   646045   24.16%
  29301 20570      119.0000   244      149.0000      113.0000   646666   24.16%
  29334 20583      134.0000   188      149.0000      113.0000   646998   24.16%
[runlim] sample:		2820.58 time, 1430.01 real, 9956 MB, 2.19 load
  29382 20751      143.0000   155      149.0000      113.0000   649221   24.16%
Elapsed time = 1427.57 sec. (2534171.12 ticks, tree = 8376.04 MB, solutions = 12)
Nodefile size = 6220.04 MB (5665.17 MB after compression)
  29465 20789      147.0000   121      149.0000      113.0000   649814   24.16%
  29557 20831        cutoff            149.0000      113.0000   650279   24.16%
  29631 20898      117.0000   194      149.0000      113.0000   652073   24.16%
  29699 20927      142.0000   166      149.0000      113.0000   652678   24.16%
[runlim] sample:		2840.39 time, 1440.01 real, 10108 MB, 2.23 load
  29778 20958      148.0000   143      149.0000      113.0000   653176   24.16%
  29844 21083      124.0000   201      149.0000      113.0000   655362   24.16%
  29915 21163      141.0000   132      149.0000      113.0000   657372   24.16%
  29980 21184      125.0000   216      149.0000      113.0000   658029   24.16%
  30036 21211      140.0000   158      149.0000      113.0000   658679   24.16%
[runlim] sample:		2860.23 time, 1450.01 real, 10390 MB, 2.20 load
  30101 21243      142.0000   136      149.0000      113.0000   659154   24.16%
Elapsed time = 1447.28 sec. (2573100.50 ticks, tree = 8783.06 MB, solutions = 12)
Nodefile size = 6580.57 MB (6002.49 MB after compression)
  30182 21431      142.0000    95      149.0000      113.0000   661272   24.16%
  30228 21465      148.0000    80      149.0000      113.0000   661737   24.16%
  30270 21492      122.0000   223      149.0000      113.0000   664013   24.16%
  30317 21645      139.0000   168      149.0000      113.0000   666314   24.16%
[runlim] sample:		2880.03 time, 1460.01 real, 10636 MB, 2.17 load
  30392 21680      145.0000   125      149.0000      113.0000   666826   24.16%
  30436 21550      122.0000   227      149.0000      113.0000   666039   24.16%
  30495 21748      144.0000   123      149.0000      113.0000   668135   24.16%
  30561 21749      131.0000   143      149.0000      113.0000   670061   24.16%
  30623 21798      140.0000   114      149.0000      113.0000   670570   24.16%
[runlim] sample:		2899.87 time, 1470.01 real, 10852 MB, 2.14 load
  30666 21836      145.0000   104      149.0000      113.0000   671149   24.16%
Elapsed time = 1467.69 sec. (2611771.13 ticks, tree = 9280.22 MB, solutions = 12)
Nodefile size = 7049.49 MB (6435.84 MB after compression)
  30719 21855      119.0000   271      149.0000      113.0000   672080   24.16%
  30787 22049      139.0000   142      149.0000      113.0000   675502   24.16%
  30859 21969      138.0000   125      149.0000      113.0000   674448   24.16%
[runlim] sample:		2919.71 time, 1480.02 real, 11012 MB, 2.12 load
  30896 21987      113.0000   280      149.0000      113.0000   675306   24.16%
  30943 22118      148.0000    98      149.0000      113.0000   676338   24.16%
  30981 22199      144.0000   133      149.0000      113.0000   679639   24.16%
  31033 22224      148.0000   110      149.0000      113.0000   680028   24.16%
  31069 22302      137.1509   170      149.0000      113.0000   681080   24.16%
[runlim] sample:		2939.53 time, 1490.01 real, 11181 MB, 2.10 load
  31108 22341      143.0000   120      149.0000      113.0000   681430   24.16%
  31165 22360      113.0000   280      149.0000      113.0000   682077   24.16%
Elapsed time = 1489.77 sec. (2652666.33 ticks, tree = 9715.61 MB, solutions = 12)
Nodefile size = 7510.38 MB (6867.28 MB after compression)
  31200 22373      124.0000   216      149.0000      113.0000   683453   24.16%
  31252 22486      141.0000   137      149.0000      113.0000   684686   24.16%
[runlim] sample:		2959.37 time, 1500.01 real, 11291 MB, 2.08 load
  31315 22437      139.0000   127      149.0000      113.0000   684417   24.16%
  31383 22544      146.0000   109      149.0000      113.0000   685536   24.16%
  31456 22579      146.0000   104      149.0000      113.0000   685936   24.16%
  31499 22649      142.0000    97      149.0000      113.0000   687955   24.16%
  31544 22744      131.0000   162      149.0000      113.0000   690461   24.16%
[runlim] sample:		2979.18 time, 1510.01 real, 11636 MB, 2.07 load
  31589 22776      131.0000   146      149.0000      113.0000   690967   24.16%
  31648 22714      143.0000   142      149.0000      113.0000   689677   24.16%
  31714 22873      121.0000   189      149.0000      113.0000   692800   24.16%
Elapsed time = 1509.94 sec. (2691595.25 ticks, tree = 10144.22 MB, solutions = 12)
Nodefile size = 7997.47 MB (7320.33 MB after compression)
  31756 22896      132.0000   199      149.0000      113.0000   693506   24.16%
  31812 22993      133.0000   170      149.0000      113.0000   695678   24.16%
  31874 22940      113.0000   201      149.0000      113.0000   694879   24.16%
[runlim] sample:		2998.97 time, 1520.01 real, 11778 MB, 2.06 load
  31934 23069      140.0000   138      149.0000      113.0000   696673   24.16%
  31999 23119      143.6562   145      149.0000      113.0000   699247   24.16%
  32080 23137      134.0000   132      149.0000      113.0000   697909   24.16%
  32129 23279      146.0000   107      149.0000      113.0000   701876   24.16%
[runlim] sample:		3018.81 time, 1530.02 real, 12012 MB, 2.13 load
  32190 23203      141.0000   140      149.0000      113.0000   701640   24.16%
  32252 23328      131.0000   161      149.0000      113.0000   703178   24.16%
  32320 23377      147.1613   121      149.0000      113.0000   703740   24.16%
Elapsed time = 1530.46 sec. (2730361.95 ticks, tree = 10559.63 MB, solutions = 12)
Nodefile size = 8343.80 MB (7645.09 MB after compression)
  32359 23390      117.0000   202      149.0000      113.0000   704577   24.16%
  32395 23559      140.0000   150      149.0000      113.0000   708504   24.16%
[runlim] sample:		3038.62 time, 1540.01 real, 12272 MB, 2.11 load
  32424 23580      140.0000   138      149.0000      113.0000   708706   24.16%
  32497 23509      132.0000   129      149.0000      113.0000   708067   24.16%
  32569 23685      132.0000   126      149.0000      113.0000   711502   24.16%
  32582 23688      132.0000   125      149.0000      113.0000   711549   24.16%
[runlim] sample:		3058.45 time, 1550.01 real, 12332 MB, 2.09 load
  32633 23806      145.0000    83      149.0000      113.0000   713211   24.16%
  32709 23728      145.0000   147      149.0000      113.0000   712935   24.16%
  32787 23874      147.0000   120      149.0000      113.0000   714896   24.16%
  32866 23899      121.0000   168      149.0000      113.0000   715625   24.16%
Elapsed time = 1552.37 sec. (2771453.05 ticks, tree = 11003.02 MB, solutions = 12)
Nodefile size = 8853.07 MB (8123.75 MB after compression)
  32938 23934      132.0000   159      149.0000      113.0000   716376   24.16%
[runlim] sample:		3078.28 time, 1560.01 real, 12611 MB, 2.08 load
  32978 23946      144.0000   192      149.0000      113.0000   717366   24.16%
  33028 24124      143.0000   143      149.0000      113.0000   718951   24.16%
  33107 24160      145.0000   122      149.0000      113.0000   719382   24.16%
  33171 24226      141.0000   110      149.0000      113.0000   722161   24.16%
  33239 24222      138.0000   152      149.0000      113.0000   720745   24.16%
  33311 24299      121.0000   188      149.0000      113.0000   723318   24.16%
[runlim] sample:		3098.11 time, 1570.01 real, 12813 MB, 2.07 load
  33372 24396        cutoff            149.0000      113.0000   725416   24.16%
  33413 24416      121.0000   258      149.0000      113.0000   726013   24.16%
  33449 24527      133.0000   190      149.0000      113.0000   728797   24.16%
Elapsed time = 1572.44 sec. (2810933.64 ticks, tree = 11483.48 MB, solutions = 12)
Nodefile size = 9332.43 MB (8569.88 MB after compression)
  33494 24540      134.0000   175      149.0000      113.0000   729154   24.16%
[runlim] sample:		3117.92 time, 1580.01 real, 12986 MB, 2.06 load
  33568 24579      144.0000   113      149.0000      113.0000   729610   24.16%
  33637 24673      113.0000   199      149.0000      113.0000   731410   24.16%
  33686 24704      121.0000   240      149.0000      113.0000   732215   24.16%
  33733 24764      126.0000   142      149.0000      113.0000   733967   24.16%
  33793 24793      134.0000   130      149.0000      113.0000   734745   24.16%
[runlim] sample:		3137.75 time, 1590.01 real, 13130 MB, 2.05 load
  33876 24834      142.0000    98      149.0000      113.0000   735313   24.16%
  33931 24861      142.0000    90      149.0000      113.0000   735682   24.16%
  34013 24900        cutoff            149.0000      113.0000   736291   24.16%
  34049 25068      119.0000   260      149.0000      113.0000   740803   24.16%
Elapsed time = 1595.48 sec. (2852894.87 ticks, tree = 11925.12 MB, solutions = 12)
Nodefile size = 9780.17 MB (8992.64 MB after compression)
[runlim] sample:		3157.60 time, 1600.02 real, 13425 MB, 2.04 load
  34117 25091      121.0000   207      149.0000      113.0000   741353   24.16%
  34168 25113      123.0000   163      149.0000      113.0000   741731   24.16%
  34210 25249      134.0000   105      149.0000      113.0000   742552   24.16%
  34276 25293      135.0000    94      149.0000      113.0000   743076   24.16%
[runlim] sample:		3177.40 time, 1610.01 real, 13562 MB, 2.03 load
  34337 25320      121.0000   256      149.0000      113.0000   743862   24.16%
  34398 25343      134.0000   133      149.0000      113.0000   746353   24.16%
  34467 25457      134.0000   226      149.0000      113.0000   748982   24.16%
  34512 25394      131.0000   184      149.0000      113.0000   747626   24.16%
  34561 25501      113.0000   190      149.0000      113.0000   749972   24.16%
[runlim] sample:		3197.22 time, 1620.01 real, 13774 MB, 2.03 load
  34604 25521      134.0000   170      149.0000      113.0000   750629   24.16%
Elapsed time = 1616.49 sec. (2893466.91 ticks, tree = 12216.39 MB, solutions = 12)
Nodefile size = 9974.80 MB (9172.43 MB after compression)
  34666 25628      144.0000   106      149.0000      113.0000   751897   24.16%
  34727 25659      148.0000   102      149.0000      113.0000   752435   24.16%
  34810 25751      145.0000   127      149.0000      113.0000   755105   24.16%
  34844 25839      134.0000   132      149.0000      113.0000   756655   24.16%
[runlim] sample:		3217.04 time, 1630.01 real, 13979 MB, 2.02 load
  34889 25874      136.0000   118      149.0000      113.0000   757397   24.16%
[runlim] end:			Tue Sep  1 07:50:57 2026
[runlim] status:		out of memory
[runlim] result:		3
[runlim] children:		1
[runlim] processes:		2
[runlim] real:			1633.54 seconds
[runlim] time:			3222.00 seconds
[runlim] space:			14002 MB
[runlim] load:			2.82 maximum
[runlim] samples:		16325
