[runlim] version:		2.0.0rc12
[runlim] host:			fjssp-instance
[runlim] time limit:		311040000 seconds
[runlim] real time limit:	3600 seconds
[runlim] space limit:		14000 MB
[runlim] argv[0]:		python3
[runlim] argv[1]:		-u
[runlim] argv[2]:		main.py
[runlim] argv[3]:		--input
[runlim] argv[4]:		datasets/rdata/la04.txt
[runlim] argv[5]:		--sb
[runlim] argv[6]:		--factories
[runlim] argv[7]:		2
[runlim] argv[8]:		--half_transitive
[runlim] start:			Fri Aug 14 19:52:37 2026
[runlim] child:			283429
[*] Loading data from file: datasets/rdata/la04.txt
[*] Running D-FJSSP SAT Solver with 2 factories, Symmetry Breaking = ON, Transitive E* = HALF
===========================================================================
 D-FJSSP SAT SOLVER - PARALLEL FACTORIES SCHEDULING
===========================================================================
  -> Operations: 50 | Jobs: 10 | Machines: 5 | Factories: 2

[*] Running Greedy Heuristic...
  -> Greedy Solution: Makespan = 423 (0.0002s)

[*] Initializing and solving the SAT model...
------------------------------------------------------------------
[*] Trying with Upper Bound = 423...
  SAT ! Makespan = 423
  Schedule is valid with Makespan = 423
  Total time: 0.1795 seconds
------------------------------------------------------------------
[*] Trying with Upper Bound = 422...
  SAT ! Makespan = 422
  Schedule is valid with Makespan = 422
  Total time: 0.1836 seconds
------------------------------------------------------------------
[*] Trying with Upper Bound = 421...
  SAT ! Makespan = 421
  Schedule is valid with Makespan = 421
  Total time: 0.1866 seconds
------------------------------------------------------------------
[*] Trying with Upper Bound = 420...
  SAT ! Makespan = 420
  Schedule is valid with Makespan = 420
  Total time: 0.1910 seconds
------------------------------------------------------------------
[*] Trying with Upper Bound = 419...
  SAT ! Makespan = 419
  Schedule is valid with Makespan = 419
  Total time: 0.1939 seconds
------------------------------------------------------------------
[*] Trying with Upper Bound = 418...
  SAT ! Makespan = 418
  Schedule is valid with Makespan = 418
  Total time: 0.1965 seconds
------------------------------------------------------------------
[*] Trying with Upper Bound = 417...
  SAT ! Makespan = 417
  Schedule is valid with Makespan = 417
  Total time: 0.1990 seconds
------------------------------------------------------------------
[*] Trying with Upper Bound = 416...
  SAT ! Makespan = 416
  Schedule is valid with Makespan = 416
  Total time: 0.2014 seconds
------------------------------------------------------------------
[*] Trying with Upper Bound = 415...
  SAT ! Makespan = 415
  Schedule is valid with Makespan = 415
  Total time: 0.2044 seconds
------------------------------------------------------------------
[*] Trying with Upper Bound = 414...
  SAT ! Makespan = 414
  Schedule is valid with Makespan = 414
  Total time: 0.2068 seconds
------------------------------------------------------------------
[*] Trying with Upper Bound = 413...
  SAT ! Makespan = 413
  Schedule is valid with Makespan = 413
  Total time: 0.2092 seconds
------------------------------------------------------------------
[*] Trying with Upper Bound = 412...
  SAT ! Makespan = 412
  Schedule is valid with Makespan = 412
  Total time: 0.2116 seconds
------------------------------------------------------------------
[*] Trying with Upper Bound = 411...
  SAT ! Makespan = 411
  Schedule is valid with Makespan = 411
  Total time: 0.2144 seconds
------------------------------------------------------------------
[*] Trying with Upper Bound = 410...
  SAT ! Makespan = 410
  Schedule is valid with Makespan = 410
  Total time: 0.2168 seconds
------------------------------------------------------------------
[*] Trying with Upper Bound = 409...
  SAT ! Makespan = 409
  Schedule is valid with Makespan = 409
  Total time: 0.2309 seconds
------------------------------------------------------------------
[*] Trying with Upper Bound = 408...
  SAT ! Makespan = 408
  Schedule is valid with Makespan = 408
  Total time: 0.2337 seconds
------------------------------------------------------------------
[*] Trying with Upper Bound = 407...
  SAT ! Makespan = 407
  Schedule is valid with Makespan = 407
  Total time: 0.2372 seconds
------------------------------------------------------------------
[*] Trying with Upper Bound = 406...
  SAT ! Makespan = 406
  Schedule is valid with Makespan = 406
  Total time: 0.2405 seconds
------------------------------------------------------------------
[*] Trying with Upper Bound = 405...
  SAT ! Makespan = 405
  Schedule is valid with Makespan = 405
  Total time: 0.2496 seconds
------------------------------------------------------------------
[*] Trying with Upper Bound = 404...
  SAT ! Makespan = 404
  Schedule is valid with Makespan = 404
  Total time: 0.2526 seconds
------------------------------------------------------------------
[*] Trying with Upper Bound = 403...
  SAT ! Makespan = 403
  Schedule is valid with Makespan = 403
  Total time: 0.2575 seconds
------------------------------------------------------------------
[*] Trying with Upper Bound = 402...
  SAT ! Makespan = 402
  Schedule is valid with Makespan = 402
  Total time: 0.2602 seconds
------------------------------------------------------------------
[*] Trying with Upper Bound = 401...
  SAT ! Makespan = 401
  Schedule is valid with Makespan = 401
  Total time: 0.2627 seconds
------------------------------------------------------------------
[*] Trying with Upper Bound = 400...
  SAT ! Makespan = 400
  Schedule is valid with Makespan = 400
  Total time: 0.2657 seconds
------------------------------------------------------------------
[*] Trying with Upper Bound = 399...
  SAT ! Makespan = 399
  Schedule is valid with Makespan = 399
  Total time: 0.2682 seconds
------------------------------------------------------------------
[*] Trying with Upper Bound = 398...
  SAT ! Makespan = 398
  Schedule is valid with Makespan = 398
  Total time: 0.2708 seconds
------------------------------------------------------------------
[*] Trying with Upper Bound = 397...
  SAT ! Makespan = 397
  Schedule is valid with Makespan = 397
  Total time: 0.2733 seconds
------------------------------------------------------------------
[*] Trying with Upper Bound = 396...
  SAT ! Makespan = 396
  Schedule is valid with Makespan = 396
  Total time: 0.2760 seconds
------------------------------------------------------------------
[*] Trying with Upper Bound = 395...
  SAT ! Makespan = 395
  Schedule is valid with Makespan = 395
  Total time: 0.2784 seconds
------------------------------------------------------------------
[*] Trying with Upper Bound = 394...
  SAT ! Makespan = 394
  Schedule is valid with Makespan = 394
  Total time: 0.2810 seconds
------------------------------------------------------------------
[*] Trying with Upper Bound = 393...
  SAT ! Makespan = 393
  Schedule is valid with Makespan = 393
  Total time: 0.2835 seconds
------------------------------------------------------------------
[*] Trying with Upper Bound = 392...
  SAT ! Makespan = 392
  Schedule is valid with Makespan = 392
  Total time: 0.2860 seconds
------------------------------------------------------------------
[*] Trying with Upper Bound = 391...
  SAT ! Makespan = 391
  Schedule is valid with Makespan = 391
  Total time: 0.2885 seconds
------------------------------------------------------------------
[*] Trying with Upper Bound = 390...
  SAT ! Makespan = 390
  Schedule is valid with Makespan = 390
  Total time: 0.2910 seconds
------------------------------------------------------------------
[*] Trying with Upper Bound = 389...
  SAT ! Makespan = 389
  Schedule is valid with Makespan = 389
  Total time: 0.2935 seconds
------------------------------------------------------------------
[*] Trying with Upper Bound = 388...
  SAT ! Makespan = 388
  Schedule is valid with Makespan = 388
  Total time: 0.2961 seconds
------------------------------------------------------------------
[*] Trying with Upper Bound = 387...
  SAT ! Makespan = 387
  Schedule is valid with Makespan = 387
  Total time: 0.2986 seconds
------------------------------------------------------------------
[*] Trying with Upper Bound = 386...
  SAT ! Makespan = 386
  Schedule is valid with Makespan = 386
  Total time: 0.3009 seconds
------------------------------------------------------------------
[*] Trying with Upper Bound = 385...
  SAT ! Makespan = 385
  Schedule is valid with Makespan = 385
  Total time: 0.3034 seconds
------------------------------------------------------------------
[*] Trying with Upper Bound = 384...
  SAT ! Makespan = 384
  Schedule is valid with Makespan = 384
  Total time: 0.3058 seconds
------------------------------------------------------------------
[*] Trying with Upper Bound = 383...
  SAT ! Makespan = 383
  Schedule is valid with Makespan = 383
  Total time: 0.3091 seconds
------------------------------------------------------------------
[*] Trying with Upper Bound = 382...
  SAT ! Makespan = 382
  Schedule is valid with Makespan = 382
  Total time: 0.3115 seconds
------------------------------------------------------------------
[*] Trying with Upper Bound = 381...
  SAT ! Makespan = 381
  Schedule is valid with Makespan = 381
  Total time: 0.3140 seconds
------------------------------------------------------------------
[*] Trying with Upper Bound = 380...
  SAT ! Makespan = 380
  Schedule is valid with Makespan = 380
  Total time: 0.3174 seconds
------------------------------------------------------------------
[*] Trying with Upper Bound = 379...
  SAT ! Makespan = 379
  Schedule is valid with Makespan = 379
  Total time: 0.3201 seconds
------------------------------------------------------------------
[*] Trying with Upper Bound = 378...
  SAT ! Makespan = 378
  Schedule is valid with Makespan = 378
  Total time: 0.3234 seconds
------------------------------------------------------------------
[*] Trying with Upper Bound = 377...
  SAT ! Makespan = 377
  Schedule is valid with Makespan = 377
  Total time: 0.3258 seconds
------------------------------------------------------------------
[*] Trying with Upper Bound = 376...
  SAT ! Makespan = 376
  Schedule is valid with Makespan = 376
  Total time: 0.3280 seconds
------------------------------------------------------------------
[*] Trying with Upper Bound = 375...
  SAT ! Makespan = 375
  Schedule is valid with Makespan = 375
  Total time: 0.3315 seconds
------------------------------------------------------------------
[*] Trying with Upper Bound = 374...
  SAT ! Makespan = 374
  Schedule is valid with Makespan = 374
  Total time: 0.3338 seconds
------------------------------------------------------------------
[*] Trying with Upper Bound = 373...
  SAT ! Makespan = 373
  Schedule is valid with Makespan = 373
  Total time: 0.3363 seconds
------------------------------------------------------------------
[*] Trying with Upper Bound = 372...
  SAT ! Makespan = 372
  Schedule is valid with Makespan = 372
  Total time: 0.3386 seconds
------------------------------------------------------------------
[*] Trying with Upper Bound = 371...
  SAT ! Makespan = 371
  Schedule is valid with Makespan = 371
  Total time: 0.3412 seconds
------------------------------------------------------------------
[*] Trying with Upper Bound = 370...
  SAT ! Makespan = 370
  Schedule is valid with Makespan = 370
  Total time: 0.3449 seconds
------------------------------------------------------------------
[*] Trying with Upper Bound = 369...
  SAT ! Makespan = 369
  Schedule is valid with Makespan = 369
  Total time: 0.3490 seconds
------------------------------------------------------------------
[*] Trying with Upper Bound = 368...
   UNSAT

 Optimal Makespan = 369

 Summary:
  - Optimal Makespan   : 369
  - Greedy Time        : 0.0002s
  - SAT Time           : 0.3541s
  - Total Time         : 0.3546s
  - Schedule Status    : VALID
===========================================================================
[runlim] end:			Fri Aug 14 19:52:37 2026
[runlim] status:		ok
[runlim] result:		0
[runlim] children:		1
[runlim] processes:		2
[runlim] real:			0.39 seconds
[runlim] time:			0.30 seconds
[runlim] space:			52 MB
[runlim] load:			1.00 maximum
[runlim] samples:		4
