[runlim] version:		2.0.0rc12
[runlim] host:			fjssp-instance1
[runlim] time limit:		311040000 seconds
[runlim] real time limit:	3600 seconds
[runlim] space limit:		14000 MB
[runlim] argv[0]:		python3
[runlim] argv[1]:		-u
[runlim] argv[2]:		main.py
[runlim] argv[3]:		--input
[runlim] argv[4]:		datasets/rdata/la13.txt
[runlim] argv[5]:		--sb
[runlim] argv[6]:		--factories
[runlim] argv[7]:		2
[runlim] argv[8]:		--half_transitive
[runlim] start:			Fri Aug 14 10:55:46 2026
[runlim] child:			20388
[*] Loading data from file: datasets/rdata/la13.txt
[*] Running D-FJSSP SAT Solver with 2 factories, Symmetry Breaking = ON, Transitive E* = HALF
===========================================================================
 D-FJSSP SAT SOLVER - PARALLEL FACTORIES SCHEDULING
===========================================================================
  -> Operations: 100 | Jobs: 20 | Machines: 5 | Factories: 2

[*] Running Greedy Heuristic...
  -> Greedy Solution: Makespan = 678 (0.0003s)

[*] Initializing and solving the SAT model...
------------------------------------------------------------------
[*] Trying with Upper Bound = 678...
  SAT ! Makespan = 678
  Schedule is valid with Makespan = 678
  Total time: 2.4606 seconds
------------------------------------------------------------------
[*] Trying with Upper Bound = 677...
  SAT ! Makespan = 677
  Schedule is valid with Makespan = 677
  Total time: 2.4943 seconds
------------------------------------------------------------------
[*] Trying with Upper Bound = 676...
  SAT ! Makespan = 676
  Schedule is valid with Makespan = 676
  Total time: 2.5154 seconds
------------------------------------------------------------------
[*] Trying with Upper Bound = 675...
  SAT ! Makespan = 675
  Schedule is valid with Makespan = 675
  Total time: 2.5423 seconds
------------------------------------------------------------------
[*] Trying with Upper Bound = 674...
  SAT ! Makespan = 674
  Schedule is valid with Makespan = 674
  Total time: 2.5634 seconds
------------------------------------------------------------------
[*] Trying with Upper Bound = 673...
  SAT ! Makespan = 673
  Schedule is valid with Makespan = 673
  Total time: 2.5816 seconds
------------------------------------------------------------------
[*] Trying with Upper Bound = 672...
  SAT ! Makespan = 672
  Schedule is valid with Makespan = 672
  Total time: 2.6004 seconds
------------------------------------------------------------------
[*] Trying with Upper Bound = 671...
  SAT ! Makespan = 671
  Schedule is valid with Makespan = 671
  Total time: 2.6174 seconds
------------------------------------------------------------------
[*] Trying with Upper Bound = 670...
  SAT ! Makespan = 670
  Schedule is valid with Makespan = 670
  Total time: 2.6341 seconds
------------------------------------------------------------------
[*] Trying with Upper Bound = 669...
  SAT ! Makespan = 669
  Schedule is valid with Makespan = 669
  Total time: 2.6552 seconds
------------------------------------------------------------------
[*] Trying with Upper Bound = 668...
  SAT ! Makespan = 668
  Schedule is valid with Makespan = 668
  Total time: 2.6725 seconds
------------------------------------------------------------------
[*] Trying with Upper Bound = 667...
  SAT ! Makespan = 667
  Schedule is valid with Makespan = 667
  Total time: 2.6877 seconds
------------------------------------------------------------------
[*] Trying with Upper Bound = 666...
  SAT ! Makespan = 666
  Schedule is valid with Makespan = 666
  Total time: 2.7040 seconds
------------------------------------------------------------------
[*] Trying with Upper Bound = 665...
  SAT ! Makespan = 665
  Schedule is valid with Makespan = 665
  Total time: 2.7201 seconds
------------------------------------------------------------------
[*] Trying with Upper Bound = 664...
  SAT ! Makespan = 664
  Schedule is valid with Makespan = 664
  Total time: 2.7367 seconds
------------------------------------------------------------------
[*] Trying with Upper Bound = 663...
  SAT ! Makespan = 663
  Schedule is valid with Makespan = 663
  Total time: 2.7542 seconds
------------------------------------------------------------------
[*] Trying with Upper Bound = 662...
  SAT ! Makespan = 662
  Schedule is valid with Makespan = 662
  Total time: 2.7743 seconds
------------------------------------------------------------------
[*] Trying with Upper Bound = 661...
  SAT ! Makespan = 661
  Schedule is valid with Makespan = 661
  Total time: 2.8531 seconds
------------------------------------------------------------------
[*] Trying with Upper Bound = 660...
  SAT ! Makespan = 660
  Schedule is valid with Makespan = 660
  Total time: 3.1840 seconds
------------------------------------------------------------------
[*] Trying with Upper Bound = 659...
  SAT ! Makespan = 659
  Schedule is valid with Makespan = 659
  Total time: 3.2365 seconds
------------------------------------------------------------------
[*] Trying with Upper Bound = 658...
  SAT ! Makespan = 658
  Schedule is valid with Makespan = 658
  Total time: 3.2603 seconds
------------------------------------------------------------------
[*] Trying with Upper Bound = 657...
  SAT ! Makespan = 657
  Schedule is valid with Makespan = 657
  Total time: 3.2903 seconds
------------------------------------------------------------------
[*] Trying with Upper Bound = 656...
  SAT ! Makespan = 656
  Schedule is valid with Makespan = 656
  Total time: 3.3168 seconds
------------------------------------------------------------------
[*] Trying with Upper Bound = 655...
  SAT ! Makespan = 655
  Schedule is valid with Makespan = 655
  Total time: 3.3399 seconds
------------------------------------------------------------------
[*] Trying with Upper Bound = 654...
  SAT ! Makespan = 654
  Schedule is valid with Makespan = 654
  Total time: 3.7416 seconds
------------------------------------------------------------------
[*] Trying with Upper Bound = 653...
  SAT ! Makespan = 653
  Schedule is valid with Makespan = 653
  Total time: 4.2877 seconds
------------------------------------------------------------------
[*] Trying with Upper Bound = 652...
  SAT ! Makespan = 652
  Schedule is valid with Makespan = 652
  Total time: 4.3914 seconds
------------------------------------------------------------------
[*] Trying with Upper Bound = 651...
  SAT ! Makespan = 651
  Schedule is valid with Makespan = 651
  Total time: 4.4107 seconds
------------------------------------------------------------------
[*] Trying with Upper Bound = 650...
  SAT ! Makespan = 650
  Schedule is valid with Makespan = 650
  Total time: 4.4290 seconds
------------------------------------------------------------------
[*] Trying with Upper Bound = 649...
  SAT ! Makespan = 649
  Schedule is valid with Makespan = 649
  Total time: 4.4477 seconds
------------------------------------------------------------------
[*] Trying with Upper Bound = 648...
  SAT ! Makespan = 648
  Schedule is valid with Makespan = 648
  Total time: 4.4663 seconds
------------------------------------------------------------------
[*] Trying with Upper Bound = 647...
  SAT ! Makespan = 647
  Schedule is valid with Makespan = 647
  Total time: 4.4837 seconds
------------------------------------------------------------------
[*] Trying with Upper Bound = 646...
  SAT ! Makespan = 646
  Schedule is valid with Makespan = 646
  Total time: 4.5020 seconds
------------------------------------------------------------------
[*] Trying with Upper Bound = 645...
  SAT ! Makespan = 645
  Schedule is valid with Makespan = 645
  Total time: 4.5202 seconds
------------------------------------------------------------------
[*] Trying with Upper Bound = 644...
  SAT ! Makespan = 644
  Schedule is valid with Makespan = 644
  Total time: 4.5517 seconds
------------------------------------------------------------------
[*] Trying with Upper Bound = 643...
  SAT ! Makespan = 643
  Schedule is valid with Makespan = 643
  Total time: 4.5735 seconds
------------------------------------------------------------------
[*] Trying with Upper Bound = 642...
  SAT ! Makespan = 642
  Schedule is valid with Makespan = 642
  Total time: 4.5965 seconds
------------------------------------------------------------------
[*] Trying with Upper Bound = 641...
  SAT ! Makespan = 641
  Schedule is valid with Makespan = 641
  Total time: 4.6169 seconds
------------------------------------------------------------------
[*] Trying with Upper Bound = 640...
  SAT ! Makespan = 640
  Schedule is valid with Makespan = 640
  Total time: 4.6354 seconds
------------------------------------------------------------------
[*] Trying with Upper Bound = 639...
  SAT ! Makespan = 639
  Schedule is valid with Makespan = 639
  Total time: 4.6590 seconds
------------------------------------------------------------------
[*] Trying with Upper Bound = 638...
  SAT ! Makespan = 638
  Schedule is valid with Makespan = 638
  Total time: 4.6770 seconds
------------------------------------------------------------------
[*] Trying with Upper Bound = 637...
  SAT ! Makespan = 637
  Schedule is valid with Makespan = 637
  Total time: 4.6935 seconds
------------------------------------------------------------------
[*] Trying with Upper Bound = 636...
  SAT ! Makespan = 636
  Schedule is valid with Makespan = 636
  Total time: 4.8180 seconds
------------------------------------------------------------------
[*] Trying with Upper Bound = 635...
  SAT ! Makespan = 635
  Schedule is valid with Makespan = 635
  Total time: 5.3624 seconds
------------------------------------------------------------------
[*] Trying with Upper Bound = 634...
  SAT ! Makespan = 634
  Schedule is valid with Makespan = 634
  Total time: 5.4846 seconds
------------------------------------------------------------------
[*] Trying with Upper Bound = 633...
  SAT ! Makespan = 633
  Schedule is valid with Makespan = 633
  Total time: 5.5154 seconds
------------------------------------------------------------------
[*] Trying with Upper Bound = 632...
  SAT ! Makespan = 632
  Schedule is valid with Makespan = 632
  Total time: 5.5761 seconds
------------------------------------------------------------------
[*] Trying with Upper Bound = 631...
  SAT ! Makespan = 631
  Schedule is valid with Makespan = 631
  Total time: 9.2351 seconds
------------------------------------------------------------------
[*] Trying with Upper Bound = 630...
  SAT ! Makespan = 630
  Schedule is valid with Makespan = 630
  Total time: 9.3913 seconds
------------------------------------------------------------------
[*] Trying with Upper Bound = 629...
  SAT ! Makespan = 629
  Schedule is valid with Makespan = 629
  Total time: 9.5199 seconds
------------------------------------------------------------------
[*] Trying with Upper Bound = 628...
  SAT ! Makespan = 628
  Schedule is valid with Makespan = 628
  Total time: 9.6291 seconds
------------------------------------------------------------------
[*] Trying with Upper Bound = 627...
  SAT ! Makespan = 627
  Schedule is valid with Makespan = 627
  Total time: 9.7346 seconds
------------------------------------------------------------------
[*] Trying with Upper Bound = 626...
  SAT ! Makespan = 626
  Schedule is valid with Makespan = 626
  Total time: 9.8457 seconds
------------------------------------------------------------------
[*] Trying with Upper Bound = 625...
  SAT ! Makespan = 625
  Schedule is valid with Makespan = 625
  Total time: 9.9638 seconds
------------------------------------------------------------------
[*] Trying with Upper Bound = 624...
[runlim] sample:		9.99 time, 10.01 real, 323 MB, 1.05 load
  SAT ! Makespan = 624
  Schedule is valid with Makespan = 624
  Total time: 10.0744 seconds
------------------------------------------------------------------
[*] Trying with Upper Bound = 623...
  SAT ! Makespan = 623
  Schedule is valid with Makespan = 623
  Total time: 10.1807 seconds
------------------------------------------------------------------
[*] Trying with Upper Bound = 622...
  SAT ! Makespan = 622
  Schedule is valid with Makespan = 622
  Total time: 10.2862 seconds
------------------------------------------------------------------
[*] Trying with Upper Bound = 621...
  SAT ! Makespan = 621
  Schedule is valid with Makespan = 621
  Total time: 10.3951 seconds
------------------------------------------------------------------
[*] Trying with Upper Bound = 620...
  SAT ! Makespan = 620
  Schedule is valid with Makespan = 620
  Total time: 10.5081 seconds
------------------------------------------------------------------
[*] Trying with Upper Bound = 619...
  SAT ! Makespan = 619
  Schedule is valid with Makespan = 619
  Total time: 10.6178 seconds
------------------------------------------------------------------
[*] Trying with Upper Bound = 618...
  SAT ! Makespan = 618
  Schedule is valid with Makespan = 618
  Total time: 11.2696 seconds
------------------------------------------------------------------
[*] Trying with Upper Bound = 617...
  SAT ! Makespan = 617
  Schedule is valid with Makespan = 617
  Total time: 11.9613 seconds
------------------------------------------------------------------
[*] Trying with Upper Bound = 616...
  SAT ! Makespan = 616
  Schedule is valid with Makespan = 616
  Total time: 12.1038 seconds
------------------------------------------------------------------
[*] Trying with Upper Bound = 615...
  SAT ! Makespan = 615
  Schedule is valid with Makespan = 615
  Total time: 13.1440 seconds
------------------------------------------------------------------
[*] Trying with Upper Bound = 614...
  SAT ! Makespan = 614
  Schedule is valid with Makespan = 614
  Total time: 13.5845 seconds
------------------------------------------------------------------
[*] Trying with Upper Bound = 613...
  SAT ! Makespan = 613
  Schedule is valid with Makespan = 613
  Total time: 14.1486 seconds
------------------------------------------------------------------
[*] Trying with Upper Bound = 612...
  SAT ! Makespan = 612
  Schedule is valid with Makespan = 612
  Total time: 14.7805 seconds
------------------------------------------------------------------
[*] Trying with Upper Bound = 611...
  SAT ! Makespan = 611
  Schedule is valid with Makespan = 611
  Total time: 15.3317 seconds
------------------------------------------------------------------
[*] Trying with Upper Bound = 610...
  SAT ! Makespan = 610
  Schedule is valid with Makespan = 610
  Total time: 15.8354 seconds
------------------------------------------------------------------
[*] Trying with Upper Bound = 609...
  SAT ! Makespan = 609
  Schedule is valid with Makespan = 609
  Total time: 19.2775 seconds
------------------------------------------------------------------
[*] Trying with Upper Bound = 608...
[runlim] sample:		19.98 time, 20.01 real, 347 MB, 1.04 load
  SAT ! Makespan = 608
  Schedule is valid with Makespan = 608
  Total time: 20.3315 seconds
------------------------------------------------------------------
[*] Trying with Upper Bound = 607...
  SAT ! Makespan = 607
  Schedule is valid with Makespan = 607
  Total time: 20.4833 seconds
------------------------------------------------------------------
[*] Trying with Upper Bound = 606...
  SAT ! Makespan = 606
  Schedule is valid with Makespan = 606
  Total time: 20.9997 seconds
------------------------------------------------------------------
[*] Trying with Upper Bound = 605...
  SAT ! Makespan = 605
  Schedule is valid with Makespan = 605
  Total time: 21.5711 seconds
------------------------------------------------------------------
[*] Trying with Upper Bound = 604...
  SAT ! Makespan = 604
  Schedule is valid with Makespan = 604
  Total time: 21.9265 seconds
------------------------------------------------------------------
[*] Trying with Upper Bound = 603...
  SAT ! Makespan = 603
  Schedule is valid with Makespan = 603
  Total time: 22.0249 seconds
------------------------------------------------------------------
[*] Trying with Upper Bound = 602...
  SAT ! Makespan = 602
  Schedule is valid with Makespan = 602
  Total time: 22.1118 seconds
------------------------------------------------------------------
[*] Trying with Upper Bound = 601...
  SAT ! Makespan = 601
  Schedule is valid with Makespan = 601
  Total time: 22.4562 seconds
------------------------------------------------------------------
[*] Trying with Upper Bound = 600...
  SAT ! Makespan = 600
  Schedule is valid with Makespan = 600
  Total time: 22.9303 seconds
------------------------------------------------------------------
[*] Trying with Upper Bound = 599...
  SAT ! Makespan = 599
  Schedule is valid with Makespan = 599
  Total time: 24.3991 seconds
------------------------------------------------------------------
[*] Trying with Upper Bound = 598...
  SAT ! Makespan = 598
  Schedule is valid with Makespan = 598
  Total time: 24.8363 seconds
------------------------------------------------------------------
[*] Trying with Upper Bound = 597...
  SAT ! Makespan = 597
  Schedule is valid with Makespan = 597
  Total time: 24.9425 seconds
------------------------------------------------------------------
[*] Trying with Upper Bound = 596...
  SAT ! Makespan = 596
  Schedule is valid with Makespan = 596
  Total time: 25.3810 seconds
------------------------------------------------------------------
[*] Trying with Upper Bound = 595...
  SAT ! Makespan = 595
  Schedule is valid with Makespan = 595
  Total time: 27.5064 seconds
------------------------------------------------------------------
[*] Trying with Upper Bound = 594...
  SAT ! Makespan = 594
  Schedule is valid with Makespan = 594
  Total time: 27.9483 seconds
------------------------------------------------------------------
[*] Trying with Upper Bound = 593...
  SAT ! Makespan = 593
  Schedule is valid with Makespan = 593
  Total time: 28.1329 seconds
------------------------------------------------------------------
[*] Trying with Upper Bound = 592...
  SAT ! Makespan = 592
  Schedule is valid with Makespan = 592
  Total time: 28.6774 seconds
------------------------------------------------------------------
[*] Trying with Upper Bound = 591...
  SAT ! Makespan = 591
  Schedule is valid with Makespan = 591
  Total time: 28.7865 seconds
------------------------------------------------------------------
[*] Trying with Upper Bound = 590...
  SAT ! Makespan = 590
  Schedule is valid with Makespan = 590
  Total time: 28.8774 seconds
------------------------------------------------------------------
[*] Trying with Upper Bound = 589...
  SAT ! Makespan = 589
  Schedule is valid with Makespan = 589
  Total time: 28.9607 seconds
------------------------------------------------------------------
[*] Trying with Upper Bound = 588...
  SAT ! Makespan = 588
  Schedule is valid with Makespan = 588
  Total time: 29.2780 seconds
------------------------------------------------------------------
[*] Trying with Upper Bound = 587...
  SAT ! Makespan = 587
  Schedule is valid with Makespan = 587
  Total time: 29.9241 seconds
------------------------------------------------------------------
[*] Trying with Upper Bound = 586...
[runlim] sample:		29.98 time, 30.01 real, 311 MB, 1.03 load
  SAT ! Makespan = 586
  Schedule is valid with Makespan = 586
  Total time: 31.7630 seconds
------------------------------------------------------------------
[*] Trying with Upper Bound = 585...
  SAT ! Makespan = 585
  Schedule is valid with Makespan = 585
  Total time: 31.8677 seconds
------------------------------------------------------------------
[*] Trying with Upper Bound = 584...
  SAT ! Makespan = 584
  Schedule is valid with Makespan = 584
  Total time: 32.0118 seconds
------------------------------------------------------------------
[*] Trying with Upper Bound = 583...
  SAT ! Makespan = 583
  Schedule is valid with Makespan = 583
  Total time: 32.1133 seconds
------------------------------------------------------------------
[*] Trying with Upper Bound = 582...
  SAT ! Makespan = 582
  Schedule is valid with Makespan = 582
  Total time: 32.2006 seconds
------------------------------------------------------------------
[*] Trying with Upper Bound = 581...
  SAT ! Makespan = 581
  Schedule is valid with Makespan = 581
  Total time: 32.8860 seconds
------------------------------------------------------------------
[*] Trying with Upper Bound = 580...
  SAT ! Makespan = 580
  Schedule is valid with Makespan = 580
  Total time: 34.6733 seconds
------------------------------------------------------------------
[*] Trying with Upper Bound = 579...
  SAT ! Makespan = 579
  Schedule is valid with Makespan = 579
  Total time: 35.1145 seconds
------------------------------------------------------------------
[*] Trying with Upper Bound = 578...
  SAT ! Makespan = 578
  Schedule is valid with Makespan = 578
  Total time: 38.4555 seconds
------------------------------------------------------------------
[*] Trying with Upper Bound = 577...
  SAT ! Makespan = 577
  Schedule is valid with Makespan = 577
  Total time: 38.9591 seconds
------------------------------------------------------------------
[*] Trying with Upper Bound = 576...
[runlim] sample:		39.98 time, 40.01 real, 335 MB, 1.03 load
  SAT ! Makespan = 576
  Schedule is valid with Makespan = 576
  Total time: 41.0008 seconds
------------------------------------------------------------------
[*] Trying with Upper Bound = 575...
  SAT ! Makespan = 575
  Schedule is valid with Makespan = 575
  Total time: 41.4989 seconds
------------------------------------------------------------------
[*] Trying with Upper Bound = 574...
  SAT ! Makespan = 574
  Schedule is valid with Makespan = 574
  Total time: 43.0474 seconds
------------------------------------------------------------------
[*] Trying with Upper Bound = 573...
  SAT ! Makespan = 573
  Schedule is valid with Makespan = 573
  Total time: 43.5375 seconds
------------------------------------------------------------------
[*] Trying with Upper Bound = 572...
  SAT ! Makespan = 572
  Schedule is valid with Makespan = 572
  Total time: 44.1158 seconds
------------------------------------------------------------------
[*] Trying with Upper Bound = 571...
  SAT ! Makespan = 571
  Schedule is valid with Makespan = 571
  Total time: 45.6100 seconds
------------------------------------------------------------------
[*] Trying with Upper Bound = 570...
  SAT ! Makespan = 570
  Schedule is valid with Makespan = 570
  Total time: 47.6432 seconds
------------------------------------------------------------------
[*] Trying with Upper Bound = 569...
[runlim] sample:		49.97 time, 50.01 real, 318 MB, 1.02 load
  SAT ! Makespan = 569
  Schedule is valid with Makespan = 569
  Total time: 55.3083 seconds
------------------------------------------------------------------
[*] Trying with Upper Bound = 568...
  SAT ! Makespan = 568
  Schedule is valid with Makespan = 568
  Total time: 55.8132 seconds
------------------------------------------------------------------
[*] Trying with Upper Bound = 567...
  SAT ! Makespan = 567
  Schedule is valid with Makespan = 567
  Total time: 58.2093 seconds
------------------------------------------------------------------
[*] Trying with Upper Bound = 566...
  SAT ! Makespan = 566
  Schedule is valid with Makespan = 566
  Total time: 59.5970 seconds
------------------------------------------------------------------
[*] Trying with Upper Bound = 565...
  SAT ! Makespan = 565
  Schedule is valid with Makespan = 565
  Total time: 59.7092 seconds
------------------------------------------------------------------
[*] Trying with Upper Bound = 564...
[runlim] sample:		59.97 time, 60.01 real, 289 MB, 1.02 load
  SAT ! Makespan = 564
  Schedule is valid with Makespan = 564
  Total time: 61.1472 seconds
------------------------------------------------------------------
[*] Trying with Upper Bound = 563...
  SAT ! Makespan = 563
  Schedule is valid with Makespan = 563
  Total time: 61.2539 seconds
------------------------------------------------------------------
[*] Trying with Upper Bound = 562...
  SAT ! Makespan = 562
  Schedule is valid with Makespan = 562
  Total time: 64.5179 seconds
------------------------------------------------------------------
[*] Trying with Upper Bound = 561...
  SAT ! Makespan = 561
  Schedule is valid with Makespan = 561
  Total time: 66.4002 seconds
------------------------------------------------------------------
[*] Trying with Upper Bound = 560...
  SAT ! Makespan = 560
  Schedule is valid with Makespan = 560
  Total time: 68.5024 seconds
------------------------------------------------------------------
[*] Trying with Upper Bound = 559...
  SAT ! Makespan = 559
  Schedule is valid with Makespan = 559
  Total time: 68.8808 seconds
------------------------------------------------------------------
[*] Trying with Upper Bound = 558...
[runlim] sample:		69.96 time, 70.01 real, 321 MB, 1.02 load
  SAT ! Makespan = 558
  Schedule is valid with Makespan = 558
  Total time: 71.2221 seconds
------------------------------------------------------------------
[*] Trying with Upper Bound = 557...
  SAT ! Makespan = 557
  Schedule is valid with Makespan = 557
  Total time: 72.5662 seconds
------------------------------------------------------------------
[*] Trying with Upper Bound = 556...
  SAT ! Makespan = 556
  Schedule is valid with Makespan = 556
  Total time: 72.6662 seconds
------------------------------------------------------------------
[*] Trying with Upper Bound = 555...
  SAT ! Makespan = 555
  Schedule is valid with Makespan = 555
  Total time: 73.0287 seconds
------------------------------------------------------------------
[*] Trying with Upper Bound = 554...
  SAT ! Makespan = 554
  Schedule is valid with Makespan = 554
  Total time: 74.8416 seconds
------------------------------------------------------------------
[*] Trying with Upper Bound = 553...
  SAT ! Makespan = 553
  Schedule is valid with Makespan = 553
  Total time: 78.4389 seconds
------------------------------------------------------------------
[*] Trying with Upper Bound = 552...
[runlim] sample:		79.96 time, 80.01 real, 321 MB, 1.01 load
  SAT ! Makespan = 552
  Schedule is valid with Makespan = 552
  Total time: 80.0674 seconds
------------------------------------------------------------------
[*] Trying with Upper Bound = 551...
  SAT ! Makespan = 551
  Schedule is valid with Makespan = 551
  Total time: 80.1721 seconds
------------------------------------------------------------------
[*] Trying with Upper Bound = 550...
  SAT ! Makespan = 550
  Schedule is valid with Makespan = 550
  Total time: 81.6681 seconds
------------------------------------------------------------------
[*] Trying with Upper Bound = 549...
  SAT ! Makespan = 549
  Schedule is valid with Makespan = 549
  Total time: 88.8826 seconds
------------------------------------------------------------------
[*] Trying with Upper Bound = 548...
[runlim] sample:		89.97 time, 90.01 real, 321 MB, 1.09 load
  SAT ! Makespan = 548
  Schedule is valid with Makespan = 548
  Total time: 97.0116 seconds
------------------------------------------------------------------
[*] Trying with Upper Bound = 547...
  SAT ! Makespan = 547
  Schedule is valid with Makespan = 547
  Total time: 99.0418 seconds
------------------------------------------------------------------
[*] Trying with Upper Bound = 546...
[runlim] sample:		99.96 time, 100.01 real, 321 MB, 1.08 load
  SAT ! Makespan = 546
  Schedule is valid with Makespan = 546
  Total time: 105.2228 seconds
------------------------------------------------------------------
[*] Trying with Upper Bound = 545...
[runlim] sample:		109.96 time, 110.01 real, 321 MB, 1.06 load
  SAT ! Makespan = 545
  Schedule is valid with Makespan = 545
  Total time: 113.9131 seconds
------------------------------------------------------------------
[*] Trying with Upper Bound = 544...
  SAT ! Makespan = 544
  Schedule is valid with Makespan = 544
  Total time: 116.4211 seconds
------------------------------------------------------------------
[*] Trying with Upper Bound = 543...
[runlim] sample:		119.96 time, 120.01 real, 363 MB, 1.05 load
  SAT ! Makespan = 543
  Schedule is valid with Makespan = 543
  Total time: 122.7990 seconds
------------------------------------------------------------------
[*] Trying with Upper Bound = 542...
  SAT ! Makespan = 542
  Schedule is valid with Makespan = 542
  Total time: 124.8908 seconds
------------------------------------------------------------------
[*] Trying with Upper Bound = 541...
  SAT ! Makespan = 541
  Schedule is valid with Makespan = 541
  Total time: 127.4570 seconds
------------------------------------------------------------------
[*] Trying with Upper Bound = 540...
[runlim] sample:		129.95 time, 130.01 real, 321 MB, 1.04 load
[runlim] sample:		139.95 time, 140.01 real, 325 MB, 1.04 load
[runlim] sample:		149.95 time, 150.01 real, 321 MB, 1.03 load
[runlim] sample:		159.95 time, 160.01 real, 323 MB, 1.03 load
  SAT ! Makespan = 540
  Schedule is valid with Makespan = 540
  Total time: 168.6058 seconds
------------------------------------------------------------------
[*] Trying with Upper Bound = 539...
[runlim] sample:		169.95 time, 170.01 real, 326 MB, 1.02 load
[runlim] sample:		179.95 time, 180.01 real, 323 MB, 1.02 load
[runlim] sample:		189.94 time, 190.01 real, 322 MB, 1.01 load
[runlim] sample:		199.94 time, 200.01 real, 322 MB, 1.01 load
  SAT ! Makespan = 539
  Schedule is valid with Makespan = 539
  Total time: 209.8673 seconds
------------------------------------------------------------------
[*] Trying with Upper Bound = 538...
[runlim] sample:		209.94 time, 210.01 real, 328 MB, 1.01 load
  SAT ! Makespan = 538
  Schedule is valid with Makespan = 538
  Total time: 217.3246 seconds
------------------------------------------------------------------
[*] Trying with Upper Bound = 537...
  SAT ! Makespan = 537
  Schedule is valid with Makespan = 537
  Total time: 217.4266 seconds
------------------------------------------------------------------
[*] Trying with Upper Bound = 536...
[runlim] sample:		219.95 time, 220.01 real, 324 MB, 1.08 load
[runlim] sample:		229.95 time, 230.01 real, 325 MB, 1.07 load
[runlim] sample:		239.94 time, 240.01 real, 327 MB, 1.06 load
[runlim] sample:		249.94 time, 250.01 real, 327 MB, 1.05 load
[runlim] sample:		259.94 time, 260.01 real, 330 MB, 1.04 load
[runlim] sample:		269.95 time, 270.01 real, 328 MB, 1.03 load
[runlim] sample:		279.94 time, 280.01 real, 324 MB, 1.03 load
[runlim] sample:		289.94 time, 290.01 real, 325 MB, 1.02 load
[runlim] sample:		299.94 time, 300.01 real, 325 MB, 1.02 load
[runlim] sample:		309.94 time, 310.01 real, 326 MB, 1.02 load
[runlim] sample:		319.94 time, 320.01 real, 326 MB, 1.01 load
[runlim] sample:		329.94 time, 330.01 real, 326 MB, 1.01 load
[runlim] sample:		339.94 time, 340.01 real, 326 MB, 1.73 load
  SAT ! Makespan = 536
  Schedule is valid with Makespan = 536
  Total time: 340.0441 seconds
------------------------------------------------------------------
[*] Trying with Upper Bound = 535...
  SAT ! Makespan = 535
  Schedule is valid with Makespan = 535
  Total time: 340.7622 seconds
------------------------------------------------------------------
[*] Trying with Upper Bound = 534...
  SAT ! Makespan = 534
  Schedule is valid with Makespan = 534
  Total time: 342.8396 seconds
------------------------------------------------------------------
[*] Trying with Upper Bound = 533...
  SAT ! Makespan = 533
  Schedule is valid with Makespan = 533
  Total time: 344.7848 seconds
------------------------------------------------------------------
[*] Trying with Upper Bound = 532...
[runlim] sample:		349.93 time, 350.01 real, 328 MB, 1.62 load
[runlim] sample:		359.93 time, 360.01 real, 330 MB, 1.52 load
[runlim] sample:		369.94 time, 370.01 real, 326 MB, 1.44 load
[runlim] sample:		379.94 time, 380.01 real, 328 MB, 1.37 load
[runlim] sample:		389.93 time, 390.01 real, 336 MB, 1.31 load
[runlim] sample:		399.93 time, 400.01 real, 336 MB, 1.27 load
  SAT ! Makespan = 532
  Schedule is valid with Makespan = 532
  Total time: 401.0032 seconds
------------------------------------------------------------------
[*] Trying with Upper Bound = 531...
[runlim] sample:		409.93 time, 410.01 real, 296 MB, 1.22 load
[runlim] sample:		419.93 time, 420.01 real, 330 MB, 1.19 load
[runlim] sample:		429.93 time, 430.01 real, 330 MB, 1.16 load
[runlim] sample:		439.93 time, 440.01 real, 334 MB, 1.13 load
[runlim] sample:		449.93 time, 450.01 real, 333 MB, 1.11 load
[runlim] sample:		459.92 time, 460.01 real, 333 MB, 1.10 load
[runlim] sample:		468.85 time, 470.01 real, 333 MB, 1.23 load
[runlim] sample:		478.85 time, 480.01 real, 327 MB, 1.19 load
[runlim] sample:		488.86 time, 490.01 real, 328 MB, 1.16 load
[runlim] sample:		498.86 time, 500.01 real, 328 MB, 1.14 load
[runlim] sample:		508.85 time, 510.01 real, 328 MB, 1.12 load
[runlim] sample:		518.82 time, 520.01 real, 330 MB, 1.10 load
  SAT ! Makespan = 531
  Schedule is valid with Makespan = 531
  Total time: 529.6973 seconds
------------------------------------------------------------------
[*] Trying with Upper Bound = 530...
[runlim] sample:		528.82 time, 530.01 real, 387 MB, 1.08 load
[runlim] sample:		538.82 time, 540.01 real, 298 MB, 1.07 load
[runlim] sample:		548.82 time, 550.01 real, 308 MB, 1.06 load
[runlim] sample:		558.82 time, 560.01 real, 306 MB, 1.05 load
[runlim] sample:		568.79 time, 570.01 real, 334 MB, 1.04 load
[runlim] sample:		578.78 time, 580.01 real, 337 MB, 1.03 load
[runlim] sample:		588.79 time, 590.01 real, 337 MB, 1.11 load
[runlim] sample:		598.78 time, 600.01 real, 336 MB, 1.09 load
[runlim] sample:		608.78 time, 610.01 real, 330 MB, 1.08 load
[runlim] sample:		618.78 time, 620.01 real, 330 MB, 1.06 load
[runlim] sample:		628.78 time, 630.01 real, 330 MB, 1.05 load
[runlim] sample:		638.78 time, 640.01 real, 331 MB, 1.19 load
[runlim] sample:		648.78 time, 650.01 real, 331 MB, 1.16 load
[runlim] sample:		658.78 time, 660.01 real, 332 MB, 1.14 load
[runlim] sample:		668.78 time, 670.01 real, 339 MB, 1.12 load
  SAT ! Makespan = 530
  Schedule is valid with Makespan = 530
  Total time: 672.7931 seconds
------------------------------------------------------------------
[*] Trying with Upper Bound = 529...
  SAT ! Makespan = 529
  Schedule is valid with Makespan = 529
  Total time: 675.5326 seconds
------------------------------------------------------------------
[*] Trying with Upper Bound = 528...
[runlim] sample:		678.78 time, 680.01 real, 315 MB, 1.10 load
[runlim] sample:		688.77 time, 690.01 real, 340 MB, 1.24 load
[runlim] sample:		698.77 time, 700.01 real, 338 MB, 1.21 load
[runlim] sample:		708.77 time, 710.01 real, 395 MB, 1.17 load
[runlim] sample:		718.77 time, 720.01 real, 336 MB, 1.15 load
[runlim] sample:		728.77 time, 730.01 real, 344 MB, 1.12 load
[runlim] sample:		738.77 time, 740.01 real, 346 MB, 1.10 load
[runlim] sample:		748.76 time, 750.01 real, 346 MB, 1.09 load
[runlim] sample:		758.76 time, 760.01 real, 335 MB, 1.07 load
[runlim] sample:		768.75 time, 770.01 real, 336 MB, 1.06 load
[runlim] sample:		778.74 time, 780.01 real, 336 MB, 1.05 load
[runlim] sample:		788.75 time, 790.01 real, 336 MB, 1.04 load
[runlim] sample:		798.75 time, 800.01 real, 336 MB, 1.04 load
[runlim] sample:		808.74 time, 810.01 real, 337 MB, 1.03 load
[runlim] sample:		818.74 time, 820.01 real, 348 MB, 1.02 load
[runlim] sample:		828.74 time, 830.01 real, 348 MB, 1.02 load
[runlim] sample:		838.74 time, 840.01 real, 349 MB, 1.10 load
[runlim] sample:		848.74 time, 850.01 real, 346 MB, 1.08 load
[runlim] sample:		858.74 time, 860.01 real, 346 MB, 1.07 load
[runlim] sample:		868.74 time, 870.01 real, 346 MB, 1.06 load
[runlim] sample:		878.74 time, 880.01 real, 348 MB, 1.05 load
[runlim] sample:		888.73 time, 890.01 real, 348 MB, 1.04 load
[runlim] sample:		898.73 time, 900.01 real, 347 MB, 1.03 load
[runlim] sample:		908.72 time, 910.01 real, 347 MB, 1.03 load
[runlim] sample:		918.72 time, 920.01 real, 347 MB, 1.02 load
[runlim] sample:		928.72 time, 930.01 real, 351 MB, 1.02 load
[runlim] sample:		938.72 time, 940.01 real, 351 MB, 1.02 load
[runlim] sample:		948.72 time, 950.01 real, 339 MB, 1.01 load
[runlim] sample:		958.71 time, 960.01 real, 339 MB, 1.01 load
[runlim] sample:		968.72 time, 970.01 real, 339 MB, 1.01 load
[runlim] sample:		978.71 time, 980.01 real, 339 MB, 1.15 load
[runlim] sample:		988.71 time, 990.01 real, 340 MB, 1.13 load
[runlim] sample:		998.71 time, 1000.01 real, 340 MB, 1.11 load
[runlim] sample:		1008.70 time, 1010.01 real, 401 MB, 1.09 load
[runlim] sample:		1018.71 time, 1020.01 real, 357 MB, 1.08 load
[runlim] sample:		1028.70 time, 1030.01 real, 342 MB, 1.07 load
[runlim] sample:		1038.70 time, 1040.01 real, 342 MB, 1.06 load
[runlim] sample:		1048.70 time, 1050.01 real, 342 MB, 1.05 load
[runlim] sample:		1058.70 time, 1060.01 real, 345 MB, 1.04 load
[runlim] sample:		1068.69 time, 1070.01 real, 345 MB, 1.03 load
[runlim] sample:		1078.69 time, 1080.01 real, 345 MB, 1.03 load
[runlim] sample:		1088.69 time, 1090.01 real, 345 MB, 1.10 load
[runlim] sample:		1098.69 time, 1100.01 real, 345 MB, 1.09 load
[runlim] sample:		1108.68 time, 1110.01 real, 346 MB, 1.07 load
[runlim] sample:		1118.65 time, 1120.01 real, 346 MB, 1.06 load
[runlim] sample:		1128.64 time, 1130.01 real, 346 MB, 1.05 load
[runlim] sample:		1138.64 time, 1140.01 real, 347 MB, 1.04 load
[runlim] sample:		1148.64 time, 1150.01 real, 347 MB, 1.18 load
[runlim] sample:		1158.65 time, 1160.01 real, 347 MB, 1.15 load
[runlim] sample:		1168.65 time, 1170.01 real, 347 MB, 1.13 load
[runlim] sample:		1178.65 time, 1180.01 real, 347 MB, 1.11 load
[runlim] sample:		1188.64 time, 1190.01 real, 347 MB, 1.09 load
[runlim] sample:		1198.64 time, 1200.01 real, 347 MB, 1.08 load
[runlim] sample:		1208.64 time, 1210.01 real, 348 MB, 1.07 load
[runlim] sample:		1218.64 time, 1220.01 real, 348 MB, 1.13 load
[runlim] sample:		1228.64 time, 1230.01 real, 348 MB, 1.11 load
[runlim] sample:		1238.64 time, 1240.01 real, 348 MB, 1.09 load
[runlim] sample:		1248.64 time, 1250.01 real, 348 MB, 1.08 load
[runlim] sample:		1258.64 time, 1260.01 real, 349 MB, 1.06 load
[runlim] sample:		1268.64 time, 1270.01 real, 349 MB, 1.05 load
[runlim] sample:		1278.64 time, 1280.01 real, 356 MB, 1.05 load
[runlim] sample:		1288.64 time, 1290.01 real, 356 MB, 1.04 load
[runlim] sample:		1298.63 time, 1300.01 real, 366 MB, 1.19 load
  SAT ! Makespan = 528
  Schedule is valid with Makespan = 528
  Total time: 1301.4319 seconds
------------------------------------------------------------------
[*] Trying with Upper Bound = 527...
[runlim] sample:		1308.63 time, 1310.01 real, 363 MB, 1.16 load
[runlim] sample:		1318.63 time, 1320.01 real, 358 MB, 1.14 load
[runlim] sample:		1328.60 time, 1330.01 real, 358 MB, 1.12 load
[runlim] sample:		1338.60 time, 1340.01 real, 352 MB, 1.18 load
[runlim] sample:		1348.60 time, 1350.01 real, 352 MB, 1.15 load
[runlim] sample:		1358.60 time, 1360.01 real, 363 MB, 1.13 load
[runlim] sample:		1368.60 time, 1370.01 real, 363 MB, 1.11 load
[runlim] sample:		1378.59 time, 1380.01 real, 363 MB, 1.09 load
[runlim] sample:		1388.59 time, 1390.01 real, 357 MB, 1.08 load
[runlim] sample:		1398.59 time, 1400.01 real, 357 MB, 1.06 load
[runlim] sample:		1408.58 time, 1410.01 real, 350 MB, 1.05 load
[runlim] sample:		1418.58 time, 1420.01 real, 350 MB, 1.04 load
[runlim] sample:		1428.58 time, 1430.01 real, 350 MB, 1.04 load
[runlim] sample:		1438.58 time, 1440.01 real, 351 MB, 1.03 load
[runlim] sample:		1448.58 time, 1450.01 real, 351 MB, 1.03 load
  SAT ! Makespan = 527
  Schedule is valid with Makespan = 527
  Total time: 1459.3799 seconds
------------------------------------------------------------------
[*] Trying with Upper Bound = 526...
[runlim] sample:		1458.58 time, 1460.01 real, 359 MB, 1.02 load
[runlim] sample:		1468.58 time, 1470.01 real, 359 MB, 1.09 load
[runlim] sample:		1478.57 time, 1480.01 real, 359 MB, 1.08 load
[runlim] sample:		1488.57 time, 1490.01 real, 363 MB, 1.23 load
[runlim] sample:		1498.57 time, 1500.01 real, 363 MB, 1.19 load
[runlim] sample:		1508.57 time, 1510.01 real, 337 MB, 1.16 load
[runlim] sample:		1518.57 time, 1520.01 real, 337 MB, 1.14 load
[runlim] sample:		1528.58 time, 1530.01 real, 347 MB, 1.11 load
[runlim] sample:		1538.58 time, 1540.01 real, 347 MB, 1.10 load
[runlim] sample:		1548.58 time, 1550.01 real, 347 MB, 1.08 load
[runlim] sample:		1558.57 time, 1560.01 real, 333 MB, 1.23 load
[runlim] sample:		1568.57 time, 1570.01 real, 333 MB, 1.19 load
[runlim] sample:		1578.56 time, 1580.01 real, 331 MB, 1.16 load
[runlim] sample:		1588.56 time, 1590.01 real, 331 MB, 1.86 load
[runlim] sample:		1598.56 time, 1600.01 real, 331 MB, 1.73 load
[runlim] sample:		1608.56 time, 1610.01 real, 383 MB, 1.76 load
[runlim] sample:		1618.57 time, 1620.01 real, 332 MB, 1.64 load
[runlim] sample:		1628.56 time, 1630.01 real, 332 MB, 1.54 load
[runlim] sample:		1638.56 time, 1640.01 real, 345 MB, 1.46 load
[runlim] sample:		1648.56 time, 1650.01 real, 345 MB, 1.39 load
  SAT ! Makespan = 526
  Schedule is valid with Makespan = 526
  Total time: 1650.3107 seconds
------------------------------------------------------------------
[*] Trying with Upper Bound = 525...
[runlim] sample:		1658.56 time, 1660.01 real, 346 MB, 1.33 load
[runlim] sample:		1668.56 time, 1670.01 real, 346 MB, 1.28 load
[runlim] sample:		1678.56 time, 1680.01 real, 336 MB, 1.24 load
[runlim] sample:		1688.56 time, 1690.01 real, 336 MB, 1.20 load
[runlim] sample:		1698.56 time, 1700.01 real, 342 MB, 1.17 load
[runlim] sample:		1708.55 time, 1710.01 real, 372 MB, 1.14 load
[runlim] sample:		1718.55 time, 1720.01 real, 372 MB, 1.27 load
[runlim] sample:		1728.54 time, 1730.01 real, 375 MB, 1.23 load
[runlim] sample:		1738.54 time, 1740.01 real, 375 MB, 1.26 load
[runlim] sample:		1748.54 time, 1750.01 real, 375 MB, 1.38 load
[runlim] sample:		1758.54 time, 1760.01 real, 362 MB, 1.32 load
[runlim] sample:		1768.54 time, 1770.01 real, 362 MB, 1.27 load
[runlim] sample:		1778.54 time, 1780.01 real, 362 MB, 1.23 load
[runlim] sample:		1788.54 time, 1790.01 real, 363 MB, 1.20 load
[runlim] sample:		1798.54 time, 1800.01 real, 363 MB, 1.17 load
[runlim] sample:		1808.54 time, 1810.01 real, 363 MB, 1.14 load
  SAT ! Makespan = 525
  Schedule is valid with Makespan = 525
  Total time: 1819.2058 seconds
------------------------------------------------------------------
[*] Trying with Upper Bound = 524...
[runlim] sample:		1818.54 time, 1820.01 real, 318 MB, 1.12 load
[runlim] sample:		1828.54 time, 1830.01 real, 358 MB, 1.10 load
[runlim] sample:		1838.54 time, 1840.01 real, 358 MB, 1.16 load
[runlim] sample:		1848.53 time, 1850.01 real, 320 MB, 1.14 load
[runlim] sample:		1858.53 time, 1860.01 real, 320 MB, 1.12 load
[runlim] sample:		1868.53 time, 1870.01 real, 321 MB, 1.10 load
[runlim] sample:		1878.53 time, 1880.01 real, 320 MB, 1.08 load
[runlim] sample:		1888.53 time, 1890.01 real, 320 MB, 1.07 load
[runlim] sample:		1898.52 time, 1900.01 real, 332 MB, 1.06 load
[runlim] sample:		1908.53 time, 1910.01 real, 332 MB, 1.05 load
[runlim] sample:		1918.53 time, 1920.01 real, 332 MB, 1.04 load
[runlim] sample:		1928.52 time, 1930.01 real, 325 MB, 1.03 load
[runlim] sample:		1938.52 time, 1940.01 real, 356 MB, 1.03 load
[runlim] sample:		1948.52 time, 1950.01 real, 356 MB, 1.02 load
[runlim] sample:		1958.52 time, 1960.01 real, 356 MB, 1.02 load
[runlim] sample:		1968.52 time, 1970.01 real, 357 MB, 1.09 load
[runlim] sample:		1978.52 time, 1980.01 real, 357 MB, 1.08 load
[runlim] sample:		1988.52 time, 1990.01 real, 357 MB, 1.06 load
  SAT ! Makespan = 524
  Schedule is valid with Makespan = 524
  Total time: 1999.6490 seconds
------------------------------------------------------------------
[*] Trying with Upper Bound = 523...
[runlim] sample:		1998.52 time, 2000.01 real, 319 MB, 1.05 load
[runlim] sample:		2008.52 time, 2010.01 real, 319 MB, 1.04 load
[runlim] sample:		2018.52 time, 2020.01 real, 327 MB, 1.04 load
[runlim] sample:		2028.52 time, 2030.01 real, 327 MB, 1.03 load
[runlim] sample:		2038.52 time, 2040.01 real, 327 MB, 1.03 load
[runlim] sample:		2048.51 time, 2050.01 real, 324 MB, 1.02 load
[runlim] sample:		2058.51 time, 2060.01 real, 365 MB, 1.02 load
[runlim] sample:		2068.52 time, 2070.01 real, 365 MB, 1.01 load
[runlim] sample:		2078.51 time, 2080.01 real, 371 MB, 1.01 load
[runlim] sample:		2088.51 time, 2090.01 real, 371 MB, 1.01 load
[runlim] sample:		2098.51 time, 2100.01 real, 371 MB, 1.01 load
[runlim] sample:		2108.51 time, 2110.01 real, 371 MB, 1.01 load
[runlim] sample:		2118.51 time, 2120.01 real, 360 MB, 1.00 load
[runlim] sample:		2128.51 time, 2130.01 real, 360 MB, 1.00 load
[runlim] sample:		2138.51 time, 2140.01 real, 360 MB, 1.00 load
[runlim] sample:		2148.50 time, 2150.01 real, 361 MB, 1.00 load
[runlim] sample:		2158.51 time, 2160.01 real, 361 MB, 1.00 load
[runlim] sample:		2168.50 time, 2170.01 real, 361 MB, 1.00 load
[runlim] sample:		2178.50 time, 2180.01 real, 365 MB, 1.00 load
[runlim] sample:		2188.50 time, 2190.01 real, 365 MB, 1.00 load
[runlim] sample:		2198.50 time, 2200.01 real, 365 MB, 1.00 load
[runlim] sample:		2208.50 time, 2210.01 real, 377 MB, 1.00 load
[runlim] sample:		2218.50 time, 2220.01 real, 377 MB, 1.72 load
[runlim] sample:		2228.49 time, 2230.01 real, 377 MB, 1.61 load
[runlim] sample:		2238.50 time, 2240.01 real, 378 MB, 1.52 load
[runlim] sample:		2248.50 time, 2250.01 real, 378 MB, 1.44 load
[runlim] sample:		2258.50 time, 2260.01 real, 381 MB, 1.37 load
[runlim] sample:		2268.49 time, 2270.01 real, 381 MB, 1.31 load
[runlim] sample:		2278.49 time, 2280.01 real, 468 MB, 1.26 load
[runlim] sample:		2288.49 time, 2290.01 real, 374 MB, 1.22 load
[runlim] sample:		2298.49 time, 2300.01 real, 374 MB, 1.19 load
[runlim] sample:		2308.48 time, 2310.01 real, 386 MB, 1.16 load
[runlim] sample:		2318.46 time, 2320.01 real, 386 MB, 1.21 load
[runlim] sample:		2328.47 time, 2330.01 real, 386 MB, 1.18 load
[runlim] sample:		2338.47 time, 2340.01 real, 386 MB, 1.15 load
[runlim] sample:		2348.47 time, 2350.01 real, 362 MB, 1.20 load
[runlim] sample:		2358.47 time, 2360.01 real, 362 MB, 1.17 load
[runlim] sample:		2368.47 time, 2370.01 real, 362 MB, 1.14 load
[runlim] sample:		2378.46 time, 2380.01 real, 362 MB, 1.12 load
[runlim] sample:		2388.46 time, 2390.01 real, 363 MB, 1.10 load
[runlim] sample:		2398.46 time, 2400.01 real, 363 MB, 1.09 load
[runlim] sample:		2408.46 time, 2410.01 real, 363 MB, 1.07 load
[runlim] sample:		2418.46 time, 2420.01 real, 363 MB, 1.06 load
[runlim] sample:		2428.46 time, 2430.01 real, 364 MB, 1.05 load
[runlim] sample:		2438.46 time, 2440.01 real, 364 MB, 1.04 load
[runlim] sample:		2448.46 time, 2450.01 real, 365 MB, 1.04 load
[runlim] sample:		2458.46 time, 2460.01 real, 365 MB, 1.03 load
[runlim] sample:		2468.46 time, 2470.01 real, 366 MB, 1.11 load
[runlim] sample:		2478.45 time, 2480.01 real, 366 MB, 1.09 load
[runlim] sample:		2488.45 time, 2490.01 real, 366 MB, 1.07 load
[runlim] sample:		2498.45 time, 2500.01 real, 366 MB, 1.06 load
[runlim] sample:		2508.45 time, 2510.01 real, 366 MB, 1.05 load
[runlim] sample:		2518.45 time, 2520.01 real, 366 MB, 1.04 load
[runlim] sample:		2528.45 time, 2530.01 real, 366 MB, 1.04 load
[runlim] sample:		2538.45 time, 2540.01 real, 366 MB, 1.03 load
[runlim] sample:		2548.45 time, 2550.01 real, 366 MB, 1.03 load
[runlim] sample:		2558.45 time, 2560.01 real, 367 MB, 1.02 load
[runlim] sample:		2568.45 time, 2570.01 real, 367 MB, 1.02 load
[runlim] sample:		2578.45 time, 2580.01 real, 367 MB, 1.01 load
[runlim] sample:		2588.45 time, 2590.01 real, 367 MB, 1.01 load
[runlim] sample:		2598.45 time, 2600.01 real, 367 MB, 1.01 load
[runlim] sample:		2608.45 time, 2610.01 real, 367 MB, 1.01 load
[runlim] sample:		2618.44 time, 2620.01 real, 367 MB, 1.01 load
[runlim] sample:		2628.44 time, 2630.01 real, 370 MB, 1.00 load
[runlim] sample:		2638.44 time, 2640.01 real, 370 MB, 1.00 load
[runlim] sample:		2648.45 time, 2650.01 real, 371 MB, 1.00 load
[runlim] sample:		2658.45 time, 2660.01 real, 371 MB, 1.00 load
[runlim] sample:		2668.45 time, 2670.01 real, 371 MB, 1.00 load
[runlim] sample:		2678.45 time, 2680.01 real, 371 MB, 1.00 load
[runlim] sample:		2688.45 time, 2690.01 real, 371 MB, 1.00 load
[runlim] sample:		2698.45 time, 2700.01 real, 371 MB, 1.00 load
[runlim] sample:		2708.45 time, 2710.01 real, 371 MB, 1.00 load
[runlim] sample:		2718.44 time, 2720.01 real, 371 MB, 1.08 load
[runlim] sample:		2728.44 time, 2730.01 real, 371 MB, 1.07 load
[runlim] sample:		2738.44 time, 2740.01 real, 371 MB, 1.06 load
[runlim] sample:		2748.44 time, 2750.01 real, 371 MB, 1.05 load
[runlim] sample:		2758.44 time, 2760.01 real, 385 MB, 1.04 load
[runlim] sample:		2768.44 time, 2770.01 real, 385 MB, 1.03 load
[runlim] sample:		2778.43 time, 2780.01 real, 385 MB, 1.03 load
[runlim] sample:		2788.44 time, 2790.01 real, 385 MB, 1.02 load
[runlim] sample:		2798.44 time, 2800.01 real, 386 MB, 1.02 load
[runlim] sample:		2808.43 time, 2810.01 real, 386 MB, 1.02 load
[runlim] sample:		2818.43 time, 2820.01 real, 386 MB, 1.01 load
[runlim] sample:		2828.43 time, 2830.01 real, 385 MB, 1.01 load
[runlim] sample:		2838.43 time, 2840.01 real, 385 MB, 1.01 load
[runlim] sample:		2848.43 time, 2850.01 real, 385 MB, 1.67 load
[runlim] sample:		2858.43 time, 2860.01 real, 390 MB, 1.57 load
[runlim] sample:		2868.43 time, 2870.01 real, 390 MB, 1.48 load
[runlim] sample:		2878.42 time, 2880.01 real, 390 MB, 1.40 load
[runlim] sample:		2888.42 time, 2890.01 real, 387 MB, 1.34 load
[runlim] sample:		2898.42 time, 2900.01 real, 387 MB, 1.29 load
[runlim] sample:		2908.42 time, 2910.01 real, 387 MB, 1.24 load
[runlim] sample:		2918.41 time, 2920.01 real, 392 MB, 1.29 load
[runlim] sample:		2928.41 time, 2930.01 real, 392 MB, 1.24 load
[runlim] sample:		2938.40 time, 2940.01 real, 392 MB, 1.20 load
[runlim] sample:		2948.40 time, 2950.01 real, 392 MB, 1.17 load
[runlim] sample:		2958.40 time, 2960.01 real, 392 MB, 1.15 load
[runlim] sample:		2968.40 time, 2970.01 real, 392 MB, 1.12 load
[runlim] sample:		2978.40 time, 2980.01 real, 393 MB, 1.10 load
[runlim] sample:		2988.40 time, 2990.01 real, 393 MB, 1.09 load
[runlim] sample:		2998.40 time, 3000.01 real, 393 MB, 1.07 load
[runlim] sample:		3008.40 time, 3010.01 real, 393 MB, 1.06 load
[runlim] sample:		3018.40 time, 3020.01 real, 387 MB, 1.05 load
[runlim] sample:		3028.39 time, 3030.01 real, 387 MB, 1.04 load
[runlim] sample:		3038.39 time, 3040.01 real, 387 MB, 1.04 load
[runlim] sample:		3048.39 time, 3050.01 real, 393 MB, 1.03 load
[runlim] sample:		3058.39 time, 3060.01 real, 393 MB, 1.02 load
[runlim] sample:		3068.39 time, 3070.01 real, 393 MB, 1.02 load
[runlim] sample:		3078.39 time, 3080.01 real, 393 MB, 1.02 load
[runlim] sample:		3088.39 time, 3090.01 real, 388 MB, 1.09 load
[runlim] sample:		3098.39 time, 3100.01 real, 388 MB, 1.08 load
[runlim] sample:		3108.39 time, 3110.01 real, 388 MB, 1.07 load
[runlim] sample:		3118.39 time, 3120.01 real, 386 MB, 1.06 load
[runlim] sample:		3128.39 time, 3130.01 real, 386 MB, 1.05 load
[runlim] sample:		3138.39 time, 3140.01 real, 386 MB, 1.04 load
[runlim] sample:		3148.38 time, 3150.01 real, 396 MB, 1.03 load
[runlim] sample:		3158.39 time, 3160.01 real, 396 MB, 1.03 load
[runlim] sample:		3168.38 time, 3170.01 real, 396 MB, 1.02 load
[runlim] sample:		3178.38 time, 3180.01 real, 396 MB, 1.02 load
[runlim] sample:		3188.38 time, 3190.01 real, 401 MB, 1.02 load
[runlim] sample:		3198.38 time, 3200.01 real, 401 MB, 1.31 load
[runlim] sample:		3208.38 time, 3210.01 real, 401 MB, 1.26 load
[runlim] sample:		3218.38 time, 3220.01 real, 401 MB, 1.22 load
[runlim] sample:		3228.38 time, 3230.01 real, 402 MB, 1.19 load
[runlim] sample:		3238.38 time, 3240.01 real, 402 MB, 1.30 load
[runlim] sample:		3248.38 time, 3250.01 real, 402 MB, 1.26 load
[runlim] sample:		3258.37 time, 3260.01 real, 402 MB, 1.22 load
[runlim] sample:		3268.38 time, 3270.01 real, 406 MB, 1.18 load
[runlim] sample:		3278.38 time, 3280.01 real, 406 MB, 1.15 load
[runlim] sample:		3288.37 time, 3290.01 real, 406 MB, 1.13 load
[runlim] sample:		3298.38 time, 3300.01 real, 387 MB, 1.11 load
[runlim] sample:		3308.38 time, 3310.01 real, 387 MB, 1.09 load
[runlim] sample:		3318.38 time, 3320.01 real, 387 MB, 1.08 load
[runlim] sample:		3328.38 time, 3330.01 real, 387 MB, 1.07 load
[runlim] sample:		3338.37 time, 3340.01 real, 391 MB, 1.06 load
[runlim] sample:		3348.37 time, 3350.01 real, 392 MB, 1.12 load
[runlim] sample:		3358.37 time, 3360.01 real, 392 MB, 1.10 load
[runlim] sample:		3368.37 time, 3370.01 real, 392 MB, 1.08 load
[runlim] sample:		3378.37 time, 3380.01 real, 386 MB, 1.07 load
[runlim] sample:		3388.37 time, 3390.01 real, 386 MB, 1.06 load
[runlim] sample:		3398.37 time, 3400.01 real, 386 MB, 1.05 load
[runlim] sample:		3408.37 time, 3410.01 real, 386 MB, 1.04 load
[runlim] sample:		3418.37 time, 3420.01 real, 375 MB, 1.04 load
[runlim] sample:		3428.37 time, 3430.01 real, 375 MB, 1.03 load
[runlim] sample:		3438.37 time, 3440.01 real, 375 MB, 1.02 load
[runlim] sample:		3448.36 time, 3450.01 real, 375 MB, 1.02 load
[runlim] sample:		3458.36 time, 3460.01 real, 375 MB, 1.02 load
[runlim] sample:		3468.36 time, 3470.01 real, 375 MB, 1.73 load
[runlim] sample:		3478.36 time, 3480.01 real, 375 MB, 1.62 load
[runlim] sample:		3488.36 time, 3490.01 real, 375 MB, 1.53 load
[runlim] sample:		3498.36 time, 3500.01 real, 375 MB, 1.44 load
[runlim] sample:		3508.36 time, 3510.01 real, 375 MB, 1.38 load
[runlim] sample:		3518.35 time, 3520.01 real, 377 MB, 1.56 load
[runlim] sample:		3528.35 time, 3530.01 real, 377 MB, 1.47 load
[runlim] sample:		3538.35 time, 3540.01 real, 378 MB, 1.40 load
[runlim] sample:		3548.35 time, 3550.01 real, 378 MB, 1.34 load
[runlim] sample:		3558.34 time, 3560.01 real, 378 MB, 1.28 load
[runlim] sample:		3568.34 time, 3570.01 real, 378 MB, 1.24 load
[runlim] sample:		3578.35 time, 3580.01 real, 379 MB, 1.20 load
[runlim] sample:		3588.35 time, 3590.01 real, 379 MB, 1.17 load
[runlim] sample:		3598.34 time, 3600.01 real, 379 MB, 1.14 load
[runlim] end:			Fri Aug 14 11:55:47 2026
[runlim] status:		out of time
[runlim] result:		2
[runlim] children:		1
[runlim] processes:		2
[runlim] real:			3601.04 seconds
[runlim] time:			3598.34 seconds
[runlim] space:			515 MB
[runlim] load:			1.86 maximum
[runlim] samples:		36000
