[runlim] version:		2.0.0rc12
[runlim] host:			fjssp-instance
[runlim] time limit:		311040000 seconds
[runlim] real time limit:	3600 seconds
[runlim] space limit:		14000 MB
[runlim] argv[0]:		python3
[runlim] argv[1]:		-u
[runlim] argv[2]:		main.py
[runlim] argv[3]:		--input
[runlim] argv[4]:		datasets/brandimarte/MK08
[runlim] argv[5]:		--sb
[runlim] argv[6]:		--factories
[runlim] argv[7]:		2
[runlim] argv[8]:		--full_transitive
[runlim] start:			Wed Aug 26 05:12:55 2026
[runlim] child:			23049
[*] Loading data from file: datasets/brandimarte/MK08
[*] Running D-FJSSP SAT Solver with 2 factories, Symmetry Breaking = ON, Transitive E* = FULL
===========================================================================
 D-FJSSP SAT SOLVER - PARALLEL FACTORIES SCHEDULING
===========================================================================
  -> Operations: 225 | Jobs: 20 | Machines: 10 | Factories: 2

[*] Running Greedy Heuristic...
  -> Greedy Solution: Makespan = 313 (0.0006s)

[*] Initializing and solving the SAT model...
------------------------------------------------------------------
[*] Trying with Upper Bound = 313...
  SAT ! Makespan = 313
  Schedule is valid with Makespan = 313
  Total time: 2.2699 seconds
------------------------------------------------------------------
[*] Trying with Upper Bound = 312...
  SAT ! Makespan = 312
  Schedule is valid with Makespan = 312
  Total time: 2.5204 seconds
------------------------------------------------------------------
[*] Trying with Upper Bound = 311...
  SAT ! Makespan = 311
  Schedule is valid with Makespan = 311
  Total time: 2.5589 seconds
------------------------------------------------------------------
[*] Trying with Upper Bound = 310...
  SAT ! Makespan = 310
  Schedule is valid with Makespan = 310
  Total time: 2.6423 seconds
------------------------------------------------------------------
[*] Trying with Upper Bound = 309...
  SAT ! Makespan = 309
  Schedule is valid with Makespan = 309
  Total time: 2.6633 seconds
------------------------------------------------------------------
[*] Trying with Upper Bound = 308...
  SAT ! Makespan = 308
  Schedule is valid with Makespan = 308
  Total time: 2.6800 seconds
------------------------------------------------------------------
[*] Trying with Upper Bound = 307...
  SAT ! Makespan = 307
  Schedule is valid with Makespan = 307
  Total time: 2.6967 seconds
------------------------------------------------------------------
[*] Trying with Upper Bound = 306...
  SAT ! Makespan = 306
  Schedule is valid with Makespan = 306
  Total time: 2.7777 seconds
------------------------------------------------------------------
[*] Trying with Upper Bound = 305...
  SAT ! Makespan = 305
  Schedule is valid with Makespan = 305
  Total time: 2.7971 seconds
------------------------------------------------------------------
[*] Trying with Upper Bound = 304...
  SAT ! Makespan = 304
  Schedule is valid with Makespan = 304
  Total time: 3.3887 seconds
------------------------------------------------------------------
[*] Trying with Upper Bound = 303...
  SAT ! Makespan = 303
  Schedule is valid with Makespan = 303
  Total time: 3.4664 seconds
------------------------------------------------------------------
[*] Trying with Upper Bound = 302...
  SAT ! Makespan = 302
  Schedule is valid with Makespan = 302
  Total time: 3.4841 seconds
------------------------------------------------------------------
[*] Trying with Upper Bound = 301...
  SAT ! Makespan = 301
  Schedule is valid with Makespan = 301
  Total time: 3.4997 seconds
------------------------------------------------------------------
[*] Trying with Upper Bound = 300...
  SAT ! Makespan = 300
  Schedule is valid with Makespan = 300
  Total time: 3.5147 seconds
------------------------------------------------------------------
[*] Trying with Upper Bound = 299...
  SAT ! Makespan = 299
  Schedule is valid with Makespan = 299
  Total time: 3.5296 seconds
------------------------------------------------------------------
[*] Trying with Upper Bound = 298...
  SAT ! Makespan = 298
  Schedule is valid with Makespan = 298
  Total time: 3.5454 seconds
------------------------------------------------------------------
[*] Trying with Upper Bound = 297...
  SAT ! Makespan = 297
  Schedule is valid with Makespan = 297
  Total time: 3.5608 seconds
------------------------------------------------------------------
[*] Trying with Upper Bound = 296...
  SAT ! Makespan = 296
  Schedule is valid with Makespan = 296
  Total time: 3.5759 seconds
------------------------------------------------------------------
[*] Trying with Upper Bound = 295...
  SAT ! Makespan = 295
  Schedule is valid with Makespan = 295
  Total time: 3.7525 seconds
------------------------------------------------------------------
[*] Trying with Upper Bound = 294...
  SAT ! Makespan = 294
  Schedule is valid with Makespan = 294
  Total time: 3.7804 seconds
------------------------------------------------------------------
[*] Trying with Upper Bound = 293...
  SAT ! Makespan = 293
  Schedule is valid with Makespan = 293
  Total time: 3.7952 seconds
------------------------------------------------------------------
[*] Trying with Upper Bound = 292...
  SAT ! Makespan = 292
  Schedule is valid with Makespan = 292
  Total time: 3.8126 seconds
------------------------------------------------------------------
[*] Trying with Upper Bound = 291...
  SAT ! Makespan = 291
  Schedule is valid with Makespan = 291
  Total time: 3.8266 seconds
------------------------------------------------------------------
[*] Trying with Upper Bound = 290...
  SAT ! Makespan = 290
  Schedule is valid with Makespan = 290
  Total time: 7.4286 seconds
------------------------------------------------------------------
[*] Trying with Upper Bound = 289...
  SAT ! Makespan = 289
  Schedule is valid with Makespan = 289
  Total time: 9.6048 seconds
------------------------------------------------------------------
[*] Trying with Upper Bound = 288...
[runlim] sample:		10.00 time, 10.01 real, 353 MB, 1.00 load
  SAT ! Makespan = 288
  Schedule is valid with Makespan = 288
  Total time: 10.0087 seconds
------------------------------------------------------------------
[*] Trying with Upper Bound = 287...
  SAT ! Makespan = 287
  Schedule is valid with Makespan = 287
  Total time: 10.1396 seconds
------------------------------------------------------------------
[*] Trying with Upper Bound = 286...
  SAT ! Makespan = 286
  Schedule is valid with Makespan = 286
  Total time: 16.7022 seconds
------------------------------------------------------------------
[*] Trying with Upper Bound = 285...
  SAT ! Makespan = 285
  Schedule is valid with Makespan = 285
  Total time: 18.1992 seconds
------------------------------------------------------------------
[*] Trying with Upper Bound = 284...
  SAT ! Makespan = 284
  Schedule is valid with Makespan = 284
  Total time: 18.2780 seconds
------------------------------------------------------------------
[*] Trying with Upper Bound = 283...
  SAT ! Makespan = 283
  Schedule is valid with Makespan = 283
  Total time: 18.3554 seconds
------------------------------------------------------------------
[*] Trying with Upper Bound = 282...
[runlim] sample:		19.99 time, 20.01 real, 322 MB, 1.00 load
  SAT ! Makespan = 282
  Schedule is valid with Makespan = 282
  Total time: 21.1333 seconds
------------------------------------------------------------------
[*] Trying with Upper Bound = 281...
  SAT ! Makespan = 281
  Schedule is valid with Makespan = 281
  Total time: 21.2260 seconds
------------------------------------------------------------------
[*] Trying with Upper Bound = 280...
  SAT ! Makespan = 280
  Schedule is valid with Makespan = 280
  Total time: 22.1315 seconds
------------------------------------------------------------------
[*] Trying with Upper Bound = 279...
  SAT ! Makespan = 279
  Schedule is valid with Makespan = 279
  Total time: 27.3822 seconds
------------------------------------------------------------------
[*] Trying with Upper Bound = 278...
[runlim] sample:		30.00 time, 30.01 real, 308 MB, 1.00 load
  SAT ! Makespan = 278
  Schedule is valid with Makespan = 278
  Total time: 31.8093 seconds
------------------------------------------------------------------
[*] Trying with Upper Bound = 277...
  SAT ! Makespan = 277
  Schedule is valid with Makespan = 277
  Total time: 37.6703 seconds
------------------------------------------------------------------
[*] Trying with Upper Bound = 276...
  SAT ! Makespan = 276
  Schedule is valid with Makespan = 276
  Total time: 39.2220 seconds
------------------------------------------------------------------
[*] Trying with Upper Bound = 275...
[runlim] sample:		40.00 time, 40.01 real, 311 MB, 1.00 load
[runlim] sample:		49.99 time, 50.01 real, 312 MB, 1.00 load
[runlim] sample:		60.00 time, 60.01 real, 311 MB, 1.66 load
  SAT ! Makespan = 275
  Schedule is valid with Makespan = 275
  Total time: 60.3291 seconds
------------------------------------------------------------------
[*] Trying with Upper Bound = 274...
  SAT ! Makespan = 274
  Schedule is valid with Makespan = 274
  Total time: 65.6245 seconds
------------------------------------------------------------------
[*] Trying with Upper Bound = 273...
[runlim] sample:		69.99 time, 70.01 real, 261 MB, 1.56 load
  SAT ! Makespan = 273
  Schedule is valid with Makespan = 273
  Total time: 71.3692 seconds
------------------------------------------------------------------
[*] Trying with Upper Bound = 272...
  SAT ! Makespan = 272
  Schedule is valid with Makespan = 272
  Total time: 78.6463 seconds
------------------------------------------------------------------
[*] Trying with Upper Bound = 271...
[runlim] sample:		79.99 time, 80.01 real, 290 MB, 1.47 load
  SAT ! Makespan = 271
  Schedule is valid with Makespan = 271
  Total time: 81.7403 seconds
------------------------------------------------------------------
[*] Trying with Upper Bound = 270...
[runlim] sample:		89.99 time, 90.01 real, 263 MB, 1.40 load
[runlim] sample:		99.99 time, 100.01 real, 284 MB, 1.34 load
  SAT ! Makespan = 270
  Schedule is valid with Makespan = 270
  Total time: 103.3733 seconds
------------------------------------------------------------------
[*] Trying with Upper Bound = 269...
[runlim] sample:		109.99 time, 110.01 real, 285 MB, 1.29 load
[runlim] sample:		119.99 time, 120.01 real, 300 MB, 1.24 load
[runlim] sample:		129.99 time, 130.01 real, 302 MB, 1.20 load
[runlim] sample:		139.98 time, 140.01 real, 302 MB, 1.17 load
[runlim] sample:		149.99 time, 150.01 real, 301 MB, 1.15 load
[runlim] sample:		159.98 time, 160.01 real, 303 MB, 1.12 load
[runlim] sample:		169.98 time, 170.01 real, 304 MB, 1.10 load
[runlim] sample:		179.99 time, 180.01 real, 304 MB, 1.17 load
[runlim] sample:		189.99 time, 190.01 real, 304 MB, 1.14 load
  SAT ! Makespan = 269
  Schedule is valid with Makespan = 269
  Total time: 197.1946 seconds
------------------------------------------------------------------
[*] Trying with Upper Bound = 268...
  SAT ! Makespan = 268
  Schedule is valid with Makespan = 268
  Total time: 198.9595 seconds
------------------------------------------------------------------
[*] Trying with Upper Bound = 267...
[runlim] sample:		199.99 time, 200.01 real, 267 MB, 1.12 load
[runlim] sample:		209.99 time, 210.01 real, 267 MB, 1.10 load
[runlim] sample:		219.98 time, 220.01 real, 267 MB, 1.08 load
  SAT ! Makespan = 267
  Schedule is valid with Makespan = 267
  Total time: 225.7113 seconds
------------------------------------------------------------------
[*] Trying with Upper Bound = 266...
[runlim] sample:		229.98 time, 230.01 real, 282 MB, 1.07 load
[runlim] sample:		239.97 time, 240.01 real, 280 MB, 1.06 load
[runlim] sample:		249.97 time, 250.01 real, 297 MB, 1.05 load
  SAT ! Makespan = 266
  Schedule is valid with Makespan = 266
  Total time: 252.3281 seconds
------------------------------------------------------------------
[*] Trying with Upper Bound = 265...
[runlim] sample:		259.97 time, 260.01 real, 270 MB, 1.04 load
[runlim] sample:		269.97 time, 270.01 real, 270 MB, 1.04 load
[runlim] sample:		279.97 time, 280.01 real, 301 MB, 1.03 load
[runlim] sample:		289.96 time, 290.01 real, 351 MB, 1.02 load
[runlim] sample:		299.96 time, 300.01 real, 299 MB, 1.02 load
[runlim] sample:		309.96 time, 310.01 real, 299 MB, 1.02 load
[runlim] sample:		319.96 time, 320.01 real, 299 MB, 1.01 load
[runlim] sample:		329.96 time, 330.01 real, 300 MB, 1.01 load
[runlim] sample:		339.96 time, 340.01 real, 300 MB, 1.01 load
[runlim] sample:		349.95 time, 350.01 real, 303 MB, 1.01 load
  SAT ! Makespan = 265
  Schedule is valid with Makespan = 265
  Total time: 350.7537 seconds
------------------------------------------------------------------
[*] Trying with Upper Bound = 264...
  SAT ! Makespan = 264
  Schedule is valid with Makespan = 264
  Total time: 358.7213 seconds
------------------------------------------------------------------
[*] Trying with Upper Bound = 263...
[runlim] sample:		359.96 time, 360.01 real, 278 MB, 1.01 load
[runlim] sample:		369.96 time, 370.01 real, 298 MB, 1.00 load
[runlim] sample:		379.96 time, 380.01 real, 298 MB, 1.00 load
[runlim] sample:		389.95 time, 390.01 real, 274 MB, 1.00 load
[runlim] sample:		399.95 time, 400.01 real, 274 MB, 1.00 load
[runlim] sample:		409.95 time, 410.01 real, 286 MB, 1.00 load
[runlim] sample:		419.95 time, 420.01 real, 285 MB, 1.00 load
[runlim] sample:		429.95 time, 430.01 real, 286 MB, 1.00 load
[runlim] sample:		439.95 time, 440.01 real, 286 MB, 1.00 load
[runlim] sample:		449.95 time, 450.01 real, 289 MB, 1.00 load
[runlim] sample:		459.95 time, 460.01 real, 290 MB, 1.00 load
[runlim] sample:		469.94 time, 470.01 real, 290 MB, 1.00 load
[runlim] sample:		479.95 time, 480.01 real, 343 MB, 1.00 load
[runlim] sample:		489.95 time, 490.01 real, 292 MB, 1.00 load
[runlim] sample:		499.95 time, 500.01 real, 290 MB, 1.00 load
[runlim] sample:		509.94 time, 510.01 real, 289 MB, 1.00 load
[runlim] sample:		519.95 time, 520.01 real, 290 MB, 1.00 load
[runlim] sample:		529.95 time, 530.01 real, 289 MB, 1.00 load
[runlim] sample:		539.94 time, 540.01 real, 289 MB, 1.00 load
[runlim] sample:		549.94 time, 550.01 real, 302 MB, 1.00 load
[runlim] sample:		559.95 time, 560.01 real, 302 MB, 1.00 load
[runlim] sample:		569.95 time, 570.01 real, 302 MB, 1.00 load
[runlim] sample:		579.94 time, 580.01 real, 302 MB, 1.00 load
[runlim] sample:		589.95 time, 590.01 real, 303 MB, 1.00 load
[runlim] sample:		599.94 time, 600.01 real, 304 MB, 1.00 load
[runlim] sample:		609.95 time, 610.01 real, 304 MB, 1.00 load
[runlim] sample:		619.94 time, 620.01 real, 304 MB, 1.00 load
[runlim] sample:		629.94 time, 630.01 real, 304 MB, 1.00 load
[runlim] sample:		639.94 time, 640.01 real, 304 MB, 1.00 load
[runlim] sample:		649.94 time, 650.01 real, 304 MB, 1.00 load
[runlim] sample:		659.94 time, 660.01 real, 304 MB, 1.00 load
[runlim] sample:		669.93 time, 670.01 real, 304 MB, 1.00 load
[runlim] sample:		679.94 time, 680.01 real, 304 MB, 1.00 load
[runlim] sample:		689.94 time, 690.01 real, 305 MB, 1.00 load
[runlim] sample:		699.94 time, 700.01 real, 305 MB, 1.00 load
[runlim] sample:		709.94 time, 710.01 real, 305 MB, 1.00 load
[runlim] sample:		719.94 time, 720.01 real, 305 MB, 1.00 load
[runlim] sample:		729.93 time, 730.01 real, 305 MB, 1.00 load
[runlim] sample:		739.94 time, 740.01 real, 306 MB, 1.00 load
[runlim] sample:		749.94 time, 750.01 real, 309 MB, 1.00 load
[runlim] sample:		759.93 time, 760.01 real, 308 MB, 1.00 load
[runlim] sample:		769.93 time, 770.01 real, 311 MB, 1.00 load
[runlim] sample:		779.93 time, 780.01 real, 311 MB, 1.00 load
[runlim] sample:		789.93 time, 790.01 real, 309 MB, 1.00 load
[runlim] sample:		799.93 time, 800.01 real, 312 MB, 1.00 load
[runlim] sample:		809.93 time, 810.01 real, 310 MB, 1.00 load
[runlim] sample:		819.93 time, 820.01 real, 308 MB, 1.00 load
[runlim] sample:		829.93 time, 830.01 real, 307 MB, 1.00 load
[runlim] sample:		839.93 time, 840.01 real, 308 MB, 1.00 load
[runlim] sample:		849.93 time, 850.01 real, 306 MB, 1.00 load
[runlim] sample:		859.93 time, 860.01 real, 307 MB, 1.00 load
[runlim] sample:		869.92 time, 870.01 real, 307 MB, 1.00 load
[runlim] sample:		879.93 time, 880.01 real, 307 MB, 1.00 load
[runlim] sample:		889.93 time, 890.01 real, 311 MB, 1.00 load
[runlim] sample:		899.93 time, 900.01 real, 307 MB, 1.00 load
[runlim] sample:		909.93 time, 910.01 real, 309 MB, 1.00 load
[runlim] sample:		919.93 time, 920.01 real, 309 MB, 1.00 load
[runlim] sample:		929.93 time, 930.01 real, 312 MB, 1.08 load
[runlim] sample:		939.93 time, 940.01 real, 314 MB, 1.07 load
[runlim] sample:		949.93 time, 950.01 real, 313 MB, 1.06 load
[runlim] sample:		959.93 time, 960.01 real, 313 MB, 1.05 load
[runlim] sample:		969.92 time, 970.01 real, 313 MB, 1.04 load
[runlim] sample:		979.92 time, 980.01 real, 313 MB, 1.03 load
[runlim] sample:		989.92 time, 990.01 real, 317 MB, 1.03 load
[runlim] sample:		999.93 time, 1000.01 real, 310 MB, 1.02 load
[runlim] sample:		1009.92 time, 1010.01 real, 310 MB, 1.02 load
[runlim] sample:		1019.92 time, 1020.01 real, 312 MB, 1.02 load
[runlim] sample:		1029.91 time, 1030.01 real, 314 MB, 1.01 load
[runlim] sample:		1039.91 time, 1040.01 real, 314 MB, 1.01 load
[runlim] sample:		1049.92 time, 1050.01 real, 309 MB, 1.01 load
[runlim] sample:		1059.92 time, 1060.01 real, 309 MB, 1.01 load
[runlim] sample:		1069.92 time, 1070.01 real, 309 MB, 1.00 load
[runlim] sample:		1079.92 time, 1080.01 real, 309 MB, 1.00 load
[runlim] sample:		1089.92 time, 1090.01 real, 310 MB, 1.00 load
[runlim] sample:		1099.92 time, 1100.01 real, 310 MB, 1.00 load
[runlim] sample:		1109.92 time, 1110.01 real, 310 MB, 1.00 load
[runlim] sample:		1119.92 time, 1120.01 real, 310 MB, 1.00 load
[runlim] sample:		1129.92 time, 1130.01 real, 311 MB, 1.00 load
[runlim] sample:		1139.92 time, 1140.01 real, 312 MB, 1.00 load
[runlim] sample:		1149.91 time, 1150.01 real, 312 MB, 1.00 load
[runlim] sample:		1159.92 time, 1160.01 real, 312 MB, 1.00 load
[runlim] sample:		1169.92 time, 1170.01 real, 312 MB, 1.00 load
[runlim] sample:		1179.91 time, 1180.01 real, 313 MB, 1.00 load
[runlim] sample:		1189.91 time, 1190.01 real, 313 MB, 1.00 load
[runlim] sample:		1199.91 time, 1200.01 real, 313 MB, 1.00 load
[runlim] sample:		1209.91 time, 1210.01 real, 313 MB, 1.00 load
[runlim] sample:		1219.91 time, 1220.01 real, 313 MB, 1.00 load
[runlim] sample:		1229.91 time, 1230.01 real, 313 MB, 1.00 load
[runlim] sample:		1239.91 time, 1240.01 real, 313 MB, 1.00 load
[runlim] sample:		1249.91 time, 1250.01 real, 313 MB, 1.00 load
[runlim] sample:		1259.91 time, 1260.01 real, 313 MB, 1.00 load
[runlim] sample:		1269.91 time, 1270.01 real, 314 MB, 1.00 load
[runlim] sample:		1279.91 time, 1280.01 real, 314 MB, 1.00 load
[runlim] sample:		1289.90 time, 1290.01 real, 314 MB, 1.00 load
[runlim] sample:		1299.90 time, 1300.01 real, 314 MB, 1.00 load
[runlim] sample:		1309.90 time, 1310.01 real, 314 MB, 1.66 load
[runlim] sample:		1319.90 time, 1320.01 real, 315 MB, 1.56 load
[runlim] sample:		1329.90 time, 1330.01 real, 315 MB, 1.47 load
[runlim] sample:		1339.90 time, 1340.01 real, 315 MB, 1.40 load
[runlim] sample:		1349.90 time, 1350.01 real, 315 MB, 1.34 load
[runlim] sample:		1359.90 time, 1360.01 real, 315 MB, 1.29 load
[runlim] sample:		1369.90 time, 1370.01 real, 315 MB, 1.24 load
[runlim] sample:		1379.90 time, 1380.01 real, 315 MB, 1.20 load
[runlim] sample:		1389.90 time, 1390.01 real, 316 MB, 1.17 load
[runlim] sample:		1399.90 time, 1400.01 real, 316 MB, 1.15 load
[runlim] sample:		1409.90 time, 1410.01 real, 316 MB, 1.12 load
[runlim] sample:		1419.90 time, 1420.01 real, 316 MB, 1.10 load
[runlim] sample:		1429.90 time, 1430.01 real, 316 MB, 1.17 load
[runlim] sample:		1439.90 time, 1440.01 real, 316 MB, 1.14 load
[runlim] sample:		1449.90 time, 1450.01 real, 316 MB, 1.12 load
[runlim] sample:		1459.90 time, 1460.01 real, 316 MB, 1.10 load
[runlim] sample:		1469.89 time, 1470.01 real, 316 MB, 1.08 load
[runlim] sample:		1479.89 time, 1480.01 real, 316 MB, 1.07 load
[runlim] sample:		1489.90 time, 1490.01 real, 318 MB, 1.06 load
[runlim] sample:		1499.90 time, 1500.01 real, 318 MB, 1.05 load
[runlim] sample:		1509.90 time, 1510.01 real, 318 MB, 1.04 load
[runlim] sample:		1519.90 time, 1520.01 real, 319 MB, 1.04 load
[runlim] sample:		1529.90 time, 1530.01 real, 319 MB, 1.03 load
[runlim] sample:		1539.90 time, 1540.01 real, 319 MB, 1.02 load
[runlim] sample:		1549.90 time, 1550.01 real, 319 MB, 1.02 load
[runlim] sample:		1559.90 time, 1560.01 real, 319 MB, 1.09 load
[runlim] sample:		1569.89 time, 1570.01 real, 320 MB, 1.08 load
[runlim] sample:		1579.89 time, 1580.01 real, 320 MB, 1.06 load
[runlim] sample:		1589.89 time, 1590.01 real, 320 MB, 1.05 load
[runlim] sample:		1599.89 time, 1600.01 real, 320 MB, 1.04 load
[runlim] sample:		1609.88 time, 1610.01 real, 320 MB, 1.04 load
[runlim] sample:		1619.87 time, 1620.01 real, 327 MB, 1.03 load
[runlim] sample:		1629.87 time, 1630.01 real, 327 MB, 1.03 load
[runlim] sample:		1639.87 time, 1640.01 real, 327 MB, 1.02 load
[runlim] sample:		1649.87 time, 1650.01 real, 327 MB, 1.02 load
[runlim] sample:		1659.87 time, 1660.01 real, 327 MB, 1.01 load
[runlim] sample:		1669.87 time, 1670.01 real, 328 MB, 1.01 load
[runlim] sample:		1679.87 time, 1680.01 real, 328 MB, 1.01 load
[runlim] sample:		1689.87 time, 1690.01 real, 328 MB, 1.01 load
[runlim] sample:		1699.86 time, 1700.01 real, 328 MB, 1.01 load
[runlim] sample:		1709.86 time, 1710.01 real, 328 MB, 1.00 load
[runlim] sample:		1719.86 time, 1720.01 real, 329 MB, 1.00 load
[runlim] sample:		1729.87 time, 1730.01 real, 329 MB, 1.00 load
[runlim] sample:		1739.87 time, 1740.01 real, 329 MB, 1.00 load
[runlim] sample:		1749.87 time, 1750.01 real, 329 MB, 1.00 load
[runlim] sample:		1759.86 time, 1760.01 real, 329 MB, 1.00 load
[runlim] sample:		1769.86 time, 1770.01 real, 329 MB, 1.00 load
[runlim] sample:		1779.86 time, 1780.01 real, 330 MB, 1.00 load
[runlim] sample:		1789.87 time, 1790.01 real, 330 MB, 1.00 load
[runlim] sample:		1799.87 time, 1800.01 real, 330 MB, 1.00 load
[runlim] sample:		1809.86 time, 1810.01 real, 330 MB, 1.00 load
[runlim] sample:		1819.86 time, 1820.01 real, 330 MB, 1.00 load
[runlim] sample:		1829.86 time, 1830.01 real, 330 MB, 1.00 load
[runlim] sample:		1839.86 time, 1840.01 real, 330 MB, 1.00 load
[runlim] sample:		1849.86 time, 1850.01 real, 330 MB, 1.00 load
[runlim] sample:		1859.86 time, 1860.01 real, 330 MB, 1.00 load
[runlim] sample:		1869.86 time, 1870.01 real, 330 MB, 1.00 load
[runlim] sample:		1879.86 time, 1880.01 real, 330 MB, 1.00 load
[runlim] sample:		1889.86 time, 1890.01 real, 330 MB, 1.00 load
[runlim] sample:		1899.86 time, 1900.01 real, 331 MB, 1.00 load
[runlim] sample:		1909.86 time, 1910.01 real, 331 MB, 1.00 load
[runlim] sample:		1919.86 time, 1920.01 real, 331 MB, 1.00 load
[runlim] sample:		1929.85 time, 1930.01 real, 331 MB, 1.00 load
[runlim] sample:		1939.85 time, 1940.01 real, 331 MB, 1.00 load
[runlim] sample:		1949.85 time, 1950.01 real, 334 MB, 1.00 load
[runlim] sample:		1959.86 time, 1960.01 real, 335 MB, 1.00 load
[runlim] sample:		1969.86 time, 1970.01 real, 335 MB, 1.00 load
[runlim] sample:		1979.86 time, 1980.01 real, 335 MB, 1.00 load
[runlim] sample:		1989.86 time, 1990.01 real, 335 MB, 1.00 load
[runlim] sample:		1999.86 time, 2000.01 real, 335 MB, 1.00 load
[runlim] sample:		2009.86 time, 2010.01 real, 335 MB, 1.00 load
[runlim] sample:		2019.85 time, 2020.01 real, 335 MB, 1.00 load
[runlim] sample:		2029.85 time, 2030.01 real, 335 MB, 1.00 load
[runlim] sample:		2039.85 time, 2040.01 real, 335 MB, 1.00 load
[runlim] sample:		2049.85 time, 2050.01 real, 335 MB, 1.08 load
[runlim] sample:		2059.85 time, 2060.01 real, 337 MB, 1.14 load
[runlim] sample:		2069.85 time, 2070.01 real, 331 MB, 1.12 load
[runlim] sample:		2079.85 time, 2080.01 real, 331 MB, 1.10 load
[runlim] sample:		2089.85 time, 2090.01 real, 331 MB, 1.08 load
[runlim] sample:		2099.85 time, 2100.01 real, 331 MB, 1.07 load
[runlim] sample:		2109.85 time, 2110.01 real, 332 MB, 1.06 load
[runlim] sample:		2119.85 time, 2120.01 real, 332 MB, 1.05 load
[runlim] sample:		2129.85 time, 2130.01 real, 332 MB, 1.04 load
[runlim] sample:		2139.85 time, 2140.01 real, 332 MB, 1.04 load
[runlim] sample:		2149.84 time, 2150.01 real, 332 MB, 1.03 load
[runlim] sample:		2159.84 time, 2160.01 real, 339 MB, 1.02 load
[runlim] sample:		2169.85 time, 2170.01 real, 339 MB, 1.02 load
[runlim] sample:		2179.85 time, 2180.01 real, 339 MB, 1.02 load
[runlim] sample:		2189.84 time, 2190.01 real, 340 MB, 1.01 load
[runlim] sample:		2199.85 time, 2200.01 real, 337 MB, 1.01 load
[runlim] sample:		2209.84 time, 2210.01 real, 337 MB, 1.01 load
[runlim] sample:		2219.85 time, 2220.01 real, 340 MB, 1.01 load
[runlim] sample:		2229.84 time, 2230.01 real, 338 MB, 1.01 load
[runlim] sample:		2239.84 time, 2240.01 real, 338 MB, 1.00 load
[runlim] sample:		2249.84 time, 2250.01 real, 341 MB, 1.00 load
[runlim] sample:		2259.84 time, 2260.01 real, 341 MB, 1.00 load
[runlim] sample:		2269.84 time, 2270.01 real, 336 MB, 1.00 load
[runlim] sample:		2279.84 time, 2280.01 real, 336 MB, 1.00 load
[runlim] sample:		2289.84 time, 2290.01 real, 338 MB, 1.00 load
[runlim] sample:		2299.84 time, 2300.01 real, 337 MB, 1.00 load
[runlim] sample:		2309.84 time, 2310.01 real, 337 MB, 1.00 load
[runlim] sample:		2319.84 time, 2320.01 real, 338 MB, 1.00 load
[runlim] sample:		2329.84 time, 2330.01 real, 338 MB, 1.00 load
[runlim] sample:		2339.84 time, 2340.01 real, 339 MB, 1.00 load
[runlim] sample:		2349.84 time, 2350.01 real, 339 MB, 1.00 load
[runlim] sample:		2359.84 time, 2360.01 real, 339 MB, 1.00 load
[runlim] sample:		2369.84 time, 2370.01 real, 341 MB, 1.00 load
[runlim] sample:		2379.84 time, 2380.01 real, 341 MB, 1.00 load
[runlim] sample:		2389.84 time, 2390.01 real, 342 MB, 1.00 load
[runlim] sample:		2399.84 time, 2400.01 real, 342 MB, 1.00 load
[runlim] sample:		2409.83 time, 2410.01 real, 340 MB, 1.00 load
[runlim] sample:		2419.83 time, 2420.01 real, 340 MB, 1.00 load
[runlim] sample:		2429.83 time, 2430.01 real, 344 MB, 1.00 load
[runlim] sample:		2439.83 time, 2440.01 real, 344 MB, 1.00 load
[runlim] sample:		2449.83 time, 2450.01 real, 351 MB, 1.00 load
[runlim] sample:		2459.84 time, 2460.01 real, 346 MB, 1.00 load
[runlim] sample:		2469.84 time, 2470.01 real, 346 MB, 1.00 load
  SAT ! Makespan = 263
  Schedule is valid with Makespan = 263
  Total time: 2470.4454 seconds
------------------------------------------------------------------
[*] Trying with Upper Bound = 262...
[runlim] sample:		2479.83 time, 2480.01 real, 368 MB, 1.00 load
[runlim] sample:		2489.83 time, 2490.01 real, 319 MB, 1.00 load
[runlim] sample:		2499.83 time, 2500.01 real, 319 MB, 1.00 load
  SAT ! Makespan = 262
  Schedule is valid with Makespan = 262
  Total time: 2503.0906 seconds
------------------------------------------------------------------
[*] Trying with Upper Bound = 261...
[runlim] sample:		2509.84 time, 2510.01 real, 325 MB, 1.00 load
[runlim] sample:		2519.83 time, 2520.01 real, 325 MB, 1.00 load
[runlim] sample:		2529.83 time, 2530.01 real, 334 MB, 1.00 load
[runlim] sample:		2539.83 time, 2540.01 real, 334 MB, 1.00 load
[runlim] sample:		2549.83 time, 2550.01 real, 336 MB, 1.00 load
[runlim] sample:		2559.83 time, 2560.01 real, 343 MB, 1.66 load
[runlim] sample:		2569.83 time, 2570.01 real, 352 MB, 1.56 load
[runlim] sample:		2579.83 time, 2580.01 real, 349 MB, 1.47 load
[runlim] sample:		2589.83 time, 2590.01 real, 349 MB, 1.40 load
[runlim] sample:		2599.83 time, 2600.01 real, 349 MB, 1.34 load
[runlim] sample:		2609.83 time, 2610.01 real, 349 MB, 1.29 load
[runlim] sample:		2619.83 time, 2620.01 real, 349 MB, 1.24 load
[runlim] sample:		2629.83 time, 2630.01 real, 349 MB, 1.20 load
[runlim] sample:		2639.83 time, 2640.01 real, 356 MB, 1.17 load
[runlim] sample:		2649.83 time, 2650.01 real, 356 MB, 1.15 load
[runlim] sample:		2659.82 time, 2660.01 real, 355 MB, 1.12 load
[runlim] sample:		2669.82 time, 2670.01 real, 355 MB, 1.10 load
[runlim] sample:		2679.82 time, 2680.01 real, 356 MB, 1.17 load
[runlim] sample:		2689.82 time, 2690.01 real, 356 MB, 1.14 load
[runlim] sample:		2699.83 time, 2700.01 real, 351 MB, 1.12 load
[runlim] sample:		2709.82 time, 2710.01 real, 351 MB, 1.10 load
[runlim] sample:		2719.82 time, 2720.01 real, 351 MB, 1.08 load
[runlim] sample:		2729.82 time, 2730.01 real, 351 MB, 1.07 load
[runlim] sample:		2739.82 time, 2740.01 real, 351 MB, 1.06 load
[runlim] sample:		2749.82 time, 2750.01 real, 351 MB, 1.05 load
[runlim] sample:		2759.82 time, 2760.01 real, 350 MB, 1.04 load
[runlim] sample:		2769.82 time, 2770.01 real, 350 MB, 1.04 load
[runlim] sample:		2779.82 time, 2780.01 real, 350 MB, 1.03 load
[runlim] sample:		2789.82 time, 2790.01 real, 350 MB, 1.02 load
[runlim] sample:		2799.82 time, 2800.01 real, 351 MB, 1.02 load
[runlim] sample:		2809.82 time, 2810.01 real, 351 MB, 1.02 load
[runlim] sample:		2819.82 time, 2820.01 real, 351 MB, 1.01 load
[runlim] sample:		2829.82 time, 2830.01 real, 351 MB, 1.01 load
[runlim] sample:		2839.81 time, 2840.01 real, 352 MB, 1.01 load
[runlim] sample:		2849.81 time, 2850.01 real, 352 MB, 1.01 load
[runlim] sample:		2859.81 time, 2860.01 real, 352 MB, 1.01 load
[runlim] sample:		2869.81 time, 2870.01 real, 352 MB, 1.00 load
[runlim] sample:		2879.81 time, 2880.01 real, 352 MB, 1.00 load
[runlim] sample:		2889.81 time, 2890.01 real, 352 MB, 1.00 load
[runlim] sample:		2899.81 time, 2900.01 real, 352 MB, 1.00 load
[runlim] sample:		2909.81 time, 2910.01 real, 352 MB, 1.00 load
[runlim] sample:		2919.81 time, 2920.01 real, 352 MB, 1.00 load
[runlim] sample:		2929.81 time, 2930.01 real, 353 MB, 1.00 load
[runlim] sample:		2939.81 time, 2940.01 real, 353 MB, 1.00 load
[runlim] sample:		2949.80 time, 2950.01 real, 353 MB, 1.00 load
[runlim] sample:		2959.80 time, 2960.01 real, 353 MB, 1.00 load
[runlim] sample:		2969.80 time, 2970.01 real, 353 MB, 1.00 load
[runlim] sample:		2979.80 time, 2980.01 real, 353 MB, 1.00 load
[runlim] sample:		2989.81 time, 2990.01 real, 354 MB, 1.00 load
[runlim] sample:		2999.81 time, 3000.01 real, 354 MB, 1.00 load
[runlim] sample:		3009.81 time, 3010.01 real, 354 MB, 1.00 load
[runlim] sample:		3019.80 time, 3020.01 real, 354 MB, 1.00 load
[runlim] sample:		3029.80 time, 3030.01 real, 356 MB, 1.00 load
[runlim] sample:		3039.80 time, 3040.01 real, 356 MB, 1.00 load
[runlim] sample:		3049.81 time, 3050.01 real, 356 MB, 1.00 load
[runlim] sample:		3059.81 time, 3060.01 real, 356 MB, 1.00 load
[runlim] sample:		3069.80 time, 3070.01 real, 361 MB, 1.00 load
[runlim] sample:		3079.80 time, 3080.01 real, 361 MB, 1.00 load
[runlim] sample:		3089.81 time, 3090.01 real, 358 MB, 1.00 load
[runlim] sample:		3099.81 time, 3100.01 real, 358 MB, 1.00 load
[runlim] sample:		3109.80 time, 3110.01 real, 353 MB, 1.00 load
[runlim] sample:		3119.80 time, 3120.01 real, 354 MB, 1.00 load
[runlim] sample:		3129.80 time, 3130.01 real, 358 MB, 1.00 load
[runlim] sample:		3139.80 time, 3140.01 real, 358 MB, 1.00 load
[runlim] sample:		3149.80 time, 3150.01 real, 360 MB, 1.00 load
[runlim] sample:		3159.80 time, 3160.01 real, 360 MB, 1.00 load
[runlim] sample:		3169.80 time, 3170.01 real, 359 MB, 1.00 load
[runlim] sample:		3179.80 time, 3180.01 real, 359 MB, 1.72 load
[runlim] sample:		3189.80 time, 3190.01 real, 363 MB, 1.61 load
[runlim] sample:		3199.80 time, 3200.01 real, 363 MB, 1.52 load
[runlim] sample:		3209.80 time, 3210.01 real, 361 MB, 1.44 load
[runlim] sample:		3219.79 time, 3220.01 real, 361 MB, 1.37 load
[runlim] sample:		3229.79 time, 3230.01 real, 361 MB, 1.31 load
[runlim] sample:		3239.80 time, 3240.01 real, 366 MB, 1.26 load
[runlim] sample:		3249.80 time, 3250.01 real, 366 MB, 1.22 load
[runlim] sample:		3259.79 time, 3260.01 real, 365 MB, 1.19 load
[runlim] sample:		3269.79 time, 3270.01 real, 365 MB, 1.16 load
[runlim] sample:		3279.79 time, 3280.01 real, 366 MB, 1.13 load
[runlim] sample:		3289.79 time, 3290.01 real, 366 MB, 1.11 load
[runlim] sample:		3299.80 time, 3300.01 real, 364 MB, 1.10 load
[runlim] sample:		3309.79 time, 3310.01 real, 364 MB, 1.08 load
[runlim] sample:		3319.79 time, 3320.01 real, 365 MB, 1.07 load
[runlim] sample:		3329.79 time, 3330.01 real, 365 MB, 1.06 load
[runlim] sample:		3339.80 time, 3340.01 real, 364 MB, 1.05 load
[runlim] sample:		3349.79 time, 3350.01 real, 365 MB, 1.04 load
[runlim] sample:		3359.79 time, 3360.01 real, 365 MB, 1.03 load
[runlim] sample:		3369.79 time, 3370.01 real, 362 MB, 1.03 load
[runlim] sample:		3379.79 time, 3380.01 real, 362 MB, 1.02 load
[runlim] sample:		3389.79 time, 3390.01 real, 362 MB, 1.02 load
[runlim] sample:		3399.79 time, 3400.01 real, 362 MB, 1.02 load
[runlim] sample:		3409.78 time, 3410.01 real, 360 MB, 1.01 load
[runlim] sample:		3419.78 time, 3420.01 real, 360 MB, 1.01 load
[runlim] sample:		3429.77 time, 3430.01 real, 360 MB, 1.09 load
[runlim] sample:		3439.77 time, 3440.01 real, 360 MB, 1.07 load
[runlim] sample:		3449.77 time, 3450.01 real, 360 MB, 1.06 load
[runlim] sample:		3459.77 time, 3460.01 real, 360 MB, 1.05 load
[runlim] sample:		3469.77 time, 3470.01 real, 360 MB, 1.04 load
[runlim] sample:		3479.77 time, 3480.01 real, 360 MB, 1.04 load
[runlim] sample:		3489.77 time, 3490.01 real, 360 MB, 1.03 load
[runlim] sample:		3499.77 time, 3500.01 real, 360 MB, 1.03 load
[runlim] sample:		3509.77 time, 3510.01 real, 361 MB, 1.02 load
[runlim] sample:		3519.77 time, 3520.01 real, 367 MB, 1.02 load
[runlim] sample:		3529.77 time, 3530.01 real, 367 MB, 1.01 load
[runlim] sample:		3539.77 time, 3540.01 real, 367 MB, 1.01 load
[runlim] sample:		3549.77 time, 3550.01 real, 368 MB, 1.01 load
[runlim] sample:		3559.76 time, 3560.01 real, 368 MB, 1.01 load
[runlim] sample:		3569.76 time, 3570.01 real, 368 MB, 1.01 load
[runlim] sample:		3579.76 time, 3580.01 real, 368 MB, 1.00 load
[runlim] sample:		3589.76 time, 3590.01 real, 368 MB, 1.00 load
[runlim] sample:		3599.77 time, 3600.01 real, 368 MB, 1.00 load
[runlim] end:			Wed Aug 26 06:12:56 2026
[runlim] status:		out of time
[runlim] result:		2
[runlim] children:		1
[runlim] processes:		2
[runlim] real:			3601.04 seconds
[runlim] time:			3599.77 seconds
[runlim] space:			449 MB
[runlim] load:			1.72 maximum
[runlim] samples:		36000
