[runlim] version:		2.0.0rc12
[runlim] host:			fjssp-instance1
[runlim] time limit:		311040000 seconds
[runlim] real time limit:	3600 seconds
[runlim] space limit:		14000 MB
[runlim] argv[0]:		python3
[runlim] argv[1]:		-u
[runlim] argv[2]:		main.py
[runlim] argv[3]:		--input
[runlim] argv[4]:		datasets/fmj/mfjs08
[runlim] argv[5]:		--factories
[runlim] argv[6]:		2
[runlim] argv[7]:		--half_transitive
[runlim] start:			Fri Aug 14 16:08:45 2026
[runlim] child:			43635
[*] Loading data from file: datasets/fmj/mfjs08
[*] Running D-FJSSP SAT Solver with 2 factories, Symmetry Breaking = OFF, Transitive E* = HALF
===========================================================================
 D-FJSSP SAT SOLVER - PARALLEL FACTORIES SCHEDULING
===========================================================================
  -> Operations: 36 | Jobs: 9 | Machines: 8 | Factories: 2

[*] Running Greedy Heuristic...
  -> Greedy Solution: Makespan = 814 (0.0001s)

[*] Initializing and solving the SAT model...
------------------------------------------------------------------
[*] Trying with Upper Bound = 814...
  SAT ! Makespan = 814
  Schedule is valid with Makespan = 814
  Total time: 0.2279 seconds
------------------------------------------------------------------
[*] Trying with Upper Bound = 813...
  SAT ! Makespan = 813
  Schedule is valid with Makespan = 813
  Total time: 0.2304 seconds
------------------------------------------------------------------
[*] Trying with Upper Bound = 812...
  SAT ! Makespan = 812
  Schedule is valid with Makespan = 812
  Total time: 0.2321 seconds
------------------------------------------------------------------
[*] Trying with Upper Bound = 811...
  SAT ! Makespan = 811
  Schedule is valid with Makespan = 811
  Total time: 0.2337 seconds
------------------------------------------------------------------
[*] Trying with Upper Bound = 810...
  SAT ! Makespan = 810
  Schedule is valid with Makespan = 810
  Total time: 0.2351 seconds
------------------------------------------------------------------
[*] Trying with Upper Bound = 809...
  SAT ! Makespan = 809
  Schedule is valid with Makespan = 809
  Total time: 0.2367 seconds
------------------------------------------------------------------
[*] Trying with Upper Bound = 808...
  SAT ! Makespan = 808
  Schedule is valid with Makespan = 808
  Total time: 0.2381 seconds
------------------------------------------------------------------
[*] Trying with Upper Bound = 807...
  SAT ! Makespan = 807
  Schedule is valid with Makespan = 807
  Total time: 0.2396 seconds
------------------------------------------------------------------
[*] Trying with Upper Bound = 806...
  SAT ! Makespan = 806
  Schedule is valid with Makespan = 806
  Total time: 0.2411 seconds
------------------------------------------------------------------
[*] Trying with Upper Bound = 805...
  SAT ! Makespan = 805
  Schedule is valid with Makespan = 805
  Total time: 0.2425 seconds
------------------------------------------------------------------
[*] Trying with Upper Bound = 804...
  SAT ! Makespan = 804
  Schedule is valid with Makespan = 804
  Total time: 0.2442 seconds
------------------------------------------------------------------
[*] Trying with Upper Bound = 803...
  SAT ! Makespan = 803
  Schedule is valid with Makespan = 803
  Total time: 0.2459 seconds
------------------------------------------------------------------
[*] Trying with Upper Bound = 802...
  SAT ! Makespan = 802
  Schedule is valid with Makespan = 802
  Total time: 0.2476 seconds
------------------------------------------------------------------
[*] Trying with Upper Bound = 801...
  SAT ! Makespan = 801
  Schedule is valid with Makespan = 801
  Total time: 0.2493 seconds
------------------------------------------------------------------
[*] Trying with Upper Bound = 800...
  SAT ! Makespan = 800
  Schedule is valid with Makespan = 800
  Total time: 0.2509 seconds
------------------------------------------------------------------
[*] Trying with Upper Bound = 799...
  SAT ! Makespan = 799
  Schedule is valid with Makespan = 799
  Total time: 0.2526 seconds
------------------------------------------------------------------
[*] Trying with Upper Bound = 798...
  SAT ! Makespan = 798
  Schedule is valid with Makespan = 798
  Total time: 0.2562 seconds
------------------------------------------------------------------
[*] Trying with Upper Bound = 797...
  SAT ! Makespan = 797
  Schedule is valid with Makespan = 797
  Total time: 0.2585 seconds
------------------------------------------------------------------
[*] Trying with Upper Bound = 796...
  SAT ! Makespan = 796
  Schedule is valid with Makespan = 796
  Total time: 0.2605 seconds
------------------------------------------------------------------
[*] Trying with Upper Bound = 795...
  SAT ! Makespan = 795
  Schedule is valid with Makespan = 795
  Total time: 0.2623 seconds
------------------------------------------------------------------
[*] Trying with Upper Bound = 794...
  SAT ! Makespan = 794
  Schedule is valid with Makespan = 794
  Total time: 0.2639 seconds
------------------------------------------------------------------
[*] Trying with Upper Bound = 793...
  SAT ! Makespan = 793
  Schedule is valid with Makespan = 793
  Total time: 0.2657 seconds
------------------------------------------------------------------
[*] Trying with Upper Bound = 792...
  SAT ! Makespan = 792
  Schedule is valid with Makespan = 792
  Total time: 0.2673 seconds
------------------------------------------------------------------
[*] Trying with Upper Bound = 791...
  SAT ! Makespan = 791
  Schedule is valid with Makespan = 791
  Total time: 0.2690 seconds
------------------------------------------------------------------
[*] Trying with Upper Bound = 790...
  SAT ! Makespan = 790
  Schedule is valid with Makespan = 790
  Total time: 0.2709 seconds
------------------------------------------------------------------
[*] Trying with Upper Bound = 789...
  SAT ! Makespan = 789
  Schedule is valid with Makespan = 789
  Total time: 0.2725 seconds
------------------------------------------------------------------
[*] Trying with Upper Bound = 788...
  SAT ! Makespan = 788
  Schedule is valid with Makespan = 788
  Total time: 0.2766 seconds
------------------------------------------------------------------
[*] Trying with Upper Bound = 787...
  SAT ! Makespan = 787
  Schedule is valid with Makespan = 787
  Total time: 0.2787 seconds
------------------------------------------------------------------
[*] Trying with Upper Bound = 786...
  SAT ! Makespan = 786
  Schedule is valid with Makespan = 786
  Total time: 0.2807 seconds
------------------------------------------------------------------
[*] Trying with Upper Bound = 785...
  SAT ! Makespan = 785
  Schedule is valid with Makespan = 785
  Total time: 0.2826 seconds
------------------------------------------------------------------
[*] Trying with Upper Bound = 784...
  SAT ! Makespan = 784
  Schedule is valid with Makespan = 784
  Total time: 0.2844 seconds
------------------------------------------------------------------
[*] Trying with Upper Bound = 783...
  SAT ! Makespan = 783
  Schedule is valid with Makespan = 783
  Total time: 0.2863 seconds
------------------------------------------------------------------
[*] Trying with Upper Bound = 782...
  SAT ! Makespan = 782
  Schedule is valid with Makespan = 782
  Total time: 0.2883 seconds
------------------------------------------------------------------
[*] Trying with Upper Bound = 781...
  SAT ! Makespan = 781
  Schedule is valid with Makespan = 781
  Total time: 0.2902 seconds
------------------------------------------------------------------
[*] Trying with Upper Bound = 780...
  SAT ! Makespan = 780
  Schedule is valid with Makespan = 780
  Total time: 0.2920 seconds
------------------------------------------------------------------
[*] Trying with Upper Bound = 779...
  SAT ! Makespan = 779
  Schedule is valid with Makespan = 779
  Total time: 0.2940 seconds
------------------------------------------------------------------
[*] Trying with Upper Bound = 778...
  SAT ! Makespan = 778
  Schedule is valid with Makespan = 778
  Total time: 0.2959 seconds
------------------------------------------------------------------
[*] Trying with Upper Bound = 777...
  SAT ! Makespan = 777
  Schedule is valid with Makespan = 777
  Total time: 0.2977 seconds
------------------------------------------------------------------
[*] Trying with Upper Bound = 776...
  SAT ! Makespan = 776
  Schedule is valid with Makespan = 776
  Total time: 0.2996 seconds
------------------------------------------------------------------
[*] Trying with Upper Bound = 775...
  SAT ! Makespan = 775
  Schedule is valid with Makespan = 775
  Total time: 0.3017 seconds
------------------------------------------------------------------
[*] Trying with Upper Bound = 774...
  SAT ! Makespan = 774
  Schedule is valid with Makespan = 774
  Total time: 0.3036 seconds
------------------------------------------------------------------
[*] Trying with Upper Bound = 773...
  SAT ! Makespan = 773
  Schedule is valid with Makespan = 773
  Total time: 0.3054 seconds
------------------------------------------------------------------
[*] Trying with Upper Bound = 772...
  SAT ! Makespan = 772
  Schedule is valid with Makespan = 772
  Total time: 0.3073 seconds
------------------------------------------------------------------
[*] Trying with Upper Bound = 771...
  SAT ! Makespan = 771
  Schedule is valid with Makespan = 771
  Total time: 0.3091 seconds
------------------------------------------------------------------
[*] Trying with Upper Bound = 770...
  SAT ! Makespan = 770
  Schedule is valid with Makespan = 770
  Total time: 0.3110 seconds
------------------------------------------------------------------
[*] Trying with Upper Bound = 769...
  SAT ! Makespan = 769
  Schedule is valid with Makespan = 769
  Total time: 0.3129 seconds
------------------------------------------------------------------
[*] Trying with Upper Bound = 768...
  SAT ! Makespan = 768
  Schedule is valid with Makespan = 768
  Total time: 0.3147 seconds
------------------------------------------------------------------
[*] Trying with Upper Bound = 767...
  SAT ! Makespan = 767
  Schedule is valid with Makespan = 767
  Total time: 0.3164 seconds
------------------------------------------------------------------
[*] Trying with Upper Bound = 766...
  SAT ! Makespan = 766
  Schedule is valid with Makespan = 766
  Total time: 0.3184 seconds
------------------------------------------------------------------
[*] Trying with Upper Bound = 765...
  SAT ! Makespan = 765
  Schedule is valid with Makespan = 765
  Total time: 0.3201 seconds
------------------------------------------------------------------
[*] Trying with Upper Bound = 764...
  SAT ! Makespan = 764
  Schedule is valid with Makespan = 764
  Total time: 0.3222 seconds
------------------------------------------------------------------
[*] Trying with Upper Bound = 763...
   UNSAT

 Optimal Makespan = 764

 Summary:
  - Optimal Makespan   : 764
  - Greedy Time        : 0.0001s
  - SAT Time           : 0.3283s
  - Total Time         : 0.3287s
  - Schedule Status    : VALID
===========================================================================
[runlim] end:			Fri Aug 14 16:08:46 2026
[runlim] status:		ok
[runlim] result:		0
[runlim] children:		1
[runlim] processes:		2
[runlim] real:			0.37 seconds
[runlim] time:			0.30 seconds
[runlim] space:			79 MB
[runlim] load:			0.12 maximum
[runlim] samples:		4
