[runlim] version:		2.0.0rc12
[runlim] host:			fjssp-instance
[runlim] time limit:		311040000 seconds
[runlim] real time limit:	3600 seconds
[runlim] space limit:		14000 MB
[runlim] argv[0]:		python3
[runlim] argv[1]:		-u
[runlim] argv[2]:		main.py
[runlim] argv[3]:		--input
[runlim] argv[4]:		datasets/fmj/mfjs10
[runlim] argv[5]:		--factories
[runlim] argv[6]:		2
[runlim] argv[7]:		--half_transitive
[runlim] start:			Fri Aug 14 05:29:57 2026
[runlim] child:			243394
[*] Loading data from file: datasets/fmj/mfjs10
[*] Running D-FJSSP SAT Solver with 2 factories, Symmetry Breaking = OFF, Transitive E* = HALF
===========================================================================
 D-FJSSP SAT SOLVER - PARALLEL FACTORIES SCHEDULING
===========================================================================
  -> Operations: 48 | Jobs: 12 | Machines: 8 | Factories: 2

[*] Running Greedy Heuristic...
  -> Greedy Solution: Makespan = 1093 (0.0002s)

[*] Initializing and solving the SAT model...
------------------------------------------------------------------
[*] Trying with Upper Bound = 1093...
  SAT ! Makespan = 1093
  Schedule is valid with Makespan = 1093
  Total time: 0.6923 seconds
------------------------------------------------------------------
[*] Trying with Upper Bound = 1092...
  SAT ! Makespan = 1092
  Schedule is valid with Makespan = 1092
  Total time: 0.6970 seconds
------------------------------------------------------------------
[*] Trying with Upper Bound = 1091...
  SAT ! Makespan = 1091
  Schedule is valid with Makespan = 1091
  Total time: 0.7001 seconds
------------------------------------------------------------------
[*] Trying with Upper Bound = 1090...
  SAT ! Makespan = 1090
  Schedule is valid with Makespan = 1090
  Total time: 0.7027 seconds
------------------------------------------------------------------
[*] Trying with Upper Bound = 1089...
  SAT ! Makespan = 1089
  Schedule is valid with Makespan = 1089
  Total time: 0.7054 seconds
------------------------------------------------------------------
[*] Trying with Upper Bound = 1088...
  SAT ! Makespan = 1088
  Schedule is valid with Makespan = 1088
  Total time: 0.7080 seconds
------------------------------------------------------------------
[*] Trying with Upper Bound = 1087...
  SAT ! Makespan = 1087
  Schedule is valid with Makespan = 1087
  Total time: 0.7105 seconds
------------------------------------------------------------------
[*] Trying with Upper Bound = 1086...
  SAT ! Makespan = 1086
  Schedule is valid with Makespan = 1086
  Total time: 0.7131 seconds
------------------------------------------------------------------
[*] Trying with Upper Bound = 1085...
  SAT ! Makespan = 1085
  Schedule is valid with Makespan = 1085
  Total time: 0.7177 seconds
------------------------------------------------------------------
[*] Trying with Upper Bound = 1084...
  SAT ! Makespan = 1084
  Schedule is valid with Makespan = 1084
  Total time: 0.7221 seconds
------------------------------------------------------------------
[*] Trying with Upper Bound = 1083...
  SAT ! Makespan = 1083
  Schedule is valid with Makespan = 1083
  Total time: 0.7263 seconds
------------------------------------------------------------------
[*] Trying with Upper Bound = 1082...
  SAT ! Makespan = 1082
  Schedule is valid with Makespan = 1082
  Total time: 0.7303 seconds
------------------------------------------------------------------
[*] Trying with Upper Bound = 1081...
  SAT ! Makespan = 1081
  Schedule is valid with Makespan = 1081
  Total time: 0.7338 seconds
------------------------------------------------------------------
[*] Trying with Upper Bound = 1080...
  SAT ! Makespan = 1080
  Schedule is valid with Makespan = 1080
  Total time: 0.7377 seconds
------------------------------------------------------------------
[*] Trying with Upper Bound = 1079...
  SAT ! Makespan = 1079
  Schedule is valid with Makespan = 1079
  Total time: 0.7414 seconds
------------------------------------------------------------------
[*] Trying with Upper Bound = 1078...
  SAT ! Makespan = 1078
  Schedule is valid with Makespan = 1078
  Total time: 0.7525 seconds
------------------------------------------------------------------
[*] Trying with Upper Bound = 1077...
  SAT ! Makespan = 1077
  Schedule is valid with Makespan = 1077
  Total time: 0.7567 seconds
------------------------------------------------------------------
[*] Trying with Upper Bound = 1076...
  SAT ! Makespan = 1076
  Schedule is valid with Makespan = 1076
  Total time: 0.7616 seconds
------------------------------------------------------------------
[*] Trying with Upper Bound = 1075...
  SAT ! Makespan = 1075
  Schedule is valid with Makespan = 1075
  Total time: 0.7660 seconds
------------------------------------------------------------------
[*] Trying with Upper Bound = 1074...
  SAT ! Makespan = 1074
  Schedule is valid with Makespan = 1074
  Total time: 0.7700 seconds
------------------------------------------------------------------
[*] Trying with Upper Bound = 1073...
  SAT ! Makespan = 1073
  Schedule is valid with Makespan = 1073
  Total time: 0.7794 seconds
------------------------------------------------------------------
[*] Trying with Upper Bound = 1072...
  SAT ! Makespan = 1072
  Schedule is valid with Makespan = 1072
  Total time: 0.7831 seconds
------------------------------------------------------------------
[*] Trying with Upper Bound = 1071...
  SAT ! Makespan = 1071
  Schedule is valid with Makespan = 1071
  Total time: 0.7864 seconds
------------------------------------------------------------------
[*] Trying with Upper Bound = 1070...
  SAT ! Makespan = 1070
  Schedule is valid with Makespan = 1070
  Total time: 0.7896 seconds
------------------------------------------------------------------
[*] Trying with Upper Bound = 1069...
  SAT ! Makespan = 1069
  Schedule is valid with Makespan = 1069
  Total time: 0.7930 seconds
------------------------------------------------------------------
[*] Trying with Upper Bound = 1068...
  SAT ! Makespan = 1068
  Schedule is valid with Makespan = 1068
  Total time: 0.7962 seconds
------------------------------------------------------------------
[*] Trying with Upper Bound = 1067...
  SAT ! Makespan = 1067
  Schedule is valid with Makespan = 1067
  Total time: 0.7995 seconds
------------------------------------------------------------------
[*] Trying with Upper Bound = 1066...
  SAT ! Makespan = 1066
  Schedule is valid with Makespan = 1066
  Total time: 0.8029 seconds
------------------------------------------------------------------
[*] Trying with Upper Bound = 1065...
  SAT ! Makespan = 1065
  Schedule is valid with Makespan = 1065
  Total time: 0.8062 seconds
------------------------------------------------------------------
[*] Trying with Upper Bound = 1064...
  SAT ! Makespan = 1064
  Schedule is valid with Makespan = 1064
  Total time: 0.8095 seconds
------------------------------------------------------------------
[*] Trying with Upper Bound = 1063...
  SAT ! Makespan = 1063
  Schedule is valid with Makespan = 1063
  Total time: 0.8129 seconds
------------------------------------------------------------------
[*] Trying with Upper Bound = 1062...
  SAT ! Makespan = 1062
  Schedule is valid with Makespan = 1062
  Total time: 0.8162 seconds
------------------------------------------------------------------
[*] Trying with Upper Bound = 1061...
  SAT ! Makespan = 1061
  Schedule is valid with Makespan = 1061
  Total time: 0.8193 seconds
------------------------------------------------------------------
[*] Trying with Upper Bound = 1060...
  SAT ! Makespan = 1060
  Schedule is valid with Makespan = 1060
  Total time: 0.8225 seconds
------------------------------------------------------------------
[*] Trying with Upper Bound = 1059...
  SAT ! Makespan = 1059
  Schedule is valid with Makespan = 1059
  Total time: 0.8259 seconds
------------------------------------------------------------------
[*] Trying with Upper Bound = 1058...
  SAT ! Makespan = 1058
  Schedule is valid with Makespan = 1058
  Total time: 0.8293 seconds
------------------------------------------------------------------
[*] Trying with Upper Bound = 1057...
  SAT ! Makespan = 1057
  Schedule is valid with Makespan = 1057
  Total time: 0.8327 seconds
------------------------------------------------------------------
[*] Trying with Upper Bound = 1056...
  SAT ! Makespan = 1056
  Schedule is valid with Makespan = 1056
  Total time: 0.8359 seconds
------------------------------------------------------------------
[*] Trying with Upper Bound = 1055...
  SAT ! Makespan = 1055
  Schedule is valid with Makespan = 1055
  Total time: 0.8392 seconds
------------------------------------------------------------------
[*] Trying with Upper Bound = 1054...
  SAT ! Makespan = 1054
  Schedule is valid with Makespan = 1054
  Total time: 0.8425 seconds
------------------------------------------------------------------
[*] Trying with Upper Bound = 1053...
  SAT ! Makespan = 1053
  Schedule is valid with Makespan = 1053
  Total time: 0.8487 seconds
------------------------------------------------------------------
[*] Trying with Upper Bound = 1052...
  SAT ! Makespan = 1052
  Schedule is valid with Makespan = 1052
  Total time: 0.8544 seconds
------------------------------------------------------------------
[*] Trying with Upper Bound = 1051...
  SAT ! Makespan = 1051
  Schedule is valid with Makespan = 1051
  Total time: 0.8599 seconds
------------------------------------------------------------------
[*] Trying with Upper Bound = 1050...
  SAT ! Makespan = 1050
  Schedule is valid with Makespan = 1050
  Total time: 0.8653 seconds
------------------------------------------------------------------
[*] Trying with Upper Bound = 1049...
  SAT ! Makespan = 1049
  Schedule is valid with Makespan = 1049
  Total time: 0.8704 seconds
------------------------------------------------------------------
[*] Trying with Upper Bound = 1048...
  SAT ! Makespan = 1048
  Schedule is valid with Makespan = 1048
  Total time: 0.8754 seconds
------------------------------------------------------------------
[*] Trying with Upper Bound = 1047...
  SAT ! Makespan = 1047
  Schedule is valid with Makespan = 1047
  Total time: 0.8807 seconds
------------------------------------------------------------------
[*] Trying with Upper Bound = 1046...
  SAT ! Makespan = 1046
  Schedule is valid with Makespan = 1046
  Total time: 0.8859 seconds
------------------------------------------------------------------
[*] Trying with Upper Bound = 1045...
  SAT ! Makespan = 1045
  Schedule is valid with Makespan = 1045
  Total time: 0.8910 seconds
------------------------------------------------------------------
[*] Trying with Upper Bound = 1044...
  SAT ! Makespan = 1044
  Schedule is valid with Makespan = 1044
  Total time: 0.8959 seconds
------------------------------------------------------------------
[*] Trying with Upper Bound = 1043...
  SAT ! Makespan = 1043
  Schedule is valid with Makespan = 1043
  Total time: 0.9012 seconds
------------------------------------------------------------------
[*] Trying with Upper Bound = 1042...
  SAT ! Makespan = 1042
  Schedule is valid with Makespan = 1042
  Total time: 0.9062 seconds
------------------------------------------------------------------
[*] Trying with Upper Bound = 1041...
  SAT ! Makespan = 1041
  Schedule is valid with Makespan = 1041
  Total time: 0.9113 seconds
------------------------------------------------------------------
[*] Trying with Upper Bound = 1040...
  SAT ! Makespan = 1040
  Schedule is valid with Makespan = 1040
  Total time: 0.9165 seconds
------------------------------------------------------------------
[*] Trying with Upper Bound = 1039...
  SAT ! Makespan = 1039
  Schedule is valid with Makespan = 1039
  Total time: 0.9219 seconds
------------------------------------------------------------------
[*] Trying with Upper Bound = 1038...
  SAT ! Makespan = 1038
  Schedule is valid with Makespan = 1038
  Total time: 0.9272 seconds
------------------------------------------------------------------
[*] Trying with Upper Bound = 1037...
  SAT ! Makespan = 1037
  Schedule is valid with Makespan = 1037
  Total time: 0.9324 seconds
------------------------------------------------------------------
[*] Trying with Upper Bound = 1036...
  SAT ! Makespan = 1036
  Schedule is valid with Makespan = 1036
  Total time: 0.9374 seconds
------------------------------------------------------------------
[*] Trying with Upper Bound = 1035...
  SAT ! Makespan = 1035
  Schedule is valid with Makespan = 1035
  Total time: 0.9426 seconds
------------------------------------------------------------------
[*] Trying with Upper Bound = 1034...
  SAT ! Makespan = 1034
  Schedule is valid with Makespan = 1034
  Total time: 0.9478 seconds
------------------------------------------------------------------
[*] Trying with Upper Bound = 1033...
  SAT ! Makespan = 1033
  Schedule is valid with Makespan = 1033
  Total time: 0.9531 seconds
------------------------------------------------------------------
[*] Trying with Upper Bound = 1032...
  SAT ! Makespan = 1032
  Schedule is valid with Makespan = 1032
  Total time: 0.9582 seconds
------------------------------------------------------------------
[*] Trying with Upper Bound = 1031...
  SAT ! Makespan = 1031
  Schedule is valid with Makespan = 1031
  Total time: 0.9633 seconds
------------------------------------------------------------------
[*] Trying with Upper Bound = 1030...
  SAT ! Makespan = 1030
  Schedule is valid with Makespan = 1030
  Total time: 0.9685 seconds
------------------------------------------------------------------
[*] Trying with Upper Bound = 1029...
  SAT ! Makespan = 1029
  Schedule is valid with Makespan = 1029
  Total time: 0.9736 seconds
------------------------------------------------------------------
[*] Trying with Upper Bound = 1028...
  SAT ! Makespan = 1028
  Schedule is valid with Makespan = 1028
  Total time: 0.9787 seconds
------------------------------------------------------------------
[*] Trying with Upper Bound = 1027...
  SAT ! Makespan = 1027
  Schedule is valid with Makespan = 1027
  Total time: 0.9840 seconds
------------------------------------------------------------------
[*] Trying with Upper Bound = 1026...
  SAT ! Makespan = 1026
  Schedule is valid with Makespan = 1026
  Total time: 0.9892 seconds
------------------------------------------------------------------
[*] Trying with Upper Bound = 1025...
  SAT ! Makespan = 1025
  Schedule is valid with Makespan = 1025
  Total time: 0.9944 seconds
------------------------------------------------------------------
[*] Trying with Upper Bound = 1024...
  SAT ! Makespan = 1024
  Schedule is valid with Makespan = 1024
  Total time: 0.9997 seconds
------------------------------------------------------------------
[*] Trying with Upper Bound = 1023...
  SAT ! Makespan = 1023
  Schedule is valid with Makespan = 1023
  Total time: 1.0047 seconds
------------------------------------------------------------------
[*] Trying with Upper Bound = 1022...
  SAT ! Makespan = 1022
  Schedule is valid with Makespan = 1022
  Total time: 1.0096 seconds
------------------------------------------------------------------
[*] Trying with Upper Bound = 1021...
  SAT ! Makespan = 1021
  Schedule is valid with Makespan = 1021
  Total time: 1.0149 seconds
------------------------------------------------------------------
[*] Trying with Upper Bound = 1020...
  SAT ! Makespan = 1020
  Schedule is valid with Makespan = 1020
  Total time: 1.0203 seconds
------------------------------------------------------------------
[*] Trying with Upper Bound = 1019...
  SAT ! Makespan = 1019
  Schedule is valid with Makespan = 1019
  Total time: 1.0256 seconds
------------------------------------------------------------------
[*] Trying with Upper Bound = 1018...
  SAT ! Makespan = 1018
  Schedule is valid with Makespan = 1018
  Total time: 1.0307 seconds
------------------------------------------------------------------
[*] Trying with Upper Bound = 1017...
  SAT ! Makespan = 1017
  Schedule is valid with Makespan = 1017
  Total time: 1.0360 seconds
------------------------------------------------------------------
[*] Trying with Upper Bound = 1016...
  SAT ! Makespan = 1016
  Schedule is valid with Makespan = 1016
  Total time: 1.0413 seconds
------------------------------------------------------------------
[*] Trying with Upper Bound = 1015...
  SAT ! Makespan = 1015
  Schedule is valid with Makespan = 1015
  Total time: 1.0465 seconds
------------------------------------------------------------------
[*] Trying with Upper Bound = 1014...
  SAT ! Makespan = 1014
  Schedule is valid with Makespan = 1014
  Total time: 1.0518 seconds
------------------------------------------------------------------
[*] Trying with Upper Bound = 1013...
  SAT ! Makespan = 1013
  Schedule is valid with Makespan = 1013
  Total time: 1.0570 seconds
------------------------------------------------------------------
[*] Trying with Upper Bound = 1012...
  SAT ! Makespan = 1012
  Schedule is valid with Makespan = 1012
  Total time: 1.0621 seconds
------------------------------------------------------------------
[*] Trying with Upper Bound = 1011...
  SAT ! Makespan = 1011
  Schedule is valid with Makespan = 1011
  Total time: 1.0675 seconds
------------------------------------------------------------------
[*] Trying with Upper Bound = 1010...
  SAT ! Makespan = 1010
  Schedule is valid with Makespan = 1010
  Total time: 1.0730 seconds
------------------------------------------------------------------
[*] Trying with Upper Bound = 1009...
  SAT ! Makespan = 1009
  Schedule is valid with Makespan = 1009
  Total time: 1.0785 seconds
------------------------------------------------------------------
[*] Trying with Upper Bound = 1008...
  SAT ! Makespan = 1008
  Schedule is valid with Makespan = 1008
  Total time: 1.0840 seconds
------------------------------------------------------------------
[*] Trying with Upper Bound = 1007...
  SAT ! Makespan = 1007
  Schedule is valid with Makespan = 1007
  Total time: 1.0892 seconds
------------------------------------------------------------------
[*] Trying with Upper Bound = 1006...
  SAT ! Makespan = 1006
  Schedule is valid with Makespan = 1006
  Total time: 1.0943 seconds
------------------------------------------------------------------
[*] Trying with Upper Bound = 1005...
  SAT ! Makespan = 1005
  Schedule is valid with Makespan = 1005
  Total time: 1.0995 seconds
------------------------------------------------------------------
[*] Trying with Upper Bound = 1004...
  SAT ! Makespan = 1004
  Schedule is valid with Makespan = 1004
  Total time: 1.1046 seconds
------------------------------------------------------------------
[*] Trying with Upper Bound = 1003...
  SAT ! Makespan = 1003
  Schedule is valid with Makespan = 1003
  Total time: 1.1096 seconds
------------------------------------------------------------------
[*] Trying with Upper Bound = 1002...
  SAT ! Makespan = 1002
  Schedule is valid with Makespan = 1002
  Total time: 1.1148 seconds
------------------------------------------------------------------
[*] Trying with Upper Bound = 1001...
  SAT ! Makespan = 1001
  Schedule is valid with Makespan = 1001
  Total time: 1.1201 seconds
------------------------------------------------------------------
[*] Trying with Upper Bound = 1000...
  SAT ! Makespan = 1000
  Schedule is valid with Makespan = 1000
  Total time: 1.1253 seconds
------------------------------------------------------------------
[*] Trying with Upper Bound = 999...
  SAT ! Makespan = 999
  Schedule is valid with Makespan = 999
  Total time: 1.1304 seconds
------------------------------------------------------------------
[*] Trying with Upper Bound = 998...
  SAT ! Makespan = 998
  Schedule is valid with Makespan = 998
  Total time: 1.1357 seconds
------------------------------------------------------------------
[*] Trying with Upper Bound = 997...
  SAT ! Makespan = 997
  Schedule is valid with Makespan = 997
  Total time: 1.2547 seconds
------------------------------------------------------------------
[*] Trying with Upper Bound = 996...
  SAT ! Makespan = 996
  Schedule is valid with Makespan = 996
  Total time: 1.4639 seconds
------------------------------------------------------------------
[*] Trying with Upper Bound = 995...
  SAT ! Makespan = 995
  Schedule is valid with Makespan = 995
  Total time: 1.4752 seconds
------------------------------------------------------------------
[*] Trying with Upper Bound = 994...
  SAT ! Makespan = 994
  Schedule is valid with Makespan = 994
  Total time: 1.4822 seconds
------------------------------------------------------------------
[*] Trying with Upper Bound = 993...
  SAT ! Makespan = 993
  Schedule is valid with Makespan = 993
  Total time: 1.4878 seconds
------------------------------------------------------------------
[*] Trying with Upper Bound = 992...
  SAT ! Makespan = 992
  Schedule is valid with Makespan = 992
  Total time: 1.4932 seconds
------------------------------------------------------------------
[*] Trying with Upper Bound = 991...
  SAT ! Makespan = 991
  Schedule is valid with Makespan = 991
  Total time: 1.4987 seconds
------------------------------------------------------------------
[*] Trying with Upper Bound = 990...
  SAT ! Makespan = 990
  Schedule is valid with Makespan = 990
  Total time: 1.5042 seconds
------------------------------------------------------------------
[*] Trying with Upper Bound = 989...
  SAT ! Makespan = 989
  Schedule is valid with Makespan = 989
  Total time: 1.5097 seconds
------------------------------------------------------------------
[*] Trying with Upper Bound = 988...
  SAT ! Makespan = 988
  Schedule is valid with Makespan = 988
  Total time: 1.5152 seconds
------------------------------------------------------------------
[*] Trying with Upper Bound = 987...
  SAT ! Makespan = 987
  Schedule is valid with Makespan = 987
  Total time: 1.5205 seconds
------------------------------------------------------------------
[*] Trying with Upper Bound = 986...
  SAT ! Makespan = 986
  Schedule is valid with Makespan = 986
  Total time: 1.5259 seconds
------------------------------------------------------------------
[*] Trying with Upper Bound = 985...
  SAT ! Makespan = 985
  Schedule is valid with Makespan = 985
  Total time: 1.5312 seconds
------------------------------------------------------------------
[*] Trying with Upper Bound = 984...
  SAT ! Makespan = 984
  Schedule is valid with Makespan = 984
  Total time: 1.5364 seconds
------------------------------------------------------------------
[*] Trying with Upper Bound = 983...
  SAT ! Makespan = 983
  Schedule is valid with Makespan = 983
  Total time: 1.5417 seconds
------------------------------------------------------------------
[*] Trying with Upper Bound = 982...
  SAT ! Makespan = 982
  Schedule is valid with Makespan = 982
  Total time: 1.5467 seconds
------------------------------------------------------------------
[*] Trying with Upper Bound = 981...
  SAT ! Makespan = 981
  Schedule is valid with Makespan = 981
  Total time: 1.5517 seconds
------------------------------------------------------------------
[*] Trying with Upper Bound = 980...
  SAT ! Makespan = 980
  Schedule is valid with Makespan = 980
  Total time: 1.5569 seconds
------------------------------------------------------------------
[*] Trying with Upper Bound = 979...
  SAT ! Makespan = 979
  Schedule is valid with Makespan = 979
  Total time: 1.5621 seconds
------------------------------------------------------------------
[*] Trying with Upper Bound = 978...
  SAT ! Makespan = 978
  Schedule is valid with Makespan = 978
  Total time: 1.5673 seconds
------------------------------------------------------------------
[*] Trying with Upper Bound = 977...
  SAT ! Makespan = 977
  Schedule is valid with Makespan = 977
  Total time: 1.5879 seconds
------------------------------------------------------------------
[*] Trying with Upper Bound = 976...
  SAT ! Makespan = 976
  Schedule is valid with Makespan = 976
  Total time: 1.6179 seconds
------------------------------------------------------------------
[*] Trying with Upper Bound = 975...
  SAT ! Makespan = 975
  Schedule is valid with Makespan = 975
  Total time: 1.6615 seconds
------------------------------------------------------------------
[*] Trying with Upper Bound = 974...
  SAT ! Makespan = 974
  Schedule is valid with Makespan = 974
  Total time: 1.6675 seconds
------------------------------------------------------------------
[*] Trying with Upper Bound = 973...
  SAT ! Makespan = 973
  Schedule is valid with Makespan = 973
  Total time: 1.6729 seconds
------------------------------------------------------------------
[*] Trying with Upper Bound = 972...
  SAT ! Makespan = 972
  Schedule is valid with Makespan = 972
  Total time: 1.6781 seconds
------------------------------------------------------------------
[*] Trying with Upper Bound = 971...
  SAT ! Makespan = 971
  Schedule is valid with Makespan = 971
  Total time: 1.6832 seconds
------------------------------------------------------------------
[*] Trying with Upper Bound = 970...
  SAT ! Makespan = 970
  Schedule is valid with Makespan = 970
  Total time: 1.6883 seconds
------------------------------------------------------------------
[*] Trying with Upper Bound = 969...
  SAT ! Makespan = 969
  Schedule is valid with Makespan = 969
  Total time: 1.6934 seconds
------------------------------------------------------------------
[*] Trying with Upper Bound = 968...
  SAT ! Makespan = 968
  Schedule is valid with Makespan = 968
  Total time: 1.6986 seconds
------------------------------------------------------------------
[*] Trying with Upper Bound = 967...
  SAT ! Makespan = 967
  Schedule is valid with Makespan = 967
  Total time: 1.7037 seconds
------------------------------------------------------------------
[*] Trying with Upper Bound = 966...
  SAT ! Makespan = 966
  Schedule is valid with Makespan = 966
  Total time: 1.7087 seconds
------------------------------------------------------------------
[*] Trying with Upper Bound = 965...
  SAT ! Makespan = 965
  Schedule is valid with Makespan = 965
  Total time: 1.7151 seconds
------------------------------------------------------------------
[*] Trying with Upper Bound = 964...
  SAT ! Makespan = 964
  Schedule is valid with Makespan = 964
  Total time: 1.7204 seconds
------------------------------------------------------------------
[*] Trying with Upper Bound = 963...
  SAT ! Makespan = 963
  Schedule is valid with Makespan = 963
  Total time: 1.7256 seconds
------------------------------------------------------------------
[*] Trying with Upper Bound = 962...
  SAT ! Makespan = 962
  Schedule is valid with Makespan = 962
  Total time: 1.7308 seconds
------------------------------------------------------------------
[*] Trying with Upper Bound = 961...
  SAT ! Makespan = 961
  Schedule is valid with Makespan = 961
  Total time: 1.7359 seconds
------------------------------------------------------------------
[*] Trying with Upper Bound = 960...
  SAT ! Makespan = 960
  Schedule is valid with Makespan = 960
  Total time: 1.9475 seconds
------------------------------------------------------------------
[*] Trying with Upper Bound = 959...
  SAT ! Makespan = 959
  Schedule is valid with Makespan = 959
  Total time: 1.9727 seconds
------------------------------------------------------------------
[*] Trying with Upper Bound = 958...
  SAT ! Makespan = 958
  Schedule is valid with Makespan = 958
  Total time: 1.9810 seconds
------------------------------------------------------------------
[*] Trying with Upper Bound = 957...
  SAT ! Makespan = 957
  Schedule is valid with Makespan = 957
  Total time: 1.9867 seconds
------------------------------------------------------------------
[*] Trying with Upper Bound = 956...
  SAT ! Makespan = 956
  Schedule is valid with Makespan = 956
  Total time: 1.9921 seconds
------------------------------------------------------------------
[*] Trying with Upper Bound = 955...
  SAT ! Makespan = 955
  Schedule is valid with Makespan = 955
  Total time: 2.0738 seconds
------------------------------------------------------------------
[*] Trying with Upper Bound = 954...
  SAT ! Makespan = 954
  Schedule is valid with Makespan = 954
  Total time: 2.0981 seconds
------------------------------------------------------------------
[*] Trying with Upper Bound = 953...
  SAT ! Makespan = 953
  Schedule is valid with Makespan = 953
  Total time: 2.1039 seconds
------------------------------------------------------------------
[*] Trying with Upper Bound = 952...
  SAT ! Makespan = 952
  Schedule is valid with Makespan = 952
  Total time: 2.1091 seconds
------------------------------------------------------------------
[*] Trying with Upper Bound = 951...
  SAT ! Makespan = 951
  Schedule is valid with Makespan = 951
  Total time: 2.1142 seconds
------------------------------------------------------------------
[*] Trying with Upper Bound = 950...
  SAT ! Makespan = 950
  Schedule is valid with Makespan = 950
  Total time: 2.1191 seconds
------------------------------------------------------------------
[*] Trying with Upper Bound = 949...
  SAT ! Makespan = 949
  Schedule is valid with Makespan = 949
  Total time: 2.1239 seconds
------------------------------------------------------------------
[*] Trying with Upper Bound = 948...
  SAT ! Makespan = 948
  Schedule is valid with Makespan = 948
  Total time: 2.1287 seconds
------------------------------------------------------------------
[*] Trying with Upper Bound = 947...
  SAT ! Makespan = 947
  Schedule is valid with Makespan = 947
  Total time: 2.1334 seconds
------------------------------------------------------------------
[*] Trying with Upper Bound = 946...
  SAT ! Makespan = 946
  Schedule is valid with Makespan = 946
  Total time: 2.1380 seconds
------------------------------------------------------------------
[*] Trying with Upper Bound = 945...
  SAT ! Makespan = 945
  Schedule is valid with Makespan = 945
  Total time: 2.1427 seconds
------------------------------------------------------------------
[*] Trying with Upper Bound = 944...
  SAT ! Makespan = 944
  Schedule is valid with Makespan = 944
  Total time: 2.1639 seconds
------------------------------------------------------------------
[*] Trying with Upper Bound = 943...
   UNSAT

 Optimal Makespan = 944

 Summary:
  - Optimal Makespan   : 944
  - Greedy Time        : 0.0002s
  - SAT Time           : 2.1704s
  - Total Time         : 2.1709s
  - Schedule Status    : VALID
===========================================================================
[runlim] end:			Fri Aug 14 05:30:00 2026
[runlim] status:		ok
[runlim] result:		0
[runlim] children:		1
[runlim] processes:		2
[runlim] real:			2.21 seconds
[runlim] time:			2.19 seconds
[runlim] space:			184 MB
[runlim] load:			0.57 maximum
[runlim] samples:		23
