[runlim] version:		2.0.0rc12
[runlim] host:			fjssp-instance1
[runlim] time limit:		311040000 seconds
[runlim] real time limit:	3600 seconds
[runlim] space limit:		14000 MB
[runlim] argv[0]:		python3
[runlim] argv[1]:		-u
[runlim] argv[2]:		main.py
[runlim] argv[3]:		--input
[runlim] argv[4]:		datasets/fmj/mfjs05
[runlim] argv[5]:		--factories
[runlim] argv[6]:		2
[runlim] argv[7]:		--half_transitive
[runlim] start:			Fri Aug 14 16:08:44 2026
[runlim] child:			43607
[*] Loading data from file: datasets/fmj/mfjs05
[*] Running D-FJSSP SAT Solver with 2 factories, Symmetry Breaking = OFF, Transitive E* = HALF
===========================================================================
 D-FJSSP SAT SOLVER - PARALLEL FACTORIES SCHEDULING
===========================================================================
  -> Operations: 21 | Jobs: 7 | Machines: 7 | Factories: 2

[*] Running Greedy Heuristic...
  -> Greedy Solution: Makespan = 517 (0.0001s)

[*] Initializing and solving the SAT model...
------------------------------------------------------------------
[*] Trying with Upper Bound = 517...
  SAT ! Makespan = 517
  Schedule is valid with Makespan = 517
  Total time: 0.0560 seconds
------------------------------------------------------------------
[*] Trying with Upper Bound = 516...
  SAT ! Makespan = 516
  Schedule is valid with Makespan = 516
  Total time: 0.0571 seconds
------------------------------------------------------------------
[*] Trying with Upper Bound = 515...
  SAT ! Makespan = 515
  Schedule is valid with Makespan = 515
  Total time: 0.0577 seconds
------------------------------------------------------------------
[*] Trying with Upper Bound = 514...
  SAT ! Makespan = 514
  Schedule is valid with Makespan = 514
  Total time: 0.0583 seconds
------------------------------------------------------------------
[*] Trying with Upper Bound = 513...
  SAT ! Makespan = 513
  Schedule is valid with Makespan = 513
  Total time: 0.0587 seconds
------------------------------------------------------------------
[*] Trying with Upper Bound = 512...
  SAT ! Makespan = 512
  Schedule is valid with Makespan = 512
  Total time: 0.0592 seconds
------------------------------------------------------------------
[*] Trying with Upper Bound = 511...
  SAT ! Makespan = 511
  Schedule is valid with Makespan = 511
  Total time: 0.0596 seconds
------------------------------------------------------------------
[*] Trying with Upper Bound = 510...
  SAT ! Makespan = 510
  Schedule is valid with Makespan = 510
  Total time: 0.0601 seconds
------------------------------------------------------------------
[*] Trying with Upper Bound = 509...
  SAT ! Makespan = 509
  Schedule is valid with Makespan = 509
  Total time: 0.0605 seconds
------------------------------------------------------------------
[*] Trying with Upper Bound = 508...
  SAT ! Makespan = 508
  Schedule is valid with Makespan = 508
  Total time: 0.0610 seconds
------------------------------------------------------------------
[*] Trying with Upper Bound = 507...
  SAT ! Makespan = 507
  Schedule is valid with Makespan = 507
  Total time: 0.0618 seconds
------------------------------------------------------------------
[*] Trying with Upper Bound = 506...
  SAT ! Makespan = 506
  Schedule is valid with Makespan = 506
  Total time: 0.0623 seconds
------------------------------------------------------------------
[*] Trying with Upper Bound = 505...
  SAT ! Makespan = 505
  Schedule is valid with Makespan = 505
  Total time: 0.0627 seconds
------------------------------------------------------------------
[*] Trying with Upper Bound = 504...
  SAT ! Makespan = 504
  Schedule is valid with Makespan = 504
  Total time: 0.0631 seconds
------------------------------------------------------------------
[*] Trying with Upper Bound = 503...
  SAT ! Makespan = 503
  Schedule is valid with Makespan = 503
  Total time: 0.0636 seconds
------------------------------------------------------------------
[*] Trying with Upper Bound = 502...
  SAT ! Makespan = 502
  Schedule is valid with Makespan = 502
  Total time: 0.0642 seconds
------------------------------------------------------------------
[*] Trying with Upper Bound = 501...
  SAT ! Makespan = 501
  Schedule is valid with Makespan = 501
  Total time: 0.0647 seconds
------------------------------------------------------------------
[*] Trying with Upper Bound = 500...
  SAT ! Makespan = 500
  Schedule is valid with Makespan = 500
  Total time: 0.0652 seconds
------------------------------------------------------------------
[*] Trying with Upper Bound = 499...
  SAT ! Makespan = 499
  Schedule is valid with Makespan = 499
  Total time: 0.0656 seconds
------------------------------------------------------------------
[*] Trying with Upper Bound = 498...
  SAT ! Makespan = 498
  Schedule is valid with Makespan = 498
  Total time: 0.0661 seconds
------------------------------------------------------------------
[*] Trying with Upper Bound = 497...
  SAT ! Makespan = 497
  Schedule is valid with Makespan = 497
  Total time: 0.0665 seconds
------------------------------------------------------------------
[*] Trying with Upper Bound = 496...
  SAT ! Makespan = 496
  Schedule is valid with Makespan = 496
  Total time: 0.0669 seconds
------------------------------------------------------------------
[*] Trying with Upper Bound = 495...
  SAT ! Makespan = 495
  Schedule is valid with Makespan = 495
  Total time: 0.0674 seconds
------------------------------------------------------------------
[*] Trying with Upper Bound = 494...
  SAT ! Makespan = 494
  Schedule is valid with Makespan = 494
  Total time: 0.0678 seconds
------------------------------------------------------------------
[*] Trying with Upper Bound = 493...
  SAT ! Makespan = 493
  Schedule is valid with Makespan = 493
  Total time: 0.0682 seconds
------------------------------------------------------------------
[*] Trying with Upper Bound = 492...
  SAT ! Makespan = 492
  Schedule is valid with Makespan = 492
  Total time: 0.0687 seconds
------------------------------------------------------------------
[*] Trying with Upper Bound = 491...
  SAT ! Makespan = 491
  Schedule is valid with Makespan = 491
  Total time: 0.0691 seconds
------------------------------------------------------------------
[*] Trying with Upper Bound = 490...
  SAT ! Makespan = 490
  Schedule is valid with Makespan = 490
  Total time: 0.0696 seconds
------------------------------------------------------------------
[*] Trying with Upper Bound = 489...
  SAT ! Makespan = 489
  Schedule is valid with Makespan = 489
  Total time: 0.0702 seconds
------------------------------------------------------------------
[*] Trying with Upper Bound = 488...
  SAT ! Makespan = 488
  Schedule is valid with Makespan = 488
  Total time: 0.0707 seconds
------------------------------------------------------------------
[*] Trying with Upper Bound = 487...
  SAT ! Makespan = 487
  Schedule is valid with Makespan = 487
  Total time: 0.0712 seconds
------------------------------------------------------------------
[*] Trying with Upper Bound = 486...
  SAT ! Makespan = 486
  Schedule is valid with Makespan = 486
  Total time: 0.0716 seconds
------------------------------------------------------------------
[*] Trying with Upper Bound = 485...
  SAT ! Makespan = 485
  Schedule is valid with Makespan = 485
  Total time: 0.0720 seconds
------------------------------------------------------------------
[*] Trying with Upper Bound = 484...
  SAT ! Makespan = 484
  Schedule is valid with Makespan = 484
  Total time: 0.0725 seconds
------------------------------------------------------------------
[*] Trying with Upper Bound = 483...
  SAT ! Makespan = 483
  Schedule is valid with Makespan = 483
  Total time: 0.0729 seconds
------------------------------------------------------------------
[*] Trying with Upper Bound = 482...
  SAT ! Makespan = 482
  Schedule is valid with Makespan = 482
  Total time: 0.0734 seconds
------------------------------------------------------------------
[*] Trying with Upper Bound = 481...
  SAT ! Makespan = 481
  Schedule is valid with Makespan = 481
  Total time: 0.0739 seconds
------------------------------------------------------------------
[*] Trying with Upper Bound = 480...
  SAT ! Makespan = 480
  Schedule is valid with Makespan = 480
  Total time: 0.0745 seconds
------------------------------------------------------------------
[*] Trying with Upper Bound = 479...
  SAT ! Makespan = 479
  Schedule is valid with Makespan = 479
  Total time: 0.0750 seconds
------------------------------------------------------------------
[*] Trying with Upper Bound = 478...
  SAT ! Makespan = 478
  Schedule is valid with Makespan = 478
  Total time: 0.0755 seconds
------------------------------------------------------------------
[*] Trying with Upper Bound = 477...
  SAT ! Makespan = 477
  Schedule is valid with Makespan = 477
  Total time: 0.0760 seconds
------------------------------------------------------------------
[*] Trying with Upper Bound = 476...
  SAT ! Makespan = 476
  Schedule is valid with Makespan = 476
  Total time: 0.0766 seconds
------------------------------------------------------------------
[*] Trying with Upper Bound = 475...
  SAT ! Makespan = 475
  Schedule is valid with Makespan = 475
  Total time: 0.0771 seconds
------------------------------------------------------------------
[*] Trying with Upper Bound = 474...
  SAT ! Makespan = 474
  Schedule is valid with Makespan = 474
  Total time: 0.0776 seconds
------------------------------------------------------------------
[*] Trying with Upper Bound = 473...
  SAT ! Makespan = 473
  Schedule is valid with Makespan = 473
  Total time: 0.0781 seconds
------------------------------------------------------------------
[*] Trying with Upper Bound = 472...
  SAT ! Makespan = 472
  Schedule is valid with Makespan = 472
  Total time: 0.0786 seconds
------------------------------------------------------------------
[*] Trying with Upper Bound = 471...
  SAT ! Makespan = 471
  Schedule is valid with Makespan = 471
  Total time: 0.0791 seconds
------------------------------------------------------------------
[*] Trying with Upper Bound = 470...
  SAT ! Makespan = 470
  Schedule is valid with Makespan = 470
  Total time: 0.0796 seconds
------------------------------------------------------------------
[*] Trying with Upper Bound = 469...
  SAT ! Makespan = 469
  Schedule is valid with Makespan = 469
  Total time: 0.0801 seconds
------------------------------------------------------------------
[*] Trying with Upper Bound = 468...
  SAT ! Makespan = 468
  Schedule is valid with Makespan = 468
  Total time: 0.0807 seconds
------------------------------------------------------------------
[*] Trying with Upper Bound = 467...
  SAT ! Makespan = 467
  Schedule is valid with Makespan = 467
  Total time: 0.0813 seconds
------------------------------------------------------------------
[*] Trying with Upper Bound = 466...
  SAT ! Makespan = 466
  Schedule is valid with Makespan = 466
  Total time: 0.0819 seconds
------------------------------------------------------------------
[*] Trying with Upper Bound = 465...
  SAT ! Makespan = 465
  Schedule is valid with Makespan = 465
  Total time: 0.0824 seconds
------------------------------------------------------------------
[*] Trying with Upper Bound = 464...
  SAT ! Makespan = 464
  Schedule is valid with Makespan = 464
  Total time: 0.0830 seconds
------------------------------------------------------------------
[*] Trying with Upper Bound = 463...
  SAT ! Makespan = 463
  Schedule is valid with Makespan = 463
  Total time: 0.0835 seconds
------------------------------------------------------------------
[*] Trying with Upper Bound = 462...
  SAT ! Makespan = 462
  Schedule is valid with Makespan = 462
  Total time: 0.0840 seconds
------------------------------------------------------------------
[*] Trying with Upper Bound = 461...
  SAT ! Makespan = 461
  Schedule is valid with Makespan = 461
  Total time: 0.0846 seconds
------------------------------------------------------------------
[*] Trying with Upper Bound = 460...
  SAT ! Makespan = 460
  Schedule is valid with Makespan = 460
  Total time: 0.0852 seconds
------------------------------------------------------------------
[*] Trying with Upper Bound = 459...
  SAT ! Makespan = 459
  Schedule is valid with Makespan = 459
  Total time: 0.0857 seconds
------------------------------------------------------------------
[*] Trying with Upper Bound = 458...
  SAT ! Makespan = 458
  Schedule is valid with Makespan = 458
  Total time: 0.0863 seconds
------------------------------------------------------------------
[*] Trying with Upper Bound = 457...
  SAT ! Makespan = 457
  Schedule is valid with Makespan = 457
  Total time: 0.0868 seconds
------------------------------------------------------------------
[*] Trying with Upper Bound = 456...
  SAT ! Makespan = 456
  Schedule is valid with Makespan = 456
  Total time: 0.0874 seconds
------------------------------------------------------------------
[*] Trying with Upper Bound = 455...
  SAT ! Makespan = 455
  Schedule is valid with Makespan = 455
  Total time: 0.0879 seconds
------------------------------------------------------------------
[*] Trying with Upper Bound = 454...
  SAT ! Makespan = 454
  Schedule is valid with Makespan = 454
  Total time: 0.0885 seconds
------------------------------------------------------------------
[*] Trying with Upper Bound = 453...
  SAT ! Makespan = 453
  Schedule is valid with Makespan = 453
  Total time: 0.0896 seconds
------------------------------------------------------------------
[*] Trying with Upper Bound = 452...
  SAT ! Makespan = 452
  Schedule is valid with Makespan = 452
  Total time: 0.0902 seconds
------------------------------------------------------------------
[*] Trying with Upper Bound = 451...
  SAT ! Makespan = 451
  Schedule is valid with Makespan = 451
  Total time: 0.0907 seconds
------------------------------------------------------------------
[*] Trying with Upper Bound = 450...
  SAT ! Makespan = 450
  Schedule is valid with Makespan = 450
  Total time: 0.0912 seconds
------------------------------------------------------------------
[*] Trying with Upper Bound = 449...
  SAT ! Makespan = 449
  Schedule is valid with Makespan = 449
  Total time: 0.0917 seconds
------------------------------------------------------------------
[*] Trying with Upper Bound = 448...
  SAT ! Makespan = 448
  Schedule is valid with Makespan = 448
  Total time: 0.0922 seconds
------------------------------------------------------------------
[*] Trying with Upper Bound = 447...
  SAT ! Makespan = 447
  Schedule is valid with Makespan = 447
  Total time: 0.0931 seconds
------------------------------------------------------------------
[*] Trying with Upper Bound = 446...
  SAT ! Makespan = 446
  Schedule is valid with Makespan = 446
  Total time: 0.0939 seconds
------------------------------------------------------------------
[*] Trying with Upper Bound = 445...
  SAT ! Makespan = 445
  Schedule is valid with Makespan = 445
  Total time: 0.0951 seconds
------------------------------------------------------------------
[*] Trying with Upper Bound = 444...
  SAT ! Makespan = 444
  Schedule is valid with Makespan = 444
  Total time: 0.0960 seconds
------------------------------------------------------------------
[*] Trying with Upper Bound = 443...
  SAT ! Makespan = 443
  Schedule is valid with Makespan = 443
  Total time: 0.0968 seconds
------------------------------------------------------------------
[*] Trying with Upper Bound = 442...
  SAT ! Makespan = 442
  Schedule is valid with Makespan = 442
  Total time: 0.0977 seconds
------------------------------------------------------------------
[*] Trying with Upper Bound = 441...
  SAT ! Makespan = 441
  Schedule is valid with Makespan = 441
  Total time: 0.0985 seconds
------------------------------------------------------------------
[*] Trying with Upper Bound = 440...
  SAT ! Makespan = 440
  Schedule is valid with Makespan = 440
  Total time: 0.0993 seconds
------------------------------------------------------------------
[*] Trying with Upper Bound = 439...
  SAT ! Makespan = 439
  Schedule is valid with Makespan = 439
  Total time: 0.1001 seconds
------------------------------------------------------------------
[*] Trying with Upper Bound = 438...
  SAT ! Makespan = 438
  Schedule is valid with Makespan = 438
  Total time: 0.1010 seconds
------------------------------------------------------------------
[*] Trying with Upper Bound = 437...
  SAT ! Makespan = 437
  Schedule is valid with Makespan = 437
  Total time: 0.1018 seconds
------------------------------------------------------------------
[*] Trying with Upper Bound = 436...
  SAT ! Makespan = 436
  Schedule is valid with Makespan = 436
  Total time: 0.1027 seconds
------------------------------------------------------------------
[*] Trying with Upper Bound = 435...
  SAT ! Makespan = 435
  Schedule is valid with Makespan = 435
  Total time: 0.1035 seconds
------------------------------------------------------------------
[*] Trying with Upper Bound = 434...
  SAT ! Makespan = 434
  Schedule is valid with Makespan = 434
  Total time: 0.1043 seconds
------------------------------------------------------------------
[*] Trying with Upper Bound = 433...
  SAT ! Makespan = 433
  Schedule is valid with Makespan = 433
  Total time: 0.1051 seconds
------------------------------------------------------------------
[*] Trying with Upper Bound = 432...
  SAT ! Makespan = 432
  Schedule is valid with Makespan = 432
  Total time: 0.1059 seconds
------------------------------------------------------------------
[*] Trying with Upper Bound = 431...
  SAT ! Makespan = 431
  Schedule is valid with Makespan = 431
  Total time: 0.1066 seconds
------------------------------------------------------------------
[*] Trying with Upper Bound = 430...
  SAT ! Makespan = 430
  Schedule is valid with Makespan = 430
  Total time: 0.1074 seconds
------------------------------------------------------------------
[*] Trying with Upper Bound = 429...
  SAT ! Makespan = 429
  Schedule is valid with Makespan = 429
  Total time: 0.1082 seconds
------------------------------------------------------------------
[*] Trying with Upper Bound = 428...
  SAT ! Makespan = 428
  Schedule is valid with Makespan = 428
  Total time: 0.1092 seconds
------------------------------------------------------------------
[*] Trying with Upper Bound = 427...
  SAT ! Makespan = 427
  Schedule is valid with Makespan = 427
  Total time: 0.1099 seconds
------------------------------------------------------------------
[*] Trying with Upper Bound = 426...
  SAT ! Makespan = 426
  Schedule is valid with Makespan = 426
  Total time: 0.1107 seconds
------------------------------------------------------------------
[*] Trying with Upper Bound = 425...
  SAT ! Makespan = 425
  Schedule is valid with Makespan = 425
  Total time: 0.1115 seconds
------------------------------------------------------------------
[*] Trying with Upper Bound = 424...
  SAT ! Makespan = 424
  Schedule is valid with Makespan = 424
  Total time: 0.1123 seconds
------------------------------------------------------------------
[*] Trying with Upper Bound = 423...
  SAT ! Makespan = 423
  Schedule is valid with Makespan = 423
  Total time: 0.1131 seconds
------------------------------------------------------------------
[*] Trying with Upper Bound = 422...
  SAT ! Makespan = 422
  Schedule is valid with Makespan = 422
  Total time: 0.1138 seconds
------------------------------------------------------------------
[*] Trying with Upper Bound = 421...
  SAT ! Makespan = 421
  Schedule is valid with Makespan = 421
  Total time: 0.1146 seconds
------------------------------------------------------------------
[*] Trying with Upper Bound = 420...
  SAT ! Makespan = 420
  Schedule is valid with Makespan = 420
  Total time: 0.1153 seconds
------------------------------------------------------------------
[*] Trying with Upper Bound = 419...
  SAT ! Makespan = 419
  Schedule is valid with Makespan = 419
  Total time: 0.1161 seconds
------------------------------------------------------------------
[*] Trying with Upper Bound = 418...
  SAT ! Makespan = 418
  Schedule is valid with Makespan = 418
  Total time: 0.1169 seconds
------------------------------------------------------------------
[*] Trying with Upper Bound = 417...
  SAT ! Makespan = 417
  Schedule is valid with Makespan = 417
  Total time: 0.1177 seconds
------------------------------------------------------------------
[*] Trying with Upper Bound = 416...
  SAT ! Makespan = 416
  Schedule is valid with Makespan = 416
  Total time: 0.1184 seconds
------------------------------------------------------------------
[*] Trying with Upper Bound = 415...
  SAT ! Makespan = 415
  Schedule is valid with Makespan = 415
  Total time: 0.1192 seconds
------------------------------------------------------------------
[*] Trying with Upper Bound = 414...
  SAT ! Makespan = 414
  Schedule is valid with Makespan = 414
  Total time: 0.1199 seconds
------------------------------------------------------------------
[*] Trying with Upper Bound = 413...
   UNSAT

 Optimal Makespan = 414

 Summary:
  - Optimal Makespan   : 414
  - Greedy Time        : 0.0001s
  - SAT Time           : 0.1215s
  - Total Time         : 0.1218s
  - Schedule Status    : VALID
===========================================================================
[runlim] end:			Fri Aug 14 16:08:44 2026
[runlim] status:		ok
[runlim] result:		0
[runlim] children:		1
[runlim] processes:		2
[runlim] real:			0.16 seconds
[runlim] time:			0.10 seconds
[runlim] space:			34 MB
[runlim] load:			0.12 maximum
[runlim] samples:		2
