[runlim] version:		2.0.0rc12
[runlim] host:			fjssp-instance
[runlim] time limit:		311040000 seconds
[runlim] real time limit:	3600 seconds
[runlim] space limit:		14000 MB
[runlim] argv[0]:		python3
[runlim] argv[1]:		-u
[runlim] argv[2]:		cp.py
[runlim] argv[3]:		--input
[runlim] argv[4]:		datasets/brandimarte/MK02
[runlim] argv[5]:		--factories
[runlim] argv[6]:		2
[runlim] start:			Tue Sep  1 00:38:27 2026
[runlim] child:			2931
[*] Loading: datasets/brandimarte/MK02
======================================================================
DFJSP CP MODEL - MENG ET AL. (2020)
======================================================================
Operations : 58
Jobs       : 10
Machines   : 6
Factories  : 2
Horizon    : 305

[*] Starting CP Optimizer...
 ! --------------------------------------------------- CP Optimizer 22.2.0.0 --
 ! Minimization problem - 546 variables, 214 constraints
 ! LogVerbosity         = Terse
 ! Initial process time : 0.02s (0.02s extraction + 0.00s propagation)
 !  . Log search space  : 604.0 (before), 604.0 (after)
 !  . Memory usage      : 2.6 MB (before), 2.6 MB (after)
 ! Using parallel search with 2 workers.
 ! ----------------------------------------------------------------------------
 !          Best Branches  Non-fixed    W       Branch decision
                        0        546                 -
 + New bound is 18
 *            45      120  0.04s        1      (gap is 60.00%)
 *            44      458  0.04s        1      (gap is 59.09%)
 *            43      574  0.04s        1      (gap is 58.14%)
 *            24      690  0.04s        1      (gap is 25.00%)
 *            23      944  0.04s        1      (gap is 21.74%)
 *            22     1067  0.04s        1      (gap is 18.18%)
 *            21     1587  0.04s        1      (gap is 14.29%)
 *            19     2629  0.06s        1      (gap is 5.26%)
              19     2629          5    1   F        -
 + New bound is 19 (gap is 0.00%)
 ! ----------------------------------------------------------------------------
 ! Search completed, 8 solutions found.
 ! Best objective         : 19 (optimal - effective tol. is 0)
 ! Best bound             : 19
 ! ----------------------------------------------------------------------------
 ! Number of branches     : 4468
 ! Number of fails        : 877
 ! Total memory usage     : 10.7 MB (10.5 MB CP Optimizer + 0.3 MB Concert)
 ! Time spent in solve    : 0.06s (0.04s engine + 0.02s extraction)
 ! Search speed (br. / s) : 111700.0
 ! ----------------------------------------------------------------------------

======================================================================
SOLUTION FOUND
======================================================================
Makespan : 19
Time     : 0.0664 seconds

[*] Verifying solution...
[✓] Schedule is VALID

======================================================================
FINAL RESULT
======================================================================
Makespan : 19
Status    : VALID
[runlim] end:			Tue Sep  1 00:38:27 2026
[runlim] status:		ok
[runlim] result:		0
[runlim] children:		2
[runlim] processes:		3
[runlim] real:			0.15 seconds
[runlim] time:			0.10 seconds
[runlim] space:			58 MB
[runlim] load:			0.68 maximum
[runlim] samples:		2
