[runlim] version:		2.0.0rc12
[runlim] host:			fjssp-instance1
[runlim] time limit:		311040000 seconds
[runlim] real time limit:	3600 seconds
[runlim] space limit:		14000 MB
[runlim] argv[0]:		python3
[runlim] argv[1]:		-u
[runlim] argv[2]:		mip.py
[runlim] argv[3]:		--input
[runlim] argv[4]:		datasets/rdata/la05.txt
[runlim] argv[5]:		--factories
[runlim] argv[6]:		2
[runlim] start:			Tue Sep  1 07:51:00 2026
[runlim] child:			13379
======================================================================
INSTANCE
======================================================================
File       : datasets/rdata/la05.txt
Operations : 50
Jobs       : 10
Machines   : 5
Factories  : 2
Edges      : 40

======================================================================
GREEDY HEURISTIC
======================================================================
Greedy UB   : 380
Greedy time : 0.000171 sec

======================================================================
MODEL 1 PARAMETERS
======================================================================
Greedy UB = 380
First operations = 10
Last operations  = 10

Adding greedy MIP start...

======================================================================
MODEL STATISTICS
======================================================================
Variables    : 2305
Constraints : 4236
Greedy UB   : 380

======================================================================
START CPLEX
======================================================================
Version identifier: 22.2.0.0 | 2026-05-04 | 5dff98e58
CPXPARAM_Read_DataCheck                          1
1 of 1 MIP starts provided solutions.
MIP start 'm1' defined initial solution with objective 380.0000.
Tried aggregator 2 times.
MIP Presolve eliminated 16 rows and 4 columns.
MIP Presolve modified 10801 coefficients.
Aggregator did 36 substitutions.
Reduced MIP has 4184 rows, 2265 columns, and 20968 nonzeros.
Reduced MIP has 2214 binaries, 0 generals, 0 SOSs, and 0 indicators.
Presolve time = 0.01 sec. (16.97 ticks)
Probing time = 0.04 sec. (3.58 ticks)
Tried aggregator 1 time.
Detecting symmetries...
Reduced MIP has 4184 rows, 2265 columns, and 20968 nonzeros.
Reduced MIP has 2214 binaries, 0 generals, 0 SOSs, and 0 indicators.
Presolve time = 0.01 sec. (10.40 ticks)
Probing time = 0.01 sec. (4.50 ticks)
Clique table members: 951.
MIP emphasis: balance optimality and feasibility.
MIP search method: dynamic search.
Parallel mode: deterministic, using up to 2 threads.
Root relaxation solution time = 0.00 sec. (7.44 ticks)

        Nodes                                         Cuts/
   Node  Left     Objective  IInf  Best Integer    Best Bound    ItCnt     Gap

*     0+    0                          380.0000      219.0000            42.37%
      0     0        cutoff            380.0000                     40    0.00%

Root node processing (before b&c):
  Real time             =    0.08 sec. (55.41 ticks)
Parallel b&c, 2 threads:
  Real time             =    0.00 sec. (0.00 ticks)
  Sync time (average)   =    0.00 sec.
  Wait time (average)   =    0.00 sec.
                          ------------
Total (root+branch&cut) =    0.08 sec. (55.41 ticks)

======================================================================
RESULT
======================================================================
Status     : integer optimal solution
Time       : 0.085
Makespan   : 380.000000
Best bound : 380.000000
Gap        : 0.0000%

======================================================================
FINAL SUMMARY
======================================================================
Greedy UB : 380
CPLEX     : 380.000000
Bound     : 380.000000
Time      : 0.085
[runlim] end:			Tue Sep  1 07:51:00 2026
[runlim] status:		ok
[runlim] result:		0
[runlim] children:		1
[runlim] processes:		2
[runlim] real:			0.34 seconds
[runlim] time:			0.29 seconds
[runlim] space:			53 MB
[runlim] load:			2.10 maximum
[runlim] samples:		4
