[runlim] version:		2.0.0rc12
[runlim] host:			fjssp-instance1
[runlim] time limit:		311040000 seconds
[runlim] real time limit:	3600 seconds
[runlim] space limit:		14000 MB
[runlim] argv[0]:		python3
[runlim] argv[1]:		-u
[runlim] argv[2]:		mip.py
[runlim] argv[3]:		--input
[runlim] argv[4]:		datasets/rdata/la19.txt
[runlim] argv[5]:		--factories
[runlim] argv[6]:		2
[runlim] start:			Tue Sep  1 20:26:59 2026
[runlim] child:			11292
======================================================================
INSTANCE
======================================================================
File       : datasets/rdata/la19.txt
Operations : 100
Jobs       : 10
Machines   : 10
Factories  : 2
Edges      : 90

======================================================================
GREEDY HEURISTIC
======================================================================
Greedy UB   : 672
Greedy time : 0.000279 sec

======================================================================
MODEL 1 PARAMETERS
======================================================================
Greedy UB = 672
First operations = 10
Last operations  = 10

Adding greedy MIP start...

======================================================================
MODEL STATISTICS
======================================================================
Variables    : 4189
Constraints : 7692
Greedy UB   : 672

======================================================================
START CPLEX
======================================================================
Version identifier: 22.2.0.0 | 2026-05-04 | 5dff98e58
CPXPARAM_Read_DataCheck                          1
1 of 1 MIP starts provided solutions.
MIP start 'm1' defined initial solution with objective 672.0000.
Tried aggregator 2 times.
MIP Presolve eliminated 14 rows and 2 columns.
MIP Presolve modified 58620 coefficients.
Aggregator did 78 substitutions.
Reduced MIP has 7600 rows, 4109 columns, and 37994 nonzeros.
Reduced MIP has 4008 binaries, 0 generals, 0 SOSs, and 0 indicators.
Presolve time = 0.02 sec. (35.03 ticks)
Probing time = 0.02 sec. (6.93 ticks)
Tried aggregator 1 time.
Detecting symmetries...
Reduced MIP has 7600 rows, 4109 columns, and 37994 nonzeros.
Reduced MIP has 4008 binaries, 0 generals, 0 SOSs, and 0 indicators.
Presolve time = 0.02 sec. (19.72 ticks)
Probing time = 0.01 sec. (6.02 ticks)
Clique table members: 2422.
MIP emphasis: balance optimality and feasibility.
MIP search method: dynamic search.
Parallel mode: deterministic, using up to 2 threads.
Root relaxation solution time = 0.01 sec. (33.46 ticks)

        Nodes                                         Cuts/
   Node  Left     Objective  IInf  Best Integer    Best Bound    ItCnt     Gap

*     0+    0                          672.0000      316.0000            52.98%
      0     0      617.0000   138      672.0000      617.0000      237    8.18%
*     0+    0                          662.0000      617.0000             6.80%
      0     0      617.0000    38      662.0000      Cuts: 79      331    6.80%
      0     0      617.0000    36      662.0000      Cuts: 58      398    6.80%
      0     0      617.0000    53      662.0000      Cuts: 37      438    6.80%
      0     0      617.0000    35      662.0000      Cuts: 11      456    6.80%
      0     0      617.0000    37      662.0000      Cuts: 27      491    6.80%
Detecting symmetries...
Detecting symmetries...
      0     2      617.0000    37      662.0000      617.0000      491    6.80%
Elapsed time = 0.75 sec. (1354.18 ticks, tree = 0.02 MB, solutions = 2)
    100    92      617.0000    18      662.0000      617.0000     1514    6.80%
*   157+  131                          632.0000      617.0000             2.37%
*   212   142      integral     0      617.0000      617.0000     2218    0.00%

Cover cuts applied:  4
Implied bound cuts applied:  11
Flow cuts applied:  5
Mixed integer rounding cuts applied:  15
Lift and project cuts applied:  2
Gomory fractional cuts applied:  5

Root node processing (before b&c):
  Real time             =    0.74 sec. (1351.10 ticks)
Parallel b&c, 2 threads:
  Real time             =    0.22 sec. (475.63 ticks)
  Sync time (average)   =    0.03 sec.
  Wait time (average)   =    0.00 sec.
                          ------------
Total (root+branch&cut) =    0.96 sec. (1826.73 ticks)

======================================================================
RESULT
======================================================================
Status     : integer optimal solution
Time       : 0.968
Makespan   : 617.000000
Best bound : 617.000000
Gap        : 0.0000%

======================================================================
FINAL SUMMARY
======================================================================
Greedy UB : 672
CPLEX     : 617.000000
Bound     : 617.000000
Time      : 0.968
[runlim] end:			Tue Sep  1 20:27:00 2026
[runlim] status:		ok
[runlim] result:		0
[runlim] children:		1
[runlim] processes:		2
[runlim] real:			1.36 seconds
[runlim] time:			2.14 seconds
[runlim] space:			103 MB
[runlim] load:			2.04 maximum
[runlim] samples:		14
