[runlim] version:		2.0.0rc12
[runlim] host:			fjssp-instance1
[runlim] time limit:		311040000 seconds
[runlim] real time limit:	3600 seconds
[runlim] space limit:		14000 MB
[runlim] argv[0]:		python3
[runlim] argv[1]:		-u
[runlim] argv[2]:		mip.py
[runlim] argv[3]:		--input
[runlim] argv[4]:		datasets/rdata/mt06.txt
[runlim] argv[5]:		--factories
[runlim] argv[6]:		2
[runlim] start:			Tue Sep  1 20:27:01 2026
[runlim] child:			11304
======================================================================
INSTANCE
======================================================================
File       : datasets/rdata/mt06.txt
Operations : 36
Jobs       : 6
Machines   : 6
Factories  : 2
Edges      : 30

======================================================================
GREEDY HEURISTIC
======================================================================
Greedy UB   : 57
Greedy time : 0.000129 sec

======================================================================
MODEL 1 PARAMETERS
======================================================================
Greedy UB = 57
First operations = 6
Last operations  = 6

Adding greedy MIP start...

======================================================================
MODEL STATISTICS
======================================================================
Variables    : 1085
Constraints : 1908
Greedy UB   : 57

======================================================================
START CPLEX
======================================================================
Version identifier: 22.2.0.0 | 2026-05-04 | 5dff98e58
CPXPARAM_Read_DataCheck                          1
1 of 1 MIP starts provided solutions.
MIP start 'm1' defined initial solution with objective 57.0000.
Tried aggregator 2 times.
MIP Presolve eliminated 10 rows and 2 columns.
MIP Presolve modified 6128 coefficients.
Aggregator did 28 substitutions.
Reduced MIP has 1870 rows, 1055 columns, and 9368 nonzeros.
Reduced MIP has 1018 binaries, 0 generals, 0 SOSs, and 0 indicators.
Presolve time = 0.00 sec. (7.68 ticks)
Probing time = 0.00 sec. (3.27 ticks)
Tried aggregator 1 time.
Detecting symmetries...
Reduced MIP has 1870 rows, 1055 columns, and 9368 nonzeros.
Reduced MIP has 1018 binaries, 0 generals, 0 SOSs, and 0 indicators.
Presolve time = 0.00 sec. (4.79 ticks)
Probing time = 0.00 sec. (3.27 ticks)
Clique table members: 777.
MIP emphasis: balance optimality and feasibility.
MIP search method: dynamic search.
Parallel mode: deterministic, using up to 2 threads.
Root relaxation solution time = 0.00 sec. (4.44 ticks)

        Nodes                                         Cuts/
   Node  Left     Objective  IInf  Best Integer    Best Bound    ItCnt     Gap

*     0+    0                           57.0000       27.0000            52.63%
      0     0       47.0000     8       57.0000       47.0000       65   17.54%
*     0+    0                           54.0000       47.0000            12.96%
      0     0       47.0000    14       54.0000      Cuts: 61       80   12.96%
*     0+    0                           53.0000       47.0000            11.32%
*     0+    0                           47.0000       47.0000             0.00%
      0     0        cutoff             47.0000       47.0000       85    0.00%
Elapsed time = 0.06 sec. (101.97 ticks, tree = 0.01 MB, solutions = 4)

Flow cuts applied:  1
Mixed integer rounding cuts applied:  6
Gomory fractional cuts applied:  3

Root node processing (before b&c):
  Real time             =    0.06 sec. (102.06 ticks)
Parallel b&c, 2 threads:
  Real time             =    0.00 sec. (0.00 ticks)
  Sync time (average)   =    0.00 sec.
  Wait time (average)   =    0.00 sec.
                          ------------
Total (root+branch&cut) =    0.06 sec. (102.06 ticks)

======================================================================
RESULT
======================================================================
Status     : integer optimal solution
Time       : 0.064
Makespan   : 47.000000
Best bound : 47.000000
Gap        : 0.0000%

======================================================================
FINAL SUMMARY
======================================================================
Greedy UB : 57
CPLEX     : 47.000000
Bound     : 47.000000
Time      : 0.064
[runlim] end:			Tue Sep  1 20:27:01 2026
[runlim] status:		ok
[runlim] result:		0
[runlim] children:		1
[runlim] processes:		2
[runlim] real:			0.24 seconds
[runlim] time:			0.21 seconds
[runlim] space:			56 MB
[runlim] load:			2.04 maximum
[runlim] samples:		3
