[runlim] version:		2.0.0rc12
[runlim] host:			fjssp-instance1
[runlim] time limit:		311040000 seconds
[runlim] real time limit:	3600 seconds
[runlim] space limit:		14000 MB
[runlim] argv[0]:		python3
[runlim] argv[1]:		-u
[runlim] argv[2]:		main.py
[runlim] argv[3]:		--input
[runlim] argv[4]:		datasets/rdata/la15.txt
[runlim] argv[5]:		--sb
[runlim] argv[6]:		--factories
[runlim] argv[7]:		2
[runlim] argv[8]:		--half_transitive
[runlim] start:			Wed Aug 26 11:50:56 2026
[runlim] child:			35747
[*] Loading data from file: datasets/rdata/la15.txt
[*] Running D-FJSSP SAT Solver with 2 factories, Symmetry Breaking = ON, Transitive E* = HALF
===========================================================================
 D-FJSSP SAT SOLVER - PARALLEL FACTORIES SCHEDULING
===========================================================================
  -> Operations: 100 | Jobs: 20 | Machines: 5 | Factories: 2

[*] Running Greedy Heuristic...
  -> Greedy Solution: Makespan = 674 (0.0003s)

[*] Initializing and solving the SAT model...
------------------------------------------------------------------
[*] Trying with Upper Bound = 674...
  SAT ! Makespan = 674
  Schedule is valid with Makespan = 674
  Total time: 3.2079 seconds
------------------------------------------------------------------
[*] Trying with Upper Bound = 673...
  SAT ! Makespan = 673
  Schedule is valid with Makespan = 673
  Total time: 3.3025 seconds
------------------------------------------------------------------
[*] Trying with Upper Bound = 672...
  SAT ! Makespan = 672
  Schedule is valid with Makespan = 672
  Total time: 3.3184 seconds
------------------------------------------------------------------
[*] Trying with Upper Bound = 671...
  SAT ! Makespan = 671
  Schedule is valid with Makespan = 671
  Total time: 3.3326 seconds
------------------------------------------------------------------
[*] Trying with Upper Bound = 670...
  SAT ! Makespan = 670
  Schedule is valid with Makespan = 670
  Total time: 3.3467 seconds
------------------------------------------------------------------
[*] Trying with Upper Bound = 669...
  SAT ! Makespan = 669
  Schedule is valid with Makespan = 669
  Total time: 3.3603 seconds
------------------------------------------------------------------
[*] Trying with Upper Bound = 668...
  SAT ! Makespan = 668
  Schedule is valid with Makespan = 668
  Total time: 3.3742 seconds
------------------------------------------------------------------
[*] Trying with Upper Bound = 667...
  SAT ! Makespan = 667
  Schedule is valid with Makespan = 667
  Total time: 3.3880 seconds
------------------------------------------------------------------
[*] Trying with Upper Bound = 666...
  SAT ! Makespan = 666
  Schedule is valid with Makespan = 666
  Total time: 3.4018 seconds
------------------------------------------------------------------
[*] Trying with Upper Bound = 665...
  SAT ! Makespan = 665
  Schedule is valid with Makespan = 665
  Total time: 3.4155 seconds
------------------------------------------------------------------
[*] Trying with Upper Bound = 664...
  SAT ! Makespan = 664
  Schedule is valid with Makespan = 664
  Total time: 3.4295 seconds
------------------------------------------------------------------
[*] Trying with Upper Bound = 663...
  SAT ! Makespan = 663
  Schedule is valid with Makespan = 663
  Total time: 3.4433 seconds
------------------------------------------------------------------
[*] Trying with Upper Bound = 662...
  SAT ! Makespan = 662
  Schedule is valid with Makespan = 662
  Total time: 3.4571 seconds
------------------------------------------------------------------
[*] Trying with Upper Bound = 661...
  SAT ! Makespan = 661
  Schedule is valid with Makespan = 661
  Total time: 3.4707 seconds
------------------------------------------------------------------
[*] Trying with Upper Bound = 660...
  SAT ! Makespan = 660
  Schedule is valid with Makespan = 660
  Total time: 3.4846 seconds
------------------------------------------------------------------
[*] Trying with Upper Bound = 659...
  SAT ! Makespan = 659
  Schedule is valid with Makespan = 659
  Total time: 3.4982 seconds
------------------------------------------------------------------
[*] Trying with Upper Bound = 658...
  SAT ! Makespan = 658
  Schedule is valid with Makespan = 658
  Total time: 3.5124 seconds
------------------------------------------------------------------
[*] Trying with Upper Bound = 657...
  SAT ! Makespan = 657
  Schedule is valid with Makespan = 657
  Total time: 3.5260 seconds
------------------------------------------------------------------
[*] Trying with Upper Bound = 656...
  SAT ! Makespan = 656
  Schedule is valid with Makespan = 656
  Total time: 3.5395 seconds
------------------------------------------------------------------
[*] Trying with Upper Bound = 655...
  SAT ! Makespan = 655
  Schedule is valid with Makespan = 655
  Total time: 3.5660 seconds
------------------------------------------------------------------
[*] Trying with Upper Bound = 654...
  SAT ! Makespan = 654
  Schedule is valid with Makespan = 654
  Total time: 3.5820 seconds
------------------------------------------------------------------
[*] Trying with Upper Bound = 653...
  SAT ! Makespan = 653
  Schedule is valid with Makespan = 653
  Total time: 3.5970 seconds
------------------------------------------------------------------
[*] Trying with Upper Bound = 652...
  SAT ! Makespan = 652
  Schedule is valid with Makespan = 652
  Total time: 3.6117 seconds
------------------------------------------------------------------
[*] Trying with Upper Bound = 651...
  SAT ! Makespan = 651
  Schedule is valid with Makespan = 651
  Total time: 7.8181 seconds
------------------------------------------------------------------
[*] Trying with Upper Bound = 650...
  SAT ! Makespan = 650
  Schedule is valid with Makespan = 650
  Total time: 8.0245 seconds
------------------------------------------------------------------
[*] Trying with Upper Bound = 649...
  SAT ! Makespan = 649
  Schedule is valid with Makespan = 649
  Total time: 8.0684 seconds
------------------------------------------------------------------
[*] Trying with Upper Bound = 648...
  SAT ! Makespan = 648
  Schedule is valid with Makespan = 648
  Total time: 8.1919 seconds
------------------------------------------------------------------
[*] Trying with Upper Bound = 647...
  SAT ! Makespan = 647
  Schedule is valid with Makespan = 647
  Total time: 8.8247 seconds
------------------------------------------------------------------
[*] Trying with Upper Bound = 646...
  SAT ! Makespan = 646
  Schedule is valid with Makespan = 646
  Total time: 8.8846 seconds
------------------------------------------------------------------
[*] Trying with Upper Bound = 645...
  SAT ! Makespan = 645
  Schedule is valid with Makespan = 645
  Total time: 9.5261 seconds
------------------------------------------------------------------
[*] Trying with Upper Bound = 644...
[runlim] sample:		10.00 time, 10.01 real, 326 MB, 1.04 load
  SAT ! Makespan = 644
  Schedule is valid with Makespan = 644
  Total time: 10.3134 seconds
------------------------------------------------------------------
[*] Trying with Upper Bound = 643...
  SAT ! Makespan = 643
  Schedule is valid with Makespan = 643
  Total time: 10.9942 seconds
------------------------------------------------------------------
[*] Trying with Upper Bound = 642...
  SAT ! Makespan = 642
  Schedule is valid with Makespan = 642
  Total time: 11.0474 seconds
------------------------------------------------------------------
[*] Trying with Upper Bound = 641...
  SAT ! Makespan = 641
  Schedule is valid with Makespan = 641
  Total time: 11.8167 seconds
------------------------------------------------------------------
[*] Trying with Upper Bound = 640...
  SAT ! Makespan = 640
  Schedule is valid with Makespan = 640
  Total time: 12.1259 seconds
------------------------------------------------------------------
[*] Trying with Upper Bound = 639...
  SAT ! Makespan = 639
  Schedule is valid with Makespan = 639
  Total time: 12.5866 seconds
------------------------------------------------------------------
[*] Trying with Upper Bound = 638...
  SAT ! Makespan = 638
  Schedule is valid with Makespan = 638
  Total time: 16.2988 seconds
------------------------------------------------------------------
[*] Trying with Upper Bound = 637...
  SAT ! Makespan = 637
  Schedule is valid with Makespan = 637
  Total time: 17.0677 seconds
------------------------------------------------------------------
[*] Trying with Upper Bound = 636...
  SAT ! Makespan = 636
  Schedule is valid with Makespan = 636
  Total time: 17.2616 seconds
------------------------------------------------------------------
[*] Trying with Upper Bound = 635...
  SAT ! Makespan = 635
  Schedule is valid with Makespan = 635
  Total time: 17.4363 seconds
------------------------------------------------------------------
[*] Trying with Upper Bound = 634...
  SAT ! Makespan = 634
  Schedule is valid with Makespan = 634
  Total time: 17.5669 seconds
------------------------------------------------------------------
[*] Trying with Upper Bound = 633...
  SAT ! Makespan = 633
  Schedule is valid with Makespan = 633
  Total time: 17.6832 seconds
------------------------------------------------------------------
[*] Trying with Upper Bound = 632...
  SAT ! Makespan = 632
  Schedule is valid with Makespan = 632
  Total time: 17.7927 seconds
------------------------------------------------------------------
[*] Trying with Upper Bound = 631...
  SAT ! Makespan = 631
  Schedule is valid with Makespan = 631
  Total time: 17.8975 seconds
------------------------------------------------------------------
[*] Trying with Upper Bound = 630...
  SAT ! Makespan = 630
  Schedule is valid with Makespan = 630
  Total time: 17.9238 seconds
------------------------------------------------------------------
[*] Trying with Upper Bound = 629...
  SAT ! Makespan = 629
  Schedule is valid with Makespan = 629
  Total time: 17.9501 seconds
------------------------------------------------------------------
[*] Trying with Upper Bound = 628...
  SAT ! Makespan = 628
  Schedule is valid with Makespan = 628
  Total time: 17.9754 seconds
------------------------------------------------------------------
[*] Trying with Upper Bound = 627...
  SAT ! Makespan = 627
  Schedule is valid with Makespan = 627
  Total time: 18.0022 seconds
------------------------------------------------------------------
[*] Trying with Upper Bound = 626...
  SAT ! Makespan = 626
  Schedule is valid with Makespan = 626
  Total time: 18.0300 seconds
------------------------------------------------------------------
[*] Trying with Upper Bound = 625...
  SAT ! Makespan = 625
  Schedule is valid with Makespan = 625
  Total time: 18.0566 seconds
------------------------------------------------------------------
[*] Trying with Upper Bound = 624...
  SAT ! Makespan = 624
  Schedule is valid with Makespan = 624
  Total time: 18.0834 seconds
------------------------------------------------------------------
[*] Trying with Upper Bound = 623...
  SAT ! Makespan = 623
  Schedule is valid with Makespan = 623
  Total time: 18.1097 seconds
------------------------------------------------------------------
[*] Trying with Upper Bound = 622...
  SAT ! Makespan = 622
  Schedule is valid with Makespan = 622
  Total time: 18.1375 seconds
------------------------------------------------------------------
[*] Trying with Upper Bound = 621...
  SAT ! Makespan = 621
  Schedule is valid with Makespan = 621
  Total time: 18.1662 seconds
------------------------------------------------------------------
[*] Trying with Upper Bound = 620...
  SAT ! Makespan = 620
  Schedule is valid with Makespan = 620
  Total time: 19.5686 seconds
------------------------------------------------------------------
[*] Trying with Upper Bound = 619...
[runlim] sample:		19.99 time, 20.01 real, 348 MB, 1.04 load
  SAT ! Makespan = 619
  Schedule is valid with Makespan = 619
  Total time: 21.3029 seconds
------------------------------------------------------------------
[*] Trying with Upper Bound = 618...
  SAT ! Makespan = 618
  Schedule is valid with Makespan = 618
  Total time: 21.6561 seconds
------------------------------------------------------------------
[*] Trying with Upper Bound = 617...
  SAT ! Makespan = 617
  Schedule is valid with Makespan = 617
  Total time: 22.0858 seconds
------------------------------------------------------------------
[*] Trying with Upper Bound = 616...
  SAT ! Makespan = 616
  Schedule is valid with Makespan = 616
  Total time: 22.1208 seconds
------------------------------------------------------------------
[*] Trying with Upper Bound = 615...
  SAT ! Makespan = 615
  Schedule is valid with Makespan = 615
  Total time: 22.1452 seconds
------------------------------------------------------------------
[*] Trying with Upper Bound = 614...
  SAT ! Makespan = 614
  Schedule is valid with Makespan = 614
  Total time: 22.1683 seconds
------------------------------------------------------------------
[*] Trying with Upper Bound = 613...
  SAT ! Makespan = 613
  Schedule is valid with Makespan = 613
  Total time: 24.1266 seconds
------------------------------------------------------------------
[*] Trying with Upper Bound = 612...
  SAT ! Makespan = 612
  Schedule is valid with Makespan = 612
  Total time: 24.6011 seconds
------------------------------------------------------------------
[*] Trying with Upper Bound = 611...
  SAT ! Makespan = 611
  Schedule is valid with Makespan = 611
  Total time: 24.9584 seconds
------------------------------------------------------------------
[*] Trying with Upper Bound = 610...
  SAT ! Makespan = 610
  Schedule is valid with Makespan = 610
  Total time: 26.2939 seconds
------------------------------------------------------------------
[*] Trying with Upper Bound = 609...
  SAT ! Makespan = 609
  Schedule is valid with Makespan = 609
  Total time: 27.8300 seconds
------------------------------------------------------------------
[*] Trying with Upper Bound = 608...
  SAT ! Makespan = 608
  Schedule is valid with Makespan = 608
  Total time: 28.2313 seconds
------------------------------------------------------------------
[*] Trying with Upper Bound = 607...
  SAT ! Makespan = 607
  Schedule is valid with Makespan = 607
  Total time: 28.6337 seconds
------------------------------------------------------------------
[*] Trying with Upper Bound = 606...
  SAT ! Makespan = 606
  Schedule is valid with Makespan = 606
  Total time: 29.1191 seconds
------------------------------------------------------------------
[*] Trying with Upper Bound = 605...
[runlim] sample:		29.99 time, 30.01 real, 346 MB, 1.11 load
  SAT ! Makespan = 605
  Schedule is valid with Makespan = 605
  Total time: 30.4247 seconds
------------------------------------------------------------------
[*] Trying with Upper Bound = 604...
  SAT ! Makespan = 604
  Schedule is valid with Makespan = 604
  Total time: 32.4196 seconds
------------------------------------------------------------------
[*] Trying with Upper Bound = 603...
  SAT ! Makespan = 603
  Schedule is valid with Makespan = 603
  Total time: 34.2920 seconds
------------------------------------------------------------------
[*] Trying with Upper Bound = 602...
  SAT ! Makespan = 602
  Schedule is valid with Makespan = 602
  Total time: 35.6386 seconds
------------------------------------------------------------------
[*] Trying with Upper Bound = 601...
  SAT ! Makespan = 601
  Schedule is valid with Makespan = 601
  Total time: 37.2316 seconds
------------------------------------------------------------------
[*] Trying with Upper Bound = 600...
  SAT ! Makespan = 600
  Schedule is valid with Makespan = 600
  Total time: 38.4679 seconds
------------------------------------------------------------------
[*] Trying with Upper Bound = 599...
  SAT ! Makespan = 599
  Schedule is valid with Makespan = 599
  Total time: 38.5644 seconds
------------------------------------------------------------------
[*] Trying with Upper Bound = 598...
  SAT ! Makespan = 598
  Schedule is valid with Makespan = 598
  Total time: 38.9560 seconds
------------------------------------------------------------------
[*] Trying with Upper Bound = 597...
  SAT ! Makespan = 597
  Schedule is valid with Makespan = 597
  Total time: 39.3966 seconds
------------------------------------------------------------------
[*] Trying with Upper Bound = 596...
[runlim] sample:		39.98 time, 40.01 real, 345 MB, 1.09 load
  SAT ! Makespan = 596
  Schedule is valid with Makespan = 596
  Total time: 41.2560 seconds
------------------------------------------------------------------
[*] Trying with Upper Bound = 595...
  SAT ! Makespan = 595
  Schedule is valid with Makespan = 595
  Total time: 44.9068 seconds
------------------------------------------------------------------
[*] Trying with Upper Bound = 594...
  SAT ! Makespan = 594
  Schedule is valid with Makespan = 594
  Total time: 46.6254 seconds
------------------------------------------------------------------
[*] Trying with Upper Bound = 593...
  SAT ! Makespan = 593
  Schedule is valid with Makespan = 593
  Total time: 47.1718 seconds
------------------------------------------------------------------
[*] Trying with Upper Bound = 592...
  SAT ! Makespan = 592
  Schedule is valid with Makespan = 592
  Total time: 48.8483 seconds
------------------------------------------------------------------
[*] Trying with Upper Bound = 591...
[runlim] sample:		49.99 time, 50.01 real, 345 MB, 1.08 load
  SAT ! Makespan = 591
  Schedule is valid with Makespan = 591
  Total time: 51.1325 seconds
------------------------------------------------------------------
[*] Trying with Upper Bound = 590...
  SAT ! Makespan = 590
  Schedule is valid with Makespan = 590
  Total time: 54.6207 seconds
------------------------------------------------------------------
[*] Trying with Upper Bound = 589...
  SAT ! Makespan = 589
  Schedule is valid with Makespan = 589
  Total time: 56.4574 seconds
------------------------------------------------------------------
[*] Trying with Upper Bound = 588...
  SAT ! Makespan = 588
  Schedule is valid with Makespan = 588
  Total time: 58.1446 seconds
------------------------------------------------------------------
[*] Trying with Upper Bound = 587...
  SAT ! Makespan = 587
  Schedule is valid with Makespan = 587
  Total time: 59.8254 seconds
------------------------------------------------------------------
[*] Trying with Upper Bound = 586...
[runlim] sample:		59.98 time, 60.01 real, 344 MB, 1.15 load
  SAT ! Makespan = 586
  Schedule is valid with Makespan = 586
  Total time: 61.5323 seconds
------------------------------------------------------------------
[*] Trying with Upper Bound = 585...
  SAT ! Makespan = 585
  Schedule is valid with Makespan = 585
  Total time: 63.5664 seconds
------------------------------------------------------------------
[*] Trying with Upper Bound = 584...
  SAT ! Makespan = 584
  Schedule is valid with Makespan = 584
  Total time: 65.0233 seconds
------------------------------------------------------------------
[*] Trying with Upper Bound = 583...
[runlim] sample:		69.98 time, 70.01 real, 345 MB, 1.12 load
  SAT ! Makespan = 583
  Schedule is valid with Makespan = 583
  Total time: 77.9819 seconds
------------------------------------------------------------------
[*] Trying with Upper Bound = 582...
  SAT ! Makespan = 582
  Schedule is valid with Makespan = 582
  Total time: 79.8126 seconds
------------------------------------------------------------------
[*] Trying with Upper Bound = 581...
[runlim] sample:		79.98 time, 80.01 real, 347 MB, 1.10 load
  SAT ! Makespan = 581
  Schedule is valid with Makespan = 581
  Total time: 81.9315 seconds
------------------------------------------------------------------
[*] Trying with Upper Bound = 580...
  SAT ! Makespan = 580
  Schedule is valid with Makespan = 580
  Total time: 85.4454 seconds
------------------------------------------------------------------
[*] Trying with Upper Bound = 579...
  SAT ! Makespan = 579
  Schedule is valid with Makespan = 579
  Total time: 86.8160 seconds
------------------------------------------------------------------
[*] Trying with Upper Bound = 578...
  SAT ! Makespan = 578
  Schedule is valid with Makespan = 578
  Total time: 88.3875 seconds
------------------------------------------------------------------
[*] Trying with Upper Bound = 577...
[runlim] sample:		89.98 time, 90.01 real, 345 MB, 1.09 load
  SAT ! Makespan = 577
  Schedule is valid with Makespan = 577
  Total time: 95.7423 seconds
------------------------------------------------------------------
[*] Trying with Upper Bound = 576...
[runlim] sample:		99.97 time, 100.01 real, 345 MB, 1.07 load
  SAT ! Makespan = 576
  Schedule is valid with Makespan = 576
  Total time: 103.2241 seconds
------------------------------------------------------------------
[*] Trying with Upper Bound = 575...
[runlim] sample:		109.97 time, 110.01 real, 344 MB, 1.06 load
  SAT ! Makespan = 575
  Schedule is valid with Makespan = 575
  Total time: 110.7129 seconds
------------------------------------------------------------------
[*] Trying with Upper Bound = 574...
  SAT ! Makespan = 574
  Schedule is valid with Makespan = 574
  Total time: 117.9808 seconds
------------------------------------------------------------------
[*] Trying with Upper Bound = 573...
[runlim] sample:		119.96 time, 120.01 real, 310 MB, 1.05 load
  SAT ! Makespan = 573
  Schedule is valid with Makespan = 573
  Total time: 121.2473 seconds
------------------------------------------------------------------
[*] Trying with Upper Bound = 572...
  SAT ! Makespan = 572
  Schedule is valid with Makespan = 572
  Total time: 128.0234 seconds
------------------------------------------------------------------
[*] Trying with Upper Bound = 571...
[runlim] sample:		129.96 time, 130.01 real, 310 MB, 1.04 load
[runlim] sample:		139.97 time, 140.01 real, 313 MB, 1.04 load
[runlim] sample:		149.96 time, 150.01 real, 312 MB, 1.03 load
  SAT ! Makespan = 571
  Schedule is valid with Makespan = 571
  Total time: 158.1438 seconds
------------------------------------------------------------------
[*] Trying with Upper Bound = 570...
[runlim] sample:		159.96 time, 160.01 real, 312 MB, 1.02 load
  SAT ! Makespan = 570
  Schedule is valid with Makespan = 570
  Total time: 166.4916 seconds
------------------------------------------------------------------
[*] Trying with Upper Bound = 569...
[runlim] sample:		169.96 time, 170.01 real, 312 MB, 1.02 load
[runlim] sample:		179.96 time, 180.01 real, 316 MB, 1.02 load
[runlim] sample:		189.96 time, 190.01 real, 313 MB, 1.09 load
  SAT ! Makespan = 569
  Schedule is valid with Makespan = 569
  Total time: 197.0235 seconds
------------------------------------------------------------------
[*] Trying with Upper Bound = 568...
  SAT ! Makespan = 568
  Schedule is valid with Makespan = 568
  Total time: 198.9278 seconds
------------------------------------------------------------------
[*] Trying with Upper Bound = 567...
[runlim] sample:		199.96 time, 200.01 real, 314 MB, 1.07 load
  SAT ! Makespan = 567
  Schedule is valid with Makespan = 567
  Total time: 200.9749 seconds
------------------------------------------------------------------
[*] Trying with Upper Bound = 566...
[runlim] sample:		209.96 time, 210.01 real, 315 MB, 1.06 load
[runlim] sample:		219.95 time, 220.01 real, 317 MB, 1.05 load
[runlim] sample:		229.95 time, 230.01 real, 314 MB, 1.04 load
  SAT ! Makespan = 566
  Schedule is valid with Makespan = 566
  Total time: 231.0234 seconds
------------------------------------------------------------------
[*] Trying with Upper Bound = 565...
  SAT ! Makespan = 565
  Schedule is valid with Makespan = 565
  Total time: 232.9879 seconds
------------------------------------------------------------------
[*] Trying with Upper Bound = 564...
  SAT ! Makespan = 564
  Schedule is valid with Makespan = 564
  Total time: 235.3758 seconds
------------------------------------------------------------------
[*] Trying with Upper Bound = 563...
  SAT ! Makespan = 563
  Schedule is valid with Makespan = 563
  Total time: 237.4976 seconds
------------------------------------------------------------------
[*] Trying with Upper Bound = 562...
  SAT ! Makespan = 562
  Schedule is valid with Makespan = 562
  Total time: 239.9356 seconds
------------------------------------------------------------------
[*] Trying with Upper Bound = 561...
[runlim] sample:		239.95 time, 240.01 real, 315 MB, 1.04 load
[runlim] sample:		249.95 time, 250.01 real, 316 MB, 1.03 load
[runlim] sample:		259.95 time, 260.01 real, 317 MB, 1.02 load
  SAT ! Makespan = 561
  Schedule is valid with Makespan = 561
  Total time: 268.8824 seconds
------------------------------------------------------------------
[*] Trying with Upper Bound = 560...
[runlim] sample:		269.96 time, 270.01 real, 314 MB, 1.02 load
[runlim] sample:		279.95 time, 280.01 real, 318 MB, 1.02 load
[runlim] sample:		289.95 time, 290.01 real, 318 MB, 1.01 load
  SAT ! Makespan = 560
  Schedule is valid with Makespan = 560
  Total time: 297.7975 seconds
------------------------------------------------------------------
[*] Trying with Upper Bound = 559...
[runlim] sample:		299.95 time, 300.01 real, 315 MB, 1.01 load
[runlim] sample:		309.95 time, 310.01 real, 318 MB, 1.09 load
[runlim] sample:		319.95 time, 320.01 real, 319 MB, 1.08 load
  SAT ! Makespan = 559
  Schedule is valid with Makespan = 559
  Total time: 327.4656 seconds
------------------------------------------------------------------
[*] Trying with Upper Bound = 558...
[runlim] sample:		329.95 time, 330.01 real, 315 MB, 1.06 load
[runlim] sample:		339.95 time, 340.01 real, 318 MB, 1.05 load
[runlim] sample:		349.95 time, 350.01 real, 319 MB, 1.04 load
[runlim] sample:		359.95 time, 360.01 real, 316 MB, 1.04 load
[runlim] sample:		369.95 time, 370.01 real, 320 MB, 1.03 load
  SAT ! Makespan = 558
  Schedule is valid with Makespan = 558
  Total time: 377.1689 seconds
------------------------------------------------------------------
[*] Trying with Upper Bound = 557...
[runlim] sample:		379.94 time, 380.01 real, 322 MB, 1.03 load
[runlim] sample:		389.94 time, 390.01 real, 321 MB, 1.02 load
[runlim] sample:		399.94 time, 400.01 real, 322 MB, 1.02 load
[runlim] sample:		409.94 time, 410.01 real, 317 MB, 1.01 load
[runlim] sample:		419.95 time, 420.01 real, 322 MB, 1.01 load
[runlim] sample:		429.94 time, 430.01 real, 325 MB, 1.01 load
[runlim] sample:		439.94 time, 440.01 real, 324 MB, 1.08 load
[runlim] sample:		449.94 time, 450.01 real, 318 MB, 1.07 load
[runlim] sample:		459.94 time, 460.01 real, 319 MB, 1.06 load
[runlim] sample:		469.94 time, 470.01 real, 373 MB, 1.05 load
[runlim] sample:		479.94 time, 480.01 real, 319 MB, 1.04 load
[runlim] sample:		489.93 time, 490.01 real, 320 MB, 1.03 load
[runlim] sample:		499.94 time, 500.01 real, 320 MB, 1.03 load
[runlim] sample:		509.94 time, 510.01 real, 320 MB, 1.02 load
  SAT ! Makespan = 557
  Schedule is valid with Makespan = 557
  Total time: 516.1941 seconds
------------------------------------------------------------------
[*] Trying with Upper Bound = 556...
[runlim] sample:		519.93 time, 520.01 real, 328 MB, 1.02 load
[runlim] sample:		529.92 time, 530.01 real, 326 MB, 1.02 load
[runlim] sample:		539.93 time, 540.01 real, 325 MB, 1.01 load
[runlim] sample:		549.93 time, 550.01 real, 323 MB, 1.01 load
[runlim] sample:		559.93 time, 560.01 real, 323 MB, 1.01 load
  SAT ! Makespan = 556
  Schedule is valid with Makespan = 556
  Total time: 562.0862 seconds
------------------------------------------------------------------
[*] Trying with Upper Bound = 555...
[runlim] sample:		569.92 time, 570.01 real, 330 MB, 1.01 load
[runlim] sample:		579.93 time, 580.01 real, 326 MB, 1.00 load
[runlim] sample:		589.92 time, 590.01 real, 325 MB, 1.00 load
[runlim] sample:		599.92 time, 600.01 real, 331 MB, 1.00 load
[runlim] sample:		609.92 time, 610.01 real, 331 MB, 1.00 load
[runlim] sample:		619.93 time, 620.01 real, 336 MB, 1.00 load
[runlim] sample:		629.92 time, 630.01 real, 330 MB, 1.00 load
[runlim] sample:		639.92 time, 640.01 real, 324 MB, 1.00 load
[runlim] sample:		649.92 time, 650.01 real, 324 MB, 1.00 load
[runlim] sample:		659.92 time, 660.01 real, 325 MB, 1.00 load
[runlim] sample:		669.92 time, 670.01 real, 349 MB, 1.00 load
[runlim] sample:		679.91 time, 680.01 real, 325 MB, 1.00 load
[runlim] sample:		689.91 time, 690.01 real, 326 MB, 1.00 load
[runlim] sample:		699.92 time, 700.01 real, 326 MB, 1.00 load
[runlim] sample:		709.92 time, 710.01 real, 337 MB, 1.00 load
[runlim] sample:		719.91 time, 720.01 real, 335 MB, 1.00 load
[runlim] sample:		729.92 time, 730.01 real, 335 MB, 1.00 load
[runlim] sample:		739.91 time, 740.01 real, 334 MB, 1.00 load
[runlim] sample:		749.92 time, 750.01 real, 339 MB, 1.00 load
[runlim] sample:		759.92 time, 760.01 real, 339 MB, 1.00 load
  SAT ! Makespan = 555
  Schedule is valid with Makespan = 555
  Total time: 764.6776 seconds
------------------------------------------------------------------
[*] Trying with Upper Bound = 554...
[runlim] sample:		769.91 time, 770.01 real, 334 MB, 1.00 load
[runlim] sample:		779.91 time, 780.01 real, 331 MB, 1.00 load
[runlim] sample:		789.92 time, 790.01 real, 350 MB, 1.00 load
[runlim] sample:		799.91 time, 800.01 real, 348 MB, 1.00 load
  SAT ! Makespan = 554
  Schedule is valid with Makespan = 554
  Total time: 805.7639 seconds
------------------------------------------------------------------
[*] Trying with Upper Bound = 553...
[runlim] sample:		809.91 time, 810.01 real, 307 MB, 1.00 load
[runlim] sample:		819.91 time, 820.01 real, 307 MB, 1.00 load
[runlim] sample:		829.91 time, 830.01 real, 305 MB, 1.00 load
[runlim] sample:		839.91 time, 840.01 real, 304 MB, 1.00 load
[runlim] sample:		849.91 time, 850.01 real, 341 MB, 1.00 load
[runlim] sample:		859.90 time, 860.01 real, 347 MB, 1.00 load
[runlim] sample:		869.90 time, 870.01 real, 347 MB, 1.00 load
[runlim] sample:		879.91 time, 880.01 real, 348 MB, 1.00 load
[runlim] sample:		889.91 time, 890.01 real, 340 MB, 1.00 load
[runlim] sample:		899.91 time, 900.01 real, 340 MB, 1.00 load
[runlim] sample:		909.91 time, 910.01 real, 341 MB, 1.00 load
[runlim] sample:		919.91 time, 920.01 real, 341 MB, 1.00 load
[runlim] sample:		929.91 time, 930.01 real, 320 MB, 1.00 load
[runlim] sample:		939.90 time, 940.01 real, 320 MB, 1.07 load
[runlim] sample:		949.90 time, 950.01 real, 325 MB, 1.06 load
[runlim] sample:		959.90 time, 960.01 real, 325 MB, 1.05 load
[runlim] sample:		969.90 time, 970.01 real, 332 MB, 1.04 load
[runlim] sample:		979.90 time, 980.01 real, 332 MB, 1.04 load
[runlim] sample:		989.90 time, 990.01 real, 329 MB, 1.03 load
[runlim] sample:		999.90 time, 1000.01 real, 330 MB, 1.02 load
[runlim] sample:		1009.90 time, 1010.01 real, 333 MB, 1.02 load
[runlim] sample:		1019.90 time, 1020.01 real, 333 MB, 1.02 load
  SAT ! Makespan = 553
  Schedule is valid with Makespan = 553
  Total time: 1025.8181 seconds
------------------------------------------------------------------
[*] Trying with Upper Bound = 552...
[runlim] sample:		1029.90 time, 1030.01 real, 333 MB, 1.01 load
[runlim] sample:		1039.90 time, 1040.01 real, 329 MB, 1.01 load
[runlim] sample:		1049.90 time, 1050.01 real, 329 MB, 1.01 load
[runlim] sample:		1059.89 time, 1060.01 real, 325 MB, 1.09 load
[runlim] sample:		1069.90 time, 1070.01 real, 346 MB, 1.07 load
[runlim] sample:		1079.90 time, 1080.01 real, 313 MB, 1.06 load
[runlim] sample:		1089.90 time, 1090.01 real, 313 MB, 1.05 load
[runlim] sample:		1099.89 time, 1100.01 real, 312 MB, 1.04 load
[runlim] sample:		1109.89 time, 1110.01 real, 312 MB, 1.04 load
[runlim] sample:		1119.89 time, 1120.01 real, 307 MB, 1.03 load
[runlim] sample:		1129.89 time, 1130.01 real, 307 MB, 1.02 load
[runlim] sample:		1139.89 time, 1140.01 real, 308 MB, 1.02 load
[runlim] sample:		1149.89 time, 1150.01 real, 308 MB, 1.02 load
[runlim] sample:		1159.88 time, 1160.01 real, 346 MB, 1.01 load
[runlim] sample:		1169.88 time, 1170.01 real, 308 MB, 1.01 load
[runlim] sample:		1179.88 time, 1180.01 real, 308 MB, 1.01 load
[runlim] sample:		1189.88 time, 1190.01 real, 315 MB, 1.08 load
  SAT ! Makespan = 552
  Schedule is valid with Makespan = 552
  Total time: 1199.3787 seconds
------------------------------------------------------------------
[*] Trying with Upper Bound = 551...
[runlim] sample:		1199.88 time, 1200.01 real, 315 MB, 1.07 load
[runlim] sample:		1209.88 time, 1210.01 real, 318 MB, 1.06 load
[runlim] sample:		1219.88 time, 1220.01 real, 318 MB, 1.05 load
[runlim] sample:		1229.88 time, 1230.01 real, 324 MB, 1.04 load
[runlim] sample:		1239.88 time, 1240.01 real, 352 MB, 1.03 load
[runlim] sample:		1249.88 time, 1250.01 real, 315 MB, 1.03 load
[runlim] sample:		1259.88 time, 1260.01 real, 315 MB, 1.02 load
[runlim] sample:		1269.87 time, 1270.01 real, 330 MB, 1.02 load
[runlim] sample:		1279.87 time, 1280.01 real, 330 MB, 1.02 load
[runlim] sample:		1289.88 time, 1290.01 real, 322 MB, 1.01 load
[runlim] sample:		1299.88 time, 1300.01 real, 322 MB, 1.01 load
[runlim] sample:		1309.88 time, 1310.01 real, 322 MB, 1.09 load
[runlim] sample:		1319.87 time, 1320.01 real, 320 MB, 1.07 load
[runlim] sample:		1329.87 time, 1330.01 real, 320 MB, 1.06 load
[runlim] sample:		1339.88 time, 1340.01 real, 350 MB, 1.05 load
[runlim] sample:		1349.87 time, 1350.01 real, 311 MB, 1.04 load
[runlim] sample:		1359.87 time, 1360.01 real, 311 MB, 1.04 load
[runlim] sample:		1369.87 time, 1370.01 real, 319 MB, 1.03 load
[runlim] sample:		1379.87 time, 1380.01 real, 319 MB, 1.03 load
[runlim] sample:		1389.87 time, 1390.01 real, 321 MB, 1.02 load
[runlim] sample:		1399.87 time, 1400.01 real, 321 MB, 1.02 load
[runlim] sample:		1409.87 time, 1410.01 real, 323 MB, 1.01 load
[runlim] sample:		1419.87 time, 1420.01 real, 323 MB, 1.01 load
[runlim] sample:		1429.86 time, 1430.01 real, 364 MB, 1.01 load
[runlim] sample:		1439.87 time, 1440.01 real, 325 MB, 1.08 load
[runlim] sample:		1449.86 time, 1450.01 real, 323 MB, 1.07 load
[runlim] sample:		1459.86 time, 1460.01 real, 323 MB, 1.06 load
[runlim] sample:		1469.86 time, 1470.01 real, 323 MB, 1.05 load
[runlim] sample:		1479.87 time, 1480.01 real, 329 MB, 1.04 load
[runlim] sample:		1489.87 time, 1490.01 real, 329 MB, 1.03 load
[runlim] sample:		1499.86 time, 1500.01 real, 326 MB, 1.03 load
[runlim] sample:		1509.86 time, 1510.01 real, 326 MB, 1.02 load
[runlim] sample:		1519.87 time, 1520.01 real, 312 MB, 1.02 load
[runlim] sample:		1529.86 time, 1530.01 real, 352 MB, 1.02 load
[runlim] sample:		1539.86 time, 1540.01 real, 352 MB, 1.01 load
[runlim] sample:		1549.86 time, 1550.01 real, 355 MB, 1.01 load
[runlim] sample:		1559.86 time, 1560.01 real, 355 MB, 1.09 load
[runlim] sample:		1569.86 time, 1570.01 real, 355 MB, 1.07 load
[runlim] sample:		1579.86 time, 1580.01 real, 355 MB, 1.06 load
[runlim] sample:		1589.86 time, 1590.01 real, 355 MB, 1.05 load
[runlim] sample:		1599.86 time, 1600.01 real, 355 MB, 1.04 load
[runlim] sample:		1609.86 time, 1610.01 real, 356 MB, 1.04 load
[runlim] sample:		1619.86 time, 1620.01 real, 356 MB, 1.03 load
[runlim] sample:		1629.85 time, 1630.01 real, 356 MB, 1.03 load
[runlim] sample:		1639.85 time, 1640.01 real, 357 MB, 1.02 load
[runlim] sample:		1649.85 time, 1650.01 real, 358 MB, 1.02 load
[runlim] sample:		1659.85 time, 1660.01 real, 358 MB, 1.01 load
[runlim] sample:		1669.86 time, 1670.01 real, 357 MB, 1.01 load
[runlim] sample:		1679.86 time, 1680.01 real, 357 MB, 1.01 load
[runlim] sample:		1689.86 time, 1690.01 real, 357 MB, 1.08 load
[runlim] sample:		1699.85 time, 1700.01 real, 429 MB, 1.07 load
[runlim] sample:		1709.85 time, 1710.01 real, 358 MB, 1.06 load
[runlim] sample:		1719.84 time, 1720.01 real, 358 MB, 1.05 load
[runlim] sample:		1729.84 time, 1730.01 real, 358 MB, 1.04 load
[runlim] sample:		1739.84 time, 1740.01 real, 359 MB, 1.03 load
[runlim] sample:		1749.84 time, 1750.01 real, 359 MB, 1.03 load
[runlim] sample:		1759.84 time, 1760.01 real, 359 MB, 1.02 load
[runlim] sample:		1769.84 time, 1770.01 real, 359 MB, 1.02 load
[runlim] sample:		1779.85 time, 1780.01 real, 359 MB, 1.02 load
[runlim] sample:		1789.85 time, 1790.01 real, 359 MB, 1.01 load
[runlim] sample:		1799.84 time, 1800.01 real, 359 MB, 1.01 load
[runlim] sample:		1809.84 time, 1810.01 real, 359 MB, 1.01 load
[runlim] sample:		1819.84 time, 1820.01 real, 359 MB, 1.01 load
[runlim] sample:		1829.84 time, 1830.01 real, 360 MB, 1.00 load
[runlim] sample:		1839.84 time, 1840.01 real, 360 MB, 1.00 load
[runlim] sample:		1849.84 time, 1850.01 real, 360 MB, 1.00 load
[runlim] sample:		1859.84 time, 1860.01 real, 364 MB, 1.00 load
[runlim] sample:		1869.83 time, 1870.01 real, 364 MB, 1.00 load
[runlim] sample:		1879.84 time, 1880.01 real, 372 MB, 1.00 load
[runlim] sample:		1889.83 time, 1890.01 real, 372 MB, 1.00 load
[runlim] sample:		1899.84 time, 1900.01 real, 372 MB, 1.00 load
[runlim] sample:		1909.83 time, 1910.01 real, 377 MB, 1.00 load
[runlim] sample:		1919.83 time, 1920.01 real, 377 MB, 1.00 load
[runlim] sample:		1929.83 time, 1930.01 real, 377 MB, 1.00 load
[runlim] sample:		1939.83 time, 1940.01 real, 371 MB, 1.07 load
[runlim] sample:		1949.83 time, 1950.01 real, 371 MB, 1.06 load
[runlim] sample:		1959.83 time, 1960.01 real, 371 MB, 1.05 load
[runlim] sample:		1969.83 time, 1970.01 real, 371 MB, 1.04 load
[runlim] sample:		1979.83 time, 1980.01 real, 371 MB, 1.04 load
[runlim] sample:		1989.82 time, 1990.01 real, 373 MB, 1.03 load
[runlim] sample:		1999.83 time, 2000.01 real, 373 MB, 1.02 load
[runlim] sample:		2009.83 time, 2010.01 real, 373 MB, 1.02 load
[runlim] sample:		2019.82 time, 2020.01 real, 372 MB, 1.02 load
[runlim] sample:		2029.82 time, 2030.01 real, 372 MB, 1.01 load
[runlim] sample:		2039.82 time, 2040.01 real, 372 MB, 1.01 load
[runlim] sample:		2049.82 time, 2050.01 real, 375 MB, 1.01 load
[runlim] sample:		2059.82 time, 2060.01 real, 375 MB, 1.09 load
[runlim] sample:		2069.83 time, 2070.01 real, 376 MB, 1.07 load
[runlim] sample:		2079.83 time, 2080.01 real, 376 MB, 1.06 load
[runlim] sample:		2089.83 time, 2090.01 real, 376 MB, 1.05 load
[runlim] sample:		2099.82 time, 2100.01 real, 381 MB, 1.04 load
[runlim] sample:		2109.82 time, 2110.01 real, 381 MB, 1.04 load
[runlim] sample:		2119.82 time, 2120.01 real, 381 MB, 1.03 load
[runlim] sample:		2129.82 time, 2130.01 real, 381 MB, 1.02 load
[runlim] sample:		2139.82 time, 2140.01 real, 381 MB, 1.02 load
[runlim] sample:		2149.82 time, 2150.01 real, 381 MB, 1.02 load
[runlim] sample:		2159.82 time, 2160.01 real, 378 MB, 1.01 load
[runlim] sample:		2169.82 time, 2170.01 real, 378 MB, 1.01 load
[runlim] sample:		2179.82 time, 2180.01 real, 378 MB, 1.01 load
[runlim] sample:		2189.82 time, 2190.01 real, 375 MB, 1.09 load
[runlim] sample:		2199.82 time, 2200.01 real, 375 MB, 1.07 load
[runlim] sample:		2209.82 time, 2210.01 real, 375 MB, 1.06 load
[runlim] sample:		2219.82 time, 2220.01 real, 376 MB, 1.05 load
[runlim] sample:		2229.82 time, 2230.01 real, 376 MB, 1.04 load
[runlim] sample:		2239.81 time, 2240.01 real, 376 MB, 1.04 load
[runlim] sample:		2249.82 time, 2250.01 real, 375 MB, 1.03 load
[runlim] sample:		2259.82 time, 2260.01 real, 375 MB, 1.03 load
[runlim] sample:		2269.82 time, 2270.01 real, 375 MB, 1.02 load
[runlim] sample:		2279.81 time, 2280.01 real, 377 MB, 1.02 load
[runlim] sample:		2289.81 time, 2290.01 real, 377 MB, 1.01 load
[runlim] sample:		2299.81 time, 2300.01 real, 377 MB, 1.01 load
[runlim] sample:		2309.81 time, 2310.01 real, 378 MB, 1.01 load
[runlim] sample:		2319.80 time, 2320.01 real, 378 MB, 1.01 load
[runlim] sample:		2329.80 time, 2330.01 real, 378 MB, 1.01 load
[runlim] sample:		2339.80 time, 2340.01 real, 378 MB, 1.00 load
[runlim] sample:		2349.80 time, 2350.01 real, 378 MB, 1.00 load
[runlim] sample:		2359.80 time, 2360.01 real, 379 MB, 1.00 load
[runlim] sample:		2369.80 time, 2370.01 real, 379 MB, 1.00 load
[runlim] sample:		2379.80 time, 2380.01 real, 378 MB, 1.00 load
[runlim] sample:		2389.80 time, 2390.01 real, 378 MB, 1.00 load
[runlim] sample:		2399.80 time, 2400.01 real, 378 MB, 1.00 load
[runlim] sample:		2409.80 time, 2410.01 real, 378 MB, 1.00 load
[runlim] sample:		2419.80 time, 2420.01 real, 378 MB, 1.00 load
[runlim] sample:		2429.79 time, 2430.01 real, 390 MB, 1.00 load
[runlim] sample:		2439.79 time, 2440.01 real, 390 MB, 1.00 load
[runlim] sample:		2449.79 time, 2450.01 real, 390 MB, 1.00 load
[runlim] sample:		2459.80 time, 2460.01 real, 376 MB, 1.00 load
[runlim] sample:		2469.79 time, 2470.01 real, 376 MB, 1.00 load
[runlim] sample:		2479.79 time, 2480.01 real, 376 MB, 1.00 load
[runlim] sample:		2489.80 time, 2490.01 real, 378 MB, 1.00 load
[runlim] sample:		2499.79 time, 2500.01 real, 367 MB, 1.00 load
[runlim] sample:		2509.79 time, 2510.01 real, 367 MB, 1.00 load
[runlim] sample:		2519.79 time, 2520.01 real, 367 MB, 1.00 load
[runlim] sample:		2529.79 time, 2530.01 real, 367 MB, 1.00 load
[runlim] sample:		2539.79 time, 2540.01 real, 367 MB, 1.00 load
[runlim] sample:		2549.79 time, 2550.01 real, 367 MB, 1.00 load
[runlim] sample:		2559.79 time, 2560.01 real, 367 MB, 1.00 load
[runlim] sample:		2569.79 time, 2570.01 real, 367 MB, 1.07 load
[runlim] sample:		2579.79 time, 2580.01 real, 368 MB, 1.06 load
[runlim] sample:		2589.79 time, 2590.01 real, 368 MB, 1.05 load
[runlim] sample:		2599.78 time, 2600.01 real, 368 MB, 1.04 load
[runlim] sample:		2609.78 time, 2610.01 real, 368 MB, 1.04 load
[runlim] sample:		2619.79 time, 2620.01 real, 369 MB, 1.03 load
[runlim] sample:		2629.79 time, 2630.01 real, 369 MB, 1.02 load
[runlim] sample:		2639.79 time, 2640.01 real, 369 MB, 1.02 load
[runlim] sample:		2649.79 time, 2650.01 real, 369 MB, 1.02 load
[runlim] sample:		2659.79 time, 2660.01 real, 369 MB, 1.01 load
[runlim] sample:		2669.78 time, 2670.01 real, 370 MB, 1.01 load
[runlim] sample:		2679.78 time, 2680.01 real, 370 MB, 1.01 load
[runlim] sample:		2689.78 time, 2690.01 real, 370 MB, 1.01 load
[runlim] sample:		2699.78 time, 2700.01 real, 370 MB, 1.01 load
[runlim] sample:		2709.78 time, 2710.01 real, 370 MB, 1.00 load
[runlim] sample:		2719.78 time, 2720.01 real, 370 MB, 1.00 load
[runlim] sample:		2729.78 time, 2730.01 real, 370 MB, 1.00 load
[runlim] sample:		2739.78 time, 2740.01 real, 370 MB, 1.00 load
[runlim] sample:		2749.77 time, 2750.01 real, 371 MB, 1.00 load
[runlim] sample:		2759.77 time, 2760.01 real, 371 MB, 1.00 load
[runlim] sample:		2769.78 time, 2770.01 real, 371 MB, 1.00 load
[runlim] sample:		2779.78 time, 2780.01 real, 371 MB, 1.00 load
[runlim] sample:		2789.78 time, 2790.01 real, 371 MB, 1.00 load
[runlim] sample:		2799.77 time, 2800.01 real, 371 MB, 1.00 load
[runlim] sample:		2809.77 time, 2810.01 real, 371 MB, 1.00 load
[runlim] sample:		2819.77 time, 2820.01 real, 372 MB, 1.07 load
[runlim] sample:		2829.77 time, 2830.01 real, 454 MB, 1.06 load
[runlim] sample:		2839.77 time, 2840.01 real, 373 MB, 1.05 load
[runlim] sample:		2849.77 time, 2850.01 real, 373 MB, 1.04 load
[runlim] sample:		2859.77 time, 2860.01 real, 373 MB, 1.04 load
[runlim] sample:		2869.77 time, 2870.01 real, 373 MB, 1.03 load
[runlim] sample:		2879.77 time, 2880.01 real, 373 MB, 1.02 load
[runlim] sample:		2889.77 time, 2890.01 real, 373 MB, 1.02 load
[runlim] sample:		2899.77 time, 2900.01 real, 373 MB, 1.02 load
[runlim] sample:		2909.77 time, 2910.01 real, 373 MB, 1.01 load
[runlim] sample:		2919.77 time, 2920.01 real, 374 MB, 1.01 load
[runlim] sample:		2929.77 time, 2930.01 real, 374 MB, 1.01 load
[runlim] sample:		2939.77 time, 2940.01 real, 374 MB, 1.09 load
[runlim] sample:		2949.77 time, 2950.01 real, 374 MB, 1.07 load
[runlim] sample:		2959.77 time, 2960.01 real, 374 MB, 1.06 load
[runlim] sample:		2969.76 time, 2970.01 real, 374 MB, 1.05 load
[runlim] sample:		2979.76 time, 2980.01 real, 374 MB, 1.04 load
[runlim] sample:		2989.76 time, 2990.01 real, 374 MB, 1.04 load
[runlim] sample:		2999.76 time, 3000.01 real, 374 MB, 1.03 load
[runlim] sample:		3009.76 time, 3010.01 real, 374 MB, 1.02 load
[runlim] sample:		3019.76 time, 3020.01 real, 374 MB, 1.02 load
[runlim] sample:		3029.76 time, 3030.01 real, 374 MB, 1.02 load
[runlim] sample:		3039.76 time, 3040.01 real, 374 MB, 1.01 load
[runlim] sample:		3049.76 time, 3050.01 real, 374 MB, 1.01 load
[runlim] sample:		3059.76 time, 3060.01 real, 375 MB, 1.01 load
[runlim] sample:		3069.76 time, 3070.01 real, 375 MB, 1.08 load
[runlim] sample:		3079.76 time, 3080.01 real, 375 MB, 1.07 load
[runlim] sample:		3089.76 time, 3090.01 real, 375 MB, 1.06 load
[runlim] sample:		3099.76 time, 3100.01 real, 375 MB, 1.05 load
[runlim] sample:		3109.75 time, 3110.01 real, 376 MB, 1.04 load
[runlim] sample:		3119.75 time, 3120.01 real, 376 MB, 1.03 load
[runlim] sample:		3129.75 time, 3130.01 real, 376 MB, 1.03 load
[runlim] sample:		3139.75 time, 3140.01 real, 376 MB, 1.02 load
[runlim] sample:		3149.75 time, 3150.01 real, 376 MB, 1.02 load
[runlim] sample:		3159.75 time, 3160.01 real, 376 MB, 1.02 load
[runlim] sample:		3169.75 time, 3170.01 real, 376 MB, 1.01 load
[runlim] sample:		3179.75 time, 3180.01 real, 376 MB, 1.01 load
[runlim] sample:		3189.75 time, 3190.01 real, 376 MB, 1.09 load
[runlim] sample:		3199.75 time, 3200.01 real, 376 MB, 1.07 load
[runlim] sample:		3209.75 time, 3210.01 real, 377 MB, 1.06 load
[runlim] sample:		3219.75 time, 3220.01 real, 377 MB, 1.05 load
[runlim] sample:		3229.75 time, 3230.01 real, 377 MB, 1.04 load
[runlim] sample:		3239.75 time, 3240.01 real, 377 MB, 1.04 load
[runlim] sample:		3249.75 time, 3250.01 real, 377 MB, 1.03 load
[runlim] sample:		3259.74 time, 3260.01 real, 378 MB, 1.03 load
[runlim] sample:		3269.74 time, 3270.01 real, 378 MB, 1.02 load
[runlim] sample:		3279.74 time, 3280.01 real, 378 MB, 1.02 load
[runlim] sample:		3289.74 time, 3290.01 real, 378 MB, 1.01 load
[runlim] sample:		3299.75 time, 3300.01 real, 378 MB, 1.01 load
[runlim] sample:		3309.74 time, 3310.01 real, 381 MB, 1.01 load
[runlim] sample:		3319.74 time, 3320.01 real, 381 MB, 1.01 load
[runlim] sample:		3329.74 time, 3330.01 real, 381 MB, 1.01 load
[runlim] sample:		3339.74 time, 3340.01 real, 381 MB, 1.00 load
[runlim] sample:		3349.74 time, 3350.01 real, 381 MB, 1.00 load
[runlim] sample:		3359.74 time, 3360.01 real, 380 MB, 1.00 load
[runlim] sample:		3369.74 time, 3370.01 real, 380 MB, 1.00 load
[runlim] sample:		3379.74 time, 3380.01 real, 380 MB, 1.00 load
[runlim] sample:		3389.74 time, 3390.01 real, 380 MB, 1.00 load
[runlim] sample:		3399.74 time, 3400.01 real, 380 MB, 1.00 load
[runlim] sample:		3409.74 time, 3410.01 real, 385 MB, 1.00 load
[runlim] sample:		3419.74 time, 3420.01 real, 385 MB, 1.00 load
[runlim] sample:		3429.73 time, 3430.01 real, 385 MB, 1.00 load
[runlim] sample:		3439.73 time, 3440.01 real, 385 MB, 1.08 load
[runlim] sample:		3449.73 time, 3450.01 real, 385 MB, 1.07 load
[runlim] sample:		3459.73 time, 3460.01 real, 385 MB, 1.06 load
[runlim] sample:		3469.73 time, 3470.01 real, 385 MB, 1.05 load
[runlim] sample:		3479.73 time, 3480.01 real, 385 MB, 1.04 load
[runlim] sample:		3489.73 time, 3490.01 real, 385 MB, 1.03 load
[runlim] sample:		3499.73 time, 3500.01 real, 385 MB, 1.03 load
[runlim] sample:		3509.73 time, 3510.01 real, 385 MB, 1.02 load
[runlim] sample:		3519.73 time, 3520.01 real, 384 MB, 1.10 load
[runlim] sample:		3529.72 time, 3530.01 real, 384 MB, 1.08 load
[runlim] sample:		3539.72 time, 3540.01 real, 384 MB, 1.07 load
[runlim] sample:		3549.72 time, 3550.01 real, 384 MB, 1.06 load
[runlim] sample:		3559.72 time, 3560.01 real, 384 MB, 1.13 load
[runlim] sample:		3569.72 time, 3570.01 real, 385 MB, 1.18 load
[runlim] sample:		3579.72 time, 3580.01 real, 385 MB, 1.16 load
[runlim] sample:		3589.72 time, 3590.01 real, 385 MB, 1.13 load
[runlim] sample:		3599.72 time, 3600.01 real, 385 MB, 1.11 load
[runlim] end:			Wed Aug 26 12:50:57 2026
[runlim] status:		out of time
[runlim] result:		2
[runlim] children:		1
[runlim] processes:		2
[runlim] real:			3601.04 seconds
[runlim] time:			3599.72 seconds
[runlim] space:			480 MB
[runlim] load:			1.20 maximum
[runlim] samples:		36000
