[runlim] version:		2.0.0rc12
[runlim] host:			fjssp-instance1
[runlim] time limit:		311040000 seconds
[runlim] real time limit:	3600 seconds
[runlim] space limit:		14000 MB
[runlim] argv[0]:		python3
[runlim] argv[1]:		-u
[runlim] argv[2]:		main.py
[runlim] argv[3]:		--input
[runlim] argv[4]:		datasets/rdata/la18.txt
[runlim] argv[5]:		--sb
[runlim] argv[6]:		--factories
[runlim] argv[7]:		2
[runlim] argv[8]:		--full_transitive
[runlim] start:			Wed Aug 26 06:14:03 2026
[runlim] child:			23576
[*] Loading data from file: datasets/rdata/la18.txt
[*] Running D-FJSSP SAT Solver with 2 factories, Symmetry Breaking = ON, Transitive E* = FULL
===========================================================================
 D-FJSSP SAT SOLVER - PARALLEL FACTORIES SCHEDULING
===========================================================================
  -> Operations: 100 | Jobs: 10 | Machines: 10 | Factories: 2

[*] Running Greedy Heuristic...
  -> Greedy Solution: Makespan = 663 (0.0003s)

[*] Initializing and solving the SAT model...
------------------------------------------------------------------
[*] Trying with Upper Bound = 663...
  SAT ! Makespan = 663
  Schedule is valid with Makespan = 663
  Total time: 0.2917 seconds
------------------------------------------------------------------
[*] Trying with Upper Bound = 662...
   UNSAT

 Optimal Makespan = 663

 Summary:
  - Optimal Makespan   : 663
  - Greedy Time        : 0.0003s
  - SAT Time           : 0.2984s
  - Total Time         : 0.2991s
  - Schedule Status    : VALID
===========================================================================
[runlim] end:			Wed Aug 26 06:14:04 2026
[runlim] status:		ok
[runlim] result:		0
[runlim] children:		1
[runlim] processes:		2
[runlim] real:			0.34 seconds
[runlim] time:			0.30 seconds
[runlim] space:			71 MB
[runlim] load:			1.08 maximum
[runlim] samples:		4
