[runlim] version:		2.0.0rc12
[runlim] host:			fjssp-instance1
[runlim] time limit:		311040000 seconds
[runlim] real time limit:	3600 seconds
[runlim] space limit:		14000 MB
[runlim] argv[0]:		python3
[runlim] argv[1]:		-u
[runlim] argv[2]:		main.py
[runlim] argv[3]:		--input
[runlim] argv[4]:		datasets/rdata/mt20.txt
[runlim] argv[5]:		--sb
[runlim] argv[6]:		--factories
[runlim] argv[7]:		2
[runlim] argv[8]:		--full_transitive
[runlim] start:			Wed Aug 26 06:14:07 2026
[runlim] child:			23593
[*] Loading data from file: datasets/rdata/mt20.txt
[*] Running D-FJSSP SAT Solver with 2 factories, Symmetry Breaking = ON, Transitive E* = FULL
===========================================================================
 D-FJSSP SAT SOLVER - PARALLEL FACTORIES SCHEDULING
===========================================================================
  -> Operations: 100 | Jobs: 20 | Machines: 5 | Factories: 2

[*] Running Greedy Heuristic...
  -> Greedy Solution: Makespan = 705 (0.0003s)

[*] Initializing and solving the SAT model...
------------------------------------------------------------------
[*] Trying with Upper Bound = 705...
  SAT ! Makespan = 705
  Schedule is valid with Makespan = 705
  Total time: 2.6816 seconds
------------------------------------------------------------------
[*] Trying with Upper Bound = 704...
  SAT ! Makespan = 704
  Schedule is valid with Makespan = 704
  Total time: 2.7154 seconds
------------------------------------------------------------------
[*] Trying with Upper Bound = 703...
  SAT ! Makespan = 703
  Schedule is valid with Makespan = 703
  Total time: 2.7377 seconds
------------------------------------------------------------------
[*] Trying with Upper Bound = 702...
  SAT ! Makespan = 702
  Schedule is valid with Makespan = 702
  Total time: 2.7606 seconds
------------------------------------------------------------------
[*] Trying with Upper Bound = 701...
  SAT ! Makespan = 701
  Schedule is valid with Makespan = 701
  Total time: 2.7828 seconds
------------------------------------------------------------------
[*] Trying with Upper Bound = 700...
  SAT ! Makespan = 700
  Schedule is valid with Makespan = 700
  Total time: 2.8038 seconds
------------------------------------------------------------------
[*] Trying with Upper Bound = 699...
  SAT ! Makespan = 699
  Schedule is valid with Makespan = 699
  Total time: 2.8268 seconds
------------------------------------------------------------------
[*] Trying with Upper Bound = 698...
  SAT ! Makespan = 698
  Schedule is valid with Makespan = 698
  Total time: 2.8508 seconds
------------------------------------------------------------------
[*] Trying with Upper Bound = 697...
  SAT ! Makespan = 697
  Schedule is valid with Makespan = 697
  Total time: 2.9335 seconds
------------------------------------------------------------------
[*] Trying with Upper Bound = 696...
  SAT ! Makespan = 696
  Schedule is valid with Makespan = 696
  Total time: 2.9724 seconds
------------------------------------------------------------------
[*] Trying with Upper Bound = 695...
  SAT ! Makespan = 695
  Schedule is valid with Makespan = 695
  Total time: 2.9975 seconds
------------------------------------------------------------------
[*] Trying with Upper Bound = 694...
  SAT ! Makespan = 694
  Schedule is valid with Makespan = 694
  Total time: 3.0203 seconds
------------------------------------------------------------------
[*] Trying with Upper Bound = 693...
  SAT ! Makespan = 693
  Schedule is valid with Makespan = 693
  Total time: 3.0433 seconds
------------------------------------------------------------------
[*] Trying with Upper Bound = 692...
  SAT ! Makespan = 692
  Schedule is valid with Makespan = 692
  Total time: 3.0658 seconds
------------------------------------------------------------------
[*] Trying with Upper Bound = 691...
  SAT ! Makespan = 691
  Schedule is valid with Makespan = 691
  Total time: 3.0877 seconds
------------------------------------------------------------------
[*] Trying with Upper Bound = 690...
  SAT ! Makespan = 690
  Schedule is valid with Makespan = 690
  Total time: 3.1105 seconds
------------------------------------------------------------------
[*] Trying with Upper Bound = 689...
  SAT ! Makespan = 689
  Schedule is valid with Makespan = 689
  Total time: 3.1345 seconds
------------------------------------------------------------------
[*] Trying with Upper Bound = 688...
  SAT ! Makespan = 688
  Schedule is valid with Makespan = 688
  Total time: 3.1583 seconds
------------------------------------------------------------------
[*] Trying with Upper Bound = 687...
  SAT ! Makespan = 687
  Schedule is valid with Makespan = 687
  Total time: 3.1831 seconds
------------------------------------------------------------------
[*] Trying with Upper Bound = 686...
  SAT ! Makespan = 686
  Schedule is valid with Makespan = 686
  Total time: 3.2078 seconds
------------------------------------------------------------------
[*] Trying with Upper Bound = 685...
  SAT ! Makespan = 685
  Schedule is valid with Makespan = 685
  Total time: 3.2310 seconds
------------------------------------------------------------------
[*] Trying with Upper Bound = 684...
  SAT ! Makespan = 684
  Schedule is valid with Makespan = 684
  Total time: 3.2547 seconds
------------------------------------------------------------------
[*] Trying with Upper Bound = 683...
  SAT ! Makespan = 683
  Schedule is valid with Makespan = 683
  Total time: 3.2786 seconds
------------------------------------------------------------------
[*] Trying with Upper Bound = 682...
  SAT ! Makespan = 682
  Schedule is valid with Makespan = 682
  Total time: 3.3040 seconds
------------------------------------------------------------------
[*] Trying with Upper Bound = 681...
  SAT ! Makespan = 681
  Schedule is valid with Makespan = 681
  Total time: 3.3298 seconds
------------------------------------------------------------------
[*] Trying with Upper Bound = 680...
  SAT ! Makespan = 680
  Schedule is valid with Makespan = 680
  Total time: 3.3537 seconds
------------------------------------------------------------------
[*] Trying with Upper Bound = 679...
  SAT ! Makespan = 679
  Schedule is valid with Makespan = 679
  Total time: 3.4242 seconds
------------------------------------------------------------------
[*] Trying with Upper Bound = 678...
  SAT ! Makespan = 678
  Schedule is valid with Makespan = 678
  Total time: 3.4544 seconds
------------------------------------------------------------------
[*] Trying with Upper Bound = 677...
  SAT ! Makespan = 677
  Schedule is valid with Makespan = 677
  Total time: 3.4828 seconds
------------------------------------------------------------------
[*] Trying with Upper Bound = 676...
  SAT ! Makespan = 676
  Schedule is valid with Makespan = 676
  Total time: 3.5081 seconds
------------------------------------------------------------------
[*] Trying with Upper Bound = 675...
  SAT ! Makespan = 675
  Schedule is valid with Makespan = 675
  Total time: 3.5322 seconds
------------------------------------------------------------------
[*] Trying with Upper Bound = 674...
  SAT ! Makespan = 674
  Schedule is valid with Makespan = 674
  Total time: 3.5572 seconds
------------------------------------------------------------------
[*] Trying with Upper Bound = 673...
  SAT ! Makespan = 673
  Schedule is valid with Makespan = 673
  Total time: 3.5833 seconds
------------------------------------------------------------------
[*] Trying with Upper Bound = 672...
  SAT ! Makespan = 672
  Schedule is valid with Makespan = 672
  Total time: 3.6085 seconds
------------------------------------------------------------------
[*] Trying with Upper Bound = 671...
  SAT ! Makespan = 671
  Schedule is valid with Makespan = 671
  Total time: 3.6324 seconds
------------------------------------------------------------------
[*] Trying with Upper Bound = 670...
  SAT ! Makespan = 670
  Schedule is valid with Makespan = 670
  Total time: 3.6557 seconds
------------------------------------------------------------------
[*] Trying with Upper Bound = 669...
  SAT ! Makespan = 669
  Schedule is valid with Makespan = 669
  Total time: 3.6797 seconds
------------------------------------------------------------------
[*] Trying with Upper Bound = 668...
  SAT ! Makespan = 668
  Schedule is valid with Makespan = 668
  Total time: 3.7027 seconds
------------------------------------------------------------------
[*] Trying with Upper Bound = 667...
  SAT ! Makespan = 667
  Schedule is valid with Makespan = 667
  Total time: 3.7255 seconds
------------------------------------------------------------------
[*] Trying with Upper Bound = 666...
  SAT ! Makespan = 666
  Schedule is valid with Makespan = 666
  Total time: 3.7490 seconds
------------------------------------------------------------------
[*] Trying with Upper Bound = 665...
  SAT ! Makespan = 665
  Schedule is valid with Makespan = 665
  Total time: 3.7731 seconds
------------------------------------------------------------------
[*] Trying with Upper Bound = 664...
  SAT ! Makespan = 664
  Schedule is valid with Makespan = 664
  Total time: 3.7967 seconds
------------------------------------------------------------------
[*] Trying with Upper Bound = 663...
  SAT ! Makespan = 663
  Schedule is valid with Makespan = 663
  Total time: 3.8207 seconds
------------------------------------------------------------------
[*] Trying with Upper Bound = 662...
  SAT ! Makespan = 662
  Schedule is valid with Makespan = 662
  Total time: 3.8451 seconds
------------------------------------------------------------------
[*] Trying with Upper Bound = 661...
  SAT ! Makespan = 661
  Schedule is valid with Makespan = 661
  Total time: 3.8700 seconds
------------------------------------------------------------------
[*] Trying with Upper Bound = 660...
  SAT ! Makespan = 660
  Schedule is valid with Makespan = 660
  Total time: 3.8938 seconds
------------------------------------------------------------------
[*] Trying with Upper Bound = 659...
  SAT ! Makespan = 659
  Schedule is valid with Makespan = 659
  Total time: 4.1966 seconds
------------------------------------------------------------------
[*] Trying with Upper Bound = 658...
  SAT ! Makespan = 658
  Schedule is valid with Makespan = 658
  Total time: 4.2329 seconds
------------------------------------------------------------------
[*] Trying with Upper Bound = 657...
  SAT ! Makespan = 657
  Schedule is valid with Makespan = 657
  Total time: 4.2578 seconds
------------------------------------------------------------------
[*] Trying with Upper Bound = 656...
  SAT ! Makespan = 656
  Schedule is valid with Makespan = 656
  Total time: 4.2811 seconds
------------------------------------------------------------------
[*] Trying with Upper Bound = 655...
  SAT ! Makespan = 655
  Schedule is valid with Makespan = 655
  Total time: 4.3051 seconds
------------------------------------------------------------------
[*] Trying with Upper Bound = 654...
  SAT ! Makespan = 654
  Schedule is valid with Makespan = 654
  Total time: 4.3577 seconds
------------------------------------------------------------------
[*] Trying with Upper Bound = 653...
  SAT ! Makespan = 653
  Schedule is valid with Makespan = 653
  Total time: 4.3952 seconds
------------------------------------------------------------------
[*] Trying with Upper Bound = 652...
  SAT ! Makespan = 652
  Schedule is valid with Makespan = 652
  Total time: 4.4203 seconds
------------------------------------------------------------------
[*] Trying with Upper Bound = 651...
  SAT ! Makespan = 651
  Schedule is valid with Makespan = 651
  Total time: 4.4449 seconds
------------------------------------------------------------------
[*] Trying with Upper Bound = 650...
  SAT ! Makespan = 650
  Schedule is valid with Makespan = 650
  Total time: 4.5931 seconds
------------------------------------------------------------------
[*] Trying with Upper Bound = 649...
  SAT ! Makespan = 649
  Schedule is valid with Makespan = 649
  Total time: 5.7357 seconds
------------------------------------------------------------------
[*] Trying with Upper Bound = 648...
  SAT ! Makespan = 648
  Schedule is valid with Makespan = 648
  Total time: 5.9140 seconds
------------------------------------------------------------------
[*] Trying with Upper Bound = 647...
  SAT ! Makespan = 647
  Schedule is valid with Makespan = 647
  Total time: 5.9613 seconds
------------------------------------------------------------------
[*] Trying with Upper Bound = 646...
  SAT ! Makespan = 646
  Schedule is valid with Makespan = 646
  Total time: 5.9896 seconds
------------------------------------------------------------------
[*] Trying with Upper Bound = 645...
  SAT ! Makespan = 645
  Schedule is valid with Makespan = 645
  Total time: 6.0129 seconds
------------------------------------------------------------------
[*] Trying with Upper Bound = 644...
  SAT ! Makespan = 644
  Schedule is valid with Makespan = 644
  Total time: 6.0362 seconds
------------------------------------------------------------------
[*] Trying with Upper Bound = 643...
  SAT ! Makespan = 643
  Schedule is valid with Makespan = 643
  Total time: 6.0574 seconds
------------------------------------------------------------------
[*] Trying with Upper Bound = 642...
  SAT ! Makespan = 642
  Schedule is valid with Makespan = 642
  Total time: 6.0805 seconds
------------------------------------------------------------------
[*] Trying with Upper Bound = 641...
  SAT ! Makespan = 641
  Schedule is valid with Makespan = 641
  Total time: 6.1017 seconds
------------------------------------------------------------------
[*] Trying with Upper Bound = 640...
  SAT ! Makespan = 640
  Schedule is valid with Makespan = 640
  Total time: 6.1233 seconds
------------------------------------------------------------------
[*] Trying with Upper Bound = 639...
  SAT ! Makespan = 639
  Schedule is valid with Makespan = 639
  Total time: 6.1458 seconds
------------------------------------------------------------------
[*] Trying with Upper Bound = 638...
  SAT ! Makespan = 638
  Schedule is valid with Makespan = 638
  Total time: 6.1683 seconds
------------------------------------------------------------------
[*] Trying with Upper Bound = 637...
  SAT ! Makespan = 637
  Schedule is valid with Makespan = 637
  Total time: 6.1924 seconds
------------------------------------------------------------------
[*] Trying with Upper Bound = 636...
  SAT ! Makespan = 636
  Schedule is valid with Makespan = 636
  Total time: 6.2134 seconds
------------------------------------------------------------------
[*] Trying with Upper Bound = 635...
  SAT ! Makespan = 635
  Schedule is valid with Makespan = 635
  Total time: 6.2399 seconds
------------------------------------------------------------------
[*] Trying with Upper Bound = 634...
  SAT ! Makespan = 634
  Schedule is valid with Makespan = 634
  Total time: 6.2665 seconds
------------------------------------------------------------------
[*] Trying with Upper Bound = 633...
  SAT ! Makespan = 633
  Schedule is valid with Makespan = 633
  Total time: 6.2901 seconds
------------------------------------------------------------------
[*] Trying with Upper Bound = 632...
  SAT ! Makespan = 632
  Schedule is valid with Makespan = 632
  Total time: 6.3115 seconds
------------------------------------------------------------------
[*] Trying with Upper Bound = 631...
  SAT ! Makespan = 631
  Schedule is valid with Makespan = 631
  Total time: 6.3342 seconds
------------------------------------------------------------------
[*] Trying with Upper Bound = 630...
  SAT ! Makespan = 630
  Schedule is valid with Makespan = 630
  Total time: 6.3563 seconds
------------------------------------------------------------------
[*] Trying with Upper Bound = 629...
  SAT ! Makespan = 629
  Schedule is valid with Makespan = 629
  Total time: 6.3794 seconds
------------------------------------------------------------------
[*] Trying with Upper Bound = 628...
[runlim] sample:		10.00 time, 10.01 real, 363 MB, 1.14 load
  SAT ! Makespan = 628
  Schedule is valid with Makespan = 628
  Total time: 11.4942 seconds
------------------------------------------------------------------
[*] Trying with Upper Bound = 627...
  SAT ! Makespan = 627
  Schedule is valid with Makespan = 627
  Total time: 12.5406 seconds
------------------------------------------------------------------
[*] Trying with Upper Bound = 626...
  SAT ! Makespan = 626
  Schedule is valid with Makespan = 626
  Total time: 12.9444 seconds
------------------------------------------------------------------
[*] Trying with Upper Bound = 625...
  SAT ! Makespan = 625
  Schedule is valid with Makespan = 625
  Total time: 13.0681 seconds
------------------------------------------------------------------
[*] Trying with Upper Bound = 624...
  SAT ! Makespan = 624
  Schedule is valid with Makespan = 624
  Total time: 13.1600 seconds
------------------------------------------------------------------
[*] Trying with Upper Bound = 623...
  SAT ! Makespan = 623
  Schedule is valid with Makespan = 623
  Total time: 13.2395 seconds
------------------------------------------------------------------
[*] Trying with Upper Bound = 622...
  SAT ! Makespan = 622
  Schedule is valid with Makespan = 622
  Total time: 13.2811 seconds
------------------------------------------------------------------
[*] Trying with Upper Bound = 621...
  SAT ! Makespan = 621
  Schedule is valid with Makespan = 621
  Total time: 13.5182 seconds
------------------------------------------------------------------
[*] Trying with Upper Bound = 620...
  SAT ! Makespan = 620
  Schedule is valid with Makespan = 620
  Total time: 13.9268 seconds
------------------------------------------------------------------
[*] Trying with Upper Bound = 619...
  SAT ! Makespan = 619
  Schedule is valid with Makespan = 619
  Total time: 13.9687 seconds
------------------------------------------------------------------
[*] Trying with Upper Bound = 618...
  SAT ! Makespan = 618
  Schedule is valid with Makespan = 618
  Total time: 13.9885 seconds
------------------------------------------------------------------
[*] Trying with Upper Bound = 617...
  SAT ! Makespan = 617
  Schedule is valid with Makespan = 617
  Total time: 14.0059 seconds
------------------------------------------------------------------
[*] Trying with Upper Bound = 616...
  SAT ! Makespan = 616
  Schedule is valid with Makespan = 616
  Total time: 14.8968 seconds
------------------------------------------------------------------
[*] Trying with Upper Bound = 615...
  SAT ! Makespan = 615
  Schedule is valid with Makespan = 615
  Total time: 14.9260 seconds
------------------------------------------------------------------
[*] Trying with Upper Bound = 614...
  SAT ! Makespan = 614
  Schedule is valid with Makespan = 614
  Total time: 14.9459 seconds
------------------------------------------------------------------
[*] Trying with Upper Bound = 613...
  SAT ! Makespan = 613
  Schedule is valid with Makespan = 613
  Total time: 18.2411 seconds
------------------------------------------------------------------
[*] Trying with Upper Bound = 612...
  SAT ! Makespan = 612
  Schedule is valid with Makespan = 612
  Total time: 18.8164 seconds
------------------------------------------------------------------
[*] Trying with Upper Bound = 611...
  SAT ! Makespan = 611
  Schedule is valid with Makespan = 611
  Total time: 19.2157 seconds
------------------------------------------------------------------
[*] Trying with Upper Bound = 610...
  SAT ! Makespan = 610
  Schedule is valid with Makespan = 610
  Total time: 19.6828 seconds
------------------------------------------------------------------
[*] Trying with Upper Bound = 609...
  SAT ! Makespan = 609
  Schedule is valid with Makespan = 609
  Total time: 19.7957 seconds
------------------------------------------------------------------
[*] Trying with Upper Bound = 608...
  SAT ! Makespan = 608
  Schedule is valid with Makespan = 608
  Total time: 19.8805 seconds
------------------------------------------------------------------
[*] Trying with Upper Bound = 607...
  SAT ! Makespan = 607
  Schedule is valid with Makespan = 607
  Total time: 19.9026 seconds
------------------------------------------------------------------
[*] Trying with Upper Bound = 606...
[runlim] sample:		19.99 time, 20.01 real, 328 MB, 1.12 load
  SAT ! Makespan = 606
  Schedule is valid with Makespan = 606
  Total time: 20.3620 seconds
------------------------------------------------------------------
[*] Trying with Upper Bound = 605...
  SAT ! Makespan = 605
  Schedule is valid with Makespan = 605
  Total time: 20.4013 seconds
------------------------------------------------------------------
[*] Trying with Upper Bound = 604...
  SAT ! Makespan = 604
  Schedule is valid with Makespan = 604
  Total time: 20.4238 seconds
------------------------------------------------------------------
[*] Trying with Upper Bound = 603...
  SAT ! Makespan = 603
  Schedule is valid with Makespan = 603
  Total time: 20.8521 seconds
------------------------------------------------------------------
[*] Trying with Upper Bound = 602...
  SAT ! Makespan = 602
  Schedule is valid with Makespan = 602
  Total time: 20.8856 seconds
------------------------------------------------------------------
[*] Trying with Upper Bound = 601...
  SAT ! Makespan = 601
  Schedule is valid with Makespan = 601
  Total time: 21.2285 seconds
------------------------------------------------------------------
[*] Trying with Upper Bound = 600...
  SAT ! Makespan = 600
  Schedule is valid with Makespan = 600
  Total time: 22.1381 seconds
------------------------------------------------------------------
[*] Trying with Upper Bound = 599...
  SAT ! Makespan = 599
  Schedule is valid with Makespan = 599
  Total time: 25.3070 seconds
------------------------------------------------------------------
[*] Trying with Upper Bound = 598...
  SAT ! Makespan = 598
  Schedule is valid with Makespan = 598
  Total time: 25.7658 seconds
------------------------------------------------------------------
[*] Trying with Upper Bound = 597...
  SAT ! Makespan = 597
  Schedule is valid with Makespan = 597
  Total time: 26.1637 seconds
------------------------------------------------------------------
[*] Trying with Upper Bound = 596...
  SAT ! Makespan = 596
  Schedule is valid with Makespan = 596
  Total time: 26.2959 seconds
------------------------------------------------------------------
[*] Trying with Upper Bound = 595...
  SAT ! Makespan = 595
  Schedule is valid with Makespan = 595
  Total time: 26.7272 seconds
------------------------------------------------------------------
[*] Trying with Upper Bound = 594...
  SAT ! Makespan = 594
  Schedule is valid with Makespan = 594
  Total time: 26.9205 seconds
------------------------------------------------------------------
[*] Trying with Upper Bound = 593...
  SAT ! Makespan = 593
  Schedule is valid with Makespan = 593
  Total time: 27.4685 seconds
------------------------------------------------------------------
[*] Trying with Upper Bound = 592...
  SAT ! Makespan = 592
  Schedule is valid with Makespan = 592
  Total time: 27.5141 seconds
------------------------------------------------------------------
[*] Trying with Upper Bound = 591...
  SAT ! Makespan = 591
  Schedule is valid with Makespan = 591
  Total time: 27.5384 seconds
------------------------------------------------------------------
[*] Trying with Upper Bound = 590...
  SAT ! Makespan = 590
  Schedule is valid with Makespan = 590
  Total time: 27.5597 seconds
------------------------------------------------------------------
[*] Trying with Upper Bound = 589...
  SAT ! Makespan = 589
  Schedule is valid with Makespan = 589
  Total time: 27.6677 seconds
------------------------------------------------------------------
[*] Trying with Upper Bound = 588...
  SAT ! Makespan = 588
  Schedule is valid with Makespan = 588
  Total time: 27.6956 seconds
------------------------------------------------------------------
[*] Trying with Upper Bound = 587...
  SAT ! Makespan = 587
  Schedule is valid with Makespan = 587
  Total time: 27.7154 seconds
------------------------------------------------------------------
[*] Trying with Upper Bound = 586...
  SAT ! Makespan = 586
  Schedule is valid with Makespan = 586
  Total time: 27.7332 seconds
------------------------------------------------------------------
[*] Trying with Upper Bound = 585...
  SAT ! Makespan = 585
  Schedule is valid with Makespan = 585
  Total time: 27.7506 seconds
------------------------------------------------------------------
[*] Trying with Upper Bound = 584...
  SAT ! Makespan = 584
  Schedule is valid with Makespan = 584
  Total time: 27.7677 seconds
------------------------------------------------------------------
[*] Trying with Upper Bound = 583...
  SAT ! Makespan = 583
  Schedule is valid with Makespan = 583
  Total time: 27.7846 seconds
------------------------------------------------------------------
[*] Trying with Upper Bound = 582...
  SAT ! Makespan = 582
  Schedule is valid with Makespan = 582
  Total time: 28.3237 seconds
------------------------------------------------------------------
[*] Trying with Upper Bound = 581...
  SAT ! Makespan = 581
  Schedule is valid with Makespan = 581
  Total time: 29.8957 seconds
------------------------------------------------------------------
[*] Trying with Upper Bound = 580...
  SAT ! Makespan = 580
  Schedule is valid with Makespan = 580
  Total time: 29.9406 seconds
------------------------------------------------------------------
[*] Trying with Upper Bound = 579...
  SAT ! Makespan = 579
  Schedule is valid with Makespan = 579
  Total time: 29.9668 seconds
------------------------------------------------------------------
[*] Trying with Upper Bound = 578...
[runlim] sample:		29.99 time, 30.01 real, 322 MB, 1.10 load
  SAT ! Makespan = 578
  Schedule is valid with Makespan = 578
  Total time: 31.3787 seconds
------------------------------------------------------------------
[*] Trying with Upper Bound = 577...
  SAT ! Makespan = 577
  Schedule is valid with Makespan = 577
  Total time: 31.4245 seconds
------------------------------------------------------------------
[*] Trying with Upper Bound = 576...
  SAT ! Makespan = 576
  Schedule is valid with Makespan = 576
  Total time: 31.8103 seconds
------------------------------------------------------------------
[*] Trying with Upper Bound = 575...
  SAT ! Makespan = 575
  Schedule is valid with Makespan = 575
  Total time: 34.5001 seconds
------------------------------------------------------------------
[*] Trying with Upper Bound = 574...
  SAT ! Makespan = 574
  Schedule is valid with Makespan = 574
  Total time: 34.9793 seconds
------------------------------------------------------------------
[*] Trying with Upper Bound = 573...
  SAT ! Makespan = 573
  Schedule is valid with Makespan = 573
  Total time: 35.4991 seconds
------------------------------------------------------------------
[*] Trying with Upper Bound = 572...
  SAT ! Makespan = 572
  Schedule is valid with Makespan = 572
  Total time: 37.0714 seconds
------------------------------------------------------------------
[*] Trying with Upper Bound = 571...
  SAT ! Makespan = 571
  Schedule is valid with Makespan = 571
  Total time: 38.4323 seconds
------------------------------------------------------------------
[*] Trying with Upper Bound = 570...
[runlim] sample:		39.99 time, 40.01 real, 341 MB, 1.08 load
  SAT ! Makespan = 570
  Schedule is valid with Makespan = 570
  Total time: 40.6589 seconds
------------------------------------------------------------------
[*] Trying with Upper Bound = 569...
  SAT ! Makespan = 569
  Schedule is valid with Makespan = 569
  Total time: 42.3414 seconds
------------------------------------------------------------------
[*] Trying with Upper Bound = 568...
  SAT ! Makespan = 568
  Schedule is valid with Makespan = 568
  Total time: 45.3307 seconds
------------------------------------------------------------------
[*] Trying with Upper Bound = 567...
  SAT ! Makespan = 567
  Schedule is valid with Makespan = 567
  Total time: 45.7861 seconds
------------------------------------------------------------------
[*] Trying with Upper Bound = 566...
  SAT ! Makespan = 566
  Schedule is valid with Makespan = 566
  Total time: 45.8848 seconds
------------------------------------------------------------------
[*] Trying with Upper Bound = 565...
  SAT ! Makespan = 565
  Schedule is valid with Makespan = 565
  Total time: 47.4820 seconds
------------------------------------------------------------------
[*] Trying with Upper Bound = 564...
  SAT ! Makespan = 564
  Schedule is valid with Makespan = 564
  Total time: 49.0740 seconds
------------------------------------------------------------------
[*] Trying with Upper Bound = 563...
[runlim] sample:		49.99 time, 50.01 real, 341 MB, 1.07 load
  SAT ! Makespan = 563
  Schedule is valid with Makespan = 563
  Total time: 51.1126 seconds
------------------------------------------------------------------
[*] Trying with Upper Bound = 562...
  SAT ! Makespan = 562
  Schedule is valid with Makespan = 562
  Total time: 51.3976 seconds
------------------------------------------------------------------
[*] Trying with Upper Bound = 561...
  SAT ! Makespan = 561
  Schedule is valid with Makespan = 561
  Total time: 59.8244 seconds
------------------------------------------------------------------
[*] Trying with Upper Bound = 560...
  SAT ! Makespan = 560
  Schedule is valid with Makespan = 560
  Total time: 59.9628 seconds
------------------------------------------------------------------
[*] Trying with Upper Bound = 559...
[runlim] sample:		59.99 time, 60.01 real, 340 MB, 1.06 load
  SAT ! Makespan = 559
  Schedule is valid with Makespan = 559
  Total time: 60.4597 seconds
------------------------------------------------------------------
[*] Trying with Upper Bound = 558...
  SAT ! Makespan = 558
  Schedule is valid with Makespan = 558
  Total time: 62.5075 seconds
------------------------------------------------------------------
[*] Trying with Upper Bound = 557...
  SAT ! Makespan = 557
  Schedule is valid with Makespan = 557
  Total time: 63.7151 seconds
------------------------------------------------------------------
[*] Trying with Upper Bound = 556...
  SAT ! Makespan = 556
  Schedule is valid with Makespan = 556
  Total time: 64.2498 seconds
------------------------------------------------------------------
[*] Trying with Upper Bound = 555...
  SAT ! Makespan = 555
  Schedule is valid with Makespan = 555
  Total time: 66.1225 seconds
------------------------------------------------------------------
[*] Trying with Upper Bound = 554...
  SAT ! Makespan = 554
  Schedule is valid with Makespan = 554
  Total time: 67.6237 seconds
------------------------------------------------------------------
[*] Trying with Upper Bound = 553...
[runlim] sample:		69.98 time, 70.01 real, 340 MB, 1.05 load
  SAT ! Makespan = 553
  Schedule is valid with Makespan = 553
  Total time: 76.1721 seconds
------------------------------------------------------------------
[*] Trying with Upper Bound = 552...
  SAT ! Makespan = 552
  Schedule is valid with Makespan = 552
  Total time: 76.7167 seconds
------------------------------------------------------------------
[*] Trying with Upper Bound = 551...
[runlim] sample:		79.98 time, 80.01 real, 341 MB, 1.04 load
  SAT ! Makespan = 551
  Schedule is valid with Makespan = 551
  Total time: 87.4933 seconds
------------------------------------------------------------------
[*] Trying with Upper Bound = 550...
  SAT ! Makespan = 550
  Schedule is valid with Makespan = 550
  Total time: 88.8168 seconds
------------------------------------------------------------------
[*] Trying with Upper Bound = 549...
[runlim] sample:		89.99 time, 90.01 real, 342 MB, 1.04 load
  SAT ! Makespan = 549
  Schedule is valid with Makespan = 549
  Total time: 90.7882 seconds
------------------------------------------------------------------
[*] Trying with Upper Bound = 548...
  SAT ! Makespan = 548
  Schedule is valid with Makespan = 548
  Total time: 92.7146 seconds
------------------------------------------------------------------
[*] Trying with Upper Bound = 547...
[runlim] sample:		99.98 time, 100.01 real, 340 MB, 1.03 load
  SAT ! Makespan = 547
  Schedule is valid with Makespan = 547
  Total time: 102.3257 seconds
------------------------------------------------------------------
[*] Trying with Upper Bound = 546...
  SAT ! Makespan = 546
  Schedule is valid with Makespan = 546
  Total time: 104.7710 seconds
------------------------------------------------------------------
[*] Trying with Upper Bound = 545...
  SAT ! Makespan = 545
  Schedule is valid with Makespan = 545
  Total time: 106.4731 seconds
------------------------------------------------------------------
[*] Trying with Upper Bound = 544...
  SAT ! Makespan = 544
  Schedule is valid with Makespan = 544
  Total time: 106.8950 seconds
------------------------------------------------------------------
[*] Trying with Upper Bound = 543...
[runlim] sample:		109.99 time, 110.01 real, 291 MB, 1.02 load
  SAT ! Makespan = 543
  Schedule is valid with Makespan = 543
  Total time: 113.2771 seconds
------------------------------------------------------------------
[*] Trying with Upper Bound = 542...
  SAT ! Makespan = 542
  Schedule is valid with Makespan = 542
  Total time: 115.4047 seconds
------------------------------------------------------------------
[*] Trying with Upper Bound = 541...
[runlim] sample:		119.92 time, 120.01 real, 330 MB, 1.17 load
  SAT ! Makespan = 541
  Schedule is valid with Makespan = 541
  Total time: 126.5378 seconds
------------------------------------------------------------------
[*] Trying with Upper Bound = 540...
[runlim] sample:		129.81 time, 130.01 real, 292 MB, 1.38 load
[runlim] sample:		139.81 time, 140.01 real, 302 MB, 1.32 load
[runlim] sample:		149.81 time, 150.01 real, 329 MB, 1.27 load
  SAT ! Makespan = 540
  Schedule is valid with Makespan = 540
  Total time: 155.2742 seconds
------------------------------------------------------------------
[*] Trying with Upper Bound = 539...
[runlim] sample:		159.81 time, 160.01 real, 340 MB, 1.23 load
  SAT ! Makespan = 539
  Schedule is valid with Makespan = 539
  Total time: 162.9990 seconds
------------------------------------------------------------------
[*] Trying with Upper Bound = 538...
[runlim] sample:		169.80 time, 170.01 real, 340 MB, 1.19 load
[runlim] sample:		179.80 time, 180.01 real, 342 MB, 1.16 load
[runlim] sample:		189.81 time, 190.01 real, 340 MB, 1.14 load
  SAT ! Makespan = 538
  Schedule is valid with Makespan = 538
  Total time: 194.3401 seconds
------------------------------------------------------------------
[*] Trying with Upper Bound = 537...
  SAT ! Makespan = 537
  Schedule is valid with Makespan = 537
  Total time: 196.3195 seconds
------------------------------------------------------------------
[*] Trying with Upper Bound = 536...
[runlim] sample:		199.80 time, 200.01 real, 342 MB, 1.11 load
  SAT ! Makespan = 536
  Schedule is valid with Makespan = 536
  Total time: 209.1834 seconds
------------------------------------------------------------------
[*] Trying with Upper Bound = 535...
[runlim] sample:		209.81 time, 210.01 real, 342 MB, 1.10 load
  SAT ! Makespan = 535
  Schedule is valid with Makespan = 535
  Total time: 211.8166 seconds
------------------------------------------------------------------
[*] Trying with Upper Bound = 534...
  SAT ! Makespan = 534
  Schedule is valid with Makespan = 534
  Total time: 218.7210 seconds
------------------------------------------------------------------
[*] Trying with Upper Bound = 533...
[runlim] sample:		219.81 time, 220.01 real, 342 MB, 1.08 load
[runlim] sample:		229.80 time, 230.01 real, 342 MB, 1.07 load
[runlim] sample:		239.80 time, 240.01 real, 344 MB, 1.06 load
[runlim] sample:		249.80 time, 250.01 real, 343 MB, 1.05 load
[runlim] sample:		259.79 time, 260.01 real, 347 MB, 1.11 load
  SAT ! Makespan = 533
  Schedule is valid with Makespan = 533
  Total time: 265.6926 seconds
------------------------------------------------------------------
[*] Trying with Upper Bound = 532...
[runlim] sample:		269.80 time, 270.01 real, 347 MB, 1.10 load
[runlim] sample:		279.79 time, 280.01 real, 345 MB, 1.08 load
[runlim] sample:		289.79 time, 290.01 real, 342 MB, 1.07 load
  SAT ! Makespan = 532
  Schedule is valid with Makespan = 532
  Total time: 293.4952 seconds
------------------------------------------------------------------
[*] Trying with Upper Bound = 531...
[runlim] sample:		299.78 time, 300.01 real, 344 MB, 1.06 load
  SAT ! Makespan = 531
  Schedule is valid with Makespan = 531
  Total time: 302.9403 seconds
------------------------------------------------------------------
[*] Trying with Upper Bound = 530...
[runlim] sample:		309.79 time, 310.01 real, 345 MB, 1.05 load
[runlim] sample:		319.78 time, 320.01 real, 346 MB, 1.04 load
[runlim] sample:		329.77 time, 330.01 real, 345 MB, 1.11 load
  SAT ! Makespan = 530
  Schedule is valid with Makespan = 530
  Total time: 337.8366 seconds
------------------------------------------------------------------
[*] Trying with Upper Bound = 529...
[runlim] sample:		339.77 time, 340.01 real, 345 MB, 1.10 load
[runlim] sample:		349.77 time, 350.01 real, 348 MB, 1.08 load
[runlim] sample:		359.77 time, 360.01 real, 346 MB, 1.07 load
  SAT ! Makespan = 529
  Schedule is valid with Makespan = 529
  Total time: 369.4700 seconds
------------------------------------------------------------------
[*] Trying with Upper Bound = 528...
[runlim] sample:		369.77 time, 370.01 real, 346 MB, 1.06 load
[runlim] sample:		379.76 time, 380.01 real, 346 MB, 1.13 load
[runlim] sample:		389.76 time, 390.01 real, 349 MB, 1.11 load
  SAT ! Makespan = 528
  Schedule is valid with Makespan = 528
  Total time: 398.5143 seconds
------------------------------------------------------------------
[*] Trying with Upper Bound = 527...
[runlim] sample:		399.77 time, 400.01 real, 348 MB, 1.09 load
[runlim] sample:		409.76 time, 410.01 real, 348 MB, 1.08 load
[runlim] sample:		419.77 time, 420.01 real, 350 MB, 1.06 load
[runlim] sample:		429.76 time, 430.01 real, 349 MB, 1.05 load
[runlim] sample:		439.76 time, 440.01 real, 349 MB, 1.04 load
[runlim] sample:		449.76 time, 450.01 real, 352 MB, 1.04 load
[runlim] sample:		459.76 time, 460.01 real, 354 MB, 1.03 load
[runlim] sample:		469.76 time, 470.01 real, 350 MB, 1.03 load
[runlim] sample:		479.76 time, 480.01 real, 348 MB, 1.02 load
[runlim] sample:		489.76 time, 490.01 real, 348 MB, 1.02 load
[runlim] sample:		499.76 time, 500.01 real, 348 MB, 1.01 load
[runlim] sample:		509.76 time, 510.01 real, 349 MB, 1.01 load
[runlim] sample:		519.76 time, 520.01 real, 349 MB, 1.01 load
  SAT ! Makespan = 527
  Schedule is valid with Makespan = 527
  Total time: 525.9552 seconds
------------------------------------------------------------------
[*] Trying with Upper Bound = 526...
[runlim] sample:		529.76 time, 530.01 real, 354 MB, 1.01 load
[runlim] sample:		539.76 time, 540.01 real, 352 MB, 1.01 load
[runlim] sample:		549.76 time, 550.01 real, 355 MB, 1.00 load
[runlim] sample:		559.76 time, 560.01 real, 354 MB, 1.00 load
[runlim] sample:		569.76 time, 570.01 real, 357 MB, 1.00 load
  SAT ! Makespan = 526
  Schedule is valid with Makespan = 526
  Total time: 570.3249 seconds
------------------------------------------------------------------
[*] Trying with Upper Bound = 525...
[runlim] sample:		579.75 time, 580.01 real, 359 MB, 1.00 load
[runlim] sample:		589.75 time, 590.01 real, 358 MB, 1.00 load
[runlim] sample:		599.75 time, 600.01 real, 358 MB, 1.00 load
  SAT ! Makespan = 525
  Schedule is valid with Makespan = 525
  Total time: 607.2901 seconds
------------------------------------------------------------------
[*] Trying with Upper Bound = 524...
[runlim] sample:		609.75 time, 610.01 real, 354 MB, 1.00 load
[runlim] sample:		619.75 time, 620.01 real, 359 MB, 1.00 load
[runlim] sample:		629.75 time, 630.01 real, 358 MB, 1.15 load
[runlim] sample:		639.75 time, 640.01 real, 355 MB, 1.13 load
  SAT ! Makespan = 524
  Schedule is valid with Makespan = 524
  Total time: 646.7024 seconds
------------------------------------------------------------------
[*] Trying with Upper Bound = 523...
[runlim] sample:		649.75 time, 650.01 real, 355 MB, 1.11 load
[runlim] sample:		659.75 time, 660.01 real, 361 MB, 1.09 load
[runlim] sample:		669.75 time, 670.01 real, 358 MB, 1.08 load
[runlim] sample:		679.75 time, 680.01 real, 358 MB, 1.06 load
[runlim] sample:		689.75 time, 690.01 real, 356 MB, 1.05 load
[runlim] sample:		699.75 time, 700.01 real, 364 MB, 1.05 load
  SAT ! Makespan = 523
  Schedule is valid with Makespan = 523
  Total time: 700.7381 seconds
------------------------------------------------------------------
[*] Trying with Upper Bound = 522...
[runlim] sample:		709.75 time, 710.01 real, 367 MB, 1.04 load
[runlim] sample:		719.75 time, 720.01 real, 318 MB, 1.03 load
[runlim] sample:		729.75 time, 730.01 real, 326 MB, 1.03 load
[runlim] sample:		739.74 time, 740.01 real, 326 MB, 1.02 load
  SAT ! Makespan = 522
  Schedule is valid with Makespan = 522
  Total time: 745.3158 seconds
------------------------------------------------------------------
[*] Trying with Upper Bound = 521...
[runlim] sample:		749.74 time, 750.01 real, 327 MB, 1.02 load
[runlim] sample:		759.75 time, 760.01 real, 338 MB, 1.02 load
[runlim] sample:		769.74 time, 770.01 real, 353 MB, 1.01 load
[runlim] sample:		779.74 time, 780.01 real, 353 MB, 1.01 load
[runlim] sample:		789.74 time, 790.01 real, 353 MB, 1.01 load
[runlim] sample:		799.75 time, 800.01 real, 360 MB, 1.01 load
  SAT ! Makespan = 521
  Schedule is valid with Makespan = 521
  Total time: 804.2490 seconds
------------------------------------------------------------------
[*] Trying with Upper Bound = 520...
[runlim] sample:		809.74 time, 810.01 real, 360 MB, 1.00 load
[runlim] sample:		819.74 time, 820.01 real, 310 MB, 1.00 load
[runlim] sample:		829.74 time, 830.01 real, 309 MB, 1.00 load
[runlim] sample:		839.74 time, 840.01 real, 345 MB, 1.00 load
[runlim] sample:		849.74 time, 850.01 real, 347 MB, 1.00 load
[runlim] sample:		859.74 time, 860.01 real, 347 MB, 1.00 load
[runlim] sample:		869.74 time, 870.01 real, 352 MB, 1.00 load
[runlim] sample:		879.74 time, 880.01 real, 347 MB, 1.08 load
[runlim] sample:		889.74 time, 890.01 real, 347 MB, 1.07 load
[runlim] sample:		899.74 time, 900.01 real, 343 MB, 1.06 load
[runlim] sample:		909.73 time, 910.01 real, 343 MB, 1.05 load
[runlim] sample:		919.73 time, 920.01 real, 343 MB, 1.04 load
[runlim] sample:		929.73 time, 930.01 real, 344 MB, 1.03 load
[runlim] sample:		939.73 time, 940.01 real, 344 MB, 1.03 load
[runlim] sample:		949.73 time, 950.01 real, 344 MB, 1.02 load
[runlim] sample:		959.73 time, 960.01 real, 354 MB, 1.02 load
[runlim] sample:		969.73 time, 970.01 real, 354 MB, 1.02 load
[runlim] sample:		979.73 time, 980.01 real, 354 MB, 1.01 load
[runlim] sample:		989.73 time, 990.01 real, 354 MB, 1.01 load
[runlim] sample:		999.72 time, 1000.01 real, 355 MB, 1.01 load
  SAT ! Makespan = 520
  Schedule is valid with Makespan = 520
  Total time: 1002.4636 seconds
------------------------------------------------------------------
[*] Trying with Upper Bound = 519...
[runlim] sample:		1009.72 time, 1010.01 real, 355 MB, 1.01 load
[runlim] sample:		1019.73 time, 1020.01 real, 363 MB, 1.00 load
[runlim] sample:		1029.73 time, 1030.01 real, 357 MB, 1.00 load
[runlim] sample:		1039.73 time, 1040.01 real, 357 MB, 1.00 load
[runlim] sample:		1049.73 time, 1050.01 real, 359 MB, 1.00 load
[runlim] sample:		1059.72 time, 1060.01 real, 370 MB, 1.00 load
[runlim] sample:		1069.73 time, 1070.01 real, 376 MB, 1.00 load
[runlim] sample:		1079.73 time, 1080.01 real, 376 MB, 1.00 load
[runlim] sample:		1089.72 time, 1090.01 real, 366 MB, 1.00 load
[runlim] sample:		1099.72 time, 1100.01 real, 366 MB, 1.00 load
[runlim] sample:		1109.72 time, 1110.01 real, 366 MB, 1.00 load
[runlim] sample:		1119.72 time, 1120.01 real, 367 MB, 1.00 load
[runlim] sample:		1129.72 time, 1130.01 real, 367 MB, 1.08 load
[runlim] sample:		1139.72 time, 1140.01 real, 367 MB, 1.07 load
  SAT ! Makespan = 519
  Schedule is valid with Makespan = 519
  Total time: 1143.8226 seconds
------------------------------------------------------------------
[*] Trying with Upper Bound = 518...
[runlim] sample:		1149.71 time, 1150.01 real, 374 MB, 1.06 load
[runlim] sample:		1159.71 time, 1160.01 real, 375 MB, 1.05 load
[runlim] sample:		1169.71 time, 1170.01 real, 375 MB, 1.04 load
[runlim] sample:		1179.72 time, 1180.01 real, 369 MB, 1.03 load
[runlim] sample:		1189.72 time, 1190.01 real, 369 MB, 1.03 load
[runlim] sample:		1199.72 time, 1200.01 real, 379 MB, 1.02 load
[runlim] sample:		1209.72 time, 1210.01 real, 379 MB, 1.02 load
[runlim] sample:		1219.72 time, 1220.01 real, 375 MB, 1.02 load
[runlim] sample:		1229.72 time, 1230.01 real, 375 MB, 1.01 load
[runlim] sample:		1239.71 time, 1240.01 real, 369 MB, 1.01 load
[runlim] sample:		1249.71 time, 1250.01 real, 369 MB, 1.01 load
[runlim] sample:		1259.71 time, 1260.01 real, 369 MB, 1.08 load
[runlim] sample:		1269.71 time, 1270.01 real, 369 MB, 1.07 load
[runlim] sample:		1279.71 time, 1280.01 real, 369 MB, 1.06 load
[runlim] sample:		1289.71 time, 1290.01 real, 371 MB, 1.05 load
[runlim] sample:		1299.71 time, 1300.01 real, 371 MB, 1.04 load
[runlim] sample:		1309.71 time, 1310.01 real, 379 MB, 1.03 load
[runlim] sample:		1319.71 time, 1320.01 real, 379 MB, 1.03 load
[runlim] sample:		1329.71 time, 1330.01 real, 378 MB, 1.02 load
[runlim] sample:		1339.71 time, 1340.01 real, 378 MB, 1.02 load
[runlim] sample:		1349.71 time, 1350.01 real, 381 MB, 1.02 load
[runlim] sample:		1359.71 time, 1360.01 real, 381 MB, 1.01 load
[runlim] sample:		1369.71 time, 1370.01 real, 381 MB, 1.01 load
[runlim] sample:		1379.71 time, 1380.01 real, 381 MB, 1.09 load
[runlim] sample:		1389.70 time, 1390.01 real, 381 MB, 1.07 load
[runlim] sample:		1399.71 time, 1400.01 real, 379 MB, 1.06 load
[runlim] sample:		1409.71 time, 1410.01 real, 379 MB, 1.05 load
[runlim] sample:		1419.71 time, 1420.01 real, 378 MB, 1.04 load
[runlim] sample:		1429.71 time, 1430.01 real, 378 MB, 1.04 load
[runlim] sample:		1439.71 time, 1440.01 real, 373 MB, 1.03 load
[runlim] sample:		1449.71 time, 1450.01 real, 373 MB, 1.03 load
[runlim] sample:		1459.70 time, 1460.01 real, 373 MB, 1.02 load
[runlim] sample:		1469.70 time, 1470.01 real, 371 MB, 1.02 load
[runlim] sample:		1479.70 time, 1480.01 real, 371 MB, 1.01 load
[runlim] sample:		1489.70 time, 1490.01 real, 371 MB, 1.01 load
[runlim] sample:		1499.70 time, 1500.01 real, 371 MB, 1.01 load
[runlim] sample:		1509.70 time, 1510.01 real, 371 MB, 1.08 load
[runlim] sample:		1519.70 time, 1520.01 real, 371 MB, 1.07 load
[runlim] sample:		1529.69 time, 1530.01 real, 372 MB, 1.06 load
[runlim] sample:		1539.69 time, 1540.01 real, 372 MB, 1.05 load
[runlim] sample:		1549.69 time, 1550.01 real, 372 MB, 1.04 load
[runlim] sample:		1559.69 time, 1560.01 real, 372 MB, 1.03 load
[runlim] sample:		1569.69 time, 1570.01 real, 372 MB, 1.03 load
[runlim] sample:		1579.69 time, 1580.01 real, 372 MB, 1.02 load
[runlim] sample:		1589.69 time, 1590.01 real, 373 MB, 1.02 load
[runlim] sample:		1599.69 time, 1600.01 real, 373 MB, 1.02 load
[runlim] sample:		1609.69 time, 1610.01 real, 373 MB, 1.01 load
[runlim] sample:		1619.69 time, 1620.01 real, 373 MB, 1.01 load
[runlim] sample:		1629.69 time, 1630.01 real, 373 MB, 1.01 load
[runlim] sample:		1639.69 time, 1640.01 real, 373 MB, 1.01 load
[runlim] sample:		1649.69 time, 1650.01 real, 374 MB, 1.00 load
[runlim] sample:		1659.69 time, 1660.01 real, 374 MB, 1.00 load
[runlim] sample:		1669.69 time, 1670.01 real, 374 MB, 1.00 load
[runlim] sample:		1679.69 time, 1680.01 real, 374 MB, 1.00 load
[runlim] sample:		1689.69 time, 1690.01 real, 374 MB, 1.00 load
[runlim] sample:		1699.69 time, 1700.01 real, 374 MB, 1.00 load
[runlim] sample:		1709.69 time, 1710.01 real, 375 MB, 1.00 load
[runlim] sample:		1719.69 time, 1720.01 real, 375 MB, 1.00 load
[runlim] sample:		1729.69 time, 1730.01 real, 375 MB, 1.00 load
[runlim] sample:		1739.69 time, 1740.01 real, 375 MB, 1.00 load
[runlim] sample:		1749.68 time, 1750.01 real, 375 MB, 1.00 load
[runlim] sample:		1759.68 time, 1760.01 real, 375 MB, 1.07 load
[runlim] sample:		1769.68 time, 1770.01 real, 375 MB, 1.06 load
[runlim] sample:		1779.68 time, 1780.01 real, 375 MB, 1.05 load
[runlim] sample:		1789.68 time, 1790.01 real, 375 MB, 1.04 load
[runlim] sample:		1799.68 time, 1800.01 real, 382 MB, 1.04 load
[runlim] sample:		1809.68 time, 1810.01 real, 382 MB, 1.03 load
[runlim] sample:		1819.68 time, 1820.01 real, 382 MB, 1.02 load
[runlim] sample:		1829.68 time, 1830.01 real, 385 MB, 1.02 load
[runlim] sample:		1839.68 time, 1840.01 real, 385 MB, 1.02 load
[runlim] sample:		1849.67 time, 1850.01 real, 386 MB, 1.01 load
[runlim] sample:		1859.68 time, 1860.01 real, 375 MB, 1.01 load
[runlim] sample:		1869.68 time, 1870.01 real, 375 MB, 1.01 load
[runlim] sample:		1879.67 time, 1880.01 real, 384 MB, 1.01 load
[runlim] sample:		1889.67 time, 1890.01 real, 384 MB, 1.01 load
[runlim] sample:		1899.68 time, 1900.01 real, 388 MB, 1.00 load
[runlim] sample:		1909.68 time, 1910.01 real, 388 MB, 1.00 load
[runlim] sample:		1919.68 time, 1920.01 real, 388 MB, 1.00 load
[runlim] sample:		1929.68 time, 1930.01 real, 387 MB, 1.00 load
[runlim] sample:		1939.68 time, 1940.01 real, 387 MB, 1.00 load
[runlim] sample:		1949.67 time, 1950.01 real, 389 MB, 1.00 load
[runlim] sample:		1959.67 time, 1960.01 real, 389 MB, 1.00 load
[runlim] sample:		1969.67 time, 1970.01 real, 389 MB, 1.00 load
[runlim] sample:		1979.67 time, 1980.01 real, 388 MB, 1.00 load
[runlim] sample:		1989.67 time, 1990.01 real, 388 MB, 1.00 load
[runlim] sample:		1999.67 time, 2000.01 real, 389 MB, 1.00 load
[runlim] sample:		2009.67 time, 2010.01 real, 389 MB, 1.07 load
[runlim] sample:		2019.67 time, 2020.01 real, 389 MB, 1.06 load
[runlim] sample:		2029.67 time, 2030.01 real, 388 MB, 1.05 load
[runlim] sample:		2039.67 time, 2040.01 real, 388 MB, 1.04 load
[runlim] sample:		2049.66 time, 2050.01 real, 390 MB, 1.04 load
[runlim] sample:		2059.67 time, 2060.01 real, 390 MB, 1.03 load
[runlim] sample:		2069.67 time, 2070.01 real, 390 MB, 1.02 load
[runlim] sample:		2079.66 time, 2080.01 real, 386 MB, 1.02 load
[runlim] sample:		2089.66 time, 2090.01 real, 386 MB, 1.02 load
[runlim] sample:		2099.66 time, 2100.01 real, 387 MB, 1.01 load
[runlim] sample:		2109.66 time, 2110.01 real, 387 MB, 1.01 load
[runlim] sample:		2119.66 time, 2120.01 real, 387 MB, 1.01 load
[runlim] sample:		2129.66 time, 2130.01 real, 392 MB, 1.01 load
[runlim] sample:		2139.66 time, 2140.01 real, 392 MB, 1.01 load
[runlim] sample:		2149.66 time, 2150.01 real, 392 MB, 1.00 load
[runlim] sample:		2159.66 time, 2160.01 real, 390 MB, 1.00 load
[runlim] sample:		2169.66 time, 2170.01 real, 390 MB, 1.00 load
[runlim] sample:		2179.66 time, 2180.01 real, 390 MB, 1.00 load
[runlim] sample:		2189.65 time, 2190.01 real, 394 MB, 1.00 load
[runlim] sample:		2199.65 time, 2200.01 real, 394 MB, 1.00 load
[runlim] sample:		2209.65 time, 2210.01 real, 394 MB, 1.00 load
[runlim] sample:		2219.65 time, 2220.01 real, 397 MB, 1.00 load
[runlim] sample:		2229.65 time, 2230.01 real, 397 MB, 1.00 load
[runlim] sample:		2239.65 time, 2240.01 real, 397 MB, 1.00 load
  SAT ! Makespan = 518
  Schedule is valid with Makespan = 518
  Total time: 2249.9506 seconds
------------------------------------------------------------------
[*] Trying with Upper Bound = 517...
[runlim] sample:		2249.66 time, 2250.01 real, 392 MB, 1.00 load
[runlim] sample:		2259.66 time, 2260.01 real, 392 MB, 1.07 load
[runlim] sample:		2269.66 time, 2270.01 real, 392 MB, 1.06 load
[runlim] sample:		2279.66 time, 2280.01 real, 339 MB, 1.05 load
[runlim] sample:		2289.65 time, 2290.01 real, 381 MB, 1.04 load
[runlim] sample:		2299.65 time, 2300.01 real, 383 MB, 1.04 load
[runlim] sample:		2309.65 time, 2310.01 real, 386 MB, 1.03 load
[runlim] sample:		2319.65 time, 2320.01 real, 386 MB, 1.02 load
[runlim] sample:		2329.65 time, 2330.01 real, 389 MB, 1.02 load
[runlim] sample:		2339.65 time, 2340.01 real, 389 MB, 1.02 load
[runlim] sample:		2349.65 time, 2350.01 real, 389 MB, 1.01 load
[runlim] sample:		2359.65 time, 2360.01 real, 389 MB, 1.01 load
[runlim] sample:		2369.65 time, 2370.01 real, 377 MB, 1.01 load
[runlim] sample:		2379.65 time, 2380.01 real, 377 MB, 1.09 load
[runlim] sample:		2389.65 time, 2390.01 real, 377 MB, 1.07 load
[runlim] sample:		2399.65 time, 2400.01 real, 378 MB, 1.06 load
[runlim] sample:		2409.65 time, 2410.01 real, 379 MB, 1.05 load
[runlim] sample:		2419.65 time, 2420.01 real, 400 MB, 1.04 load
[runlim] sample:		2429.65 time, 2430.01 real, 379 MB, 1.04 load
[runlim] sample:		2439.64 time, 2440.01 real, 385 MB, 1.03 load
[runlim] sample:		2449.64 time, 2450.01 real, 385 MB, 1.02 load
[runlim] sample:		2459.64 time, 2460.01 real, 385 MB, 1.02 load
[runlim] sample:		2469.64 time, 2470.01 real, 392 MB, 1.02 load
[runlim] sample:		2479.64 time, 2480.01 real, 392 MB, 1.01 load
[runlim] sample:		2489.64 time, 2490.01 real, 392 MB, 1.01 load
[runlim] sample:		2499.64 time, 2500.01 real, 395 MB, 1.01 load
[runlim] sample:		2509.64 time, 2510.01 real, 395 MB, 1.01 load
[runlim] sample:		2519.64 time, 2520.01 real, 395 MB, 1.01 load
[runlim] sample:		2529.64 time, 2530.01 real, 396 MB, 1.00 load
[runlim] sample:		2539.64 time, 2540.01 real, 396 MB, 1.00 load
[runlim] sample:		2549.64 time, 2550.01 real, 396 MB, 1.00 load
[runlim] sample:		2559.64 time, 2560.01 real, 393 MB, 1.00 load
[runlim] sample:		2569.64 time, 2570.01 real, 393 MB, 1.00 load
[runlim] sample:		2579.64 time, 2580.01 real, 393 MB, 1.00 load
[runlim] sample:		2589.64 time, 2590.01 real, 393 MB, 1.00 load
[runlim] sample:		2599.64 time, 2600.01 real, 383 MB, 1.00 load
[runlim] sample:		2609.63 time, 2610.01 real, 383 MB, 1.00 load
[runlim] sample:		2619.63 time, 2620.01 real, 383 MB, 1.00 load
[runlim] sample:		2629.63 time, 2630.01 real, 381 MB, 1.00 load
[runlim] sample:		2639.63 time, 2640.01 real, 381 MB, 1.00 load
[runlim] sample:		2649.63 time, 2650.01 real, 381 MB, 1.00 load
[runlim] sample:		2659.63 time, 2660.01 real, 381 MB, 1.00 load
[runlim] sample:		2669.63 time, 2670.01 real, 381 MB, 1.00 load
[runlim] sample:		2679.63 time, 2680.01 real, 381 MB, 1.00 load
[runlim] sample:		2689.63 time, 2690.01 real, 381 MB, 1.00 load
[runlim] sample:		2699.63 time, 2700.01 real, 381 MB, 1.00 load
[runlim] sample:		2709.63 time, 2710.01 real, 383 MB, 1.00 load
[runlim] sample:		2719.63 time, 2720.01 real, 384 MB, 1.00 load
[runlim] sample:		2729.61 time, 2730.01 real, 384 MB, 1.00 load
[runlim] sample:		2739.61 time, 2740.01 real, 384 MB, 1.00 load
[runlim] sample:		2749.61 time, 2750.01 real, 384 MB, 1.00 load
[runlim] sample:		2759.61 time, 2760.01 real, 384 MB, 1.07 load
[runlim] sample:		2769.62 time, 2770.01 real, 384 MB, 1.06 load
[runlim] sample:		2779.62 time, 2780.01 real, 384 MB, 1.05 load
[runlim] sample:		2789.62 time, 2790.01 real, 384 MB, 1.04 load
[runlim] sample:		2799.62 time, 2800.01 real, 384 MB, 1.04 load
[runlim] sample:		2809.61 time, 2810.01 real, 385 MB, 1.03 load
[runlim] sample:		2819.61 time, 2820.01 real, 385 MB, 1.02 load
[runlim] sample:		2829.61 time, 2830.01 real, 385 MB, 1.02 load
[runlim] sample:		2839.61 time, 2840.01 real, 385 MB, 1.02 load
[runlim] sample:		2849.61 time, 2850.01 real, 385 MB, 1.01 load
[runlim] sample:		2859.61 time, 2860.01 real, 386 MB, 1.01 load
[runlim] sample:		2869.60 time, 2870.01 real, 386 MB, 1.01 load
[runlim] sample:		2879.60 time, 2880.01 real, 386 MB, 1.01 load
[runlim] sample:		2889.61 time, 2890.01 real, 386 MB, 1.01 load
[runlim] sample:		2899.61 time, 2900.01 real, 386 MB, 1.00 load
[runlim] sample:		2909.61 time, 2910.01 real, 387 MB, 1.00 load
[runlim] sample:		2919.61 time, 2920.01 real, 387 MB, 1.00 load
[runlim] sample:		2929.61 time, 2930.01 real, 387 MB, 1.00 load
[runlim] sample:		2939.61 time, 2940.01 real, 387 MB, 1.00 load
[runlim] sample:		2949.61 time, 2950.01 real, 387 MB, 1.00 load
[runlim] sample:		2959.61 time, 2960.01 real, 387 MB, 1.00 load
[runlim] sample:		2969.61 time, 2970.01 real, 387 MB, 1.00 load
[runlim] sample:		2979.61 time, 2980.01 real, 387 MB, 1.00 load
[runlim] sample:		2989.61 time, 2990.01 real, 391 MB, 1.00 load
[runlim] sample:		2999.61 time, 3000.01 real, 391 MB, 1.00 load
[runlim] sample:		3009.61 time, 3010.01 real, 391 MB, 1.07 load
[runlim] sample:		3019.61 time, 3020.01 real, 391 MB, 1.06 load
[runlim] sample:		3029.60 time, 3030.01 real, 398 MB, 1.05 load
[runlim] sample:		3039.60 time, 3040.01 real, 398 MB, 1.04 load
[runlim] sample:		3049.60 time, 3050.01 real, 398 MB, 1.04 load
[runlim] sample:		3059.59 time, 3060.01 real, 402 MB, 1.03 load
[runlim] sample:		3069.59 time, 3070.01 real, 402 MB, 1.02 load
[runlim] sample:		3079.59 time, 3080.01 real, 402 MB, 1.02 load
[runlim] sample:		3089.59 time, 3090.01 real, 402 MB, 1.02 load
[runlim] sample:		3099.60 time, 3100.01 real, 406 MB, 1.01 load
[runlim] sample:		3109.59 time, 3110.01 real, 406 MB, 1.01 load
[runlim] sample:		3119.59 time, 3120.01 real, 406 MB, 1.01 load
[runlim] sample:		3129.59 time, 3130.01 real, 403 MB, 1.01 load
[runlim] sample:		3139.59 time, 3140.01 real, 403 MB, 1.01 load
[runlim] sample:		3149.59 time, 3150.01 real, 403 MB, 1.00 load
[runlim] sample:		3159.59 time, 3160.01 real, 403 MB, 1.00 load
[runlim] sample:		3169.60 time, 3170.01 real, 403 MB, 1.00 load
[runlim] sample:		3179.60 time, 3180.01 real, 403 MB, 1.00 load
[runlim] sample:		3189.59 time, 3190.01 real, 403 MB, 1.00 load
[runlim] sample:		3199.60 time, 3200.01 real, 404 MB, 1.00 load
[runlim] sample:		3209.60 time, 3210.01 real, 404 MB, 1.00 load
[runlim] sample:		3219.60 time, 3220.01 real, 404 MB, 1.00 load
[runlim] sample:		3229.59 time, 3230.01 real, 404 MB, 1.00 load
[runlim] sample:		3239.59 time, 3240.01 real, 404 MB, 1.00 load
[runlim] sample:		3249.59 time, 3250.01 real, 404 MB, 1.00 load
[runlim] sample:		3259.59 time, 3260.01 real, 406 MB, 1.07 load
[runlim] sample:		3269.59 time, 3270.01 real, 406 MB, 1.06 load
[runlim] sample:		3279.59 time, 3280.01 real, 406 MB, 1.05 load
[runlim] sample:		3289.59 time, 3290.01 real, 404 MB, 1.04 load
[runlim] sample:		3299.59 time, 3300.01 real, 404 MB, 1.04 load
[runlim] sample:		3309.58 time, 3310.01 real, 404 MB, 1.03 load
[runlim] sample:		3319.59 time, 3320.01 real, 405 MB, 1.02 load
[runlim] sample:		3329.59 time, 3330.01 real, 405 MB, 1.02 load
[runlim] sample:		3339.59 time, 3340.01 real, 405 MB, 1.02 load
[runlim] sample:		3349.59 time, 3350.01 real, 405 MB, 1.01 load
[runlim] sample:		3359.58 time, 3360.01 real, 404 MB, 1.01 load
[runlim] sample:		3369.58 time, 3370.01 real, 404 MB, 1.01 load
[runlim] sample:		3379.58 time, 3380.01 real, 404 MB, 1.09 load
[runlim] sample:		3389.58 time, 3390.01 real, 404 MB, 1.07 load
[runlim] sample:		3399.57 time, 3400.01 real, 403 MB, 1.06 load
[runlim] sample:		3409.57 time, 3410.01 real, 403 MB, 1.05 load
[runlim] sample:		3419.57 time, 3420.01 real, 403 MB, 1.04 load
[runlim] sample:		3429.58 time, 3430.01 real, 407 MB, 1.04 load
[runlim] sample:		3439.58 time, 3440.01 real, 407 MB, 1.03 load
[runlim] sample:		3449.58 time, 3450.01 real, 407 MB, 1.02 load
[runlim] sample:		3459.58 time, 3460.01 real, 407 MB, 1.02 load
[runlim] sample:		3469.58 time, 3470.01 real, 409 MB, 1.02 load
[runlim] sample:		3479.58 time, 3480.01 real, 409 MB, 1.01 load
[runlim] sample:		3489.57 time, 3490.01 real, 409 MB, 1.01 load
[runlim] sample:		3499.58 time, 3500.01 real, 408 MB, 1.01 load
[runlim] sample:		3509.58 time, 3510.01 real, 408 MB, 1.01 load
[runlim] sample:		3519.57 time, 3520.01 real, 408 MB, 1.01 load
[runlim] sample:		3529.57 time, 3530.01 real, 411 MB, 1.00 load
[runlim] sample:		3539.57 time, 3540.01 real, 411 MB, 1.00 load
[runlim] sample:		3549.57 time, 3550.01 real, 411 MB, 1.00 load
[runlim] sample:		3559.57 time, 3560.01 real, 411 MB, 1.00 load
[runlim] sample:		3569.57 time, 3570.01 real, 410 MB, 1.00 load
[runlim] sample:		3579.57 time, 3580.01 real, 410 MB, 1.00 load
[runlim] sample:		3589.57 time, 3590.01 real, 410 MB, 1.00 load
[runlim] sample:		3599.57 time, 3600.01 real, 410 MB, 1.00 load
[runlim] end:			Wed Aug 26 07:14:09 2026
[runlim] status:		out of time
[runlim] result:		2
[runlim] children:		1
[runlim] processes:		2
[runlim] real:			3601.04 seconds
[runlim] time:			3599.57 seconds
[runlim] space:			529 MB
[runlim] load:			1.38 maximum
[runlim] samples:		36000
