[runlim] version:		2.0.0rc12
[runlim] host:			fjssp-instance
[runlim] time limit:		311040000 seconds
[runlim] real time limit:	3600 seconds
[runlim] space limit:		14000 MB
[runlim] argv[0]:		python3
[runlim] argv[1]:		-u
[runlim] argv[2]:		dummy_operation.py
[runlim] argv[3]:		--input
[runlim] argv[4]:		datasets/brandimarte/MK05
[runlim] argv[5]:		--sb
[runlim] argv[6]:		--factories
[runlim] argv[7]:		2
[runlim] argv[8]:		--full_transitive
[runlim] start:			Thu Aug 20 01:39:49 2026
[runlim] child:			3742
[*] Loading data from file: datasets/brandimarte/MK05
[*] Running D-FJSSP SAT Solver with 2 factories, Symmetry Breaking = ON, Transitive E* = FULL
===========================================================================
 D-FJSSP SAT SOLVER - PARALLEL FACTORIES SCHEDULING
===========================================================================
  -> Operations: 106 | Jobs: 15 | Machines: 4 | Factories: 2

[*] Running Greedy Heuristic...
  -> Greedy Solution: Makespan = 107 (0.0003s)

[*] Initializing and solving the SAT model...
------------------------------------------------------------------
[*] Trying with Upper Bound = 107...
  SAT ! Makespan = 107
  Schedule is valid with Makespan = 107
  Total time: 0.4444 seconds
------------------------------------------------------------------
[*] Trying with Upper Bound = 106...
  SAT ! Makespan = 106
  Schedule is valid with Makespan = 106
  Total time: 0.4745 seconds
------------------------------------------------------------------
[*] Trying with Upper Bound = 105...
  SAT ! Makespan = 105
  Schedule is valid with Makespan = 105
  Total time: 0.5216 seconds
------------------------------------------------------------------
[*] Trying with Upper Bound = 104...
  SAT ! Makespan = 104
  Schedule is valid with Makespan = 104
  Total time: 0.7791 seconds
------------------------------------------------------------------
[*] Trying with Upper Bound = 103...
  SAT ! Makespan = 103
  Schedule is valid with Makespan = 103
  Total time: 1.6222 seconds
------------------------------------------------------------------
[*] Trying with Upper Bound = 102...
  SAT ! Makespan = 102
  Schedule is valid with Makespan = 102
  Total time: 1.7153 seconds
------------------------------------------------------------------
[*] Trying with Upper Bound = 101...
  SAT ! Makespan = 101
  Schedule is valid with Makespan = 101
  Total time: 1.7294 seconds
------------------------------------------------------------------
[*] Trying with Upper Bound = 100...
  SAT ! Makespan = 100
  Schedule is valid with Makespan = 100
  Total time: 2.1204 seconds
------------------------------------------------------------------
[*] Trying with Upper Bound = 99...
  SAT ! Makespan = 99
  Schedule is valid with Makespan = 99
  Total time: 2.2099 seconds
------------------------------------------------------------------
[*] Trying with Upper Bound = 98...
  SAT ! Makespan = 98
  Schedule is valid with Makespan = 98
  Total time: 3.0284 seconds
------------------------------------------------------------------
[*] Trying with Upper Bound = 97...
  SAT ! Makespan = 97
  Schedule is valid with Makespan = 97
  Total time: 3.4911 seconds
------------------------------------------------------------------
[*] Trying with Upper Bound = 96...
  SAT ! Makespan = 96
  Schedule is valid with Makespan = 96
  Total time: 3.8256 seconds
------------------------------------------------------------------
[*] Trying with Upper Bound = 95...
  SAT ! Makespan = 95
  Schedule is valid with Makespan = 95
  Total time: 4.6647 seconds
------------------------------------------------------------------
[*] Trying with Upper Bound = 94...
  SAT ! Makespan = 94
  Schedule is valid with Makespan = 94
  Total time: 5.0633 seconds
------------------------------------------------------------------
[*] Trying with Upper Bound = 93...
  SAT ! Makespan = 93
  Schedule is valid with Makespan = 93
  Total time: 5.5748 seconds
------------------------------------------------------------------
[*] Trying with Upper Bound = 92...
  SAT ! Makespan = 92
  Schedule is valid with Makespan = 92
  Total time: 5.9730 seconds
------------------------------------------------------------------
[*] Trying with Upper Bound = 91...
  SAT ! Makespan = 91
  Schedule is valid with Makespan = 91
  Total time: 8.7605 seconds
------------------------------------------------------------------
[*] Trying with Upper Bound = 90...
[runlim] sample:		10.00 time, 10.01 real, 115 MB, 0.54 load
  SAT ! Makespan = 90
  Schedule is valid with Makespan = 90
  Total time: 17.6660 seconds
------------------------------------------------------------------
[*] Trying with Upper Bound = 89...
[runlim] sample:		19.99 time, 20.01 real, 91 MB, 0.61 load
[runlim] sample:		29.99 time, 30.01 real, 105 MB, 0.67 load
[runlim] sample:		39.99 time, 40.01 real, 105 MB, 0.72 load
[runlim] sample:		49.99 time, 50.01 real, 105 MB, 0.76 load
[runlim] sample:		59.98 time, 60.01 real, 122 MB, 0.80 load
  SAT ! Makespan = 89
  Schedule is valid with Makespan = 89
  Total time: 67.3831 seconds
------------------------------------------------------------------
[*] Trying with Upper Bound = 88...
[runlim] sample:		69.99 time, 70.01 real, 122 MB, 0.83 load
[runlim] sample:		79.98 time, 80.01 real, 138 MB, 0.86 load
[runlim] sample:		89.98 time, 90.01 real, 139 MB, 0.88 load
[runlim] sample:		99.98 time, 100.01 real, 142 MB, 0.90 load
[runlim] sample:		109.99 time, 110.01 real, 126 MB, 0.92 load
[runlim] sample:		119.98 time, 120.01 real, 146 MB, 0.93 load
[runlim] sample:		129.98 time, 130.01 real, 130 MB, 0.94 load
[runlim] sample:		139.97 time, 140.01 real, 144 MB, 0.95 load
[runlim] sample:		149.97 time, 150.01 real, 144 MB, 0.96 load
[runlim] sample:		159.97 time, 160.01 real, 146 MB, 0.96 load
[runlim] sample:		169.97 time, 170.01 real, 149 MB, 0.97 load
[runlim] sample:		179.97 time, 180.01 real, 150 MB, 0.98 load
[runlim] sample:		189.98 time, 190.01 real, 152 MB, 0.98 load
[runlim] sample:		199.98 time, 200.01 real, 152 MB, 0.98 load
[runlim] sample:		209.97 time, 210.01 real, 153 MB, 0.99 load
[runlim] sample:		219.97 time, 220.01 real, 154 MB, 0.99 load
[runlim] sample:		229.97 time, 230.01 real, 111 MB, 0.99 load
[runlim] sample:		239.97 time, 240.01 real, 134 MB, 0.99 load
[runlim] sample:		249.97 time, 250.01 real, 136 MB, 0.99 load
[runlim] sample:		259.97 time, 260.01 real, 164 MB, 1.00 load
[runlim] sample:		269.97 time, 270.01 real, 164 MB, 1.00 load
[runlim] sample:		279.97 time, 280.01 real, 164 MB, 1.00 load
[runlim] sample:		289.97 time, 290.01 real, 164 MB, 1.00 load
[runlim] sample:		299.96 time, 300.01 real, 192 MB, 1.00 load
[runlim] sample:		309.96 time, 310.01 real, 115 MB, 1.00 load
[runlim] sample:		319.97 time, 320.01 real, 115 MB, 1.00 load
[runlim] sample:		329.95 time, 330.01 real, 173 MB, 1.00 load
[runlim] sample:		339.95 time, 340.01 real, 173 MB, 1.00 load
[runlim] sample:		349.95 time, 350.01 real, 173 MB, 1.00 load
[runlim] sample:		359.94 time, 360.01 real, 173 MB, 1.00 load
[runlim] sample:		369.95 time, 370.01 real, 113 MB, 1.00 load
[runlim] sample:		379.95 time, 380.01 real, 140 MB, 1.07 load
[runlim] sample:		389.94 time, 390.01 real, 161 MB, 1.06 load
[runlim] sample:		399.94 time, 400.01 real, 161 MB, 1.05 load
[runlim] sample:		409.94 time, 410.01 real, 161 MB, 1.04 load
[runlim] sample:		419.94 time, 420.01 real, 173 MB, 1.04 load
[runlim] sample:		429.94 time, 430.01 real, 173 MB, 1.03 load
[runlim] sample:		439.94 time, 440.01 real, 173 MB, 1.02 load
[runlim] sample:		449.94 time, 450.01 real, 176 MB, 1.02 load
[runlim] sample:		459.94 time, 460.01 real, 176 MB, 1.02 load
[runlim] sample:		469.94 time, 470.01 real, 176 MB, 1.01 load
[runlim] sample:		479.93 time, 480.01 real, 181 MB, 1.01 load
[runlim] sample:		489.93 time, 490.01 real, 181 MB, 1.01 load
[runlim] sample:		499.93 time, 500.01 real, 181 MB, 1.01 load
[runlim] sample:		509.93 time, 510.01 real, 209 MB, 1.01 load
[runlim] sample:		519.93 time, 520.01 real, 209 MB, 1.00 load
[runlim] sample:		529.93 time, 530.01 real, 214 MB, 1.00 load
[runlim] sample:		539.93 time, 540.01 real, 214 MB, 1.00 load
[runlim] sample:		549.93 time, 550.01 real, 214 MB, 1.00 load
[runlim] sample:		559.93 time, 560.01 real, 215 MB, 1.00 load
[runlim] sample:		569.93 time, 570.01 real, 215 MB, 1.00 load
[runlim] sample:		579.93 time, 580.01 real, 215 MB, 1.00 load
[runlim] sample:		589.92 time, 590.01 real, 217 MB, 1.00 load
[runlim] sample:		599.92 time, 600.01 real, 217 MB, 1.00 load
[runlim] sample:		609.92 time, 610.01 real, 217 MB, 1.00 load
[runlim] sample:		619.92 time, 620.01 real, 217 MB, 1.00 load
[runlim] sample:		629.92 time, 630.01 real, 218 MB, 1.00 load
[runlim] sample:		639.92 time, 640.01 real, 218 MB, 1.00 load
[runlim] sample:		649.90 time, 650.01 real, 218 MB, 1.00 load
[runlim] sample:		659.90 time, 660.01 real, 220 MB, 1.00 load
[runlim] sample:		669.90 time, 670.01 real, 220 MB, 1.00 load
[runlim] sample:		679.90 time, 680.01 real, 220 MB, 1.00 load
[runlim] sample:		689.90 time, 690.01 real, 222 MB, 1.00 load
[runlim] sample:		699.90 time, 700.01 real, 222 MB, 1.00 load
[runlim] sample:		709.90 time, 710.01 real, 222 MB, 1.00 load
[runlim] sample:		719.90 time, 720.01 real, 222 MB, 1.00 load
[runlim] sample:		729.89 time, 730.01 real, 160 MB, 1.00 load
[runlim] sample:		739.89 time, 740.01 real, 160 MB, 1.00 load
[runlim] sample:		749.89 time, 750.01 real, 160 MB, 1.00 load
[runlim] sample:		759.88 time, 760.01 real, 160 MB, 1.00 load
[runlim] sample:		769.89 time, 770.01 real, 161 MB, 1.00 load
[runlim] sample:		779.89 time, 780.01 real, 161 MB, 1.00 load
[runlim] sample:		789.89 time, 790.01 real, 161 MB, 1.00 load
[runlim] sample:		799.89 time, 800.01 real, 167 MB, 1.00 load
[runlim] sample:		809.89 time, 810.01 real, 167 MB, 1.00 load
[runlim] sample:		819.88 time, 820.01 real, 167 MB, 1.00 load
[runlim] sample:		829.88 time, 830.01 real, 167 MB, 1.00 load
[runlim] sample:		839.88 time, 840.01 real, 167 MB, 1.00 load
[runlim] sample:		849.88 time, 850.01 real, 167 MB, 1.00 load
[runlim] sample:		859.88 time, 860.01 real, 167 MB, 1.00 load
[runlim] sample:		869.88 time, 870.01 real, 168 MB, 1.00 load
[runlim] sample:		879.88 time, 880.01 real, 168 MB, 1.00 load
[runlim] sample:		889.88 time, 890.01 real, 168 MB, 1.00 load
[runlim] sample:		899.88 time, 900.01 real, 168 MB, 1.00 load
[runlim] sample:		909.88 time, 910.01 real, 168 MB, 1.00 load
[runlim] sample:		919.88 time, 920.01 real, 168 MB, 1.00 load
[runlim] sample:		929.88 time, 930.01 real, 168 MB, 1.00 load
[runlim] sample:		939.88 time, 940.01 real, 171 MB, 1.00 load
[runlim] sample:		949.87 time, 950.01 real, 176 MB, 1.00 load
[runlim] sample:		959.88 time, 960.01 real, 174 MB, 1.00 load
[runlim] sample:		969.88 time, 970.01 real, 174 MB, 1.00 load
[runlim] sample:		979.87 time, 980.01 real, 174 MB, 1.00 load
[runlim] sample:		989.88 time, 990.01 real, 169 MB, 1.00 load
[runlim] sample:		999.87 time, 1000.01 real, 170 MB, 1.00 load
[runlim] sample:		1009.87 time, 1010.01 real, 170 MB, 1.00 load
[runlim] sample:		1019.87 time, 1020.01 real, 173 MB, 1.00 load
[runlim] sample:		1029.87 time, 1030.01 real, 175 MB, 1.00 load
[runlim] sample:		1039.87 time, 1040.01 real, 175 MB, 1.00 load
[runlim] sample:		1049.87 time, 1050.01 real, 175 MB, 1.00 load
[runlim] sample:		1059.87 time, 1060.01 real, 177 MB, 1.00 load
[runlim] sample:		1069.87 time, 1070.01 real, 174 MB, 1.00 load
[runlim] sample:		1079.86 time, 1080.01 real, 173 MB, 1.00 load
[runlim] sample:		1089.87 time, 1090.01 real, 174 MB, 1.00 load
[runlim] sample:		1099.87 time, 1100.01 real, 176 MB, 1.00 load
[runlim] sample:		1109.87 time, 1110.01 real, 177 MB, 1.00 load
[runlim] sample:		1119.86 time, 1120.01 real, 175 MB, 1.00 load
[runlim] sample:		1129.86 time, 1130.01 real, 181 MB, 1.00 load
[runlim] sample:		1139.86 time, 1140.01 real, 173 MB, 1.00 load
[runlim] sample:		1149.86 time, 1150.01 real, 176 MB, 1.00 load
[runlim] sample:		1159.86 time, 1160.01 real, 176 MB, 1.00 load
[runlim] sample:		1169.86 time, 1170.01 real, 175 MB, 1.00 load
[runlim] sample:		1179.86 time, 1180.01 real, 175 MB, 1.00 load
[runlim] sample:		1189.86 time, 1190.01 real, 173 MB, 1.00 load
[runlim] sample:		1199.86 time, 1200.01 real, 175 MB, 1.00 load
[runlim] sample:		1209.86 time, 1210.01 real, 177 MB, 1.00 load
[runlim] sample:		1219.86 time, 1220.01 real, 177 MB, 1.00 load
[runlim] sample:		1229.85 time, 1230.01 real, 173 MB, 1.00 load
[runlim] sample:		1239.85 time, 1240.01 real, 175 MB, 1.00 load
[runlim] sample:		1249.84 time, 1250.01 real, 175 MB, 1.00 load
[runlim] sample:		1259.84 time, 1260.01 real, 176 MB, 1.00 load
[runlim] sample:		1269.84 time, 1270.01 real, 175 MB, 1.00 load
[runlim] sample:		1279.84 time, 1280.01 real, 177 MB, 1.00 load
[runlim] sample:		1289.84 time, 1290.01 real, 175 MB, 1.00 load
[runlim] sample:		1299.84 time, 1300.01 real, 174 MB, 1.00 load
[runlim] sample:		1309.83 time, 1310.01 real, 175 MB, 1.00 load
[runlim] sample:		1319.84 time, 1320.01 real, 178 MB, 1.00 load
[runlim] sample:		1329.84 time, 1330.01 real, 178 MB, 1.00 load
[runlim] sample:		1339.84 time, 1340.01 real, 180 MB, 1.00 load
[runlim] sample:		1349.84 time, 1350.01 real, 175 MB, 1.00 load
[runlim] sample:		1359.84 time, 1360.01 real, 178 MB, 1.00 load
[runlim] sample:		1369.83 time, 1370.01 real, 175 MB, 1.00 load
[runlim] sample:		1379.83 time, 1380.01 real, 175 MB, 1.00 load
[runlim] sample:		1389.83 time, 1390.01 real, 176 MB, 1.00 load
[runlim] sample:		1399.83 time, 1400.01 real, 175 MB, 1.00 load
[runlim] sample:		1409.83 time, 1410.01 real, 176 MB, 1.00 load
[runlim] sample:		1419.83 time, 1420.01 real, 176 MB, 1.00 load
[runlim] sample:		1429.83 time, 1430.01 real, 177 MB, 1.00 load
[runlim] sample:		1439.82 time, 1440.01 real, 178 MB, 1.00 load
[runlim] sample:		1449.83 time, 1450.01 real, 176 MB, 1.00 load
[runlim] sample:		1459.83 time, 1460.01 real, 177 MB, 1.00 load
[runlim] sample:		1469.82 time, 1470.01 real, 177 MB, 1.00 load
[runlim] sample:		1479.83 time, 1480.01 real, 177 MB, 1.00 load
[runlim] sample:		1489.82 time, 1490.01 real, 178 MB, 1.00 load
  SAT ! Makespan = 88
  Schedule is valid with Makespan = 88
  Total time: 1497.4294 seconds
------------------------------------------------------------------
[*] Trying with Upper Bound = 87...
[runlim] sample:		1499.82 time, 1500.01 real, 176 MB, 1.00 load
[runlim] sample:		1509.82 time, 1510.01 real, 176 MB, 1.00 load
[runlim] sample:		1519.82 time, 1520.01 real, 175 MB, 1.00 load
[runlim] sample:		1529.82 time, 1530.01 real, 177 MB, 1.00 load
[runlim] sample:		1539.81 time, 1540.01 real, 171 MB, 1.00 load
[runlim] sample:		1549.81 time, 1550.01 real, 171 MB, 1.00 load
[runlim] sample:		1559.82 time, 1560.01 real, 173 MB, 1.00 load
[runlim] sample:		1569.82 time, 1570.01 real, 181 MB, 1.00 load
[runlim] sample:		1579.82 time, 1580.01 real, 178 MB, 1.00 load
[runlim] sample:		1589.82 time, 1590.01 real, 180 MB, 1.00 load
[runlim] sample:		1599.81 time, 1600.01 real, 180 MB, 1.00 load
[runlim] sample:		1609.81 time, 1610.01 real, 185 MB, 1.00 load
[runlim] sample:		1619.81 time, 1620.01 real, 185 MB, 1.00 load
[runlim] sample:		1629.81 time, 1630.01 real, 177 MB, 1.07 load
[runlim] sample:		1639.81 time, 1640.01 real, 177 MB, 1.06 load
[runlim] sample:		1649.81 time, 1650.01 real, 179 MB, 1.05 load
[runlim] sample:		1659.81 time, 1660.01 real, 179 MB, 1.04 load
[runlim] sample:		1669.80 time, 1670.01 real, 184 MB, 1.04 load
[runlim] sample:		1679.80 time, 1680.01 real, 184 MB, 1.03 load
[runlim] sample:		1689.80 time, 1690.01 real, 185 MB, 1.02 load
[runlim] sample:		1699.80 time, 1700.01 real, 185 MB, 1.02 load
[runlim] sample:		1709.81 time, 1710.01 real, 186 MB, 1.02 load
[runlim] sample:		1719.80 time, 1720.01 real, 186 MB, 1.01 load
[runlim] sample:		1729.81 time, 1730.01 real, 192 MB, 1.01 load
[runlim] sample:		1739.81 time, 1740.01 real, 192 MB, 1.01 load
[runlim] sample:		1749.81 time, 1750.01 real, 192 MB, 1.01 load
[runlim] sample:		1759.80 time, 1760.01 real, 193 MB, 1.01 load
[runlim] sample:		1769.80 time, 1770.01 real, 193 MB, 1.00 load
[runlim] sample:		1779.79 time, 1780.01 real, 193 MB, 1.00 load
[runlim] sample:		1789.80 time, 1790.01 real, 202 MB, 1.00 load
[runlim] sample:		1799.80 time, 1800.01 real, 207 MB, 1.00 load
[runlim] sample:		1809.80 time, 1810.01 real, 212 MB, 1.00 load
[runlim] sample:		1819.80 time, 1820.01 real, 212 MB, 1.00 load
[runlim] sample:		1829.79 time, 1830.01 real, 217 MB, 1.00 load
[runlim] sample:		1839.79 time, 1840.01 real, 217 MB, 1.08 load
[runlim] sample:		1849.77 time, 1850.01 real, 214 MB, 1.07 load
[runlim] sample:		1859.77 time, 1860.01 real, 199 MB, 1.06 load
[runlim] sample:		1869.77 time, 1870.01 real, 207 MB, 1.05 load
[runlim] sample:		1879.77 time, 1880.01 real, 213 MB, 1.04 load
[runlim] sample:		1889.77 time, 1890.01 real, 206 MB, 1.03 load
[runlim] sample:		1899.76 time, 1900.01 real, 203 MB, 1.03 load
[runlim] sample:		1909.76 time, 1910.01 real, 203 MB, 1.02 load
[runlim] sample:		1919.77 time, 1920.01 real, 205 MB, 1.02 load
[runlim] sample:		1929.77 time, 1930.01 real, 211 MB, 1.02 load
[runlim] sample:		1939.77 time, 1940.01 real, 212 MB, 1.01 load
[runlim] sample:		1949.76 time, 1950.01 real, 204 MB, 1.01 load
[runlim] sample:		1959.76 time, 1960.01 real, 208 MB, 1.01 load
[runlim] sample:		1969.76 time, 1970.01 real, 208 MB, 1.01 load
[runlim] sample:		1979.76 time, 1980.01 real, 208 MB, 1.00 load
[runlim] sample:		1989.76 time, 1990.01 real, 206 MB, 1.00 load
[runlim] sample:		1999.75 time, 2000.01 real, 198 MB, 1.00 load
[runlim] sample:		2009.75 time, 2010.01 real, 198 MB, 1.00 load
[runlim] sample:		2019.75 time, 2020.01 real, 198 MB, 1.00 load
[runlim] sample:		2029.76 time, 2030.01 real, 198 MB, 1.00 load
[runlim] sample:		2039.76 time, 2040.01 real, 198 MB, 1.00 load
[runlim] sample:		2049.75 time, 2050.01 real, 199 MB, 1.00 load
[runlim] sample:		2059.75 time, 2060.01 real, 199 MB, 1.00 load
[runlim] sample:		2069.75 time, 2070.01 real, 199 MB, 1.00 load
[runlim] sample:		2079.76 time, 2080.01 real, 201 MB, 1.00 load
[runlim] sample:		2089.76 time, 2090.01 real, 201 MB, 1.00 load
[runlim] sample:		2099.75 time, 2100.01 real, 201 MB, 1.00 load
[runlim] sample:		2109.75 time, 2110.01 real, 202 MB, 1.00 load
[runlim] sample:		2119.75 time, 2120.01 real, 202 MB, 1.00 load
[runlim] sample:		2129.75 time, 2130.01 real, 202 MB, 1.07 load
[runlim] sample:		2139.75 time, 2140.01 real, 203 MB, 1.06 load
[runlim] sample:		2149.74 time, 2150.01 real, 203 MB, 1.05 load
[runlim] sample:		2159.75 time, 2160.01 real, 203 MB, 1.04 load
[runlim] sample:		2169.74 time, 2170.01 real, 209 MB, 1.04 load
[runlim] sample:		2179.74 time, 2180.01 real, 209 MB, 1.03 load
[runlim] sample:		2189.74 time, 2190.01 real, 209 MB, 1.02 load
[runlim] sample:		2199.74 time, 2200.01 real, 210 MB, 1.02 load
[runlim] sample:		2209.74 time, 2210.01 real, 210 MB, 1.02 load
[runlim] sample:		2219.74 time, 2220.01 real, 210 MB, 1.01 load
[runlim] sample:		2229.74 time, 2230.01 real, 210 MB, 1.01 load
[runlim] sample:		2239.74 time, 2240.01 real, 210 MB, 1.01 load
[runlim] sample:		2249.74 time, 2250.01 real, 210 MB, 1.01 load
[runlim] sample:		2259.74 time, 2260.01 real, 211 MB, 1.01 load
[runlim] sample:		2269.73 time, 2270.01 real, 213 MB, 1.00 load
[runlim] sample:		2279.73 time, 2280.01 real, 213 MB, 1.00 load
[runlim] sample:		2289.74 time, 2290.01 real, 213 MB, 1.00 load
[runlim] sample:		2299.74 time, 2300.01 real, 213 MB, 1.00 load
[runlim] sample:		2309.73 time, 2310.01 real, 213 MB, 1.00 load
[runlim] sample:		2319.74 time, 2320.01 real, 214 MB, 1.00 load
[runlim] sample:		2329.73 time, 2330.01 real, 214 MB, 1.00 load
[runlim] sample:		2339.73 time, 2340.01 real, 214 MB, 1.00 load
[runlim] sample:		2349.72 time, 2350.01 real, 214 MB, 1.00 load
[runlim] sample:		2359.72 time, 2360.01 real, 214 MB, 1.00 load
[runlim] sample:		2369.72 time, 2370.01 real, 214 MB, 1.00 load
[runlim] sample:		2379.73 time, 2380.01 real, 214 MB, 1.00 load
[runlim] sample:		2389.73 time, 2390.01 real, 214 MB, 1.00 load
[runlim] sample:		2399.73 time, 2400.01 real, 214 MB, 1.00 load
[runlim] sample:		2409.73 time, 2410.01 real, 215 MB, 1.00 load
[runlim] sample:		2419.73 time, 2420.01 real, 215 MB, 1.00 load
[runlim] sample:		2429.73 time, 2430.01 real, 215 MB, 1.00 load
[runlim] sample:		2439.67 time, 2440.01 real, 215 MB, 1.16 load
[runlim] sample:		2449.66 time, 2450.01 real, 215 MB, 1.13 load
[runlim] sample:		2459.66 time, 2460.01 real, 215 MB, 1.11 load
[runlim] sample:		2469.66 time, 2470.01 real, 215 MB, 1.10 load
[runlim] sample:		2479.66 time, 2480.01 real, 215 MB, 1.08 load
[runlim] sample:		2489.66 time, 2490.01 real, 215 MB, 1.07 load
[runlim] sample:		2499.66 time, 2500.01 real, 215 MB, 1.14 load
[runlim] sample:		2509.65 time, 2510.01 real, 215 MB, 1.12 load
[runlim] sample:		2519.65 time, 2520.01 real, 215 MB, 1.10 load
[runlim] sample:		2529.65 time, 2530.01 real, 216 MB, 1.08 load
[runlim] sample:		2539.65 time, 2540.01 real, 216 MB, 1.07 load
[runlim] sample:		2549.65 time, 2550.01 real, 216 MB, 1.06 load
[runlim] sample:		2559.66 time, 2560.01 real, 216 MB, 1.05 load
[runlim] sample:		2569.66 time, 2570.01 real, 216 MB, 1.04 load
[runlim] sample:		2579.66 time, 2580.01 real, 216 MB, 1.03 load
[runlim] sample:		2589.65 time, 2590.01 real, 216 MB, 1.03 load
[runlim] sample:		2599.65 time, 2600.01 real, 216 MB, 1.02 load
[runlim] sample:		2609.65 time, 2610.01 real, 216 MB, 1.02 load
[runlim] sample:		2619.65 time, 2620.01 real, 217 MB, 1.02 load
[runlim] sample:		2629.65 time, 2630.01 real, 217 MB, 1.01 load
[runlim] sample:		2639.65 time, 2640.01 real, 217 MB, 1.01 load
[runlim] sample:		2649.65 time, 2650.01 real, 217 MB, 1.01 load
[runlim] sample:		2659.64 time, 2660.01 real, 217 MB, 1.01 load
[runlim] sample:		2669.64 time, 2670.01 real, 217 MB, 1.00 load
[runlim] sample:		2679.64 time, 2680.01 real, 217 MB, 1.00 load
[runlim] sample:		2689.64 time, 2690.01 real, 217 MB, 1.00 load
[runlim] sample:		2699.64 time, 2700.01 real, 217 MB, 1.00 load
[runlim] sample:		2709.64 time, 2710.01 real, 217 MB, 1.00 load
[runlim] sample:		2719.65 time, 2720.01 real, 217 MB, 1.00 load
[runlim] sample:		2729.65 time, 2730.01 real, 217 MB, 1.00 load
[runlim] sample:		2739.65 time, 2740.01 real, 217 MB, 1.00 load
[runlim] sample:		2749.64 time, 2750.01 real, 217 MB, 1.00 load
[runlim] sample:		2759.64 time, 2760.01 real, 217 MB, 1.00 load
[runlim] sample:		2769.64 time, 2770.01 real, 217 MB, 1.00 load
[runlim] sample:		2779.64 time, 2780.01 real, 217 MB, 1.00 load
[runlim] sample:		2789.63 time, 2790.01 real, 231 MB, 1.00 load
[runlim] sample:		2799.63 time, 2800.01 real, 231 MB, 1.00 load
[runlim] sample:		2809.63 time, 2810.01 real, 231 MB, 1.00 load
[runlim] sample:		2819.63 time, 2820.01 real, 231 MB, 1.00 load
[runlim] sample:		2829.63 time, 2830.01 real, 231 MB, 1.00 load
[runlim] sample:		2839.63 time, 2840.01 real, 231 MB, 1.00 load
[runlim] sample:		2849.63 time, 2850.01 real, 231 MB, 1.00 load
[runlim] sample:		2859.63 time, 2860.01 real, 231 MB, 1.00 load
[runlim] sample:		2869.63 time, 2870.01 real, 231 MB, 1.00 load
[runlim] sample:		2879.62 time, 2880.01 real, 231 MB, 1.00 load
[runlim] sample:		2889.62 time, 2890.01 real, 231 MB, 1.00 load
[runlim] sample:		2899.63 time, 2900.01 real, 231 MB, 1.00 load
[runlim] sample:		2909.63 time, 2910.01 real, 231 MB, 1.00 load
[runlim] sample:		2919.63 time, 2920.01 real, 231 MB, 1.00 load
[runlim] sample:		2929.62 time, 2930.01 real, 232 MB, 1.00 load
[runlim] sample:		2939.62 time, 2940.01 real, 232 MB, 1.00 load
[runlim] sample:		2949.63 time, 2950.01 real, 237 MB, 1.00 load
[runlim] sample:		2959.63 time, 2960.01 real, 237 MB, 1.00 load
[runlim] sample:		2969.63 time, 2970.01 real, 239 MB, 1.00 load
[runlim] sample:		2979.62 time, 2980.01 real, 231 MB, 1.00 load
[runlim] sample:		2989.62 time, 2990.01 real, 231 MB, 1.00 load
[runlim] sample:		2999.63 time, 3000.01 real, 232 MB, 1.00 load
[runlim] sample:		3009.63 time, 3010.01 real, 231 MB, 1.00 load
[runlim] sample:		3019.63 time, 3020.01 real, 231 MB, 1.00 load
[runlim] sample:		3029.63 time, 3030.01 real, 239 MB, 1.00 load
[runlim] sample:		3039.62 time, 3040.01 real, 234 MB, 1.00 load
[runlim] sample:		3049.62 time, 3050.01 real, 235 MB, 1.15 load
[runlim] sample:		3059.61 time, 3060.01 real, 232 MB, 1.12 load
[runlim] sample:		3069.42 time, 3070.01 real, 234 MB, 1.10 load
[runlim] sample:		3078.83 time, 3080.01 real, 234 MB, 1.16 load
[runlim] sample:		3088.78 time, 3090.01 real, 238 MB, 1.14 load
[runlim] sample:		3098.77 time, 3100.01 real, 239 MB, 1.11 load
[runlim] sample:		3108.77 time, 3110.01 real, 239 MB, 1.10 load
[runlim] sample:		3118.77 time, 3120.01 real, 243 MB, 1.08 load
[runlim] sample:		3128.77 time, 3130.01 real, 243 MB, 1.07 load
[runlim] sample:		3138.77 time, 3140.01 real, 236 MB, 1.06 load
[runlim] sample:		3148.77 time, 3150.01 real, 244 MB, 1.05 load
[runlim] sample:		3158.77 time, 3160.01 real, 244 MB, 1.04 load
[runlim] sample:		3168.77 time, 3170.01 real, 245 MB, 1.03 load
[runlim] sample:		3178.73 time, 3180.01 real, 245 MB, 1.03 load
[runlim] sample:		3188.73 time, 3190.01 real, 245 MB, 1.02 load
[runlim] sample:		3198.73 time, 3200.01 real, 247 MB, 1.02 load
[runlim] sample:		3208.73 time, 3210.01 real, 246 MB, 1.02 load
[runlim] sample:		3218.73 time, 3220.01 real, 246 MB, 1.01 load
[runlim] sample:		3228.73 time, 3230.01 real, 237 MB, 1.01 load
[runlim] sample:		3238.73 time, 3240.01 real, 235 MB, 1.01 load
[runlim] sample:		3248.73 time, 3250.01 real, 235 MB, 1.01 load
[runlim] sample:		3258.73 time, 3260.01 real, 235 MB, 1.08 load
[runlim] sample:		3268.73 time, 3270.01 real, 235 MB, 1.07 load
[runlim] sample:		3278.72 time, 3280.01 real, 235 MB, 1.06 load
[runlim] sample:		3288.71 time, 3290.01 real, 233 MB, 1.05 load
[runlim] sample:		3298.71 time, 3300.01 real, 242 MB, 1.04 load
[runlim] sample:		3308.71 time, 3310.01 real, 238 MB, 1.03 load
[runlim] sample:		3318.71 time, 3320.01 real, 238 MB, 1.03 load
[runlim] sample:		3328.70 time, 3330.01 real, 235 MB, 1.02 load
[runlim] sample:		3338.70 time, 3340.01 real, 239 MB, 1.02 load
[runlim] sample:		3348.70 time, 3350.01 real, 237 MB, 1.02 load
[runlim] sample:		3358.70 time, 3360.01 real, 237 MB, 1.01 load
[runlim] sample:		3368.70 time, 3370.01 real, 247 MB, 1.01 load
[runlim] sample:		3378.69 time, 3380.01 real, 242 MB, 1.09 load
[runlim] sample:		3388.69 time, 3390.01 real, 242 MB, 1.07 load
[runlim] sample:		3398.70 time, 3400.01 real, 244 MB, 1.06 load
[runlim] sample:		3408.70 time, 3410.01 real, 244 MB, 1.05 load
[runlim] sample:		3418.70 time, 3420.01 real, 247 MB, 1.04 load
[runlim] sample:		3428.69 time, 3430.01 real, 245 MB, 1.04 load
[runlim] sample:		3438.69 time, 3440.01 real, 245 MB, 1.03 load
[runlim] sample:		3448.69 time, 3450.01 real, 248 MB, 1.03 load
[runlim] sample:		3458.69 time, 3460.01 real, 248 MB, 1.02 load
[runlim] sample:		3468.69 time, 3470.01 real, 255 MB, 1.02 load
[runlim] sample:		3478.69 time, 3480.01 real, 255 MB, 1.01 load
[runlim] sample:		3488.69 time, 3490.01 real, 241 MB, 1.01 load
[runlim] sample:		3498.69 time, 3500.01 real, 239 MB, 1.01 load
[runlim] sample:		3508.69 time, 3510.01 real, 246 MB, 1.01 load
[runlim] sample:		3518.69 time, 3520.01 real, 237 MB, 1.01 load
[runlim] sample:		3528.69 time, 3530.01 real, 238 MB, 1.00 load
[runlim] sample:		3538.69 time, 3540.01 real, 238 MB, 1.00 load
[runlim] sample:		3548.69 time, 3550.01 real, 239 MB, 1.00 load
[runlim] sample:		3558.69 time, 3560.01 real, 239 MB, 1.00 load
[runlim] sample:		3568.69 time, 3570.01 real, 243 MB, 1.00 load
[runlim] sample:		3578.69 time, 3580.01 real, 243 MB, 1.00 load
[runlim] sample:		3588.68 time, 3590.01 real, 238 MB, 1.00 load
[runlim] sample:		3598.68 time, 3600.01 real, 238 MB, 1.00 load
[runlim] end:			Thu Aug 20 02:39:50 2026
[runlim] status:		out of time
[runlim] result:		2
[runlim] children:		1
[runlim] processes:		2
[runlim] real:			3601.04 seconds
[runlim] time:			3598.68 seconds
[runlim] space:			308 MB
[runlim] load:			1.18 maximum
[runlim] samples:		36000
