[runlim] version:		2.0.0rc12
[runlim] host:			fjssp-instance
[runlim] time limit:		311040000 seconds
[runlim] real time limit:	3600 seconds
[runlim] space limit:		14000 MB
[runlim] argv[0]:		python3
[runlim] argv[1]:		-u
[runlim] argv[2]:		dummy_operation.py
[runlim] argv[3]:		--input
[runlim] argv[4]:		datasets/brandimarte/MK08
[runlim] argv[5]:		--sb
[runlim] argv[6]:		--factories
[runlim] argv[7]:		2
[runlim] argv[8]:		--full_transitive
[runlim] start:			Thu Aug 20 03:39:51 2026
[runlim] child:			6702
[*] Loading data from file: datasets/brandimarte/MK08
[*] Running D-FJSSP SAT Solver with 2 factories, Symmetry Breaking = ON, Transitive E* = FULL
===========================================================================
 D-FJSSP SAT SOLVER - PARALLEL FACTORIES SCHEDULING
===========================================================================
  -> Operations: 225 | Jobs: 20 | Machines: 10 | Factories: 2

[*] Running Greedy Heuristic...
  -> Greedy Solution: Makespan = 313 (0.0006s)

[*] Initializing and solving the SAT model...
------------------------------------------------------------------
[*] Trying with Upper Bound = 313...
  SAT ! Makespan = 313
  Schedule is valid with Makespan = 313
  Total time: 2.3676 seconds
------------------------------------------------------------------
[*] Trying with Upper Bound = 312...
  SAT ! Makespan = 312
  Schedule is valid with Makespan = 312
  Total time: 2.5362 seconds
------------------------------------------------------------------
[*] Trying with Upper Bound = 311...
  SAT ! Makespan = 311
  Schedule is valid with Makespan = 311
  Total time: 2.5513 seconds
------------------------------------------------------------------
[*] Trying with Upper Bound = 310...
  SAT ! Makespan = 310
  Schedule is valid with Makespan = 310
  Total time: 2.5658 seconds
------------------------------------------------------------------
[*] Trying with Upper Bound = 309...
  SAT ! Makespan = 309
  Schedule is valid with Makespan = 309
  Total time: 2.6268 seconds
------------------------------------------------------------------
[*] Trying with Upper Bound = 308...
  SAT ! Makespan = 308
  Schedule is valid with Makespan = 308
  Total time: 2.6420 seconds
------------------------------------------------------------------
[*] Trying with Upper Bound = 307...
  SAT ! Makespan = 307
  Schedule is valid with Makespan = 307
  Total time: 2.6550 seconds
------------------------------------------------------------------
[*] Trying with Upper Bound = 306...
  SAT ! Makespan = 306
  Schedule is valid with Makespan = 306
  Total time: 2.6671 seconds
------------------------------------------------------------------
[*] Trying with Upper Bound = 305...
  SAT ! Makespan = 305
  Schedule is valid with Makespan = 305
  Total time: 2.6796 seconds
------------------------------------------------------------------
[*] Trying with Upper Bound = 304...
  SAT ! Makespan = 304
  Schedule is valid with Makespan = 304
  Total time: 2.6916 seconds
------------------------------------------------------------------
[*] Trying with Upper Bound = 303...
  SAT ! Makespan = 303
  Schedule is valid with Makespan = 303
  Total time: 2.7033 seconds
------------------------------------------------------------------
[*] Trying with Upper Bound = 302...
  SAT ! Makespan = 302
  Schedule is valid with Makespan = 302
  Total time: 2.7147 seconds
------------------------------------------------------------------
[*] Trying with Upper Bound = 301...
  SAT ! Makespan = 301
  Schedule is valid with Makespan = 301
  Total time: 2.8702 seconds
------------------------------------------------------------------
[*] Trying with Upper Bound = 300...
  SAT ! Makespan = 300
  Schedule is valid with Makespan = 300
  Total time: 3.5750 seconds
------------------------------------------------------------------
[*] Trying with Upper Bound = 299...
  SAT ! Makespan = 299
  Schedule is valid with Makespan = 299
  Total time: 3.6040 seconds
------------------------------------------------------------------
[*] Trying with Upper Bound = 298...
  SAT ! Makespan = 298
  Schedule is valid with Makespan = 298
  Total time: 3.6272 seconds
------------------------------------------------------------------
[*] Trying with Upper Bound = 297...
  SAT ! Makespan = 297
  Schedule is valid with Makespan = 297
  Total time: 8.4782 seconds
------------------------------------------------------------------
[*] Trying with Upper Bound = 296...
[runlim] sample:		10.00 time, 10.01 real, 325 MB, 1.00 load
  SAT ! Makespan = 296
  Schedule is valid with Makespan = 296
  Total time: 10.3325 seconds
------------------------------------------------------------------
[*] Trying with Upper Bound = 295...
  SAT ! Makespan = 295
  Schedule is valid with Makespan = 295
  Total time: 11.1892 seconds
------------------------------------------------------------------
[*] Trying with Upper Bound = 294...
  SAT ! Makespan = 294
  Schedule is valid with Makespan = 294
  Total time: 11.2992 seconds
------------------------------------------------------------------
[*] Trying with Upper Bound = 293...
  SAT ! Makespan = 293
  Schedule is valid with Makespan = 293
  Total time: 14.8670 seconds
------------------------------------------------------------------
[*] Trying with Upper Bound = 292...
  SAT ! Makespan = 292
  Schedule is valid with Makespan = 292
  Total time: 16.8529 seconds
------------------------------------------------------------------
[*] Trying with Upper Bound = 291...
  SAT ! Makespan = 291
  Schedule is valid with Makespan = 291
  Total time: 17.1775 seconds
------------------------------------------------------------------
[*] Trying with Upper Bound = 290...
  SAT ! Makespan = 290
  Schedule is valid with Makespan = 290
  Total time: 18.3146 seconds
------------------------------------------------------------------
[*] Trying with Upper Bound = 289...
  SAT ! Makespan = 289
  Schedule is valid with Makespan = 289
  Total time: 18.4413 seconds
------------------------------------------------------------------
[*] Trying with Upper Bound = 288...
  SAT ! Makespan = 288
  Schedule is valid with Makespan = 288
  Total time: 18.5327 seconds
------------------------------------------------------------------
[*] Trying with Upper Bound = 287...
  SAT ! Makespan = 287
  Schedule is valid with Makespan = 287
  Total time: 18.6237 seconds
------------------------------------------------------------------
[*] Trying with Upper Bound = 286...
  SAT ! Makespan = 286
  Schedule is valid with Makespan = 286
  Total time: 18.7142 seconds
------------------------------------------------------------------
[*] Trying with Upper Bound = 285...
  SAT ! Makespan = 285
  Schedule is valid with Makespan = 285
  Total time: 18.7996 seconds
------------------------------------------------------------------
[*] Trying with Upper Bound = 284...
  SAT ! Makespan = 284
  Schedule is valid with Makespan = 284
  Total time: 18.8735 seconds
------------------------------------------------------------------
[*] Trying with Upper Bound = 283...
[runlim] sample:		19.99 time, 20.01 real, 354 MB, 1.00 load
  SAT ! Makespan = 283
  Schedule is valid with Makespan = 283
  Total time: 20.3358 seconds
------------------------------------------------------------------
[*] Trying with Upper Bound = 282...
  SAT ! Makespan = 282
  Schedule is valid with Makespan = 282
  Total time: 22.8075 seconds
------------------------------------------------------------------
[*] Trying with Upper Bound = 281...
  SAT ! Makespan = 281
  Schedule is valid with Makespan = 281
  Total time: 25.9313 seconds
------------------------------------------------------------------
[*] Trying with Upper Bound = 280...
  SAT ! Makespan = 280
  Schedule is valid with Makespan = 280
  Total time: 26.0406 seconds
------------------------------------------------------------------
[*] Trying with Upper Bound = 279...
  SAT ! Makespan = 279
  Schedule is valid with Makespan = 279
  Total time: 26.1252 seconds
------------------------------------------------------------------
[*] Trying with Upper Bound = 278...
  SAT ! Makespan = 278
  Schedule is valid with Makespan = 278
  Total time: 27.1395 seconds
------------------------------------------------------------------
[*] Trying with Upper Bound = 277...
  SAT ! Makespan = 277
  Schedule is valid with Makespan = 277
  Total time: 29.7735 seconds
------------------------------------------------------------------
[*] Trying with Upper Bound = 276...
  SAT ! Makespan = 276
  Schedule is valid with Makespan = 276
  Total time: 29.8764 seconds
------------------------------------------------------------------
[*] Trying with Upper Bound = 275...
[runlim] sample:		29.98 time, 30.01 real, 354 MB, 1.00 load
  SAT ! Makespan = 275
  Schedule is valid with Makespan = 275
  Total time: 38.7267 seconds
------------------------------------------------------------------
[*] Trying with Upper Bound = 274...
  SAT ! Makespan = 274
  Schedule is valid with Makespan = 274
  Total time: 38.8342 seconds
------------------------------------------------------------------
[*] Trying with Upper Bound = 273...
[runlim] sample:		39.96 time, 40.01 real, 356 MB, 1.32 load
[runlim] sample:		49.96 time, 50.01 real, 356 MB, 1.27 load
[runlim] sample:		59.96 time, 60.01 real, 333 MB, 1.23 load
  SAT ! Makespan = 273
  Schedule is valid with Makespan = 273
  Total time: 63.6485 seconds
------------------------------------------------------------------
[*] Trying with Upper Bound = 272...
[runlim] sample:		69.95 time, 70.01 real, 334 MB, 1.19 load
  SAT ! Makespan = 272
  Schedule is valid with Makespan = 272
  Total time: 73.4464 seconds
------------------------------------------------------------------
[*] Trying with Upper Bound = 271...
  SAT ! Makespan = 271
  Schedule is valid with Makespan = 271
  Total time: 75.3688 seconds
------------------------------------------------------------------
[*] Trying with Upper Bound = 270...
[runlim] sample:		79.94 time, 80.01 real, 318 MB, 1.16 load
  SAT ! Makespan = 270
  Schedule is valid with Makespan = 270
  Total time: 81.0650 seconds
------------------------------------------------------------------
[*] Trying with Upper Bound = 269...
[runlim] sample:		89.94 time, 90.01 real, 334 MB, 1.14 load
[runlim] sample:		99.94 time, 100.01 real, 334 MB, 1.12 load
[runlim] sample:		109.94 time, 110.01 real, 337 MB, 1.10 load
  SAT ! Makespan = 269
  Schedule is valid with Makespan = 269
  Total time: 111.5467 seconds
------------------------------------------------------------------
[*] Trying with Upper Bound = 268...
  SAT ! Makespan = 268
  Schedule is valid with Makespan = 268
  Total time: 111.6466 seconds
------------------------------------------------------------------
[*] Trying with Upper Bound = 267...
  SAT ! Makespan = 267
  Schedule is valid with Makespan = 267
  Total time: 113.2150 seconds
------------------------------------------------------------------
[*] Trying with Upper Bound = 266...
[runlim] sample:		119.93 time, 120.01 real, 303 MB, 1.08 load
[runlim] sample:		129.94 time, 130.01 real, 314 MB, 1.07 load
[runlim] sample:		139.93 time, 140.01 real, 315 MB, 1.06 load
  SAT ! Makespan = 266
  Schedule is valid with Makespan = 266
  Total time: 142.9290 seconds
------------------------------------------------------------------
[*] Trying with Upper Bound = 265...
[runlim] sample:		149.93 time, 150.01 real, 336 MB, 1.05 load
[runlim] sample:		159.94 time, 160.01 real, 336 MB, 1.04 load
  SAT ! Makespan = 265
  Schedule is valid with Makespan = 265
  Total time: 168.9396 seconds
------------------------------------------------------------------
[*] Trying with Upper Bound = 264...
[runlim] sample:		169.94 time, 170.01 real, 339 MB, 1.03 load
[runlim] sample:		179.94 time, 180.01 real, 341 MB, 1.03 load
[runlim] sample:		189.94 time, 190.01 real, 341 MB, 1.02 load
  SAT ! Makespan = 264
  Schedule is valid with Makespan = 264
  Total time: 195.7978 seconds
------------------------------------------------------------------
[*] Trying with Upper Bound = 263...
[runlim] sample:		199.93 time, 200.01 real, 306 MB, 1.02 load
[runlim] sample:		209.93 time, 210.01 real, 306 MB, 1.02 load
[runlim] sample:		219.93 time, 220.01 real, 333 MB, 1.01 load
  SAT ! Makespan = 263
  Schedule is valid with Makespan = 263
  Total time: 226.4500 seconds
------------------------------------------------------------------
[*] Trying with Upper Bound = 262...
[runlim] sample:		229.93 time, 230.01 real, 337 MB, 1.01 load
[runlim] sample:		239.93 time, 240.01 real, 345 MB, 1.01 load
[runlim] sample:		249.93 time, 250.01 real, 346 MB, 1.01 load
[runlim] sample:		259.93 time, 260.01 real, 349 MB, 1.00 load
  SAT ! Makespan = 262
  Schedule is valid with Makespan = 262
  Total time: 266.4855 seconds
------------------------------------------------------------------
[*] Trying with Upper Bound = 261...
[runlim] sample:		269.93 time, 270.01 real, 320 MB, 1.00 load
[runlim] sample:		279.93 time, 280.01 real, 312 MB, 1.00 load
[runlim] sample:		289.93 time, 290.01 real, 323 MB, 1.00 load
[runlim] sample:		299.93 time, 300.01 real, 343 MB, 1.00 load
[runlim] sample:		309.92 time, 310.01 real, 344 MB, 1.00 load
[runlim] sample:		319.92 time, 320.01 real, 342 MB, 1.00 load
[runlim] sample:		329.92 time, 330.01 real, 341 MB, 1.00 load
[runlim] sample:		339.93 time, 340.01 real, 342 MB, 1.00 load
[runlim] sample:		349.92 time, 350.01 real, 342 MB, 1.00 load
[runlim] sample:		359.93 time, 360.01 real, 343 MB, 1.00 load
[runlim] sample:		369.92 time, 370.01 real, 343 MB, 1.00 load
[runlim] sample:		379.92 time, 380.01 real, 346 MB, 1.00 load
[runlim] sample:		389.92 time, 390.01 real, 347 MB, 1.00 load
[runlim] sample:		399.92 time, 400.01 real, 346 MB, 1.00 load
[runlim] sample:		409.92 time, 410.01 real, 346 MB, 1.00 load
[runlim] sample:		419.92 time, 420.01 real, 347 MB, 1.00 load
[runlim] sample:		429.92 time, 430.01 real, 345 MB, 1.00 load
[runlim] sample:		439.92 time, 440.01 real, 345 MB, 1.00 load
[runlim] sample:		449.92 time, 450.01 real, 346 MB, 1.00 load
[runlim] sample:		459.91 time, 460.01 real, 345 MB, 1.00 load
[runlim] sample:		469.91 time, 470.01 real, 344 MB, 1.00 load
[runlim] sample:		479.91 time, 480.01 real, 344 MB, 1.00 load
[runlim] sample:		489.91 time, 490.01 real, 345 MB, 1.00 load
[runlim] sample:		499.91 time, 500.01 real, 345 MB, 1.00 load
[runlim] sample:		509.91 time, 510.01 real, 345 MB, 1.00 load
[runlim] sample:		519.91 time, 520.01 real, 347 MB, 1.00 load
[runlim] sample:		529.91 time, 530.01 real, 347 MB, 1.08 load
[runlim] sample:		539.91 time, 540.01 real, 347 MB, 1.07 load
[runlim] sample:		549.91 time, 550.01 real, 351 MB, 1.06 load
[runlim] sample:		559.91 time, 560.01 real, 352 MB, 1.05 load
[runlim] sample:		569.91 time, 570.01 real, 352 MB, 1.04 load
[runlim] sample:		579.91 time, 580.01 real, 353 MB, 1.03 load
[runlim] sample:		589.91 time, 590.01 real, 353 MB, 1.03 load
[runlim] sample:		599.91 time, 600.01 real, 353 MB, 1.02 load
[runlim] sample:		609.91 time, 610.01 real, 353 MB, 1.02 load
[runlim] sample:		619.91 time, 620.01 real, 353 MB, 1.02 load
[runlim] sample:		629.90 time, 630.01 real, 353 MB, 1.01 load
[runlim] sample:		639.87 time, 640.01 real, 354 MB, 1.17 load
[runlim] sample:		649.87 time, 650.01 real, 354 MB, 1.22 load
[runlim] sample:		659.87 time, 660.01 real, 354 MB, 1.19 load
[runlim] sample:		669.87 time, 670.01 real, 354 MB, 1.16 load
[runlim] sample:		679.87 time, 680.01 real, 354 MB, 1.22 load
[runlim] sample:		689.87 time, 690.01 real, 354 MB, 1.18 load
[runlim] sample:		699.87 time, 700.01 real, 355 MB, 1.15 load
[runlim] sample:		709.87 time, 710.01 real, 355 MB, 1.13 load
[runlim] sample:		719.87 time, 720.01 real, 354 MB, 1.11 load
[runlim] sample:		729.87 time, 730.01 real, 356 MB, 1.09 load
[runlim] sample:		739.87 time, 740.01 real, 358 MB, 1.08 load
[runlim] sample:		749.87 time, 750.01 real, 356 MB, 1.06 load
[runlim] sample:		759.86 time, 760.01 real, 361 MB, 1.05 load
[runlim] sample:		769.86 time, 770.01 real, 356 MB, 1.05 load
[runlim] sample:		779.86 time, 780.01 real, 361 MB, 1.04 load
[runlim] sample:		789.86 time, 790.01 real, 356 MB, 1.03 load
[runlim] sample:		799.86 time, 800.01 real, 356 MB, 1.03 load
[runlim] sample:		809.86 time, 810.01 real, 357 MB, 1.02 load
[runlim] sample:		819.86 time, 820.01 real, 357 MB, 1.02 load
[runlim] sample:		829.85 time, 830.01 real, 355 MB, 1.02 load
[runlim] sample:		839.85 time, 840.01 real, 356 MB, 1.01 load
[runlim] sample:		849.85 time, 850.01 real, 356 MB, 1.01 load
[runlim] sample:		859.86 time, 860.01 real, 356 MB, 1.01 load
[runlim] sample:		869.85 time, 870.01 real, 356 MB, 1.01 load
[runlim] sample:		879.85 time, 880.01 real, 357 MB, 1.00 load
[runlim] sample:		889.85 time, 890.01 real, 357 MB, 1.00 load
[runlim] sample:		899.85 time, 900.01 real, 358 MB, 1.00 load
[runlim] sample:		909.85 time, 910.01 real, 358 MB, 1.00 load
[runlim] sample:		919.85 time, 920.01 real, 360 MB, 1.00 load
[runlim] sample:		929.85 time, 930.01 real, 369 MB, 1.00 load
[runlim] sample:		939.84 time, 940.01 real, 369 MB, 1.00 load
[runlim] sample:		949.84 time, 950.01 real, 364 MB, 1.00 load
[runlim] sample:		959.84 time, 960.01 real, 360 MB, 1.00 load
[runlim] sample:		969.84 time, 970.01 real, 361 MB, 1.00 load
[runlim] sample:		979.85 time, 980.01 real, 363 MB, 1.00 load
[runlim] sample:		989.85 time, 990.01 real, 363 MB, 1.00 load
[runlim] sample:		999.84 time, 1000.01 real, 357 MB, 1.00 load
[runlim] sample:		1009.84 time, 1010.01 real, 358 MB, 1.00 load
[runlim] sample:		1019.84 time, 1020.01 real, 358 MB, 1.00 load
[runlim] sample:		1029.84 time, 1030.01 real, 359 MB, 1.00 load
[runlim] sample:		1039.84 time, 1040.01 real, 359 MB, 1.00 load
[runlim] sample:		1049.84 time, 1050.01 real, 356 MB, 1.00 load
[runlim] sample:		1059.84 time, 1060.01 real, 356 MB, 1.00 load
[runlim] sample:		1069.84 time, 1070.01 real, 356 MB, 1.00 load
[runlim] sample:		1079.84 time, 1080.01 real, 356 MB, 1.00 load
[runlim] sample:		1089.84 time, 1090.01 real, 356 MB, 1.00 load
[runlim] sample:		1099.84 time, 1100.01 real, 357 MB, 1.00 load
[runlim] sample:		1109.84 time, 1110.01 real, 357 MB, 1.00 load
[runlim] sample:		1119.83 time, 1120.01 real, 357 MB, 1.00 load
[runlim] sample:		1129.83 time, 1130.01 real, 357 MB, 1.00 load
[runlim] sample:		1139.83 time, 1140.01 real, 357 MB, 1.00 load
[runlim] sample:		1149.83 time, 1150.01 real, 358 MB, 1.00 load
[runlim] sample:		1159.83 time, 1160.01 real, 358 MB, 1.00 load
[runlim] sample:		1169.82 time, 1170.01 real, 361 MB, 1.00 load
[runlim] sample:		1179.82 time, 1180.01 real, 361 MB, 1.00 load
[runlim] sample:		1189.82 time, 1190.01 real, 361 MB, 1.00 load
[runlim] sample:		1199.83 time, 1200.01 real, 361 MB, 1.00 load
[runlim] sample:		1209.83 time, 1210.01 real, 361 MB, 1.00 load
[runlim] sample:		1219.83 time, 1220.01 real, 361 MB, 1.00 load
[runlim] sample:		1229.83 time, 1230.01 real, 362 MB, 1.00 load
[runlim] sample:		1239.82 time, 1240.01 real, 362 MB, 1.08 load
[runlim] sample:		1249.82 time, 1250.01 real, 362 MB, 1.07 load
[runlim] sample:		1259.81 time, 1260.01 real, 362 MB, 1.06 load
[runlim] sample:		1269.81 time, 1270.01 real, 362 MB, 1.05 load
[runlim] sample:		1279.81 time, 1280.01 real, 362 MB, 1.04 load
[runlim] sample:		1289.82 time, 1290.01 real, 362 MB, 1.03 load
[runlim] sample:		1299.82 time, 1300.01 real, 362 MB, 1.03 load
[runlim] sample:		1309.81 time, 1310.01 real, 362 MB, 1.02 load
[runlim] sample:		1319.81 time, 1320.01 real, 362 MB, 1.02 load
[runlim] sample:		1329.81 time, 1330.01 real, 362 MB, 1.02 load
[runlim] sample:		1339.81 time, 1340.01 real, 362 MB, 1.01 load
[runlim] sample:		1349.80 time, 1350.01 real, 362 MB, 1.01 load
[runlim] sample:		1359.80 time, 1360.01 real, 362 MB, 1.01 load
[runlim] sample:		1369.81 time, 1370.01 real, 363 MB, 1.01 load
[runlim] sample:		1379.80 time, 1380.01 real, 363 MB, 1.00 load
[runlim] sample:		1389.80 time, 1390.01 real, 363 MB, 1.00 load
[runlim] sample:		1399.81 time, 1400.01 real, 363 MB, 1.00 load
[runlim] sample:		1409.80 time, 1410.01 real, 363 MB, 1.00 load
[runlim] sample:		1419.80 time, 1420.01 real, 363 MB, 1.00 load
[runlim] sample:		1429.81 time, 1430.01 real, 363 MB, 1.00 load
[runlim] sample:		1439.81 time, 1440.01 real, 363 MB, 1.00 load
[runlim] sample:		1449.81 time, 1450.01 real, 363 MB, 1.00 load
[runlim] sample:		1459.80 time, 1460.01 real, 363 MB, 1.00 load
[runlim] sample:		1469.80 time, 1470.01 real, 363 MB, 1.00 load
[runlim] sample:		1479.80 time, 1480.01 real, 363 MB, 1.00 load
[runlim] sample:		1489.79 time, 1490.01 real, 363 MB, 1.00 load
[runlim] sample:		1499.79 time, 1500.01 real, 363 MB, 1.00 load
[runlim] sample:		1509.79 time, 1510.01 real, 363 MB, 1.00 load
[runlim] sample:		1519.80 time, 1520.01 real, 363 MB, 1.00 load
[runlim] sample:		1529.80 time, 1530.01 real, 363 MB, 1.00 load
[runlim] sample:		1539.80 time, 1540.01 real, 363 MB, 1.00 load
[runlim] sample:		1549.80 time, 1550.01 real, 364 MB, 1.00 load
[runlim] sample:		1559.03 time, 1560.01 real, 364 MB, 1.40 load
[runlim] sample:		1568.99 time, 1570.01 real, 364 MB, 1.34 load
[runlim] sample:		1578.96 time, 1580.01 real, 364 MB, 1.29 load
[runlim] sample:		1588.94 time, 1590.01 real, 364 MB, 1.24 load
[runlim] sample:		1598.94 time, 1600.01 real, 364 MB, 1.20 load
[runlim] sample:		1608.94 time, 1610.01 real, 364 MB, 1.17 load
[runlim] sample:		1618.93 time, 1620.01 real, 364 MB, 1.15 load
[runlim] sample:		1628.93 time, 1630.01 real, 364 MB, 1.12 load
[runlim] sample:		1638.94 time, 1640.01 real, 364 MB, 1.10 load
[runlim] sample:		1648.94 time, 1650.01 real, 364 MB, 1.09 load
[runlim] sample:		1658.94 time, 1660.01 real, 364 MB, 1.07 load
[runlim] sample:		1668.88 time, 1670.01 real, 364 MB, 1.06 load
[runlim] sample:		1678.88 time, 1680.01 real, 364 MB, 1.05 load
[runlim] sample:		1688.88 time, 1690.01 real, 364 MB, 1.04 load
[runlim] sample:		1698.88 time, 1700.01 real, 364 MB, 1.04 load
[runlim] sample:		1708.88 time, 1710.01 real, 364 MB, 1.03 load
[runlim] sample:		1718.88 time, 1720.01 real, 364 MB, 1.02 load
[runlim] sample:		1728.88 time, 1730.01 real, 364 MB, 1.02 load
[runlim] sample:		1738.88 time, 1740.01 real, 364 MB, 1.02 load
[runlim] sample:		1748.88 time, 1750.01 real, 364 MB, 1.01 load
[runlim] sample:		1758.88 time, 1760.01 real, 364 MB, 1.01 load
[runlim] sample:		1768.85 time, 1770.01 real, 364 MB, 1.01 load
[runlim] sample:		1778.85 time, 1780.01 real, 364 MB, 1.01 load
[runlim] sample:		1788.85 time, 1790.01 real, 364 MB, 1.01 load
[runlim] sample:		1798.85 time, 1800.01 real, 365 MB, 1.00 load
[runlim] sample:		1808.85 time, 1810.01 real, 365 MB, 1.00 load
[runlim] sample:		1818.85 time, 1820.01 real, 365 MB, 1.00 load
[runlim] sample:		1828.85 time, 1830.01 real, 365 MB, 1.00 load
[runlim] sample:		1838.84 time, 1840.01 real, 365 MB, 1.08 load
[runlim] sample:		1848.84 time, 1850.01 real, 365 MB, 1.07 load
[runlim] sample:		1858.84 time, 1860.01 real, 365 MB, 1.06 load
[runlim] sample:		1868.84 time, 1870.01 real, 365 MB, 1.05 load
[runlim] sample:		1878.83 time, 1880.01 real, 365 MB, 1.04 load
[runlim] sample:		1888.83 time, 1890.01 real, 365 MB, 1.03 load
[runlim] sample:		1898.83 time, 1900.01 real, 365 MB, 1.03 load
[runlim] sample:		1908.83 time, 1910.01 real, 365 MB, 1.02 load
[runlim] sample:		1918.83 time, 1920.01 real, 365 MB, 1.02 load
[runlim] sample:		1928.82 time, 1930.01 real, 365 MB, 1.10 load
[runlim] sample:		1938.83 time, 1940.01 real, 366 MB, 1.08 load
[runlim] sample:		1948.83 time, 1950.01 real, 366 MB, 1.07 load
[runlim] sample:		1958.83 time, 1960.01 real, 366 MB, 1.06 load
[runlim] sample:		1968.83 time, 1970.01 real, 366 MB, 1.05 load
[runlim] sample:		1978.82 time, 1980.01 real, 366 MB, 1.04 load
[runlim] sample:		1988.82 time, 1990.01 real, 366 MB, 1.03 load
[runlim] sample:		1998.82 time, 2000.01 real, 366 MB, 1.03 load
[runlim] sample:		2008.82 time, 2010.01 real, 366 MB, 1.02 load
[runlim] sample:		2018.82 time, 2020.01 real, 366 MB, 1.02 load
[runlim] sample:		2028.82 time, 2030.01 real, 366 MB, 1.02 load
[runlim] sample:		2038.82 time, 2040.01 real, 366 MB, 1.01 load
[runlim] sample:		2048.82 time, 2050.01 real, 366 MB, 1.01 load
[runlim] sample:		2058.82 time, 2060.01 real, 366 MB, 1.01 load
[runlim] sample:		2068.82 time, 2070.01 real, 366 MB, 1.01 load
[runlim] sample:		2078.81 time, 2080.01 real, 366 MB, 1.00 load
[runlim] sample:		2088.81 time, 2090.01 real, 366 MB, 1.00 load
[runlim] sample:		2098.81 time, 2100.01 real, 366 MB, 1.00 load
[runlim] sample:		2108.81 time, 2110.01 real, 366 MB, 1.00 load
[runlim] sample:		2118.81 time, 2120.01 real, 367 MB, 1.00 load
[runlim] sample:		2128.81 time, 2130.01 real, 367 MB, 1.00 load
[runlim] sample:		2138.81 time, 2140.01 real, 371 MB, 1.00 load
[runlim] sample:		2148.81 time, 2150.01 real, 371 MB, 1.00 load
[runlim] sample:		2158.82 time, 2160.01 real, 371 MB, 1.00 load
[runlim] sample:		2168.82 time, 2170.01 real, 371 MB, 1.00 load
[runlim] sample:		2178.81 time, 2180.01 real, 371 MB, 1.08 load
[runlim] sample:		2188.81 time, 2190.01 real, 371 MB, 1.07 load
[runlim] sample:		2198.81 time, 2200.01 real, 371 MB, 1.06 load
[runlim] sample:		2208.81 time, 2210.01 real, 371 MB, 1.05 load
[runlim] sample:		2218.80 time, 2220.01 real, 371 MB, 1.04 load
[runlim] sample:		2228.80 time, 2230.01 real, 372 MB, 1.03 load
[runlim] sample:		2238.80 time, 2240.01 real, 372 MB, 1.03 load
[runlim] sample:		2248.80 time, 2250.01 real, 372 MB, 1.02 load
[runlim] sample:		2258.80 time, 2260.01 real, 372 MB, 1.02 load
[runlim] sample:		2268.81 time, 2270.01 real, 372 MB, 1.02 load
[runlim] sample:		2278.80 time, 2280.01 real, 373 MB, 1.01 load
[runlim] sample:		2288.80 time, 2290.01 real, 373 MB, 1.01 load
[runlim] sample:		2298.80 time, 2300.01 real, 373 MB, 1.01 load
[runlim] sample:		2308.80 time, 2310.01 real, 373 MB, 1.01 load
[runlim] sample:		2318.80 time, 2320.01 real, 373 MB, 1.00 load
[runlim] sample:		2328.80 time, 2330.01 real, 373 MB, 1.00 load
[runlim] sample:		2338.80 time, 2340.01 real, 373 MB, 1.00 load
[runlim] sample:		2348.80 time, 2350.01 real, 373 MB, 1.00 load
[runlim] sample:		2358.80 time, 2360.01 real, 373 MB, 1.00 load
[runlim] sample:		2368.80 time, 2370.01 real, 373 MB, 1.00 load
[runlim] sample:		2378.80 time, 2380.01 real, 373 MB, 1.00 load
[runlim] sample:		2388.80 time, 2390.01 real, 373 MB, 1.00 load
[runlim] sample:		2398.80 time, 2400.01 real, 373 MB, 1.00 load
[runlim] sample:		2408.80 time, 2410.01 real, 379 MB, 1.00 load
[runlim] sample:		2418.80 time, 2420.01 real, 379 MB, 1.00 load
[runlim] sample:		2428.80 time, 2430.01 real, 376 MB, 1.00 load
[runlim] sample:		2438.78 time, 2440.01 real, 376 MB, 1.24 load
[runlim] sample:		2448.78 time, 2450.01 real, 375 MB, 1.20 load
[runlim] sample:		2458.78 time, 2460.01 real, 375 MB, 1.17 load
[runlim] sample:		2468.78 time, 2470.01 real, 377 MB, 1.14 load
[runlim] sample:		2478.78 time, 2480.01 real, 377 MB, 1.12 load
[runlim] sample:		2488.78 time, 2490.01 real, 379 MB, 1.10 load
[runlim] sample:		2498.78 time, 2500.01 real, 379 MB, 1.09 load
[runlim] sample:		2508.78 time, 2510.01 real, 379 MB, 1.07 load
[runlim] sample:		2518.77 time, 2520.01 real, 379 MB, 1.06 load
[runlim] sample:		2528.78 time, 2530.01 real, 381 MB, 1.05 load
[runlim] sample:		2538.78 time, 2540.01 real, 381 MB, 1.04 load
[runlim] sample:		2548.78 time, 2550.01 real, 374 MB, 1.04 load
[runlim] sample:		2558.77 time, 2560.01 real, 374 MB, 1.03 load
[runlim] sample:		2568.78 time, 2570.01 real, 378 MB, 1.02 load
[runlim] sample:		2578.77 time, 2580.01 real, 375 MB, 1.02 load
[runlim] sample:		2588.77 time, 2590.01 real, 375 MB, 1.02 load
[runlim] sample:		2598.77 time, 2600.01 real, 375 MB, 1.01 load
[runlim] sample:		2608.78 time, 2610.01 real, 378 MB, 1.01 load
[runlim] sample:		2618.77 time, 2620.01 real, 376 MB, 1.01 load
[runlim] sample:		2628.77 time, 2630.01 real, 376 MB, 1.01 load
[runlim] sample:		2638.78 time, 2640.01 real, 377 MB, 1.01 load
[runlim] sample:		2648.77 time, 2650.01 real, 377 MB, 1.00 load
[runlim] sample:		2658.77 time, 2660.01 real, 378 MB, 1.00 load
[runlim] sample:		2668.77 time, 2670.01 real, 378 MB, 1.00 load
[runlim] sample:		2678.77 time, 2680.01 real, 381 MB, 1.00 load
[runlim] sample:		2688.77 time, 2690.01 real, 381 MB, 1.00 load
[runlim] sample:		2698.77 time, 2700.01 real, 384 MB, 1.00 load
[runlim] sample:		2708.77 time, 2710.01 real, 384 MB, 1.00 load
[runlim] sample:		2718.76 time, 2720.01 real, 391 MB, 1.00 load
[runlim] sample:		2728.76 time, 2730.01 real, 391 MB, 1.00 load
[runlim] sample:		2738.77 time, 2740.01 real, 397 MB, 1.00 load
[runlim] sample:		2748.76 time, 2750.01 real, 397 MB, 1.00 load
[runlim] sample:		2758.76 time, 2760.01 real, 397 MB, 1.00 load
[runlim] sample:		2768.76 time, 2770.01 real, 385 MB, 1.00 load
[runlim] sample:		2778.76 time, 2780.01 real, 385 MB, 1.00 load
[runlim] sample:		2788.76 time, 2790.01 real, 384 MB, 1.00 load
[runlim] sample:		2798.76 time, 2800.01 real, 384 MB, 1.00 load
[runlim] sample:		2808.76 time, 2810.01 real, 386 MB, 1.00 load
[runlim] sample:		2818.76 time, 2820.01 real, 386 MB, 1.00 load
[runlim] sample:		2828.76 time, 2830.01 real, 386 MB, 1.00 load
[runlim] sample:		2838.76 time, 2840.01 real, 386 MB, 1.00 load
[runlim] sample:		2848.76 time, 2850.01 real, 383 MB, 1.00 load
[runlim] sample:		2858.76 time, 2860.01 real, 383 MB, 1.00 load
[runlim] sample:		2868.76 time, 2870.01 real, 377 MB, 1.00 load
[runlim] sample:		2878.76 time, 2880.01 real, 377 MB, 1.00 load
[runlim] sample:		2888.76 time, 2890.01 real, 378 MB, 1.00 load
[runlim] sample:		2898.75 time, 2900.01 real, 466 MB, 1.00 load
[runlim] sample:		2908.75 time, 2910.01 real, 378 MB, 1.00 load
[runlim] sample:		2918.76 time, 2920.01 real, 464 MB, 1.00 load
[runlim] sample:		2928.76 time, 2930.01 real, 377 MB, 1.00 load
[runlim] sample:		2938.75 time, 2940.01 real, 379 MB, 1.00 load
[runlim] sample:		2948.75 time, 2950.01 real, 379 MB, 1.00 load
[runlim] sample:		2958.75 time, 2960.01 real, 380 MB, 1.00 load
[runlim] sample:		2968.75 time, 2970.01 real, 380 MB, 1.00 load
[runlim] sample:		2978.75 time, 2980.01 real, 380 MB, 1.00 load
[runlim] sample:		2988.75 time, 2990.01 real, 381 MB, 1.00 load
[runlim] sample:		2998.74 time, 3000.01 real, 381 MB, 1.00 load
[runlim] sample:		3008.75 time, 3010.01 real, 381 MB, 1.00 load
[runlim] sample:		3018.75 time, 3020.01 real, 381 MB, 1.00 load
[runlim] sample:		3028.75 time, 3030.01 real, 379 MB, 1.00 load
[runlim] sample:		3038.74 time, 3040.01 real, 379 MB, 1.00 load
[runlim] sample:		3048.74 time, 3050.01 real, 379 MB, 1.00 load
[runlim] sample:		3058.74 time, 3060.01 real, 379 MB, 1.00 load
[runlim] sample:		3068.74 time, 3070.01 real, 381 MB, 1.00 load
[runlim] sample:		3078.74 time, 3080.01 real, 381 MB, 1.00 load
[runlim] sample:		3088.74 time, 3090.01 real, 458 MB, 1.00 load
[runlim] sample:		3098.73 time, 3100.01 real, 383 MB, 1.00 load
[runlim] sample:		3108.73 time, 3110.01 real, 383 MB, 1.00 load
[runlim] sample:		3118.73 time, 3120.01 real, 381 MB, 1.00 load
[runlim] sample:		3128.73 time, 3130.01 real, 381 MB, 1.00 load
[runlim] sample:		3138.73 time, 3140.01 real, 382 MB, 1.00 load
[runlim] sample:		3148.73 time, 3150.01 real, 382 MB, 1.00 load
[runlim] sample:		3158.73 time, 3160.01 real, 379 MB, 1.00 load
[runlim] sample:		3168.73 time, 3170.01 real, 379 MB, 1.00 load
[runlim] sample:		3178.73 time, 3180.01 real, 378 MB, 1.00 load
[runlim] sample:		3188.73 time, 3190.01 real, 378 MB, 1.00 load
[runlim] sample:		3198.73 time, 3200.01 real, 383 MB, 1.00 load
[runlim] sample:		3208.73 time, 3210.01 real, 383 MB, 1.00 load
[runlim] sample:		3218.73 time, 3220.01 real, 383 MB, 1.00 load
[runlim] sample:		3228.73 time, 3230.01 real, 395 MB, 1.00 load
[runlim] sample:		3238.73 time, 3240.01 real, 395 MB, 1.00 load
[runlim] sample:		3248.73 time, 3250.01 real, 387 MB, 1.00 load
[runlim] sample:		3258.73 time, 3260.01 real, 387 MB, 1.00 load
[runlim] sample:		3268.73 time, 3270.01 real, 382 MB, 1.00 load
[runlim] sample:		3278.73 time, 3280.01 real, 382 MB, 1.00 load
[runlim] sample:		3288.73 time, 3290.01 real, 383 MB, 1.00 load
[runlim] sample:		3298.72 time, 3300.01 real, 383 MB, 1.00 load
[runlim] sample:		3308.72 time, 3310.01 real, 383 MB, 1.66 load
[runlim] sample:		3318.72 time, 3320.01 real, 382 MB, 1.56 load
[runlim] sample:		3328.72 time, 3330.01 real, 382 MB, 1.47 load
[runlim] sample:		3338.72 time, 3340.01 real, 382 MB, 1.62 load
[runlim] sample:		3348.71 time, 3350.01 real, 382 MB, 1.53 load
[runlim] sample:		3358.71 time, 3360.01 real, 384 MB, 1.44 load
[runlim] sample:		3368.71 time, 3370.01 real, 384 MB, 1.38 load
[runlim] sample:		3378.71 time, 3380.01 real, 384 MB, 1.32 load
[runlim] sample:		3388.72 time, 3390.01 real, 382 MB, 1.27 load
[runlim] sample:		3398.72 time, 3400.01 real, 382 MB, 1.23 load
[runlim] sample:		3408.72 time, 3410.01 real, 382 MB, 1.19 load
[runlim] sample:		3418.72 time, 3420.01 real, 386 MB, 1.16 load
[runlim] sample:		3428.71 time, 3430.01 real, 379 MB, 1.22 load
[runlim] sample:		3438.71 time, 3440.01 real, 379 MB, 1.18 load
[runlim] sample:		3448.71 time, 3450.01 real, 379 MB, 1.15 load
[runlim] sample:		3458.72 time, 3460.01 real, 382 MB, 1.13 load
[runlim] sample:		3468.71 time, 3470.01 real, 382 MB, 1.11 load
[runlim] sample:		3478.71 time, 3480.01 real, 384 MB, 1.09 load
[runlim] sample:		3488.71 time, 3490.01 real, 384 MB, 1.08 load
[runlim] sample:		3498.71 time, 3500.01 real, 387 MB, 1.07 load
[runlim] sample:		3508.71 time, 3510.01 real, 387 MB, 1.06 load
[runlim] sample:		3518.71 time, 3520.01 real, 387 MB, 1.05 load
[runlim] sample:		3528.70 time, 3530.01 real, 383 MB, 1.04 load
[runlim] sample:		3538.70 time, 3540.01 real, 383 MB, 1.03 load
[runlim] sample:		3548.71 time, 3550.01 real, 382 MB, 1.03 load
[runlim] sample:		3558.71 time, 3560.01 real, 382 MB, 1.02 load
[runlim] sample:		3568.71 time, 3570.01 real, 382 MB, 1.02 load
[runlim] sample:		3578.71 time, 3580.01 real, 390 MB, 1.02 load
[runlim] sample:		3588.71 time, 3590.01 real, 390 MB, 1.01 load
[runlim] sample:		3598.70 time, 3600.01 real, 387 MB, 1.01 load
[runlim] end:			Thu Aug 20 04:39:52 2026
[runlim] status:		out of time
[runlim] result:		2
[runlim] children:		1
[runlim] processes:		2
[runlim] real:			3601.04 seconds
[runlim] time:			3598.70 seconds
[runlim] space:			498 MB
[runlim] load:			1.72 maximum
[runlim] samples:		36000
