[runlim] version:		2.0.0rc12
[runlim] host:			fjssp-instance1
[runlim] time limit:		311040000 seconds
[runlim] real time limit:	3600 seconds
[runlim] space limit:		14000 MB
[runlim] argv[0]:		python3
[runlim] argv[1]:		-u
[runlim] argv[2]:		main.py
[runlim] argv[3]:		--input
[runlim] argv[4]:		datasets/brandimarte/MK05
[runlim] argv[5]:		--factories
[runlim] argv[6]:		2
[runlim] start:			Sat Aug 15 16:54:31 2026
[runlim] child:			138371
[*] Loading data from file: datasets/brandimarte/MK05
[*] Running D-FJSSP SAT Solver with 2 factories, Symmetry Breaking = OFF, Transitive E* = OFF
===========================================================================
 D-FJSSP SAT SOLVER - PARALLEL FACTORIES SCHEDULING
===========================================================================
  -> Operations: 106 | Jobs: 15 | Machines: 4 | Factories: 2

[*] Running Greedy Heuristic...
  -> Greedy Solution: Makespan = 107 (0.0003s)

[*] Initializing and solving the SAT model...
------------------------------------------------------------------
[*] Trying with Upper Bound = 107...
  SAT ! Makespan = 107
  Schedule is valid with Makespan = 107
  Total time: 0.3959 seconds
------------------------------------------------------------------
[*] Trying with Upper Bound = 106...
  SAT ! Makespan = 106
  Schedule is valid with Makespan = 106
  Total time: 0.4792 seconds
------------------------------------------------------------------
[*] Trying with Upper Bound = 105...
  SAT ! Makespan = 105
  Schedule is valid with Makespan = 105
  Total time: 1.6893 seconds
------------------------------------------------------------------
[*] Trying with Upper Bound = 104...
  SAT ! Makespan = 104
  Schedule is valid with Makespan = 104
  Total time: 2.0081 seconds
------------------------------------------------------------------
[*] Trying with Upper Bound = 103...
  SAT ! Makespan = 103
  Schedule is valid with Makespan = 103
  Total time: 2.5770 seconds
------------------------------------------------------------------
[*] Trying with Upper Bound = 102...
  SAT ! Makespan = 102
  Schedule is valid with Makespan = 102
  Total time: 3.1169 seconds
------------------------------------------------------------------
[*] Trying with Upper Bound = 101...
  SAT ! Makespan = 101
  Schedule is valid with Makespan = 101
  Total time: 3.5477 seconds
------------------------------------------------------------------
[*] Trying with Upper Bound = 100...
  SAT ! Makespan = 100
  Schedule is valid with Makespan = 100
  Total time: 3.6566 seconds
------------------------------------------------------------------
[*] Trying with Upper Bound = 99...
  SAT ! Makespan = 99
  Schedule is valid with Makespan = 99
  Total time: 4.0453 seconds
------------------------------------------------------------------
[*] Trying with Upper Bound = 98...
  SAT ! Makespan = 98
  Schedule is valid with Makespan = 98
  Total time: 5.9049 seconds
------------------------------------------------------------------
[*] Trying with Upper Bound = 97...
  SAT ! Makespan = 97
  Schedule is valid with Makespan = 97
  Total time: 8.1804 seconds
------------------------------------------------------------------
[*] Trying with Upper Bound = 96...
  SAT ! Makespan = 96
  Schedule is valid with Makespan = 96
  Total time: 8.3119 seconds
------------------------------------------------------------------
[*] Trying with Upper Bound = 95...
  SAT ! Makespan = 95
  Schedule is valid with Makespan = 95
  Total time: 8.6774 seconds
------------------------------------------------------------------
[*] Trying with Upper Bound = 94...
[runlim] sample:		10.00 time, 10.01 real, 106 MB, 0.55 load
  SAT ! Makespan = 94
  Schedule is valid with Makespan = 94
  Total time: 15.6077 seconds
------------------------------------------------------------------
[*] Trying with Upper Bound = 93...
  SAT ! Makespan = 93
  Schedule is valid with Makespan = 93
  Total time: 18.3866 seconds
------------------------------------------------------------------
[*] Trying with Upper Bound = 92...
[runlim] sample:		20.00 time, 20.02 real, 106 MB, 0.62 load
  SAT ! Makespan = 92
  Schedule is valid with Makespan = 92
  Total time: 28.7936 seconds
------------------------------------------------------------------
[*] Trying with Upper Bound = 91...
[runlim] sample:		30.00 time, 30.01 real, 106 MB, 0.68 load
  SAT ! Makespan = 91
  Schedule is valid with Makespan = 91
  Total time: 31.6766 seconds
------------------------------------------------------------------
[*] Trying with Upper Bound = 90...
[runlim] sample:		40.00 time, 40.01 real, 106 MB, 0.73 load
[runlim] sample:		50.00 time, 50.01 real, 106 MB, 0.77 load
[runlim] sample:		60.00 time, 60.01 real, 106 MB, 0.81 load
[runlim] sample:		70.00 time, 70.02 real, 106 MB, 0.84 load
[runlim] sample:		80.00 time, 80.01 real, 106 MB, 0.86 load
[runlim] sample:		90.00 time, 90.01 real, 106 MB, 0.88 load
[runlim] sample:		100.00 time, 100.02 real, 106 MB, 0.90 load
[runlim] sample:		110.00 time, 110.01 real, 106 MB, 0.92 load
[runlim] sample:		119.99 time, 120.01 real, 121 MB, 0.93 load
[runlim] sample:		129.99 time, 130.01 real, 92 MB, 1.02 load
[runlim] sample:		139.99 time, 140.01 real, 123 MB, 1.01 load
[runlim] sample:		149.99 time, 150.01 real, 140 MB, 1.01 load
[runlim] sample:		159.99 time, 160.01 real, 92 MB, 1.01 load
[runlim] sample:		169.99 time, 170.01 real, 110 MB, 1.01 load
  SAT ! Makespan = 90
  Schedule is valid with Makespan = 90
  Total time: 179.8433 seconds
------------------------------------------------------------------
[*] Trying with Upper Bound = 89...
[runlim] sample:		179.99 time, 180.02 real, 112 MB, 1.00 load
[runlim] sample:		189.99 time, 190.01 real, 127 MB, 1.00 load
[runlim] sample:		199.99 time, 200.01 real, 145 MB, 1.00 load
[runlim] sample:		209.98 time, 210.01 real, 145 MB, 1.00 load
[runlim] sample:		219.98 time, 220.01 real, 145 MB, 1.00 load
[runlim] sample:		229.98 time, 230.01 real, 149 MB, 1.00 load
[runlim] sample:		239.98 time, 240.01 real, 153 MB, 1.00 load
[runlim] sample:		249.98 time, 250.01 real, 153 MB, 1.00 load
[runlim] sample:		259.98 time, 260.01 real, 153 MB, 1.00 load
[runlim] sample:		269.98 time, 270.01 real, 128 MB, 1.00 load
[runlim] sample:		279.98 time, 280.01 real, 146 MB, 1.00 load
[runlim] sample:		289.97 time, 290.01 real, 149 MB, 1.00 load
[runlim] sample:		299.97 time, 300.01 real, 149 MB, 1.00 load
[runlim] sample:		309.96 time, 310.01 real, 151 MB, 1.00 load
[runlim] sample:		319.96 time, 320.01 real, 151 MB, 1.00 load
[runlim] sample:		329.96 time, 330.01 real, 153 MB, 1.00 load
[runlim] sample:		339.95 time, 340.01 real, 113 MB, 1.00 load
[runlim] sample:		349.96 time, 350.01 real, 113 MB, 1.00 load
[runlim] sample:		359.96 time, 360.01 real, 114 MB, 1.00 load
[runlim] sample:		369.95 time, 370.01 real, 117 MB, 1.00 load
[runlim] sample:		379.95 time, 380.01 real, 120 MB, 1.07 load
[runlim] sample:		389.95 time, 390.01 real, 122 MB, 1.06 load
[runlim] sample:		399.95 time, 400.01 real, 143 MB, 1.05 load
[runlim] sample:		409.95 time, 410.01 real, 164 MB, 1.04 load
[runlim] sample:		419.95 time, 420.01 real, 164 MB, 1.04 load
[runlim] sample:		429.95 time, 430.01 real, 171 MB, 1.03 load
[runlim] sample:		439.95 time, 440.01 real, 171 MB, 1.02 load
[runlim] sample:		449.95 time, 450.01 real, 171 MB, 1.02 load
[runlim] sample:		459.95 time, 460.02 real, 171 MB, 1.02 load
[runlim] sample:		469.95 time, 470.01 real, 171 MB, 1.01 load
[runlim] sample:		479.95 time, 480.01 real, 171 MB, 1.01 load
[runlim] sample:		489.94 time, 490.01 real, 171 MB, 1.01 load
[runlim] sample:		499.94 time, 500.01 real, 171 MB, 1.01 load
[runlim] sample:		509.94 time, 510.01 real, 172 MB, 1.01 load
[runlim] sample:		519.94 time, 520.01 real, 172 MB, 1.00 load
[runlim] sample:		529.94 time, 530.01 real, 172 MB, 1.00 load
[runlim] sample:		539.94 time, 540.01 real, 172 MB, 1.00 load
[runlim] sample:		549.94 time, 550.01 real, 172 MB, 1.00 load
[runlim] sample:		559.94 time, 560.01 real, 176 MB, 1.00 load
[runlim] sample:		569.94 time, 570.01 real, 201 MB, 1.00 load
[runlim] sample:		579.94 time, 580.01 real, 201 MB, 1.00 load
[runlim] sample:		589.94 time, 590.02 real, 201 MB, 1.08 load
[runlim] sample:		599.93 time, 600.01 real, 203 MB, 1.07 load
[runlim] sample:		609.92 time, 610.01 real, 127 MB, 1.06 load
[runlim] sample:		619.93 time, 620.01 real, 156 MB, 1.05 load
[runlim] sample:		629.93 time, 630.01 real, 179 MB, 1.04 load
[runlim] sample:		639.93 time, 640.01 real, 206 MB, 1.03 load
[runlim] sample:		649.92 time, 650.01 real, 206 MB, 1.03 load
[runlim] sample:		659.92 time, 660.01 real, 206 MB, 1.02 load
[runlim] sample:		669.92 time, 670.01 real, 207 MB, 1.02 load
[runlim] sample:		679.92 time, 680.01 real, 207 MB, 1.02 load
[runlim] sample:		689.92 time, 690.01 real, 207 MB, 1.01 load
[runlim] sample:		699.92 time, 700.01 real, 207 MB, 1.01 load
[runlim] sample:		709.92 time, 710.01 real, 209 MB, 1.01 load
[runlim] sample:		719.92 time, 720.01 real, 209 MB, 1.01 load
[runlim] sample:		729.91 time, 730.01 real, 209 MB, 1.00 load
[runlim] sample:		739.91 time, 740.01 real, 211 MB, 1.00 load
[runlim] sample:		749.91 time, 750.01 real, 211 MB, 1.00 load
[runlim] sample:		759.91 time, 760.02 real, 211 MB, 1.00 load
[runlim] sample:		769.91 time, 770.01 real, 211 MB, 1.00 load
[runlim] sample:		779.91 time, 780.02 real, 211 MB, 1.00 load
[runlim] sample:		789.91 time, 790.01 real, 211 MB, 1.00 load
[runlim] sample:		799.91 time, 800.01 real, 212 MB, 1.00 load
[runlim] sample:		809.91 time, 810.01 real, 212 MB, 1.00 load
[runlim] sample:		819.91 time, 820.01 real, 212 MB, 1.00 load
[runlim] sample:		829.90 time, 830.01 real, 212 MB, 1.00 load
[runlim] sample:		839.91 time, 840.02 real, 213 MB, 1.00 load
[runlim] sample:		849.91 time, 850.01 real, 213 MB, 1.00 load
[runlim] sample:		859.90 time, 860.01 real, 213 MB, 1.00 load
[runlim] sample:		869.90 time, 870.01 real, 213 MB, 1.00 load
[runlim] sample:		879.91 time, 880.01 real, 156 MB, 1.00 load
[runlim] sample:		889.90 time, 890.01 real, 156 MB, 1.00 load
[runlim] sample:		899.90 time, 900.01 real, 156 MB, 1.00 load
[runlim] sample:		909.91 time, 910.01 real, 156 MB, 1.00 load
[runlim] sample:		919.91 time, 920.01 real, 156 MB, 1.00 load
[runlim] sample:		929.90 time, 930.02 real, 157 MB, 1.00 load
[runlim] sample:		939.90 time, 940.01 real, 157 MB, 1.00 load
[runlim] sample:		949.90 time, 950.01 real, 157 MB, 1.00 load
[runlim] sample:		959.90 time, 960.01 real, 157 MB, 1.00 load
[runlim] sample:		969.90 time, 970.01 real, 157 MB, 1.00 load
[runlim] sample:		979.90 time, 980.01 real, 157 MB, 1.00 load
[runlim] sample:		989.89 time, 990.01 real, 157 MB, 1.00 load
[runlim] sample:		999.90 time, 1000.01 real, 157 MB, 1.00 load
[runlim] sample:		1009.89 time, 1010.01 real, 157 MB, 1.00 load
[runlim] sample:		1019.90 time, 1020.01 real, 158 MB, 1.00 load
[runlim] sample:		1029.90 time, 1030.01 real, 158 MB, 1.00 load
[runlim] sample:		1039.90 time, 1040.01 real, 158 MB, 1.00 load
[runlim] sample:		1049.90 time, 1050.02 real, 158 MB, 1.00 load
[runlim] sample:		1059.89 time, 1060.01 real, 158 MB, 1.00 load
[runlim] sample:		1069.89 time, 1070.01 real, 158 MB, 1.00 load
[runlim] sample:		1079.89 time, 1080.02 real, 158 MB, 1.00 load
[runlim] sample:		1089.89 time, 1090.01 real, 190 MB, 1.00 load
[runlim] sample:		1099.89 time, 1100.01 real, 190 MB, 1.00 load
[runlim] sample:		1109.89 time, 1110.01 real, 190 MB, 1.00 load
[runlim] sample:		1119.89 time, 1120.01 real, 158 MB, 1.00 load
[runlim] sample:		1129.89 time, 1130.01 real, 158 MB, 1.08 load
[runlim] sample:		1139.88 time, 1140.01 real, 190 MB, 1.07 load
[runlim] sample:		1149.88 time, 1150.01 real, 190 MB, 1.06 load
[runlim] sample:		1159.88 time, 1160.02 real, 190 MB, 1.05 load
[runlim] sample:		1169.88 time, 1170.01 real, 191 MB, 1.04 load
[runlim] sample:		1179.88 time, 1180.01 real, 193 MB, 1.03 load
[runlim] sample:		1189.87 time, 1190.02 real, 192 MB, 1.03 load
[runlim] sample:		1199.86 time, 1200.01 real, 193 MB, 1.10 load
[runlim] sample:		1209.87 time, 1210.01 real, 196 MB, 1.08 load
[runlim] sample:		1219.86 time, 1220.01 real, 198 MB, 1.07 load
[runlim] sample:		1229.86 time, 1230.01 real, 198 MB, 1.06 load
  SAT ! Makespan = 89
  Schedule is valid with Makespan = 89
  Total time: 1233.1928 seconds
------------------------------------------------------------------
[*] Trying with Upper Bound = 88...
[runlim] sample:		1239.86 time, 1240.01 real, 195 MB, 1.05 load
[runlim] sample:		1249.86 time, 1250.01 real, 158 MB, 1.04 load
[runlim] sample:		1259.86 time, 1260.01 real, 193 MB, 1.03 load
[runlim] sample:		1269.86 time, 1270.01 real, 191 MB, 1.03 load
[runlim] sample:		1279.85 time, 1280.02 real, 158 MB, 1.02 load
[runlim] sample:		1289.85 time, 1290.01 real, 188 MB, 1.02 load
[runlim] sample:		1299.86 time, 1300.01 real, 223 MB, 1.02 load
[runlim] sample:		1309.86 time, 1310.01 real, 188 MB, 1.01 load
[runlim] sample:		1319.85 time, 1320.01 real, 231 MB, 1.01 load
[runlim] sample:		1329.86 time, 1330.01 real, 226 MB, 1.01 load
[runlim] sample:		1339.86 time, 1340.01 real, 188 MB, 1.01 load
[runlim] sample:		1349.85 time, 1350.01 real, 221 MB, 1.00 load
[runlim] sample:		1359.85 time, 1360.01 real, 221 MB, 1.00 load
[runlim] sample:		1369.85 time, 1370.01 real, 188 MB, 1.00 load
[runlim] sample:		1379.85 time, 1380.01 real, 221 MB, 1.08 load
[runlim] sample:		1389.85 time, 1390.01 real, 221 MB, 1.07 load
[runlim] sample:		1399.85 time, 1400.01 real, 188 MB, 1.06 load
[runlim] sample:		1409.85 time, 1410.01 real, 156 MB, 1.05 load
[runlim] sample:		1419.85 time, 1420.01 real, 156 MB, 1.04 load
[runlim] sample:		1429.84 time, 1430.01 real, 162 MB, 1.03 load
[runlim] sample:		1439.85 time, 1440.02 real, 165 MB, 1.03 load
[runlim] sample:		1449.85 time, 1450.01 real, 165 MB, 1.02 load
[runlim] sample:		1459.84 time, 1460.01 real, 166 MB, 1.02 load
[runlim] sample:		1469.84 time, 1470.01 real, 166 MB, 1.02 load
[runlim] sample:		1479.85 time, 1480.01 real, 166 MB, 1.01 load
[runlim] sample:		1489.84 time, 1490.01 real, 166 MB, 1.01 load
[runlim] sample:		1499.85 time, 1500.01 real, 167 MB, 1.01 load
[runlim] sample:		1509.84 time, 1510.01 real, 168 MB, 1.01 load
[runlim] sample:		1519.84 time, 1520.01 real, 179 MB, 1.00 load
[runlim] sample:		1529.83 time, 1530.01 real, 180 MB, 1.00 load
[runlim] sample:		1539.84 time, 1540.01 real, 183 MB, 1.00 load
[runlim] sample:		1549.83 time, 1550.01 real, 180 MB, 1.00 load
[runlim] sample:		1559.84 time, 1560.01 real, 181 MB, 1.00 load
[runlim] sample:		1569.83 time, 1570.01 real, 182 MB, 1.00 load
[runlim] sample:		1579.83 time, 1580.01 real, 178 MB, 1.00 load
[runlim] sample:		1589.83 time, 1590.01 real, 178 MB, 1.00 load
[runlim] sample:		1599.83 time, 1600.01 real, 182 MB, 1.00 load
[runlim] sample:		1609.83 time, 1610.01 real, 185 MB, 1.00 load
[runlim] sample:		1619.83 time, 1620.01 real, 183 MB, 1.00 load
[runlim] sample:		1629.83 time, 1630.01 real, 183 MB, 1.08 load
[runlim] sample:		1639.82 time, 1640.01 real, 188 MB, 1.07 load
[runlim] sample:		1649.82 time, 1650.01 real, 189 MB, 1.06 load
[runlim] sample:		1659.83 time, 1660.01 real, 184 MB, 1.05 load
[runlim] sample:		1669.83 time, 1670.01 real, 184 MB, 1.04 load
[runlim] sample:		1679.82 time, 1680.01 real, 179 MB, 1.03 load
[runlim] sample:		1689.82 time, 1690.01 real, 179 MB, 1.03 load
[runlim] sample:		1699.82 time, 1700.01 real, 177 MB, 1.02 load
[runlim] sample:		1709.82 time, 1710.01 real, 177 MB, 1.02 load
[runlim] sample:		1719.82 time, 1720.01 real, 178 MB, 1.02 load
[runlim] sample:		1729.82 time, 1730.01 real, 178 MB, 1.01 load
[runlim] sample:		1739.82 time, 1740.01 real, 179 MB, 1.01 load
[runlim] sample:		1749.82 time, 1750.01 real, 179 MB, 1.01 load
[runlim] sample:		1759.82 time, 1760.01 real, 187 MB, 1.08 load
[runlim] sample:		1769.82 time, 1770.01 real, 187 MB, 1.07 load
[runlim] sample:		1779.81 time, 1780.01 real, 187 MB, 1.06 load
[runlim] sample:		1789.81 time, 1790.02 real, 187 MB, 1.05 load
[runlim] sample:		1799.81 time, 1800.01 real, 187 MB, 1.26 load
[runlim] sample:		1809.81 time, 1810.01 real, 187 MB, 1.22 load
[runlim] sample:		1819.81 time, 1820.01 real, 188 MB, 1.19 load
[runlim] sample:		1829.81 time, 1830.01 real, 188 MB, 1.16 load
[runlim] sample:		1839.80 time, 1840.01 real, 188 MB, 1.13 load
[runlim] sample:		1849.80 time, 1850.01 real, 188 MB, 1.11 load
[runlim] sample:		1859.81 time, 1860.01 real, 188 MB, 1.09 load
[runlim] sample:		1869.81 time, 1870.01 real, 188 MB, 1.08 load
[runlim] sample:		1879.81 time, 1880.01 real, 189 MB, 1.79 load
[runlim] sample:		1889.81 time, 1890.01 real, 197 MB, 1.67 load
[runlim] sample:		1899.80 time, 1900.01 real, 197 MB, 1.56 load
[runlim] sample:		1909.80 time, 1910.01 real, 197 MB, 1.48 load
[runlim] sample:		1919.80 time, 1920.01 real, 198 MB, 1.40 load
[runlim] sample:		1929.80 time, 1930.01 real, 198 MB, 1.34 load
[runlim] sample:		1939.80 time, 1940.01 real, 198 MB, 1.29 load
[runlim] sample:		1949.80 time, 1950.01 real, 198 MB, 1.24 load
[runlim] sample:		1959.80 time, 1960.01 real, 198 MB, 1.21 load
[runlim] sample:		1969.80 time, 1970.01 real, 198 MB, 1.17 load
[runlim] sample:		1979.80 time, 1980.01 real, 198 MB, 1.15 load
[runlim] sample:		1989.79 time, 1990.01 real, 199 MB, 1.12 load
[runlim] sample:		1999.79 time, 2000.01 real, 199 MB, 1.10 load
[runlim] sample:		2009.79 time, 2010.01 real, 199 MB, 1.09 load
[runlim] sample:		2019.80 time, 2020.01 real, 199 MB, 1.07 load
[runlim] sample:		2029.79 time, 2030.01 real, 199 MB, 1.06 load
[runlim] sample:		2039.79 time, 2040.01 real, 199 MB, 1.05 load
[runlim] sample:		2049.80 time, 2050.01 real, 199 MB, 1.04 load
[runlim] sample:		2059.79 time, 2060.01 real, 199 MB, 1.04 load
[runlim] sample:		2069.79 time, 2070.01 real, 199 MB, 1.03 load
[runlim] sample:		2079.80 time, 2080.01 real, 200 MB, 1.02 load
[runlim] sample:		2089.80 time, 2090.01 real, 200 MB, 1.02 load
[runlim] sample:		2099.79 time, 2100.01 real, 200 MB, 1.02 load
[runlim] sample:		2109.79 time, 2110.01 real, 200 MB, 1.01 load
[runlim] sample:		2119.79 time, 2120.02 real, 200 MB, 1.01 load
[runlim] sample:		2129.79 time, 2130.01 real, 200 MB, 1.01 load
[runlim] sample:		2139.79 time, 2140.01 real, 200 MB, 1.01 load
[runlim] sample:		2149.79 time, 2150.01 real, 208 MB, 1.01 load
[runlim] sample:		2159.79 time, 2160.02 real, 208 MB, 1.00 load
[runlim] sample:		2169.79 time, 2170.01 real, 208 MB, 1.00 load
[runlim] sample:		2179.79 time, 2180.01 real, 208 MB, 1.00 load
[runlim] sample:		2189.78 time, 2190.01 real, 208 MB, 1.00 load
[runlim] sample:		2199.78 time, 2200.01 real, 208 MB, 1.00 load
[runlim] sample:		2209.78 time, 2210.01 real, 208 MB, 1.00 load
[runlim] sample:		2219.78 time, 2220.01 real, 209 MB, 1.00 load
[runlim] sample:		2229.78 time, 2230.01 real, 209 MB, 1.00 load
[runlim] sample:		2239.78 time, 2240.01 real, 210 MB, 1.00 load
[runlim] sample:		2249.78 time, 2250.01 real, 210 MB, 1.00 load
[runlim] sample:		2259.79 time, 2260.01 real, 210 MB, 1.00 load
[runlim] sample:		2269.78 time, 2270.01 real, 210 MB, 1.00 load
[runlim] sample:		2279.78 time, 2280.01 real, 210 MB, 1.00 load
[runlim] sample:		2289.77 time, 2290.01 real, 210 MB, 1.00 load
[runlim] sample:		2299.77 time, 2300.01 real, 210 MB, 1.00 load
[runlim] sample:		2309.78 time, 2310.01 real, 211 MB, 1.00 load
[runlim] sample:		2319.78 time, 2320.01 real, 211 MB, 1.00 load
[runlim] sample:		2329.78 time, 2330.01 real, 211 MB, 1.00 load
[runlim] sample:		2339.77 time, 2340.02 real, 214 MB, 1.00 load
[runlim] sample:		2349.77 time, 2350.01 real, 214 MB, 1.00 load
[runlim] sample:		2359.77 time, 2360.01 real, 214 MB, 1.00 load
[runlim] sample:		2369.77 time, 2370.01 real, 214 MB, 1.00 load
[runlim] sample:		2379.77 time, 2380.02 real, 214 MB, 1.00 load
[runlim] sample:		2389.76 time, 2390.02 real, 214 MB, 1.00 load
[runlim] sample:		2399.76 time, 2400.01 real, 214 MB, 1.00 load
[runlim] sample:		2409.76 time, 2410.01 real, 214 MB, 1.00 load
[runlim] sample:		2419.76 time, 2420.01 real, 214 MB, 1.00 load
[runlim] sample:		2429.76 time, 2430.01 real, 214 MB, 1.00 load
[runlim] sample:		2439.76 time, 2440.01 real, 214 MB, 1.00 load
[runlim] sample:		2449.76 time, 2450.01 real, 214 MB, 1.00 load
[runlim] sample:		2459.76 time, 2460.01 real, 258 MB, 1.00 load
[runlim] sample:		2469.76 time, 2470.01 real, 216 MB, 1.00 load
[runlim] sample:		2479.76 time, 2480.01 real, 216 MB, 1.00 load
[runlim] sample:		2489.75 time, 2490.01 real, 216 MB, 1.00 load
[runlim] sample:		2499.75 time, 2500.02 real, 216 MB, 1.00 load
[runlim] sample:		2509.75 time, 2510.01 real, 216 MB, 1.00 load
[runlim] sample:		2519.75 time, 2520.01 real, 216 MB, 1.00 load
[runlim] sample:		2529.75 time, 2530.01 real, 216 MB, 1.00 load
[runlim] sample:		2539.76 time, 2540.01 real, 217 MB, 1.00 load
[runlim] sample:		2549.75 time, 2550.01 real, 224 MB, 1.00 load
[runlim] sample:		2559.75 time, 2560.01 real, 226 MB, 1.00 load
[runlim] sample:		2569.75 time, 2570.01 real, 229 MB, 1.00 load
[runlim] sample:		2579.75 time, 2580.01 real, 229 MB, 1.00 load
[runlim] sample:		2589.75 time, 2590.01 real, 229 MB, 1.00 load
[runlim] sample:		2599.74 time, 2600.01 real, 227 MB, 1.00 load
[runlim] sample:		2609.75 time, 2610.01 real, 226 MB, 1.00 load
[runlim] sample:		2619.74 time, 2620.01 real, 228 MB, 1.00 load
[runlim] sample:		2629.74 time, 2630.01 real, 225 MB, 1.00 load
[runlim] sample:		2639.75 time, 2640.01 real, 229 MB, 1.00 load
[runlim] sample:		2649.75 time, 2650.01 real, 231 MB, 1.00 load
[runlim] sample:		2659.74 time, 2660.01 real, 227 MB, 1.00 load
[runlim] sample:		2669.75 time, 2670.01 real, 232 MB, 1.00 load
[runlim] sample:		2679.74 time, 2680.01 real, 230 MB, 1.00 load
[runlim] sample:		2689.74 time, 2690.01 real, 235 MB, 1.00 load
[runlim] sample:		2699.74 time, 2700.01 real, 239 MB, 1.08 load
[runlim] sample:		2709.74 time, 2710.01 real, 239 MB, 1.07 load
[runlim] sample:		2719.74 time, 2720.01 real, 239 MB, 1.06 load
[runlim] sample:		2729.74 time, 2730.01 real, 239 MB, 1.05 load
[runlim] sample:		2739.74 time, 2740.01 real, 237 MB, 1.04 load
[runlim] sample:		2749.74 time, 2750.01 real, 237 MB, 1.03 load
[runlim] sample:		2759.74 time, 2760.01 real, 244 MB, 1.10 load
[runlim] sample:		2769.74 time, 2770.01 real, 244 MB, 1.08 load
[runlim] sample:		2779.74 time, 2780.01 real, 244 MB, 1.07 load
[runlim] sample:		2789.73 time, 2790.01 real, 235 MB, 1.06 load
[runlim] sample:		2799.74 time, 2800.01 real, 233 MB, 1.05 load
[runlim] sample:		2809.74 time, 2810.01 real, 233 MB, 1.04 load
[runlim] sample:		2819.74 time, 2820.01 real, 239 MB, 1.04 load
  SAT ! Makespan = 88
  Schedule is valid with Makespan = 88
  Total time: 2825.4766 seconds
------------------------------------------------------------------
[*] Trying with Upper Bound = 87...
[runlim] sample:		2829.74 time, 2830.01 real, 239 MB, 1.03 load
[runlim] sample:		2839.74 time, 2840.01 real, 235 MB, 1.02 load
[runlim] sample:		2849.74 time, 2850.01 real, 229 MB, 1.02 load
[runlim] sample:		2859.74 time, 2860.01 real, 230 MB, 1.02 load
[runlim] sample:		2869.74 time, 2870.01 real, 230 MB, 1.01 load
[runlim] sample:		2879.74 time, 2880.01 real, 230 MB, 1.01 load
[runlim] sample:		2889.73 time, 2890.01 real, 235 MB, 1.01 load
[runlim] sample:		2899.73 time, 2900.01 real, 235 MB, 1.01 load
[runlim] sample:		2909.73 time, 2910.01 real, 238 MB, 1.01 load
[runlim] sample:		2919.73 time, 2920.01 real, 242 MB, 1.00 load
[runlim] sample:		2929.73 time, 2930.01 real, 241 MB, 1.00 load
[runlim] sample:		2939.73 time, 2940.01 real, 245 MB, 1.00 load
[runlim] sample:		2949.73 time, 2950.01 real, 245 MB, 1.00 load
[runlim] sample:		2959.73 time, 2960.01 real, 244 MB, 1.00 load
[runlim] sample:		2969.73 time, 2970.01 real, 244 MB, 1.00 load
[runlim] sample:		2979.73 time, 2980.01 real, 234 MB, 1.00 load
[runlim] sample:		2989.71 time, 2990.02 real, 235 MB, 1.00 load
[runlim] sample:		2999.70 time, 3000.01 real, 235 MB, 1.00 load
[runlim] sample:		3009.70 time, 3010.01 real, 236 MB, 1.00 load
[runlim] sample:		3019.70 time, 3020.01 real, 236 MB, 1.00 load
[runlim] sample:		3029.70 time, 3030.02 real, 236 MB, 1.00 load
[runlim] sample:		3039.70 time, 3040.01 real, 237 MB, 1.00 load
[runlim] sample:		3049.70 time, 3050.01 real, 237 MB, 1.00 load
[runlim] sample:		3059.70 time, 3060.02 real, 237 MB, 1.00 load
[runlim] sample:		3069.70 time, 3070.01 real, 237 MB, 1.00 load
[runlim] sample:		3079.69 time, 3080.02 real, 237 MB, 1.00 load
[runlim] sample:		3089.69 time, 3090.01 real, 237 MB, 1.00 load
[runlim] sample:		3099.70 time, 3100.01 real, 238 MB, 1.00 load
[runlim] sample:		3109.69 time, 3110.01 real, 238 MB, 1.00 load
[runlim] sample:		3119.69 time, 3120.01 real, 238 MB, 1.00 load
[runlim] sample:		3129.70 time, 3130.01 real, 239 MB, 1.00 load
[runlim] sample:		3139.69 time, 3140.02 real, 239 MB, 1.00 load
[runlim] sample:		3149.69 time, 3150.01 real, 239 MB, 1.00 load
[runlim] sample:		3159.69 time, 3160.01 real, 239 MB, 1.00 load
[runlim] sample:		3169.68 time, 3170.02 real, 239 MB, 1.00 load
[runlim] sample:		3179.68 time, 3180.01 real, 239 MB, 1.00 load
[runlim] sample:		3189.69 time, 3190.01 real, 239 MB, 1.00 load
[runlim] sample:		3199.69 time, 3200.01 real, 245 MB, 1.00 load
[runlim] sample:		3209.69 time, 3210.01 real, 245 MB, 1.00 load
[runlim] sample:		3219.69 time, 3220.01 real, 250 MB, 1.00 load
[runlim] sample:		3229.68 time, 3230.01 real, 251 MB, 1.00 load
[runlim] sample:		3239.69 time, 3240.01 real, 251 MB, 1.00 load
[runlim] sample:		3249.68 time, 3250.01 real, 244 MB, 1.00 load
[runlim] sample:		3259.68 time, 3260.01 real, 244 MB, 1.00 load
[runlim] sample:		3269.68 time, 3270.01 real, 244 MB, 1.00 load
[runlim] sample:		3279.68 time, 3280.01 real, 244 MB, 1.00 load
[runlim] sample:		3289.68 time, 3290.01 real, 245 MB, 1.00 load
[runlim] sample:		3299.68 time, 3300.01 real, 244 MB, 1.00 load
[runlim] sample:		3309.68 time, 3310.01 real, 245 MB, 1.00 load
[runlim] sample:		3319.68 time, 3320.02 real, 249 MB, 1.00 load
[runlim] sample:		3329.68 time, 3330.01 real, 249 MB, 1.00 load
[runlim] sample:		3339.67 time, 3340.02 real, 252 MB, 1.00 load
[runlim] sample:		3349.68 time, 3350.01 real, 258 MB, 1.00 load
[runlim] sample:		3359.68 time, 3360.01 real, 258 MB, 1.00 load
[runlim] sample:		3369.68 time, 3370.01 real, 256 MB, 1.00 load
[runlim] sample:		3379.67 time, 3380.01 real, 250 MB, 1.08 load
[runlim] sample:		3389.67 time, 3390.01 real, 250 MB, 1.07 load
[runlim] sample:		3399.67 time, 3400.02 real, 250 MB, 1.06 load
[runlim] sample:		3409.67 time, 3410.01 real, 246 MB, 1.05 load
[runlim] sample:		3419.67 time, 3420.01 real, 246 MB, 1.04 load
[runlim] sample:		3429.67 time, 3430.01 real, 246 MB, 1.03 load
[runlim] sample:		3439.67 time, 3440.01 real, 238 MB, 1.03 load
[runlim] sample:		3449.67 time, 3450.01 real, 238 MB, 1.02 load
[runlim] sample:		3459.67 time, 3460.01 real, 238 MB, 1.02 load
[runlim] sample:		3469.67 time, 3470.01 real, 238 MB, 1.02 load
[runlim] sample:		3479.67 time, 3480.01 real, 239 MB, 1.01 load
[runlim] sample:		3489.67 time, 3490.01 real, 239 MB, 1.01 load
[runlim] sample:		3499.67 time, 3500.01 real, 239 MB, 1.41 load
[runlim] sample:		3509.66 time, 3510.01 real, 240 MB, 1.42 load
[runlim] sample:		3519.66 time, 3520.01 real, 240 MB, 1.35 load
[runlim] sample:		3529.66 time, 3530.01 real, 240 MB, 1.30 load
[runlim] sample:		3539.66 time, 3540.01 real, 241 MB, 1.25 load
[runlim] sample:		3549.66 time, 3550.01 real, 241 MB, 1.21 load
[runlim] sample:		3559.66 time, 3560.01 real, 241 MB, 1.18 load
[runlim] sample:		3569.66 time, 3570.02 real, 241 MB, 1.15 load
[runlim] sample:		3579.66 time, 3580.01 real, 241 MB, 1.13 load
[runlim] sample:		3589.66 time, 3590.02 real, 241 MB, 1.11 load
[runlim] sample:		3599.66 time, 3600.01 real, 241 MB, 1.09 load
[runlim] end:			Sat Aug 15 17:54:32 2026
[runlim] status:		out of time
[runlim] result:		2
[runlim] children:		1
[runlim] processes:		2
[runlim] real:			3601.04 seconds
[runlim] time:			3599.66 seconds
[runlim] space:			313 MB
[runlim] load:			1.79 maximum
[runlim] samples:		36000
