[runlim] version:		2.0.0rc12
[runlim] host:			fjssp-instance1
[runlim] time limit:		311040000 seconds
[runlim] real time limit:	3600 seconds
[runlim] space limit:		14000 MB
[runlim] argv[0]:		python3
[runlim] argv[1]:		-u
[runlim] argv[2]:		main.py
[runlim] argv[3]:		--input
[runlim] argv[4]:		datasets/brandimarte/MK08
[runlim] argv[5]:		--factories
[runlim] argv[6]:		2
[runlim] start:			Sat Aug 15 18:54:37 2026
[runlim] child:			142365
[*] Loading data from file: datasets/brandimarte/MK08
[*] Running D-FJSSP SAT Solver with 2 factories, Symmetry Breaking = OFF, Transitive E* = OFF
===========================================================================
 D-FJSSP SAT SOLVER - PARALLEL FACTORIES SCHEDULING
===========================================================================
  -> Operations: 225 | Jobs: 20 | Machines: 10 | Factories: 2

[*] Running Greedy Heuristic...
  -> Greedy Solution: Makespan = 313 (0.0006s)

[*] Initializing and solving the SAT model...
------------------------------------------------------------------
[*] Trying with Upper Bound = 313...
  SAT ! Makespan = 313
  Schedule is valid with Makespan = 313
  Total time: 2.1016 seconds
------------------------------------------------------------------
[*] Trying with Upper Bound = 312...
  SAT ! Makespan = 312
  Schedule is valid with Makespan = 312
  Total time: 2.3890 seconds
------------------------------------------------------------------
[*] Trying with Upper Bound = 311...
  SAT ! Makespan = 311
  Schedule is valid with Makespan = 311
  Total time: 2.4279 seconds
------------------------------------------------------------------
[*] Trying with Upper Bound = 310...
  SAT ! Makespan = 310
  Schedule is valid with Makespan = 310
  Total time: 2.5097 seconds
------------------------------------------------------------------
[*] Trying with Upper Bound = 309...
  SAT ! Makespan = 309
  Schedule is valid with Makespan = 309
  Total time: 3.0013 seconds
------------------------------------------------------------------
[*] Trying with Upper Bound = 308...
  SAT ! Makespan = 308
  Schedule is valid with Makespan = 308
  Total time: 3.0837 seconds
------------------------------------------------------------------
[*] Trying with Upper Bound = 307...
  SAT ! Makespan = 307
  Schedule is valid with Makespan = 307
  Total time: 3.1139 seconds
------------------------------------------------------------------
[*] Trying with Upper Bound = 306...
  SAT ! Makespan = 306
  Schedule is valid with Makespan = 306
  Total time: 3.1369 seconds
------------------------------------------------------------------
[*] Trying with Upper Bound = 305...
  SAT ! Makespan = 305
  Schedule is valid with Makespan = 305
  Total time: 3.1569 seconds
------------------------------------------------------------------
[*] Trying with Upper Bound = 304...
  SAT ! Makespan = 304
  Schedule is valid with Makespan = 304
  Total time: 3.1758 seconds
------------------------------------------------------------------
[*] Trying with Upper Bound = 303...
  SAT ! Makespan = 303
  Schedule is valid with Makespan = 303
  Total time: 3.3911 seconds
------------------------------------------------------------------
[*] Trying with Upper Bound = 302...
  SAT ! Makespan = 302
  Schedule is valid with Makespan = 302
  Total time: 6.9066 seconds
------------------------------------------------------------------
[*] Trying with Upper Bound = 301...
  SAT ! Makespan = 301
  Schedule is valid with Makespan = 301
  Total time: 8.6670 seconds
------------------------------------------------------------------
[*] Trying with Upper Bound = 300...
  SAT ! Makespan = 300
  Schedule is valid with Makespan = 300
  Total time: 9.7475 seconds
------------------------------------------------------------------
[*] Trying with Upper Bound = 299...
[runlim] sample:		10.00 time, 10.02 real, 301 MB, 1.53 load
  SAT ! Makespan = 299
  Schedule is valid with Makespan = 299
  Total time: 12.3237 seconds
------------------------------------------------------------------
[*] Trying with Upper Bound = 298...
  SAT ! Makespan = 298
  Schedule is valid with Makespan = 298
  Total time: 12.8563 seconds
------------------------------------------------------------------
[*] Trying with Upper Bound = 297...
  SAT ! Makespan = 297
  Schedule is valid with Makespan = 297
  Total time: 13.8986 seconds
------------------------------------------------------------------
[*] Trying with Upper Bound = 296...
  SAT ! Makespan = 296
  Schedule is valid with Makespan = 296
  Total time: 13.9942 seconds
------------------------------------------------------------------
[*] Trying with Upper Bound = 295...
  SAT ! Makespan = 295
  Schedule is valid with Makespan = 295
  Total time: 15.0300 seconds
------------------------------------------------------------------
[*] Trying with Upper Bound = 294...
  SAT ! Makespan = 294
  Schedule is valid with Makespan = 294
  Total time: 15.2228 seconds
------------------------------------------------------------------
[*] Trying with Upper Bound = 293...
  SAT ! Makespan = 293
  Schedule is valid with Makespan = 293
  Total time: 15.3073 seconds
------------------------------------------------------------------
[*] Trying with Upper Bound = 292...
  SAT ! Makespan = 292
  Schedule is valid with Makespan = 292
  Total time: 15.3772 seconds
------------------------------------------------------------------
[*] Trying with Upper Bound = 291...
  SAT ! Makespan = 291
  Schedule is valid with Makespan = 291
  Total time: 15.4474 seconds
------------------------------------------------------------------
[*] Trying with Upper Bound = 290...
  SAT ! Makespan = 290
  Schedule is valid with Makespan = 290
  Total time: 18.3953 seconds
------------------------------------------------------------------
[*] Trying with Upper Bound = 289...
  SAT ! Makespan = 289
  Schedule is valid with Makespan = 289
  Total time: 19.4161 seconds
------------------------------------------------------------------
[*] Trying with Upper Bound = 288...
[runlim] sample:		20.00 time, 20.02 real, 267 MB, 1.44 load
  SAT ! Makespan = 288
  Schedule is valid with Makespan = 288
  Total time: 20.4382 seconds
------------------------------------------------------------------
[*] Trying with Upper Bound = 287...
  SAT ! Makespan = 287
  Schedule is valid with Makespan = 287
  Total time: 20.5352 seconds
------------------------------------------------------------------
[*] Trying with Upper Bound = 286...
  SAT ! Makespan = 286
  Schedule is valid with Makespan = 286
  Total time: 22.2772 seconds
------------------------------------------------------------------
[*] Trying with Upper Bound = 285...
  SAT ! Makespan = 285
  Schedule is valid with Makespan = 285
  Total time: 25.2234 seconds
------------------------------------------------------------------
[*] Trying with Upper Bound = 284...
  SAT ! Makespan = 284
  Schedule is valid with Makespan = 284
  Total time: 26.4331 seconds
------------------------------------------------------------------
[*] Trying with Upper Bound = 283...
  SAT ! Makespan = 283
  Schedule is valid with Makespan = 283
  Total time: 28.4699 seconds
------------------------------------------------------------------
[*] Trying with Upper Bound = 282...
  SAT ! Makespan = 282
  Schedule is valid with Makespan = 282
  Total time: 28.5808 seconds
------------------------------------------------------------------
[*] Trying with Upper Bound = 281...
  SAT ! Makespan = 281
  Schedule is valid with Makespan = 281
  Total time: 28.6783 seconds
------------------------------------------------------------------
[*] Trying with Upper Bound = 280...
  SAT ! Makespan = 280
  Schedule is valid with Makespan = 280
  Total time: 29.7677 seconds
------------------------------------------------------------------
[*] Trying with Upper Bound = 279...
[runlim] sample:		29.99 time, 30.02 real, 279 MB, 1.38 load
  SAT ! Makespan = 279
  Schedule is valid with Makespan = 279
  Total time: 33.4697 seconds
------------------------------------------------------------------
[*] Trying with Upper Bound = 278...
  SAT ! Makespan = 278
  Schedule is valid with Makespan = 278
  Total time: 35.2093 seconds
------------------------------------------------------------------
[*] Trying with Upper Bound = 277...
[runlim] sample:		39.99 time, 40.02 real, 259 MB, 1.32 load
  SAT ! Makespan = 277
  Schedule is valid with Makespan = 277
  Total time: 42.0691 seconds
------------------------------------------------------------------
[*] Trying with Upper Bound = 276...
  SAT ! Makespan = 276
  Schedule is valid with Makespan = 276
  Total time: 47.4607 seconds
------------------------------------------------------------------
[*] Trying with Upper Bound = 275...
  SAT ! Makespan = 275
  Schedule is valid with Makespan = 275
  Total time: 48.9278 seconds
------------------------------------------------------------------
[*] Trying with Upper Bound = 274...
[runlim] sample:		50.00 time, 50.02 real, 260 MB, 1.35 load
  SAT ! Makespan = 274
  Schedule is valid with Makespan = 274
  Total time: 55.3976 seconds
------------------------------------------------------------------
[*] Trying with Upper Bound = 273...
  SAT ! Makespan = 273
  Schedule is valid with Makespan = 273
  Total time: 56.7560 seconds
------------------------------------------------------------------
[*] Trying with Upper Bound = 272...
  SAT ! Makespan = 272
  Schedule is valid with Makespan = 272
  Total time: 58.5463 seconds
------------------------------------------------------------------
[*] Trying with Upper Bound = 271...
[runlim] sample:		60.00 time, 60.02 real, 257 MB, 1.29 load
[runlim] sample:		69.99 time, 70.02 real, 258 MB, 1.25 load
[runlim] sample:		79.99 time, 80.01 real, 281 MB, 1.21 load
  SAT ! Makespan = 271
  Schedule is valid with Makespan = 271
  Total time: 82.2099 seconds
------------------------------------------------------------------
[*] Trying with Upper Bound = 270...
[runlim] sample:		89.99 time, 90.01 real, 260 MB, 1.18 load
[runlim] sample:		99.99 time, 100.01 real, 286 MB, 1.15 load
  SAT ! Makespan = 270
  Schedule is valid with Makespan = 270
  Total time: 107.3311 seconds
------------------------------------------------------------------
[*] Trying with Upper Bound = 269...
[runlim] sample:		109.99 time, 110.02 real, 271 MB, 1.13 load
[runlim] sample:		119.99 time, 120.01 real, 273 MB, 1.11 load
[runlim] sample:		129.99 time, 130.02 real, 289 MB, 1.09 load
  SAT ! Makespan = 269
  Schedule is valid with Makespan = 269
  Total time: 132.2617 seconds
------------------------------------------------------------------
[*] Trying with Upper Bound = 268...
[runlim] sample:		139.99 time, 140.01 real, 260 MB, 1.08 load
[runlim] sample:		149.99 time, 150.02 real, 286 MB, 1.06 load
[runlim] sample:		159.98 time, 160.02 real, 289 MB, 1.05 load
  SAT ! Makespan = 268
  Schedule is valid with Makespan = 268
  Total time: 168.2576 seconds
------------------------------------------------------------------
[*] Trying with Upper Bound = 267...
[runlim] sample:		169.97 time, 170.02 real, 262 MB, 1.04 load
[runlim] sample:		179.97 time, 180.01 real, 262 MB, 1.04 load
[runlim] sample:		189.96 time, 190.01 real, 280 MB, 1.03 load
  SAT ! Makespan = 267
  Schedule is valid with Makespan = 267
  Total time: 195.2106 seconds
------------------------------------------------------------------
[*] Trying with Upper Bound = 266...
[runlim] sample:		199.96 time, 200.02 real, 281 MB, 1.03 load
  SAT ! Makespan = 266
  Schedule is valid with Makespan = 266
  Total time: 203.5682 seconds
------------------------------------------------------------------
[*] Trying with Upper Bound = 265...
[runlim] sample:		209.95 time, 210.02 real, 281 MB, 1.02 load
[runlim] sample:		219.95 time, 220.02 real, 281 MB, 1.02 load
[runlim] sample:		229.95 time, 230.02 real, 281 MB, 1.01 load
  SAT ! Makespan = 265
  Schedule is valid with Makespan = 265
  Total time: 234.6921 seconds
------------------------------------------------------------------
[*] Trying with Upper Bound = 264...
[runlim] sample:		239.95 time, 240.01 real, 242 MB, 1.01 load
[runlim] sample:		249.95 time, 250.01 real, 243 MB, 1.01 load
  SAT ! Makespan = 264
  Schedule is valid with Makespan = 264
  Total time: 258.8623 seconds
------------------------------------------------------------------
[*] Trying with Upper Bound = 263...
  SAT ! Makespan = 263
  Schedule is valid with Makespan = 263
  Total time: 258.9651 seconds
------------------------------------------------------------------
[*] Trying with Upper Bound = 262...
[runlim] sample:		259.95 time, 260.01 real, 244 MB, 1.01 load
[runlim] sample:		269.95 time, 270.01 real, 243 MB, 1.01 load
[runlim] sample:		279.95 time, 280.02 real, 242 MB, 1.00 load
[runlim] sample:		289.95 time, 290.02 real, 272 MB, 1.00 load
[runlim] sample:		299.95 time, 300.01 real, 273 MB, 1.00 load
[runlim] sample:		309.95 time, 310.01 real, 270 MB, 1.00 load
[runlim] sample:		319.94 time, 320.02 real, 271 MB, 1.00 load
[runlim] sample:		329.94 time, 330.02 real, 271 MB, 1.00 load
[runlim] sample:		339.95 time, 340.01 real, 272 MB, 1.00 load
[runlim] sample:		349.95 time, 350.02 real, 272 MB, 1.00 load
[runlim] sample:		359.94 time, 360.01 real, 274 MB, 1.00 load
[runlim] sample:		369.95 time, 370.01 real, 274 MB, 1.00 load
[runlim] sample:		379.95 time, 380.01 real, 273 MB, 1.00 load
[runlim] sample:		389.94 time, 390.02 real, 275 MB, 1.00 load
[runlim] sample:		399.94 time, 400.02 real, 275 MB, 1.00 load
[runlim] sample:		409.94 time, 410.02 real, 275 MB, 1.00 load
[runlim] sample:		419.93 time, 420.01 real, 275 MB, 1.00 load
[runlim] sample:		429.94 time, 430.01 real, 273 MB, 1.00 load
[runlim] sample:		439.94 time, 440.01 real, 274 MB, 1.00 load
[runlim] sample:		449.94 time, 450.02 real, 274 MB, 1.00 load
[runlim] sample:		459.94 time, 460.02 real, 274 MB, 1.00 load
[runlim] sample:		469.94 time, 470.02 real, 275 MB, 1.00 load
[runlim] sample:		479.93 time, 480.02 real, 275 MB, 1.00 load
[runlim] sample:		489.94 time, 490.01 real, 275 MB, 1.00 load
[runlim] sample:		499.93 time, 500.02 real, 275 MB, 1.00 load
[runlim] sample:		509.94 time, 510.01 real, 275 MB, 1.00 load
[runlim] sample:		519.93 time, 520.01 real, 276 MB, 1.00 load
[runlim] sample:		529.93 time, 530.02 real, 276 MB, 1.00 load
[runlim] sample:		539.93 time, 540.01 real, 276 MB, 1.00 load
[runlim] sample:		549.93 time, 550.01 real, 276 MB, 1.08 load
[runlim] sample:		559.93 time, 560.01 real, 277 MB, 1.07 load
[runlim] sample:		569.92 time, 570.02 real, 277 MB, 1.06 load
[runlim] sample:		579.92 time, 580.02 real, 277 MB, 1.05 load
[runlim] sample:		589.93 time, 590.02 real, 277 MB, 1.26 load
[runlim] sample:		599.92 time, 600.01 real, 279 MB, 1.22 load
[runlim] sample:		609.92 time, 610.01 real, 280 MB, 1.19 load
[runlim] sample:		619.92 time, 620.01 real, 280 MB, 1.16 load
[runlim] sample:		629.92 time, 630.02 real, 281 MB, 1.13 load
[runlim] sample:		639.92 time, 640.02 real, 281 MB, 1.11 load
[runlim] sample:		649.92 time, 650.02 real, 281 MB, 1.09 load
[runlim] sample:		659.92 time, 660.01 real, 282 MB, 1.08 load
[runlim] sample:		669.91 time, 670.01 real, 283 MB, 1.07 load
[runlim] sample:		679.92 time, 680.01 real, 283 MB, 1.06 load
[runlim] sample:		689.92 time, 690.01 real, 284 MB, 1.05 load
[runlim] sample:		699.92 time, 700.02 real, 284 MB, 1.04 load
[runlim] sample:		709.91 time, 710.02 real, 281 MB, 1.03 load
[runlim] sample:		719.92 time, 720.01 real, 281 MB, 1.03 load
[runlim] sample:		729.92 time, 730.02 real, 282 MB, 1.02 load
[runlim] sample:		739.91 time, 740.01 real, 284 MB, 1.02 load
[runlim] sample:		749.91 time, 750.02 real, 285 MB, 1.02 load
[runlim] sample:		759.91 time, 760.01 real, 282 MB, 1.01 load
[runlim] sample:		769.92 time, 770.02 real, 284 MB, 1.01 load
[runlim] sample:		779.91 time, 780.01 real, 283 MB, 1.01 load
[runlim] sample:		789.91 time, 790.02 real, 283 MB, 1.01 load
[runlim] sample:		799.91 time, 800.01 real, 286 MB, 1.00 load
[runlim] sample:		809.91 time, 810.02 real, 285 MB, 1.00 load
[runlim] sample:		819.91 time, 820.02 real, 287 MB, 1.00 load
[runlim] sample:		829.91 time, 830.02 real, 288 MB, 1.00 load
[runlim] sample:		839.91 time, 840.02 real, 288 MB, 1.00 load
[runlim] sample:		849.91 time, 850.01 real, 288 MB, 1.00 load
[runlim] sample:		859.90 time, 860.01 real, 290 MB, 1.00 load
[runlim] sample:		869.91 time, 870.02 real, 291 MB, 1.00 load
[runlim] sample:		879.90 time, 880.01 real, 294 MB, 1.00 load
[runlim] sample:		889.90 time, 890.02 real, 294 MB, 1.00 load
[runlim] sample:		899.90 time, 900.01 real, 292 MB, 1.00 load
[runlim] sample:		909.90 time, 910.01 real, 289 MB, 1.00 load
[runlim] sample:		919.90 time, 920.02 real, 287 MB, 1.00 load
[runlim] sample:		929.90 time, 930.02 real, 291 MB, 1.00 load
[runlim] sample:		939.90 time, 940.02 real, 289 MB, 1.00 load
[runlim] sample:		949.89 time, 950.02 real, 286 MB, 1.00 load
[runlim] sample:		959.89 time, 960.01 real, 286 MB, 1.00 load
[runlim] sample:		969.89 time, 970.01 real, 287 MB, 1.00 load
[runlim] sample:		979.89 time, 980.02 real, 287 MB, 1.00 load
[runlim] sample:		989.89 time, 990.02 real, 288 MB, 1.00 load
[runlim] sample:		999.89 time, 1000.02 real, 288 MB, 1.00 load
[runlim] sample:		1009.90 time, 1010.02 real, 289 MB, 1.00 load
[runlim] sample:		1019.90 time, 1020.01 real, 289 MB, 1.00 load
[runlim] sample:		1029.90 time, 1030.02 real, 289 MB, 1.00 load
[runlim] sample:		1039.89 time, 1040.02 real, 290 MB, 1.00 load
[runlim] sample:		1049.89 time, 1050.02 real, 290 MB, 1.00 load
[runlim] sample:		1059.89 time, 1060.02 real, 290 MB, 1.00 load
[runlim] sample:		1069.89 time, 1070.02 real, 290 MB, 1.00 load
[runlim] sample:		1079.88 time, 1080.01 real, 290 MB, 1.00 load
[runlim] sample:		1089.89 time, 1090.02 real, 291 MB, 1.00 load
[runlim] sample:		1099.89 time, 1100.02 real, 267 MB, 1.00 load
[runlim] sample:		1109.89 time, 1110.02 real, 293 MB, 1.00 load
[runlim] sample:		1119.89 time, 1120.02 real, 293 MB, 1.00 load
[runlim] sample:		1129.89 time, 1130.02 real, 293 MB, 1.00 load
[runlim] sample:		1139.88 time, 1140.01 real, 293 MB, 1.00 load
[runlim] sample:		1149.88 time, 1150.01 real, 293 MB, 1.00 load
[runlim] sample:		1159.88 time, 1160.02 real, 293 MB, 1.00 load
[runlim] sample:		1169.88 time, 1170.02 real, 293 MB, 1.00 load
[runlim] sample:		1179.88 time, 1180.02 real, 294 MB, 1.07 load
[runlim] sample:		1189.88 time, 1190.02 real, 294 MB, 1.06 load
[runlim] sample:		1199.88 time, 1200.02 real, 293 MB, 1.05 load
[runlim] sample:		1209.88 time, 1210.02 real, 293 MB, 1.04 load
[runlim] sample:		1219.88 time, 1220.01 real, 293 MB, 1.04 load
[runlim] sample:		1229.88 time, 1230.02 real, 294 MB, 1.03 load
[runlim] sample:		1239.88 time, 1240.02 real, 294 MB, 1.02 load
[runlim] sample:		1249.87 time, 1250.02 real, 294 MB, 1.02 load
[runlim] sample:		1259.88 time, 1260.01 real, 294 MB, 1.02 load
[runlim] sample:		1269.88 time, 1270.01 real, 294 MB, 1.01 load
[runlim] sample:		1279.88 time, 1280.01 real, 294 MB, 1.01 load
[runlim] sample:		1289.88 time, 1290.02 real, 294 MB, 1.01 load
[runlim] sample:		1299.87 time, 1300.02 real, 285 MB, 1.01 load
[runlim] sample:		1309.87 time, 1310.02 real, 285 MB, 1.01 load
[runlim] sample:		1319.87 time, 1320.02 real, 285 MB, 1.00 load
[runlim] sample:		1329.87 time, 1330.02 real, 285 MB, 1.00 load
[runlim] sample:		1339.86 time, 1340.02 real, 285 MB, 1.00 load
[runlim] sample:		1349.86 time, 1350.02 real, 285 MB, 1.00 load
[runlim] sample:		1359.87 time, 1360.01 real, 286 MB, 1.00 load
[runlim] sample:		1369.87 time, 1370.02 real, 286 MB, 1.00 load
[runlim] sample:		1379.87 time, 1380.01 real, 286 MB, 1.00 load
[runlim] sample:		1389.86 time, 1390.01 real, 286 MB, 1.00 load
[runlim] sample:		1399.86 time, 1400.01 real, 288 MB, 1.00 load
[runlim] sample:		1409.87 time, 1410.02 real, 288 MB, 1.00 load
[runlim] sample:		1419.86 time, 1420.02 real, 288 MB, 1.00 load
[runlim] sample:		1429.86 time, 1430.02 real, 288 MB, 1.07 load
[runlim] sample:		1439.86 time, 1440.01 real, 289 MB, 1.06 load
[runlim] sample:		1449.86 time, 1450.01 real, 289 MB, 1.05 load
[runlim] sample:		1459.86 time, 1460.01 real, 289 MB, 1.04 load
[runlim] sample:		1469.86 time, 1470.02 real, 289 MB, 1.04 load
[runlim] sample:		1479.86 time, 1480.02 real, 289 MB, 1.03 load
[runlim] sample:		1489.86 time, 1490.02 real, 289 MB, 1.02 load
[runlim] sample:		1499.86 time, 1500.02 real, 289 MB, 1.02 load
[runlim] sample:		1509.86 time, 1510.01 real, 279 MB, 1.02 load
[runlim] sample:		1519.86 time, 1520.02 real, 291 MB, 1.01 load
[runlim] sample:		1529.86 time, 1530.02 real, 291 MB, 1.01 load
[runlim] sample:		1539.86 time, 1540.02 real, 291 MB, 1.01 load
[runlim] sample:		1549.85 time, 1550.02 real, 291 MB, 1.01 load
[runlim] sample:		1559.85 time, 1560.01 real, 291 MB, 1.01 load
[runlim] sample:		1569.85 time, 1570.02 real, 291 MB, 1.00 load
[runlim] sample:		1579.85 time, 1580.01 real, 291 MB, 1.00 load
[runlim] sample:		1589.85 time, 1590.02 real, 292 MB, 1.00 load
[runlim] sample:		1599.85 time, 1600.01 real, 292 MB, 1.00 load
[runlim] sample:		1609.84 time, 1610.02 real, 292 MB, 1.00 load
[runlim] sample:		1619.84 time, 1620.01 real, 292 MB, 1.00 load
[runlim] sample:		1629.85 time, 1630.01 real, 294 MB, 1.00 load
[runlim] sample:		1639.85 time, 1640.02 real, 294 MB, 1.00 load
[runlim] sample:		1649.85 time, 1650.02 real, 294 MB, 1.00 load
[runlim] sample:		1659.85 time, 1660.02 real, 294 MB, 1.00 load
[runlim] sample:		1669.85 time, 1670.02 real, 294 MB, 1.00 load
[runlim] sample:		1679.84 time, 1680.02 real, 294 MB, 1.00 load
[runlim] sample:		1689.84 time, 1690.02 real, 294 MB, 1.00 load
[runlim] sample:		1699.84 time, 1700.01 real, 295 MB, 1.00 load
[runlim] sample:		1709.84 time, 1710.02 real, 295 MB, 1.00 load
[runlim] sample:		1719.84 time, 1720.02 real, 295 MB, 1.00 load
[runlim] sample:		1729.84 time, 1730.02 real, 295 MB, 1.16 load
[runlim] sample:		1739.84 time, 1740.01 real, 295 MB, 1.13 load
[runlim] sample:		1749.83 time, 1750.01 real, 299 MB, 1.11 load
[runlim] sample:		1759.84 time, 1760.02 real, 299 MB, 1.10 load
[runlim] sample:		1769.84 time, 1770.02 real, 299 MB, 1.08 load
[runlim] sample:		1779.84 time, 1780.01 real, 299 MB, 1.07 load
[runlim] sample:		1789.82 time, 1790.02 real, 299 MB, 1.06 load
[runlim] sample:		1799.82 time, 1800.02 real, 299 MB, 1.13 load
[runlim] sample:		1809.82 time, 1810.01 real, 299 MB, 1.11 load
[runlim] sample:		1819.82 time, 1820.02 real, 299 MB, 1.09 load
[runlim] sample:		1829.81 time, 1830.02 real, 300 MB, 1.08 load
[runlim] sample:		1839.82 time, 1840.01 real, 300 MB, 1.06 load
[runlim] sample:		1849.82 time, 1850.02 real, 300 MB, 1.05 load
[runlim] sample:		1859.82 time, 1860.01 real, 300 MB, 1.04 load
[runlim] sample:		1869.82 time, 1870.01 real, 300 MB, 1.04 load
[runlim] sample:		1879.81 time, 1880.02 real, 300 MB, 1.03 load
[runlim] sample:		1889.81 time, 1890.02 real, 300 MB, 1.03 load
[runlim] sample:		1899.81 time, 1900.01 real, 300 MB, 1.02 load
[runlim] sample:		1909.81 time, 1910.02 real, 300 MB, 1.02 load
[runlim] sample:		1919.81 time, 1920.02 real, 300 MB, 1.02 load
[runlim] sample:		1929.80 time, 1930.01 real, 300 MB, 1.01 load
[runlim] sample:		1939.80 time, 1940.01 real, 300 MB, 1.01 load
[runlim] sample:		1949.80 time, 1950.02 real, 300 MB, 1.01 load
[runlim] sample:		1959.80 time, 1960.02 real, 300 MB, 1.01 load
[runlim] sample:		1969.80 time, 1970.02 real, 300 MB, 1.01 load
[runlim] sample:		1979.80 time, 1980.01 real, 300 MB, 1.00 load
[runlim] sample:		1989.80 time, 1990.01 real, 301 MB, 1.00 load
[runlim] sample:		1999.80 time, 2000.01 real, 301 MB, 1.00 load
[runlim] sample:		2009.80 time, 2010.02 real, 305 MB, 1.00 load
[runlim] sample:		2019.80 time, 2020.01 real, 305 MB, 1.00 load
[runlim] sample:		2029.80 time, 2030.02 real, 305 MB, 1.00 load
[runlim] sample:		2039.80 time, 2040.01 real, 305 MB, 1.00 load
[runlim] sample:		2049.80 time, 2050.01 real, 305 MB, 1.00 load
[runlim] sample:		2059.80 time, 2060.01 real, 305 MB, 1.00 load
[runlim] sample:		2069.79 time, 2070.02 real, 305 MB, 1.00 load
[runlim] sample:		2079.79 time, 2080.01 real, 305 MB, 1.00 load
[runlim] sample:		2089.79 time, 2090.02 real, 306 MB, 1.00 load
[runlim] sample:		2099.79 time, 2100.01 real, 306 MB, 1.00 load
[runlim] sample:		2109.79 time, 2110.01 real, 306 MB, 1.00 load
[runlim] sample:		2119.79 time, 2120.02 real, 306 MB, 1.00 load
[runlim] sample:		2129.79 time, 2130.02 real, 306 MB, 1.00 load
[runlim] sample:		2139.79 time, 2140.01 real, 296 MB, 1.00 load
[runlim] sample:		2149.79 time, 2150.02 real, 287 MB, 1.00 load
[runlim] sample:		2159.79 time, 2160.01 real, 295 MB, 1.00 load
[runlim] sample:		2169.79 time, 2170.02 real, 295 MB, 1.00 load
[runlim] sample:		2179.79 time, 2180.01 real, 295 MB, 1.00 load
[runlim] sample:		2189.79 time, 2190.02 real, 296 MB, 1.00 load
[runlim] sample:		2199.79 time, 2200.02 real, 296 MB, 1.00 load
[runlim] sample:		2209.79 time, 2210.02 real, 300 MB, 1.00 load
[runlim] sample:		2219.79 time, 2220.01 real, 300 MB, 1.00 load
[runlim] sample:		2229.79 time, 2230.01 real, 298 MB, 1.00 load
[runlim] sample:		2239.78 time, 2240.01 real, 311 MB, 1.00 load
[runlim] sample:		2249.78 time, 2250.02 real, 311 MB, 1.00 load
[runlim] sample:		2259.79 time, 2260.02 real, 309 MB, 1.00 load
[runlim] sample:		2269.78 time, 2270.02 real, 308 MB, 1.00 load
[runlim] sample:		2279.78 time, 2280.01 real, 308 MB, 1.00 load
[runlim] sample:		2289.78 time, 2290.01 real, 320 MB, 1.00 load
[runlim] sample:		2299.78 time, 2300.01 real, 312 MB, 1.00 load
[runlim] sample:		2309.78 time, 2310.02 real, 312 MB, 1.00 load
[runlim] sample:		2319.78 time, 2320.02 real, 308 MB, 1.00 load
[runlim] sample:		2329.78 time, 2330.02 real, 308 MB, 1.00 load
[runlim] sample:		2339.77 time, 2340.02 real, 309 MB, 1.00 load
  SAT ! Makespan = 262
  Schedule is valid with Makespan = 262
  Total time: 2344.2258 seconds
------------------------------------------------------------------
[*] Trying with Upper Bound = 261...
[runlim] sample:		2349.78 time, 2350.01 real, 329 MB, 1.00 load
[runlim] sample:		2359.77 time, 2360.01 real, 320 MB, 1.00 load
[runlim] sample:		2369.77 time, 2370.02 real, 320 MB, 1.00 load
[runlim] sample:		2379.77 time, 2380.02 real, 325 MB, 1.00 load
[runlim] sample:		2389.77 time, 2390.02 real, 325 MB, 1.00 load
[runlim] sample:		2399.77 time, 2400.01 real, 329 MB, 1.00 load
[runlim] sample:		2409.77 time, 2410.02 real, 329 MB, 1.00 load
[runlim] sample:		2419.77 time, 2420.02 real, 329 MB, 1.00 load
[runlim] sample:		2429.76 time, 2430.02 real, 325 MB, 1.08 load
[runlim] sample:		2439.76 time, 2440.01 real, 325 MB, 1.07 load
[runlim] sample:		2449.76 time, 2450.02 real, 325 MB, 1.06 load
[runlim] sample:		2459.76 time, 2460.02 real, 349 MB, 1.05 load
[runlim] sample:		2469.76 time, 2470.01 real, 350 MB, 1.04 load
[runlim] sample:		2479.76 time, 2480.02 real, 350 MB, 1.03 load
[runlim] sample:		2489.76 time, 2490.02 real, 350 MB, 1.03 load
[runlim] sample:		2499.76 time, 2500.02 real, 353 MB, 1.02 load
[runlim] sample:		2509.76 time, 2510.02 real, 353 MB, 1.02 load
[runlim] sample:		2519.76 time, 2520.01 real, 355 MB, 1.02 load
[runlim] sample:		2529.76 time, 2530.01 real, 353 MB, 1.01 load
[runlim] sample:		2539.76 time, 2540.01 real, 353 MB, 1.01 load
[runlim] sample:		2549.75 time, 2550.02 real, 353 MB, 1.01 load
[runlim] sample:		2559.75 time, 2560.01 real, 351 MB, 1.08 load
[runlim] sample:		2569.75 time, 2570.02 real, 353 MB, 1.07 load
[runlim] sample:		2579.75 time, 2580.02 real, 353 MB, 1.06 load
[runlim] sample:		2589.75 time, 2590.02 real, 353 MB, 1.05 load
[runlim] sample:		2599.75 time, 2600.02 real, 353 MB, 1.04 load
[runlim] sample:		2609.75 time, 2610.02 real, 350 MB, 1.03 load
[runlim] sample:		2619.75 time, 2620.02 real, 350 MB, 1.03 load
[runlim] sample:		2629.75 time, 2630.02 real, 350 MB, 1.02 load
[runlim] sample:		2639.75 time, 2640.01 real, 350 MB, 1.02 load
[runlim] sample:		2649.75 time, 2650.01 real, 351 MB, 1.02 load
[runlim] sample:		2659.75 time, 2660.02 real, 351 MB, 1.01 load
[runlim] sample:		2669.75 time, 2670.02 real, 351 MB, 1.01 load
[runlim] sample:		2679.75 time, 2680.02 real, 351 MB, 1.01 load
[runlim] sample:		2689.74 time, 2690.02 real, 352 MB, 1.01 load
[runlim] sample:		2699.74 time, 2700.01 real, 352 MB, 1.00 load
[runlim] sample:		2709.74 time, 2710.01 real, 352 MB, 1.00 load
[runlim] sample:		2719.74 time, 2720.01 real, 352 MB, 1.00 load
[runlim] sample:		2729.74 time, 2730.02 real, 352 MB, 1.00 load
[runlim] sample:		2739.74 time, 2740.02 real, 352 MB, 1.00 load
[runlim] sample:		2749.74 time, 2750.02 real, 352 MB, 1.00 load
[runlim] sample:		2759.74 time, 2760.01 real, 352 MB, 1.00 load
[runlim] sample:		2769.74 time, 2770.01 real, 353 MB, 1.00 load
[runlim] sample:		2779.74 time, 2780.02 real, 353 MB, 1.00 load
[runlim] sample:		2789.74 time, 2790.02 real, 353 MB, 1.00 load
[runlim] sample:		2799.74 time, 2800.02 real, 353 MB, 1.00 load
[runlim] sample:		2809.73 time, 2810.02 real, 353 MB, 1.66 load
[runlim] sample:		2819.73 time, 2820.01 real, 353 MB, 1.56 load
[runlim] sample:		2829.73 time, 2830.01 real, 353 MB, 1.47 load
[runlim] sample:		2839.73 time, 2840.02 real, 353 MB, 1.40 load
[runlim] sample:		2849.73 time, 2850.02 real, 353 MB, 1.34 load
[runlim] sample:		2859.73 time, 2860.02 real, 353 MB, 1.29 load
[runlim] sample:		2869.73 time, 2870.02 real, 353 MB, 1.24 load
[runlim] sample:		2879.73 time, 2880.01 real, 353 MB, 1.20 load
[runlim] sample:		2889.73 time, 2890.02 real, 353 MB, 1.17 load
[runlim] sample:		2899.73 time, 2900.02 real, 354 MB, 1.15 load
[runlim] sample:		2909.73 time, 2910.02 real, 354 MB, 1.12 load
[runlim] sample:		2919.73 time, 2920.02 real, 354 MB, 1.10 load
[runlim] sample:		2929.73 time, 2930.02 real, 354 MB, 1.09 load
[runlim] sample:		2939.73 time, 2940.01 real, 355 MB, 1.07 load
[runlim] sample:		2949.73 time, 2950.01 real, 355 MB, 1.06 load
[runlim] sample:		2959.72 time, 2960.01 real, 355 MB, 1.05 load
[runlim] sample:		2969.72 time, 2970.01 real, 355 MB, 1.04 load
[runlim] sample:		2979.73 time, 2980.01 real, 355 MB, 1.04 load
[runlim] sample:		2989.72 time, 2990.02 real, 355 MB, 1.03 load
[runlim] sample:		2999.72 time, 3000.01 real, 360 MB, 1.02 load
[runlim] sample:		3009.72 time, 3010.01 real, 360 MB, 1.02 load
[runlim] sample:		3019.72 time, 3020.01 real, 357 MB, 1.02 load
[runlim] sample:		3029.72 time, 3030.02 real, 357 MB, 1.01 load
[runlim] sample:		3039.71 time, 3040.01 real, 360 MB, 1.01 load
[runlim] sample:		3049.71 time, 3050.02 real, 360 MB, 1.01 load
[runlim] sample:		3059.71 time, 3060.01 real, 355 MB, 1.01 load
[runlim] sample:		3069.71 time, 3070.01 real, 355 MB, 1.01 load
[runlim] sample:		3079.71 time, 3080.01 real, 357 MB, 1.00 load
[runlim] sample:		3089.71 time, 3090.02 real, 353 MB, 1.00 load
[runlim] sample:		3099.71 time, 3100.01 real, 353 MB, 1.00 load
[runlim] sample:		3109.71 time, 3110.02 real, 354 MB, 1.00 load
[runlim] sample:		3119.71 time, 3120.01 real, 354 MB, 1.00 load
[runlim] sample:		3129.71 time, 3130.01 real, 360 MB, 1.00 load
[runlim] sample:		3139.71 time, 3140.01 real, 360 MB, 1.00 load
[runlim] sample:		3149.70 time, 3150.02 real, 356 MB, 1.00 load
[runlim] sample:		3159.70 time, 3160.01 real, 356 MB, 1.00 load
[runlim] sample:		3169.71 time, 3170.02 real, 363 MB, 1.00 load
[runlim] sample:		3179.70 time, 3180.01 real, 363 MB, 1.00 load
[runlim] sample:		3189.71 time, 3190.01 real, 365 MB, 1.00 load
[runlim] sample:		3199.71 time, 3200.01 real, 365 MB, 1.00 load
[runlim] sample:		3209.70 time, 3210.02 real, 364 MB, 1.00 load
[runlim] sample:		3219.70 time, 3220.02 real, 364 MB, 1.00 load
[runlim] sample:		3229.70 time, 3230.02 real, 364 MB, 1.00 load
[runlim] sample:		3239.70 time, 3240.01 real, 357 MB, 1.00 load
[runlim] sample:		3249.70 time, 3250.01 real, 357 MB, 1.00 load
[runlim] sample:		3259.70 time, 3260.01 real, 362 MB, 1.00 load
[runlim] sample:		3269.70 time, 3270.01 real, 362 MB, 1.00 load
[runlim] sample:		3279.70 time, 3280.01 real, 362 MB, 1.00 load
[runlim] sample:		3289.70 time, 3290.02 real, 355 MB, 1.00 load
[runlim] sample:		3299.69 time, 3300.01 real, 355 MB, 1.08 load
[runlim] sample:		3309.69 time, 3310.01 real, 355 MB, 1.07 load
[runlim] sample:		3319.69 time, 3320.01 real, 355 MB, 1.06 load
[runlim] sample:		3329.69 time, 3330.02 real, 355 MB, 1.05 load
[runlim] sample:		3339.69 time, 3340.01 real, 355 MB, 1.04 load
[runlim] sample:		3349.69 time, 3350.02 real, 355 MB, 1.03 load
[runlim] sample:		3359.69 time, 3360.02 real, 355 MB, 1.03 load
[runlim] sample:		3369.70 time, 3370.01 real, 355 MB, 1.02 load
[runlim] sample:		3379.69 time, 3380.01 real, 356 MB, 1.02 load
[runlim] sample:		3389.69 time, 3390.02 real, 356 MB, 1.02 load
[runlim] sample:		3399.69 time, 3400.02 real, 356 MB, 1.01 load
[runlim] sample:		3409.68 time, 3410.02 real, 356 MB, 1.01 load
[runlim] sample:		3419.68 time, 3420.01 real, 356 MB, 1.01 load
[runlim] sample:		3429.69 time, 3430.01 real, 357 MB, 1.01 load
[runlim] sample:		3439.68 time, 3440.01 real, 357 MB, 1.00 load
[runlim] sample:		3449.68 time, 3450.02 real, 357 MB, 1.00 load
[runlim] sample:		3459.68 time, 3460.02 real, 357 MB, 1.00 load
[runlim] sample:		3469.68 time, 3470.02 real, 357 MB, 1.00 load
[runlim] sample:		3479.68 time, 3480.01 real, 357 MB, 1.00 load
[runlim] sample:		3489.69 time, 3490.01 real, 358 MB, 1.00 load
[runlim] sample:		3499.68 time, 3500.02 real, 358 MB, 1.00 load
[runlim] sample:		3509.68 time, 3510.02 real, 358 MB, 1.00 load
[runlim] sample:		3519.68 time, 3520.02 real, 358 MB, 1.00 load
[runlim] sample:		3529.68 time, 3530.02 real, 358 MB, 1.00 load
[runlim] sample:		3539.68 time, 3540.01 real, 358 MB, 1.00 load
[runlim] sample:		3549.67 time, 3550.01 real, 358 MB, 1.00 load
[runlim] sample:		3559.67 time, 3560.02 real, 358 MB, 1.00 load
[runlim] sample:		3569.68 time, 3570.02 real, 358 MB, 1.00 load
[runlim] sample:		3579.68 time, 3580.02 real, 358 MB, 1.00 load
[runlim] sample:		3589.67 time, 3590.02 real, 359 MB, 1.00 load
[runlim] sample:		3599.67 time, 3600.01 real, 359 MB, 1.00 load
[runlim] end:			Sat Aug 15 19:54:38 2026
[runlim] status:		out of time
[runlim] result:		2
[runlim] children:		1
[runlim] processes:		2
[runlim] real:			3601.04 seconds
[runlim] time:			3599.67 seconds
[runlim] space:			447 MB
[runlim] load:			1.72 maximum
[runlim] samples:		36000
