[runlim] version:		2.0.0rc12
[runlim] host:			fjssp-instance
[runlim] time limit:		311040000 seconds
[runlim] real time limit:	3600 seconds
[runlim] space limit:		14000 MB
[runlim] argv[0]:		python3
[runlim] argv[1]:		-u
[runlim] argv[2]:		main.py
[runlim] argv[3]:		--input
[runlim] argv[4]:		datasets/rdata/la15.txt
[runlim] argv[5]:		--sb
[runlim] argv[6]:		--factories
[runlim] argv[7]:		2
[runlim] argv[8]:		--full_transitive
[runlim] start:			Sat Aug 15 09:36:54 2026
[runlim] child:			305493
[*] Loading data from file: datasets/rdata/la15.txt
[*] Running D-FJSSP SAT Solver with 2 factories, Symmetry Breaking = ON, Transitive E* = FULL
===========================================================================
 D-FJSSP SAT SOLVER - PARALLEL FACTORIES SCHEDULING
===========================================================================
  -> Operations: 100 | Jobs: 20 | Machines: 5 | Factories: 2

[*] Running Greedy Heuristic...
  -> Greedy Solution: Makespan = 674 (0.0003s)

[*] Initializing and solving the SAT model...
------------------------------------------------------------------
[*] Trying with Upper Bound = 674...
  SAT ! Makespan = 674
  Schedule is valid with Makespan = 674
  Total time: 2.3585 seconds
------------------------------------------------------------------
[*] Trying with Upper Bound = 673...
  SAT ! Makespan = 673
  Schedule is valid with Makespan = 673
  Total time: 2.3830 seconds
------------------------------------------------------------------
[*] Trying with Upper Bound = 672...
  SAT ! Makespan = 672
  Schedule is valid with Makespan = 672
  Total time: 2.3998 seconds
------------------------------------------------------------------
[*] Trying with Upper Bound = 671...
  SAT ! Makespan = 671
  Schedule is valid with Makespan = 671
  Total time: 2.4186 seconds
------------------------------------------------------------------
[*] Trying with Upper Bound = 670...
  SAT ! Makespan = 670
  Schedule is valid with Makespan = 670
  Total time: 2.8409 seconds
------------------------------------------------------------------
[*] Trying with Upper Bound = 669...
  SAT ! Makespan = 669
  Schedule is valid with Makespan = 669
  Total time: 2.9542 seconds
------------------------------------------------------------------
[*] Trying with Upper Bound = 668...
  SAT ! Makespan = 668
  Schedule is valid with Makespan = 668
  Total time: 2.9892 seconds
------------------------------------------------------------------
[*] Trying with Upper Bound = 667...
  SAT ! Makespan = 667
  Schedule is valid with Makespan = 667
  Total time: 3.0180 seconds
------------------------------------------------------------------
[*] Trying with Upper Bound = 666...
  SAT ! Makespan = 666
  Schedule is valid with Makespan = 666
  Total time: 3.0438 seconds
------------------------------------------------------------------
[*] Trying with Upper Bound = 665...
  SAT ! Makespan = 665
  Schedule is valid with Makespan = 665
  Total time: 3.0678 seconds
------------------------------------------------------------------
[*] Trying with Upper Bound = 664...
  SAT ! Makespan = 664
  Schedule is valid with Makespan = 664
  Total time: 3.0920 seconds
------------------------------------------------------------------
[*] Trying with Upper Bound = 663...
  SAT ! Makespan = 663
  Schedule is valid with Makespan = 663
  Total time: 3.1163 seconds
------------------------------------------------------------------
[*] Trying with Upper Bound = 662...
  SAT ! Makespan = 662
  Schedule is valid with Makespan = 662
  Total time: 3.1408 seconds
------------------------------------------------------------------
[*] Trying with Upper Bound = 661...
  SAT ! Makespan = 661
  Schedule is valid with Makespan = 661
  Total time: 3.1666 seconds
------------------------------------------------------------------
[*] Trying with Upper Bound = 660...
  SAT ! Makespan = 660
  Schedule is valid with Makespan = 660
  Total time: 3.1934 seconds
------------------------------------------------------------------
[*] Trying with Upper Bound = 659...
  SAT ! Makespan = 659
  Schedule is valid with Makespan = 659
  Total time: 3.2204 seconds
------------------------------------------------------------------
[*] Trying with Upper Bound = 658...
  SAT ! Makespan = 658
  Schedule is valid with Makespan = 658
  Total time: 3.2482 seconds
------------------------------------------------------------------
[*] Trying with Upper Bound = 657...
  SAT ! Makespan = 657
  Schedule is valid with Makespan = 657
  Total time: 3.5130 seconds
------------------------------------------------------------------
[*] Trying with Upper Bound = 656...
  SAT ! Makespan = 656
  Schedule is valid with Makespan = 656
  Total time: 3.5528 seconds
------------------------------------------------------------------
[*] Trying with Upper Bound = 655...
  SAT ! Makespan = 655
  Schedule is valid with Makespan = 655
  Total time: 3.5831 seconds
------------------------------------------------------------------
[*] Trying with Upper Bound = 654...
  SAT ! Makespan = 654
  Schedule is valid with Makespan = 654
  Total time: 3.6098 seconds
------------------------------------------------------------------
[*] Trying with Upper Bound = 653...
  SAT ! Makespan = 653
  Schedule is valid with Makespan = 653
  Total time: 3.6351 seconds
------------------------------------------------------------------
[*] Trying with Upper Bound = 652...
  SAT ! Makespan = 652
  Schedule is valid with Makespan = 652
  Total time: 3.6604 seconds
------------------------------------------------------------------
[*] Trying with Upper Bound = 651...
  SAT ! Makespan = 651
  Schedule is valid with Makespan = 651
  Total time: 3.6913 seconds
------------------------------------------------------------------
[*] Trying with Upper Bound = 650...
  SAT ! Makespan = 650
  Schedule is valid with Makespan = 650
  Total time: 3.7177 seconds
------------------------------------------------------------------
[*] Trying with Upper Bound = 649...
  SAT ! Makespan = 649
  Schedule is valid with Makespan = 649
  Total time: 3.7428 seconds
------------------------------------------------------------------
[*] Trying with Upper Bound = 648...
  SAT ! Makespan = 648
  Schedule is valid with Makespan = 648
  Total time: 4.6831 seconds
------------------------------------------------------------------
[*] Trying with Upper Bound = 647...
  SAT ! Makespan = 647
  Schedule is valid with Makespan = 647
  Total time: 9.0269 seconds
------------------------------------------------------------------
[*] Trying with Upper Bound = 646...
  SAT ! Makespan = 646
  Schedule is valid with Makespan = 646
  Total time: 9.1443 seconds
------------------------------------------------------------------
[*] Trying with Upper Bound = 645...
  SAT ! Makespan = 645
  Schedule is valid with Makespan = 645
  Total time: 9.3146 seconds
------------------------------------------------------------------
[*] Trying with Upper Bound = 644...
  SAT ! Makespan = 644
  Schedule is valid with Makespan = 644
  Total time: 9.4154 seconds
------------------------------------------------------------------
[*] Trying with Upper Bound = 643...
  SAT ! Makespan = 643
  Schedule is valid with Makespan = 643
  Total time: 9.4647 seconds
------------------------------------------------------------------
[*] Trying with Upper Bound = 642...
  SAT ! Makespan = 642
  Schedule is valid with Makespan = 642
  Total time: 9.4953 seconds
------------------------------------------------------------------
[*] Trying with Upper Bound = 641...
  SAT ! Makespan = 641
  Schedule is valid with Makespan = 641
  Total time: 9.6264 seconds
------------------------------------------------------------------
[*] Trying with Upper Bound = 640...
  SAT ! Makespan = 640
  Schedule is valid with Makespan = 640
  Total time: 9.6671 seconds
------------------------------------------------------------------
[*] Trying with Upper Bound = 639...
  SAT ! Makespan = 639
  Schedule is valid with Makespan = 639
  Total time: 9.6954 seconds
------------------------------------------------------------------
[*] Trying with Upper Bound = 638...
  SAT ! Makespan = 638
  Schedule is valid with Makespan = 638
  Total time: 9.7222 seconds
------------------------------------------------------------------
[*] Trying with Upper Bound = 637...
  SAT ! Makespan = 637
  Schedule is valid with Makespan = 637
  Total time: 9.7492 seconds
------------------------------------------------------------------
[*] Trying with Upper Bound = 636...
[runlim] sample:		10.00 time, 10.02 real, 330 MB, 1.06 load
  SAT ! Makespan = 636
  Schedule is valid with Makespan = 636
  Total time: 10.5432 seconds
------------------------------------------------------------------
[*] Trying with Upper Bound = 635...
  SAT ! Makespan = 635
  Schedule is valid with Makespan = 635
  Total time: 10.6498 seconds
------------------------------------------------------------------
[*] Trying with Upper Bound = 634...
  SAT ! Makespan = 634
  Schedule is valid with Makespan = 634
  Total time: 10.6844 seconds
------------------------------------------------------------------
[*] Trying with Upper Bound = 633...
  SAT ! Makespan = 633
  Schedule is valid with Makespan = 633
  Total time: 10.7048 seconds
------------------------------------------------------------------
[*] Trying with Upper Bound = 632...
  SAT ! Makespan = 632
  Schedule is valid with Makespan = 632
  Total time: 11.2005 seconds
------------------------------------------------------------------
[*] Trying with Upper Bound = 631...
  SAT ! Makespan = 631
  Schedule is valid with Makespan = 631
  Total time: 12.5598 seconds
------------------------------------------------------------------
[*] Trying with Upper Bound = 630...
  SAT ! Makespan = 630
  Schedule is valid with Makespan = 630
  Total time: 12.6036 seconds
------------------------------------------------------------------
[*] Trying with Upper Bound = 629...
  SAT ! Makespan = 629
  Schedule is valid with Makespan = 629
  Total time: 12.6308 seconds
------------------------------------------------------------------
[*] Trying with Upper Bound = 628...
  SAT ! Makespan = 628
  Schedule is valid with Makespan = 628
  Total time: 12.6584 seconds
------------------------------------------------------------------
[*] Trying with Upper Bound = 627...
  SAT ! Makespan = 627
  Schedule is valid with Makespan = 627
  Total time: 12.6837 seconds
------------------------------------------------------------------
[*] Trying with Upper Bound = 626...
  SAT ! Makespan = 626
  Schedule is valid with Makespan = 626
  Total time: 12.7076 seconds
------------------------------------------------------------------
[*] Trying with Upper Bound = 625...
  SAT ! Makespan = 625
  Schedule is valid with Makespan = 625
  Total time: 12.7319 seconds
------------------------------------------------------------------
[*] Trying with Upper Bound = 624...
  SAT ! Makespan = 624
  Schedule is valid with Makespan = 624
  Total time: 12.7636 seconds
------------------------------------------------------------------
[*] Trying with Upper Bound = 623...
  SAT ! Makespan = 623
  Schedule is valid with Makespan = 623
  Total time: 12.7913 seconds
------------------------------------------------------------------
[*] Trying with Upper Bound = 622...
  SAT ! Makespan = 622
  Schedule is valid with Makespan = 622
  Total time: 12.8187 seconds
------------------------------------------------------------------
[*] Trying with Upper Bound = 621...
  SAT ! Makespan = 621
  Schedule is valid with Makespan = 621
  Total time: 12.8429 seconds
------------------------------------------------------------------
[*] Trying with Upper Bound = 620...
  SAT ! Makespan = 620
  Schedule is valid with Makespan = 620
  Total time: 15.0032 seconds
------------------------------------------------------------------
[*] Trying with Upper Bound = 619...
  SAT ! Makespan = 619
  Schedule is valid with Makespan = 619
  Total time: 15.8917 seconds
------------------------------------------------------------------
[*] Trying with Upper Bound = 618...
  SAT ! Makespan = 618
  Schedule is valid with Makespan = 618
  Total time: 16.3299 seconds
------------------------------------------------------------------
[*] Trying with Upper Bound = 617...
  SAT ! Makespan = 617
  Schedule is valid with Makespan = 617
  Total time: 16.3722 seconds
------------------------------------------------------------------
[*] Trying with Upper Bound = 616...
  SAT ! Makespan = 616
  Schedule is valid with Makespan = 616
  Total time: 16.3991 seconds
------------------------------------------------------------------
[*] Trying with Upper Bound = 615...
  SAT ! Makespan = 615
  Schedule is valid with Makespan = 615
  Total time: 16.4234 seconds
------------------------------------------------------------------
[*] Trying with Upper Bound = 614...
  SAT ! Makespan = 614
  Schedule is valid with Makespan = 614
  Total time: 16.4448 seconds
------------------------------------------------------------------
[*] Trying with Upper Bound = 613...
  SAT ! Makespan = 613
  Schedule is valid with Makespan = 613
  Total time: 16.4658 seconds
------------------------------------------------------------------
[*] Trying with Upper Bound = 612...
  SAT ! Makespan = 612
  Schedule is valid with Makespan = 612
  Total time: 16.8861 seconds
------------------------------------------------------------------
[*] Trying with Upper Bound = 611...
  SAT ! Makespan = 611
  Schedule is valid with Makespan = 611
  Total time: 17.1419 seconds
------------------------------------------------------------------
[*] Trying with Upper Bound = 610...
  SAT ! Makespan = 610
  Schedule is valid with Makespan = 610
  Total time: 19.0024 seconds
------------------------------------------------------------------
[*] Trying with Upper Bound = 609...
  SAT ! Makespan = 609
  Schedule is valid with Makespan = 609
  Total time: 19.7940 seconds
------------------------------------------------------------------
[*] Trying with Upper Bound = 608...
[runlim] sample:		19.99 time, 20.02 real, 305 MB, 1.05 load
  SAT ! Makespan = 608
  Schedule is valid with Makespan = 608
  Total time: 20.2005 seconds
------------------------------------------------------------------
[*] Trying with Upper Bound = 607...
  SAT ! Makespan = 607
  Schedule is valid with Makespan = 607
  Total time: 20.2444 seconds
------------------------------------------------------------------
[*] Trying with Upper Bound = 606...
  SAT ! Makespan = 606
  Schedule is valid with Makespan = 606
  Total time: 23.0039 seconds
------------------------------------------------------------------
[*] Trying with Upper Bound = 605...
  SAT ! Makespan = 605
  Schedule is valid with Makespan = 605
  Total time: 24.5479 seconds
------------------------------------------------------------------
[*] Trying with Upper Bound = 604...
  SAT ! Makespan = 604
  Schedule is valid with Makespan = 604
  Total time: 26.6452 seconds
------------------------------------------------------------------
[*] Trying with Upper Bound = 603...
  SAT ! Makespan = 603
  Schedule is valid with Makespan = 603
  Total time: 28.4419 seconds
------------------------------------------------------------------
[*] Trying with Upper Bound = 602...
  SAT ! Makespan = 602
  Schedule is valid with Makespan = 602
  Total time: 28.8884 seconds
------------------------------------------------------------------
[*] Trying with Upper Bound = 601...
[runlim] sample:		29.99 time, 30.02 real, 327 MB, 1.04 load
  SAT ! Makespan = 601
  Schedule is valid with Makespan = 601
  Total time: 32.5091 seconds
------------------------------------------------------------------
[*] Trying with Upper Bound = 600...
  SAT ! Makespan = 600
  Schedule is valid with Makespan = 600
  Total time: 33.9134 seconds
------------------------------------------------------------------
[*] Trying with Upper Bound = 599...
  SAT ! Makespan = 599
  Schedule is valid with Makespan = 599
  Total time: 35.8557 seconds
------------------------------------------------------------------
[*] Trying with Upper Bound = 598...
  SAT ! Makespan = 598
  Schedule is valid with Makespan = 598
  Total time: 37.7899 seconds
------------------------------------------------------------------
[*] Trying with Upper Bound = 597...
[runlim] sample:		39.98 time, 40.02 real, 327 MB, 1.03 load
  SAT ! Makespan = 597
  Schedule is valid with Makespan = 597
  Total time: 41.2769 seconds
------------------------------------------------------------------
[*] Trying with Upper Bound = 596...
  SAT ! Makespan = 596
  Schedule is valid with Makespan = 596
  Total time: 42.7636 seconds
------------------------------------------------------------------
[*] Trying with Upper Bound = 595...
  SAT ! Makespan = 595
  Schedule is valid with Makespan = 595
  Total time: 44.5930 seconds
------------------------------------------------------------------
[*] Trying with Upper Bound = 594...
  SAT ! Makespan = 594
  Schedule is valid with Makespan = 594
  Total time: 44.9688 seconds
------------------------------------------------------------------
[*] Trying with Upper Bound = 593...
  SAT ! Makespan = 593
  Schedule is valid with Makespan = 593
  Total time: 45.4284 seconds
------------------------------------------------------------------
[*] Trying with Upper Bound = 592...
  SAT ! Makespan = 592
  Schedule is valid with Makespan = 592
  Total time: 46.9125 seconds
------------------------------------------------------------------
[*] Trying with Upper Bound = 591...
[runlim] sample:		49.98 time, 50.02 real, 293 MB, 1.03 load
  SAT ! Makespan = 591
  Schedule is valid with Makespan = 591
  Total time: 54.8015 seconds
------------------------------------------------------------------
[*] Trying with Upper Bound = 590...
  SAT ! Makespan = 590
  Schedule is valid with Makespan = 590
  Total time: 56.5014 seconds
------------------------------------------------------------------
[*] Trying with Upper Bound = 589...
  SAT ! Makespan = 589
  Schedule is valid with Makespan = 589
  Total time: 58.6155 seconds
------------------------------------------------------------------
[*] Trying with Upper Bound = 588...
[runlim] sample:		59.98 time, 60.02 real, 293 MB, 1.02 load
  SAT ! Makespan = 588
  Schedule is valid with Makespan = 588
  Total time: 60.4819 seconds
------------------------------------------------------------------
[*] Trying with Upper Bound = 587...
  SAT ! Makespan = 587
  Schedule is valid with Makespan = 587
  Total time: 60.6073 seconds
------------------------------------------------------------------
[*] Trying with Upper Bound = 586...
  SAT ! Makespan = 586
  Schedule is valid with Makespan = 586
  Total time: 62.1009 seconds
------------------------------------------------------------------
[*] Trying with Upper Bound = 585...
  SAT ! Makespan = 585
  Schedule is valid with Makespan = 585
  Total time: 63.6994 seconds
------------------------------------------------------------------
[*] Trying with Upper Bound = 584...
  SAT ! Makespan = 584
  Schedule is valid with Makespan = 584
  Total time: 65.1423 seconds
------------------------------------------------------------------
[*] Trying with Upper Bound = 583...
  SAT ! Makespan = 583
  Schedule is valid with Makespan = 583
  Total time: 69.1398 seconds
------------------------------------------------------------------
[*] Trying with Upper Bound = 582...
[runlim] sample:		69.96 time, 70.02 real, 294 MB, 1.17 load
  SAT ! Makespan = 582
  Schedule is valid with Makespan = 582
  Total time: 70.6182 seconds
------------------------------------------------------------------
[*] Trying with Upper Bound = 581...
  SAT ! Makespan = 581
  Schedule is valid with Makespan = 581
  Total time: 72.3759 seconds
------------------------------------------------------------------
[*] Trying with Upper Bound = 580...
  SAT ! Makespan = 580
  Schedule is valid with Makespan = 580
  Total time: 78.7048 seconds
------------------------------------------------------------------
[*] Trying with Upper Bound = 579...
  SAT ! Makespan = 579
  Schedule is valid with Makespan = 579
  Total time: 79.2107 seconds
------------------------------------------------------------------
[*] Trying with Upper Bound = 578...
[runlim] sample:		79.95 time, 80.02 real, 294 MB, 1.14 load
  SAT ! Makespan = 578
  Schedule is valid with Makespan = 578
  Total time: 81.3508 seconds
------------------------------------------------------------------
[*] Trying with Upper Bound = 577...
  SAT ! Makespan = 577
  Schedule is valid with Makespan = 577
  Total time: 82.0193 seconds
------------------------------------------------------------------
[*] Trying with Upper Bound = 576...
  SAT ! Makespan = 576
  Schedule is valid with Makespan = 576
  Total time: 85.9543 seconds
------------------------------------------------------------------
[*] Trying with Upper Bound = 575...
  SAT ! Makespan = 575
  Schedule is valid with Makespan = 575
  Total time: 88.1085 seconds
------------------------------------------------------------------
[*] Trying with Upper Bound = 574...
[runlim] sample:		89.95 time, 90.02 real, 292 MB, 1.12 load
  SAT ! Makespan = 574
  Schedule is valid with Makespan = 574
  Total time: 95.0035 seconds
------------------------------------------------------------------
[*] Trying with Upper Bound = 573...
  SAT ! Makespan = 573
  Schedule is valid with Makespan = 573
  Total time: 96.7993 seconds
------------------------------------------------------------------
[*] Trying with Upper Bound = 572...
  SAT ! Makespan = 572
  Schedule is valid with Makespan = 572
  Total time: 98.7014 seconds
------------------------------------------------------------------
[*] Trying with Upper Bound = 571...
[runlim] sample:		99.95 time, 100.02 real, 293 MB, 1.10 load
  SAT ! Makespan = 571
  Schedule is valid with Makespan = 571
  Total time: 100.1008 seconds
------------------------------------------------------------------
[*] Trying with Upper Bound = 570...
  SAT ! Makespan = 570
  Schedule is valid with Makespan = 570
  Total time: 104.4607 seconds
------------------------------------------------------------------
[*] Trying with Upper Bound = 569...
[runlim] sample:		109.95 time, 110.02 real, 292 MB, 1.81 load
[runlim] sample:		119.95 time, 120.02 real, 294 MB, 1.68 load
[runlim] sample:		129.94 time, 130.02 real, 323 MB, 1.58 load
  SAT ! Makespan = 569
  Schedule is valid with Makespan = 569
  Total time: 134.9240 seconds
------------------------------------------------------------------
[*] Trying with Upper Bound = 568...
[runlim] sample:		139.95 time, 140.02 real, 293 MB, 1.49 load
  SAT ! Makespan = 568
  Schedule is valid with Makespan = 568
  Total time: 142.3281 seconds
------------------------------------------------------------------
[*] Trying with Upper Bound = 567...
  SAT ! Makespan = 567
  Schedule is valid with Makespan = 567
  Total time: 145.6844 seconds
------------------------------------------------------------------
[*] Trying with Upper Bound = 566...
  SAT ! Makespan = 566
  Schedule is valid with Makespan = 566
  Total time: 148.3646 seconds
------------------------------------------------------------------
[*] Trying with Upper Bound = 565...
[runlim] sample:		149.94 time, 150.02 real, 296 MB, 1.41 load
  SAT ! Makespan = 565
  Schedule is valid with Makespan = 565
  Total time: 150.6354 seconds
------------------------------------------------------------------
[*] Trying with Upper Bound = 564...
[runlim] sample:		159.94 time, 160.02 real, 295 MB, 1.35 load
  SAT ! Makespan = 564
  Schedule is valid with Makespan = 564
  Total time: 162.2410 seconds
------------------------------------------------------------------
[*] Trying with Upper Bound = 563...
[runlim] sample:		169.94 time, 170.02 real, 330 MB, 1.29 load
[runlim] sample:		179.93 time, 180.02 real, 330 MB, 1.25 load
[runlim] sample:		189.94 time, 190.02 real, 327 MB, 1.21 load
[runlim] sample:		199.94 time, 200.02 real, 331 MB, 1.18 load
[runlim] sample:		209.93 time, 210.02 real, 331 MB, 1.15 load
[runlim] sample:		219.94 time, 220.02 real, 331 MB, 1.13 load
[runlim] sample:		229.94 time, 230.02 real, 328 MB, 1.11 load
[runlim] sample:		239.94 time, 240.02 real, 328 MB, 1.09 load
[runlim] sample:		249.93 time, 250.02 real, 329 MB, 1.08 load
[runlim] sample:		259.93 time, 260.02 real, 329 MB, 1.06 load
[runlim] sample:		269.93 time, 270.02 real, 329 MB, 1.05 load
[runlim] sample:		279.93 time, 280.02 real, 330 MB, 1.04 load
[runlim] sample:		289.93 time, 290.02 real, 331 MB, 1.04 load
[runlim] sample:		299.94 time, 300.02 real, 338 MB, 1.03 load
  SAT ! Makespan = 563
  Schedule is valid with Makespan = 563
  Total time: 302.2954 seconds
------------------------------------------------------------------
[*] Trying with Upper Bound = 562...
[runlim] sample:		309.93 time, 310.02 real, 298 MB, 1.03 load
[runlim] sample:		319.93 time, 320.02 real, 302 MB, 1.02 load
[runlim] sample:		329.93 time, 330.02 real, 299 MB, 1.02 load
  SAT ! Makespan = 562
  Schedule is valid with Makespan = 562
  Total time: 331.3353 seconds
------------------------------------------------------------------
[*] Trying with Upper Bound = 561...
  SAT ! Makespan = 561
  Schedule is valid with Makespan = 561
  Total time: 333.5459 seconds
------------------------------------------------------------------
[*] Trying with Upper Bound = 560...
[runlim] sample:		339.93 time, 340.02 real, 335 MB, 1.01 load
  SAT ! Makespan = 560
  Schedule is valid with Makespan = 560
  Total time: 346.3075 seconds
------------------------------------------------------------------
[*] Trying with Upper Bound = 559...
[runlim] sample:		349.93 time, 350.02 real, 301 MB, 1.01 load
  SAT ! Makespan = 559
  Schedule is valid with Makespan = 559
  Total time: 355.8471 seconds
------------------------------------------------------------------
[*] Trying with Upper Bound = 558...
[runlim] sample:		359.92 time, 360.02 real, 302 MB, 1.09 load
[runlim] sample:		369.93 time, 370.02 real, 302 MB, 1.08 load
[runlim] sample:		379.93 time, 380.02 real, 337 MB, 1.06 load
[runlim] sample:		389.92 time, 390.02 real, 334 MB, 1.05 load
[runlim] sample:		399.92 time, 400.02 real, 340 MB, 1.04 load
  SAT ! Makespan = 558
  Schedule is valid with Makespan = 558
  Total time: 409.9019 seconds
------------------------------------------------------------------
[*] Trying with Upper Bound = 557...
[runlim] sample:		409.93 time, 410.02 real, 307 MB, 1.04 load
[runlim] sample:		419.93 time, 420.02 real, 341 MB, 1.03 load
[runlim] sample:		429.92 time, 430.02 real, 339 MB, 1.03 load
[runlim] sample:		439.92 time, 440.02 real, 335 MB, 1.02 load
[runlim] sample:		449.92 time, 450.02 real, 339 MB, 1.02 load
[runlim] sample:		459.92 time, 460.02 real, 343 MB, 1.01 load
  SAT ! Makespan = 557
  Schedule is valid with Makespan = 557
  Total time: 468.2963 seconds
------------------------------------------------------------------
[*] Trying with Upper Bound = 556...
[runlim] sample:		469.92 time, 470.02 real, 308 MB, 1.01 load
[runlim] sample:		479.92 time, 480.02 real, 305 MB, 1.01 load
[runlim] sample:		489.92 time, 490.02 real, 305 MB, 1.08 load
[runlim] sample:		499.92 time, 500.02 real, 304 MB, 1.07 load
[runlim] sample:		509.92 time, 510.02 real, 340 MB, 1.06 load
[runlim] sample:		519.92 time, 520.02 real, 345 MB, 1.05 load
[runlim] sample:		529.92 time, 530.02 real, 346 MB, 1.04 load
[runlim] sample:		539.92 time, 540.02 real, 347 MB, 1.03 load
[runlim] sample:		549.92 time, 550.02 real, 339 MB, 1.03 load
[runlim] sample:		559.91 time, 560.02 real, 339 MB, 1.02 load
[runlim] sample:		569.91 time, 570.02 real, 339 MB, 1.02 load
[runlim] sample:		579.91 time, 580.02 real, 340 MB, 1.02 load
[runlim] sample:		589.91 time, 590.02 real, 340 MB, 1.01 load
[runlim] sample:		599.91 time, 600.02 real, 340 MB, 1.01 load
[runlim] sample:		609.91 time, 610.02 real, 342 MB, 1.01 load
[runlim] sample:		619.91 time, 620.02 real, 350 MB, 1.01 load
[runlim] sample:		629.91 time, 630.02 real, 349 MB, 1.00 load
[runlim] sample:		639.91 time, 640.02 real, 349 MB, 1.00 load
[runlim] sample:		649.91 time, 650.02 real, 348 MB, 1.00 load
[runlim] sample:		659.91 time, 660.02 real, 356 MB, 1.00 load
[runlim] sample:		669.86 time, 670.02 real, 354 MB, 1.08 load
[runlim] sample:		679.86 time, 680.02 real, 354 MB, 1.06 load
[runlim] sample:		689.86 time, 690.02 real, 353 MB, 1.05 load
[runlim] sample:		699.86 time, 700.02 real, 353 MB, 1.04 load
[runlim] sample:		709.86 time, 710.02 real, 355 MB, 1.04 load
[runlim] sample:		719.86 time, 720.02 real, 354 MB, 1.03 load
[runlim] sample:		729.86 time, 730.02 real, 354 MB, 1.03 load
[runlim] sample:		739.86 time, 740.02 real, 348 MB, 1.68 load
[runlim] sample:		749.85 time, 750.02 real, 348 MB, 1.58 load
[runlim] sample:		759.86 time, 760.02 real, 344 MB, 1.49 load
[runlim] sample:		769.86 time, 770.02 real, 344 MB, 1.41 load
[runlim] sample:		779.86 time, 780.02 real, 344 MB, 1.35 load
[runlim] sample:		789.85 time, 790.02 real, 345 MB, 1.29 load
[runlim] sample:		799.85 time, 800.02 real, 345 MB, 1.25 load
[runlim] sample:		809.85 time, 810.02 real, 345 MB, 1.21 load
[runlim] sample:		819.85 time, 820.02 real, 346 MB, 1.18 load
[runlim] sample:		829.85 time, 830.02 real, 347 MB, 1.15 load
[runlim] sample:		839.84 time, 840.02 real, 347 MB, 1.13 load
[runlim] sample:		849.85 time, 850.02 real, 347 MB, 1.11 load
[runlim] sample:		859.85 time, 860.02 real, 347 MB, 1.09 load
[runlim] sample:		869.85 time, 870.02 real, 347 MB, 1.08 load
[runlim] sample:		879.85 time, 880.02 real, 347 MB, 1.06 load
[runlim] sample:		889.85 time, 890.02 real, 348 MB, 1.05 load
[runlim] sample:		899.84 time, 900.02 real, 311 MB, 1.04 load
[runlim] sample:		909.84 time, 910.02 real, 343 MB, 1.04 load
[runlim] sample:		919.84 time, 920.02 real, 343 MB, 1.03 load
[runlim] sample:		929.84 time, 930.02 real, 344 MB, 1.03 load
[runlim] sample:		939.84 time, 940.02 real, 344 MB, 1.02 load
[runlim] sample:		949.84 time, 950.02 real, 344 MB, 1.02 load
[runlim] sample:		959.84 time, 960.02 real, 344 MB, 1.01 load
[runlim] sample:		969.84 time, 970.02 real, 344 MB, 1.01 load
[runlim] sample:		979.84 time, 980.02 real, 344 MB, 1.01 load
[runlim] sample:		989.83 time, 990.02 real, 328 MB, 1.01 load
[runlim] sample:		999.84 time, 1000.02 real, 329 MB, 1.01 load
[runlim] sample:		1009.84 time, 1010.02 real, 329 MB, 1.00 load
[runlim] sample:		1019.83 time, 1020.02 real, 329 MB, 1.00 load
[runlim] sample:		1029.83 time, 1030.02 real, 329 MB, 1.00 load
[runlim] sample:		1039.84 time, 1040.02 real, 329 MB, 1.00 load
[runlim] sample:		1049.84 time, 1050.02 real, 329 MB, 1.00 load
[runlim] sample:		1059.83 time, 1060.02 real, 335 MB, 1.00 load
[runlim] sample:		1069.83 time, 1070.02 real, 335 MB, 1.00 load
[runlim] sample:		1079.83 time, 1080.02 real, 360 MB, 1.00 load
[runlim] sample:		1089.83 time, 1090.02 real, 360 MB, 1.00 load
[runlim] sample:		1099.83 time, 1100.02 real, 363 MB, 1.00 load
[runlim] sample:		1109.83 time, 1110.02 real, 363 MB, 1.00 load
[runlim] sample:		1119.83 time, 1120.02 real, 361 MB, 1.00 load
[runlim] sample:		1129.83 time, 1130.02 real, 361 MB, 1.00 load
[runlim] sample:		1139.83 time, 1140.02 real, 363 MB, 1.00 load
[runlim] sample:		1149.83 time, 1150.02 real, 363 MB, 1.00 load
[runlim] sample:		1159.82 time, 1160.02 real, 340 MB, 1.00 load
[runlim] sample:		1169.82 time, 1170.02 real, 340 MB, 1.00 load
[runlim] sample:		1179.83 time, 1180.02 real, 340 MB, 1.00 load
[runlim] sample:		1189.83 time, 1190.02 real, 340 MB, 1.00 load
  SAT ! Makespan = 556
  Schedule is valid with Makespan = 556
  Total time: 1195.6246 seconds
------------------------------------------------------------------
[*] Trying with Upper Bound = 555...
[runlim] sample:		1199.83 time, 1200.02 real, 342 MB, 1.00 load
[runlim] sample:		1209.83 time, 1210.02 real, 342 MB, 1.00 load
[runlim] sample:		1219.82 time, 1220.02 real, 334 MB, 1.00 load
[runlim] sample:		1229.82 time, 1230.02 real, 334 MB, 1.00 load
  SAT ! Makespan = 555
  Schedule is valid with Makespan = 555
  Total time: 1237.2649 seconds
------------------------------------------------------------------
[*] Trying with Upper Bound = 554...
[runlim] sample:		1239.82 time, 1240.02 real, 319 MB, 1.07 load
[runlim] sample:		1249.82 time, 1250.02 real, 319 MB, 1.06 load
[runlim] sample:		1259.82 time, 1260.02 real, 322 MB, 1.05 load
[runlim] sample:		1269.82 time, 1270.02 real, 322 MB, 1.04 load
  SAT ! Makespan = 554
  Schedule is valid with Makespan = 554
  Total time: 1275.9225 seconds
------------------------------------------------------------------
[*] Trying with Upper Bound = 553...
[runlim] sample:		1279.82 time, 1280.02 real, 320 MB, 1.04 load
[runlim] sample:		1289.82 time, 1290.02 real, 320 MB, 1.03 load
[runlim] sample:		1299.81 time, 1300.02 real, 322 MB, 1.02 load
[runlim] sample:		1309.81 time, 1310.02 real, 322 MB, 1.02 load
[runlim] sample:		1319.81 time, 1320.02 real, 364 MB, 1.02 load
[runlim] sample:		1329.81 time, 1330.02 real, 323 MB, 1.01 load
[runlim] sample:		1339.81 time, 1340.02 real, 323 MB, 1.01 load
[runlim] sample:		1349.81 time, 1350.02 real, 329 MB, 1.01 load
[runlim] sample:		1359.81 time, 1360.02 real, 329 MB, 1.73 load
[runlim] sample:		1369.81 time, 1370.02 real, 323 MB, 1.62 load
[runlim] sample:		1379.81 time, 1380.02 real, 323 MB, 1.52 load
[runlim] sample:		1389.81 time, 1390.02 real, 323 MB, 1.44 load
[runlim] sample:		1399.80 time, 1400.02 real, 321 MB, 1.37 load
[runlim] sample:		1409.80 time, 1410.02 real, 321 MB, 1.31 load
[runlim] sample:		1419.80 time, 1420.02 real, 322 MB, 1.27 load
[runlim] sample:		1429.80 time, 1430.02 real, 322 MB, 1.22 load
[runlim] sample:		1439.80 time, 1440.02 real, 322 MB, 1.19 load
[runlim] sample:		1449.80 time, 1450.02 real, 328 MB, 1.16 load
[runlim] sample:		1459.80 time, 1460.02 real, 328 MB, 1.13 load
[runlim] sample:		1469.79 time, 1470.02 real, 335 MB, 1.11 load
[runlim] sample:		1479.79 time, 1480.02 real, 335 MB, 1.10 load
[runlim] sample:		1489.80 time, 1490.02 real, 335 MB, 1.08 load
  SAT ! Makespan = 553
  Schedule is valid with Makespan = 553
  Total time: 1490.7889 seconds
------------------------------------------------------------------
[*] Trying with Upper Bound = 552...
  SAT ! Makespan = 552
  Schedule is valid with Makespan = 552
  Total time: 1490.9632 seconds
------------------------------------------------------------------
[*] Trying with Upper Bound = 551...
[runlim] sample:		1499.80 time, 1500.02 real, 335 MB, 1.07 load
[runlim] sample:		1509.79 time, 1510.02 real, 375 MB, 1.06 load
[runlim] sample:		1519.79 time, 1520.02 real, 375 MB, 1.05 load
[runlim] sample:		1529.79 time, 1530.02 real, 364 MB, 1.04 load
[runlim] sample:		1539.79 time, 1540.02 real, 364 MB, 1.03 load
[runlim] sample:		1549.79 time, 1550.02 real, 364 MB, 1.03 load
[runlim] sample:		1559.80 time, 1560.02 real, 372 MB, 1.02 load
[runlim] sample:		1569.80 time, 1570.02 real, 372 MB, 1.02 load
[runlim] sample:		1579.79 time, 1580.02 real, 370 MB, 1.02 load
[runlim] sample:		1589.79 time, 1590.02 real, 370 MB, 1.01 load
[runlim] sample:		1599.79 time, 1600.02 real, 370 MB, 1.01 load
[runlim] sample:		1609.79 time, 1610.02 real, 364 MB, 1.09 load
[runlim] sample:		1619.79 time, 1620.02 real, 364 MB, 1.07 load
[runlim] sample:		1629.79 time, 1630.02 real, 364 MB, 1.06 load
[runlim] sample:		1639.78 time, 1640.02 real, 365 MB, 1.05 load
[runlim] sample:		1649.78 time, 1650.02 real, 365 MB, 1.04 load
[runlim] sample:		1659.78 time, 1660.02 real, 365 MB, 1.04 load
[runlim] sample:		1669.78 time, 1670.02 real, 372 MB, 1.03 load
[runlim] sample:		1679.78 time, 1680.02 real, 372 MB, 1.03 load
[runlim] sample:		1689.79 time, 1690.02 real, 376 MB, 1.02 load
[runlim] sample:		1699.79 time, 1700.02 real, 376 MB, 1.02 load
[runlim] sample:		1709.79 time, 1710.02 real, 376 MB, 1.01 load
[runlim] sample:		1719.78 time, 1720.02 real, 380 MB, 1.01 load
[runlim] sample:		1729.78 time, 1730.02 real, 380 MB, 1.09 load
[runlim] sample:		1739.78 time, 1740.02 real, 380 MB, 1.08 load
[runlim] sample:		1749.78 time, 1750.02 real, 379 MB, 1.06 load
[runlim] sample:		1759.78 time, 1760.02 real, 379 MB, 1.05 load
[runlim] sample:		1769.78 time, 1770.02 real, 381 MB, 1.04 load
[runlim] sample:		1779.78 time, 1780.02 real, 381 MB, 1.04 load
[runlim] sample:		1789.78 time, 1790.02 real, 377 MB, 1.03 load
[runlim] sample:		1799.78 time, 1800.02 real, 377 MB, 1.03 load
[runlim] sample:		1809.78 time, 1810.02 real, 377 MB, 1.02 load
[runlim] sample:		1819.77 time, 1820.02 real, 373 MB, 1.02 load
[runlim] sample:		1829.78 time, 1830.02 real, 373 MB, 1.01 load
[runlim] sample:		1839.78 time, 1840.02 real, 373 MB, 1.01 load
[runlim] sample:		1849.78 time, 1850.02 real, 367 MB, 1.01 load
[runlim] sample:		1859.78 time, 1860.02 real, 367 MB, 1.08 load
[runlim] sample:		1869.77 time, 1870.02 real, 367 MB, 1.07 load
[runlim] sample:		1879.76 time, 1880.02 real, 367 MB, 1.06 load
[runlim] sample:		1889.76 time, 1890.02 real, 368 MB, 1.05 load
[runlim] sample:		1899.76 time, 1900.02 real, 368 MB, 1.04 load
[runlim] sample:		1909.76 time, 1910.02 real, 368 MB, 1.03 load
[runlim] sample:		1919.75 time, 1920.02 real, 369 MB, 1.03 load
[runlim] sample:		1929.75 time, 1930.02 real, 369 MB, 1.02 load
[runlim] sample:		1939.75 time, 1940.02 real, 369 MB, 1.02 load
[runlim] sample:		1949.75 time, 1950.02 real, 369 MB, 1.02 load
[runlim] sample:		1959.75 time, 1960.02 real, 369 MB, 1.01 load
[runlim] sample:		1969.76 time, 1970.02 real, 370 MB, 1.01 load
[runlim] sample:		1979.76 time, 1980.02 real, 370 MB, 1.01 load
[runlim] sample:		1989.75 time, 1990.02 real, 370 MB, 1.67 load
[runlim] sample:		1999.75 time, 2000.02 real, 370 MB, 1.57 load
[runlim] sample:		2009.75 time, 2010.02 real, 370 MB, 1.48 load
[runlim] sample:		2019.75 time, 2020.02 real, 370 MB, 1.40 load
[runlim] sample:		2029.75 time, 2030.02 real, 371 MB, 1.34 load
[runlim] sample:		2039.75 time, 2040.02 real, 371 MB, 1.29 load
[runlim] sample:		2049.75 time, 2050.02 real, 371 MB, 1.24 load
[runlim] sample:		2059.75 time, 2060.02 real, 371 MB, 1.21 load
[runlim] sample:		2069.75 time, 2070.02 real, 371 MB, 1.17 load
[runlim] sample:		2079.75 time, 2080.02 real, 371 MB, 1.15 load
[runlim] sample:		2089.75 time, 2090.02 real, 371 MB, 1.12 load
[runlim] sample:		2099.75 time, 2100.02 real, 372 MB, 1.10 load
[runlim] sample:		2109.74 time, 2110.02 real, 372 MB, 1.17 load
[runlim] sample:		2119.74 time, 2120.02 real, 372 MB, 1.14 load
[runlim] sample:		2129.74 time, 2130.02 real, 372 MB, 1.12 load
[runlim] sample:		2139.74 time, 2140.02 real, 372 MB, 1.10 load
[runlim] sample:		2149.74 time, 2150.02 real, 372 MB, 1.08 load
[runlim] sample:		2159.74 time, 2160.02 real, 372 MB, 1.07 load
[runlim] sample:		2169.74 time, 2170.02 real, 372 MB, 1.06 load
[runlim] sample:		2179.74 time, 2180.02 real, 372 MB, 1.05 load
[runlim] sample:		2189.73 time, 2190.02 real, 372 MB, 1.04 load
[runlim] sample:		2199.73 time, 2200.02 real, 372 MB, 1.04 load
[runlim] sample:		2209.73 time, 2210.02 real, 377 MB, 1.03 load
  SAT ! Makespan = 551
  Schedule is valid with Makespan = 551
  Total time: 2219.8959 seconds
------------------------------------------------------------------
[*] Trying with Upper Bound = 550...
[runlim] sample:		2219.73 time, 2220.02 real, 377 MB, 1.02 load
[runlim] sample:		2229.74 time, 2230.02 real, 330 MB, 1.02 load
[runlim] sample:		2239.73 time, 2240.02 real, 336 MB, 1.02 load
[runlim] sample:		2249.73 time, 2250.02 real, 336 MB, 1.01 load
[runlim] sample:		2259.74 time, 2260.02 real, 379 MB, 1.01 load
[runlim] sample:		2269.73 time, 2270.02 real, 379 MB, 1.01 load
[runlim] sample:		2279.73 time, 2280.02 real, 372 MB, 1.01 load
[runlim] sample:		2289.73 time, 2290.02 real, 372 MB, 1.01 load
[runlim] sample:		2299.73 time, 2300.02 real, 381 MB, 1.00 load
[runlim] sample:		2309.73 time, 2310.02 real, 381 MB, 1.00 load
[runlim] sample:		2319.73 time, 2320.02 real, 381 MB, 1.00 load
[runlim] sample:		2329.73 time, 2330.02 real, 372 MB, 1.00 load
[runlim] sample:		2339.73 time, 2340.02 real, 372 MB, 1.00 load
[runlim] sample:		2349.73 time, 2350.02 real, 372 MB, 1.00 load
[runlim] sample:		2359.73 time, 2360.02 real, 372 MB, 1.00 load
[runlim] sample:		2369.72 time, 2370.02 real, 370 MB, 1.00 load
[runlim] sample:		2379.72 time, 2380.02 real, 370 MB, 1.00 load
[runlim] sample:		2389.72 time, 2390.02 real, 370 MB, 1.00 load
[runlim] sample:		2399.73 time, 2400.02 real, 370 MB, 1.00 load
[runlim] sample:		2409.72 time, 2410.02 real, 373 MB, 1.00 load
[runlim] sample:		2419.72 time, 2420.02 real, 373 MB, 1.00 load
[runlim] sample:		2429.72 time, 2430.02 real, 373 MB, 1.00 load
[runlim] sample:		2439.72 time, 2440.02 real, 385 MB, 1.00 load
[runlim] sample:		2449.72 time, 2450.02 real, 385 MB, 1.00 load
[runlim] sample:		2459.72 time, 2460.02 real, 385 MB, 1.00 load
[runlim] sample:		2469.70 time, 2470.02 real, 385 MB, 1.00 load
[runlim] sample:		2479.71 time, 2480.02 real, 385 MB, 1.00 load
[runlim] sample:		2489.71 time, 2490.02 real, 385 MB, 1.00 load
[runlim] sample:		2499.70 time, 2500.02 real, 390 MB, 1.00 load
[runlim] sample:		2509.70 time, 2510.02 real, 390 MB, 1.00 load
[runlim] sample:		2519.71 time, 2520.02 real, 390 MB, 1.00 load
[runlim] sample:		2529.71 time, 2530.02 real, 390 MB, 1.00 load
[runlim] sample:		2539.70 time, 2540.02 real, 390 MB, 1.00 load
[runlim] sample:		2549.70 time, 2550.02 real, 390 MB, 1.00 load
[runlim] sample:		2559.70 time, 2560.02 real, 389 MB, 1.00 load
[runlim] sample:		2569.70 time, 2570.02 real, 389 MB, 1.00 load
[runlim] sample:		2579.70 time, 2580.02 real, 389 MB, 1.00 load
[runlim] sample:		2589.70 time, 2590.02 real, 371 MB, 1.00 load
[runlim] sample:		2599.70 time, 2600.02 real, 371 MB, 1.00 load
[runlim] sample:		2609.70 time, 2610.02 real, 371 MB, 1.00 load
[runlim] sample:		2619.70 time, 2620.02 real, 371 MB, 1.66 load
[runlim] sample:		2629.69 time, 2630.02 real, 371 MB, 1.56 load
[runlim] sample:		2639.69 time, 2640.02 real, 371 MB, 1.47 load
[runlim] sample:		2649.69 time, 2650.02 real, 372 MB, 1.40 load
[runlim] sample:		2659.69 time, 2660.02 real, 373 MB, 1.34 load
[runlim] sample:		2669.69 time, 2670.02 real, 373 MB, 1.29 load
[runlim] sample:		2679.69 time, 2680.02 real, 375 MB, 1.24 load
[runlim] sample:		2689.69 time, 2690.02 real, 375 MB, 1.20 load
[runlim] sample:		2699.69 time, 2700.02 real, 375 MB, 1.17 load
[runlim] sample:		2709.69 time, 2710.02 real, 375 MB, 1.15 load
[runlim] sample:		2719.69 time, 2720.02 real, 375 MB, 1.12 load
[runlim] sample:		2729.69 time, 2730.02 real, 375 MB, 1.10 load
[runlim] sample:		2739.69 time, 2740.02 real, 375 MB, 1.17 load
[runlim] sample:		2749.69 time, 2750.02 real, 375 MB, 1.14 load
[runlim] sample:		2759.69 time, 2760.02 real, 376 MB, 1.12 load
[runlim] sample:		2769.69 time, 2770.02 real, 376 MB, 1.10 load
[runlim] sample:		2779.69 time, 2780.02 real, 376 MB, 1.08 load
[runlim] sample:		2789.69 time, 2790.02 real, 376 MB, 1.07 load
[runlim] sample:		2799.69 time, 2800.02 real, 376 MB, 1.06 load
[runlim] sample:		2809.68 time, 2810.02 real, 377 MB, 1.05 load
[runlim] sample:		2819.68 time, 2820.02 real, 377 MB, 1.04 load
[runlim] sample:		2829.68 time, 2830.02 real, 377 MB, 1.04 load
[runlim] sample:		2839.68 time, 2840.02 real, 377 MB, 1.03 load
[runlim] sample:		2849.69 time, 2850.02 real, 378 MB, 1.02 load
[runlim] sample:		2859.68 time, 2860.02 real, 378 MB, 1.02 load
[runlim] sample:		2869.68 time, 2870.02 real, 378 MB, 1.02 load
[runlim] sample:		2879.68 time, 2880.02 real, 378 MB, 1.01 load
[runlim] sample:		2889.68 time, 2890.02 real, 378 MB, 1.01 load
[runlim] sample:		2899.68 time, 2900.02 real, 378 MB, 1.01 load
[runlim] sample:		2909.68 time, 2910.02 real, 378 MB, 1.01 load
[runlim] sample:		2919.68 time, 2920.02 real, 378 MB, 1.01 load
[runlim] sample:		2929.68 time, 2930.02 real, 378 MB, 1.00 load
[runlim] sample:		2939.68 time, 2940.02 real, 378 MB, 1.00 load
[runlim] sample:		2949.68 time, 2950.02 real, 378 MB, 1.00 load
[runlim] sample:		2959.68 time, 2960.02 real, 378 MB, 1.00 load
[runlim] sample:		2969.68 time, 2970.02 real, 378 MB, 1.00 load
[runlim] sample:		2979.67 time, 2980.02 real, 382 MB, 1.00 load
[runlim] sample:		2989.67 time, 2990.02 real, 382 MB, 1.08 load
[runlim] sample:		2999.67 time, 3000.02 real, 382 MB, 1.07 load
[runlim] sample:		3009.68 time, 3010.02 real, 382 MB, 1.06 load
[runlim] sample:		3019.68 time, 3020.02 real, 392 MB, 1.05 load
[runlim] sample:		3029.68 time, 3030.02 real, 392 MB, 1.04 load
[runlim] sample:		3039.67 time, 3040.02 real, 392 MB, 1.03 load
[runlim] sample:		3049.67 time, 3050.02 real, 392 MB, 1.03 load
[runlim] sample:		3059.67 time, 3060.02 real, 392 MB, 1.02 load
[runlim] sample:		3069.67 time, 3070.02 real, 392 MB, 1.02 load
[runlim] sample:		3079.66 time, 3080.02 real, 394 MB, 1.02 load
[runlim] sample:		3089.66 time, 3090.02 real, 394 MB, 1.01 load
[runlim] sample:		3099.66 time, 3100.02 real, 394 MB, 1.01 load
[runlim] sample:		3109.66 time, 3110.02 real, 394 MB, 1.01 load
[runlim] sample:		3119.66 time, 3120.02 real, 401 MB, 1.01 load
[runlim] sample:		3129.66 time, 3130.02 real, 401 MB, 1.00 load
[runlim] sample:		3139.66 time, 3140.02 real, 401 MB, 1.00 load
[runlim] sample:		3149.65 time, 3150.02 real, 396 MB, 1.00 load
[runlim] sample:		3159.65 time, 3160.02 real, 396 MB, 1.00 load
[runlim] sample:		3169.65 time, 3170.02 real, 396 MB, 1.00 load
[runlim] sample:		3179.65 time, 3180.02 real, 396 MB, 1.00 load
[runlim] sample:		3189.66 time, 3190.02 real, 388 MB, 1.00 load
[runlim] sample:		3199.65 time, 3200.02 real, 388 MB, 1.00 load
[runlim] sample:		3209.65 time, 3210.02 real, 388 MB, 1.00 load
[runlim] sample:		3219.66 time, 3220.02 real, 392 MB, 1.00 load
[runlim] sample:		3229.66 time, 3230.02 real, 392 MB, 1.00 load
  SAT ! Makespan = 550
  Schedule is valid with Makespan = 550
  Total time: 3238.9610 seconds
------------------------------------------------------------------
[*] Trying with Upper Bound = 549...
[runlim] sample:		3239.66 time, 3240.02 real, 392 MB, 1.72 load
[runlim] sample:		3249.66 time, 3250.02 real, 369 MB, 1.61 load
[runlim] sample:		3259.66 time, 3260.02 real, 369 MB, 1.52 load
[runlim] sample:		3269.66 time, 3270.02 real, 371 MB, 1.44 load
[runlim] sample:		3279.66 time, 3280.02 real, 371 MB, 1.37 load
[runlim] sample:		3289.65 time, 3290.02 real, 385 MB, 1.31 load
[runlim] sample:		3299.65 time, 3300.02 real, 385 MB, 1.26 load
[runlim] sample:		3309.65 time, 3310.02 real, 385 MB, 1.22 load
[runlim] sample:		3319.65 time, 3320.02 real, 385 MB, 1.19 load
[runlim] sample:		3329.65 time, 3330.02 real, 392 MB, 1.16 load
[runlim] sample:		3339.65 time, 3340.02 real, 392 MB, 1.13 load
[runlim] sample:		3349.65 time, 3350.02 real, 392 MB, 1.11 load
[runlim] sample:		3359.65 time, 3360.02 real, 392 MB, 1.10 load
[runlim] sample:		3369.64 time, 3370.02 real, 380 MB, 1.08 load
[runlim] sample:		3379.65 time, 3380.02 real, 380 MB, 1.07 load
[runlim] sample:		3389.65 time, 3390.02 real, 380 MB, 1.06 load
[runlim] sample:		3399.65 time, 3400.02 real, 380 MB, 1.05 load
[runlim] sample:		3409.65 time, 3410.02 real, 380 MB, 1.04 load
[runlim] sample:		3419.64 time, 3420.02 real, 381 MB, 1.03 load
[runlim] sample:		3429.64 time, 3430.02 real, 381 MB, 1.03 load
[runlim] sample:		3439.64 time, 3440.02 real, 381 MB, 1.02 load
[runlim] sample:		3449.64 time, 3450.02 real, 381 MB, 1.02 load
[runlim] sample:		3459.64 time, 3460.02 real, 392 MB, 1.02 load
[runlim] sample:		3469.64 time, 3470.02 real, 392 MB, 1.01 load
[runlim] sample:		3479.64 time, 3480.02 real, 392 MB, 1.01 load
[runlim] sample:		3489.64 time, 3490.02 real, 392 MB, 1.01 load
[runlim] sample:		3499.64 time, 3500.02 real, 399 MB, 1.01 load
[runlim] sample:		3509.64 time, 3510.02 real, 399 MB, 1.00 load
[runlim] sample:		3519.64 time, 3520.02 real, 399 MB, 1.00 load
[runlim] sample:		3529.63 time, 3530.02 real, 400 MB, 1.00 load
[runlim] sample:		3539.63 time, 3540.02 real, 400 MB, 1.00 load
[runlim] sample:		3549.63 time, 3550.02 real, 400 MB, 1.00 load
[runlim] sample:		3559.63 time, 3560.02 real, 400 MB, 1.00 load
[runlim] sample:		3569.64 time, 3570.02 real, 398 MB, 1.00 load
[runlim] sample:		3579.64 time, 3580.02 real, 398 MB, 1.00 load
[runlim] sample:		3589.64 time, 3590.02 real, 398 MB, 1.00 load
[runlim] sample:		3599.64 time, 3600.02 real, 398 MB, 1.00 load
[runlim] end:			Sat Aug 15 10:36:55 2026
[runlim] status:		out of time
[runlim] result:		2
[runlim] children:		1
[runlim] processes:		2
[runlim] real:			3601.04 seconds
[runlim] time:			3599.64 seconds
[runlim] space:			502 MB
[runlim] load:			1.81 maximum
[runlim] samples:		36000
