[runlim] version:		2.0.0rc12
[runlim] host:			fjssp-instance
[runlim] time limit:		311040000 seconds
[runlim] real time limit:	3600 seconds
[runlim] space limit:		14000 MB
[runlim] argv[0]:		python3
[runlim] argv[1]:		-u
[runlim] argv[2]:		main.py
[runlim] argv[3]:		--input
[runlim] argv[4]:		datasets/rdata/la20.txt
[runlim] argv[5]:		--sb
[runlim] argv[6]:		--factories
[runlim] argv[7]:		2
[runlim] argv[8]:		--full_transitive
[runlim] start:			Sat Aug 15 10:36:58 2026
[runlim] child:			306755
[*] Loading data from file: datasets/rdata/la20.txt
[*] Running D-FJSSP SAT Solver with 2 factories, Symmetry Breaking = ON, Transitive E* = FULL
===========================================================================
 D-FJSSP SAT SOLVER - PARALLEL FACTORIES SCHEDULING
===========================================================================
  -> Operations: 100 | Jobs: 10 | Machines: 10 | Factories: 2

[*] Running Greedy Heuristic...
  -> Greedy Solution: Makespan = 896 (0.0003s)

[*] Initializing and solving the SAT model...
------------------------------------------------------------------
[*] Trying with Upper Bound = 896...
  SAT ! Makespan = 896
  Schedule is valid with Makespan = 896
  Total time: 0.9046 seconds
------------------------------------------------------------------
[*] Trying with Upper Bound = 895...
  SAT ! Makespan = 895
  Schedule is valid with Makespan = 895
  Total time: 0.9175 seconds
------------------------------------------------------------------
[*] Trying with Upper Bound = 894...
  SAT ! Makespan = 894
  Schedule is valid with Makespan = 894
  Total time: 0.9286 seconds
------------------------------------------------------------------
[*] Trying with Upper Bound = 893...
  SAT ! Makespan = 893
  Schedule is valid with Makespan = 893
  Total time: 0.9397 seconds
------------------------------------------------------------------
[*] Trying with Upper Bound = 892...
  SAT ! Makespan = 892
  Schedule is valid with Makespan = 892
  Total time: 0.9507 seconds
------------------------------------------------------------------
[*] Trying with Upper Bound = 891...
  SAT ! Makespan = 891
  Schedule is valid with Makespan = 891
  Total time: 0.9614 seconds
------------------------------------------------------------------
[*] Trying with Upper Bound = 890...
  SAT ! Makespan = 890
  Schedule is valid with Makespan = 890
  Total time: 0.9720 seconds
------------------------------------------------------------------
[*] Trying with Upper Bound = 889...
  SAT ! Makespan = 889
  Schedule is valid with Makespan = 889
  Total time: 0.9823 seconds
------------------------------------------------------------------
[*] Trying with Upper Bound = 888...
  SAT ! Makespan = 888
  Schedule is valid with Makespan = 888
  Total time: 0.9924 seconds
------------------------------------------------------------------
[*] Trying with Upper Bound = 887...
  SAT ! Makespan = 887
  Schedule is valid with Makespan = 887
  Total time: 1.0024 seconds
------------------------------------------------------------------
[*] Trying with Upper Bound = 886...
  SAT ! Makespan = 886
  Schedule is valid with Makespan = 886
  Total time: 1.0123 seconds
------------------------------------------------------------------
[*] Trying with Upper Bound = 885...
  SAT ! Makespan = 885
  Schedule is valid with Makespan = 885
  Total time: 1.0221 seconds
------------------------------------------------------------------
[*] Trying with Upper Bound = 884...
  SAT ! Makespan = 884
  Schedule is valid with Makespan = 884
  Total time: 1.0322 seconds
------------------------------------------------------------------
[*] Trying with Upper Bound = 883...
  SAT ! Makespan = 883
  Schedule is valid with Makespan = 883
  Total time: 1.0426 seconds
------------------------------------------------------------------
[*] Trying with Upper Bound = 882...
  SAT ! Makespan = 882
  Schedule is valid with Makespan = 882
  Total time: 1.0535 seconds
------------------------------------------------------------------
[*] Trying with Upper Bound = 881...
  SAT ! Makespan = 881
  Schedule is valid with Makespan = 881
  Total time: 1.0651 seconds
------------------------------------------------------------------
[*] Trying with Upper Bound = 880...
  SAT ! Makespan = 880
  Schedule is valid with Makespan = 880
  Total time: 1.0752 seconds
------------------------------------------------------------------
[*] Trying with Upper Bound = 879...
  SAT ! Makespan = 879
  Schedule is valid with Makespan = 879
  Total time: 1.0853 seconds
------------------------------------------------------------------
[*] Trying with Upper Bound = 878...
  SAT ! Makespan = 878
  Schedule is valid with Makespan = 878
  Total time: 1.0959 seconds
------------------------------------------------------------------
[*] Trying with Upper Bound = 877...
  SAT ! Makespan = 877
  Schedule is valid with Makespan = 877
  Total time: 1.1063 seconds
------------------------------------------------------------------
[*] Trying with Upper Bound = 876...
  SAT ! Makespan = 876
  Schedule is valid with Makespan = 876
  Total time: 1.1160 seconds
------------------------------------------------------------------
[*] Trying with Upper Bound = 875...
  SAT ! Makespan = 875
  Schedule is valid with Makespan = 875
  Total time: 1.1256 seconds
------------------------------------------------------------------
[*] Trying with Upper Bound = 874...
  SAT ! Makespan = 874
  Schedule is valid with Makespan = 874
  Total time: 1.1351 seconds
------------------------------------------------------------------
[*] Trying with Upper Bound = 873...
  SAT ! Makespan = 873
  Schedule is valid with Makespan = 873
  Total time: 1.1454 seconds
------------------------------------------------------------------
[*] Trying with Upper Bound = 872...
  SAT ! Makespan = 872
  Schedule is valid with Makespan = 872
  Total time: 1.1558 seconds
------------------------------------------------------------------
[*] Trying with Upper Bound = 871...
  SAT ! Makespan = 871
  Schedule is valid with Makespan = 871
  Total time: 1.2012 seconds
------------------------------------------------------------------
[*] Trying with Upper Bound = 870...
  SAT ! Makespan = 870
  Schedule is valid with Makespan = 870
  Total time: 1.2150 seconds
------------------------------------------------------------------
[*] Trying with Upper Bound = 869...
  SAT ! Makespan = 869
  Schedule is valid with Makespan = 869
  Total time: 1.2261 seconds
------------------------------------------------------------------
[*] Trying with Upper Bound = 868...
  SAT ! Makespan = 868
  Schedule is valid with Makespan = 868
  Total time: 1.2366 seconds
------------------------------------------------------------------
[*] Trying with Upper Bound = 867...
  SAT ! Makespan = 867
  Schedule is valid with Makespan = 867
  Total time: 1.2468 seconds
------------------------------------------------------------------
[*] Trying with Upper Bound = 866...
  SAT ! Makespan = 866
  Schedule is valid with Makespan = 866
  Total time: 1.2571 seconds
------------------------------------------------------------------
[*] Trying with Upper Bound = 865...
  SAT ! Makespan = 865
  Schedule is valid with Makespan = 865
  Total time: 1.2676 seconds
------------------------------------------------------------------
[*] Trying with Upper Bound = 864...
  SAT ! Makespan = 864
  Schedule is valid with Makespan = 864
  Total time: 1.2786 seconds
------------------------------------------------------------------
[*] Trying with Upper Bound = 863...
  SAT ! Makespan = 863
  Schedule is valid with Makespan = 863
  Total time: 1.2889 seconds
------------------------------------------------------------------
[*] Trying with Upper Bound = 862...
  SAT ! Makespan = 862
  Schedule is valid with Makespan = 862
  Total time: 1.2990 seconds
------------------------------------------------------------------
[*] Trying with Upper Bound = 861...
  SAT ! Makespan = 861
  Schedule is valid with Makespan = 861
  Total time: 1.3091 seconds
------------------------------------------------------------------
[*] Trying with Upper Bound = 860...
  SAT ! Makespan = 860
  Schedule is valid with Makespan = 860
  Total time: 1.3188 seconds
------------------------------------------------------------------
[*] Trying with Upper Bound = 859...
  SAT ! Makespan = 859
  Schedule is valid with Makespan = 859
  Total time: 1.3287 seconds
------------------------------------------------------------------
[*] Trying with Upper Bound = 858...
  SAT ! Makespan = 858
  Schedule is valid with Makespan = 858
  Total time: 1.3386 seconds
------------------------------------------------------------------
[*] Trying with Upper Bound = 857...
  SAT ! Makespan = 857
  Schedule is valid with Makespan = 857
  Total time: 1.3485 seconds
------------------------------------------------------------------
[*] Trying with Upper Bound = 856...
  SAT ! Makespan = 856
  Schedule is valid with Makespan = 856
  Total time: 1.3586 seconds
------------------------------------------------------------------
[*] Trying with Upper Bound = 855...
  SAT ! Makespan = 855
  Schedule is valid with Makespan = 855
  Total time: 1.3693 seconds
------------------------------------------------------------------
[*] Trying with Upper Bound = 854...
  SAT ! Makespan = 854
  Schedule is valid with Makespan = 854
  Total time: 1.3797 seconds
------------------------------------------------------------------
[*] Trying with Upper Bound = 853...
  SAT ! Makespan = 853
  Schedule is valid with Makespan = 853
  Total time: 1.3900 seconds
------------------------------------------------------------------
[*] Trying with Upper Bound = 852...
  SAT ! Makespan = 852
  Schedule is valid with Makespan = 852
  Total time: 1.4002 seconds
------------------------------------------------------------------
[*] Trying with Upper Bound = 851...
  SAT ! Makespan = 851
  Schedule is valid with Makespan = 851
  Total time: 1.4103 seconds
------------------------------------------------------------------
[*] Trying with Upper Bound = 850...
  SAT ! Makespan = 850
  Schedule is valid with Makespan = 850
  Total time: 1.4205 seconds
------------------------------------------------------------------
[*] Trying with Upper Bound = 849...
  SAT ! Makespan = 849
  Schedule is valid with Makespan = 849
  Total time: 1.4307 seconds
------------------------------------------------------------------
[*] Trying with Upper Bound = 848...
  SAT ! Makespan = 848
  Schedule is valid with Makespan = 848
  Total time: 1.4412 seconds
------------------------------------------------------------------
[*] Trying with Upper Bound = 847...
  SAT ! Makespan = 847
  Schedule is valid with Makespan = 847
  Total time: 1.4522 seconds
------------------------------------------------------------------
[*] Trying with Upper Bound = 846...
  SAT ! Makespan = 846
  Schedule is valid with Makespan = 846
  Total time: 1.4629 seconds
------------------------------------------------------------------
[*] Trying with Upper Bound = 845...
  SAT ! Makespan = 845
  Schedule is valid with Makespan = 845
  Total time: 1.4742 seconds
------------------------------------------------------------------
[*] Trying with Upper Bound = 844...
  SAT ! Makespan = 844
  Schedule is valid with Makespan = 844
  Total time: 1.4855 seconds
------------------------------------------------------------------
[*] Trying with Upper Bound = 843...
  SAT ! Makespan = 843
  Schedule is valid with Makespan = 843
  Total time: 1.4966 seconds
------------------------------------------------------------------
[*] Trying with Upper Bound = 842...
  SAT ! Makespan = 842
  Schedule is valid with Makespan = 842
  Total time: 1.5078 seconds
------------------------------------------------------------------
[*] Trying with Upper Bound = 841...
  SAT ! Makespan = 841
  Schedule is valid with Makespan = 841
  Total time: 1.5189 seconds
------------------------------------------------------------------
[*] Trying with Upper Bound = 840...
  SAT ! Makespan = 840
  Schedule is valid with Makespan = 840
  Total time: 1.5299 seconds
------------------------------------------------------------------
[*] Trying with Upper Bound = 839...
  SAT ! Makespan = 839
  Schedule is valid with Makespan = 839
  Total time: 1.5409 seconds
------------------------------------------------------------------
[*] Trying with Upper Bound = 838...
  SAT ! Makespan = 838
  Schedule is valid with Makespan = 838
  Total time: 1.5517 seconds
------------------------------------------------------------------
[*] Trying with Upper Bound = 837...
  SAT ! Makespan = 837
  Schedule is valid with Makespan = 837
  Total time: 1.5644 seconds
------------------------------------------------------------------
[*] Trying with Upper Bound = 836...
  SAT ! Makespan = 836
  Schedule is valid with Makespan = 836
  Total time: 1.5771 seconds
------------------------------------------------------------------
[*] Trying with Upper Bound = 835...
  SAT ! Makespan = 835
  Schedule is valid with Makespan = 835
  Total time: 1.5884 seconds
------------------------------------------------------------------
[*] Trying with Upper Bound = 834...
  SAT ! Makespan = 834
  Schedule is valid with Makespan = 834
  Total time: 1.5996 seconds
------------------------------------------------------------------
[*] Trying with Upper Bound = 833...
  SAT ! Makespan = 833
  Schedule is valid with Makespan = 833
  Total time: 1.6110 seconds
------------------------------------------------------------------
[*] Trying with Upper Bound = 832...
  SAT ! Makespan = 832
  Schedule is valid with Makespan = 832
  Total time: 1.6224 seconds
------------------------------------------------------------------
[*] Trying with Upper Bound = 831...
  SAT ! Makespan = 831
  Schedule is valid with Makespan = 831
  Total time: 1.6339 seconds
------------------------------------------------------------------
[*] Trying with Upper Bound = 830...
  SAT ! Makespan = 830
  Schedule is valid with Makespan = 830
  Total time: 1.6453 seconds
------------------------------------------------------------------
[*] Trying with Upper Bound = 829...
  SAT ! Makespan = 829
  Schedule is valid with Makespan = 829
  Total time: 1.6563 seconds
------------------------------------------------------------------
[*] Trying with Upper Bound = 828...
  SAT ! Makespan = 828
  Schedule is valid with Makespan = 828
  Total time: 1.6669 seconds
------------------------------------------------------------------
[*] Trying with Upper Bound = 827...
  SAT ! Makespan = 827
  Schedule is valid with Makespan = 827
  Total time: 1.6775 seconds
------------------------------------------------------------------
[*] Trying with Upper Bound = 826...
  SAT ! Makespan = 826
  Schedule is valid with Makespan = 826
  Total time: 1.6882 seconds
------------------------------------------------------------------
[*] Trying with Upper Bound = 825...
  SAT ! Makespan = 825
  Schedule is valid with Makespan = 825
  Total time: 1.6989 seconds
------------------------------------------------------------------
[*] Trying with Upper Bound = 824...
  SAT ! Makespan = 824
  Schedule is valid with Makespan = 824
  Total time: 1.7093 seconds
------------------------------------------------------------------
[*] Trying with Upper Bound = 823...
  SAT ! Makespan = 823
  Schedule is valid with Makespan = 823
  Total time: 1.7199 seconds
------------------------------------------------------------------
[*] Trying with Upper Bound = 822...
  SAT ! Makespan = 822
  Schedule is valid with Makespan = 822
  Total time: 1.7307 seconds
------------------------------------------------------------------
[*] Trying with Upper Bound = 821...
  SAT ! Makespan = 821
  Schedule is valid with Makespan = 821
  Total time: 1.7420 seconds
------------------------------------------------------------------
[*] Trying with Upper Bound = 820...
  SAT ! Makespan = 820
  Schedule is valid with Makespan = 820
  Total time: 1.7571 seconds
------------------------------------------------------------------
[*] Trying with Upper Bound = 819...
  SAT ! Makespan = 819
  Schedule is valid with Makespan = 819
  Total time: 1.7684 seconds
------------------------------------------------------------------
[*] Trying with Upper Bound = 818...
  SAT ! Makespan = 818
  Schedule is valid with Makespan = 818
  Total time: 1.7792 seconds
------------------------------------------------------------------
[*] Trying with Upper Bound = 817...
  SAT ! Makespan = 817
  Schedule is valid with Makespan = 817
  Total time: 1.7903 seconds
------------------------------------------------------------------
[*] Trying with Upper Bound = 816...
  SAT ! Makespan = 816
  Schedule is valid with Makespan = 816
  Total time: 1.8009 seconds
------------------------------------------------------------------
[*] Trying with Upper Bound = 815...
  SAT ! Makespan = 815
  Schedule is valid with Makespan = 815
  Total time: 1.8117 seconds
------------------------------------------------------------------
[*] Trying with Upper Bound = 814...
  SAT ! Makespan = 814
  Schedule is valid with Makespan = 814
  Total time: 1.8227 seconds
------------------------------------------------------------------
[*] Trying with Upper Bound = 813...
  SAT ! Makespan = 813
  Schedule is valid with Makespan = 813
  Total time: 1.8336 seconds
------------------------------------------------------------------
[*] Trying with Upper Bound = 812...
  SAT ! Makespan = 812
  Schedule is valid with Makespan = 812
  Total time: 1.8447 seconds
------------------------------------------------------------------
[*] Trying with Upper Bound = 811...
  SAT ! Makespan = 811
  Schedule is valid with Makespan = 811
  Total time: 1.8555 seconds
------------------------------------------------------------------
[*] Trying with Upper Bound = 810...
  SAT ! Makespan = 810
  Schedule is valid with Makespan = 810
  Total time: 1.8666 seconds
------------------------------------------------------------------
[*] Trying with Upper Bound = 809...
  SAT ! Makespan = 809
  Schedule is valid with Makespan = 809
  Total time: 1.8774 seconds
------------------------------------------------------------------
[*] Trying with Upper Bound = 808...
  SAT ! Makespan = 808
  Schedule is valid with Makespan = 808
  Total time: 1.8880 seconds
------------------------------------------------------------------
[*] Trying with Upper Bound = 807...
  SAT ! Makespan = 807
  Schedule is valid with Makespan = 807
  Total time: 1.8988 seconds
------------------------------------------------------------------
[*] Trying with Upper Bound = 806...
  SAT ! Makespan = 806
  Schedule is valid with Makespan = 806
  Total time: 1.9090 seconds
------------------------------------------------------------------
[*] Trying with Upper Bound = 805...
  SAT ! Makespan = 805
  Schedule is valid with Makespan = 805
  Total time: 1.9192 seconds
------------------------------------------------------------------
[*] Trying with Upper Bound = 804...
  SAT ! Makespan = 804
  Schedule is valid with Makespan = 804
  Total time: 1.9296 seconds
------------------------------------------------------------------
[*] Trying with Upper Bound = 803...
  SAT ! Makespan = 803
  Schedule is valid with Makespan = 803
  Total time: 1.9402 seconds
------------------------------------------------------------------
[*] Trying with Upper Bound = 802...
  SAT ! Makespan = 802
  Schedule is valid with Makespan = 802
  Total time: 1.9548 seconds
------------------------------------------------------------------
[*] Trying with Upper Bound = 801...
  SAT ! Makespan = 801
  Schedule is valid with Makespan = 801
  Total time: 1.9653 seconds
------------------------------------------------------------------
[*] Trying with Upper Bound = 800...
  SAT ! Makespan = 800
  Schedule is valid with Makespan = 800
  Total time: 1.9752 seconds
------------------------------------------------------------------
[*] Trying with Upper Bound = 799...
  SAT ! Makespan = 799
  Schedule is valid with Makespan = 799
  Total time: 1.9850 seconds
------------------------------------------------------------------
[*] Trying with Upper Bound = 798...
  SAT ! Makespan = 798
  Schedule is valid with Makespan = 798
  Total time: 1.9948 seconds
------------------------------------------------------------------
[*] Trying with Upper Bound = 797...
  SAT ! Makespan = 797
  Schedule is valid with Makespan = 797
  Total time: 2.0044 seconds
------------------------------------------------------------------
[*] Trying with Upper Bound = 796...
  SAT ! Makespan = 796
  Schedule is valid with Makespan = 796
  Total time: 2.0141 seconds
------------------------------------------------------------------
[*] Trying with Upper Bound = 795...
  SAT ! Makespan = 795
  Schedule is valid with Makespan = 795
  Total time: 2.0241 seconds
------------------------------------------------------------------
[*] Trying with Upper Bound = 794...
  SAT ! Makespan = 794
  Schedule is valid with Makespan = 794
  Total time: 2.0339 seconds
------------------------------------------------------------------
[*] Trying with Upper Bound = 793...
  SAT ! Makespan = 793
  Schedule is valid with Makespan = 793
  Total time: 2.0438 seconds
------------------------------------------------------------------
[*] Trying with Upper Bound = 792...
  SAT ! Makespan = 792
  Schedule is valid with Makespan = 792
  Total time: 2.0540 seconds
------------------------------------------------------------------
[*] Trying with Upper Bound = 791...
  SAT ! Makespan = 791
  Schedule is valid with Makespan = 791
  Total time: 2.0648 seconds
------------------------------------------------------------------
[*] Trying with Upper Bound = 790...
  SAT ! Makespan = 790
  Schedule is valid with Makespan = 790
  Total time: 2.0753 seconds
------------------------------------------------------------------
[*] Trying with Upper Bound = 789...
  SAT ! Makespan = 789
  Schedule is valid with Makespan = 789
  Total time: 2.0856 seconds
------------------------------------------------------------------
[*] Trying with Upper Bound = 788...
  SAT ! Makespan = 788
  Schedule is valid with Makespan = 788
  Total time: 2.0960 seconds
------------------------------------------------------------------
[*] Trying with Upper Bound = 787...
  SAT ! Makespan = 787
  Schedule is valid with Makespan = 787
  Total time: 2.1063 seconds
------------------------------------------------------------------
[*] Trying with Upper Bound = 786...
  SAT ! Makespan = 786
  Schedule is valid with Makespan = 786
  Total time: 2.1162 seconds
------------------------------------------------------------------
[*] Trying with Upper Bound = 785...
  SAT ! Makespan = 785
  Schedule is valid with Makespan = 785
  Total time: 2.1262 seconds
------------------------------------------------------------------
[*] Trying with Upper Bound = 784...
  SAT ! Makespan = 784
  Schedule is valid with Makespan = 784
  Total time: 2.1362 seconds
------------------------------------------------------------------
[*] Trying with Upper Bound = 783...
  SAT ! Makespan = 783
  Schedule is valid with Makespan = 783
  Total time: 2.1462 seconds
------------------------------------------------------------------
[*] Trying with Upper Bound = 782...
  SAT ! Makespan = 782
  Schedule is valid with Makespan = 782
  Total time: 2.1558 seconds
------------------------------------------------------------------
[*] Trying with Upper Bound = 781...
  SAT ! Makespan = 781
  Schedule is valid with Makespan = 781
  Total time: 2.1661 seconds
------------------------------------------------------------------
[*] Trying with Upper Bound = 780...
  SAT ! Makespan = 780
  Schedule is valid with Makespan = 780
  Total time: 2.1756 seconds
------------------------------------------------------------------
[*] Trying with Upper Bound = 779...
  SAT ! Makespan = 779
  Schedule is valid with Makespan = 779
  Total time: 2.1851 seconds
------------------------------------------------------------------
[*] Trying with Upper Bound = 778...
  SAT ! Makespan = 778
  Schedule is valid with Makespan = 778
  Total time: 2.1950 seconds
------------------------------------------------------------------
[*] Trying with Upper Bound = 777...
  SAT ! Makespan = 777
  Schedule is valid with Makespan = 777
  Total time: 2.2042 seconds
------------------------------------------------------------------
[*] Trying with Upper Bound = 776...
  SAT ! Makespan = 776
  Schedule is valid with Makespan = 776
  Total time: 2.2136 seconds
------------------------------------------------------------------
[*] Trying with Upper Bound = 775...
  SAT ! Makespan = 775
  Schedule is valid with Makespan = 775
  Total time: 2.2230 seconds
------------------------------------------------------------------
[*] Trying with Upper Bound = 774...
  SAT ! Makespan = 774
  Schedule is valid with Makespan = 774
  Total time: 2.2319 seconds
------------------------------------------------------------------
[*] Trying with Upper Bound = 773...
  SAT ! Makespan = 773
  Schedule is valid with Makespan = 773
  Total time: 2.2411 seconds
------------------------------------------------------------------
[*] Trying with Upper Bound = 772...
  SAT ! Makespan = 772
  Schedule is valid with Makespan = 772
  Total time: 2.2498 seconds
------------------------------------------------------------------
[*] Trying with Upper Bound = 771...
  SAT ! Makespan = 771
  Schedule is valid with Makespan = 771
  Total time: 2.2585 seconds
------------------------------------------------------------------
[*] Trying with Upper Bound = 770...
  SAT ! Makespan = 770
  Schedule is valid with Makespan = 770
  Total time: 2.2678 seconds
------------------------------------------------------------------
[*] Trying with Upper Bound = 769...
  SAT ! Makespan = 769
  Schedule is valid with Makespan = 769
  Total time: 2.2770 seconds
------------------------------------------------------------------
[*] Trying with Upper Bound = 768...
  SAT ! Makespan = 768
  Schedule is valid with Makespan = 768
  Total time: 2.2857 seconds
------------------------------------------------------------------
[*] Trying with Upper Bound = 767...
  SAT ! Makespan = 767
  Schedule is valid with Makespan = 767
  Total time: 2.2946 seconds
------------------------------------------------------------------
[*] Trying with Upper Bound = 766...
  SAT ! Makespan = 766
  Schedule is valid with Makespan = 766
  Total time: 2.3036 seconds
------------------------------------------------------------------
[*] Trying with Upper Bound = 765...
  SAT ! Makespan = 765
  Schedule is valid with Makespan = 765
  Total time: 2.3125 seconds
------------------------------------------------------------------
[*] Trying with Upper Bound = 764...
  SAT ! Makespan = 764
  Schedule is valid with Makespan = 764
  Total time: 2.3213 seconds
------------------------------------------------------------------
[*] Trying with Upper Bound = 763...
  SAT ! Makespan = 763
  Schedule is valid with Makespan = 763
  Total time: 2.3303 seconds
------------------------------------------------------------------
[*] Trying with Upper Bound = 762...
  SAT ! Makespan = 762
  Schedule is valid with Makespan = 762
  Total time: 2.3396 seconds
------------------------------------------------------------------
[*] Trying with Upper Bound = 761...
  SAT ! Makespan = 761
  Schedule is valid with Makespan = 761
  Total time: 2.3484 seconds
------------------------------------------------------------------
[*] Trying with Upper Bound = 760...
  SAT ! Makespan = 760
  Schedule is valid with Makespan = 760
  Total time: 2.3575 seconds
------------------------------------------------------------------
[*] Trying with Upper Bound = 759...
  SAT ! Makespan = 759
  Schedule is valid with Makespan = 759
  Total time: 2.3665 seconds
------------------------------------------------------------------
[*] Trying with Upper Bound = 758...
  SAT ! Makespan = 758
  Schedule is valid with Makespan = 758
  Total time: 2.3756 seconds
------------------------------------------------------------------
[*] Trying with Upper Bound = 757...
  SAT ! Makespan = 757
  Schedule is valid with Makespan = 757
  Total time: 2.3848 seconds
------------------------------------------------------------------
[*] Trying with Upper Bound = 756...
  SAT ! Makespan = 756
  Schedule is valid with Makespan = 756
  Total time: 2.3936 seconds
------------------------------------------------------------------
[*] Trying with Upper Bound = 755...
   UNSAT

 Optimal Makespan = 756

 Summary:
  - Optimal Makespan   : 756
  - Greedy Time        : 0.0003s
  - SAT Time           : 2.4190s
  - Total Time         : 2.4197s
  - Schedule Status    : VALID
===========================================================================
[runlim] end:			Sat Aug 15 10:37:01 2026
[runlim] status:		ok
[runlim] result:		0
[runlim] children:		1
[runlim] processes:		2
[runlim] real:			2.46 seconds
[runlim] time:			2.40 seconds
[runlim] space:			219 MB
[runlim] load:			1.01 maximum
[runlim] samples:		25
