[runlim] version:		2.0.0rc12
[runlim] host:			fjssp-instance
[runlim] time limit:		311040000 seconds
[runlim] real time limit:	3600 seconds
[runlim] space limit:		14000 MB
[runlim] argv[0]:		python3
[runlim] argv[1]:		-u
[runlim] argv[2]:		main.py
[runlim] argv[3]:		--input
[runlim] argv[4]:		datasets/rdata/mt20.txt
[runlim] argv[5]:		--sb
[runlim] argv[6]:		--factories
[runlim] argv[7]:		2
[runlim] argv[8]:		--full_transitive
[runlim] start:			Sat Aug 15 10:37:02 2026
[runlim] child:			306764
[*] Loading data from file: datasets/rdata/mt20.txt
[*] Running D-FJSSP SAT Solver with 2 factories, Symmetry Breaking = ON, Transitive E* = FULL
===========================================================================
 D-FJSSP SAT SOLVER - PARALLEL FACTORIES SCHEDULING
===========================================================================
  -> Operations: 100 | Jobs: 20 | Machines: 5 | Factories: 2

[*] Running Greedy Heuristic...
  -> Greedy Solution: Makespan = 705 (0.0003s)

[*] Initializing and solving the SAT model...
------------------------------------------------------------------
[*] Trying with Upper Bound = 705...
  SAT ! Makespan = 705
  Schedule is valid with Makespan = 705
  Total time: 2.6023 seconds
------------------------------------------------------------------
[*] Trying with Upper Bound = 704...
  SAT ! Makespan = 704
  Schedule is valid with Makespan = 704
  Total time: 2.6315 seconds
------------------------------------------------------------------
[*] Trying with Upper Bound = 703...
  SAT ! Makespan = 703
  Schedule is valid with Makespan = 703
  Total time: 2.6505 seconds
------------------------------------------------------------------
[*] Trying with Upper Bound = 702...
  SAT ! Makespan = 702
  Schedule is valid with Makespan = 702
  Total time: 2.6675 seconds
------------------------------------------------------------------
[*] Trying with Upper Bound = 701...
  SAT ! Makespan = 701
  Schedule is valid with Makespan = 701
  Total time: 2.6845 seconds
------------------------------------------------------------------
[*] Trying with Upper Bound = 700...
  SAT ! Makespan = 700
  Schedule is valid with Makespan = 700
  Total time: 2.7021 seconds
------------------------------------------------------------------
[*] Trying with Upper Bound = 699...
  SAT ! Makespan = 699
  Schedule is valid with Makespan = 699
  Total time: 2.7206 seconds
------------------------------------------------------------------
[*] Trying with Upper Bound = 698...
  SAT ! Makespan = 698
  Schedule is valid with Makespan = 698
  Total time: 2.7403 seconds
------------------------------------------------------------------
[*] Trying with Upper Bound = 697...
  SAT ! Makespan = 697
  Schedule is valid with Makespan = 697
  Total time: 2.8154 seconds
------------------------------------------------------------------
[*] Trying with Upper Bound = 696...
  SAT ! Makespan = 696
  Schedule is valid with Makespan = 696
  Total time: 2.8485 seconds
------------------------------------------------------------------
[*] Trying with Upper Bound = 695...
  SAT ! Makespan = 695
  Schedule is valid with Makespan = 695
  Total time: 2.8689 seconds
------------------------------------------------------------------
[*] Trying with Upper Bound = 694...
  SAT ! Makespan = 694
  Schedule is valid with Makespan = 694
  Total time: 2.8885 seconds
------------------------------------------------------------------
[*] Trying with Upper Bound = 693...
  SAT ! Makespan = 693
  Schedule is valid with Makespan = 693
  Total time: 2.9087 seconds
------------------------------------------------------------------
[*] Trying with Upper Bound = 692...
  SAT ! Makespan = 692
  Schedule is valid with Makespan = 692
  Total time: 2.9280 seconds
------------------------------------------------------------------
[*] Trying with Upper Bound = 691...
  SAT ! Makespan = 691
  Schedule is valid with Makespan = 691
  Total time: 2.9467 seconds
------------------------------------------------------------------
[*] Trying with Upper Bound = 690...
  SAT ! Makespan = 690
  Schedule is valid with Makespan = 690
  Total time: 2.9661 seconds
------------------------------------------------------------------
[*] Trying with Upper Bound = 689...
  SAT ! Makespan = 689
  Schedule is valid with Makespan = 689
  Total time: 2.9858 seconds
------------------------------------------------------------------
[*] Trying with Upper Bound = 688...
  SAT ! Makespan = 688
  Schedule is valid with Makespan = 688
  Total time: 3.0051 seconds
------------------------------------------------------------------
[*] Trying with Upper Bound = 687...
  SAT ! Makespan = 687
  Schedule is valid with Makespan = 687
  Total time: 3.0235 seconds
------------------------------------------------------------------
[*] Trying with Upper Bound = 686...
  SAT ! Makespan = 686
  Schedule is valid with Makespan = 686
  Total time: 3.0410 seconds
------------------------------------------------------------------
[*] Trying with Upper Bound = 685...
  SAT ! Makespan = 685
  Schedule is valid with Makespan = 685
  Total time: 3.0577 seconds
------------------------------------------------------------------
[*] Trying with Upper Bound = 684...
  SAT ! Makespan = 684
  Schedule is valid with Makespan = 684
  Total time: 3.0744 seconds
------------------------------------------------------------------
[*] Trying with Upper Bound = 683...
  SAT ! Makespan = 683
  Schedule is valid with Makespan = 683
  Total time: 3.0927 seconds
------------------------------------------------------------------
[*] Trying with Upper Bound = 682...
  SAT ! Makespan = 682
  Schedule is valid with Makespan = 682
  Total time: 3.1111 seconds
------------------------------------------------------------------
[*] Trying with Upper Bound = 681...
  SAT ! Makespan = 681
  Schedule is valid with Makespan = 681
  Total time: 3.1294 seconds
------------------------------------------------------------------
[*] Trying with Upper Bound = 680...
  SAT ! Makespan = 680
  Schedule is valid with Makespan = 680
  Total time: 3.1480 seconds
------------------------------------------------------------------
[*] Trying with Upper Bound = 679...
  SAT ! Makespan = 679
  Schedule is valid with Makespan = 679
  Total time: 3.2082 seconds
------------------------------------------------------------------
[*] Trying with Upper Bound = 678...
  SAT ! Makespan = 678
  Schedule is valid with Makespan = 678
  Total time: 3.2330 seconds
------------------------------------------------------------------
[*] Trying with Upper Bound = 677...
  SAT ! Makespan = 677
  Schedule is valid with Makespan = 677
  Total time: 3.2564 seconds
------------------------------------------------------------------
[*] Trying with Upper Bound = 676...
  SAT ! Makespan = 676
  Schedule is valid with Makespan = 676
  Total time: 3.2754 seconds
------------------------------------------------------------------
[*] Trying with Upper Bound = 675...
  SAT ! Makespan = 675
  Schedule is valid with Makespan = 675
  Total time: 3.2943 seconds
------------------------------------------------------------------
[*] Trying with Upper Bound = 674...
  SAT ! Makespan = 674
  Schedule is valid with Makespan = 674
  Total time: 3.3129 seconds
------------------------------------------------------------------
[*] Trying with Upper Bound = 673...
  SAT ! Makespan = 673
  Schedule is valid with Makespan = 673
  Total time: 3.3321 seconds
------------------------------------------------------------------
[*] Trying with Upper Bound = 672...
  SAT ! Makespan = 672
  Schedule is valid with Makespan = 672
  Total time: 3.3537 seconds
------------------------------------------------------------------
[*] Trying with Upper Bound = 671...
  SAT ! Makespan = 671
  Schedule is valid with Makespan = 671
  Total time: 3.3764 seconds
------------------------------------------------------------------
[*] Trying with Upper Bound = 670...
  SAT ! Makespan = 670
  Schedule is valid with Makespan = 670
  Total time: 3.4007 seconds
------------------------------------------------------------------
[*] Trying with Upper Bound = 669...
  SAT ! Makespan = 669
  Schedule is valid with Makespan = 669
  Total time: 3.4248 seconds
------------------------------------------------------------------
[*] Trying with Upper Bound = 668...
  SAT ! Makespan = 668
  Schedule is valid with Makespan = 668
  Total time: 3.4465 seconds
------------------------------------------------------------------
[*] Trying with Upper Bound = 667...
  SAT ! Makespan = 667
  Schedule is valid with Makespan = 667
  Total time: 3.4670 seconds
------------------------------------------------------------------
[*] Trying with Upper Bound = 666...
  SAT ! Makespan = 666
  Schedule is valid with Makespan = 666
  Total time: 3.4867 seconds
------------------------------------------------------------------
[*] Trying with Upper Bound = 665...
  SAT ! Makespan = 665
  Schedule is valid with Makespan = 665
  Total time: 3.5061 seconds
------------------------------------------------------------------
[*] Trying with Upper Bound = 664...
  SAT ! Makespan = 664
  Schedule is valid with Makespan = 664
  Total time: 3.5250 seconds
------------------------------------------------------------------
[*] Trying with Upper Bound = 663...
  SAT ! Makespan = 663
  Schedule is valid with Makespan = 663
  Total time: 3.5446 seconds
------------------------------------------------------------------
[*] Trying with Upper Bound = 662...
  SAT ! Makespan = 662
  Schedule is valid with Makespan = 662
  Total time: 3.5649 seconds
------------------------------------------------------------------
[*] Trying with Upper Bound = 661...
  SAT ! Makespan = 661
  Schedule is valid with Makespan = 661
  Total time: 3.5843 seconds
------------------------------------------------------------------
[*] Trying with Upper Bound = 660...
  SAT ! Makespan = 660
  Schedule is valid with Makespan = 660
  Total time: 3.6029 seconds
------------------------------------------------------------------
[*] Trying with Upper Bound = 659...
  SAT ! Makespan = 659
  Schedule is valid with Makespan = 659
  Total time: 3.8943 seconds
------------------------------------------------------------------
[*] Trying with Upper Bound = 658...
  SAT ! Makespan = 658
  Schedule is valid with Makespan = 658
  Total time: 3.9304 seconds
------------------------------------------------------------------
[*] Trying with Upper Bound = 657...
  SAT ! Makespan = 657
  Schedule is valid with Makespan = 657
  Total time: 3.9572 seconds
------------------------------------------------------------------
[*] Trying with Upper Bound = 656...
  SAT ! Makespan = 656
  Schedule is valid with Makespan = 656
  Total time: 3.9815 seconds
------------------------------------------------------------------
[*] Trying with Upper Bound = 655...
  SAT ! Makespan = 655
  Schedule is valid with Makespan = 655
  Total time: 4.0080 seconds
------------------------------------------------------------------
[*] Trying with Upper Bound = 654...
  SAT ! Makespan = 654
  Schedule is valid with Makespan = 654
  Total time: 4.0604 seconds
------------------------------------------------------------------
[*] Trying with Upper Bound = 653...
  SAT ! Makespan = 653
  Schedule is valid with Makespan = 653
  Total time: 4.0967 seconds
------------------------------------------------------------------
[*] Trying with Upper Bound = 652...
  SAT ! Makespan = 652
  Schedule is valid with Makespan = 652
  Total time: 4.1222 seconds
------------------------------------------------------------------
[*] Trying with Upper Bound = 651...
  SAT ! Makespan = 651
  Schedule is valid with Makespan = 651
  Total time: 4.1450 seconds
------------------------------------------------------------------
[*] Trying with Upper Bound = 650...
  SAT ! Makespan = 650
  Schedule is valid with Makespan = 650
  Total time: 4.2962 seconds
------------------------------------------------------------------
[*] Trying with Upper Bound = 649...
  SAT ! Makespan = 649
  Schedule is valid with Makespan = 649
  Total time: 5.5103 seconds
------------------------------------------------------------------
[*] Trying with Upper Bound = 648...
  SAT ! Makespan = 648
  Schedule is valid with Makespan = 648
  Total time: 5.6758 seconds
------------------------------------------------------------------
[*] Trying with Upper Bound = 647...
  SAT ! Makespan = 647
  Schedule is valid with Makespan = 647
  Total time: 5.7206 seconds
------------------------------------------------------------------
[*] Trying with Upper Bound = 646...
  SAT ! Makespan = 646
  Schedule is valid with Makespan = 646
  Total time: 5.7432 seconds
------------------------------------------------------------------
[*] Trying with Upper Bound = 645...
  SAT ! Makespan = 645
  Schedule is valid with Makespan = 645
  Total time: 5.7630 seconds
------------------------------------------------------------------
[*] Trying with Upper Bound = 644...
  SAT ! Makespan = 644
  Schedule is valid with Makespan = 644
  Total time: 5.7834 seconds
------------------------------------------------------------------
[*] Trying with Upper Bound = 643...
  SAT ! Makespan = 643
  Schedule is valid with Makespan = 643
  Total time: 5.8048 seconds
------------------------------------------------------------------
[*] Trying with Upper Bound = 642...
  SAT ! Makespan = 642
  Schedule is valid with Makespan = 642
  Total time: 5.8271 seconds
------------------------------------------------------------------
[*] Trying with Upper Bound = 641...
  SAT ! Makespan = 641
  Schedule is valid with Makespan = 641
  Total time: 5.8487 seconds
------------------------------------------------------------------
[*] Trying with Upper Bound = 640...
  SAT ! Makespan = 640
  Schedule is valid with Makespan = 640
  Total time: 5.8706 seconds
------------------------------------------------------------------
[*] Trying with Upper Bound = 639...
  SAT ! Makespan = 639
  Schedule is valid with Makespan = 639
  Total time: 5.8924 seconds
------------------------------------------------------------------
[*] Trying with Upper Bound = 638...
  SAT ! Makespan = 638
  Schedule is valid with Makespan = 638
  Total time: 5.9123 seconds
------------------------------------------------------------------
[*] Trying with Upper Bound = 637...
  SAT ! Makespan = 637
  Schedule is valid with Makespan = 637
  Total time: 5.9324 seconds
------------------------------------------------------------------
[*] Trying with Upper Bound = 636...
  SAT ! Makespan = 636
  Schedule is valid with Makespan = 636
  Total time: 5.9526 seconds
------------------------------------------------------------------
[*] Trying with Upper Bound = 635...
  SAT ! Makespan = 635
  Schedule is valid with Makespan = 635
  Total time: 5.9794 seconds
------------------------------------------------------------------
[*] Trying with Upper Bound = 634...
  SAT ! Makespan = 634
  Schedule is valid with Makespan = 634
  Total time: 6.0028 seconds
------------------------------------------------------------------
[*] Trying with Upper Bound = 633...
  SAT ! Makespan = 633
  Schedule is valid with Makespan = 633
  Total time: 6.0240 seconds
------------------------------------------------------------------
[*] Trying with Upper Bound = 632...
  SAT ! Makespan = 632
  Schedule is valid with Makespan = 632
  Total time: 6.0440 seconds
------------------------------------------------------------------
[*] Trying with Upper Bound = 631...
  SAT ! Makespan = 631
  Schedule is valid with Makespan = 631
  Total time: 6.0632 seconds
------------------------------------------------------------------
[*] Trying with Upper Bound = 630...
  SAT ! Makespan = 630
  Schedule is valid with Makespan = 630
  Total time: 6.0821 seconds
------------------------------------------------------------------
[*] Trying with Upper Bound = 629...
  SAT ! Makespan = 629
  Schedule is valid with Makespan = 629
  Total time: 6.1013 seconds
------------------------------------------------------------------
[*] Trying with Upper Bound = 628...
[runlim] sample:		9.99 time, 10.01 real, 377 MB, 1.01 load
  SAT ! Makespan = 628
  Schedule is valid with Makespan = 628
  Total time: 11.4807 seconds
------------------------------------------------------------------
[*] Trying with Upper Bound = 627...
  SAT ! Makespan = 627
  Schedule is valid with Makespan = 627
  Total time: 12.5155 seconds
------------------------------------------------------------------
[*] Trying with Upper Bound = 626...
  SAT ! Makespan = 626
  Schedule is valid with Makespan = 626
  Total time: 12.6529 seconds
------------------------------------------------------------------
[*] Trying with Upper Bound = 625...
  SAT ! Makespan = 625
  Schedule is valid with Makespan = 625
  Total time: 12.7548 seconds
------------------------------------------------------------------
[*] Trying with Upper Bound = 624...
  SAT ! Makespan = 624
  Schedule is valid with Makespan = 624
  Total time: 12.8481 seconds
------------------------------------------------------------------
[*] Trying with Upper Bound = 623...
  SAT ! Makespan = 623
  Schedule is valid with Makespan = 623
  Total time: 12.9374 seconds
------------------------------------------------------------------
[*] Trying with Upper Bound = 622...
  SAT ! Makespan = 622
  Schedule is valid with Makespan = 622
  Total time: 12.9823 seconds
------------------------------------------------------------------
[*] Trying with Upper Bound = 621...
  SAT ! Makespan = 621
  Schedule is valid with Makespan = 621
  Total time: 13.0107 seconds
------------------------------------------------------------------
[*] Trying with Upper Bound = 620...
  SAT ! Makespan = 620
  Schedule is valid with Makespan = 620
  Total time: 13.0384 seconds
------------------------------------------------------------------
[*] Trying with Upper Bound = 619...
  SAT ! Makespan = 619
  Schedule is valid with Makespan = 619
  Total time: 13.0656 seconds
------------------------------------------------------------------
[*] Trying with Upper Bound = 618...
  SAT ! Makespan = 618
  Schedule is valid with Makespan = 618
  Total time: 13.5938 seconds
------------------------------------------------------------------
[*] Trying with Upper Bound = 617...
  SAT ! Makespan = 617
  Schedule is valid with Makespan = 617
  Total time: 14.0271 seconds
------------------------------------------------------------------
[*] Trying with Upper Bound = 616...
  SAT ! Makespan = 616
  Schedule is valid with Makespan = 616
  Total time: 14.3429 seconds
------------------------------------------------------------------
[*] Trying with Upper Bound = 615...
  SAT ! Makespan = 615
  Schedule is valid with Makespan = 615
  Total time: 14.3836 seconds
------------------------------------------------------------------
[*] Trying with Upper Bound = 614...
  SAT ! Makespan = 614
  Schedule is valid with Makespan = 614
  Total time: 14.4100 seconds
------------------------------------------------------------------
[*] Trying with Upper Bound = 613...
  SAT ! Makespan = 613
  Schedule is valid with Makespan = 613
  Total time: 14.4340 seconds
------------------------------------------------------------------
[*] Trying with Upper Bound = 612...
  SAT ! Makespan = 612
  Schedule is valid with Makespan = 612
  Total time: 14.4568 seconds
------------------------------------------------------------------
[*] Trying with Upper Bound = 611...
  SAT ! Makespan = 611
  Schedule is valid with Makespan = 611
  Total time: 14.4793 seconds
------------------------------------------------------------------
[*] Trying with Upper Bound = 610...
  SAT ! Makespan = 610
  Schedule is valid with Makespan = 610
  Total time: 15.0802 seconds
------------------------------------------------------------------
[*] Trying with Upper Bound = 609...
  SAT ! Makespan = 609
  Schedule is valid with Makespan = 609
  Total time: 17.9365 seconds
------------------------------------------------------------------
[*] Trying with Upper Bound = 608...
  SAT ! Makespan = 608
  Schedule is valid with Makespan = 608
  Total time: 18.0749 seconds
------------------------------------------------------------------
[*] Trying with Upper Bound = 607...
  SAT ! Makespan = 607
  Schedule is valid with Makespan = 607
  Total time: 18.9561 seconds
------------------------------------------------------------------
[*] Trying with Upper Bound = 606...
  SAT ! Makespan = 606
  Schedule is valid with Makespan = 606
  Total time: 19.4081 seconds
------------------------------------------------------------------
[*] Trying with Upper Bound = 605...
  SAT ! Makespan = 605
  Schedule is valid with Makespan = 605
  Total time: 19.7333 seconds
------------------------------------------------------------------
[*] Trying with Upper Bound = 604...
[runlim] sample:		20.00 time, 20.01 real, 328 MB, 1.00 load
  SAT ! Makespan = 604
  Schedule is valid with Makespan = 604
  Total time: 21.2527 seconds
------------------------------------------------------------------
[*] Trying with Upper Bound = 603...
  SAT ! Makespan = 603
  Schedule is valid with Makespan = 603
  Total time: 21.3076 seconds
------------------------------------------------------------------
[*] Trying with Upper Bound = 602...
  SAT ! Makespan = 602
  Schedule is valid with Makespan = 602
  Total time: 21.3383 seconds
------------------------------------------------------------------
[*] Trying with Upper Bound = 601...
  SAT ! Makespan = 601
  Schedule is valid with Makespan = 601
  Total time: 21.3683 seconds
------------------------------------------------------------------
[*] Trying with Upper Bound = 600...
  SAT ! Makespan = 600
  Schedule is valid with Makespan = 600
  Total time: 21.3962 seconds
------------------------------------------------------------------
[*] Trying with Upper Bound = 599...
  SAT ! Makespan = 599
  Schedule is valid with Makespan = 599
  Total time: 22.7543 seconds
------------------------------------------------------------------
[*] Trying with Upper Bound = 598...
  SAT ! Makespan = 598
  Schedule is valid with Makespan = 598
  Total time: 23.6253 seconds
------------------------------------------------------------------
[*] Trying with Upper Bound = 597...
  SAT ! Makespan = 597
  Schedule is valid with Makespan = 597
  Total time: 24.0768 seconds
------------------------------------------------------------------
[*] Trying with Upper Bound = 596...
  SAT ! Makespan = 596
  Schedule is valid with Makespan = 596
  Total time: 26.9473 seconds
------------------------------------------------------------------
[*] Trying with Upper Bound = 595...
  SAT ! Makespan = 595
  Schedule is valid with Makespan = 595
  Total time: 27.4387 seconds
------------------------------------------------------------------
[*] Trying with Upper Bound = 594...
  SAT ! Makespan = 594
  Schedule is valid with Makespan = 594
  Total time: 27.8359 seconds
------------------------------------------------------------------
[*] Trying with Upper Bound = 593...
  SAT ! Makespan = 593
  Schedule is valid with Makespan = 593
  Total time: 27.9571 seconds
------------------------------------------------------------------
[*] Trying with Upper Bound = 592...
  SAT ! Makespan = 592
  Schedule is valid with Makespan = 592
  Total time: 28.0672 seconds
------------------------------------------------------------------
[*] Trying with Upper Bound = 591...
  SAT ! Makespan = 591
  Schedule is valid with Makespan = 591
  Total time: 28.1683 seconds
------------------------------------------------------------------
[*] Trying with Upper Bound = 590...
  SAT ! Makespan = 590
  Schedule is valid with Makespan = 590
  Total time: 28.2034 seconds
------------------------------------------------------------------
[*] Trying with Upper Bound = 589...
  SAT ! Makespan = 589
  Schedule is valid with Makespan = 589
  Total time: 28.2362 seconds
------------------------------------------------------------------
[*] Trying with Upper Bound = 588...
  SAT ! Makespan = 588
  Schedule is valid with Makespan = 588
  Total time: 28.2675 seconds
------------------------------------------------------------------
[*] Trying with Upper Bound = 587...
  SAT ! Makespan = 587
  Schedule is valid with Makespan = 587
  Total time: 28.2991 seconds
------------------------------------------------------------------
[*] Trying with Upper Bound = 586...
  SAT ! Makespan = 586
  Schedule is valid with Makespan = 586
  Total time: 28.3319 seconds
------------------------------------------------------------------
[*] Trying with Upper Bound = 585...
[runlim] sample:		29.99 time, 30.01 real, 344 MB, 1.00 load
  SAT ! Makespan = 585
  Schedule is valid with Makespan = 585
  Total time: 30.4527 seconds
------------------------------------------------------------------
[*] Trying with Upper Bound = 584...
  SAT ! Makespan = 584
  Schedule is valid with Makespan = 584
  Total time: 31.8019 seconds
------------------------------------------------------------------
[*] Trying with Upper Bound = 583...
  SAT ! Makespan = 583
  Schedule is valid with Makespan = 583
  Total time: 33.2159 seconds
------------------------------------------------------------------
[*] Trying with Upper Bound = 582...
  SAT ! Makespan = 582
  Schedule is valid with Makespan = 582
  Total time: 33.5474 seconds
------------------------------------------------------------------
[*] Trying with Upper Bound = 581...
  SAT ! Makespan = 581
  Schedule is valid with Makespan = 581
  Total time: 33.5993 seconds
------------------------------------------------------------------
[*] Trying with Upper Bound = 580...
  SAT ! Makespan = 580
  Schedule is valid with Makespan = 580
  Total time: 34.0189 seconds
------------------------------------------------------------------
[*] Trying with Upper Bound = 579...
  SAT ! Makespan = 579
  Schedule is valid with Makespan = 579
  Total time: 37.2692 seconds
------------------------------------------------------------------
[*] Trying with Upper Bound = 578...
  SAT ! Makespan = 578
  Schedule is valid with Makespan = 578
  Total time: 38.3796 seconds
------------------------------------------------------------------
[*] Trying with Upper Bound = 577...
  SAT ! Makespan = 577
  Schedule is valid with Makespan = 577
  Total time: 38.8041 seconds
------------------------------------------------------------------
[*] Trying with Upper Bound = 576...
[runlim] sample:		39.99 time, 40.01 real, 346 MB, 1.00 load
  SAT ! Makespan = 576
  Schedule is valid with Makespan = 576
  Total time: 40.6845 seconds
------------------------------------------------------------------
[*] Trying with Upper Bound = 575...
  SAT ! Makespan = 575
  Schedule is valid with Makespan = 575
  Total time: 40.7834 seconds
------------------------------------------------------------------
[*] Trying with Upper Bound = 574...
  SAT ! Makespan = 574
  Schedule is valid with Makespan = 574
  Total time: 41.9899 seconds
------------------------------------------------------------------
[*] Trying with Upper Bound = 573...
  SAT ! Makespan = 573
  Schedule is valid with Makespan = 573
  Total time: 42.4956 seconds
------------------------------------------------------------------
[*] Trying with Upper Bound = 572...
  SAT ! Makespan = 572
  Schedule is valid with Makespan = 572
  Total time: 43.1083 seconds
------------------------------------------------------------------
[*] Trying with Upper Bound = 571...
  SAT ! Makespan = 571
  Schedule is valid with Makespan = 571
  Total time: 44.3402 seconds
------------------------------------------------------------------
[*] Trying with Upper Bound = 570...
  SAT ! Makespan = 570
  Schedule is valid with Makespan = 570
  Total time: 47.7168 seconds
------------------------------------------------------------------
[*] Trying with Upper Bound = 569...
  SAT ! Makespan = 569
  Schedule is valid with Makespan = 569
  Total time: 49.6377 seconds
------------------------------------------------------------------
[*] Trying with Upper Bound = 568...
[runlim] sample:		49.99 time, 50.01 real, 341 MB, 1.00 load
  SAT ! Makespan = 568
  Schedule is valid with Makespan = 568
  Total time: 56.3986 seconds
------------------------------------------------------------------
[*] Trying with Upper Bound = 567...
  SAT ! Makespan = 567
  Schedule is valid with Makespan = 567
  Total time: 56.5228 seconds
------------------------------------------------------------------
[*] Trying with Upper Bound = 566...
  SAT ! Makespan = 566
  Schedule is valid with Makespan = 566
  Total time: 56.8739 seconds
------------------------------------------------------------------
[*] Trying with Upper Bound = 565...
[runlim] sample:		59.98 time, 60.01 real, 341 MB, 1.00 load
  SAT ! Makespan = 565
  Schedule is valid with Makespan = 565
  Total time: 60.4480 seconds
------------------------------------------------------------------
[*] Trying with Upper Bound = 564...
  SAT ! Makespan = 564
  Schedule is valid with Makespan = 564
  Total time: 61.9638 seconds
------------------------------------------------------------------
[*] Trying with Upper Bound = 563...
  SAT ! Makespan = 563
  Schedule is valid with Makespan = 563
  Total time: 63.6090 seconds
------------------------------------------------------------------
[*] Trying with Upper Bound = 562...
  SAT ! Makespan = 562
  Schedule is valid with Makespan = 562
  Total time: 63.7240 seconds
------------------------------------------------------------------
[*] Trying with Upper Bound = 561...
  SAT ! Makespan = 561
  Schedule is valid with Makespan = 561
  Total time: 63.8084 seconds
------------------------------------------------------------------
[*] Trying with Upper Bound = 560...
  SAT ! Makespan = 560
  Schedule is valid with Makespan = 560
  Total time: 65.5248 seconds
------------------------------------------------------------------
[*] Trying with Upper Bound = 559...
  SAT ! Makespan = 559
  Schedule is valid with Makespan = 559
  Total time: 66.9199 seconds
------------------------------------------------------------------
[*] Trying with Upper Bound = 558...
  SAT ! Makespan = 558
  Schedule is valid with Makespan = 558
  Total time: 68.3526 seconds
------------------------------------------------------------------
[*] Trying with Upper Bound = 557...
[runlim] sample:		69.99 time, 70.01 real, 340 MB, 1.00 load
  SAT ! Makespan = 557
  Schedule is valid with Makespan = 557
  Total time: 70.0261 seconds
------------------------------------------------------------------
[*] Trying with Upper Bound = 556...
  SAT ! Makespan = 556
  Schedule is valid with Makespan = 556
  Total time: 70.4531 seconds
------------------------------------------------------------------
[*] Trying with Upper Bound = 555...
  SAT ! Makespan = 555
  Schedule is valid with Makespan = 555
  Total time: 72.1117 seconds
------------------------------------------------------------------
[*] Trying with Upper Bound = 554...
[runlim] sample:		79.99 time, 80.01 real, 341 MB, 1.00 load
  SAT ! Makespan = 554
  Schedule is valid with Makespan = 554
  Total time: 84.6205 seconds
------------------------------------------------------------------
[*] Trying with Upper Bound = 553...
[runlim] sample:		89.98 time, 90.01 real, 341 MB, 1.00 load
  SAT ! Makespan = 553
  Schedule is valid with Makespan = 553
  Total time: 93.2733 seconds
------------------------------------------------------------------
[*] Trying with Upper Bound = 552...
[runlim] sample:		99.98 time, 100.01 real, 341 MB, 1.00 load
  SAT ! Makespan = 552
  Schedule is valid with Makespan = 552
  Total time: 100.8778 seconds
------------------------------------------------------------------
[*] Trying with Upper Bound = 551...
  SAT ! Makespan = 551
  Schedule is valid with Makespan = 551
  Total time: 101.3746 seconds
------------------------------------------------------------------
[*] Trying with Upper Bound = 550...
  SAT ! Makespan = 550
  Schedule is valid with Makespan = 550
  Total time: 103.4175 seconds
------------------------------------------------------------------
[*] Trying with Upper Bound = 549...
  SAT ! Makespan = 549
  Schedule is valid with Makespan = 549
  Total time: 105.9961 seconds
------------------------------------------------------------------
[*] Trying with Upper Bound = 548...
[runlim] sample:		109.98 time, 110.01 real, 341 MB, 1.00 load
  SAT ! Makespan = 548
  Schedule is valid with Makespan = 548
  Total time: 110.0822 seconds
------------------------------------------------------------------
[*] Trying with Upper Bound = 547...
  SAT ! Makespan = 547
  Schedule is valid with Makespan = 547
  Total time: 111.7436 seconds
------------------------------------------------------------------
[*] Trying with Upper Bound = 546...
  SAT ! Makespan = 546
  Schedule is valid with Makespan = 546
  Total time: 111.8789 seconds
------------------------------------------------------------------
[*] Trying with Upper Bound = 545...
[runlim] sample:		119.98 time, 120.01 real, 341 MB, 1.00 load
  SAT ! Makespan = 545
  Schedule is valid with Makespan = 545
  Total time: 121.4620 seconds
------------------------------------------------------------------
[*] Trying with Upper Bound = 544...
[runlim] sample:		129.97 time, 130.01 real, 342 MB, 1.08 load
[runlim] sample:		139.98 time, 140.01 real, 343 MB, 1.07 load
[runlim] sample:		149.98 time, 150.01 real, 341 MB, 1.06 load
  SAT ! Makespan = 544
  Schedule is valid with Makespan = 544
  Total time: 154.9291 seconds
------------------------------------------------------------------
[*] Trying with Upper Bound = 543...
[runlim] sample:		159.98 time, 160.01 real, 296 MB, 1.05 load
  SAT ! Makespan = 543
  Schedule is valid with Makespan = 543
  Total time: 163.0530 seconds
------------------------------------------------------------------
[*] Trying with Upper Bound = 542...
  SAT ! Makespan = 542
  Schedule is valid with Makespan = 542
  Total time: 165.6446 seconds
------------------------------------------------------------------
[*] Trying with Upper Bound = 541...
  SAT ! Makespan = 541
  Schedule is valid with Makespan = 541
  Total time: 165.7806 seconds
------------------------------------------------------------------
[*] Trying with Upper Bound = 540...
  SAT ! Makespan = 540
  Schedule is valid with Makespan = 540
  Total time: 167.7357 seconds
------------------------------------------------------------------
[*] Trying with Upper Bound = 539...
  SAT ! Makespan = 539
  Schedule is valid with Makespan = 539
  Total time: 169.4790 seconds
------------------------------------------------------------------
[*] Trying with Upper Bound = 538...
[runlim] sample:		169.97 time, 170.01 real, 295 MB, 1.04 load
[runlim] sample:		179.98 time, 180.01 real, 325 MB, 1.03 load
[runlim] sample:		189.98 time, 190.01 real, 327 MB, 1.03 load
[runlim] sample:		199.97 time, 200.01 real, 325 MB, 1.02 load
  SAT ! Makespan = 538
  Schedule is valid with Makespan = 538
  Total time: 209.5817 seconds
------------------------------------------------------------------
[*] Trying with Upper Bound = 537...
[runlim] sample:		209.98 time, 210.01 real, 331 MB, 1.02 load
  SAT ! Makespan = 537
  Schedule is valid with Makespan = 537
  Total time: 218.7573 seconds
------------------------------------------------------------------
[*] Trying with Upper Bound = 536...
[runlim] sample:		219.97 time, 220.01 real, 326 MB, 1.02 load
  SAT ! Makespan = 536
  Schedule is valid with Makespan = 536
  Total time: 228.1904 seconds
------------------------------------------------------------------
[*] Trying with Upper Bound = 535...
[runlim] sample:		229.97 time, 230.01 real, 328 MB, 1.01 load
  SAT ! Makespan = 535
  Schedule is valid with Makespan = 535
  Total time: 235.9900 seconds
------------------------------------------------------------------
[*] Trying with Upper Bound = 534...
  SAT ! Makespan = 534
  Schedule is valid with Makespan = 534
  Total time: 236.1240 seconds
------------------------------------------------------------------
[*] Trying with Upper Bound = 533...
[runlim] sample:		239.97 time, 240.01 real, 327 MB, 1.01 load
[runlim] sample:		249.96 time, 250.01 real, 328 MB, 1.01 load
[runlim] sample:		259.97 time, 260.01 real, 331 MB, 1.01 load
  SAT ! Makespan = 533
  Schedule is valid with Makespan = 533
  Total time: 267.4760 seconds
------------------------------------------------------------------
[*] Trying with Upper Bound = 532...
[runlim] sample:		269.96 time, 270.01 real, 327 MB, 1.00 load
  SAT ! Makespan = 532
  Schedule is valid with Makespan = 532
  Total time: 278.1007 seconds
------------------------------------------------------------------
[*] Trying with Upper Bound = 531...
[runlim] sample:		279.96 time, 280.01 real, 329 MB, 1.00 load
[runlim] sample:		289.96 time, 290.01 real, 330 MB, 1.00 load
[runlim] sample:		299.95 time, 300.01 real, 330 MB, 1.00 load
  SAT ! Makespan = 531
  Schedule is valid with Makespan = 531
  Total time: 307.9562 seconds
------------------------------------------------------------------
[*] Trying with Upper Bound = 530...
[runlim] sample:		309.96 time, 310.01 real, 328 MB, 1.00 load
[runlim] sample:		319.95 time, 320.01 real, 330 MB, 1.00 load
  SAT ! Makespan = 530
  Schedule is valid with Makespan = 530
  Total time: 320.9446 seconds
------------------------------------------------------------------
[*] Trying with Upper Bound = 529...
  SAT ! Makespan = 529
  Schedule is valid with Makespan = 529
  Total time: 328.6679 seconds
------------------------------------------------------------------
[*] Trying with Upper Bound = 528...
[runlim] sample:		329.95 time, 330.01 real, 332 MB, 1.00 load
[runlim] sample:		339.95 time, 340.01 real, 329 MB, 1.00 load
[runlim] sample:		349.94 time, 350.01 real, 332 MB, 1.00 load
[runlim] sample:		359.94 time, 360.01 real, 328 MB, 1.00 load
[runlim] sample:		369.94 time, 370.01 real, 335 MB, 1.00 load
  SAT ! Makespan = 528
  Schedule is valid with Makespan = 528
  Total time: 370.8943 seconds
------------------------------------------------------------------
[*] Trying with Upper Bound = 527...
[runlim] sample:		379.94 time, 380.01 real, 332 MB, 1.08 load
[runlim] sample:		389.94 time, 390.01 real, 339 MB, 1.07 load
[runlim] sample:		399.94 time, 400.01 real, 333 MB, 1.06 load
[runlim] sample:		409.93 time, 410.01 real, 330 MB, 1.05 load
[runlim] sample:		419.94 time, 420.01 real, 337 MB, 1.04 load
[runlim] sample:		429.94 time, 430.01 real, 337 MB, 1.03 load
[runlim] sample:		439.94 time, 440.01 real, 336 MB, 1.03 load
[runlim] sample:		449.94 time, 450.01 real, 331 MB, 1.02 load
[runlim] sample:		459.94 time, 460.01 real, 332 MB, 1.02 load
[runlim] sample:		469.94 time, 470.01 real, 332 MB, 1.02 load
[runlim] sample:		479.93 time, 480.01 real, 333 MB, 1.01 load
[runlim] sample:		489.93 time, 490.01 real, 333 MB, 1.01 load
[runlim] sample:		499.93 time, 500.01 real, 334 MB, 1.01 load
[runlim] sample:		509.93 time, 510.01 real, 338 MB, 1.08 load
[runlim] sample:		519.94 time, 520.01 real, 341 MB, 1.07 load
[runlim] sample:		529.93 time, 530.01 real, 344 MB, 1.06 load
[runlim] sample:		539.93 time, 540.01 real, 344 MB, 1.05 load
[runlim] sample:		549.93 time, 550.01 real, 341 MB, 1.04 load
  SAT ! Makespan = 527
  Schedule is valid with Makespan = 527
  Total time: 557.5173 seconds
------------------------------------------------------------------
[*] Trying with Upper Bound = 526...
[runlim] sample:		559.93 time, 560.01 real, 348 MB, 1.03 load
[runlim] sample:		569.93 time, 570.01 real, 339 MB, 1.03 load
[runlim] sample:		579.92 time, 580.01 real, 340 MB, 1.02 load
  SAT ! Makespan = 526
  Schedule is valid with Makespan = 526
  Total time: 589.3616 seconds
------------------------------------------------------------------
[*] Trying with Upper Bound = 525...
[runlim] sample:		589.92 time, 590.01 real, 340 MB, 1.02 load
[runlim] sample:		599.92 time, 600.01 real, 337 MB, 1.02 load
[runlim] sample:		609.93 time, 610.01 real, 341 MB, 1.01 load
[runlim] sample:		619.92 time, 620.01 real, 337 MB, 1.01 load
[runlim] sample:		629.93 time, 630.01 real, 338 MB, 1.09 load
[runlim] sample:		639.92 time, 640.01 real, 343 MB, 1.07 load
[runlim] sample:		649.92 time, 650.01 real, 345 MB, 1.06 load
[runlim] sample:		659.92 time, 660.01 real, 343 MB, 1.05 load
[runlim] sample:		669.92 time, 670.01 real, 343 MB, 1.04 load
[runlim] sample:		679.91 time, 680.01 real, 339 MB, 1.04 load
[runlim] sample:		689.92 time, 690.01 real, 339 MB, 1.03 load
[runlim] sample:		699.91 time, 700.01 real, 340 MB, 1.03 load
[runlim] sample:		709.91 time, 710.01 real, 340 MB, 1.02 load
[runlim] sample:		719.91 time, 720.01 real, 340 MB, 1.02 load
[runlim] sample:		729.91 time, 730.01 real, 342 MB, 1.01 load
  SAT ! Makespan = 525
  Schedule is valid with Makespan = 525
  Total time: 737.7005 seconds
------------------------------------------------------------------
[*] Trying with Upper Bound = 524...
  SAT ! Makespan = 524
  Schedule is valid with Makespan = 524
  Total time: 737.8455 seconds
------------------------------------------------------------------
[*] Trying with Upper Bound = 523...
[runlim] sample:		739.91 time, 740.01 real, 352 MB, 1.01 load
[runlim] sample:		749.91 time, 750.01 real, 352 MB, 1.01 load
[runlim] sample:		759.91 time, 760.01 real, 307 MB, 1.01 load
[runlim] sample:		769.91 time, 770.01 real, 307 MB, 1.01 load
[runlim] sample:		779.90 time, 780.01 real, 314 MB, 1.00 load
[runlim] sample:		789.91 time, 790.01 real, 323 MB, 1.00 load
[runlim] sample:		799.90 time, 800.01 real, 323 MB, 1.00 load
[runlim] sample:		809.90 time, 810.01 real, 323 MB, 1.00 load
[runlim] sample:		819.90 time, 820.01 real, 343 MB, 1.00 load
[runlim] sample:		829.90 time, 830.01 real, 343 MB, 1.00 load
[runlim] sample:		839.90 time, 840.01 real, 342 MB, 1.00 load
[runlim] sample:		849.90 time, 850.01 real, 342 MB, 1.00 load
[runlim] sample:		859.90 time, 860.01 real, 343 MB, 1.00 load
[runlim] sample:		869.90 time, 870.01 real, 343 MB, 1.00 load
[runlim] sample:		879.90 time, 880.01 real, 343 MB, 1.00 load
[runlim] sample:		889.90 time, 890.01 real, 343 MB, 1.00 load
[runlim] sample:		899.90 time, 900.01 real, 351 MB, 1.00 load
[runlim] sample:		909.90 time, 910.01 real, 351 MB, 1.00 load
[runlim] sample:		919.89 time, 920.01 real, 351 MB, 1.00 load
[runlim] sample:		929.90 time, 930.01 real, 353 MB, 1.00 load
[runlim] sample:		939.90 time, 940.01 real, 353 MB, 1.00 load
[runlim] sample:		949.89 time, 950.01 real, 355 MB, 1.00 load
[runlim] sample:		959.89 time, 960.01 real, 355 MB, 1.00 load
[runlim] sample:		969.89 time, 970.01 real, 357 MB, 1.00 load
[runlim] sample:		979.89 time, 980.01 real, 354 MB, 1.00 load
  SAT ! Makespan = 523
  Schedule is valid with Makespan = 523
  Total time: 984.8710 seconds
------------------------------------------------------------------
[*] Trying with Upper Bound = 522...
[runlim] sample:		989.90 time, 990.01 real, 318 MB, 1.00 load
[runlim] sample:		999.89 time, 1000.01 real, 316 MB, 1.00 load
[runlim] sample:		1009.89 time, 1010.01 real, 316 MB, 1.00 load
[runlim] sample:		1019.89 time, 1020.01 real, 315 MB, 1.00 load
[runlim] sample:		1029.89 time, 1030.01 real, 318 MB, 1.00 load
[runlim] sample:		1039.89 time, 1040.01 real, 354 MB, 1.00 load
[runlim] sample:		1049.89 time, 1050.01 real, 357 MB, 1.00 load
[runlim] sample:		1059.89 time, 1060.01 real, 357 MB, 1.00 load
[runlim] sample:		1069.89 time, 1070.01 real, 350 MB, 1.00 load
[runlim] sample:		1079.89 time, 1080.01 real, 350 MB, 1.00 load
[runlim] sample:		1089.89 time, 1090.01 real, 350 MB, 1.00 load
[runlim] sample:		1099.88 time, 1100.01 real, 349 MB, 1.00 load
[runlim] sample:		1109.88 time, 1110.01 real, 349 MB, 1.00 load
[runlim] sample:		1119.89 time, 1120.01 real, 350 MB, 1.00 load
[runlim] sample:		1129.89 time, 1130.01 real, 350 MB, 1.08 load
[runlim] sample:		1139.89 time, 1140.01 real, 353 MB, 1.07 load
[runlim] sample:		1149.89 time, 1150.01 real, 353 MB, 1.06 load
[runlim] sample:		1159.88 time, 1160.01 real, 361 MB, 1.05 load
[runlim] sample:		1169.88 time, 1170.01 real, 361 MB, 1.04 load
[runlim] sample:		1179.88 time, 1180.01 real, 363 MB, 1.03 load
[runlim] sample:		1189.88 time, 1190.01 real, 363 MB, 1.03 load
[runlim] sample:		1199.88 time, 1200.01 real, 362 MB, 1.02 load
[runlim] sample:		1209.88 time, 1210.01 real, 362 MB, 1.02 load
[runlim] sample:		1219.88 time, 1220.01 real, 361 MB, 1.02 load
[runlim] sample:		1229.88 time, 1230.01 real, 361 MB, 1.01 load
[runlim] sample:		1239.88 time, 1240.01 real, 361 MB, 1.01 load
[runlim] sample:		1249.88 time, 1250.01 real, 361 MB, 1.01 load
  SAT ! Makespan = 522
  Schedule is valid with Makespan = 522
  Total time: 1252.1163 seconds
------------------------------------------------------------------
[*] Trying with Upper Bound = 521...
[runlim] sample:		1259.87 time, 1260.01 real, 326 MB, 1.15 load
[runlim] sample:		1269.87 time, 1270.01 real, 326 MB, 1.13 load
[runlim] sample:		1279.86 time, 1280.01 real, 318 MB, 1.11 load
[runlim] sample:		1289.86 time, 1290.01 real, 355 MB, 1.09 load
[runlim] sample:		1299.86 time, 1300.01 real, 354 MB, 1.08 load
[runlim] sample:		1309.86 time, 1310.01 real, 354 MB, 1.06 load
[runlim] sample:		1319.86 time, 1320.01 real, 360 MB, 1.05 load
[runlim] sample:		1329.86 time, 1330.01 real, 360 MB, 1.05 load
[runlim] sample:		1339.86 time, 1340.01 real, 353 MB, 1.04 load
[runlim] sample:		1349.86 time, 1350.01 real, 353 MB, 1.03 load
[runlim] sample:		1359.86 time, 1360.01 real, 353 MB, 1.03 load
[runlim] sample:		1369.85 time, 1370.01 real, 352 MB, 1.02 load
[runlim] sample:		1379.85 time, 1380.01 real, 352 MB, 1.02 load
[runlim] sample:		1389.86 time, 1390.01 real, 353 MB, 1.02 load
[runlim] sample:		1399.86 time, 1400.01 real, 353 MB, 1.01 load
[runlim] sample:		1409.86 time, 1410.01 real, 353 MB, 1.01 load
[runlim] sample:		1419.86 time, 1420.01 real, 353 MB, 1.01 load
[runlim] sample:		1429.85 time, 1430.01 real, 357 MB, 1.01 load
[runlim] sample:		1439.85 time, 1440.01 real, 357 MB, 1.00 load
[runlim] sample:		1449.85 time, 1450.01 real, 365 MB, 1.00 load
[runlim] sample:		1459.85 time, 1460.01 real, 365 MB, 1.00 load
[runlim] sample:		1469.85 time, 1470.01 real, 369 MB, 1.00 load
[runlim] sample:		1479.85 time, 1480.01 real, 369 MB, 1.00 load
[runlim] sample:		1489.85 time, 1490.01 real, 369 MB, 1.00 load
[runlim] sample:		1499.85 time, 1500.01 real, 368 MB, 1.00 load
[runlim] sample:		1509.85 time, 1510.01 real, 368 MB, 1.00 load
[runlim] sample:		1519.85 time, 1520.01 real, 366 MB, 1.00 load
[runlim] sample:		1529.85 time, 1530.01 real, 366 MB, 1.00 load
[runlim] sample:		1539.84 time, 1540.01 real, 362 MB, 1.00 load
[runlim] sample:		1549.84 time, 1550.01 real, 362 MB, 1.00 load
[runlim] sample:		1559.85 time, 1560.01 real, 365 MB, 1.00 load
[runlim] sample:		1569.85 time, 1570.01 real, 366 MB, 1.00 load
[runlim] sample:		1579.85 time, 1580.01 real, 366 MB, 1.00 load
[runlim] sample:		1589.85 time, 1590.01 real, 354 MB, 1.00 load
[runlim] sample:		1599.85 time, 1600.01 real, 354 MB, 1.00 load
[runlim] sample:		1609.84 time, 1610.01 real, 354 MB, 1.00 load
[runlim] sample:		1619.84 time, 1620.01 real, 355 MB, 1.00 load
[runlim] sample:		1629.84 time, 1630.01 real, 355 MB, 1.00 load
[runlim] sample:		1639.84 time, 1640.01 real, 355 MB, 1.00 load
[runlim] sample:		1649.84 time, 1650.01 real, 356 MB, 1.00 load
[runlim] sample:		1659.84 time, 1660.01 real, 356 MB, 1.00 load
[runlim] sample:		1669.83 time, 1670.01 real, 356 MB, 1.00 load
[runlim] sample:		1679.84 time, 1680.01 real, 356 MB, 1.00 load
[runlim] sample:		1689.84 time, 1690.01 real, 356 MB, 1.00 load
[runlim] sample:		1699.84 time, 1700.01 real, 356 MB, 1.00 load
[runlim] sample:		1709.84 time, 1710.01 real, 357 MB, 1.00 load
[runlim] sample:		1719.84 time, 1720.01 real, 355 MB, 1.00 load
[runlim] sample:		1729.84 time, 1730.01 real, 355 MB, 1.00 load
[runlim] sample:		1739.84 time, 1740.01 real, 355 MB, 1.00 load
[runlim] sample:		1749.83 time, 1750.01 real, 357 MB, 1.00 load
[runlim] sample:		1759.83 time, 1760.01 real, 357 MB, 1.07 load
[runlim] sample:		1769.83 time, 1770.01 real, 357 MB, 1.06 load
[runlim] sample:		1779.83 time, 1780.01 real, 357 MB, 1.05 load
[runlim] sample:		1789.83 time, 1790.01 real, 357 MB, 1.04 load
[runlim] sample:		1799.83 time, 1800.01 real, 357 MB, 1.04 load
[runlim] sample:		1809.83 time, 1810.01 real, 358 MB, 1.03 load
[runlim] sample:		1819.83 time, 1820.01 real, 358 MB, 1.02 load
[runlim] sample:		1829.83 time, 1830.01 real, 358 MB, 1.02 load
[runlim] sample:		1839.83 time, 1840.01 real, 358 MB, 1.02 load
[runlim] sample:		1849.82 time, 1850.01 real, 358 MB, 1.01 load
[runlim] sample:		1859.81 time, 1860.01 real, 358 MB, 1.08 load
[runlim] sample:		1869.81 time, 1870.01 real, 358 MB, 1.07 load
[runlim] sample:		1879.81 time, 1880.01 real, 358 MB, 1.06 load
[runlim] sample:		1889.82 time, 1890.01 real, 359 MB, 1.05 load
[runlim] sample:		1899.82 time, 1900.01 real, 359 MB, 1.04 load
[runlim] sample:		1909.81 time, 1910.01 real, 359 MB, 1.04 load
[runlim] sample:		1919.81 time, 1920.01 real, 359 MB, 1.03 load
[runlim] sample:		1929.81 time, 1930.01 real, 359 MB, 1.02 load
[runlim] sample:		1939.81 time, 1940.01 real, 359 MB, 1.02 load
  SAT ! Makespan = 521
  Schedule is valid with Makespan = 521
  Total time: 1948.4944 seconds
------------------------------------------------------------------
[*] Trying with Upper Bound = 520...
[runlim] sample:		1949.81 time, 1950.01 real, 324 MB, 1.02 load
[runlim] sample:		1959.81 time, 1960.01 real, 324 MB, 1.01 load
[runlim] sample:		1969.81 time, 1970.01 real, 324 MB, 1.16 load
[runlim] sample:		1979.81 time, 1980.01 real, 368 MB, 1.13 load
[runlim] sample:		1989.81 time, 1990.01 real, 368 MB, 1.11 load
[runlim] sample:		1999.81 time, 2000.01 real, 368 MB, 1.10 load
[runlim] sample:		2009.81 time, 2010.01 real, 369 MB, 1.08 load
[runlim] sample:		2019.81 time, 2020.01 real, 369 MB, 1.07 load
[runlim] sample:		2029.80 time, 2030.01 real, 374 MB, 1.06 load
[runlim] sample:		2039.80 time, 2040.01 real, 374 MB, 1.05 load
[runlim] sample:		2049.80 time, 2050.01 real, 374 MB, 1.04 load
[runlim] sample:		2059.81 time, 2060.01 real, 376 MB, 1.03 load
[runlim] sample:		2069.80 time, 2070.01 real, 364 MB, 1.03 load
[runlim] sample:		2079.80 time, 2080.01 real, 364 MB, 1.02 load
[runlim] sample:		2089.80 time, 2090.01 real, 364 MB, 1.02 load
[runlim] sample:		2099.80 time, 2100.01 real, 365 MB, 1.02 load
[runlim] sample:		2109.81 time, 2110.01 real, 365 MB, 1.01 load
[runlim] sample:		2119.81 time, 2120.01 real, 365 MB, 1.01 load
[runlim] sample:		2129.80 time, 2130.01 real, 365 MB, 1.73 load
  SAT ! Makespan = 520
  Schedule is valid with Makespan = 520
  Total time: 2137.0711 seconds
------------------------------------------------------------------
[*] Trying with Upper Bound = 519...
[runlim] sample:		2139.80 time, 2140.01 real, 324 MB, 1.62 load
[runlim] sample:		2149.80 time, 2150.01 real, 324 MB, 1.52 load
[runlim] sample:		2159.80 time, 2160.01 real, 324 MB, 1.44 load
[runlim] sample:		2169.79 time, 2170.01 real, 329 MB, 1.37 load
[runlim] sample:		2179.79 time, 2180.01 real, 329 MB, 1.31 load
[runlim] sample:		2189.79 time, 2190.01 real, 329 MB, 1.27 load
[runlim] sample:		2199.80 time, 2200.01 real, 331 MB, 1.22 load
[runlim] sample:		2209.80 time, 2210.01 real, 331 MB, 1.19 load
[runlim] sample:		2219.80 time, 2220.01 real, 331 MB, 1.16 load
[runlim] sample:		2229.79 time, 2230.01 real, 333 MB, 1.21 load
[runlim] sample:		2239.80 time, 2240.01 real, 373 MB, 1.18 load
[runlim] sample:		2249.79 time, 2250.01 real, 373 MB, 1.15 load
[runlim] sample:		2259.79 time, 2260.01 real, 373 MB, 1.12 load
[runlim] sample:		2269.80 time, 2270.01 real, 364 MB, 1.11 load
[runlim] sample:		2279.79 time, 2280.01 real, 364 MB, 1.09 load
[runlim] sample:		2289.79 time, 2290.01 real, 364 MB, 1.07 load
[runlim] sample:		2299.79 time, 2300.01 real, 366 MB, 1.06 load
[runlim] sample:		2309.79 time, 2310.01 real, 366 MB, 1.05 load
[runlim] sample:		2319.79 time, 2320.01 real, 366 MB, 1.04 load
[runlim] sample:		2329.79 time, 2330.01 real, 366 MB, 1.04 load
[runlim] sample:		2339.78 time, 2340.01 real, 371 MB, 1.03 load
[runlim] sample:		2349.78 time, 2350.01 real, 371 MB, 1.03 load
[runlim] sample:		2359.78 time, 2360.01 real, 379 MB, 1.02 load
[runlim] sample:		2369.78 time, 2370.01 real, 380 MB, 1.02 load
[runlim] sample:		2379.78 time, 2380.01 real, 380 MB, 1.01 load
[runlim] sample:		2389.78 time, 2390.01 real, 380 MB, 1.01 load
[runlim] sample:		2399.79 time, 2400.01 real, 378 MB, 1.01 load
[runlim] sample:		2409.78 time, 2410.01 real, 378 MB, 1.01 load
[runlim] sample:		2419.78 time, 2420.01 real, 378 MB, 1.01 load
[runlim] sample:		2429.78 time, 2430.01 real, 380 MB, 1.00 load
[runlim] sample:		2439.78 time, 2440.01 real, 380 MB, 1.00 load
[runlim] sample:		2449.78 time, 2450.01 real, 380 MB, 1.00 load
[runlim] sample:		2459.72 time, 2460.01 real, 380 MB, 1.08 load
[runlim] sample:		2469.72 time, 2470.01 real, 380 MB, 1.06 load
[runlim] sample:		2479.72 time, 2480.01 real, 380 MB, 1.05 load
[runlim] sample:		2489.72 time, 2490.01 real, 378 MB, 1.12 load
[runlim] sample:		2499.72 time, 2500.01 real, 378 MB, 1.11 load
[runlim] sample:		2509.72 time, 2510.01 real, 378 MB, 1.18 load
[runlim] sample:		2519.72 time, 2520.01 real, 378 MB, 1.15 load
[runlim] sample:		2529.72 time, 2530.01 real, 367 MB, 1.13 load
[runlim] sample:		2539.72 time, 2540.01 real, 367 MB, 1.11 load
[runlim] sample:		2549.71 time, 2550.01 real, 367 MB, 1.09 load
[runlim] sample:		2559.71 time, 2560.01 real, 367 MB, 1.08 load
[runlim] sample:		2569.71 time, 2570.01 real, 368 MB, 1.06 load
[runlim] sample:		2579.71 time, 2580.01 real, 368 MB, 1.05 load
[runlim] sample:		2589.72 time, 2590.01 real, 368 MB, 1.04 load
[runlim] sample:		2599.72 time, 2600.01 real, 368 MB, 1.04 load
[runlim] sample:		2609.71 time, 2610.01 real, 369 MB, 1.03 load
[runlim] sample:		2619.71 time, 2620.01 real, 369 MB, 1.03 load
[runlim] sample:		2629.71 time, 2630.01 real, 369 MB, 1.02 load
[runlim] sample:		2639.71 time, 2640.01 real, 369 MB, 1.09 load
[runlim] sample:		2649.71 time, 2650.01 real, 369 MB, 1.08 load
[runlim] sample:		2659.71 time, 2660.01 real, 370 MB, 1.06 load
[runlim] sample:		2669.71 time, 2670.01 real, 370 MB, 1.05 load
[runlim] sample:		2679.71 time, 2680.01 real, 371 MB, 1.05 load
[runlim] sample:		2689.71 time, 2690.01 real, 371 MB, 1.04 load
[runlim] sample:		2699.71 time, 2700.01 real, 371 MB, 1.03 load
[runlim] sample:		2709.70 time, 2710.01 real, 372 MB, 1.03 load
[runlim] sample:		2719.70 time, 2720.01 real, 372 MB, 1.02 load
[runlim] sample:		2729.70 time, 2730.01 real, 372 MB, 1.02 load
[runlim] sample:		2739.70 time, 2740.01 real, 372 MB, 1.02 load
[runlim] sample:		2749.71 time, 2750.01 real, 372 MB, 1.01 load
[runlim] sample:		2759.71 time, 2760.01 real, 372 MB, 1.01 load
[runlim] sample:		2769.71 time, 2770.01 real, 372 MB, 1.01 load
[runlim] sample:		2779.71 time, 2780.01 real, 372 MB, 1.01 load
[runlim] sample:		2789.71 time, 2790.01 real, 372 MB, 1.00 load
[runlim] sample:		2799.71 time, 2800.01 real, 373 MB, 1.00 load
[runlim] sample:		2809.71 time, 2810.01 real, 373 MB, 1.00 load
[runlim] sample:		2819.71 time, 2820.01 real, 373 MB, 1.00 load
[runlim] sample:		2829.70 time, 2830.01 real, 373 MB, 1.00 load
[runlim] sample:		2839.70 time, 2840.01 real, 373 MB, 1.00 load
[runlim] sample:		2849.70 time, 2850.01 real, 373 MB, 1.00 load
[runlim] sample:		2859.70 time, 2860.01 real, 373 MB, 1.00 load
[runlim] sample:		2869.70 time, 2870.01 real, 373 MB, 1.00 load
[runlim] sample:		2879.69 time, 2880.01 real, 373 MB, 1.00 load
[runlim] sample:		2889.69 time, 2890.01 real, 373 MB, 1.07 load
[runlim] sample:		2899.70 time, 2900.01 real, 374 MB, 1.06 load
[runlim] sample:		2909.70 time, 2910.01 real, 374 MB, 1.05 load
[runlim] sample:		2919.70 time, 2920.01 real, 374 MB, 1.04 load
[runlim] sample:		2929.70 time, 2930.01 real, 374 MB, 1.04 load
[runlim] sample:		2939.69 time, 2940.01 real, 378 MB, 1.03 load
[runlim] sample:		2949.69 time, 2950.01 real, 378 MB, 1.02 load
[runlim] sample:		2959.69 time, 2960.01 real, 378 MB, 1.02 load
[runlim] sample:		2969.69 time, 2970.01 real, 388 MB, 1.02 load
[runlim] sample:		2979.69 time, 2980.01 real, 388 MB, 1.01 load
[runlim] sample:		2989.69 time, 2990.01 real, 388 MB, 1.01 load
[runlim] sample:		2999.69 time, 3000.01 real, 413 MB, 1.01 load
[runlim] sample:		3009.69 time, 3010.01 real, 389 MB, 1.01 load
[runlim] sample:		3019.69 time, 3020.01 real, 389 MB, 1.01 load
[runlim] sample:		3029.69 time, 3030.01 real, 389 MB, 1.00 load
[runlim] sample:		3039.69 time, 3040.01 real, 389 MB, 1.00 load
[runlim] sample:		3049.69 time, 3050.01 real, 394 MB, 1.00 load
[runlim] sample:		3059.68 time, 3060.01 real, 394 MB, 1.08 load
[runlim] sample:		3069.68 time, 3070.01 real, 394 MB, 1.07 load
[runlim] sample:		3079.68 time, 3080.01 real, 389 MB, 1.06 load
[runlim] sample:		3089.68 time, 3090.01 real, 389 MB, 1.05 load
[runlim] sample:		3099.68 time, 3100.01 real, 389 MB, 1.04 load
[runlim] sample:		3109.68 time, 3110.01 real, 389 MB, 1.03 load
[runlim] sample:		3119.68 time, 3120.01 real, 391 MB, 1.03 load
[runlim] sample:		3129.68 time, 3130.01 real, 391 MB, 1.02 load
  SAT ! Makespan = 519
  Schedule is valid with Makespan = 519
  Total time: 3133.8267 seconds
------------------------------------------------------------------
[*] Trying with Upper Bound = 518...
[runlim] sample:		3139.68 time, 3140.01 real, 391 MB, 1.02 load
[runlim] sample:		3149.68 time, 3150.01 real, 352 MB, 1.02 load
[runlim] sample:		3159.68 time, 3160.01 real, 354 MB, 1.01 load
[runlim] sample:		3169.68 time, 3170.01 real, 354 MB, 1.01 load
[runlim] sample:		3179.68 time, 3180.01 real, 354 MB, 1.01 load
[runlim] sample:		3189.67 time, 3190.01 real, 400 MB, 1.01 load
[runlim] sample:		3199.67 time, 3200.01 real, 394 MB, 1.00 load
[runlim] sample:		3209.67 time, 3210.01 real, 394 MB, 1.00 load
[runlim] sample:		3219.67 time, 3220.01 real, 394 MB, 1.00 load
[runlim] sample:		3229.67 time, 3230.01 real, 402 MB, 1.00 load
[runlim] sample:		3239.67 time, 3240.01 real, 402 MB, 1.00 load
[runlim] sample:		3249.67 time, 3250.01 real, 402 MB, 1.00 load
[runlim] sample:		3259.67 time, 3260.01 real, 402 MB, 1.08 load
[runlim] sample:		3269.67 time, 3270.01 real, 402 MB, 1.07 load
[runlim] sample:		3279.67 time, 3280.01 real, 389 MB, 1.06 load
[runlim] sample:		3289.66 time, 3290.01 real, 389 MB, 1.05 load
[runlim] sample:		3299.66 time, 3300.01 real, 389 MB, 1.04 load
[runlim] sample:		3309.66 time, 3310.01 real, 389 MB, 1.03 load
[runlim] sample:		3319.66 time, 3320.01 real, 391 MB, 1.03 load
[runlim] sample:		3329.66 time, 3330.01 real, 392 MB, 1.02 load
[runlim] sample:		3339.66 time, 3340.01 real, 392 MB, 1.02 load
[runlim] sample:		3349.66 time, 3350.01 real, 392 MB, 1.02 load
[runlim] sample:		3359.66 time, 3360.01 real, 391 MB, 1.01 load
[runlim] sample:		3369.66 time, 3370.01 real, 404 MB, 1.01 load
  SAT ! Makespan = 518
  Schedule is valid with Makespan = 518
  Total time: 3379.2799 seconds
------------------------------------------------------------------
[*] Trying with Upper Bound = 517...
[runlim] sample:		3379.66 time, 3380.01 real, 356 MB, 1.01 load
[runlim] sample:		3389.66 time, 3390.01 real, 356 MB, 1.01 load
[runlim] sample:		3399.67 time, 3400.01 real, 446 MB, 1.00 load
[runlim] sample:		3409.67 time, 3410.01 real, 365 MB, 1.00 load
[runlim] sample:		3419.66 time, 3420.01 real, 365 MB, 1.00 load
[runlim] sample:		3429.66 time, 3430.01 real, 365 MB, 1.00 load
[runlim] sample:		3439.66 time, 3440.01 real, 365 MB, 1.00 load
[runlim] sample:		3449.66 time, 3450.01 real, 361 MB, 1.00 load
[runlim] sample:		3459.66 time, 3460.01 real, 361 MB, 1.00 load
[runlim] sample:		3469.66 time, 3470.01 real, 361 MB, 1.00 load
[runlim] sample:		3479.65 time, 3480.01 real, 361 MB, 1.00 load
[runlim] sample:		3489.65 time, 3490.01 real, 367 MB, 1.00 load
[runlim] sample:		3499.65 time, 3500.01 real, 367 MB, 1.00 load
[runlim] sample:		3509.65 time, 3510.01 real, 367 MB, 1.00 load
[runlim] sample:		3519.65 time, 3520.01 real, 367 MB, 1.00 load
[runlim] sample:		3529.65 time, 3530.01 real, 367 MB, 1.00 load
[runlim] sample:		3539.65 time, 3540.01 real, 388 MB, 1.00 load
[runlim] sample:		3549.65 time, 3550.01 real, 388 MB, 1.00 load
[runlim] sample:		3559.65 time, 3560.01 real, 388 MB, 1.00 load
[runlim] sample:		3569.65 time, 3570.01 real, 388 MB, 1.00 load
[runlim] sample:		3579.65 time, 3580.01 real, 388 MB, 1.00 load
[runlim] sample:		3589.65 time, 3590.01 real, 388 MB, 1.00 load
[runlim] sample:		3599.65 time, 3600.01 real, 390 MB, 1.00 load
[runlim] end:			Sat Aug 15 11:37:03 2026
[runlim] status:		out of time
[runlim] result:		2
[runlim] children:		1
[runlim] processes:		2
[runlim] real:			3601.04 seconds
[runlim] time:			3599.65 seconds
[runlim] space:			516 MB
[runlim] load:			1.73 maximum
[runlim] samples:		36000
