[runlim] version:		2.0.0rc12
[runlim] host:			fjssp-instance
[runlim] time limit:		311040000 seconds
[runlim] real time limit:	3600 seconds
[runlim] space limit:		14000 MB
[runlim] argv[0]:		python3
[runlim] argv[1]:		-u
[runlim] argv[2]:		main.py
[runlim] argv[3]:		--input
[runlim] argv[4]:		datasets/rdata/la16.txt
[runlim] argv[5]:		--sb
[runlim] argv[6]:		--factories
[runlim] argv[7]:		2
[runlim] argv[8]:		--half_transitive
[runlim] start:			Wed Aug 26 18:36:50 2026
[runlim] child:			49137
[*] Loading data from file: datasets/rdata/la16.txt
[*] Running D-FJSSP SAT Solver with 2 factories, Symmetry Breaking = ON, Transitive E* = HALF
===========================================================================
 D-FJSSP SAT SOLVER - PARALLEL FACTORIES SCHEDULING
===========================================================================
  -> Operations: 100 | Jobs: 10 | Machines: 10 | Factories: 2

[*] Running Greedy Heuristic...
  -> Greedy Solution: Makespan = 829 (0.0003s)

[*] Initializing and solving the SAT model...
------------------------------------------------------------------
[*] Trying with Upper Bound = 829...
  SAT ! Makespan = 829
  Schedule is valid with Makespan = 829
  Total time: 0.6054 seconds
------------------------------------------------------------------
[*] Trying with Upper Bound = 828...
  SAT ! Makespan = 828
  Schedule is valid with Makespan = 828
  Total time: 0.6152 seconds
------------------------------------------------------------------
[*] Trying with Upper Bound = 827...
  SAT ! Makespan = 827
  Schedule is valid with Makespan = 827
  Total time: 0.6224 seconds
------------------------------------------------------------------
[*] Trying with Upper Bound = 826...
  SAT ! Makespan = 826
  Schedule is valid with Makespan = 826
  Total time: 0.6291 seconds
------------------------------------------------------------------
[*] Trying with Upper Bound = 825...
  SAT ! Makespan = 825
  Schedule is valid with Makespan = 825
  Total time: 0.6358 seconds
------------------------------------------------------------------
[*] Trying with Upper Bound = 824...
  SAT ! Makespan = 824
  Schedule is valid with Makespan = 824
  Total time: 0.6425 seconds
------------------------------------------------------------------
[*] Trying with Upper Bound = 823...
  SAT ! Makespan = 823
  Schedule is valid with Makespan = 823
  Total time: 0.6492 seconds
------------------------------------------------------------------
[*] Trying with Upper Bound = 822...
  SAT ! Makespan = 822
  Schedule is valid with Makespan = 822
  Total time: 0.6559 seconds
------------------------------------------------------------------
[*] Trying with Upper Bound = 821...
  SAT ! Makespan = 821
  Schedule is valid with Makespan = 821
  Total time: 0.6627 seconds
------------------------------------------------------------------
[*] Trying with Upper Bound = 820...
  SAT ! Makespan = 820
  Schedule is valid with Makespan = 820
  Total time: 0.6693 seconds
------------------------------------------------------------------
[*] Trying with Upper Bound = 819...
  SAT ! Makespan = 819
  Schedule is valid with Makespan = 819
  Total time: 0.6762 seconds
------------------------------------------------------------------
[*] Trying with Upper Bound = 818...
  SAT ! Makespan = 818
  Schedule is valid with Makespan = 818
  Total time: 0.6833 seconds
------------------------------------------------------------------
[*] Trying with Upper Bound = 817...
  SAT ! Makespan = 817
  Schedule is valid with Makespan = 817
  Total time: 0.6901 seconds
------------------------------------------------------------------
[*] Trying with Upper Bound = 816...
  SAT ! Makespan = 816
  Schedule is valid with Makespan = 816
  Total time: 0.6972 seconds
------------------------------------------------------------------
[*] Trying with Upper Bound = 815...
  SAT ! Makespan = 815
  Schedule is valid with Makespan = 815
  Total time: 0.7041 seconds
------------------------------------------------------------------
[*] Trying with Upper Bound = 814...
  SAT ! Makespan = 814
  Schedule is valid with Makespan = 814
  Total time: 0.7109 seconds
------------------------------------------------------------------
[*] Trying with Upper Bound = 813...
  SAT ! Makespan = 813
  Schedule is valid with Makespan = 813
  Total time: 0.7178 seconds
------------------------------------------------------------------
[*] Trying with Upper Bound = 812...
  SAT ! Makespan = 812
  Schedule is valid with Makespan = 812
  Total time: 0.7247 seconds
------------------------------------------------------------------
[*] Trying with Upper Bound = 811...
  SAT ! Makespan = 811
  Schedule is valid with Makespan = 811
  Total time: 0.7317 seconds
------------------------------------------------------------------
[*] Trying with Upper Bound = 810...
  SAT ! Makespan = 810
  Schedule is valid with Makespan = 810
  Total time: 0.7388 seconds
------------------------------------------------------------------
[*] Trying with Upper Bound = 809...
  SAT ! Makespan = 809
  Schedule is valid with Makespan = 809
  Total time: 0.7457 seconds
------------------------------------------------------------------
[*] Trying with Upper Bound = 808...
  SAT ! Makespan = 808
  Schedule is valid with Makespan = 808
  Total time: 0.7526 seconds
------------------------------------------------------------------
[*] Trying with Upper Bound = 807...
  SAT ! Makespan = 807
  Schedule is valid with Makespan = 807
  Total time: 0.7596 seconds
------------------------------------------------------------------
[*] Trying with Upper Bound = 806...
  SAT ! Makespan = 806
  Schedule is valid with Makespan = 806
  Total time: 0.7675 seconds
------------------------------------------------------------------
[*] Trying with Upper Bound = 805...
  SAT ! Makespan = 805
  Schedule is valid with Makespan = 805
  Total time: 0.7749 seconds
------------------------------------------------------------------
[*] Trying with Upper Bound = 804...
  SAT ! Makespan = 804
  Schedule is valid with Makespan = 804
  Total time: 0.7821 seconds
------------------------------------------------------------------
[*] Trying with Upper Bound = 803...
  SAT ! Makespan = 803
  Schedule is valid with Makespan = 803
  Total time: 0.7891 seconds
------------------------------------------------------------------
[*] Trying with Upper Bound = 802...
  SAT ! Makespan = 802
  Schedule is valid with Makespan = 802
  Total time: 0.7959 seconds
------------------------------------------------------------------
[*] Trying with Upper Bound = 801...
  SAT ! Makespan = 801
  Schedule is valid with Makespan = 801
  Total time: 0.8031 seconds
------------------------------------------------------------------
[*] Trying with Upper Bound = 800...
  SAT ! Makespan = 800
  Schedule is valid with Makespan = 800
  Total time: 0.8102 seconds
------------------------------------------------------------------
[*] Trying with Upper Bound = 799...
  SAT ! Makespan = 799
  Schedule is valid with Makespan = 799
  Total time: 0.8174 seconds
------------------------------------------------------------------
[*] Trying with Upper Bound = 798...
  SAT ! Makespan = 798
  Schedule is valid with Makespan = 798
  Total time: 0.8246 seconds
------------------------------------------------------------------
[*] Trying with Upper Bound = 797...
  SAT ! Makespan = 797
  Schedule is valid with Makespan = 797
  Total time: 0.8317 seconds
------------------------------------------------------------------
[*] Trying with Upper Bound = 796...
  SAT ! Makespan = 796
  Schedule is valid with Makespan = 796
  Total time: 0.8388 seconds
------------------------------------------------------------------
[*] Trying with Upper Bound = 795...
  SAT ! Makespan = 795
  Schedule is valid with Makespan = 795
  Total time: 0.8459 seconds
------------------------------------------------------------------
[*] Trying with Upper Bound = 794...
  SAT ! Makespan = 794
  Schedule is valid with Makespan = 794
  Total time: 0.8532 seconds
------------------------------------------------------------------
[*] Trying with Upper Bound = 793...
  SAT ! Makespan = 793
  Schedule is valid with Makespan = 793
  Total time: 0.8604 seconds
------------------------------------------------------------------
[*] Trying with Upper Bound = 792...
  SAT ! Makespan = 792
  Schedule is valid with Makespan = 792
  Total time: 0.8673 seconds
------------------------------------------------------------------
[*] Trying with Upper Bound = 791...
  SAT ! Makespan = 791
  Schedule is valid with Makespan = 791
  Total time: 0.8743 seconds
------------------------------------------------------------------
[*] Trying with Upper Bound = 790...
  SAT ! Makespan = 790
  Schedule is valid with Makespan = 790
  Total time: 0.8813 seconds
------------------------------------------------------------------
[*] Trying with Upper Bound = 789...
  SAT ! Makespan = 789
  Schedule is valid with Makespan = 789
  Total time: 0.8882 seconds
------------------------------------------------------------------
[*] Trying with Upper Bound = 788...
  SAT ! Makespan = 788
  Schedule is valid with Makespan = 788
  Total time: 0.8952 seconds
------------------------------------------------------------------
[*] Trying with Upper Bound = 787...
  SAT ! Makespan = 787
  Schedule is valid with Makespan = 787
  Total time: 0.9019 seconds
------------------------------------------------------------------
[*] Trying with Upper Bound = 786...
  SAT ! Makespan = 786
  Schedule is valid with Makespan = 786
  Total time: 0.9089 seconds
------------------------------------------------------------------
[*] Trying with Upper Bound = 785...
  SAT ! Makespan = 785
  Schedule is valid with Makespan = 785
  Total time: 0.9160 seconds
------------------------------------------------------------------
[*] Trying with Upper Bound = 784...
  SAT ! Makespan = 784
  Schedule is valid with Makespan = 784
  Total time: 0.9228 seconds
------------------------------------------------------------------
[*] Trying with Upper Bound = 783...
  SAT ! Makespan = 783
  Schedule is valid with Makespan = 783
  Total time: 0.9296 seconds
------------------------------------------------------------------
[*] Trying with Upper Bound = 782...
  SAT ! Makespan = 782
  Schedule is valid with Makespan = 782
  Total time: 0.9366 seconds
------------------------------------------------------------------
[*] Trying with Upper Bound = 781...
  SAT ! Makespan = 781
  Schedule is valid with Makespan = 781
  Total time: 0.9435 seconds
------------------------------------------------------------------
[*] Trying with Upper Bound = 780...
  SAT ! Makespan = 780
  Schedule is valid with Makespan = 780
  Total time: 0.9504 seconds
------------------------------------------------------------------
[*] Trying with Upper Bound = 779...
  SAT ! Makespan = 779
  Schedule is valid with Makespan = 779
  Total time: 0.9572 seconds
------------------------------------------------------------------
[*] Trying with Upper Bound = 778...
  SAT ! Makespan = 778
  Schedule is valid with Makespan = 778
  Total time: 0.9642 seconds
------------------------------------------------------------------
[*] Trying with Upper Bound = 777...
  SAT ! Makespan = 777
  Schedule is valid with Makespan = 777
  Total time: 0.9714 seconds
------------------------------------------------------------------
[*] Trying with Upper Bound = 776...
  SAT ! Makespan = 776
  Schedule is valid with Makespan = 776
  Total time: 0.9783 seconds
------------------------------------------------------------------
[*] Trying with Upper Bound = 775...
  SAT ! Makespan = 775
  Schedule is valid with Makespan = 775
  Total time: 0.9853 seconds
------------------------------------------------------------------
[*] Trying with Upper Bound = 774...
  SAT ! Makespan = 774
  Schedule is valid with Makespan = 774
  Total time: 0.9921 seconds
------------------------------------------------------------------
[*] Trying with Upper Bound = 773...
  SAT ! Makespan = 773
  Schedule is valid with Makespan = 773
  Total time: 0.9990 seconds
------------------------------------------------------------------
[*] Trying with Upper Bound = 772...
  SAT ! Makespan = 772
  Schedule is valid with Makespan = 772
  Total time: 1.0061 seconds
------------------------------------------------------------------
[*] Trying with Upper Bound = 771...
  SAT ! Makespan = 771
  Schedule is valid with Makespan = 771
  Total time: 1.0154 seconds
------------------------------------------------------------------
[*] Trying with Upper Bound = 770...
  SAT ! Makespan = 770
  Schedule is valid with Makespan = 770
  Total time: 1.0229 seconds
------------------------------------------------------------------
[*] Trying with Upper Bound = 769...
  SAT ! Makespan = 769
  Schedule is valid with Makespan = 769
  Total time: 1.0297 seconds
------------------------------------------------------------------
[*] Trying with Upper Bound = 768...
  SAT ! Makespan = 768
  Schedule is valid with Makespan = 768
  Total time: 1.0364 seconds
------------------------------------------------------------------
[*] Trying with Upper Bound = 767...
  SAT ! Makespan = 767
  Schedule is valid with Makespan = 767
  Total time: 1.0431 seconds
------------------------------------------------------------------
[*] Trying with Upper Bound = 766...
  SAT ! Makespan = 766
  Schedule is valid with Makespan = 766
  Total time: 1.0498 seconds
------------------------------------------------------------------
[*] Trying with Upper Bound = 765...
  SAT ! Makespan = 765
  Schedule is valid with Makespan = 765
  Total time: 1.0565 seconds
------------------------------------------------------------------
[*] Trying with Upper Bound = 764...
  SAT ! Makespan = 764
  Schedule is valid with Makespan = 764
  Total time: 1.0632 seconds
------------------------------------------------------------------
[*] Trying with Upper Bound = 763...
  SAT ! Makespan = 763
  Schedule is valid with Makespan = 763
  Total time: 1.0699 seconds
------------------------------------------------------------------
[*] Trying with Upper Bound = 762...
  SAT ! Makespan = 762
  Schedule is valid with Makespan = 762
  Total time: 1.0772 seconds
------------------------------------------------------------------
[*] Trying with Upper Bound = 761...
  SAT ! Makespan = 761
  Schedule is valid with Makespan = 761
  Total time: 1.0844 seconds
------------------------------------------------------------------
[*] Trying with Upper Bound = 760...
  SAT ! Makespan = 760
  Schedule is valid with Makespan = 760
  Total time: 1.0913 seconds
------------------------------------------------------------------
[*] Trying with Upper Bound = 759...
  SAT ! Makespan = 759
  Schedule is valid with Makespan = 759
  Total time: 1.0981 seconds
------------------------------------------------------------------
[*] Trying with Upper Bound = 758...
  SAT ! Makespan = 758
  Schedule is valid with Makespan = 758
  Total time: 1.1048 seconds
------------------------------------------------------------------
[*] Trying with Upper Bound = 757...
  SAT ! Makespan = 757
  Schedule is valid with Makespan = 757
  Total time: 1.1116 seconds
------------------------------------------------------------------
[*] Trying with Upper Bound = 756...
  SAT ! Makespan = 756
  Schedule is valid with Makespan = 756
  Total time: 1.1185 seconds
------------------------------------------------------------------
[*] Trying with Upper Bound = 755...
  SAT ! Makespan = 755
  Schedule is valid with Makespan = 755
  Total time: 1.1254 seconds
------------------------------------------------------------------
[*] Trying with Upper Bound = 754...
  SAT ! Makespan = 754
  Schedule is valid with Makespan = 754
  Total time: 1.1322 seconds
------------------------------------------------------------------
[*] Trying with Upper Bound = 753...
  SAT ! Makespan = 753
  Schedule is valid with Makespan = 753
  Total time: 1.1391 seconds
------------------------------------------------------------------
[*] Trying with Upper Bound = 752...
  SAT ! Makespan = 752
  Schedule is valid with Makespan = 752
  Total time: 1.1461 seconds
------------------------------------------------------------------
[*] Trying with Upper Bound = 751...
  SAT ! Makespan = 751
  Schedule is valid with Makespan = 751
  Total time: 1.1528 seconds
------------------------------------------------------------------
[*] Trying with Upper Bound = 750...
  SAT ! Makespan = 750
  Schedule is valid with Makespan = 750
  Total time: 1.1595 seconds
------------------------------------------------------------------
[*] Trying with Upper Bound = 749...
  SAT ! Makespan = 749
  Schedule is valid with Makespan = 749
  Total time: 1.1664 seconds
------------------------------------------------------------------
[*] Trying with Upper Bound = 748...
  SAT ! Makespan = 748
  Schedule is valid with Makespan = 748
  Total time: 1.1733 seconds
------------------------------------------------------------------
[*] Trying with Upper Bound = 747...
  SAT ! Makespan = 747
  Schedule is valid with Makespan = 747
  Total time: 1.1802 seconds
------------------------------------------------------------------
[*] Trying with Upper Bound = 746...
  SAT ! Makespan = 746
  Schedule is valid with Makespan = 746
  Total time: 1.1871 seconds
------------------------------------------------------------------
[*] Trying with Upper Bound = 745...
  SAT ! Makespan = 745
  Schedule is valid with Makespan = 745
  Total time: 1.1940 seconds
------------------------------------------------------------------
[*] Trying with Upper Bound = 744...
  SAT ! Makespan = 744
  Schedule is valid with Makespan = 744
  Total time: 1.2008 seconds
------------------------------------------------------------------
[*] Trying with Upper Bound = 743...
  SAT ! Makespan = 743
  Schedule is valid with Makespan = 743
  Total time: 1.2076 seconds
------------------------------------------------------------------
[*] Trying with Upper Bound = 742...
  SAT ! Makespan = 742
  Schedule is valid with Makespan = 742
  Total time: 1.2147 seconds
------------------------------------------------------------------
[*] Trying with Upper Bound = 741...
  SAT ! Makespan = 741
  Schedule is valid with Makespan = 741
  Total time: 1.2215 seconds
------------------------------------------------------------------
[*] Trying with Upper Bound = 740...
  SAT ! Makespan = 740
  Schedule is valid with Makespan = 740
  Total time: 1.2284 seconds
------------------------------------------------------------------
[*] Trying with Upper Bound = 739...
  SAT ! Makespan = 739
  Schedule is valid with Makespan = 739
  Total time: 1.2353 seconds
------------------------------------------------------------------
[*] Trying with Upper Bound = 738...
  SAT ! Makespan = 738
  Schedule is valid with Makespan = 738
  Total time: 1.2423 seconds
------------------------------------------------------------------
[*] Trying with Upper Bound = 737...
  SAT ! Makespan = 737
  Schedule is valid with Makespan = 737
  Total time: 1.2493 seconds
------------------------------------------------------------------
[*] Trying with Upper Bound = 736...
  SAT ! Makespan = 736
  Schedule is valid with Makespan = 736
  Total time: 1.2563 seconds
------------------------------------------------------------------
[*] Trying with Upper Bound = 735...
  SAT ! Makespan = 735
  Schedule is valid with Makespan = 735
  Total time: 1.2634 seconds
------------------------------------------------------------------
[*] Trying with Upper Bound = 734...
  SAT ! Makespan = 734
  Schedule is valid with Makespan = 734
  Total time: 1.2704 seconds
------------------------------------------------------------------
[*] Trying with Upper Bound = 733...
  SAT ! Makespan = 733
  Schedule is valid with Makespan = 733
  Total time: 1.2774 seconds
------------------------------------------------------------------
[*] Trying with Upper Bound = 732...
  SAT ! Makespan = 732
  Schedule is valid with Makespan = 732
  Total time: 1.2844 seconds
------------------------------------------------------------------
[*] Trying with Upper Bound = 731...
  SAT ! Makespan = 731
  Schedule is valid with Makespan = 731
  Total time: 1.2914 seconds
------------------------------------------------------------------
[*] Trying with Upper Bound = 730...
  SAT ! Makespan = 730
  Schedule is valid with Makespan = 730
  Total time: 1.2984 seconds
------------------------------------------------------------------
[*] Trying with Upper Bound = 729...
  SAT ! Makespan = 729
  Schedule is valid with Makespan = 729
  Total time: 1.3054 seconds
------------------------------------------------------------------
[*] Trying with Upper Bound = 728...
  SAT ! Makespan = 728
  Schedule is valid with Makespan = 728
  Total time: 1.3124 seconds
------------------------------------------------------------------
[*] Trying with Upper Bound = 727...
  SAT ! Makespan = 727
  Schedule is valid with Makespan = 727
  Total time: 1.3194 seconds
------------------------------------------------------------------
[*] Trying with Upper Bound = 726...
  SAT ! Makespan = 726
  Schedule is valid with Makespan = 726
  Total time: 1.3266 seconds
------------------------------------------------------------------
[*] Trying with Upper Bound = 725...
  SAT ! Makespan = 725
  Schedule is valid with Makespan = 725
  Total time: 1.3338 seconds
------------------------------------------------------------------
[*] Trying with Upper Bound = 724...
  SAT ! Makespan = 724
  Schedule is valid with Makespan = 724
  Total time: 1.3460 seconds
------------------------------------------------------------------
[*] Trying with Upper Bound = 723...
  SAT ! Makespan = 723
  Schedule is valid with Makespan = 723
  Total time: 1.3530 seconds
------------------------------------------------------------------
[*] Trying with Upper Bound = 722...
  SAT ! Makespan = 722
  Schedule is valid with Makespan = 722
  Total time: 1.3600 seconds
------------------------------------------------------------------
[*] Trying with Upper Bound = 721...
  SAT ! Makespan = 721
  Schedule is valid with Makespan = 721
  Total time: 1.3670 seconds
------------------------------------------------------------------
[*] Trying with Upper Bound = 720...
  SAT ! Makespan = 720
  Schedule is valid with Makespan = 720
  Total time: 1.3739 seconds
------------------------------------------------------------------
[*] Trying with Upper Bound = 719...
  SAT ! Makespan = 719
  Schedule is valid with Makespan = 719
  Total time: 1.3810 seconds
------------------------------------------------------------------
[*] Trying with Upper Bound = 718...
  SAT ! Makespan = 718
  Schedule is valid with Makespan = 718
  Total time: 1.3881 seconds
------------------------------------------------------------------
[*] Trying with Upper Bound = 717...
  SAT ! Makespan = 717
  Schedule is valid with Makespan = 717
  Total time: 1.3951 seconds
------------------------------------------------------------------
[*] Trying with Upper Bound = 716...
   UNSAT

 Optimal Makespan = 717

 Summary:
  - Optimal Makespan   : 717
  - Greedy Time        : 0.0003s
  - SAT Time           : 1.4083s
  - Total Time         : 1.4098s
  - Schedule Status    : VALID
===========================================================================
[runlim] end:			Wed Aug 26 18:36:52 2026
[runlim] status:		ok
[runlim] result:		0
[runlim] children:		1
[runlim] processes:		2
[runlim] real:			1.45 seconds
[runlim] time:			1.39 seconds
[runlim] space:			157 MB
[runlim] load:			1.56 maximum
[runlim] samples:		15
