[runlim] version:		2.0.0rc12
[runlim] host:			fjssp-instance
[runlim] time limit:		311040000 seconds
[runlim] real time limit:	3600 seconds
[runlim] space limit:		14000 MB
[runlim] argv[0]:		python3
[runlim] argv[1]:		-u
[runlim] argv[2]:		main.py
[runlim] argv[3]:		--input
[runlim] argv[4]:		datasets/rdata/mt06.txt
[runlim] argv[5]:		--sb
[runlim] argv[6]:		--factories
[runlim] argv[7]:		2
[runlim] argv[8]:		--half_transitive
[runlim] start:			Wed Aug 26 18:36:55 2026
[runlim] child:			49154
[*] Loading data from file: datasets/rdata/mt06.txt
[*] Running D-FJSSP SAT Solver with 2 factories, Symmetry Breaking = ON, Transitive E* = HALF
===========================================================================
 D-FJSSP SAT SOLVER - PARALLEL FACTORIES SCHEDULING
===========================================================================
  -> Operations: 36 | Jobs: 6 | Machines: 6 | Factories: 2

[*] Running Greedy Heuristic...
  -> Greedy Solution: Makespan = 57 (0.0001s)

[*] Initializing and solving the SAT model...
------------------------------------------------------------------
[*] Trying with Upper Bound = 57...
  SAT ! Makespan = 57
  Schedule is valid with Makespan = 57
  Total time: 0.0166 seconds
------------------------------------------------------------------
[*] Trying with Upper Bound = 56...
  SAT ! Makespan = 56
  Schedule is valid with Makespan = 56
  Total time: 0.0180 seconds
------------------------------------------------------------------
[*] Trying with Upper Bound = 55...
  SAT ! Makespan = 55
  Schedule is valid with Makespan = 55
  Total time: 0.0187 seconds
------------------------------------------------------------------
[*] Trying with Upper Bound = 54...
  SAT ! Makespan = 54
  Schedule is valid with Makespan = 54
  Total time: 0.0191 seconds
------------------------------------------------------------------
[*] Trying with Upper Bound = 53...
  SAT ! Makespan = 53
  Schedule is valid with Makespan = 53
  Total time: 0.0195 seconds
------------------------------------------------------------------
[*] Trying with Upper Bound = 52...
  SAT ! Makespan = 52
  Schedule is valid with Makespan = 52
  Total time: 0.0200 seconds
------------------------------------------------------------------
[*] Trying with Upper Bound = 51...
  SAT ! Makespan = 51
  Schedule is valid with Makespan = 51
  Total time: 0.0204 seconds
------------------------------------------------------------------
[*] Trying with Upper Bound = 50...
  SAT ! Makespan = 50
  Schedule is valid with Makespan = 50
  Total time: 0.0208 seconds
------------------------------------------------------------------
[*] Trying with Upper Bound = 49...
  SAT ! Makespan = 49
  Schedule is valid with Makespan = 49
  Total time: 0.0212 seconds
------------------------------------------------------------------
[*] Trying with Upper Bound = 48...
  SAT ! Makespan = 48
  Schedule is valid with Makespan = 48
  Total time: 0.0216 seconds
------------------------------------------------------------------
[*] Trying with Upper Bound = 47...
  SAT ! Makespan = 47
  Schedule is valid with Makespan = 47
  Total time: 0.0220 seconds
------------------------------------------------------------------
[*] Trying with Upper Bound = 46...
   UNSAT

 Optimal Makespan = 47

 Summary:
  - Optimal Makespan   : 47
  - Greedy Time        : 0.0001s
  - SAT Time           : 0.0214s
  - Total Time         : 0.0225s
  - Schedule Status    : VALID
===========================================================================
[runlim] end:			Wed Aug 26 18:36:55 2026
[runlim] status:		ok
[runlim] result:		0
[runlim] children:		0
[runlim] processes:		0
[runlim] real:			0.06 seconds
[runlim] time:			0.00 seconds
[runlim] space:			0 MB
[runlim] load:			1.52 maximum
[runlim] samples:		1
