[runlim] version:		2.0.0rc12
[runlim] host:			fjssp-instance
[runlim] time limit:		311040000 seconds
[runlim] real time limit:	3600 seconds
[runlim] space limit:		14000 MB
[runlim] argv[0]:		python3
[runlim] argv[1]:		-u
[runlim] argv[2]:		main.py
[runlim] argv[3]:		--input
[runlim] argv[4]:		datasets/brandimarte/MK05
[runlim] argv[5]:		--factories
[runlim] argv[6]:		2
[runlim] argv[7]:		--half_transitive
[runlim] start:			Fri Aug 14 05:30:08 2026
[runlim] child:			243471
[*] Loading data from file: datasets/brandimarte/MK05
[*] Running D-FJSSP SAT Solver with 2 factories, Symmetry Breaking = OFF, Transitive E* = HALF
===========================================================================
 D-FJSSP SAT SOLVER - PARALLEL FACTORIES SCHEDULING
===========================================================================
  -> Operations: 106 | Jobs: 15 | Machines: 4 | Factories: 2

[*] Running Greedy Heuristic...
  -> Greedy Solution: Makespan = 107 (0.0003s)

[*] Initializing and solving the SAT model...
------------------------------------------------------------------
[*] Trying with Upper Bound = 107...
  SAT ! Makespan = 107
  Schedule is valid with Makespan = 107
  Total time: 0.3996 seconds
------------------------------------------------------------------
[*] Trying with Upper Bound = 106...
  SAT ! Makespan = 106
  Schedule is valid with Makespan = 106
  Total time: 0.4109 seconds
------------------------------------------------------------------
[*] Trying with Upper Bound = 105...
  SAT ! Makespan = 105
  Schedule is valid with Makespan = 105
  Total time: 0.4255 seconds
------------------------------------------------------------------
[*] Trying with Upper Bound = 104...
  SAT ! Makespan = 104
  Schedule is valid with Makespan = 104
  Total time: 0.4329 seconds
------------------------------------------------------------------
[*] Trying with Upper Bound = 103...
  SAT ! Makespan = 103
  Schedule is valid with Makespan = 103
  Total time: 0.4381 seconds
------------------------------------------------------------------
[*] Trying with Upper Bound = 102...
  SAT ! Makespan = 102
  Schedule is valid with Makespan = 102
  Total time: 0.4434 seconds
------------------------------------------------------------------
[*] Trying with Upper Bound = 101...
  SAT ! Makespan = 101
  Schedule is valid with Makespan = 101
  Total time: 0.4908 seconds
------------------------------------------------------------------
[*] Trying with Upper Bound = 100...
  SAT ! Makespan = 100
  Schedule is valid with Makespan = 100
  Total time: 0.5343 seconds
------------------------------------------------------------------
[*] Trying with Upper Bound = 99...
  SAT ! Makespan = 99
  Schedule is valid with Makespan = 99
  Total time: 0.7921 seconds
------------------------------------------------------------------
[*] Trying with Upper Bound = 98...
  SAT ! Makespan = 98
  Schedule is valid with Makespan = 98
  Total time: 1.9885 seconds
------------------------------------------------------------------
[*] Trying with Upper Bound = 97...
  SAT ! Makespan = 97
  Schedule is valid with Makespan = 97
  Total time: 4.4407 seconds
------------------------------------------------------------------
[*] Trying with Upper Bound = 96...
  SAT ! Makespan = 96
  Schedule is valid with Makespan = 96
  Total time: 4.8463 seconds
------------------------------------------------------------------
[*] Trying with Upper Bound = 95...
[runlim] sample:		10.00 time, 10.01 real, 122 MB, 0.69 load
  SAT ! Makespan = 95
  Schedule is valid with Makespan = 95
  Total time: 12.0416 seconds
------------------------------------------------------------------
[*] Trying with Upper Bound = 94...
[runlim] sample:		19.99 time, 20.01 real, 115 MB, 0.74 load
  SAT ! Makespan = 94
  Schedule is valid with Makespan = 94
  Total time: 20.3613 seconds
------------------------------------------------------------------
[*] Trying with Upper Bound = 93...
  SAT ! Makespan = 93
  Schedule is valid with Makespan = 93
  Total time: 27.2578 seconds
------------------------------------------------------------------
[*] Trying with Upper Bound = 92...
[runlim] sample:		29.99 time, 30.01 real, 106 MB, 0.78 load
  SAT ! Makespan = 92
  Schedule is valid with Makespan = 92
  Total time: 34.4762 seconds
------------------------------------------------------------------
[*] Trying with Upper Bound = 91...
[runlim] sample:		39.99 time, 40.01 real, 106 MB, 0.82 load
  SAT ! Makespan = 91
  Schedule is valid with Makespan = 91
  Total time: 44.1392 seconds
------------------------------------------------------------------
[*] Trying with Upper Bound = 90...
  SAT ! Makespan = 90
  Schedule is valid with Makespan = 90
  Total time: 45.9712 seconds
------------------------------------------------------------------
[*] Trying with Upper Bound = 89...
[runlim] sample:		49.99 time, 50.01 real, 106 MB, 0.84 load
[runlim] sample:		59.99 time, 60.01 real, 121 MB, 0.87 load
[runlim] sample:		69.99 time, 70.01 real, 106 MB, 0.89 load
[runlim] sample:		79.99 time, 80.01 real, 95 MB, 0.91 load
[runlim] sample:		89.99 time, 90.01 real, 98 MB, 0.92 load
[runlim] sample:		99.98 time, 100.01 real, 113 MB, 0.93 load
[runlim] sample:		109.98 time, 110.01 real, 113 MB, 1.10 load
[runlim] sample:		119.98 time, 120.01 real, 123 MB, 1.08 load
[runlim] sample:		129.98 time, 130.01 real, 125 MB, 1.07 load
[runlim] sample:		139.98 time, 140.01 real, 127 MB, 1.06 load
[runlim] sample:		149.98 time, 150.01 real, 128 MB, 1.05 load
[runlim] sample:		159.98 time, 160.01 real, 130 MB, 1.04 load
[runlim] sample:		169.98 time, 170.01 real, 130 MB, 1.03 load
[runlim] sample:		179.98 time, 180.01 real, 131 MB, 1.03 load
[runlim] sample:		189.97 time, 190.01 real, 132 MB, 1.02 load
[runlim] sample:		199.98 time, 200.01 real, 99 MB, 1.02 load
[runlim] sample:		209.97 time, 210.01 real, 118 MB, 1.02 load
[runlim] sample:		219.98 time, 220.01 real, 140 MB, 1.01 load
[runlim] sample:		229.97 time, 230.01 real, 125 MB, 1.01 load
[runlim] sample:		239.97 time, 240.01 real, 125 MB, 1.01 load
[runlim] sample:		249.98 time, 250.01 real, 143 MB, 1.01 load
[runlim] sample:		259.98 time, 260.01 real, 143 MB, 1.00 load
  SAT ! Makespan = 89
  Schedule is valid with Makespan = 89
  Total time: 260.2825 seconds
------------------------------------------------------------------
[*] Trying with Upper Bound = 88...
[runlim] sample:		269.97 time, 270.01 real, 143 MB, 1.00 load
[runlim] sample:		279.97 time, 280.01 real, 143 MB, 1.00 load
[runlim] sample:		289.97 time, 290.01 real, 143 MB, 1.00 load
[runlim] sample:		299.97 time, 300.01 real, 143 MB, 1.00 load
[runlim] sample:		309.96 time, 310.01 real, 143 MB, 1.00 load
[runlim] sample:		319.95 time, 320.01 real, 146 MB, 1.00 load
[runlim] sample:		329.96 time, 330.01 real, 150 MB, 1.00 load
[runlim] sample:		339.95 time, 340.01 real, 150 MB, 1.00 load
[runlim] sample:		349.95 time, 350.01 real, 150 MB, 1.00 load
[runlim] sample:		359.95 time, 360.01 real, 150 MB, 1.00 load
[runlim] sample:		369.95 time, 370.01 real, 150 MB, 1.00 load
[runlim] sample:		379.95 time, 380.01 real, 150 MB, 1.00 load
[runlim] sample:		389.95 time, 390.01 real, 155 MB, 1.00 load
[runlim] sample:		399.95 time, 400.01 real, 155 MB, 1.00 load
[runlim] sample:		409.94 time, 410.01 real, 156 MB, 1.00 load
[runlim] sample:		419.94 time, 420.01 real, 179 MB, 1.00 load
[runlim] sample:		429.94 time, 430.01 real, 179 MB, 1.00 load
[runlim] sample:		439.94 time, 440.01 real, 180 MB, 1.00 load
[runlim] sample:		449.94 time, 450.01 real, 180 MB, 1.00 load
[runlim] sample:		459.94 time, 460.01 real, 182 MB, 1.00 load
[runlim] sample:		469.94 time, 470.01 real, 139 MB, 1.08 load
[runlim] sample:		479.93 time, 480.01 real, 138 MB, 1.07 load
[runlim] sample:		489.93 time, 490.01 real, 163 MB, 1.20 load
[runlim] sample:		499.93 time, 500.01 real, 187 MB, 1.17 load
[runlim] sample:		509.93 time, 510.01 real, 140 MB, 1.15 load
[runlim] sample:		519.93 time, 520.01 real, 137 MB, 1.12 load
[runlim] sample:		529.93 time, 530.01 real, 189 MB, 1.10 load
[runlim] sample:		539.93 time, 540.01 real, 189 MB, 1.09 load
[runlim] sample:		549.93 time, 550.01 real, 189 MB, 1.07 load
  SAT ! Makespan = 88
  Schedule is valid with Makespan = 88
  Total time: 557.9567 seconds
------------------------------------------------------------------
[*] Trying with Upper Bound = 87...
[runlim] sample:		559.93 time, 560.01 real, 193 MB, 1.06 load
[runlim] sample:		569.93 time, 570.01 real, 193 MB, 1.05 load
[runlim] sample:		579.93 time, 580.01 real, 193 MB, 1.04 load
[runlim] sample:		589.93 time, 590.01 real, 193 MB, 1.04 load
[runlim] sample:		599.93 time, 600.01 real, 193 MB, 1.03 load
[runlim] sample:		609.93 time, 610.01 real, 193 MB, 1.02 load
[runlim] sample:		619.93 time, 620.01 real, 193 MB, 1.02 load
[runlim] sample:		629.93 time, 630.01 real, 194 MB, 1.02 load
[runlim] sample:		639.92 time, 640.01 real, 144 MB, 1.01 load
[runlim] sample:		649.92 time, 650.01 real, 140 MB, 1.01 load
[runlim] sample:		659.92 time, 660.01 real, 165 MB, 1.01 load
[runlim] sample:		669.92 time, 670.01 real, 165 MB, 1.01 load
[runlim] sample:		679.92 time, 680.01 real, 165 MB, 1.01 load
[runlim] sample:		689.92 time, 690.01 real, 188 MB, 1.00 load
[runlim] sample:		699.92 time, 700.01 real, 188 MB, 1.00 load
[runlim] sample:		709.92 time, 710.01 real, 188 MB, 1.00 load
[runlim] sample:		719.91 time, 720.01 real, 191 MB, 1.16 load
[runlim] sample:		729.91 time, 730.01 real, 191 MB, 1.14 load
[runlim] sample:		739.91 time, 740.01 real, 191 MB, 1.12 load
[runlim] sample:		749.91 time, 750.01 real, 193 MB, 1.10 load
[runlim] sample:		759.91 time, 760.01 real, 193 MB, 1.08 load
[runlim] sample:		769.91 time, 770.01 real, 193 MB, 1.07 load
[runlim] sample:		779.91 time, 780.01 real, 193 MB, 1.06 load
[runlim] sample:		789.91 time, 790.01 real, 195 MB, 1.05 load
[runlim] sample:		799.91 time, 800.01 real, 195 MB, 1.04 load
[runlim] sample:		809.91 time, 810.01 real, 195 MB, 1.03 load
[runlim] sample:		819.91 time, 820.01 real, 195 MB, 1.03 load
[runlim] sample:		829.91 time, 830.01 real, 181 MB, 1.02 load
[runlim] sample:		839.91 time, 840.01 real, 158 MB, 1.02 load
[runlim] sample:		849.90 time, 850.01 real, 157 MB, 1.02 load
[runlim] sample:		859.91 time, 860.01 real, 159 MB, 1.01 load
[runlim] sample:		869.90 time, 870.01 real, 161 MB, 1.01 load
[runlim] sample:		879.91 time, 880.01 real, 173 MB, 1.01 load
[runlim] sample:		889.90 time, 890.01 real, 172 MB, 1.01 load
[runlim] sample:		899.90 time, 900.01 real, 172 MB, 1.00 load
[runlim] sample:		909.90 time, 910.01 real, 178 MB, 1.00 load
[runlim] sample:		919.90 time, 920.01 real, 143 MB, 1.00 load
[runlim] sample:		929.90 time, 930.01 real, 150 MB, 1.00 load
[runlim] sample:		939.90 time, 940.01 real, 150 MB, 1.00 load
[runlim] sample:		949.90 time, 950.01 real, 152 MB, 1.00 load
[runlim] sample:		959.90 time, 960.01 real, 151 MB, 1.00 load
[runlim] sample:		969.90 time, 970.01 real, 148 MB, 1.00 load
[runlim] sample:		979.89 time, 980.01 real, 157 MB, 1.00 load
[runlim] sample:		989.89 time, 990.01 real, 174 MB, 1.00 load
[runlim] sample:		999.89 time, 1000.01 real, 174 MB, 1.00 load
[runlim] sample:		1009.90 time, 1010.01 real, 200 MB, 1.00 load
[runlim] sample:		1019.90 time, 1020.01 real, 200 MB, 1.00 load
[runlim] sample:		1029.90 time, 1030.01 real, 200 MB, 1.00 load
[runlim] sample:		1039.89 time, 1040.01 real, 200 MB, 1.00 load
[runlim] sample:		1049.89 time, 1050.01 real, 208 MB, 1.00 load
[runlim] sample:		1059.89 time, 1060.01 real, 208 MB, 1.00 load
[runlim] sample:		1069.89 time, 1070.01 real, 208 MB, 1.08 load
[runlim] sample:		1079.88 time, 1080.01 real, 208 MB, 1.07 load
[runlim] sample:		1089.88 time, 1090.01 real, 208 MB, 1.06 load
[runlim] sample:		1099.88 time, 1100.01 real, 240 MB, 1.05 load
[runlim] sample:		1109.88 time, 1110.01 real, 240 MB, 1.04 load
[runlim] sample:		1119.88 time, 1120.01 real, 208 MB, 1.03 load
[runlim] sample:		1129.87 time, 1130.01 real, 152 MB, 1.03 load
[runlim] sample:		1139.87 time, 1140.01 real, 152 MB, 1.02 load
[runlim] sample:		1149.87 time, 1150.01 real, 157 MB, 1.02 load
[runlim] sample:		1159.87 time, 1160.01 real, 157 MB, 1.02 load
[runlim] sample:		1169.87 time, 1170.01 real, 157 MB, 1.01 load
[runlim] sample:		1179.86 time, 1180.01 real, 158 MB, 1.01 load
[runlim] sample:		1189.86 time, 1190.01 real, 158 MB, 1.01 load
[runlim] sample:		1199.87 time, 1200.01 real, 158 MB, 1.01 load
[runlim] sample:		1209.87 time, 1210.01 real, 158 MB, 1.00 load
[runlim] sample:		1219.86 time, 1220.01 real, 160 MB, 1.00 load
[runlim] sample:		1229.87 time, 1230.01 real, 160 MB, 1.00 load
[runlim] sample:		1239.87 time, 1240.01 real, 160 MB, 1.00 load
[runlim] sample:		1249.86 time, 1250.01 real, 161 MB, 1.00 load
[runlim] sample:		1259.86 time, 1260.01 real, 161 MB, 1.00 load
[runlim] sample:		1269.87 time, 1270.01 real, 161 MB, 1.00 load
[runlim] sample:		1279.87 time, 1280.01 real, 161 MB, 1.00 load
[runlim] sample:		1289.86 time, 1290.01 real, 164 MB, 1.00 load
[runlim] sample:		1299.86 time, 1300.01 real, 164 MB, 1.00 load
[runlim] sample:		1309.86 time, 1310.01 real, 164 MB, 1.00 load
[runlim] sample:		1319.86 time, 1320.01 real, 164 MB, 1.00 load
[runlim] sample:		1329.85 time, 1330.01 real, 165 MB, 1.00 load
[runlim] sample:		1339.85 time, 1340.01 real, 180 MB, 1.00 load
[runlim] sample:		1349.86 time, 1350.01 real, 180 MB, 1.00 load
[runlim] sample:		1359.86 time, 1360.01 real, 180 MB, 1.00 load
[runlim] sample:		1369.86 time, 1370.01 real, 180 MB, 1.00 load
[runlim] sample:		1379.85 time, 1380.01 real, 180 MB, 1.00 load
[runlim] sample:		1389.85 time, 1390.01 real, 181 MB, 1.00 load
[runlim] sample:		1399.85 time, 1400.01 real, 181 MB, 1.00 load
[runlim] sample:		1409.85 time, 1410.01 real, 181 MB, 1.00 load
[runlim] sample:		1419.85 time, 1420.01 real, 181 MB, 1.00 load
[runlim] sample:		1429.85 time, 1430.01 real, 185 MB, 1.00 load
[runlim] sample:		1439.85 time, 1440.01 real, 185 MB, 1.00 load
[runlim] sample:		1449.85 time, 1450.01 real, 185 MB, 1.00 load
[runlim] sample:		1459.85 time, 1460.01 real, 185 MB, 1.00 load
[runlim] sample:		1469.85 time, 1470.01 real, 185 MB, 1.00 load
[runlim] sample:		1479.85 time, 1480.01 real, 221 MB, 1.00 load
[runlim] sample:		1489.85 time, 1490.01 real, 185 MB, 1.00 load
[runlim] sample:		1499.85 time, 1500.01 real, 185 MB, 1.00 load
[runlim] sample:		1509.85 time, 1510.01 real, 185 MB, 1.00 load
[runlim] sample:		1519.84 time, 1520.01 real, 185 MB, 1.00 load
[runlim] sample:		1529.84 time, 1530.01 real, 186 MB, 1.00 load
[runlim] sample:		1539.84 time, 1540.01 real, 186 MB, 1.00 load
[runlim] sample:		1549.84 time, 1550.01 real, 186 MB, 1.00 load
[runlim] sample:		1559.84 time, 1560.01 real, 186 MB, 1.00 load
[runlim] sample:		1569.84 time, 1570.01 real, 186 MB, 1.00 load
[runlim] sample:		1579.84 time, 1580.01 real, 186 MB, 1.00 load
[runlim] sample:		1589.84 time, 1590.01 real, 186 MB, 1.00 load
[runlim] sample:		1599.84 time, 1600.01 real, 186 MB, 1.00 load
[runlim] sample:		1609.84 time, 1610.01 real, 186 MB, 1.00 load
[runlim] sample:		1619.84 time, 1620.01 real, 186 MB, 1.00 load
[runlim] sample:		1629.83 time, 1630.01 real, 187 MB, 1.00 load
[runlim] sample:		1639.83 time, 1640.01 real, 187 MB, 1.00 load
[runlim] sample:		1649.84 time, 1650.01 real, 187 MB, 1.00 load
[runlim] sample:		1659.84 time, 1660.01 real, 187 MB, 1.00 load
[runlim] sample:		1669.83 time, 1670.01 real, 187 MB, 1.08 load
[runlim] sample:		1679.83 time, 1680.01 real, 187 MB, 1.07 load
[runlim] sample:		1689.83 time, 1690.01 real, 187 MB, 1.06 load
[runlim] sample:		1699.82 time, 1700.01 real, 187 MB, 1.05 load
[runlim] sample:		1709.82 time, 1710.01 real, 187 MB, 1.04 load
[runlim] sample:		1719.82 time, 1720.01 real, 187 MB, 1.03 load
[runlim] sample:		1729.82 time, 1730.01 real, 187 MB, 1.03 load
[runlim] sample:		1739.82 time, 1740.01 real, 188 MB, 1.10 load
[runlim] sample:		1749.82 time, 1750.01 real, 188 MB, 1.08 load
[runlim] sample:		1759.82 time, 1760.01 real, 188 MB, 1.07 load
[runlim] sample:		1769.82 time, 1770.01 real, 188 MB, 1.06 load
[runlim] sample:		1779.82 time, 1780.01 real, 189 MB, 1.05 load
[runlim] sample:		1789.82 time, 1790.01 real, 191 MB, 1.04 load
[runlim] sample:		1799.81 time, 1800.01 real, 189 MB, 1.03 load
[runlim] sample:		1809.82 time, 1810.01 real, 190 MB, 1.03 load
[runlim] sample:		1819.81 time, 1820.01 real, 191 MB, 1.02 load
[runlim] sample:		1829.81 time, 1830.01 real, 190 MB, 1.02 load
[runlim] sample:		1839.82 time, 1840.01 real, 190 MB, 1.02 load
[runlim] sample:		1849.82 time, 1850.01 real, 190 MB, 1.01 load
[runlim] sample:		1859.81 time, 1860.01 real, 191 MB, 1.01 load
[runlim] sample:		1869.81 time, 1870.01 real, 191 MB, 1.01 load
[runlim] sample:		1879.81 time, 1880.01 real, 191 MB, 1.01 load
[runlim] sample:		1889.81 time, 1890.01 real, 198 MB, 1.00 load
[runlim] sample:		1899.81 time, 1900.01 real, 200 MB, 1.00 load
[runlim] sample:		1909.81 time, 1910.01 real, 194 MB, 1.00 load
[runlim] sample:		1919.81 time, 1920.01 real, 198 MB, 1.00 load
[runlim] sample:		1929.80 time, 1930.01 real, 198 MB, 1.00 load
[runlim] sample:		1939.81 time, 1940.01 real, 200 MB, 1.00 load
[runlim] sample:		1949.81 time, 1950.01 real, 199 MB, 1.00 load
[runlim] sample:		1959.80 time, 1960.01 real, 202 MB, 1.00 load
[runlim] sample:		1969.80 time, 1970.01 real, 195 MB, 1.00 load
[runlim] sample:		1979.80 time, 1980.01 real, 195 MB, 1.00 load
[runlim] sample:		1989.80 time, 1990.01 real, 193 MB, 1.00 load
[runlim] sample:		1999.80 time, 2000.01 real, 201 MB, 1.00 load
[runlim] sample:		2009.80 time, 2010.01 real, 206 MB, 1.00 load
[runlim] sample:		2019.80 time, 2020.01 real, 206 MB, 1.00 load
[runlim] sample:		2029.79 time, 2030.01 real, 208 MB, 1.00 load
[runlim] sample:		2039.80 time, 2040.01 real, 196 MB, 1.00 load
[runlim] sample:		2049.80 time, 2050.01 real, 197 MB, 1.00 load
[runlim] sample:		2059.79 time, 2060.01 real, 196 MB, 1.00 load
[runlim] sample:		2069.79 time, 2070.01 real, 196 MB, 1.00 load
[runlim] sample:		2079.79 time, 2080.01 real, 197 MB, 1.00 load
[runlim] sample:		2089.80 time, 2090.01 real, 200 MB, 1.00 load
[runlim] sample:		2099.79 time, 2100.01 real, 200 MB, 1.00 load
[runlim] sample:		2109.79 time, 2110.01 real, 197 MB, 1.00 load
[runlim] sample:		2119.79 time, 2120.01 real, 201 MB, 1.00 load
[runlim] sample:		2129.79 time, 2130.01 real, 198 MB, 1.00 load
[runlim] sample:		2139.79 time, 2140.01 real, 199 MB, 1.00 load
[runlim] sample:		2149.79 time, 2150.01 real, 197 MB, 1.00 load
[runlim] sample:		2159.79 time, 2160.01 real, 201 MB, 1.00 load
[runlim] sample:		2169.78 time, 2170.01 real, 201 MB, 1.00 load
[runlim] sample:		2179.79 time, 2180.01 real, 202 MB, 1.00 load
[runlim] sample:		2189.79 time, 2190.01 real, 199 MB, 1.00 load
[runlim] sample:		2199.78 time, 2200.01 real, 198 MB, 1.00 load
[runlim] sample:		2209.78 time, 2210.01 real, 200 MB, 1.00 load
[runlim] sample:		2219.78 time, 2220.01 real, 202 MB, 1.00 load
[runlim] sample:		2229.78 time, 2230.01 real, 204 MB, 1.00 load
[runlim] sample:		2239.78 time, 2240.01 real, 204 MB, 1.00 load
[runlim] sample:		2249.79 time, 2250.01 real, 202 MB, 1.00 load
[runlim] sample:		2259.78 time, 2260.01 real, 200 MB, 1.00 load
[runlim] sample:		2269.77 time, 2270.01 real, 205 MB, 1.00 load
[runlim] sample:		2279.77 time, 2280.01 real, 200 MB, 1.00 load
[runlim] sample:		2289.77 time, 2290.01 real, 205 MB, 1.00 load
[runlim] sample:		2299.77 time, 2300.01 real, 203 MB, 1.00 load
[runlim] sample:		2309.77 time, 2310.01 real, 203 MB, 1.00 load
[runlim] sample:		2319.77 time, 2320.01 real, 202 MB, 1.00 load
[runlim] sample:		2329.77 time, 2330.01 real, 203 MB, 1.00 load
[runlim] sample:		2339.77 time, 2340.01 real, 203 MB, 1.00 load
[runlim] sample:		2349.76 time, 2350.01 real, 205 MB, 1.00 load
[runlim] sample:		2359.76 time, 2360.01 real, 202 MB, 1.00 load
[runlim] sample:		2369.76 time, 2370.01 real, 200 MB, 1.00 load
[runlim] sample:		2379.76 time, 2380.01 real, 202 MB, 1.00 load
[runlim] sample:		2389.76 time, 2390.01 real, 203 MB, 1.00 load
[runlim] sample:		2399.76 time, 2400.01 real, 202 MB, 1.00 load
[runlim] sample:		2409.76 time, 2410.01 real, 200 MB, 1.00 load
[runlim] sample:		2419.76 time, 2420.01 real, 200 MB, 1.00 load
[runlim] sample:		2429.76 time, 2430.01 real, 200 MB, 1.00 load
[runlim] sample:		2439.76 time, 2440.01 real, 200 MB, 1.00 load
[runlim] sample:		2449.76 time, 2450.01 real, 206 MB, 1.00 load
[runlim] sample:		2459.76 time, 2460.01 real, 203 MB, 1.00 load
[runlim] sample:		2469.75 time, 2470.01 real, 202 MB, 1.00 load
[runlim] sample:		2479.75 time, 2480.01 real, 202 MB, 1.00 load
[runlim] sample:		2489.76 time, 2490.01 real, 201 MB, 1.72 load
[runlim] sample:		2499.76 time, 2500.01 real, 202 MB, 1.61 load
[runlim] sample:		2509.76 time, 2510.01 real, 203 MB, 1.52 load
[runlim] sample:		2519.76 time, 2520.01 real, 203 MB, 1.44 load
[runlim] sample:		2529.75 time, 2530.01 real, 203 MB, 1.37 load
[runlim] sample:		2539.75 time, 2540.01 real, 203 MB, 1.31 load
[runlim] sample:		2549.76 time, 2550.01 real, 203 MB, 1.26 load
[runlim] sample:		2559.76 time, 2560.01 real, 203 MB, 1.22 load
[runlim] sample:		2569.76 time, 2570.01 real, 203 MB, 1.19 load
[runlim] sample:		2579.75 time, 2580.01 real, 203 MB, 1.16 load
[runlim] sample:		2589.75 time, 2590.01 real, 203 MB, 1.13 load
[runlim] sample:		2599.75 time, 2600.01 real, 195 MB, 1.11 load
[runlim] sample:		2609.75 time, 2610.01 real, 195 MB, 1.10 load
[runlim] sample:		2619.75 time, 2620.01 real, 195 MB, 1.08 load
[runlim] sample:		2629.75 time, 2630.01 real, 197 MB, 1.07 load
[runlim] sample:		2639.74 time, 2640.01 real, 197 MB, 1.06 load
[runlim] sample:		2649.74 time, 2650.01 real, 197 MB, 1.05 load
[runlim] sample:		2659.74 time, 2660.01 real, 203 MB, 1.04 load
[runlim] sample:		2669.75 time, 2670.01 real, 203 MB, 1.03 load
[runlim] sample:		2679.74 time, 2680.01 real, 203 MB, 1.03 load
[runlim] sample:		2689.74 time, 2690.01 real, 203 MB, 1.02 load
[runlim] sample:		2699.75 time, 2700.01 real, 205 MB, 1.02 load
[runlim] sample:		2709.75 time, 2710.01 real, 205 MB, 1.02 load
[runlim] sample:		2719.74 time, 2720.01 real, 205 MB, 1.01 load
[runlim] sample:		2729.74 time, 2730.01 real, 205 MB, 1.01 load
[runlim] sample:		2739.74 time, 2740.01 real, 205 MB, 1.09 load
[runlim] sample:		2749.74 time, 2750.01 real, 205 MB, 1.07 load
[runlim] sample:		2759.74 time, 2760.01 real, 207 MB, 1.06 load
[runlim] sample:		2769.74 time, 2770.01 real, 207 MB, 1.05 load
[runlim] sample:		2779.73 time, 2780.01 real, 207 MB, 1.04 load
[runlim] sample:		2789.73 time, 2790.01 real, 208 MB, 1.04 load
[runlim] sample:		2799.73 time, 2800.01 real, 208 MB, 1.03 load
[runlim] sample:		2809.73 time, 2810.01 real, 208 MB, 1.03 load
[runlim] sample:		2819.73 time, 2820.01 real, 208 MB, 1.02 load
[runlim] sample:		2829.74 time, 2830.01 real, 210 MB, 1.02 load
[runlim] sample:		2839.74 time, 2840.01 real, 210 MB, 1.01 load
[runlim] sample:		2849.74 time, 2850.01 real, 210 MB, 1.01 load
[runlim] sample:		2859.73 time, 2860.01 real, 212 MB, 1.01 load
[runlim] sample:		2869.70 time, 2870.01 real, 212 MB, 1.01 load
[runlim] sample:		2879.69 time, 2880.01 real, 212 MB, 1.01 load
[runlim] sample:		2889.69 time, 2890.01 real, 212 MB, 1.00 load
[runlim] sample:		2899.69 time, 2900.01 real, 213 MB, 1.00 load
[runlim] sample:		2909.69 time, 2910.01 real, 213 MB, 1.00 load
[runlim] sample:		2919.69 time, 2920.01 real, 213 MB, 1.00 load
[runlim] sample:		2929.69 time, 2930.01 real, 237 MB, 1.00 load
[runlim] sample:		2939.68 time, 2940.01 real, 237 MB, 1.00 load
[runlim] sample:		2949.68 time, 2950.01 real, 237 MB, 1.00 load
[runlim] sample:		2959.68 time, 2960.01 real, 237 MB, 1.00 load
[runlim] sample:		2969.68 time, 2970.01 real, 238 MB, 1.00 load
[runlim] sample:		2979.68 time, 2980.01 real, 238 MB, 1.00 load
[runlim] sample:		2989.68 time, 2990.01 real, 238 MB, 1.00 load
[runlim] sample:		2999.68 time, 3000.01 real, 238 MB, 1.00 load
[runlim] sample:		3009.68 time, 3010.01 real, 238 MB, 1.00 load
[runlim] sample:		3019.68 time, 3020.01 real, 238 MB, 1.00 load
[runlim] sample:		3029.68 time, 3030.01 real, 238 MB, 1.00 load
[runlim] sample:		3039.68 time, 3040.01 real, 238 MB, 1.00 load
[runlim] sample:		3049.68 time, 3050.01 real, 238 MB, 1.00 load
[runlim] sample:		3059.68 time, 3060.01 real, 238 MB, 1.00 load
[runlim] sample:		3069.68 time, 3070.01 real, 238 MB, 1.00 load
[runlim] sample:		3079.68 time, 3080.01 real, 240 MB, 1.00 load
[runlim] sample:		3089.67 time, 3090.01 real, 240 MB, 1.00 load
[runlim] sample:		3099.67 time, 3100.01 real, 240 MB, 1.00 load
[runlim] sample:		3109.67 time, 3110.01 real, 240 MB, 1.00 load
[runlim] sample:		3119.67 time, 3120.01 real, 241 MB, 1.66 load
[runlim] sample:		3129.67 time, 3130.01 real, 241 MB, 1.56 load
[runlim] sample:		3139.67 time, 3140.01 real, 241 MB, 1.47 load
[runlim] sample:		3149.67 time, 3150.01 real, 289 MB, 1.40 load
[runlim] sample:		3159.67 time, 3160.01 real, 241 MB, 1.34 load
[runlim] sample:		3169.67 time, 3170.01 real, 241 MB, 1.29 load
[runlim] sample:		3179.67 time, 3180.01 real, 241 MB, 1.24 load
[runlim] sample:		3189.66 time, 3190.01 real, 241 MB, 1.20 load
[runlim] sample:		3199.66 time, 3200.01 real, 241 MB, 1.17 load
[runlim] sample:		3209.66 time, 3210.01 real, 241 MB, 1.15 load
[runlim] sample:		3219.66 time, 3220.01 real, 241 MB, 1.12 load
[runlim] sample:		3229.67 time, 3230.01 real, 243 MB, 1.10 load
[runlim] sample:		3239.67 time, 3240.01 real, 243 MB, 1.09 load
[runlim] sample:		3249.67 time, 3250.01 real, 243 MB, 1.07 load
[runlim] sample:		3259.67 time, 3260.01 real, 243 MB, 1.06 load
[runlim] sample:		3269.66 time, 3270.01 real, 244 MB, 1.05 load
[runlim] sample:		3279.66 time, 3280.01 real, 244 MB, 1.04 load
[runlim] sample:		3289.66 time, 3290.01 real, 244 MB, 1.04 load
[runlim] sample:		3299.65 time, 3300.01 real, 244 MB, 1.03 load
[runlim] sample:		3309.66 time, 3310.01 real, 244 MB, 1.02 load
[runlim] sample:		3319.66 time, 3320.01 real, 244 MB, 1.02 load
[runlim] sample:		3329.66 time, 3330.01 real, 244 MB, 1.02 load
[runlim] sample:		3339.65 time, 3340.01 real, 244 MB, 1.01 load
[runlim] sample:		3349.66 time, 3350.01 real, 244 MB, 1.01 load
[runlim] sample:		3359.66 time, 3360.01 real, 244 MB, 1.01 load
[runlim] sample:		3369.65 time, 3370.01 real, 244 MB, 1.08 load
[runlim] sample:		3379.65 time, 3380.01 real, 244 MB, 1.07 load
[runlim] sample:		3389.65 time, 3390.01 real, 244 MB, 1.06 load
[runlim] sample:		3399.65 time, 3400.01 real, 244 MB, 1.05 load
[runlim] sample:		3409.65 time, 3410.01 real, 244 MB, 1.04 load
[runlim] sample:		3419.65 time, 3420.01 real, 245 MB, 1.03 load
[runlim] sample:		3429.65 time, 3430.01 real, 245 MB, 1.03 load
[runlim] sample:		3439.65 time, 3440.01 real, 245 MB, 1.02 load
[runlim] sample:		3449.64 time, 3450.01 real, 245 MB, 1.02 load
[runlim] sample:		3459.64 time, 3460.01 real, 244 MB, 1.02 load
[runlim] sample:		3469.64 time, 3470.01 real, 244 MB, 1.01 load
[runlim] sample:		3479.63 time, 3480.01 real, 244 MB, 1.01 load
[runlim] sample:		3489.63 time, 3490.01 real, 244 MB, 1.01 load
[runlim] sample:		3499.64 time, 3500.01 real, 245 MB, 1.01 load
[runlim] sample:		3509.63 time, 3510.01 real, 245 MB, 1.00 load
[runlim] sample:		3519.63 time, 3520.01 real, 245 MB, 1.00 load
[runlim] sample:		3529.63 time, 3530.01 real, 245 MB, 1.00 load
[runlim] sample:		3539.64 time, 3540.01 real, 245 MB, 1.00 load
[runlim] sample:		3549.64 time, 3550.01 real, 245 MB, 1.00 load
[runlim] sample:		3559.63 time, 3560.01 real, 245 MB, 1.00 load
[runlim] sample:		3569.63 time, 3570.01 real, 245 MB, 1.00 load
[runlim] sample:		3579.63 time, 3580.01 real, 245 MB, 1.00 load
[runlim] sample:		3589.63 time, 3590.01 real, 245 MB, 1.00 load
[runlim] sample:		3599.63 time, 3600.01 real, 245 MB, 1.00 load
[runlim] end:			Fri Aug 14 06:30:09 2026
[runlim] status:		out of time
[runlim] result:		2
[runlim] children:		1
[runlim] processes:		2
[runlim] real:			3601.04 seconds
[runlim] time:			3599.63 seconds
[runlim] space:			296 MB
[runlim] load:			1.72 maximum
[runlim] samples:		36000
