[runlim] version:		2.0.0rc12
[runlim] host:			fjssp-instance
[runlim] time limit:		311040000 seconds
[runlim] real time limit:	3600 seconds
[runlim] space limit:		14000 MB
[runlim] argv[0]:		python3
[runlim] argv[1]:		-u
[runlim] argv[2]:		main.py
[runlim] argv[3]:		--input
[runlim] argv[4]:		datasets/brandimarte/MK07
[runlim] argv[5]:		--factories
[runlim] argv[6]:		2
[runlim] argv[7]:		--half_transitive
[runlim] start:			Fri Aug 14 06:30:12 2026
[runlim] child:			245067
[*] Loading data from file: datasets/brandimarte/MK07
[*] Running D-FJSSP SAT Solver with 2 factories, Symmetry Breaking = OFF, Transitive E* = HALF
===========================================================================
 D-FJSSP SAT SOLVER - PARALLEL FACTORIES SCHEDULING
===========================================================================
  -> Operations: 100 | Jobs: 20 | Machines: 5 | Factories: 2

[*] Running Greedy Heuristic...
  -> Greedy Solution: Makespan = 109 (0.0003s)

[*] Initializing and solving the SAT model...
------------------------------------------------------------------
[*] Trying with Upper Bound = 109...
  SAT ! Makespan = 109
  Schedule is valid with Makespan = 109
  Total time: 0.7886 seconds
------------------------------------------------------------------
[*] Trying with Upper Bound = 108...
  SAT ! Makespan = 108
  Schedule is valid with Makespan = 108
  Total time: 0.7963 seconds
------------------------------------------------------------------
[*] Trying with Upper Bound = 107...
  SAT ! Makespan = 107
  Schedule is valid with Makespan = 107
  Total time: 0.8040 seconds
------------------------------------------------------------------
[*] Trying with Upper Bound = 106...
  SAT ! Makespan = 106
  Schedule is valid with Makespan = 106
  Total time: 0.8099 seconds
------------------------------------------------------------------
[*] Trying with Upper Bound = 105...
  SAT ! Makespan = 105
  Schedule is valid with Makespan = 105
  Total time: 0.8156 seconds
------------------------------------------------------------------
[*] Trying with Upper Bound = 104...
  SAT ! Makespan = 104
  Schedule is valid with Makespan = 104
  Total time: 0.8208 seconds
------------------------------------------------------------------
[*] Trying with Upper Bound = 103...
  SAT ! Makespan = 103
  Schedule is valid with Makespan = 103
  Total time: 0.8345 seconds
------------------------------------------------------------------
[*] Trying with Upper Bound = 102...
  SAT ! Makespan = 102
  Schedule is valid with Makespan = 102
  Total time: 0.8567 seconds
------------------------------------------------------------------
[*] Trying with Upper Bound = 101...
  SAT ! Makespan = 101
  Schedule is valid with Makespan = 101
  Total time: 0.8644 seconds
------------------------------------------------------------------
[*] Trying with Upper Bound = 100...
  SAT ! Makespan = 100
  Schedule is valid with Makespan = 100
  Total time: 0.8757 seconds
------------------------------------------------------------------
[*] Trying with Upper Bound = 99...
  SAT ! Makespan = 99
  Schedule is valid with Makespan = 99
  Total time: 1.1165 seconds
------------------------------------------------------------------
[*] Trying with Upper Bound = 98...
  SAT ! Makespan = 98
  Schedule is valid with Makespan = 98
  Total time: 1.2052 seconds
------------------------------------------------------------------
[*] Trying with Upper Bound = 97...
  SAT ! Makespan = 97
  Schedule is valid with Makespan = 97
  Total time: 1.2140 seconds
------------------------------------------------------------------
[*] Trying with Upper Bound = 96...
  SAT ! Makespan = 96
  Schedule is valid with Makespan = 96
  Total time: 1.2224 seconds
------------------------------------------------------------------
[*] Trying with Upper Bound = 95...
  SAT ! Makespan = 95
  Schedule is valid with Makespan = 95
  Total time: 1.2304 seconds
------------------------------------------------------------------
[*] Trying with Upper Bound = 94...
  SAT ! Makespan = 94
  Schedule is valid with Makespan = 94
  Total time: 1.5994 seconds
------------------------------------------------------------------
[*] Trying with Upper Bound = 93...
  SAT ! Makespan = 93
  Schedule is valid with Makespan = 93
  Total time: 1.7044 seconds
------------------------------------------------------------------
[*] Trying with Upper Bound = 92...
  SAT ! Makespan = 92
  Schedule is valid with Makespan = 92
  Total time: 1.8403 seconds
------------------------------------------------------------------
[*] Trying with Upper Bound = 91...
  SAT ! Makespan = 91
  Schedule is valid with Makespan = 91
  Total time: 2.8498 seconds
------------------------------------------------------------------
[*] Trying with Upper Bound = 90...
  SAT ! Makespan = 90
  Schedule is valid with Makespan = 90
  Total time: 3.1165 seconds
------------------------------------------------------------------
[*] Trying with Upper Bound = 89...
  SAT ! Makespan = 89
  Schedule is valid with Makespan = 89
  Total time: 3.1909 seconds
------------------------------------------------------------------
[*] Trying with Upper Bound = 88...
  SAT ! Makespan = 88
  Schedule is valid with Makespan = 88
  Total time: 3.3243 seconds
------------------------------------------------------------------
[*] Trying with Upper Bound = 87...
  SAT ! Makespan = 87
  Schedule is valid with Makespan = 87
  Total time: 3.5831 seconds
------------------------------------------------------------------
[*] Trying with Upper Bound = 86...
  SAT ! Makespan = 86
  Schedule is valid with Makespan = 86
  Total time: 3.7511 seconds
------------------------------------------------------------------
[*] Trying with Upper Bound = 85...
  SAT ! Makespan = 85
  Schedule is valid with Makespan = 85
  Total time: 3.8598 seconds
------------------------------------------------------------------
[*] Trying with Upper Bound = 84...
  SAT ! Makespan = 84
  Schedule is valid with Makespan = 84
  Total time: 4.2600 seconds
------------------------------------------------------------------
[*] Trying with Upper Bound = 83...
  SAT ! Makespan = 83
  Schedule is valid with Makespan = 83
  Total time: 4.5881 seconds
------------------------------------------------------------------
[*] Trying with Upper Bound = 82...
  SAT ! Makespan = 82
  Schedule is valid with Makespan = 82
  Total time: 5.3851 seconds
------------------------------------------------------------------
[*] Trying with Upper Bound = 81...
  SAT ! Makespan = 81
  Schedule is valid with Makespan = 81
  Total time: 5.4994 seconds
------------------------------------------------------------------
[*] Trying with Upper Bound = 80...
  SAT ! Makespan = 80
  Schedule is valid with Makespan = 80
  Total time: 5.5880 seconds
------------------------------------------------------------------
[*] Trying with Upper Bound = 79...
  SAT ! Makespan = 79
  Schedule is valid with Makespan = 79
  Total time: 6.2422 seconds
------------------------------------------------------------------
[*] Trying with Upper Bound = 78...
  SAT ! Makespan = 78
  Schedule is valid with Makespan = 78
  Total time: 6.7417 seconds
------------------------------------------------------------------
[*] Trying with Upper Bound = 77...
  SAT ! Makespan = 77
  Schedule is valid with Makespan = 77
  Total time: 7.6462 seconds
------------------------------------------------------------------
[*] Trying with Upper Bound = 76...
[runlim] sample:		9.99 time, 10.01 real, 163 MB, 1.08 load
  SAT ! Makespan = 76
  Schedule is valid with Makespan = 76
  Total time: 15.8764 seconds
------------------------------------------------------------------
[*] Trying with Upper Bound = 75...
[runlim] sample:		19.99 time, 20.01 real, 164 MB, 1.07 load
  SAT ! Makespan = 75
  Schedule is valid with Makespan = 75
  Total time: 24.7765 seconds
------------------------------------------------------------------
[*] Trying with Upper Bound = 74...
  SAT ! Makespan = 74
  Schedule is valid with Makespan = 74
  Total time: 28.6353 seconds
------------------------------------------------------------------
[*] Trying with Upper Bound = 73...
[runlim] sample:		29.99 time, 30.01 real, 164 MB, 1.06 load
[runlim] sample:		39.99 time, 40.01 real, 164 MB, 1.05 load
[runlim] sample:		49.99 time, 50.01 real, 164 MB, 1.04 load
[runlim] sample:		59.99 time, 60.01 real, 164 MB, 1.03 load
[runlim] sample:		69.99 time, 70.01 real, 164 MB, 1.03 load
[runlim] sample:		79.99 time, 80.01 real, 164 MB, 1.02 load
  SAT ! Makespan = 73
  Schedule is valid with Makespan = 73
  Total time: 86.2009 seconds
------------------------------------------------------------------
[*] Trying with Upper Bound = 72...
[runlim] sample:		89.99 time, 90.01 real, 164 MB, 1.02 load
[runlim] sample:		99.98 time, 100.01 real, 164 MB, 1.09 load
[runlim] sample:		109.98 time, 110.01 real, 164 MB, 1.08 load
[runlim] sample:		119.98 time, 120.01 real, 164 MB, 1.06 load
[runlim] sample:		129.97 time, 130.01 real, 164 MB, 1.05 load
[runlim] sample:		139.97 time, 140.01 real, 164 MB, 1.71 load
[runlim] sample:		149.97 time, 150.01 real, 164 MB, 1.60 load
[runlim] sample:		159.97 time, 160.01 real, 164 MB, 1.51 load
[runlim] sample:		169.97 time, 170.01 real, 164 MB, 1.43 load
[runlim] sample:		179.97 time, 180.01 real, 164 MB, 1.36 load
[runlim] sample:		189.96 time, 190.01 real, 164 MB, 1.30 load
[runlim] sample:		199.96 time, 200.01 real, 164 MB, 1.26 load
[runlim] sample:		209.96 time, 210.01 real, 164 MB, 1.22 load
[runlim] sample:		219.96 time, 220.01 real, 164 MB, 1.18 load
[runlim] sample:		229.96 time, 230.01 real, 164 MB, 1.16 load
[runlim] sample:		239.96 time, 240.01 real, 164 MB, 1.13 load
[runlim] sample:		249.96 time, 250.01 real, 164 MB, 1.11 load
[runlim] sample:		259.97 time, 260.01 real, 189 MB, 1.17 load
[runlim] sample:		269.96 time, 270.01 real, 189 MB, 1.15 load
[runlim] sample:		279.96 time, 280.01 real, 191 MB, 1.12 load
[runlim] sample:		289.96 time, 290.01 real, 193 MB, 1.10 load
[runlim] sample:		299.96 time, 300.01 real, 221 MB, 1.09 load
[runlim] sample:		309.96 time, 310.01 real, 221 MB, 1.07 load
[runlim] sample:		319.96 time, 320.01 real, 221 MB, 1.06 load
[runlim] sample:		329.96 time, 330.01 real, 221 MB, 1.05 load
[runlim] sample:		339.95 time, 340.01 real, 164 MB, 1.04 load
[runlim] sample:		349.96 time, 350.01 real, 224 MB, 1.04 load
[runlim] sample:		359.95 time, 360.01 real, 193 MB, 1.03 load
[runlim] sample:		369.96 time, 370.01 real, 197 MB, 1.02 load
[runlim] sample:		379.96 time, 380.01 real, 197 MB, 1.02 load
[runlim] sample:		389.96 time, 390.01 real, 227 MB, 1.09 load
[runlim] sample:		399.95 time, 400.01 real, 227 MB, 1.08 load
[runlim] sample:		409.95 time, 410.01 real, 227 MB, 1.06 load
[runlim] sample:		419.95 time, 420.01 real, 227 MB, 1.05 load
[runlim] sample:		429.95 time, 430.01 real, 169 MB, 1.05 load
[runlim] sample:		439.96 time, 440.01 real, 198 MB, 1.04 load
[runlim] sample:		449.95 time, 450.01 real, 198 MB, 1.03 load
[runlim] sample:		459.95 time, 460.01 real, 198 MB, 1.03 load
[runlim] sample:		469.94 time, 470.01 real, 198 MB, 1.02 load
[runlim] sample:		479.94 time, 480.01 real, 198 MB, 1.02 load
[runlim] sample:		489.95 time, 490.01 real, 221 MB, 1.02 load
[runlim] sample:		499.95 time, 500.01 real, 221 MB, 1.01 load
[runlim] sample:		509.95 time, 510.01 real, 221 MB, 1.09 load
[runlim] sample:		519.95 time, 520.01 real, 224 MB, 1.08 load
[runlim] sample:		529.95 time, 530.01 real, 224 MB, 1.06 load
[runlim] sample:		539.95 time, 540.01 real, 224 MB, 1.05 load
[runlim] sample:		549.95 time, 550.01 real, 226 MB, 1.04 load
[runlim] sample:		559.94 time, 560.01 real, 226 MB, 1.04 load
[runlim] sample:		569.94 time, 570.01 real, 226 MB, 1.03 load
[runlim] sample:		579.94 time, 580.01 real, 226 MB, 1.03 load
[runlim] sample:		589.94 time, 590.01 real, 228 MB, 1.02 load
[runlim] sample:		599.94 time, 600.01 real, 228 MB, 1.02 load
[runlim] sample:		609.94 time, 610.01 real, 228 MB, 1.01 load
[runlim] sample:		619.94 time, 620.01 real, 169 MB, 1.01 load
[runlim] sample:		629.93 time, 630.01 real, 169 MB, 1.01 load
[runlim] sample:		639.94 time, 640.01 real, 169 MB, 1.08 load
[runlim] sample:		649.94 time, 650.01 real, 169 MB, 1.07 load
[runlim] sample:		659.94 time, 660.01 real, 169 MB, 1.06 load
[runlim] sample:		669.94 time, 670.01 real, 169 MB, 1.05 load
[runlim] sample:		679.94 time, 680.01 real, 170 MB, 1.04 load
[runlim] sample:		689.94 time, 690.01 real, 170 MB, 1.03 load
[runlim] sample:		699.93 time, 700.01 real, 169 MB, 1.03 load
[runlim] sample:		709.93 time, 710.01 real, 169 MB, 1.02 load
[runlim] sample:		719.93 time, 720.01 real, 170 MB, 1.02 load
[runlim] sample:		729.94 time, 730.01 real, 170 MB, 1.02 load
[runlim] sample:		739.93 time, 740.01 real, 171 MB, 1.01 load
[runlim] sample:		749.93 time, 750.01 real, 171 MB, 1.01 load
[runlim] sample:		759.93 time, 760.01 real, 171 MB, 1.73 load
[runlim] sample:		769.94 time, 770.01 real, 170 MB, 1.62 load
[runlim] sample:		779.93 time, 780.01 real, 170 MB, 1.52 load
[runlim] sample:		789.93 time, 790.01 real, 171 MB, 1.44 load
[runlim] sample:		799.93 time, 800.01 real, 171 MB, 1.37 load
[runlim] sample:		809.93 time, 810.01 real, 172 MB, 1.31 load
[runlim] sample:		819.93 time, 820.01 real, 172 MB, 1.27 load
[runlim] sample:		829.92 time, 830.01 real, 171 MB, 1.22 load
[runlim] sample:		839.92 time, 840.01 real, 172 MB, 1.19 load
[runlim] sample:		849.92 time, 850.01 real, 172 MB, 1.16 load
[runlim] sample:		859.92 time, 860.01 real, 172 MB, 1.13 load
[runlim] sample:		869.92 time, 870.01 real, 172 MB, 1.11 load
[runlim] sample:		879.93 time, 880.01 real, 172 MB, 1.10 load
[runlim] sample:		889.93 time, 890.01 real, 172 MB, 1.15 load
[runlim] sample:		899.92 time, 900.01 real, 173 MB, 1.13 load
[runlim] sample:		909.93 time, 910.01 real, 173 MB, 1.11 load
[runlim] sample:		919.92 time, 920.01 real, 173 MB, 1.09 load
[runlim] sample:		929.92 time, 930.01 real, 173 MB, 1.08 load
[runlim] sample:		939.92 time, 940.01 real, 173 MB, 1.07 load
[runlim] sample:		949.92 time, 950.01 real, 173 MB, 1.06 load
[runlim] sample:		959.92 time, 960.01 real, 174 MB, 1.05 load
[runlim] sample:		969.92 time, 970.01 real, 174 MB, 1.04 load
[runlim] sample:		979.92 time, 980.01 real, 173 MB, 1.03 load
[runlim] sample:		989.92 time, 990.01 real, 173 MB, 1.03 load
[runlim] sample:		999.92 time, 1000.01 real, 180 MB, 1.02 load
[runlim] sample:		1009.92 time, 1010.01 real, 181 MB, 1.10 load
[runlim] sample:		1019.92 time, 1020.01 real, 181 MB, 1.08 load
[runlim] sample:		1029.91 time, 1030.01 real, 181 MB, 1.07 load
[runlim] sample:		1039.92 time, 1040.01 real, 181 MB, 1.06 load
[runlim] sample:		1049.92 time, 1050.01 real, 181 MB, 1.05 load
[runlim] sample:		1059.92 time, 1060.01 real, 181 MB, 1.04 load
[runlim] sample:		1069.82 time, 1070.01 real, 181 MB, 1.03 load
[runlim] sample:		1079.81 time, 1080.01 real, 181 MB, 1.03 load
[runlim] sample:		1089.81 time, 1090.01 real, 182 MB, 1.02 load
[runlim] sample:		1099.81 time, 1100.01 real, 182 MB, 1.02 load
[runlim] sample:		1109.81 time, 1110.01 real, 182 MB, 1.02 load
[runlim] sample:		1119.81 time, 1120.01 real, 182 MB, 1.01 load
[runlim] sample:		1129.81 time, 1130.01 real, 182 MB, 1.01 load
[runlim] sample:		1139.81 time, 1140.01 real, 182 MB, 1.08 load
[runlim] sample:		1149.81 time, 1150.01 real, 182 MB, 1.07 load
[runlim] sample:		1159.81 time, 1160.01 real, 182 MB, 1.06 load
[runlim] sample:		1169.81 time, 1170.01 real, 182 MB, 1.05 load
[runlim] sample:		1179.81 time, 1180.01 real, 183 MB, 1.04 load
[runlim] sample:		1189.80 time, 1190.01 real, 186 MB, 1.03 load
[runlim] sample:		1199.80 time, 1200.01 real, 186 MB, 1.03 load
  SAT ! Makespan = 72
  Schedule is valid with Makespan = 72
  Total time: 1204.1446 seconds
------------------------------------------------------------------
[*] Trying with Upper Bound = 71...
[runlim] sample:		1209.81 time, 1210.01 real, 187 MB, 1.02 load
[runlim] sample:		1219.81 time, 1220.01 real, 184 MB, 1.02 load
[runlim] sample:		1229.80 time, 1230.01 real, 194 MB, 1.02 load
[runlim] sample:		1239.80 time, 1240.01 real, 196 MB, 1.01 load
[runlim] sample:		1249.81 time, 1250.01 real, 193 MB, 1.01 load
[runlim] sample:		1259.81 time, 1260.01 real, 193 MB, 1.09 load
[runlim] sample:		1269.80 time, 1270.01 real, 192 MB, 1.08 load
[runlim] sample:		1279.80 time, 1280.01 real, 192 MB, 1.06 load
[runlim] sample:		1289.80 time, 1290.01 real, 199 MB, 1.05 load
[runlim] sample:		1299.80 time, 1300.01 real, 199 MB, 1.04 load
[runlim] sample:		1309.80 time, 1310.01 real, 199 MB, 1.04 load
[runlim] sample:		1319.80 time, 1320.01 real, 196 MB, 1.03 load
[runlim] sample:		1329.80 time, 1330.01 real, 197 MB, 1.03 load
[runlim] sample:		1339.80 time, 1340.01 real, 197 MB, 1.02 load
[runlim] sample:		1349.80 time, 1350.01 real, 196 MB, 1.02 load
[runlim] sample:		1359.80 time, 1360.01 real, 193 MB, 1.01 load
[runlim] sample:		1369.80 time, 1370.01 real, 193 MB, 1.01 load
[runlim] sample:		1379.80 time, 1380.01 real, 194 MB, 1.01 load
[runlim] sample:		1389.80 time, 1390.01 real, 194 MB, 1.67 load
[runlim] sample:		1399.80 time, 1400.01 real, 194 MB, 1.57 load
[runlim] sample:		1409.80 time, 1410.01 real, 194 MB, 1.48 load
[runlim] sample:		1419.79 time, 1420.01 real, 194 MB, 1.41 load
[runlim] sample:		1429.79 time, 1430.01 real, 194 MB, 1.34 load
[runlim] sample:		1439.79 time, 1440.01 real, 195 MB, 1.29 load
[runlim] sample:		1449.79 time, 1450.01 real, 196 MB, 1.24 load
[runlim] sample:		1459.80 time, 1460.01 real, 196 MB, 1.21 load
[runlim] sample:		1469.79 time, 1470.01 real, 196 MB, 1.17 load
[runlim] sample:		1479.79 time, 1480.01 real, 196 MB, 1.15 load
[runlim] sample:		1489.79 time, 1490.01 real, 196 MB, 1.12 load
[runlim] sample:		1499.79 time, 1500.01 real, 197 MB, 1.10 load
[runlim] sample:		1509.79 time, 1510.01 real, 197 MB, 1.17 load
[runlim] sample:		1519.79 time, 1520.01 real, 198 MB, 1.14 load
[runlim] sample:		1529.79 time, 1530.01 real, 198 MB, 1.12 load
[runlim] sample:		1539.79 time, 1540.01 real, 198 MB, 1.10 load
[runlim] sample:		1549.79 time, 1550.01 real, 198 MB, 1.08 load
[runlim] sample:		1559.79 time, 1560.01 real, 198 MB, 1.07 load
[runlim] sample:		1569.78 time, 1570.01 real, 204 MB, 1.06 load
[runlim] sample:		1579.78 time, 1580.01 real, 204 MB, 1.05 load
[runlim] sample:		1589.78 time, 1590.01 real, 206 MB, 1.04 load
[runlim] sample:		1599.79 time, 1600.01 real, 209 MB, 1.04 load
[runlim] sample:		1609.78 time, 1610.01 real, 204 MB, 1.03 load
[runlim] sample:		1619.78 time, 1620.01 real, 205 MB, 1.02 load
[runlim] sample:		1629.78 time, 1630.01 real, 204 MB, 1.02 load
[runlim] sample:		1639.79 time, 1640.01 real, 204 MB, 1.09 load
[runlim] sample:		1649.78 time, 1650.01 real, 204 MB, 1.08 load
[runlim] sample:		1659.78 time, 1660.01 real, 206 MB, 1.06 load
[runlim] sample:		1669.77 time, 1670.01 real, 206 MB, 1.05 load
[runlim] sample:		1679.77 time, 1680.01 real, 207 MB, 1.04 load
[runlim] sample:		1689.77 time, 1690.01 real, 204 MB, 1.04 load
[runlim] sample:		1699.78 time, 1700.01 real, 203 MB, 1.03 load
[runlim] sample:		1709.77 time, 1710.01 real, 202 MB, 1.03 load
[runlim] sample:		1719.78 time, 1720.01 real, 205 MB, 1.02 load
[runlim] sample:		1729.78 time, 1730.01 real, 204 MB, 1.02 load
[runlim] sample:		1739.78 time, 1740.01 real, 204 MB, 1.01 load
[runlim] sample:		1749.77 time, 1750.01 real, 207 MB, 1.01 load
[runlim] sample:		1759.77 time, 1760.01 real, 208 MB, 1.09 load
[runlim] sample:		1769.78 time, 1770.01 real, 205 MB, 1.08 load
[runlim] sample:		1779.77 time, 1780.01 real, 205 MB, 1.06 load
[runlim] sample:		1789.77 time, 1790.01 real, 207 MB, 1.05 load
[runlim] sample:		1799.77 time, 1800.01 real, 205 MB, 1.04 load
[runlim] sample:		1809.77 time, 1810.01 real, 204 MB, 1.04 load
[runlim] sample:		1819.77 time, 1820.01 real, 204 MB, 1.03 load
[runlim] sample:		1829.77 time, 1830.01 real, 200 MB, 1.03 load
[runlim] sample:		1839.77 time, 1840.01 real, 200 MB, 1.02 load
[runlim] sample:		1849.77 time, 1850.01 real, 200 MB, 1.02 load
[runlim] sample:		1859.77 time, 1860.01 real, 201 MB, 1.01 load
[runlim] sample:		1869.77 time, 1870.01 real, 201 MB, 1.01 load
[runlim] sample:		1879.77 time, 1880.01 real, 201 MB, 1.01 load
[runlim] sample:		1889.77 time, 1890.01 real, 201 MB, 1.08 load
[runlim] sample:		1899.77 time, 1900.01 real, 201 MB, 1.07 load
[runlim] sample:		1909.77 time, 1910.01 real, 202 MB, 1.06 load
[runlim] sample:		1919.76 time, 1920.01 real, 202 MB, 1.05 load
[runlim] sample:		1929.77 time, 1930.01 real, 203 MB, 1.04 load
[runlim] sample:		1939.77 time, 1940.01 real, 203 MB, 1.03 load
[runlim] sample:		1949.77 time, 1950.01 real, 203 MB, 1.03 load
[runlim] sample:		1959.77 time, 1960.01 real, 202 MB, 1.02 load
[runlim] sample:		1969.77 time, 1970.01 real, 211 MB, 1.02 load
[runlim] sample:		1979.76 time, 1980.01 real, 211 MB, 1.02 load
[runlim] sample:		1989.76 time, 1990.01 real, 212 MB, 1.01 load
[runlim] sample:		1999.76 time, 2000.01 real, 212 MB, 1.01 load
[runlim] sample:		2009.76 time, 2010.01 real, 212 MB, 1.73 load
[runlim] sample:		2019.76 time, 2020.01 real, 212 MB, 1.62 load
[runlim] sample:		2029.76 time, 2030.01 real, 212 MB, 1.52 load
[runlim] sample:		2039.76 time, 2040.01 real, 212 MB, 1.44 load
[runlim] sample:		2049.76 time, 2050.01 real, 213 MB, 1.37 load
[runlim] sample:		2059.76 time, 2060.01 real, 213 MB, 1.31 load
[runlim] sample:		2069.76 time, 2070.01 real, 213 MB, 1.27 load
[runlim] sample:		2079.76 time, 2080.01 real, 213 MB, 1.22 load
[runlim] sample:		2089.76 time, 2090.01 real, 213 MB, 1.19 load
[runlim] sample:		2099.75 time, 2100.01 real, 213 MB, 1.16 load
[runlim] sample:		2109.75 time, 2110.01 real, 213 MB, 1.13 load
[runlim] sample:		2119.75 time, 2120.01 real, 219 MB, 1.11 load
[runlim] sample:		2129.75 time, 2130.01 real, 219 MB, 1.10 load
[runlim] sample:		2139.75 time, 2140.01 real, 219 MB, 1.15 load
[runlim] sample:		2149.75 time, 2150.01 real, 219 MB, 1.13 load
[runlim] sample:		2159.75 time, 2160.01 real, 220 MB, 1.11 load
[runlim] sample:		2169.75 time, 2170.01 real, 220 MB, 1.09 load
[runlim] sample:		2179.75 time, 2180.01 real, 220 MB, 1.08 load
[runlim] sample:		2189.75 time, 2190.01 real, 220 MB, 1.07 load
[runlim] sample:		2199.75 time, 2200.01 real, 220 MB, 1.06 load
[runlim] sample:		2209.75 time, 2210.01 real, 220 MB, 1.05 load
[runlim] sample:		2219.75 time, 2220.01 real, 220 MB, 1.04 load
[runlim] sample:		2229.75 time, 2230.01 real, 220 MB, 1.11 load
[runlim] sample:		2239.75 time, 2240.01 real, 220 MB, 1.09 load
[runlim] sample:		2249.75 time, 2250.01 real, 221 MB, 1.08 load
[runlim] sample:		2259.53 time, 2260.01 real, 221 MB, 1.30 load
[runlim] sample:		2268.38 time, 2270.01 real, 223 MB, 1.33 load
[runlim] sample:		2278.36 time, 2280.01 real, 223 MB, 1.28 load
[runlim] sample:		2288.36 time, 2290.01 real, 223 MB, 1.24 load
[runlim] sample:		2298.36 time, 2300.01 real, 223 MB, 1.20 load
[runlim] sample:		2308.36 time, 2310.01 real, 223 MB, 1.17 load
[runlim] sample:		2318.36 time, 2320.01 real, 223 MB, 1.14 load
[runlim] sample:		2328.36 time, 2330.01 real, 223 MB, 1.12 load
[runlim] sample:		2338.37 time, 2340.01 real, 223 MB, 1.10 load
[runlim] sample:		2348.37 time, 2350.01 real, 223 MB, 1.08 load
[runlim] sample:		2358.37 time, 2360.01 real, 223 MB, 1.07 load
[runlim] sample:		2368.36 time, 2370.01 real, 224 MB, 1.06 load
[runlim] sample:		2378.36 time, 2380.01 real, 224 MB, 1.05 load
[runlim] sample:		2388.36 time, 2390.01 real, 224 MB, 1.12 load
[runlim] sample:		2398.36 time, 2400.01 real, 224 MB, 1.10 load
[runlim] sample:		2408.36 time, 2410.01 real, 224 MB, 1.08 load
[runlim] sample:		2418.36 time, 2420.01 real, 224 MB, 1.07 load
[runlim] sample:		2428.36 time, 2430.01 real, 224 MB, 1.06 load
[runlim] sample:		2438.36 time, 2440.01 real, 226 MB, 1.05 load
[runlim] sample:		2448.36 time, 2450.01 real, 226 MB, 1.04 load
[runlim] sample:		2458.36 time, 2460.01 real, 226 MB, 1.03 load
[runlim] sample:		2468.36 time, 2470.01 real, 226 MB, 1.03 load
[runlim] sample:		2478.36 time, 2480.01 real, 226 MB, 1.02 load
[runlim] sample:		2488.36 time, 2490.01 real, 230 MB, 1.02 load
[runlim] sample:		2498.36 time, 2500.01 real, 230 MB, 1.02 load
[runlim] sample:		2508.35 time, 2510.01 real, 230 MB, 1.09 load
[runlim] sample:		2518.35 time, 2520.01 real, 230 MB, 1.08 load
[runlim] sample:		2528.35 time, 2530.01 real, 231 MB, 1.07 load
[runlim] sample:		2538.35 time, 2540.01 real, 231 MB, 1.06 load
[runlim] sample:		2548.35 time, 2550.01 real, 231 MB, 1.05 load
[runlim] sample:		2558.35 time, 2560.01 real, 231 MB, 1.04 load
[runlim] sample:		2568.35 time, 2570.01 real, 231 MB, 1.03 load
[runlim] sample:		2578.35 time, 2580.01 real, 231 MB, 1.03 load
[runlim] sample:		2588.35 time, 2590.01 real, 231 MB, 1.02 load
[runlim] sample:		2598.35 time, 2600.01 real, 234 MB, 1.02 load
[runlim] sample:		2608.35 time, 2610.01 real, 234 MB, 1.02 load
[runlim] sample:		2618.34 time, 2620.01 real, 234 MB, 1.01 load
[runlim] sample:		2628.34 time, 2630.01 real, 234 MB, 1.01 load
[runlim] sample:		2638.34 time, 2640.01 real, 234 MB, 1.67 load
[runlim] sample:		2648.34 time, 2650.01 real, 234 MB, 1.57 load
[runlim] sample:		2658.34 time, 2660.01 real, 234 MB, 1.48 load
[runlim] sample:		2668.34 time, 2670.01 real, 233 MB, 1.41 load
[runlim] sample:		2678.34 time, 2680.01 real, 233 MB, 1.34 load
[runlim] sample:		2688.34 time, 2690.01 real, 233 MB, 1.29 load
[runlim] sample:		2698.33 time, 2700.01 real, 234 MB, 1.24 load
[runlim] sample:		2708.33 time, 2710.01 real, 234 MB, 1.21 load
[runlim] sample:		2718.33 time, 2720.01 real, 234 MB, 1.17 load
[runlim] sample:		2728.34 time, 2730.01 real, 234 MB, 1.15 load
[runlim] sample:		2738.34 time, 2740.01 real, 234 MB, 1.12 load
[runlim] sample:		2748.34 time, 2750.01 real, 234 MB, 1.10 load
[runlim] sample:		2758.34 time, 2760.01 real, 234 MB, 1.17 load
[runlim] sample:		2768.34 time, 2770.01 real, 235 MB, 1.14 load
[runlim] sample:		2778.34 time, 2780.01 real, 239 MB, 1.12 load
[runlim] sample:		2788.34 time, 2790.01 real, 239 MB, 1.10 load
[runlim] sample:		2798.33 time, 2800.01 real, 239 MB, 1.08 load
[runlim] sample:		2808.33 time, 2810.01 real, 239 MB, 1.07 load
[runlim] sample:		2818.33 time, 2820.01 real, 239 MB, 1.06 load
[runlim] sample:		2828.33 time, 2830.01 real, 239 MB, 1.05 load
[runlim] sample:		2838.33 time, 2840.01 real, 238 MB, 1.04 load
[runlim] sample:		2848.33 time, 2850.01 real, 238 MB, 1.04 load
[runlim] sample:		2858.32 time, 2860.01 real, 238 MB, 1.03 load
[runlim] sample:		2868.33 time, 2870.01 real, 238 MB, 1.17 load
[runlim] sample:		2878.32 time, 2880.01 real, 238 MB, 1.15 load
[runlim] sample:		2888.32 time, 2890.01 real, 238 MB, 1.20 load
[runlim] sample:		2898.32 time, 2900.01 real, 238 MB, 1.17 load
[runlim] sample:		2908.32 time, 2910.01 real, 239 MB, 1.14 load
[runlim] sample:		2918.32 time, 2920.01 real, 239 MB, 1.12 load
[runlim] sample:		2928.32 time, 2930.01 real, 239 MB, 1.10 load
[runlim] sample:		2938.32 time, 2940.01 real, 241 MB, 1.08 load
[runlim] sample:		2948.31 time, 2950.01 real, 243 MB, 1.07 load
[runlim] sample:		2958.31 time, 2960.01 real, 243 MB, 1.06 load
[runlim] sample:		2968.32 time, 2970.01 real, 239 MB, 1.05 load
[runlim] sample:		2978.32 time, 2980.01 real, 239 MB, 1.04 load
[runlim] sample:		2988.32 time, 2990.01 real, 245 MB, 1.04 load
[runlim] sample:		2998.32 time, 3000.01 real, 247 MB, 1.03 load
[runlim] sample:		3008.32 time, 3010.01 real, 249 MB, 1.10 load
[runlim] sample:		3018.32 time, 3020.01 real, 246 MB, 1.09 load
[runlim] sample:		3028.31 time, 3030.01 real, 247 MB, 1.07 load
[runlim] sample:		3038.31 time, 3040.01 real, 247 MB, 1.06 load
[runlim] sample:		3048.31 time, 3050.01 real, 245 MB, 1.05 load
[runlim] sample:		3058.31 time, 3060.01 real, 246 MB, 1.04 load
[runlim] sample:		3068.31 time, 3070.01 real, 246 MB, 1.04 load
[runlim] sample:		3078.31 time, 3080.01 real, 245 MB, 1.03 load
[runlim] sample:		3088.31 time, 3090.01 real, 247 MB, 1.03 load
[runlim] sample:		3098.31 time, 3100.01 real, 247 MB, 1.02 load
[runlim] sample:		3108.31 time, 3110.01 real, 243 MB, 1.02 load
[runlim] sample:		3118.31 time, 3120.01 real, 245 MB, 1.01 load
[runlim] sample:		3128.30 time, 3130.01 real, 245 MB, 1.01 load
[runlim] sample:		3138.31 time, 3140.01 real, 246 MB, 1.08 load
[runlim] sample:		3148.30 time, 3150.01 real, 246 MB, 1.07 load
[runlim] sample:		3158.30 time, 3160.01 real, 246 MB, 1.06 load
[runlim] sample:		3168.30 time, 3170.01 real, 250 MB, 1.05 load
[runlim] sample:		3178.31 time, 3180.01 real, 241 MB, 1.04 load
[runlim] sample:		3188.30 time, 3190.01 real, 241 MB, 1.03 load
[runlim] sample:		3198.30 time, 3200.01 real, 243 MB, 1.03 load
[runlim] sample:		3208.30 time, 3210.01 real, 246 MB, 1.02 load
[runlim] sample:		3218.30 time, 3220.01 real, 246 MB, 1.02 load
[runlim] sample:		3228.30 time, 3230.01 real, 247 MB, 1.02 load
[runlim] sample:		3238.30 time, 3240.01 real, 247 MB, 1.01 load
[runlim] sample:		3248.30 time, 3250.01 real, 248 MB, 1.01 load
[runlim] sample:		3258.30 time, 3260.01 real, 248 MB, 1.73 load
[runlim] sample:		3268.30 time, 3270.01 real, 252 MB, 1.62 load
[runlim] sample:		3278.30 time, 3280.01 real, 252 MB, 1.52 load
[runlim] sample:		3288.30 time, 3290.01 real, 248 MB, 1.44 load
[runlim] sample:		3298.29 time, 3300.01 real, 247 MB, 1.37 load
[runlim] sample:		3308.29 time, 3310.01 real, 247 MB, 1.31 load
[runlim] sample:		3318.30 time, 3320.01 real, 244 MB, 1.27 load
[runlim] sample:		3328.30 time, 3330.01 real, 244 MB, 1.22 load
[runlim] sample:		3338.29 time, 3340.01 real, 244 MB, 1.56 load
[runlim] sample:		3348.29 time, 3350.01 real, 244 MB, 1.47 load
[runlim] sample:		3358.29 time, 3360.01 real, 244 MB, 1.69 load
[runlim] sample:		3368.29 time, 3370.01 real, 245 MB, 1.59 load
  SAT ! Makespan = 71
  Schedule is valid with Makespan = 71
  Total time: 3378.0366 seconds
------------------------------------------------------------------
[*] Trying with Upper Bound = 70...
[runlim] sample:		3378.29 time, 3380.01 real, 247 MB, 1.50 load
[runlim] sample:		3388.29 time, 3390.01 real, 247 MB, 1.49 load
[runlim] sample:		3398.29 time, 3400.01 real, 247 MB, 1.42 load
[runlim] sample:		3408.29 time, 3410.01 real, 243 MB, 1.35 load
[runlim] sample:		3418.29 time, 3420.01 real, 244 MB, 1.30 load
[runlim] sample:		3428.29 time, 3430.01 real, 244 MB, 1.25 load
[runlim] sample:		3438.28 time, 3440.01 real, 244 MB, 1.21 load
[runlim] sample:		3448.28 time, 3450.01 real, 241 MB, 1.18 load
[runlim] sample:		3458.28 time, 3460.01 real, 241 MB, 1.15 load
[runlim] sample:		3468.28 time, 3470.01 real, 241 MB, 1.20 load
[runlim] sample:		3478.27 time, 3480.01 real, 241 MB, 1.24 load
[runlim] sample:		3488.28 time, 3490.01 real, 241 MB, 1.21 load
[runlim] sample:		3498.28 time, 3500.01 real, 241 MB, 1.17 load
[runlim] sample:		3508.27 time, 3510.01 real, 250 MB, 1.23 load
[runlim] sample:		3518.27 time, 3520.01 real, 250 MB, 1.19 load
[runlim] sample:		3528.27 time, 3530.01 real, 248 MB, 1.16 load
[runlim] sample:		3538.27 time, 3540.01 real, 246 MB, 1.14 load
[runlim] sample:		3548.27 time, 3550.01 real, 246 MB, 1.11 load
[runlim] sample:		3558.27 time, 3560.01 real, 245 MB, 1.10 load
[runlim] sample:		3568.27 time, 3570.01 real, 245 MB, 1.08 load
[runlim] sample:		3578.27 time, 3580.01 real, 245 MB, 1.07 load
[runlim] sample:		3588.27 time, 3590.01 real, 243 MB, 1.06 load
[runlim] sample:		3598.27 time, 3600.01 real, 243 MB, 1.05 load
[runlim] end:			Fri Aug 14 07:30:13 2026
[runlim] status:		out of time
[runlim] result:		2
[runlim] children:		1
[runlim] processes:		2
[runlim] real:			3601.04 seconds
[runlim] time:			3598.27 seconds
[runlim] space:			310 MB
[runlim] load:			1.77 maximum
[runlim] samples:		36000
