[runlim] version:		2.0.0rc12
[runlim] host:			fjssp-instance
[runlim] time limit:		311040000 seconds
[runlim] real time limit:	3600 seconds
[runlim] space limit:		14988 MB
[runlim] argv[0]:		python3
[runlim] argv[1]:		-u
[runlim] argv[2]:		bound.py
[runlim] argv[3]:		--input
[runlim] argv[4]:		datasets/rdata/la11.txt
[runlim] argv[5]:		--sb
[runlim] argv[6]:		--factories
[runlim] argv[7]:		2
[runlim] argv[8]:		--full_transitive
[runlim] start:			Tue Aug 18 00:46:18 2026
[runlim] child:			2286
[*] Loading data from file: datasets/rdata/la11.txt
[*] Running D-FJSSP SAT Solver with 2 factories, Symmetry Breaking = ON, Transitive E* = FULL
===========================================================================
 D-FJSSP SAT SOLVER - PARALLEL FACTORIES SCHEDULING
===========================================================================
  -> Operations: 100 | Jobs: 20 | Machines: 5 | Factories: 2

[*] Running Greedy Heuristic...
  -> Greedy Solution: Makespan = 591 (0.0605s)
  -> Lowerbound generate: 536
Init upper bound = 549

[*] Initializing and solving the SAT model...
------------------------------------------------------------------
[*] Trying with Upper Bound = 549...
[runlim] sample:		9.95 time, 10.01 real, 255 MB, 0.15 load
[runlim] sample:		19.90 time, 20.01 real, 255 MB, 0.28 load
[runlim] sample:		29.90 time, 30.01 real, 257 MB, 0.39 load
[runlim] sample:		39.90 time, 40.01 real, 259 MB, 0.56 load
[runlim] sample:		49.89 time, 50.01 real, 250 MB, 0.63 load
[runlim] sample:		59.89 time, 60.01 real, 257 MB, 0.69 load
[runlim] sample:		69.89 time, 70.01 real, 251 MB, 0.74 load
[runlim] sample:		79.89 time, 80.01 real, 251 MB, 0.78 load
[runlim] sample:		89.89 time, 90.01 real, 252 MB, 0.81 load
[runlim] sample:		99.89 time, 100.01 real, 254 MB, 0.84 load
  SAT ! Makespan = 549
  Schedule is valid with Makespan = 549
  Total time: 105.1014 seconds
------------------------------------------------------------------
[*] Trying with Upper Bound = 548...
[runlim] sample:		109.89 time, 110.01 real, 253 MB, 0.87 load
[runlim] sample:		119.89 time, 120.01 real, 276 MB, 0.89 load
[runlim] sample:		129.89 time, 130.01 real, 275 MB, 0.90 load
[runlim] sample:		139.89 time, 140.01 real, 279 MB, 0.92 load
  SAT ! Makespan = 548
  Schedule is valid with Makespan = 548
  Total time: 147.0873 seconds
------------------------------------------------------------------
[*] Trying with Upper Bound = 547...
[runlim] sample:		149.89 time, 150.01 real, 279 MB, 0.93 load
[runlim] sample:		159.89 time, 160.01 real, 281 MB, 0.94 load
[runlim] sample:		169.88 time, 170.01 real, 277 MB, 0.95 load
[runlim] sample:		179.88 time, 180.01 real, 282 MB, 0.96 load
[runlim] sample:		189.88 time, 190.01 real, 282 MB, 0.97 load
[runlim] sample:		199.89 time, 200.01 real, 280 MB, 0.97 load
[runlim] sample:		209.88 time, 210.01 real, 278 MB, 0.98 load
[runlim] sample:		219.88 time, 220.01 real, 279 MB, 0.98 load
[runlim] sample:		229.88 time, 230.01 real, 279 MB, 0.98 load
[runlim] sample:		239.88 time, 240.01 real, 280 MB, 0.99 load
[runlim] sample:		249.88 time, 250.01 real, 280 MB, 0.99 load
[runlim] sample:		259.88 time, 260.01 real, 285 MB, 1.07 load
[runlim] sample:		269.87 time, 270.01 real, 286 MB, 1.06 load
[runlim] sample:		279.88 time, 280.01 real, 286 MB, 1.05 load
[runlim] sample:		289.87 time, 290.01 real, 287 MB, 1.04 load
  SAT ! Makespan = 547
  Schedule is valid with Makespan = 547
  Total time: 296.7912 seconds
------------------------------------------------------------------
[*] Trying with Upper Bound = 546...
[runlim] sample:		299.87 time, 300.01 real, 266 MB, 1.04 load
  SAT ! Makespan = 546
  Schedule is valid with Makespan = 546
  Total time: 304.4170 seconds
------------------------------------------------------------------
[*] Trying with Upper Bound = 545...
[runlim] sample:		309.87 time, 310.01 real, 281 MB, 1.03 load
[runlim] sample:		319.88 time, 320.01 real, 270 MB, 1.02 load
[runlim] sample:		329.87 time, 330.01 real, 267 MB, 1.02 load
[runlim] sample:		339.87 time, 340.01 real, 306 MB, 1.02 load
  SAT ! Makespan = 545
  Schedule is valid with Makespan = 545
  Total time: 343.2466 seconds
------------------------------------------------------------------
[*] Trying with Upper Bound = 544...
[runlim] sample:		349.87 time, 350.01 real, 266 MB, 1.01 load
[runlim] sample:		359.86 time, 360.01 real, 263 MB, 1.01 load
[runlim] sample:		369.86 time, 370.01 real, 261 MB, 1.01 load
[runlim] sample:		379.86 time, 380.01 real, 297 MB, 1.01 load
  SAT ! Makespan = 544
  Schedule is valid with Makespan = 544
  Total time: 382.6355 seconds
------------------------------------------------------------------
[*] Trying with Upper Bound = 543...
[runlim] sample:		389.86 time, 390.01 real, 264 MB, 1.01 load
[runlim] sample:		399.85 time, 400.01 real, 272 MB, 1.00 load
[runlim] sample:		409.85 time, 410.01 real, 272 MB, 1.00 load
[runlim] sample:		419.84 time, 420.01 real, 304 MB, 1.00 load
  SAT ! Makespan = 543
  Schedule is valid with Makespan = 543
  Total time: 420.6213 seconds
------------------------------------------------------------------
[*] Trying with Upper Bound = 542...
[runlim] sample:		429.84 time, 430.01 real, 264 MB, 1.00 load
[runlim] sample:		439.84 time, 440.01 real, 265 MB, 1.00 load
[runlim] sample:		449.83 time, 450.01 real, 263 MB, 1.00 load
[runlim] sample:		459.83 time, 460.01 real, 309 MB, 1.00 load
[runlim] sample:		469.83 time, 470.01 real, 308 MB, 1.00 load
[runlim] sample:		479.83 time, 480.01 real, 301 MB, 1.00 load
[runlim] sample:		489.83 time, 490.01 real, 301 MB, 1.00 load
[runlim] sample:		499.83 time, 500.01 real, 280 MB, 1.00 load
[runlim] sample:		509.83 time, 510.01 real, 281 MB, 1.00 load
[runlim] sample:		519.83 time, 520.01 real, 281 MB, 1.00 load
[runlim] sample:		529.83 time, 530.01 real, 284 MB, 1.00 load
[runlim] sample:		539.83 time, 540.01 real, 289 MB, 1.00 load
[runlim] sample:		549.83 time, 550.01 real, 309 MB, 1.00 load
[runlim] sample:		559.83 time, 560.01 real, 309 MB, 1.00 load
[runlim] sample:		569.83 time, 570.01 real, 307 MB, 1.00 load
[runlim] sample:		579.82 time, 580.01 real, 309 MB, 1.00 load
[runlim] sample:		589.83 time, 590.01 real, 315 MB, 1.00 load
[runlim] sample:		599.83 time, 600.01 real, 309 MB, 1.00 load
[runlim] sample:		609.83 time, 610.01 real, 309 MB, 1.00 load
[runlim] sample:		619.83 time, 620.01 real, 309 MB, 1.00 load
[runlim] sample:		629.83 time, 630.01 real, 313 MB, 1.00 load
[runlim] sample:		639.82 time, 640.01 real, 305 MB, 1.00 load
[runlim] sample:		649.82 time, 650.01 real, 305 MB, 1.00 load
[runlim] sample:		659.82 time, 660.01 real, 305 MB, 1.00 load
[runlim] sample:		669.82 time, 670.01 real, 306 MB, 1.00 load
[runlim] sample:		679.82 time, 680.01 real, 306 MB, 1.00 load
[runlim] sample:		689.82 time, 690.01 real, 306 MB, 1.00 load
[runlim] sample:		699.82 time, 700.01 real, 307 MB, 1.00 load
[runlim] sample:		709.82 time, 710.01 real, 307 MB, 1.00 load
[runlim] sample:		719.82 time, 720.01 real, 308 MB, 1.00 load
[runlim] sample:		729.82 time, 730.01 real, 308 MB, 1.00 load
[runlim] sample:		739.82 time, 740.01 real, 308 MB, 1.00 load
[runlim] sample:		749.82 time, 750.01 real, 309 MB, 1.00 load
[runlim] sample:		759.82 time, 760.01 real, 309 MB, 1.00 load
[runlim] sample:		769.82 time, 770.01 real, 309 MB, 1.00 load
[runlim] sample:		779.81 time, 780.01 real, 309 MB, 1.00 load
[runlim] sample:		789.82 time, 790.01 real, 309 MB, 1.07 load
[runlim] sample:		799.81 time, 800.01 real, 310 MB, 1.06 load
[runlim] sample:		809.81 time, 810.01 real, 310 MB, 1.05 load
[runlim] sample:		819.82 time, 820.01 real, 310 MB, 1.04 load
[runlim] sample:		829.81 time, 830.01 real, 310 MB, 1.04 load
[runlim] sample:		839.81 time, 840.01 real, 310 MB, 1.03 load
[runlim] sample:		849.81 time, 850.01 real, 311 MB, 1.02 load
[runlim] sample:		859.80 time, 860.01 real, 311 MB, 1.10 load
[runlim] sample:		869.81 time, 870.01 real, 311 MB, 1.08 load
[runlim] sample:		879.81 time, 880.01 real, 311 MB, 1.07 load
[runlim] sample:		889.81 time, 890.01 real, 316 MB, 1.06 load
[runlim] sample:		899.80 time, 900.01 real, 322 MB, 1.05 load
[runlim] sample:		909.80 time, 910.01 real, 322 MB, 1.04 load
[runlim] sample:		919.80 time, 920.01 real, 284 MB, 1.04 load
[runlim] sample:		929.80 time, 930.01 real, 300 MB, 1.03 load
[runlim] sample:		939.80 time, 940.01 real, 303 MB, 1.02 load
[runlim] sample:		949.80 time, 950.01 real, 310 MB, 1.02 load
[runlim] sample:		959.80 time, 960.01 real, 310 MB, 1.02 load
[runlim] sample:		969.80 time, 970.01 real, 306 MB, 1.01 load
[runlim] sample:		979.80 time, 980.01 real, 306 MB, 1.01 load
[runlim] sample:		989.79 time, 990.01 real, 302 MB, 1.01 load
[runlim] sample:		999.80 time, 1000.01 real, 323 MB, 1.01 load
[runlim] sample:		1009.80 time, 1010.01 real, 324 MB, 1.01 load
[runlim] sample:		1019.80 time, 1020.01 real, 324 MB, 1.00 load
[runlim] sample:		1029.79 time, 1030.01 real, 324 MB, 1.00 load
[runlim] sample:		1039.80 time, 1040.01 real, 324 MB, 1.08 load
[runlim] sample:		1049.80 time, 1050.01 real, 324 MB, 1.06 load
[runlim] sample:		1059.79 time, 1060.01 real, 327 MB, 1.05 load
[runlim] sample:		1069.80 time, 1070.01 real, 327 MB, 1.05 load
[runlim] sample:		1079.79 time, 1080.01 real, 329 MB, 1.04 load
[runlim] sample:		1089.79 time, 1090.01 real, 324 MB, 1.03 load
[runlim] sample:		1099.79 time, 1100.01 real, 324 MB, 1.03 load
[runlim] sample:		1109.79 time, 1110.01 real, 323 MB, 1.02 load
[runlim] sample:		1119.79 time, 1120.01 real, 323 MB, 1.02 load
[runlim] sample:		1129.79 time, 1130.01 real, 324 MB, 1.02 load
[runlim] sample:		1139.79 time, 1140.01 real, 325 MB, 1.01 load
[runlim] sample:		1149.79 time, 1150.01 real, 326 MB, 1.01 load
[runlim] sample:		1159.79 time, 1160.01 real, 326 MB, 1.01 load
[runlim] sample:		1169.79 time, 1170.01 real, 325 MB, 1.01 load
[runlim] sample:		1179.79 time, 1180.01 real, 328 MB, 1.00 load
[runlim] sample:		1189.79 time, 1190.01 real, 328 MB, 1.00 load
[runlim] sample:		1199.79 time, 1200.01 real, 328 MB, 1.00 load
[runlim] sample:		1209.79 time, 1210.01 real, 330 MB, 1.00 load
[runlim] sample:		1219.79 time, 1220.01 real, 296 MB, 1.00 load
[runlim] sample:		1229.79 time, 1230.01 real, 294 MB, 1.00 load
[runlim] sample:		1239.79 time, 1240.01 real, 294 MB, 1.00 load
  SAT ! Makespan = 542
  Schedule is valid with Makespan = 542
  Total time: 1243.0852 seconds
------------------------------------------------------------------
[*] Trying with Upper Bound = 541...
[runlim] sample:		1249.79 time, 1250.01 real, 310 MB, 1.00 load
[runlim] sample:		1259.79 time, 1260.01 real, 292 MB, 1.00 load
[runlim] sample:		1269.79 time, 1270.01 real, 292 MB, 1.00 load
[runlim] sample:		1279.79 time, 1280.01 real, 304 MB, 1.00 load
[runlim] sample:		1289.78 time, 1290.01 real, 335 MB, 1.00 load
[runlim] sample:		1299.79 time, 1300.01 real, 341 MB, 1.00 load
[runlim] sample:		1309.78 time, 1310.01 real, 341 MB, 1.00 load
[runlim] sample:		1319.79 time, 1320.01 real, 331 MB, 1.00 load
[runlim] sample:		1329.79 time, 1330.01 real, 331 MB, 1.00 load
[runlim] sample:		1339.78 time, 1340.01 real, 331 MB, 1.00 load
[runlim] sample:		1349.78 time, 1350.01 real, 331 MB, 1.00 load
[runlim] sample:		1359.78 time, 1360.01 real, 332 MB, 1.00 load
[runlim] sample:		1369.78 time, 1370.01 real, 332 MB, 1.00 load
[runlim] sample:		1379.78 time, 1380.01 real, 344 MB, 1.00 load
[runlim] sample:		1389.78 time, 1390.01 real, 344 MB, 1.00 load
[runlim] sample:		1399.78 time, 1400.01 real, 341 MB, 1.00 load
[runlim] sample:		1409.78 time, 1410.01 real, 341 MB, 1.00 load
[runlim] sample:		1419.77 time, 1420.01 real, 422 MB, 1.00 load
[runlim] sample:		1429.77 time, 1430.01 real, 342 MB, 1.00 load
[runlim] sample:		1439.78 time, 1440.01 real, 347 MB, 1.00 load
[runlim] sample:		1449.77 time, 1450.01 real, 347 MB, 1.00 load
[runlim] sample:		1459.77 time, 1460.01 real, 347 MB, 1.08 load
[runlim] sample:		1469.76 time, 1470.01 real, 342 MB, 1.07 load
[runlim] sample:		1479.76 time, 1480.01 real, 342 MB, 1.06 load
[runlim] sample:		1489.77 time, 1490.01 real, 346 MB, 1.05 load
[runlim] sample:		1499.77 time, 1500.01 real, 346 MB, 1.04 load
[runlim] sample:		1509.76 time, 1510.01 real, 332 MB, 1.03 load
[runlim] sample:		1519.76 time, 1520.01 real, 332 MB, 1.03 load
[runlim] sample:		1529.76 time, 1530.01 real, 333 MB, 1.02 load
[runlim] sample:		1539.76 time, 1540.01 real, 333 MB, 1.02 load
[runlim] sample:		1549.76 time, 1550.01 real, 334 MB, 1.02 load
[runlim] sample:		1559.76 time, 1560.01 real, 335 MB, 1.01 load
[runlim] sample:		1569.76 time, 1570.01 real, 335 MB, 1.01 load
[runlim] sample:		1579.76 time, 1580.01 real, 335 MB, 1.01 load
[runlim] sample:		1589.76 time, 1590.01 real, 336 MB, 1.01 load
[runlim] sample:		1599.76 time, 1600.01 real, 337 MB, 1.00 load
[runlim] sample:		1609.75 time, 1610.01 real, 338 MB, 1.00 load
[runlim] sample:		1619.75 time, 1620.01 real, 338 MB, 1.00 load
[runlim] sample:		1629.75 time, 1630.01 real, 338 MB, 1.00 load
[runlim] sample:		1639.75 time, 1640.01 real, 338 MB, 1.00 load
[runlim] sample:		1649.75 time, 1650.01 real, 338 MB, 1.00 load
[runlim] sample:		1659.76 time, 1660.01 real, 339 MB, 1.08 load
[runlim] sample:		1669.75 time, 1670.01 real, 339 MB, 1.07 load
[runlim] sample:		1679.75 time, 1680.01 real, 339 MB, 1.06 load
[runlim] sample:		1689.75 time, 1690.01 real, 340 MB, 1.05 load
[runlim] sample:		1699.75 time, 1700.01 real, 340 MB, 1.04 load
[runlim] sample:		1709.75 time, 1710.01 real, 340 MB, 1.03 load
[runlim] sample:		1719.74 time, 1720.01 real, 340 MB, 1.03 load
[runlim] sample:		1729.74 time, 1730.01 real, 340 MB, 1.02 load
[runlim] sample:		1739.75 time, 1740.01 real, 340 MB, 1.02 load
[runlim] sample:		1749.75 time, 1750.01 real, 340 MB, 1.02 load
[runlim] sample:		1759.74 time, 1760.01 real, 340 MB, 1.01 load
[runlim] sample:		1769.74 time, 1770.01 real, 343 MB, 1.01 load
[runlim] sample:		1779.74 time, 1780.01 real, 343 MB, 1.01 load
[runlim] sample:		1789.75 time, 1790.01 real, 348 MB, 1.01 load
[runlim] sample:		1799.75 time, 1800.01 real, 348 MB, 1.00 load
[runlim] sample:		1809.75 time, 1810.01 real, 348 MB, 1.00 load
[runlim] sample:		1819.74 time, 1820.01 real, 354 MB, 1.00 load
[runlim] sample:		1829.74 time, 1830.01 real, 354 MB, 1.00 load
[runlim] sample:		1839.74 time, 1840.01 real, 351 MB, 1.00 load
[runlim] sample:		1849.74 time, 1850.01 real, 351 MB, 1.00 load
[runlim] sample:		1859.74 time, 1860.01 real, 351 MB, 1.00 load
[runlim] sample:		1869.73 time, 1870.01 real, 355 MB, 1.00 load
[runlim] sample:		1879.74 time, 1880.01 real, 355 MB, 1.00 load
[runlim] sample:		1889.74 time, 1890.01 real, 355 MB, 1.00 load
[runlim] sample:		1899.74 time, 1900.01 real, 355 MB, 1.00 load
[runlim] sample:		1909.74 time, 1910.01 real, 353 MB, 1.00 load
[runlim] sample:		1919.74 time, 1920.01 real, 353 MB, 1.00 load
[runlim] sample:		1929.74 time, 1930.01 real, 353 MB, 1.00 load
[runlim] sample:		1939.73 time, 1940.01 real, 354 MB, 1.00 load
[runlim] sample:		1949.73 time, 1950.01 real, 354 MB, 1.00 load
[runlim] sample:		1959.73 time, 1960.01 real, 356 MB, 1.00 load
[runlim] sample:		1969.74 time, 1970.01 real, 357 MB, 1.00 load
[runlim] sample:		1979.74 time, 1980.01 real, 357 MB, 1.00 load
[runlim] sample:		1989.73 time, 1990.01 real, 359 MB, 1.00 load
[runlim] sample:		1999.73 time, 2000.01 real, 359 MB, 1.00 load
[runlim] sample:		2009.73 time, 2010.01 real, 357 MB, 1.00 load
[runlim] sample:		2019.73 time, 2020.01 real, 357 MB, 1.00 load
[runlim] sample:		2029.73 time, 2030.01 real, 354 MB, 1.00 load
[runlim] sample:		2039.73 time, 2040.01 real, 354 MB, 1.00 load
[runlim] sample:		2049.72 time, 2050.01 real, 356 MB, 1.00 load
[runlim] sample:		2059.72 time, 2060.01 real, 313 MB, 1.16 load
[runlim] sample:		2069.72 time, 2070.01 real, 313 MB, 1.13 load
[runlim] sample:		2079.72 time, 2080.01 real, 327 MB, 1.11 load
[runlim] sample:		2089.72 time, 2090.01 real, 327 MB, 1.10 load
[runlim] sample:		2099.72 time, 2100.01 real, 327 MB, 1.08 load
[runlim] sample:		2109.72 time, 2110.01 real, 334 MB, 1.07 load
[runlim] sample:		2119.72 time, 2120.01 real, 334 MB, 1.06 load
[runlim] sample:		2128.74 time, 2130.01 real, 334 MB, 1.29 load
[runlim] sample:		2138.52 time, 2140.01 real, 344 MB, 1.24 load
[runlim] sample:		2148.48 time, 2150.01 real, 344 MB, 1.21 load
  SAT ! Makespan = 541
  Schedule is valid with Makespan = 541
  Total time: 2152.7781 seconds
------------------------------------------------------------------
[*] Trying with Upper Bound = 540...
[runlim] sample:		2158.46 time, 2160.01 real, 360 MB, 1.17 load
[runlim] sample:		2168.46 time, 2170.01 real, 404 MB, 1.15 load
[runlim] sample:		2178.46 time, 2180.01 real, 406 MB, 1.12 load
[runlim] sample:		2188.46 time, 2190.01 real, 389 MB, 1.10 load
[runlim] sample:		2198.46 time, 2200.01 real, 389 MB, 1.09 load
[runlim] sample:		2208.46 time, 2210.01 real, 391 MB, 1.07 load
[runlim] sample:		2218.45 time, 2220.01 real, 401 MB, 1.06 load
[runlim] sample:		2228.44 time, 2230.01 real, 401 MB, 1.05 load
[runlim] sample:		2238.42 time, 2240.01 real, 401 MB, 1.04 load
[runlim] sample:		2248.42 time, 2250.01 real, 387 MB, 1.04 load
[runlim] sample:		2258.42 time, 2260.01 real, 387 MB, 1.03 load
[runlim] sample:		2268.42 time, 2270.01 real, 387 MB, 1.02 load
[runlim] sample:		2278.41 time, 2280.01 real, 387 MB, 1.09 load
[runlim] sample:		2288.41 time, 2290.01 real, 389 MB, 1.08 load
[runlim] sample:		2298.41 time, 2300.01 real, 402 MB, 1.07 load
[runlim] sample:		2308.41 time, 2310.01 real, 402 MB, 1.06 load
[runlim] sample:		2318.41 time, 2320.01 real, 402 MB, 1.05 load
[runlim] sample:		2328.41 time, 2330.01 real, 405 MB, 1.04 load
[runlim] sample:		2338.40 time, 2340.01 real, 405 MB, 1.03 load
[runlim] sample:		2348.40 time, 2350.01 real, 409 MB, 1.03 load
[runlim] sample:		2358.39 time, 2360.01 real, 409 MB, 1.02 load
[runlim] sample:		2368.39 time, 2370.01 real, 409 MB, 1.02 load
[runlim] sample:		2378.39 time, 2380.01 real, 403 MB, 1.02 load
[runlim] sample:		2388.39 time, 2390.01 real, 403 MB, 1.01 load
[runlim] sample:		2398.39 time, 2400.01 real, 403 MB, 1.01 load
[runlim] sample:		2408.40 time, 2410.01 real, 404 MB, 1.09 load
[runlim] sample:		2418.40 time, 2420.01 real, 404 MB, 1.07 load
[runlim] sample:		2428.39 time, 2430.01 real, 404 MB, 1.06 load
[runlim] sample:		2438.39 time, 2440.01 real, 392 MB, 1.13 load
[runlim] sample:		2448.39 time, 2450.01 real, 392 MB, 1.11 load
[runlim] sample:		2458.39 time, 2460.01 real, 392 MB, 1.09 load
[runlim] sample:		2468.39 time, 2470.01 real, 392 MB, 1.08 load
[runlim] sample:		2478.38 time, 2480.01 real, 392 MB, 1.07 load
[runlim] sample:		2488.17 time, 2490.01 real, 392 MB, 1.69 load
[runlim] sample:		2498.17 time, 2500.01 real, 392 MB, 1.58 load
[runlim] sample:		2508.16 time, 2510.01 real, 393 MB, 1.49 load
[runlim] sample:		2518.16 time, 2520.01 real, 393 MB, 1.41 load
[runlim] sample:		2528.15 time, 2530.01 real, 394 MB, 1.35 load
[runlim] sample:		2538.15 time, 2540.01 real, 394 MB, 1.30 load
[runlim] sample:		2548.16 time, 2550.01 real, 395 MB, 1.25 load
[runlim] sample:		2558.16 time, 2560.01 real, 395 MB, 1.21 load
[runlim] sample:		2568.15 time, 2570.01 real, 395 MB, 1.18 load
[runlim] sample:		2578.14 time, 2580.01 real, 396 MB, 1.30 load
[runlim] sample:		2588.14 time, 2590.01 real, 396 MB, 1.25 load
[runlim] sample:		2598.14 time, 2600.01 real, 396 MB, 1.21 load
[runlim] sample:		2608.14 time, 2610.01 real, 396 MB, 1.18 load
[runlim] sample:		2618.14 time, 2620.01 real, 396 MB, 1.15 load
[runlim] sample:		2628.14 time, 2630.01 real, 396 MB, 1.13 load
[runlim] sample:		2638.14 time, 2640.01 real, 396 MB, 1.11 load
[runlim] sample:		2648.14 time, 2650.01 real, 396 MB, 1.09 load
[runlim] sample:		2658.13 time, 2660.01 real, 396 MB, 1.32 load
[runlim] sample:		2668.13 time, 2670.01 real, 396 MB, 1.27 load
[runlim] sample:		2678.12 time, 2680.01 real, 396 MB, 1.23 load
[runlim] sample:		2688.12 time, 2690.01 real, 396 MB, 1.19 load
[runlim] sample:		2698.12 time, 2700.01 real, 397 MB, 1.16 load
[runlim] sample:		2708.12 time, 2710.01 real, 397 MB, 1.14 load
[runlim] sample:		2718.12 time, 2720.01 real, 397 MB, 1.11 load
[runlim] sample:		2728.12 time, 2730.01 real, 397 MB, 1.10 load
[runlim] sample:		2738.12 time, 2740.01 real, 397 MB, 1.08 load
[runlim] sample:		2748.12 time, 2750.01 real, 397 MB, 1.07 load
[runlim] sample:		2758.12 time, 2760.01 real, 413 MB, 1.06 load
[runlim] sample:		2768.12 time, 2770.01 real, 413 MB, 1.05 load
[runlim] sample:		2778.12 time, 2780.01 real, 413 MB, 1.04 load
[runlim] sample:		2788.11 time, 2790.01 real, 416 MB, 1.03 load
[runlim] sample:		2798.11 time, 2800.01 real, 416 MB, 1.03 load
[runlim] sample:		2808.12 time, 2810.01 real, 416 MB, 1.02 load
[runlim] sample:		2818.11 time, 2820.01 real, 414 MB, 1.02 load
[runlim] sample:		2828.11 time, 2830.01 real, 414 MB, 1.02 load
[runlim] sample:		2838.11 time, 2840.01 real, 414 MB, 1.01 load
[runlim] sample:		2848.11 time, 2850.01 real, 418 MB, 1.01 load
[runlim] sample:		2858.11 time, 2860.01 real, 418 MB, 1.01 load
[runlim] sample:		2868.11 time, 2870.01 real, 413 MB, 1.01 load
[runlim] sample:		2878.11 time, 2880.01 real, 413 MB, 1.00 load
[runlim] sample:		2888.11 time, 2890.01 real, 413 MB, 1.00 load
[runlim] sample:		2898.11 time, 2900.01 real, 414 MB, 1.00 load
[runlim] sample:		2908.11 time, 2910.01 real, 414 MB, 1.08 load
[runlim] sample:		2918.11 time, 2920.01 real, 414 MB, 1.07 load
[runlim] sample:		2928.10 time, 2930.01 real, 414 MB, 1.06 load
[runlim] sample:		2938.11 time, 2940.01 real, 414 MB, 1.05 load
[runlim] sample:		2948.11 time, 2950.01 real, 414 MB, 1.04 load
[runlim] sample:		2958.11 time, 2960.01 real, 414 MB, 1.03 load
[runlim] sample:		2968.10 time, 2970.01 real, 417 MB, 1.03 load
[runlim] sample:		2978.10 time, 2980.01 real, 417 MB, 1.02 load
[runlim] sample:		2988.10 time, 2990.01 real, 417 MB, 1.02 load
[runlim] sample:		2998.11 time, 3000.01 real, 414 MB, 1.02 load
[runlim] sample:		3008.11 time, 3010.01 real, 414 MB, 1.01 load
[runlim] sample:		3018.11 time, 3020.01 real, 414 MB, 1.01 load
[runlim] sample:		3028.10 time, 3030.01 real, 415 MB, 1.01 load
[runlim] sample:		3038.10 time, 3040.01 real, 415 MB, 1.08 load
[runlim] sample:		3048.11 time, 3050.01 real, 415 MB, 1.07 load
[runlim] sample:		3058.11 time, 3060.01 real, 415 MB, 1.06 load
[runlim] sample:		3068.11 time, 3070.01 real, 415 MB, 1.05 load
[runlim] sample:		3078.11 time, 3080.01 real, 415 MB, 1.04 load
[runlim] sample:		3088.11 time, 3090.01 real, 415 MB, 1.03 load
[runlim] sample:		3098.11 time, 3100.01 real, 414 MB, 1.03 load
[runlim] sample:		3108.11 time, 3110.01 real, 414 MB, 1.02 load
[runlim] sample:		3118.11 time, 3120.01 real, 414 MB, 1.02 load
[runlim] sample:		3128.11 time, 3130.01 real, 414 MB, 1.02 load
[runlim] sample:		3138.11 time, 3140.01 real, 418 MB, 1.01 load
[runlim] sample:		3148.11 time, 3150.01 real, 418 MB, 1.01 load
[runlim] sample:		3158.10 time, 3160.01 real, 418 MB, 1.09 load
[runlim] sample:		3168.10 time, 3170.01 real, 418 MB, 1.07 load
[runlim] sample:		3178.10 time, 3180.01 real, 419 MB, 1.06 load
[runlim] sample:		3188.10 time, 3190.01 real, 419 MB, 1.05 load
[runlim] sample:		3198.10 time, 3200.01 real, 419 MB, 1.04 load
[runlim] sample:		3208.10 time, 3210.01 real, 370 MB, 1.04 load
[runlim] sample:		3218.10 time, 3220.01 real, 370 MB, 1.03 load
[runlim] sample:		3228.10 time, 3230.01 real, 370 MB, 1.03 load
[runlim] sample:		3238.10 time, 3240.01 real, 370 MB, 1.02 load
[runlim] sample:		3248.10 time, 3250.01 real, 367 MB, 1.02 load
[runlim] sample:		3258.08 time, 3260.01 real, 367 MB, 1.01 load
[runlim] sample:		3268.08 time, 3270.01 real, 367 MB, 1.01 load
[runlim] sample:		3278.08 time, 3280.01 real, 367 MB, 1.01 load
[runlim] sample:		3288.08 time, 3290.01 real, 382 MB, 1.01 load
[runlim] sample:		3298.08 time, 3300.01 real, 382 MB, 1.01 load
[runlim] sample:		3308.08 time, 3310.01 real, 382 MB, 1.00 load
[runlim] sample:		3318.08 time, 3320.01 real, 367 MB, 1.00 load
[runlim] sample:		3328.08 time, 3330.01 real, 367 MB, 1.00 load
[runlim] sample:		3338.08 time, 3340.01 real, 367 MB, 1.00 load
[runlim] sample:		3348.08 time, 3350.01 real, 367 MB, 1.00 load
[runlim] sample:		3358.08 time, 3360.01 real, 377 MB, 1.00 load
[runlim] sample:		3368.08 time, 3370.01 real, 367 MB, 1.00 load
[runlim] sample:		3378.07 time, 3380.01 real, 367 MB, 1.00 load
[runlim] sample:		3388.07 time, 3390.01 real, 367 MB, 1.00 load
[runlim] sample:		3398.07 time, 3400.01 real, 367 MB, 1.00 load
[runlim] sample:		3408.08 time, 3410.01 real, 369 MB, 1.00 load
[runlim] sample:		3418.08 time, 3420.01 real, 369 MB, 1.00 load
[runlim] sample:		3428.07 time, 3430.01 real, 369 MB, 1.00 load
[runlim] sample:		3438.07 time, 3440.01 real, 369 MB, 1.00 load
[runlim] sample:		3448.07 time, 3450.01 real, 369 MB, 1.00 load
[runlim] sample:		3458.08 time, 3460.01 real, 369 MB, 1.00 load
[runlim] sample:		3468.08 time, 3470.01 real, 369 MB, 1.00 load
[runlim] sample:		3478.08 time, 3480.01 real, 369 MB, 1.00 load
[runlim] sample:		3488.08 time, 3490.01 real, 369 MB, 1.00 load
[runlim] sample:		3498.07 time, 3500.01 real, 370 MB, 1.00 load
[runlim] sample:		3508.07 time, 3510.01 real, 370 MB, 1.00 load
[runlim] sample:		3518.06 time, 3520.01 real, 370 MB, 1.00 load
[runlim] sample:		3528.06 time, 3530.01 real, 370 MB, 1.00 load
[runlim] sample:		3538.06 time, 3540.01 real, 370 MB, 1.00 load
[runlim] sample:		3548.07 time, 3550.01 real, 407 MB, 1.00 load
[runlim] sample:		3558.07 time, 3560.01 real, 407 MB, 1.00 load
[runlim] sample:		3568.07 time, 3570.01 real, 407 MB, 1.00 load
[runlim] sample:		3578.06 time, 3580.01 real, 407 MB, 1.00 load
[runlim] sample:		3588.06 time, 3590.01 real, 407 MB, 1.00 load
[runlim] sample:		3598.06 time, 3600.01 real, 408 MB, 1.00 load
[runlim] end:			Tue Aug 18 01:46:19 2026
[runlim] status:		out of time
[runlim] result:		2
[runlim] children:		1
[runlim] processes:		2
[runlim] real:			3601.04 seconds
[runlim] time:			3598.06 seconds
[runlim] space:			526 MB
[runlim] load:			1.69 maximum
[runlim] samples:		36000
