[runlim] version:		2.0.0rc12
[runlim] host:			fjssp-instance
[runlim] time limit:		311040000 seconds
[runlim] real time limit:	3 seconds
[runlim] space limit:		14988 MB
[runlim] argv[0]:		python3
[runlim] argv[1]:		-u
[runlim] argv[2]:		bound.py
[runlim] argv[3]:		--input
[runlim] argv[4]:		datasets/rdata/la13.txt
[runlim] argv[5]:		--sb
[runlim] argv[6]:		--factories
[runlim] argv[7]:		2
[runlim] argv[8]:		--full_transitive
[runlim] start:			Mon Aug 17 15:30:58 2026
[runlim] child:			30596
[*] Loading data from file: datasets/rdata/la13.txt
[*] Running D-FJSSP SAT Solver with 2 factories, Symmetry Breaking = ON, Transitive E* = FULL
===========================================================================
 D-FJSSP SAT SOLVER - PARALLEL FACTORIES SCHEDULING
===========================================================================
  -> Operations: 100 | Jobs: 20 | Machines: 5 | Factories: 2

[*] Running Greedy Heuristic...
  -> Greedy Solution: Makespan = 571 (0.0563s)
  -> Lowerbound generate: 519
Init upper bound = 532

[*] Initializing and solving the SAT model...
------------------------------------------------------------------
[*] Trying with Upper Bound = 532...
[runlim] end:			Mon Aug 17 15:31:03 2026
[runlim] status:		out of time
[runlim] result:		2
[runlim] children:		1
[runlim] processes:		2
[runlim] real:			4.04 seconds
[runlim] time:			3.00 seconds
[runlim] space:			306 MB
[runlim] load:			0.15 maximum
[runlim] samples:		30
