[runlim] version:		2.0.0rc12
[runlim] host:			fjssp-instance
[runlim] time limit:		311040000 seconds
[runlim] real time limit:	3600 seconds
[runlim] space limit:		14988 MB
[runlim] argv[0]:		python3
[runlim] argv[1]:		-u
[runlim] argv[2]:		bound.py
[runlim] argv[3]:		--input
[runlim] argv[4]:		datasets/rdata/mt20.txt
[runlim] argv[5]:		--sb
[runlim] argv[6]:		--factories
[runlim] argv[7]:		2
[runlim] argv[8]:		--full_transitive
[runlim] start:			Mon Aug 17 12:00:42 2026
[runlim] child:			23926
[*] Loading data from file: datasets/rdata/mt20.txt
[*] Running D-FJSSP SAT Solver with 2 factories, Symmetry Breaking = ON, Transitive E* = FULL
===========================================================================
 D-FJSSP SAT SOLVER - PARALLEL FACTORIES SCHEDULING
===========================================================================
  -> Operations: 100 | Jobs: 20 | Machines: 5 | Factories: 2

[*] Running Greedy Heuristic...
  -> Greedy Solution: Makespan = 613 (0.1277s)

[*] Initializing and solving the SAT model...
------------------------------------------------------------------
[*] Trying with Upper Bound = 613...
  SAT ! Makespan = 613
  Schedule is valid with Makespan = 613
  Total time: 2.5762 seconds
------------------------------------------------------------------
[*] Trying with Upper Bound = 612...
  SAT ! Makespan = 612
  Schedule is valid with Makespan = 612
  Total time: 6.2313 seconds
------------------------------------------------------------------
[*] Trying with Upper Bound = 611...
  SAT ! Makespan = 611
  Schedule is valid with Makespan = 611
  Total time: 6.5709 seconds
------------------------------------------------------------------
[*] Trying with Upper Bound = 610...
  SAT ! Makespan = 610
  Schedule is valid with Makespan = 610
  Total time: 6.8842 seconds
------------------------------------------------------------------
[*] Trying with Upper Bound = 609...
  SAT ! Makespan = 609
  Schedule is valid with Makespan = 609
  Total time: 7.3359 seconds
------------------------------------------------------------------
[*] Trying with Upper Bound = 608...
  SAT ! Makespan = 608
  Schedule is valid with Makespan = 608
  Total time: 7.4292 seconds
------------------------------------------------------------------
[*] Trying with Upper Bound = 607...
  SAT ! Makespan = 607
  Schedule is valid with Makespan = 607
  Total time: 8.3869 seconds
------------------------------------------------------------------
[*] Trying with Upper Bound = 606...
  SAT ! Makespan = 606
  Schedule is valid with Makespan = 606
  Total time: 9.4043 seconds
------------------------------------------------------------------
[*] Trying with Upper Bound = 605...
  SAT ! Makespan = 605
  Schedule is valid with Makespan = 605
  Total time: 9.4371 seconds
------------------------------------------------------------------
[*] Trying with Upper Bound = 604...
  SAT ! Makespan = 604
  Schedule is valid with Makespan = 604
  Total time: 9.4540 seconds
------------------------------------------------------------------
[*] Trying with Upper Bound = 603...
  SAT ! Makespan = 603
  Schedule is valid with Makespan = 603
  Total time: 9.4690 seconds
------------------------------------------------------------------
[*] Trying with Upper Bound = 602...
  SAT ! Makespan = 602
  Schedule is valid with Makespan = 602
  Total time: 9.4837 seconds
------------------------------------------------------------------
[*] Trying with Upper Bound = 601...
  SAT ! Makespan = 601
  Schedule is valid with Makespan = 601
  Total time: 9.4981 seconds
------------------------------------------------------------------
[*] Trying with Upper Bound = 600...
  SAT ! Makespan = 600
  Schedule is valid with Makespan = 600
  Total time: 9.5124 seconds
------------------------------------------------------------------
[*] Trying with Upper Bound = 599...
  SAT ! Makespan = 599
  Schedule is valid with Makespan = 599
  Total time: 9.5267 seconds
------------------------------------------------------------------
[*] Trying with Upper Bound = 598...
  SAT ! Makespan = 598
  Schedule is valid with Makespan = 598
  Total time: 9.5413 seconds
------------------------------------------------------------------
[*] Trying with Upper Bound = 597...
  SAT ! Makespan = 597
  Schedule is valid with Makespan = 597
  Total time: 9.5559 seconds
------------------------------------------------------------------
[*] Trying with Upper Bound = 596...
  SAT ! Makespan = 596
  Schedule is valid with Makespan = 596
  Total time: 9.5708 seconds
------------------------------------------------------------------
[*] Trying with Upper Bound = 595...
  SAT ! Makespan = 595
  Schedule is valid with Makespan = 595
  Total time: 9.5852 seconds
------------------------------------------------------------------
[*] Trying with Upper Bound = 594...
  SAT ! Makespan = 594
  Schedule is valid with Makespan = 594
  Total time: 9.5991 seconds
------------------------------------------------------------------
[*] Trying with Upper Bound = 593...
  SAT ! Makespan = 593
  Schedule is valid with Makespan = 593
  Total time: 9.6121 seconds
------------------------------------------------------------------
[*] Trying with Upper Bound = 592...
  SAT ! Makespan = 592
  Schedule is valid with Makespan = 592
  Total time: 9.6253 seconds
------------------------------------------------------------------
[*] Trying with Upper Bound = 591...
[runlim] sample:		9.99 time, 10.01 real, 329 MB, 1.02 load
  SAT ! Makespan = 591
  Schedule is valid with Makespan = 591
  Total time: 12.6782 seconds
------------------------------------------------------------------
[*] Trying with Upper Bound = 590...
  SAT ! Makespan = 590
  Schedule is valid with Makespan = 590
  Total time: 13.1099 seconds
------------------------------------------------------------------
[*] Trying with Upper Bound = 589...
  SAT ! Makespan = 589
  Schedule is valid with Makespan = 589
  Total time: 13.5655 seconds
------------------------------------------------------------------
[*] Trying with Upper Bound = 588...
  SAT ! Makespan = 588
  Schedule is valid with Makespan = 588
  Total time: 14.0829 seconds
------------------------------------------------------------------
[*] Trying with Upper Bound = 587...
  SAT ! Makespan = 587
  Schedule is valid with Makespan = 587
  Total time: 15.5103 seconds
------------------------------------------------------------------
[*] Trying with Upper Bound = 586...
  SAT ! Makespan = 586
  Schedule is valid with Makespan = 586
  Total time: 15.6256 seconds
------------------------------------------------------------------
[*] Trying with Upper Bound = 585...
  SAT ! Makespan = 585
  Schedule is valid with Makespan = 585
  Total time: 15.9225 seconds
------------------------------------------------------------------
[*] Trying with Upper Bound = 584...
  SAT ! Makespan = 584
  Schedule is valid with Makespan = 584
  Total time: 16.1801 seconds
------------------------------------------------------------------
[*] Trying with Upper Bound = 583...
  SAT ! Makespan = 583
  Schedule is valid with Makespan = 583
  Total time: 17.6134 seconds
------------------------------------------------------------------
[*] Trying with Upper Bound = 582...
  SAT ! Makespan = 582
  Schedule is valid with Makespan = 582
  Total time: 17.7161 seconds
------------------------------------------------------------------
[*] Trying with Upper Bound = 581...
  SAT ! Makespan = 581
  Schedule is valid with Makespan = 581
  Total time: 18.9413 seconds
------------------------------------------------------------------
[*] Trying with Upper Bound = 580...
  SAT ! Makespan = 580
  Schedule is valid with Makespan = 580
  Total time: 19.8905 seconds
------------------------------------------------------------------
[*] Trying with Upper Bound = 579...
[runlim] sample:		19.99 time, 20.01 real, 332 MB, 1.02 load
  SAT ! Makespan = 579
  Schedule is valid with Makespan = 579
  Total time: 20.6173 seconds
------------------------------------------------------------------
[*] Trying with Upper Bound = 578...
  SAT ! Makespan = 578
  Schedule is valid with Makespan = 578
  Total time: 21.8459 seconds
------------------------------------------------------------------
[*] Trying with Upper Bound = 577...
  SAT ! Makespan = 577
  Schedule is valid with Makespan = 577
  Total time: 23.3232 seconds
------------------------------------------------------------------
[*] Trying with Upper Bound = 576...
  SAT ! Makespan = 576
  Schedule is valid with Makespan = 576
  Total time: 24.9951 seconds
------------------------------------------------------------------
[*] Trying with Upper Bound = 575...
  SAT ! Makespan = 575
  Schedule is valid with Makespan = 575
  Total time: 26.3547 seconds
------------------------------------------------------------------
[*] Trying with Upper Bound = 574...
  SAT ! Makespan = 574
  Schedule is valid with Makespan = 574
  Total time: 26.7740 seconds
------------------------------------------------------------------
[*] Trying with Upper Bound = 573...
  SAT ! Makespan = 573
  Schedule is valid with Makespan = 573
  Total time: 27.3557 seconds
------------------------------------------------------------------
[*] Trying with Upper Bound = 572...
  SAT ! Makespan = 572
  Schedule is valid with Makespan = 572
  Total time: 28.9123 seconds
------------------------------------------------------------------
[*] Trying with Upper Bound = 571...
[runlim] sample:		29.99 time, 30.01 real, 321 MB, 1.02 load
  SAT ! Makespan = 571
  Schedule is valid with Makespan = 571
  Total time: 30.3840 seconds
------------------------------------------------------------------
[*] Trying with Upper Bound = 570...
  SAT ! Makespan = 570
  Schedule is valid with Makespan = 570
  Total time: 30.7365 seconds
------------------------------------------------------------------
[*] Trying with Upper Bound = 569...
  SAT ! Makespan = 569
  Schedule is valid with Makespan = 569
  Total time: 32.0160 seconds
------------------------------------------------------------------
[*] Trying with Upper Bound = 568...
  SAT ! Makespan = 568
  Schedule is valid with Makespan = 568
  Total time: 38.2660 seconds
------------------------------------------------------------------
[*] Trying with Upper Bound = 567...
  SAT ! Makespan = 567
  Schedule is valid with Makespan = 567
  Total time: 38.8977 seconds
------------------------------------------------------------------
[*] Trying with Upper Bound = 566...
[runlim] sample:		39.98 time, 40.01 real, 321 MB, 1.01 load
  SAT ! Makespan = 566
  Schedule is valid with Makespan = 566
  Total time: 40.4900 seconds
------------------------------------------------------------------
[*] Trying with Upper Bound = 565...
  SAT ! Makespan = 565
  Schedule is valid with Makespan = 565
  Total time: 42.1041 seconds
------------------------------------------------------------------
[*] Trying with Upper Bound = 564...
  SAT ! Makespan = 564
  Schedule is valid with Makespan = 564
  Total time: 44.5814 seconds
------------------------------------------------------------------
[*] Trying with Upper Bound = 563...
[runlim] sample:		49.98 time, 50.01 real, 321 MB, 1.01 load
  SAT ! Makespan = 563
  Schedule is valid with Makespan = 563
  Total time: 50.0783 seconds
------------------------------------------------------------------
[*] Trying with Upper Bound = 562...
  SAT ! Makespan = 562
  Schedule is valid with Makespan = 562
  Total time: 51.3577 seconds
------------------------------------------------------------------
[*] Trying with Upper Bound = 561...
  SAT ! Makespan = 561
  Schedule is valid with Makespan = 561
  Total time: 51.7627 seconds
------------------------------------------------------------------
[*] Trying with Upper Bound = 560...
  SAT ! Makespan = 560
  Schedule is valid with Makespan = 560
  Total time: 52.0797 seconds
------------------------------------------------------------------
[*] Trying with Upper Bound = 559...
  SAT ! Makespan = 559
  Schedule is valid with Makespan = 559
  Total time: 53.4022 seconds
------------------------------------------------------------------
[*] Trying with Upper Bound = 558...
  SAT ! Makespan = 558
  Schedule is valid with Makespan = 558
  Total time: 56.8280 seconds
------------------------------------------------------------------
[*] Trying with Upper Bound = 557...
  SAT ! Makespan = 557
  Schedule is valid with Makespan = 557
  Total time: 58.1514 seconds
------------------------------------------------------------------
[*] Trying with Upper Bound = 556...
  SAT ! Makespan = 556
  Schedule is valid with Makespan = 556
  Total time: 58.2458 seconds
------------------------------------------------------------------
[*] Trying with Upper Bound = 555...
  SAT ! Makespan = 555
  Schedule is valid with Makespan = 555
  Total time: 59.4976 seconds
------------------------------------------------------------------
[*] Trying with Upper Bound = 554...
[runlim] sample:		59.98 time, 60.01 real, 366 MB, 1.01 load
  SAT ! Makespan = 554
  Schedule is valid with Makespan = 554
  Total time: 65.2237 seconds
------------------------------------------------------------------
[*] Trying with Upper Bound = 553...
  SAT ! Makespan = 553
  Schedule is valid with Makespan = 553
  Total time: 66.8462 seconds
------------------------------------------------------------------
[*] Trying with Upper Bound = 552...
  SAT ! Makespan = 552
  Schedule is valid with Makespan = 552
  Total time: 66.8815 seconds
------------------------------------------------------------------
[*] Trying with Upper Bound = 551...
  SAT ! Makespan = 551
  Schedule is valid with Makespan = 551
  Total time: 69.6025 seconds
------------------------------------------------------------------
[*] Trying with Upper Bound = 550...
[runlim] sample:		69.97 time, 70.01 real, 321 MB, 1.08 load
  SAT ! Makespan = 550
  Schedule is valid with Makespan = 550
  Total time: 71.3164 seconds
------------------------------------------------------------------
[*] Trying with Upper Bound = 549...
  SAT ! Makespan = 549
  Schedule is valid with Makespan = 549
  Total time: 72.7597 seconds
------------------------------------------------------------------
[*] Trying with Upper Bound = 548...
  SAT ! Makespan = 548
  Schedule is valid with Makespan = 548
  Total time: 74.9623 seconds
------------------------------------------------------------------
[*] Trying with Upper Bound = 547...
[runlim] sample:		79.97 time, 80.01 real, 320 MB, 1.07 load
[runlim] sample:		89.97 time, 90.01 real, 320 MB, 1.06 load
  SAT ! Makespan = 547
  Schedule is valid with Makespan = 547
  Total time: 98.1596 seconds
------------------------------------------------------------------
[*] Trying with Upper Bound = 546...
  SAT ! Makespan = 546
  Schedule is valid with Makespan = 546
  Total time: 99.6678 seconds
------------------------------------------------------------------
[*] Trying with Upper Bound = 545...
[runlim] sample:		99.96 time, 100.01 real, 320 MB, 1.05 load
  SAT ! Makespan = 545
  Schedule is valid with Makespan = 545
  Total time: 103.1405 seconds
------------------------------------------------------------------
[*] Trying with Upper Bound = 544...
  SAT ! Makespan = 544
  Schedule is valid with Makespan = 544
  Total time: 104.3132 seconds
------------------------------------------------------------------
[*] Trying with Upper Bound = 543...
  SAT ! Makespan = 543
  Schedule is valid with Makespan = 543
  Total time: 106.0594 seconds
------------------------------------------------------------------
[*] Trying with Upper Bound = 542...
[runlim] sample:		109.96 time, 110.01 real, 321 MB, 1.04 load
[runlim] sample:		119.96 time, 120.01 real, 323 MB, 1.03 load
[runlim] sample:		129.96 time, 130.01 real, 320 MB, 1.03 load
  SAT ! Makespan = 542
  Schedule is valid with Makespan = 542
  Total time: 130.1071 seconds
------------------------------------------------------------------
[*] Trying with Upper Bound = 541...
  SAT ! Makespan = 541
  Schedule is valid with Makespan = 541
  Total time: 138.0140 seconds
------------------------------------------------------------------
[*] Trying with Upper Bound = 540...
[runlim] sample:		139.96 time, 140.01 real, 322 MB, 1.02 load
[runlim] sample:		149.96 time, 150.01 real, 323 MB, 1.02 load
[runlim] sample:		159.96 time, 160.01 real, 321 MB, 1.02 load
  SAT ! Makespan = 540
  Schedule is valid with Makespan = 540
  Total time: 162.9694 seconds
------------------------------------------------------------------
[*] Trying with Upper Bound = 539...
[runlim] sample:		169.96 time, 170.01 real, 322 MB, 1.01 load
  SAT ! Makespan = 539
  Schedule is valid with Makespan = 539
  Total time: 171.0499 seconds
------------------------------------------------------------------
[*] Trying with Upper Bound = 538...
  SAT ! Makespan = 538
  Schedule is valid with Makespan = 538
  Total time: 172.5026 seconds
------------------------------------------------------------------
[*] Trying with Upper Bound = 537...
[runlim] sample:		179.96 time, 180.01 real, 323 MB, 1.09 load
[runlim] sample:		189.96 time, 190.01 real, 326 MB, 1.16 load
  SAT ! Makespan = 537
  Schedule is valid with Makespan = 537
  Total time: 199.6440 seconds
------------------------------------------------------------------
[*] Trying with Upper Bound = 536...
[runlim] sample:		199.95 time, 200.01 real, 324 MB, 1.13 load
  SAT ! Makespan = 536
  Schedule is valid with Makespan = 536
  Total time: 205.3931 seconds
------------------------------------------------------------------
[*] Trying with Upper Bound = 535...
[runlim] sample:		209.95 time, 210.01 real, 324 MB, 1.11 load
  SAT ! Makespan = 535
  Schedule is valid with Makespan = 535
  Total time: 212.7248 seconds
------------------------------------------------------------------
[*] Trying with Upper Bound = 534...
  SAT ! Makespan = 534
  Schedule is valid with Makespan = 534
  Total time: 215.5114 seconds
------------------------------------------------------------------
[*] Trying with Upper Bound = 533...
[runlim] sample:		219.96 time, 220.01 real, 326 MB, 1.09 load
  SAT ! Makespan = 533
  Schedule is valid with Makespan = 533
  Total time: 224.1833 seconds
------------------------------------------------------------------
[*] Trying with Upper Bound = 532...
[runlim] sample:		229.96 time, 230.01 real, 324 MB, 1.08 load
  SAT ! Makespan = 532
  Schedule is valid with Makespan = 532
  Total time: 234.4763 seconds
------------------------------------------------------------------
[*] Trying with Upper Bound = 531...
[runlim] sample:		239.96 time, 240.01 real, 326 MB, 1.07 load
[runlim] sample:		249.96 time, 250.01 real, 328 MB, 1.06 load
[runlim] sample:		259.96 time, 260.01 real, 324 MB, 1.05 load
  SAT ! Makespan = 531
  Schedule is valid with Makespan = 531
  Total time: 261.1993 seconds
------------------------------------------------------------------
[*] Trying with Upper Bound = 530...
  SAT ! Makespan = 530
  Schedule is valid with Makespan = 530
  Total time: 261.7027 seconds
------------------------------------------------------------------
[*] Trying with Upper Bound = 529...
[runlim] sample:		269.96 time, 270.01 real, 324 MB, 1.04 load
[runlim] sample:		279.96 time, 280.01 real, 325 MB, 1.03 load
[runlim] sample:		289.95 time, 290.01 real, 325 MB, 1.03 load
[runlim] sample:		299.95 time, 300.01 real, 330 MB, 1.02 load
[runlim] sample:		309.95 time, 310.01 real, 330 MB, 1.02 load
  SAT ! Makespan = 529
  Schedule is valid with Makespan = 529
  Total time: 310.2228 seconds
------------------------------------------------------------------
[*] Trying with Upper Bound = 528...
[runlim] sample:		319.95 time, 320.01 real, 332 MB, 1.09 load
[runlim] sample:		329.95 time, 330.01 real, 327 MB, 1.08 load
[runlim] sample:		339.95 time, 340.01 real, 327 MB, 1.06 load
[runlim] sample:		349.95 time, 350.01 real, 331 MB, 1.05 load
[runlim] sample:		359.95 time, 360.01 real, 332 MB, 1.04 load
[runlim] sample:		369.95 time, 370.01 real, 330 MB, 1.04 load
[runlim] sample:		379.94 time, 380.01 real, 326 MB, 1.03 load
[runlim] sample:		389.95 time, 390.01 real, 327 MB, 1.03 load
[runlim] sample:		399.94 time, 400.01 real, 327 MB, 1.02 load
[runlim] sample:		409.95 time, 410.01 real, 328 MB, 1.02 load
[runlim] sample:		419.94 time, 420.01 real, 330 MB, 1.01 load
  SAT ! Makespan = 528
  Schedule is valid with Makespan = 528
  Total time: 420.8682 seconds
------------------------------------------------------------------
[*] Trying with Upper Bound = 527...
  SAT ! Makespan = 527
  Schedule is valid with Makespan = 527
  Total time: 428.1274 seconds
------------------------------------------------------------------
[*] Trying with Upper Bound = 526...
  SAT ! Makespan = 526
  Schedule is valid with Makespan = 526
  Total time: 429.9638 seconds
------------------------------------------------------------------
[*] Trying with Upper Bound = 525...
[runlim] sample:		429.94 time, 430.01 real, 331 MB, 1.01 load
[runlim] sample:		439.94 time, 440.01 real, 331 MB, 1.09 load
  SAT ! Makespan = 525
  Schedule is valid with Makespan = 525
  Total time: 440.1439 seconds
------------------------------------------------------------------
[*] Trying with Upper Bound = 524...
[runlim] sample:		449.94 time, 450.01 real, 331 MB, 1.08 load
[runlim] sample:		459.94 time, 460.01 real, 331 MB, 1.06 load
[runlim] sample:		469.94 time, 470.01 real, 329 MB, 1.05 load
[runlim] sample:		479.94 time, 480.01 real, 331 MB, 1.04 load
[runlim] sample:		489.93 time, 490.01 real, 337 MB, 1.04 load
[runlim] sample:		499.93 time, 500.01 real, 335 MB, 1.03 load
[runlim] sample:		509.93 time, 510.01 real, 329 MB, 1.03 load
[runlim] sample:		519.93 time, 520.01 real, 329 MB, 1.02 load
[runlim] sample:		529.93 time, 530.01 real, 329 MB, 1.02 load
[runlim] sample:		539.93 time, 540.01 real, 330 MB, 1.01 load
[runlim] sample:		549.93 time, 550.01 real, 330 MB, 1.01 load
[runlim] sample:		559.93 time, 560.01 real, 334 MB, 1.01 load
  SAT ! Makespan = 524
  Schedule is valid with Makespan = 524
  Total time: 567.5570 seconds
------------------------------------------------------------------
[*] Trying with Upper Bound = 523...
[runlim] sample:		569.93 time, 570.01 real, 337 MB, 1.08 load
[runlim] sample:		579.92 time, 580.01 real, 337 MB, 1.07 load
[runlim] sample:		589.93 time, 590.01 real, 336 MB, 1.06 load
[runlim] sample:		599.92 time, 600.01 real, 331 MB, 1.05 load
[runlim] sample:		609.92 time, 610.01 real, 338 MB, 1.04 load
[runlim] sample:		619.92 time, 620.01 real, 340 MB, 1.03 load
[runlim] sample:		629.93 time, 630.01 real, 334 MB, 1.03 load
[runlim] sample:		639.93 time, 640.01 real, 334 MB, 1.02 load
[runlim] sample:		649.92 time, 650.01 real, 332 MB, 1.02 load
[runlim] sample:		659.93 time, 660.01 real, 332 MB, 1.02 load
[runlim] sample:		669.93 time, 670.01 real, 332 MB, 1.01 load
[runlim] sample:		679.92 time, 680.01 real, 333 MB, 1.01 load
[runlim] sample:		689.92 time, 690.01 real, 333 MB, 1.09 load
[runlim] sample:		699.93 time, 700.01 real, 336 MB, 1.07 load
[runlim] sample:		709.92 time, 710.01 real, 339 MB, 1.06 load
[runlim] sample:		719.92 time, 720.01 real, 341 MB, 1.05 load
[runlim] sample:		729.92 time, 730.01 real, 341 MB, 1.04 load
[runlim] sample:		739.92 time, 740.01 real, 343 MB, 1.04 load
[runlim] sample:		749.92 time, 750.01 real, 345 MB, 1.03 load
[runlim] sample:		759.91 time, 760.01 real, 345 MB, 1.03 load
[runlim] sample:		769.92 time, 770.01 real, 342 MB, 1.02 load
[runlim] sample:		779.91 time, 780.01 real, 343 MB, 1.02 load
[runlim] sample:		789.91 time, 790.01 real, 343 MB, 1.01 load
[runlim] sample:		799.92 time, 800.01 real, 341 MB, 1.01 load
[runlim] sample:		809.92 time, 810.01 real, 338 MB, 1.01 load
[runlim] sample:		819.92 time, 820.01 real, 338 MB, 1.08 load
[runlim] sample:		829.92 time, 830.01 real, 335 MB, 1.07 load
[runlim] sample:		839.91 time, 840.01 real, 335 MB, 1.06 load
[runlim] sample:		849.91 time, 850.01 real, 335 MB, 1.05 load
[runlim] sample:		859.91 time, 860.01 real, 335 MB, 1.04 load
[runlim] sample:		869.91 time, 870.01 real, 336 MB, 1.03 load
[runlim] sample:		879.91 time, 880.01 real, 336 MB, 1.03 load
[runlim] sample:		889.91 time, 890.01 real, 336 MB, 1.02 load
[runlim] sample:		899.91 time, 900.01 real, 336 MB, 1.02 load
[runlim] sample:		909.91 time, 910.01 real, 337 MB, 1.02 load
[runlim] sample:		919.90 time, 920.01 real, 337 MB, 1.01 load
[runlim] sample:		929.91 time, 930.01 real, 337 MB, 1.01 load
[runlim] sample:		939.91 time, 940.01 real, 337 MB, 1.09 load
[runlim] sample:		949.91 time, 950.01 real, 338 MB, 1.07 load
[runlim] sample:		959.91 time, 960.01 real, 338 MB, 1.06 load
[runlim] sample:		969.90 time, 970.01 real, 338 MB, 1.05 load
[runlim] sample:		979.90 time, 980.01 real, 338 MB, 1.04 load
[runlim] sample:		989.91 time, 990.01 real, 338 MB, 1.04 load
[runlim] sample:		999.90 time, 1000.01 real, 338 MB, 1.03 load
[runlim] sample:		1009.90 time, 1010.01 real, 339 MB, 1.03 load
[runlim] sample:		1019.90 time, 1020.01 real, 339 MB, 1.02 load
[runlim] sample:		1029.90 time, 1030.01 real, 339 MB, 1.02 load
[runlim] sample:		1039.90 time, 1040.01 real, 339 MB, 1.01 load
[runlim] sample:		1049.90 time, 1050.01 real, 339 MB, 1.01 load
[runlim] sample:		1059.90 time, 1060.01 real, 340 MB, 1.81 load
[runlim] sample:		1069.90 time, 1070.01 real, 340 MB, 1.76 load
[runlim] sample:		1079.90 time, 1080.01 real, 340 MB, 1.64 load
[runlim] sample:		1089.89 time, 1090.01 real, 340 MB, 1.54 load
[runlim] sample:		1099.88 time, 1100.01 real, 342 MB, 1.46 load
  SAT ! Makespan = 523
  Schedule is valid with Makespan = 523
  Total time: 1103.3961 seconds
------------------------------------------------------------------
[*] Trying with Upper Bound = 522...
[runlim] sample:		1109.88 time, 1110.01 real, 342 MB, 1.39 load
[runlim] sample:		1119.88 time, 1120.01 real, 346 MB, 1.33 load
[runlim] sample:		1129.88 time, 1130.01 real, 346 MB, 1.28 load
[runlim] sample:		1139.88 time, 1140.01 real, 343 MB, 1.23 load
[runlim] sample:		1149.88 time, 1150.01 real, 348 MB, 1.20 load
[runlim] sample:		1159.88 time, 1160.01 real, 352 MB, 1.17 load
[runlim] sample:		1169.88 time, 1170.01 real, 352 MB, 1.14 load
[runlim] sample:		1179.88 time, 1180.01 real, 355 MB, 1.12 load
[runlim] sample:		1189.88 time, 1190.01 real, 355 MB, 1.18 load
[runlim] sample:		1199.88 time, 1200.01 real, 346 MB, 1.15 load
[runlim] sample:		1209.88 time, 1210.01 real, 346 MB, 1.13 load
[runlim] sample:		1219.87 time, 1220.01 real, 346 MB, 1.11 load
[runlim] sample:		1229.87 time, 1230.01 real, 346 MB, 1.09 load
[runlim] sample:		1239.88 time, 1240.01 real, 347 MB, 1.08 load
[runlim] sample:		1249.88 time, 1250.01 real, 347 MB, 1.06 load
[runlim] sample:		1259.88 time, 1260.01 real, 357 MB, 1.05 load
[runlim] sample:		1269.88 time, 1270.01 real, 357 MB, 1.05 load
  SAT ! Makespan = 522
  Schedule is valid with Makespan = 522
  Total time: 1270.5019 seconds
------------------------------------------------------------------
[*] Trying with Upper Bound = 521...
[runlim] sample:		1279.88 time, 1280.01 real, 356 MB, 1.04 load
[runlim] sample:		1289.88 time, 1290.01 real, 356 MB, 1.03 load
[runlim] sample:		1299.87 time, 1300.01 real, 352 MB, 1.03 load
[runlim] sample:		1309.87 time, 1310.01 real, 352 MB, 1.02 load
[runlim] sample:		1319.87 time, 1320.01 real, 365 MB, 1.09 load
[runlim] sample:		1329.87 time, 1330.01 real, 365 MB, 1.08 load
[runlim] sample:		1339.87 time, 1340.01 real, 368 MB, 1.07 load
[runlim] sample:		1349.86 time, 1350.01 real, 368 MB, 1.06 load
[runlim] sample:		1359.86 time, 1360.01 real, 368 MB, 1.05 load
[runlim] sample:		1369.87 time, 1370.01 real, 359 MB, 1.04 load
[runlim] sample:		1379.87 time, 1380.01 real, 359 MB, 1.03 load
[runlim] sample:		1389.87 time, 1390.01 real, 360 MB, 1.03 load
[runlim] sample:		1399.87 time, 1400.01 real, 360 MB, 1.02 load
[runlim] sample:		1409.86 time, 1410.01 real, 360 MB, 1.02 load
[runlim] sample:		1419.86 time, 1420.01 real, 361 MB, 1.02 load
[runlim] sample:		1429.86 time, 1430.01 real, 361 MB, 1.01 load
[runlim] sample:		1439.86 time, 1440.01 real, 372 MB, 1.09 load
[runlim] sample:		1449.86 time, 1450.01 real, 372 MB, 1.08 load
[runlim] sample:		1459.86 time, 1460.01 real, 373 MB, 1.06 load
[runlim] sample:		1469.86 time, 1470.01 real, 373 MB, 1.05 load
[runlim] sample:		1479.87 time, 1480.01 real, 380 MB, 1.04 load
[runlim] sample:		1489.87 time, 1490.01 real, 380 MB, 1.04 load
[runlim] sample:		1499.86 time, 1500.01 real, 380 MB, 1.03 load
[runlim] sample:		1509.86 time, 1510.01 real, 378 MB, 1.03 load
[runlim] sample:		1519.86 time, 1520.01 real, 378 MB, 1.02 load
[runlim] sample:		1529.86 time, 1530.01 real, 373 MB, 1.02 load
[runlim] sample:		1539.86 time, 1540.01 real, 373 MB, 1.01 load
[runlim] sample:		1549.86 time, 1550.01 real, 373 MB, 1.01 load
[runlim] sample:		1559.86 time, 1560.01 real, 373 MB, 1.01 load
[runlim] sample:		1569.86 time, 1570.01 real, 361 MB, 1.08 load
[runlim] sample:		1579.86 time, 1580.01 real, 361 MB, 1.07 load
[runlim] sample:		1589.86 time, 1590.01 real, 361 MB, 1.06 load
[runlim] sample:		1599.86 time, 1600.01 real, 362 MB, 1.05 load
[runlim] sample:		1609.85 time, 1610.01 real, 362 MB, 1.04 load
[runlim] sample:		1619.85 time, 1620.01 real, 362 MB, 1.03 load
[runlim] sample:		1629.86 time, 1630.01 real, 363 MB, 1.03 load
[runlim] sample:		1639.85 time, 1640.01 real, 363 MB, 1.02 load
[runlim] sample:		1649.85 time, 1650.01 real, 363 MB, 1.02 load
[runlim] sample:		1659.86 time, 1660.01 real, 364 MB, 1.02 load
[runlim] sample:		1669.85 time, 1670.01 real, 364 MB, 1.01 load
[runlim] sample:		1679.85 time, 1680.01 real, 364 MB, 1.01 load
[runlim] sample:		1689.84 time, 1690.01 real, 365 MB, 1.09 load
[runlim] sample:		1699.84 time, 1700.01 real, 365 MB, 1.07 load
[runlim] sample:		1709.84 time, 1710.01 real, 365 MB, 1.06 load
[runlim] sample:		1719.84 time, 1720.01 real, 365 MB, 1.05 load
[runlim] sample:		1729.84 time, 1730.01 real, 365 MB, 1.04 load
[runlim] sample:		1739.84 time, 1740.01 real, 365 MB, 1.04 load
[runlim] sample:		1749.84 time, 1750.01 real, 365 MB, 1.03 load
[runlim] sample:		1759.84 time, 1760.01 real, 365 MB, 1.03 load
[runlim] sample:		1769.84 time, 1770.01 real, 365 MB, 1.02 load
[runlim] sample:		1779.84 time, 1780.01 real, 366 MB, 1.02 load
[runlim] sample:		1789.84 time, 1790.01 real, 366 MB, 1.01 load
[runlim] sample:		1799.84 time, 1800.01 real, 366 MB, 1.01 load
[runlim] sample:		1809.84 time, 1810.01 real, 366 MB, 1.01 load
[runlim] sample:		1819.84 time, 1820.01 real, 366 MB, 1.08 load
[runlim] sample:		1829.84 time, 1830.01 real, 366 MB, 1.07 load
[runlim] sample:		1839.83 time, 1840.01 real, 367 MB, 1.06 load
[runlim] sample:		1849.84 time, 1850.01 real, 367 MB, 1.05 load
[runlim] sample:		1859.84 time, 1860.01 real, 367 MB, 1.04 load
[runlim] sample:		1869.84 time, 1870.01 real, 367 MB, 1.03 load
[runlim] sample:		1879.84 time, 1880.01 real, 367 MB, 1.03 load
[runlim] sample:		1889.84 time, 1890.01 real, 367 MB, 1.02 load
[runlim] sample:		1899.84 time, 1900.01 real, 375 MB, 1.02 load
[runlim] sample:		1909.84 time, 1910.01 real, 375 MB, 1.02 load
[runlim] sample:		1919.83 time, 1920.01 real, 380 MB, 1.01 load
[runlim] sample:		1929.84 time, 1930.01 real, 380 MB, 1.01 load
[runlim] sample:		1939.84 time, 1940.01 real, 380 MB, 1.01 load
[runlim] sample:		1949.83 time, 1950.01 real, 382 MB, 1.01 load
[runlim] sample:		1959.83 time, 1960.01 real, 382 MB, 1.00 load
[runlim] sample:		1969.83 time, 1970.01 real, 382 MB, 1.00 load
[runlim] sample:		1979.83 time, 1980.01 real, 378 MB, 1.00 load
[runlim] sample:		1989.82 time, 1990.01 real, 378 MB, 1.00 load
[runlim] sample:		1999.82 time, 2000.01 real, 379 MB, 1.00 load
[runlim] sample:		2009.82 time, 2010.01 real, 379 MB, 1.00 load
  SAT ! Makespan = 521
  Schedule is valid with Makespan = 521
  Total time: 2011.9557 seconds
------------------------------------------------------------------
[*] Trying with Upper Bound = 520...
[runlim] sample:		2019.83 time, 2020.01 real, 341 MB, 1.00 load
[runlim] sample:		2029.83 time, 2030.01 real, 341 MB, 1.00 load
[runlim] sample:		2039.83 time, 2040.01 real, 341 MB, 1.00 load
[runlim] sample:		2049.83 time, 2050.01 real, 330 MB, 1.00 load
[runlim] sample:		2059.83 time, 2060.01 real, 361 MB, 1.00 load
[runlim] sample:		2069.83 time, 2070.01 real, 361 MB, 1.07 load
[runlim] sample:		2079.83 time, 2080.01 real, 364 MB, 1.06 load
[runlim] sample:		2089.83 time, 2090.01 real, 364 MB, 1.05 load
[runlim] sample:		2099.82 time, 2100.01 real, 363 MB, 1.04 load
[runlim] sample:		2109.82 time, 2110.01 real, 363 MB, 1.04 load
[runlim] sample:		2119.82 time, 2120.01 real, 363 MB, 1.03 load
[runlim] sample:		2129.82 time, 2130.01 real, 358 MB, 1.02 load
[runlim] sample:		2139.82 time, 2140.01 real, 358 MB, 1.02 load
[runlim] sample:		2149.82 time, 2150.01 real, 358 MB, 1.02 load
[runlim] sample:		2159.82 time, 2160.01 real, 358 MB, 1.01 load
[runlim] sample:		2169.82 time, 2170.01 real, 359 MB, 1.01 load
[runlim] sample:		2179.82 time, 2180.01 real, 359 MB, 1.01 load
[runlim] sample:		2189.82 time, 2190.01 real, 372 MB, 1.09 load
[runlim] sample:		2199.82 time, 2200.01 real, 372 MB, 1.07 load
[runlim] sample:		2209.82 time, 2210.01 real, 372 MB, 1.06 load
[runlim] sample:		2219.82 time, 2220.01 real, 374 MB, 1.05 load
[runlim] sample:		2229.82 time, 2230.01 real, 374 MB, 1.04 load
[runlim] sample:		2239.82 time, 2240.01 real, 374 MB, 1.04 load
[runlim] sample:		2249.81 time, 2250.01 real, 376 MB, 1.03 load
[runlim] sample:		2259.81 time, 2260.01 real, 376 MB, 1.02 load
[runlim] sample:		2269.82 time, 2270.01 real, 375 MB, 1.02 load
[runlim] sample:		2279.82 time, 2280.01 real, 375 MB, 1.02 load
[runlim] sample:		2289.80 time, 2290.01 real, 375 MB, 1.17 load
[runlim] sample:		2299.80 time, 2300.01 real, 375 MB, 1.15 load
[runlim] sample:		2309.81 time, 2310.01 real, 375 MB, 1.12 load
[runlim] sample:		2319.80 time, 2320.01 real, 375 MB, 1.18 load
[runlim] sample:		2329.81 time, 2330.01 real, 375 MB, 1.15 load
[runlim] sample:		2339.80 time, 2340.01 real, 361 MB, 1.13 load
[runlim] sample:		2349.80 time, 2350.01 real, 361 MB, 1.11 load
[runlim] sample:		2359.80 time, 2360.01 real, 361 MB, 1.09 load
[runlim] sample:		2369.80 time, 2370.01 real, 360 MB, 1.08 load
[runlim] sample:		2379.80 time, 2380.01 real, 360 MB, 1.06 load
[runlim] sample:		2389.80 time, 2390.01 real, 360 MB, 1.05 load
[runlim] sample:		2399.80 time, 2400.01 real, 360 MB, 1.04 load
[runlim] sample:		2409.79 time, 2410.01 real, 361 MB, 1.04 load
[runlim] sample:		2419.79 time, 2420.01 real, 361 MB, 1.03 load
[runlim] sample:		2429.80 time, 2430.01 real, 361 MB, 1.03 load
[runlim] sample:		2439.80 time, 2440.01 real, 361 MB, 1.10 load
[runlim] sample:		2449.79 time, 2450.01 real, 363 MB, 1.09 load
[runlim] sample:		2459.79 time, 2460.01 real, 363 MB, 1.07 load
[runlim] sample:		2469.79 time, 2470.01 real, 363 MB, 1.06 load
[runlim] sample:		2479.79 time, 2480.01 real, 363 MB, 1.05 load
[runlim] sample:		2489.79 time, 2490.01 real, 363 MB, 1.04 load
[runlim] sample:		2499.79 time, 2500.01 real, 363 MB, 1.04 load
[runlim] sample:		2509.79 time, 2510.01 real, 363 MB, 1.03 load
[runlim] sample:		2519.79 time, 2520.01 real, 363 MB, 1.02 load
[runlim] sample:		2529.79 time, 2530.01 real, 363 MB, 1.02 load
[runlim] sample:		2539.79 time, 2540.01 real, 363 MB, 1.02 load
[runlim] sample:		2549.79 time, 2550.01 real, 363 MB, 1.01 load
[runlim] sample:		2559.79 time, 2560.01 real, 364 MB, 1.01 load
[runlim] sample:		2569.79 time, 2570.01 real, 364 MB, 1.08 load
[runlim] sample:		2579.79 time, 2580.01 real, 364 MB, 1.07 load
[runlim] sample:		2589.79 time, 2590.01 real, 365 MB, 1.06 load
[runlim] sample:		2599.78 time, 2600.01 real, 366 MB, 1.05 load
[runlim] sample:		2609.78 time, 2610.01 real, 366 MB, 1.04 load
[runlim] sample:		2619.78 time, 2620.01 real, 366 MB, 1.03 load
[runlim] sample:		2629.78 time, 2630.01 real, 366 MB, 1.03 load
[runlim] sample:		2639.78 time, 2640.01 real, 366 MB, 1.02 load
[runlim] sample:		2649.78 time, 2650.01 real, 366 MB, 1.02 load
[runlim] sample:		2659.78 time, 2660.01 real, 366 MB, 1.02 load
[runlim] sample:		2669.79 time, 2670.01 real, 369 MB, 1.01 load
[runlim] sample:		2679.79 time, 2680.01 real, 369 MB, 1.01 load
[runlim] sample:		2689.79 time, 2690.01 real, 369 MB, 1.09 load
[runlim] sample:		2699.79 time, 2700.01 real, 385 MB, 1.08 load
[runlim] sample:		2709.79 time, 2710.01 real, 385 MB, 1.06 load
[runlim] sample:		2719.78 time, 2720.01 real, 387 MB, 1.05 load
[runlim] sample:		2729.78 time, 2730.01 real, 391 MB, 1.04 load
[runlim] sample:		2739.78 time, 2740.01 real, 391 MB, 1.04 load
[runlim] sample:		2749.78 time, 2750.01 real, 391 MB, 1.03 load
[runlim] sample:		2759.78 time, 2760.01 real, 387 MB, 1.03 load
[runlim] sample:		2769.78 time, 2770.01 real, 387 MB, 1.02 load
[runlim] sample:		2779.78 time, 2780.01 real, 387 MB, 1.02 load
[runlim] sample:		2789.78 time, 2790.01 real, 387 MB, 1.01 load
[runlim] sample:		2799.78 time, 2800.01 real, 387 MB, 1.01 load
[runlim] sample:		2809.78 time, 2810.01 real, 387 MB, 1.01 load
[runlim] sample:		2819.77 time, 2820.01 real, 390 MB, 1.08 load
[runlim] sample:		2829.77 time, 2830.01 real, 390 MB, 1.07 load
[runlim] sample:		2839.77 time, 2840.01 real, 390 MB, 1.06 load
[runlim] sample:		2849.78 time, 2850.01 real, 392 MB, 1.05 load
[runlim] sample:		2859.78 time, 2860.01 real, 392 MB, 1.04 load
[runlim] sample:		2869.78 time, 2870.01 real, 392 MB, 1.03 load
[runlim] sample:		2879.77 time, 2880.01 real, 496 MB, 1.03 load
[runlim] sample:		2889.77 time, 2890.01 real, 393 MB, 1.10 load
[runlim] sample:		2899.77 time, 2900.01 real, 393 MB, 1.09 load
[runlim] sample:		2909.76 time, 2910.01 real, 393 MB, 1.07 load
[runlim] sample:		2919.77 time, 2920.01 real, 395 MB, 1.06 load
[runlim] sample:		2929.77 time, 2930.01 real, 395 MB, 1.05 load
[runlim] sample:		2939.77 time, 2940.01 real, 395 MB, 1.12 load
[runlim] sample:		2949.77 time, 2950.01 real, 390 MB, 1.10 load
[runlim] sample:		2959.77 time, 2960.01 real, 390 MB, 1.09 load
[runlim] sample:		2969.77 time, 2970.01 real, 390 MB, 1.07 load
[runlim] sample:		2979.76 time, 2980.01 real, 390 MB, 1.06 load
[runlim] sample:		2989.76 time, 2990.01 real, 390 MB, 1.05 load
[runlim] sample:		2999.76 time, 3000.01 real, 390 MB, 1.04 load
[runlim] sample:		3009.77 time, 3010.01 real, 390 MB, 1.04 load
[runlim] sample:		3019.76 time, 3020.01 real, 387 MB, 1.03 load
[runlim] sample:		3029.76 time, 3030.01 real, 387 MB, 1.02 load
[runlim] sample:		3039.76 time, 3040.01 real, 387 MB, 1.02 load
  SAT ! Makespan = 520
  Schedule is valid with Makespan = 520
  Total time: 3042.2604 seconds
------------------------------------------------------------------
[*] Trying with Upper Bound = 519...
[runlim] sample:		3049.76 time, 3050.01 real, 387 MB, 1.02 load
[runlim] sample:		3059.76 time, 3060.01 real, 387 MB, 1.01 load
[runlim] sample:		3069.76 time, 3070.01 real, 387 MB, 1.08 load
[runlim] sample:		3079.76 time, 3080.01 real, 387 MB, 1.07 load
[runlim] sample:		3089.76 time, 3090.01 real, 377 MB, 1.06 load
[runlim] sample:		3099.76 time, 3100.01 real, 377 MB, 1.05 load
[runlim] sample:		3109.76 time, 3110.01 real, 377 MB, 1.04 load
[runlim] sample:		3119.76 time, 3120.01 real, 420 MB, 1.04 load
[runlim] sample:		3129.76 time, 3130.01 real, 420 MB, 1.03 load
[runlim] sample:		3139.76 time, 3140.01 real, 420 MB, 1.02 load
[runlim] sample:		3149.76 time, 3150.01 real, 420 MB, 1.02 load
[runlim] sample:		3159.75 time, 3160.01 real, 408 MB, 1.02 load
[runlim] sample:		3169.75 time, 3170.01 real, 408 MB, 1.01 load
[runlim] sample:		3179.75 time, 3180.01 real, 408 MB, 1.01 load
[runlim] sample:		3189.75 time, 3190.01 real, 408 MB, 1.09 load
[runlim] sample:		3199.76 time, 3200.01 real, 408 MB, 1.08 load
[runlim] sample:		3209.76 time, 3210.01 real, 408 MB, 1.06 load
[runlim] sample:		3219.76 time, 3220.01 real, 408 MB, 1.05 load
[runlim] sample:		3229.76 time, 3230.01 real, 422 MB, 1.04 load
[runlim] sample:		3239.75 time, 3240.01 real, 422 MB, 1.04 load
[runlim] sample:		3249.75 time, 3250.01 real, 422 MB, 1.03 load
[runlim] sample:		3259.75 time, 3260.01 real, 428 MB, 1.03 load
[runlim] sample:		3269.75 time, 3270.01 real, 428 MB, 1.02 load
[runlim] sample:		3279.75 time, 3280.01 real, 428 MB, 1.02 load
[runlim] sample:		3289.75 time, 3290.01 real, 528 MB, 1.01 load
[runlim] sample:		3299.75 time, 3300.01 real, 426 MB, 1.01 load
[runlim] sample:		3309.75 time, 3310.01 real, 426 MB, 1.01 load
[runlim] sample:		3319.75 time, 3320.01 real, 426 MB, 1.01 load
[runlim] sample:		3329.75 time, 3330.01 real, 426 MB, 1.01 load
[runlim] sample:		3339.75 time, 3340.01 real, 426 MB, 1.00 load
[runlim] sample:		3349.75 time, 3350.01 real, 426 MB, 1.00 load
[runlim] sample:		3359.75 time, 3360.01 real, 417 MB, 1.00 load
[runlim] sample:		3369.75 time, 3370.01 real, 417 MB, 1.00 load
[runlim] sample:		3379.75 time, 3380.01 real, 417 MB, 1.00 load
[runlim] sample:		3389.75 time, 3390.01 real, 417 MB, 1.00 load
[runlim] sample:		3399.74 time, 3400.01 real, 410 MB, 1.00 load
[runlim] sample:		3409.74 time, 3410.01 real, 411 MB, 1.00 load
[runlim] sample:		3419.74 time, 3420.01 real, 411 MB, 1.00 load
[runlim] sample:		3429.74 time, 3430.01 real, 411 MB, 1.00 load
[runlim] sample:		3439.74 time, 3440.01 real, 411 MB, 1.00 load
[runlim] sample:		3449.74 time, 3450.01 real, 412 MB, 1.00 load
[runlim] sample:		3459.74 time, 3460.01 real, 412 MB, 1.00 load
[runlim] sample:		3469.74 time, 3470.01 real, 412 MB, 1.00 load
[runlim] sample:		3479.74 time, 3480.01 real, 412 MB, 1.00 load
[runlim] sample:		3489.70 time, 3490.01 real, 412 MB, 1.08 load
[runlim] sample:		3499.69 time, 3500.01 real, 413 MB, 1.07 load
[runlim] sample:		3509.69 time, 3510.01 real, 413 MB, 1.06 load
[runlim] sample:		3519.69 time, 3520.01 real, 413 MB, 1.05 load
[runlim] sample:		3529.69 time, 3530.01 real, 413 MB, 1.04 load
[runlim] sample:		3539.69 time, 3540.01 real, 413 MB, 1.03 load
[runlim] sample:		3549.70 time, 3550.01 real, 414 MB, 1.03 load
[runlim] sample:		3559.70 time, 3560.01 real, 414 MB, 1.02 load
[runlim] sample:		3569.69 time, 3570.01 real, 414 MB, 1.09 load
[runlim] sample:		3579.69 time, 3580.01 real, 414 MB, 1.08 load
[runlim] sample:		3589.69 time, 3590.01 real, 414 MB, 1.07 load
[runlim] sample:		3599.69 time, 3600.01 real, 415 MB, 1.06 load
[runlim] end:			Mon Aug 17 13:00:43 2026
[runlim] status:		out of time
[runlim] result:		2
[runlim] children:		1
[runlim] processes:		2
[runlim] real:			3601.04 seconds
[runlim] time:			3599.69 seconds
[runlim] space:			528 MB
[runlim] load:			1.83 maximum
[runlim] samples:		36000
