[runlim] version:		2.0.0rc12
[runlim] host:			fjssp-instance
[runlim] time limit:		311040000 seconds
[runlim] real time limit:	3600 seconds
[runlim] space limit:		14000 MB
[runlim] argv[0]:		python3
[runlim] argv[1]:		-u
[runlim] argv[2]:		dummy_operation.py
[runlim] argv[3]:		--input
[runlim] argv[4]:		datasets/rdata/la12.txt
[runlim] argv[5]:		--sb
[runlim] argv[6]:		--factories
[runlim] argv[7]:		2
[runlim] argv[8]:		--full_transitive
[runlim] start:			Thu Aug 20 05:39:53 2026
[runlim] child:			9879
[*] Loading data from file: datasets/rdata/la12.txt
[*] Running D-FJSSP SAT Solver with 2 factories, Symmetry Breaking = ON, Transitive E* = FULL
===========================================================================
 D-FJSSP SAT SOLVER - PARALLEL FACTORIES SCHEDULING
===========================================================================
  -> Operations: 100 | Jobs: 20 | Machines: 5 | Factories: 2

[*] Running Greedy Heuristic...
  -> Greedy Solution: Makespan = 656 (0.0003s)

[*] Initializing and solving the SAT model...
------------------------------------------------------------------
[*] Trying with Upper Bound = 656...
  SAT ! Makespan = 656
  Schedule is valid with Makespan = 656
  Total time: 2.3062 seconds
------------------------------------------------------------------
[*] Trying with Upper Bound = 655...
  SAT ! Makespan = 655
  Schedule is valid with Makespan = 655
  Total time: 2.3189 seconds
------------------------------------------------------------------
[*] Trying with Upper Bound = 654...
  SAT ! Makespan = 654
  Schedule is valid with Makespan = 654
  Total time: 2.3290 seconds
------------------------------------------------------------------
[*] Trying with Upper Bound = 653...
  SAT ! Makespan = 653
  Schedule is valid with Makespan = 653
  Total time: 2.3385 seconds
------------------------------------------------------------------
[*] Trying with Upper Bound = 652...
  SAT ! Makespan = 652
  Schedule is valid with Makespan = 652
  Total time: 2.3476 seconds
------------------------------------------------------------------
[*] Trying with Upper Bound = 651...
  SAT ! Makespan = 651
  Schedule is valid with Makespan = 651
  Total time: 2.3562 seconds
------------------------------------------------------------------
[*] Trying with Upper Bound = 650...
  SAT ! Makespan = 650
  Schedule is valid with Makespan = 650
  Total time: 2.3646 seconds
------------------------------------------------------------------
[*] Trying with Upper Bound = 649...
  SAT ! Makespan = 649
  Schedule is valid with Makespan = 649
  Total time: 2.3729 seconds
------------------------------------------------------------------
[*] Trying with Upper Bound = 648...
  SAT ! Makespan = 648
  Schedule is valid with Makespan = 648
  Total time: 2.3817 seconds
------------------------------------------------------------------
[*] Trying with Upper Bound = 647...
  SAT ! Makespan = 647
  Schedule is valid with Makespan = 647
  Total time: 2.3906 seconds
------------------------------------------------------------------
[*] Trying with Upper Bound = 646...
  SAT ! Makespan = 646
  Schedule is valid with Makespan = 646
  Total time: 2.4805 seconds
------------------------------------------------------------------
[*] Trying with Upper Bound = 645...
  SAT ! Makespan = 645
  Schedule is valid with Makespan = 645
  Total time: 2.4930 seconds
------------------------------------------------------------------
[*] Trying with Upper Bound = 644...
  SAT ! Makespan = 644
  Schedule is valid with Makespan = 644
  Total time: 2.5031 seconds
------------------------------------------------------------------
[*] Trying with Upper Bound = 643...
  SAT ! Makespan = 643
  Schedule is valid with Makespan = 643
  Total time: 2.5126 seconds
------------------------------------------------------------------
[*] Trying with Upper Bound = 642...
  SAT ! Makespan = 642
  Schedule is valid with Makespan = 642
  Total time: 2.5224 seconds
------------------------------------------------------------------
[*] Trying with Upper Bound = 641...
  SAT ! Makespan = 641
  Schedule is valid with Makespan = 641
  Total time: 2.5317 seconds
------------------------------------------------------------------
[*] Trying with Upper Bound = 640...
  SAT ! Makespan = 640
  Schedule is valid with Makespan = 640
  Total time: 2.5409 seconds
------------------------------------------------------------------
[*] Trying with Upper Bound = 639...
  SAT ! Makespan = 639
  Schedule is valid with Makespan = 639
  Total time: 2.5503 seconds
------------------------------------------------------------------
[*] Trying with Upper Bound = 638...
  SAT ! Makespan = 638
  Schedule is valid with Makespan = 638
  Total time: 2.5601 seconds
------------------------------------------------------------------
[*] Trying with Upper Bound = 637...
  SAT ! Makespan = 637
  Schedule is valid with Makespan = 637
  Total time: 2.5701 seconds
------------------------------------------------------------------
[*] Trying with Upper Bound = 636...
  SAT ! Makespan = 636
  Schedule is valid with Makespan = 636
  Total time: 2.5800 seconds
------------------------------------------------------------------
[*] Trying with Upper Bound = 635...
  SAT ! Makespan = 635
  Schedule is valid with Makespan = 635
  Total time: 2.5903 seconds
------------------------------------------------------------------
[*] Trying with Upper Bound = 634...
  SAT ! Makespan = 634
  Schedule is valid with Makespan = 634
  Total time: 2.5998 seconds
------------------------------------------------------------------
[*] Trying with Upper Bound = 633...
  SAT ! Makespan = 633
  Schedule is valid with Makespan = 633
  Total time: 2.6092 seconds
------------------------------------------------------------------
[*] Trying with Upper Bound = 632...
  SAT ! Makespan = 632
  Schedule is valid with Makespan = 632
  Total time: 2.6185 seconds
------------------------------------------------------------------
[*] Trying with Upper Bound = 631...
  SAT ! Makespan = 631
  Schedule is valid with Makespan = 631
  Total time: 2.6280 seconds
------------------------------------------------------------------
[*] Trying with Upper Bound = 630...
  SAT ! Makespan = 630
  Schedule is valid with Makespan = 630
  Total time: 2.6374 seconds
------------------------------------------------------------------
[*] Trying with Upper Bound = 629...
  SAT ! Makespan = 629
  Schedule is valid with Makespan = 629
  Total time: 2.6464 seconds
------------------------------------------------------------------
[*] Trying with Upper Bound = 628...
  SAT ! Makespan = 628
  Schedule is valid with Makespan = 628
  Total time: 2.6554 seconds
------------------------------------------------------------------
[*] Trying with Upper Bound = 627...
  SAT ! Makespan = 627
  Schedule is valid with Makespan = 627
  Total time: 2.6645 seconds
------------------------------------------------------------------
[*] Trying with Upper Bound = 626...
  SAT ! Makespan = 626
  Schedule is valid with Makespan = 626
  Total time: 2.6735 seconds
------------------------------------------------------------------
[*] Trying with Upper Bound = 625...
  SAT ! Makespan = 625
  Schedule is valid with Makespan = 625
  Total time: 2.6826 seconds
------------------------------------------------------------------
[*] Trying with Upper Bound = 624...
  SAT ! Makespan = 624
  Schedule is valid with Makespan = 624
  Total time: 2.6918 seconds
------------------------------------------------------------------
[*] Trying with Upper Bound = 623...
  SAT ! Makespan = 623
  Schedule is valid with Makespan = 623
  Total time: 2.7006 seconds
------------------------------------------------------------------
[*] Trying with Upper Bound = 622...
  SAT ! Makespan = 622
  Schedule is valid with Makespan = 622
  Total time: 2.7096 seconds
------------------------------------------------------------------
[*] Trying with Upper Bound = 621...
  SAT ! Makespan = 621
  Schedule is valid with Makespan = 621
  Total time: 2.7184 seconds
------------------------------------------------------------------
[*] Trying with Upper Bound = 620...
  SAT ! Makespan = 620
  Schedule is valid with Makespan = 620
  Total time: 2.7272 seconds
------------------------------------------------------------------
[*] Trying with Upper Bound = 619...
  SAT ! Makespan = 619
  Schedule is valid with Makespan = 619
  Total time: 2.7360 seconds
------------------------------------------------------------------
[*] Trying with Upper Bound = 618...
  SAT ! Makespan = 618
  Schedule is valid with Makespan = 618
  Total time: 2.7447 seconds
------------------------------------------------------------------
[*] Trying with Upper Bound = 617...
  SAT ! Makespan = 617
  Schedule is valid with Makespan = 617
  Total time: 2.7536 seconds
------------------------------------------------------------------
[*] Trying with Upper Bound = 616...
  SAT ! Makespan = 616
  Schedule is valid with Makespan = 616
  Total time: 2.7622 seconds
------------------------------------------------------------------
[*] Trying with Upper Bound = 615...
  SAT ! Makespan = 615
  Schedule is valid with Makespan = 615
  Total time: 2.7708 seconds
------------------------------------------------------------------
[*] Trying with Upper Bound = 614...
  SAT ! Makespan = 614
  Schedule is valid with Makespan = 614
  Total time: 2.7792 seconds
------------------------------------------------------------------
[*] Trying with Upper Bound = 613...
  SAT ! Makespan = 613
  Schedule is valid with Makespan = 613
  Total time: 2.7882 seconds
------------------------------------------------------------------
[*] Trying with Upper Bound = 612...
  SAT ! Makespan = 612
  Schedule is valid with Makespan = 612
  Total time: 2.7973 seconds
------------------------------------------------------------------
[*] Trying with Upper Bound = 611...
  SAT ! Makespan = 611
  Schedule is valid with Makespan = 611
  Total time: 2.8066 seconds
------------------------------------------------------------------
[*] Trying with Upper Bound = 610...
  SAT ! Makespan = 610
  Schedule is valid with Makespan = 610
  Total time: 2.8170 seconds
------------------------------------------------------------------
[*] Trying with Upper Bound = 609...
  SAT ! Makespan = 609
  Schedule is valid with Makespan = 609
  Total time: 2.8274 seconds
------------------------------------------------------------------
[*] Trying with Upper Bound = 608...
  SAT ! Makespan = 608
  Schedule is valid with Makespan = 608
  Total time: 2.8368 seconds
------------------------------------------------------------------
[*] Trying with Upper Bound = 607...
  SAT ! Makespan = 607
  Schedule is valid with Makespan = 607
  Total time: 2.8477 seconds
------------------------------------------------------------------
[*] Trying with Upper Bound = 606...
  SAT ! Makespan = 606
  Schedule is valid with Makespan = 606
  Total time: 2.8664 seconds
------------------------------------------------------------------
[*] Trying with Upper Bound = 605...
  SAT ! Makespan = 605
  Schedule is valid with Makespan = 605
  Total time: 2.8778 seconds
------------------------------------------------------------------
[*] Trying with Upper Bound = 604...
  SAT ! Makespan = 604
  Schedule is valid with Makespan = 604
  Total time: 2.8879 seconds
------------------------------------------------------------------
[*] Trying with Upper Bound = 603...
  SAT ! Makespan = 603
  Schedule is valid with Makespan = 603
  Total time: 2.8983 seconds
------------------------------------------------------------------
[*] Trying with Upper Bound = 602...
  SAT ! Makespan = 602
  Schedule is valid with Makespan = 602
  Total time: 2.9086 seconds
------------------------------------------------------------------
[*] Trying with Upper Bound = 601...
  SAT ! Makespan = 601
  Schedule is valid with Makespan = 601
  Total time: 2.9192 seconds
------------------------------------------------------------------
[*] Trying with Upper Bound = 600...
  SAT ! Makespan = 600
  Schedule is valid with Makespan = 600
  Total time: 2.9301 seconds
------------------------------------------------------------------
[*] Trying with Upper Bound = 599...
  SAT ! Makespan = 599
  Schedule is valid with Makespan = 599
  Total time: 2.9404 seconds
------------------------------------------------------------------
[*] Trying with Upper Bound = 598...
  SAT ! Makespan = 598
  Schedule is valid with Makespan = 598
  Total time: 2.9504 seconds
------------------------------------------------------------------
[*] Trying with Upper Bound = 597...
  SAT ! Makespan = 597
  Schedule is valid with Makespan = 597
  Total time: 2.9597 seconds
------------------------------------------------------------------
[*] Trying with Upper Bound = 596...
  SAT ! Makespan = 596
  Schedule is valid with Makespan = 596
  Total time: 2.9688 seconds
------------------------------------------------------------------
[*] Trying with Upper Bound = 595...
  SAT ! Makespan = 595
  Schedule is valid with Makespan = 595
  Total time: 2.9772 seconds
------------------------------------------------------------------
[*] Trying with Upper Bound = 594...
  SAT ! Makespan = 594
  Schedule is valid with Makespan = 594
  Total time: 2.9864 seconds
------------------------------------------------------------------
[*] Trying with Upper Bound = 593...
  SAT ! Makespan = 593
  Schedule is valid with Makespan = 593
  Total time: 2.9957 seconds
------------------------------------------------------------------
[*] Trying with Upper Bound = 592...
  SAT ! Makespan = 592
  Schedule is valid with Makespan = 592
  Total time: 3.0047 seconds
------------------------------------------------------------------
[*] Trying with Upper Bound = 591...
  SAT ! Makespan = 591
  Schedule is valid with Makespan = 591
  Total time: 3.0142 seconds
------------------------------------------------------------------
[*] Trying with Upper Bound = 590...
  SAT ! Makespan = 590
  Schedule is valid with Makespan = 590
  Total time: 3.0232 seconds
------------------------------------------------------------------
[*] Trying with Upper Bound = 589...
  SAT ! Makespan = 589
  Schedule is valid with Makespan = 589
  Total time: 3.0337 seconds
------------------------------------------------------------------
[*] Trying with Upper Bound = 588...
  SAT ! Makespan = 588
  Schedule is valid with Makespan = 588
  Total time: 3.0435 seconds
------------------------------------------------------------------
[*] Trying with Upper Bound = 587...
  SAT ! Makespan = 587
  Schedule is valid with Makespan = 587
  Total time: 3.0522 seconds
------------------------------------------------------------------
[*] Trying with Upper Bound = 586...
  SAT ! Makespan = 586
  Schedule is valid with Makespan = 586
  Total time: 3.0608 seconds
------------------------------------------------------------------
[*] Trying with Upper Bound = 585...
  SAT ! Makespan = 585
  Schedule is valid with Makespan = 585
  Total time: 3.0692 seconds
------------------------------------------------------------------
[*] Trying with Upper Bound = 584...
  SAT ! Makespan = 584
  Schedule is valid with Makespan = 584
  Total time: 3.0777 seconds
------------------------------------------------------------------
[*] Trying with Upper Bound = 583...
  SAT ! Makespan = 583
  Schedule is valid with Makespan = 583
  Total time: 3.0862 seconds
------------------------------------------------------------------
[*] Trying with Upper Bound = 582...
  SAT ! Makespan = 582
  Schedule is valid with Makespan = 582
  Total time: 3.0949 seconds
------------------------------------------------------------------
[*] Trying with Upper Bound = 581...
  SAT ! Makespan = 581
  Schedule is valid with Makespan = 581
  Total time: 3.1042 seconds
------------------------------------------------------------------
[*] Trying with Upper Bound = 580...
  SAT ! Makespan = 580
  Schedule is valid with Makespan = 580
  Total time: 3.1136 seconds
------------------------------------------------------------------
[*] Trying with Upper Bound = 579...
  SAT ! Makespan = 579
  Schedule is valid with Makespan = 579
  Total time: 3.1228 seconds
------------------------------------------------------------------
[*] Trying with Upper Bound = 578...
  SAT ! Makespan = 578
  Schedule is valid with Makespan = 578
  Total time: 3.1318 seconds
------------------------------------------------------------------
[*] Trying with Upper Bound = 577...
  SAT ! Makespan = 577
  Schedule is valid with Makespan = 577
  Total time: 3.1409 seconds
------------------------------------------------------------------
[*] Trying with Upper Bound = 576...
  SAT ! Makespan = 576
  Schedule is valid with Makespan = 576
  Total time: 3.1570 seconds
------------------------------------------------------------------
[*] Trying with Upper Bound = 575...
  SAT ! Makespan = 575
  Schedule is valid with Makespan = 575
  Total time: 3.1668 seconds
------------------------------------------------------------------
[*] Trying with Upper Bound = 574...
  SAT ! Makespan = 574
  Schedule is valid with Makespan = 574
  Total time: 3.1762 seconds
------------------------------------------------------------------
[*] Trying with Upper Bound = 573...
  SAT ! Makespan = 573
  Schedule is valid with Makespan = 573
  Total time: 3.6100 seconds
------------------------------------------------------------------
[*] Trying with Upper Bound = 572...
  SAT ! Makespan = 572
  Schedule is valid with Makespan = 572
  Total time: 3.6405 seconds
------------------------------------------------------------------
[*] Trying with Upper Bound = 571...
  SAT ! Makespan = 571
  Schedule is valid with Makespan = 571
  Total time: 3.6669 seconds
------------------------------------------------------------------
[*] Trying with Upper Bound = 570...
  SAT ! Makespan = 570
  Schedule is valid with Makespan = 570
  Total time: 3.7267 seconds
------------------------------------------------------------------
[*] Trying with Upper Bound = 569...
  SAT ! Makespan = 569
  Schedule is valid with Makespan = 569
  Total time: 3.7406 seconds
------------------------------------------------------------------
[*] Trying with Upper Bound = 568...
  SAT ! Makespan = 568
  Schedule is valid with Makespan = 568
  Total time: 3.9573 seconds
------------------------------------------------------------------
[*] Trying with Upper Bound = 567...
  SAT ! Makespan = 567
  Schedule is valid with Makespan = 567
  Total time: 4.5833 seconds
------------------------------------------------------------------
[*] Trying with Upper Bound = 566...
  SAT ! Makespan = 566
  Schedule is valid with Makespan = 566
  Total time: 4.6429 seconds
------------------------------------------------------------------
[*] Trying with Upper Bound = 565...
  SAT ! Makespan = 565
  Schedule is valid with Makespan = 565
  Total time: 4.9103 seconds
------------------------------------------------------------------
[*] Trying with Upper Bound = 564...
  SAT ! Makespan = 564
  Schedule is valid with Makespan = 564
  Total time: 4.9250 seconds
------------------------------------------------------------------
[*] Trying with Upper Bound = 563...
  SAT ! Makespan = 563
  Schedule is valid with Makespan = 563
  Total time: 4.9378 seconds
------------------------------------------------------------------
[*] Trying with Upper Bound = 562...
  SAT ! Makespan = 562
  Schedule is valid with Makespan = 562
  Total time: 5.0155 seconds
------------------------------------------------------------------
[*] Trying with Upper Bound = 561...
  SAT ! Makespan = 561
  Schedule is valid with Makespan = 561
  Total time: 5.0286 seconds
------------------------------------------------------------------
[*] Trying with Upper Bound = 560...
  SAT ! Makespan = 560
  Schedule is valid with Makespan = 560
  Total time: 5.0485 seconds
------------------------------------------------------------------
[*] Trying with Upper Bound = 559...
  SAT ! Makespan = 559
  Schedule is valid with Makespan = 559
  Total time: 5.0613 seconds
------------------------------------------------------------------
[*] Trying with Upper Bound = 558...
  SAT ! Makespan = 558
  Schedule is valid with Makespan = 558
  Total time: 5.0732 seconds
------------------------------------------------------------------
[*] Trying with Upper Bound = 557...
  SAT ! Makespan = 557
  Schedule is valid with Makespan = 557
  Total time: 5.1046 seconds
------------------------------------------------------------------
[*] Trying with Upper Bound = 556...
  SAT ! Makespan = 556
  Schedule is valid with Makespan = 556
  Total time: 5.1592 seconds
------------------------------------------------------------------
[*] Trying with Upper Bound = 555...
  SAT ! Makespan = 555
  Schedule is valid with Makespan = 555
  Total time: 5.1744 seconds
------------------------------------------------------------------
[*] Trying with Upper Bound = 554...
  SAT ! Makespan = 554
  Schedule is valid with Makespan = 554
  Total time: 9.7638 seconds
------------------------------------------------------------------
[*] Trying with Upper Bound = 553...
  SAT ! Makespan = 553
  Schedule is valid with Makespan = 553
  Total time: 9.9234 seconds
------------------------------------------------------------------
[*] Trying with Upper Bound = 552...
[runlim] sample:		9.99 time, 10.01 real, 365 MB, 1.00 load
  SAT ! Makespan = 552
  Schedule is valid with Makespan = 552
  Total time: 10.0412 seconds
------------------------------------------------------------------
[*] Trying with Upper Bound = 551...
  SAT ! Makespan = 551
  Schedule is valid with Makespan = 551
  Total time: 10.1516 seconds
------------------------------------------------------------------
[*] Trying with Upper Bound = 550...
  SAT ! Makespan = 550
  Schedule is valid with Makespan = 550
  Total time: 10.8424 seconds
------------------------------------------------------------------
[*] Trying with Upper Bound = 549...
  SAT ! Makespan = 549
  Schedule is valid with Makespan = 549
  Total time: 11.0772 seconds
------------------------------------------------------------------
[*] Trying with Upper Bound = 548...
  SAT ! Makespan = 548
  Schedule is valid with Makespan = 548
  Total time: 11.7195 seconds
------------------------------------------------------------------
[*] Trying with Upper Bound = 547...
  SAT ! Makespan = 547
  Schedule is valid with Makespan = 547
  Total time: 11.8319 seconds
------------------------------------------------------------------
[*] Trying with Upper Bound = 546...
  SAT ! Makespan = 546
  Schedule is valid with Makespan = 546
  Total time: 12.8106 seconds
------------------------------------------------------------------
[*] Trying with Upper Bound = 545...
  SAT ! Makespan = 545
  Schedule is valid with Makespan = 545
  Total time: 12.9359 seconds
------------------------------------------------------------------
[*] Trying with Upper Bound = 544...
  SAT ! Makespan = 544
  Schedule is valid with Makespan = 544
  Total time: 13.0412 seconds
------------------------------------------------------------------
[*] Trying with Upper Bound = 543...
  SAT ! Makespan = 543
  Schedule is valid with Makespan = 543
  Total time: 13.1339 seconds
------------------------------------------------------------------
[*] Trying with Upper Bound = 542...
  SAT ! Makespan = 542
  Schedule is valid with Makespan = 542
  Total time: 13.3593 seconds
------------------------------------------------------------------
[*] Trying with Upper Bound = 541...
  SAT ! Makespan = 541
  Schedule is valid with Makespan = 541
  Total time: 13.5057 seconds
------------------------------------------------------------------
[*] Trying with Upper Bound = 540...
  SAT ! Makespan = 540
  Schedule is valid with Makespan = 540
  Total time: 13.6140 seconds
------------------------------------------------------------------
[*] Trying with Upper Bound = 539...
  SAT ! Makespan = 539
  Schedule is valid with Makespan = 539
  Total time: 13.7207 seconds
------------------------------------------------------------------
[*] Trying with Upper Bound = 538...
  SAT ! Makespan = 538
  Schedule is valid with Makespan = 538
  Total time: 13.8281 seconds
------------------------------------------------------------------
[*] Trying with Upper Bound = 537...
  SAT ! Makespan = 537
  Schedule is valid with Makespan = 537
  Total time: 14.4671 seconds
------------------------------------------------------------------
[*] Trying with Upper Bound = 536...
  SAT ! Makespan = 536
  Schedule is valid with Makespan = 536
  Total time: 14.6578 seconds
------------------------------------------------------------------
[*] Trying with Upper Bound = 535...
  SAT ! Makespan = 535
  Schedule is valid with Makespan = 535
  Total time: 16.1008 seconds
------------------------------------------------------------------
[*] Trying with Upper Bound = 534...
  SAT ! Makespan = 534
  Schedule is valid with Makespan = 534
  Total time: 16.2227 seconds
------------------------------------------------------------------
[*] Trying with Upper Bound = 533...
  SAT ! Makespan = 533
  Schedule is valid with Makespan = 533
  Total time: 16.5889 seconds
------------------------------------------------------------------
[*] Trying with Upper Bound = 532...
  SAT ! Makespan = 532
  Schedule is valid with Makespan = 532
  Total time: 19.2318 seconds
------------------------------------------------------------------
[*] Trying with Upper Bound = 531...
  SAT ! Makespan = 531
  Schedule is valid with Makespan = 531
  Total time: 19.5952 seconds
------------------------------------------------------------------
[*] Trying with Upper Bound = 530...
[runlim] sample:		19.99 time, 20.01 real, 347 MB, 1.00 load
  SAT ! Makespan = 530
  Schedule is valid with Makespan = 530
  Total time: 20.0829 seconds
------------------------------------------------------------------
[*] Trying with Upper Bound = 529...
  SAT ! Makespan = 529
  Schedule is valid with Makespan = 529
  Total time: 20.6454 seconds
------------------------------------------------------------------
[*] Trying with Upper Bound = 528...
  SAT ! Makespan = 528
  Schedule is valid with Makespan = 528
  Total time: 20.7561 seconds
------------------------------------------------------------------
[*] Trying with Upper Bound = 527...
  SAT ! Makespan = 527
  Schedule is valid with Makespan = 527
  Total time: 21.2589 seconds
------------------------------------------------------------------
[*] Trying with Upper Bound = 526...
  SAT ! Makespan = 526
  Schedule is valid with Makespan = 526
  Total time: 21.6663 seconds
------------------------------------------------------------------
[*] Trying with Upper Bound = 525...
  SAT ! Makespan = 525
  Schedule is valid with Makespan = 525
  Total time: 22.5135 seconds
------------------------------------------------------------------
[*] Trying with Upper Bound = 524...
  SAT ! Makespan = 524
  Schedule is valid with Makespan = 524
  Total time: 22.7884 seconds
------------------------------------------------------------------
[*] Trying with Upper Bound = 523...
  SAT ! Makespan = 523
  Schedule is valid with Makespan = 523
  Total time: 23.1665 seconds
------------------------------------------------------------------
[*] Trying with Upper Bound = 522...
  SAT ! Makespan = 522
  Schedule is valid with Makespan = 522
  Total time: 23.3465 seconds
------------------------------------------------------------------
[*] Trying with Upper Bound = 521...
  SAT ! Makespan = 521
  Schedule is valid with Makespan = 521
  Total time: 24.1653 seconds
------------------------------------------------------------------
[*] Trying with Upper Bound = 520...
  SAT ! Makespan = 520
  Schedule is valid with Makespan = 520
  Total time: 24.8261 seconds
------------------------------------------------------------------
[*] Trying with Upper Bound = 519...
  SAT ! Makespan = 519
  Schedule is valid with Makespan = 519
  Total time: 27.9782 seconds
------------------------------------------------------------------
[*] Trying with Upper Bound = 518...
  SAT ! Makespan = 518
  Schedule is valid with Makespan = 518
  Total time: 28.0787 seconds
------------------------------------------------------------------
[*] Trying with Upper Bound = 517...
  SAT ! Makespan = 517
  Schedule is valid with Makespan = 517
  Total time: 28.1724 seconds
------------------------------------------------------------------
[*] Trying with Upper Bound = 516...
  SAT ! Makespan = 516
  Schedule is valid with Makespan = 516
  Total time: 28.5164 seconds
------------------------------------------------------------------
[*] Trying with Upper Bound = 515...
  SAT ! Makespan = 515
  Schedule is valid with Makespan = 515
  Total time: 29.8402 seconds
------------------------------------------------------------------
[*] Trying with Upper Bound = 514...
[runlim] sample:		29.99 time, 30.01 real, 369 MB, 1.00 load
  SAT ! Makespan = 514
  Schedule is valid with Makespan = 514
  Total time: 30.2562 seconds
------------------------------------------------------------------
[*] Trying with Upper Bound = 513...
  SAT ! Makespan = 513
  Schedule is valid with Makespan = 513
  Total time: 32.1415 seconds
------------------------------------------------------------------
[*] Trying with Upper Bound = 512...
  SAT ! Makespan = 512
  Schedule is valid with Makespan = 512
  Total time: 33.3512 seconds
------------------------------------------------------------------
[*] Trying with Upper Bound = 511...
  SAT ! Makespan = 511
  Schedule is valid with Makespan = 511
  Total time: 33.9395 seconds
------------------------------------------------------------------
[*] Trying with Upper Bound = 510...
  SAT ! Makespan = 510
  Schedule is valid with Makespan = 510
  Total time: 36.8342 seconds
------------------------------------------------------------------
[*] Trying with Upper Bound = 509...
  SAT ! Makespan = 509
  Schedule is valid with Makespan = 509
  Total time: 37.4196 seconds
------------------------------------------------------------------
[*] Trying with Upper Bound = 508...
  SAT ! Makespan = 508
  Schedule is valid with Makespan = 508
  Total time: 39.1128 seconds
------------------------------------------------------------------
[*] Trying with Upper Bound = 507...
[runlim] sample:		39.97 time, 40.01 real, 344 MB, 1.08 load
  SAT ! Makespan = 507
  Schedule is valid with Makespan = 507
  Total time: 40.5543 seconds
------------------------------------------------------------------
[*] Trying with Upper Bound = 506...
  SAT ! Makespan = 506
  Schedule is valid with Makespan = 506
  Total time: 42.1007 seconds
------------------------------------------------------------------
[*] Trying with Upper Bound = 505...
  SAT ! Makespan = 505
  Schedule is valid with Makespan = 505
  Total time: 42.4769 seconds
------------------------------------------------------------------
[*] Trying with Upper Bound = 504...
  SAT ! Makespan = 504
  Schedule is valid with Makespan = 504
  Total time: 42.9433 seconds
------------------------------------------------------------------
[*] Trying with Upper Bound = 503...
  SAT ! Makespan = 503
  Schedule is valid with Makespan = 503
  Total time: 43.3340 seconds
------------------------------------------------------------------
[*] Trying with Upper Bound = 502...
  SAT ! Makespan = 502
  Schedule is valid with Makespan = 502
  Total time: 43.7928 seconds
------------------------------------------------------------------
[*] Trying with Upper Bound = 501...
  SAT ! Makespan = 501
  Schedule is valid with Makespan = 501
  Total time: 45.5499 seconds
------------------------------------------------------------------
[*] Trying with Upper Bound = 500...
  SAT ! Makespan = 500
  Schedule is valid with Makespan = 500
  Total time: 46.8373 seconds
------------------------------------------------------------------
[*] Trying with Upper Bound = 499...
  SAT ! Makespan = 499
  Schedule is valid with Makespan = 499
  Total time: 49.8333 seconds
------------------------------------------------------------------
[*] Trying with Upper Bound = 498...
[runlim] sample:		49.96 time, 50.01 real, 369 MB, 1.07 load
  SAT ! Makespan = 498
  Schedule is valid with Makespan = 498
  Total time: 50.2880 seconds
------------------------------------------------------------------
[*] Trying with Upper Bound = 497...
  SAT ! Makespan = 497
  Schedule is valid with Makespan = 497
  Total time: 50.6674 seconds
------------------------------------------------------------------
[*] Trying with Upper Bound = 496...
  SAT ! Makespan = 496
  Schedule is valid with Makespan = 496
  Total time: 51.1034 seconds
------------------------------------------------------------------
[*] Trying with Upper Bound = 495...
  SAT ! Makespan = 495
  Schedule is valid with Makespan = 495
  Total time: 52.7480 seconds
------------------------------------------------------------------
[*] Trying with Upper Bound = 494...
  SAT ! Makespan = 494
  Schedule is valid with Makespan = 494
  Total time: 54.7149 seconds
------------------------------------------------------------------
[*] Trying with Upper Bound = 493...
  SAT ! Makespan = 493
  Schedule is valid with Makespan = 493
  Total time: 56.0037 seconds
------------------------------------------------------------------
[*] Trying with Upper Bound = 492...
  SAT ! Makespan = 492
  Schedule is valid with Makespan = 492
  Total time: 57.4032 seconds
------------------------------------------------------------------
[*] Trying with Upper Bound = 491...
  SAT ! Makespan = 491
  Schedule is valid with Makespan = 491
  Total time: 58.8424 seconds
------------------------------------------------------------------
[*] Trying with Upper Bound = 490...
[runlim] sample:		59.96 time, 60.01 real, 361 MB, 1.06 load
  SAT ! Makespan = 490
  Schedule is valid with Makespan = 490
  Total time: 62.1775 seconds
------------------------------------------------------------------
[*] Trying with Upper Bound = 489...
  SAT ! Makespan = 489
  Schedule is valid with Makespan = 489
  Total time: 63.5140 seconds
------------------------------------------------------------------
[*] Trying with Upper Bound = 488...
  SAT ! Makespan = 488
  Schedule is valid with Makespan = 488
  Total time: 69.5220 seconds
------------------------------------------------------------------
[*] Trying with Upper Bound = 487...
[runlim] sample:		69.96 time, 70.01 real, 346 MB, 1.05 load
  SAT ! Makespan = 487
  Schedule is valid with Makespan = 487
  Total time: 71.2954 seconds
------------------------------------------------------------------
[*] Trying with Upper Bound = 486...
  SAT ! Makespan = 486
  Schedule is valid with Makespan = 486
  Total time: 75.8496 seconds
------------------------------------------------------------------
[*] Trying with Upper Bound = 485...
  SAT ! Makespan = 485
  Schedule is valid with Makespan = 485
  Total time: 77.1443 seconds
------------------------------------------------------------------
[*] Trying with Upper Bound = 484...
[runlim] sample:		79.96 time, 80.01 real, 347 MB, 1.04 load
  SAT ! Makespan = 484
  Schedule is valid with Makespan = 484
  Total time: 83.7534 seconds
------------------------------------------------------------------
[*] Trying with Upper Bound = 483...
  SAT ! Makespan = 483
  Schedule is valid with Makespan = 483
  Total time: 83.8966 seconds
------------------------------------------------------------------
[*] Trying with Upper Bound = 482...
  SAT ! Makespan = 482
  Schedule is valid with Makespan = 482
  Total time: 84.0057 seconds
------------------------------------------------------------------
[*] Trying with Upper Bound = 481...
  SAT ! Makespan = 481
  Schedule is valid with Makespan = 481
  Total time: 86.1012 seconds
------------------------------------------------------------------
[*] Trying with Upper Bound = 480...
  SAT ! Makespan = 480
  Schedule is valid with Makespan = 480
  Total time: 89.4235 seconds
------------------------------------------------------------------
[*] Trying with Upper Bound = 479...
[runlim] sample:		89.96 time, 90.01 real, 363 MB, 1.03 load
  SAT ! Makespan = 479
  Schedule is valid with Makespan = 479
  Total time: 91.1173 seconds
------------------------------------------------------------------
[*] Trying with Upper Bound = 478...
  SAT ! Makespan = 478
  Schedule is valid with Makespan = 478
  Total time: 97.8322 seconds
------------------------------------------------------------------
[*] Trying with Upper Bound = 477...
[runlim] sample:		99.96 time, 100.01 real, 362 MB, 1.03 load
[runlim] sample:		109.96 time, 110.01 real, 376 MB, 1.10 load
[runlim] sample:		119.96 time, 120.01 real, 376 MB, 1.09 load
  SAT ! Makespan = 477
  Schedule is valid with Makespan = 477
  Total time: 123.7865 seconds
------------------------------------------------------------------
[*] Trying with Upper Bound = 476...
[runlim] sample:		129.95 time, 130.01 real, 350 MB, 1.07 load
[runlim] sample:		139.96 time, 140.01 real, 355 MB, 1.06 load
[runlim] sample:		149.95 time, 150.01 real, 369 MB, 1.05 load
  SAT ! Makespan = 476
  Schedule is valid with Makespan = 476
  Total time: 155.9096 seconds
------------------------------------------------------------------
[*] Trying with Upper Bound = 475...
[runlim] sample:		159.95 time, 160.01 real, 373 MB, 1.04 load
  SAT ! Makespan = 475
  Schedule is valid with Makespan = 475
  Total time: 163.4873 seconds
------------------------------------------------------------------
[*] Trying with Upper Bound = 474...
[runlim] sample:		169.96 time, 170.01 real, 371 MB, 1.04 load
[runlim] sample:		179.95 time, 180.01 real, 349 MB, 1.03 load
[runlim] sample:		189.95 time, 190.01 real, 348 MB, 1.02 load
[runlim] sample:		199.96 time, 200.01 real, 370 MB, 1.02 load
  SAT ! Makespan = 474
  Schedule is valid with Makespan = 474
  Total time: 205.5891 seconds
------------------------------------------------------------------
[*] Trying with Upper Bound = 473...
[runlim] sample:		209.95 time, 210.01 real, 370 MB, 1.02 load
[runlim] sample:		219.95 time, 220.01 real, 371 MB, 1.01 load
[runlim] sample:		229.95 time, 230.01 real, 369 MB, 1.01 load
[runlim] sample:		239.94 time, 240.01 real, 374 MB, 1.08 load
  SAT ! Makespan = 473
  Schedule is valid with Makespan = 473
  Total time: 247.0048 seconds
------------------------------------------------------------------
[*] Trying with Upper Bound = 472...
[runlim] sample:		249.95 time, 250.01 real, 375 MB, 1.07 load
[runlim] sample:		259.94 time, 260.01 real, 371 MB, 1.06 load
[runlim] sample:		269.93 time, 270.01 real, 369 MB, 1.05 load
[runlim] sample:		279.93 time, 280.01 real, 372 MB, 1.04 load
[runlim] sample:		289.93 time, 290.01 real, 396 MB, 1.03 load
  SAT ! Makespan = 472
  Schedule is valid with Makespan = 472
  Total time: 295.4448 seconds
------------------------------------------------------------------
[*] Trying with Upper Bound = 471...
[runlim] sample:		299.93 time, 300.01 real, 360 MB, 1.03 load
[runlim] sample:		309.93 time, 310.01 real, 356 MB, 1.02 load
[runlim] sample:		319.92 time, 320.01 real, 357 MB, 1.02 load
[runlim] sample:		329.92 time, 330.01 real, 375 MB, 1.02 load
  SAT ! Makespan = 471
  Schedule is valid with Makespan = 471
  Total time: 336.0731 seconds
------------------------------------------------------------------
[*] Trying with Upper Bound = 470...
[runlim] sample:		339.92 time, 340.01 real, 382 MB, 1.01 load
[runlim] sample:		349.91 time, 350.01 real, 461 MB, 1.01 load
[runlim] sample:		359.91 time, 360.01 real, 406 MB, 1.09 load
[runlim] sample:		369.91 time, 370.01 real, 400 MB, 1.08 load
[runlim] sample:		379.91 time, 380.01 real, 405 MB, 1.06 load
[runlim] sample:		389.91 time, 390.01 real, 407 MB, 1.05 load
[runlim] sample:		399.91 time, 400.01 real, 408 MB, 1.04 load
[runlim] sample:		409.91 time, 410.01 real, 403 MB, 1.04 load
[runlim] sample:		419.91 time, 420.01 real, 403 MB, 1.03 load
[runlim] sample:		429.91 time, 430.01 real, 403 MB, 1.03 load
[runlim] sample:		439.90 time, 440.01 real, 404 MB, 1.02 load
[runlim] sample:		449.91 time, 450.01 real, 404 MB, 1.02 load
[runlim] sample:		459.90 time, 460.01 real, 406 MB, 1.01 load
[runlim] sample:		469.90 time, 470.01 real, 407 MB, 1.01 load
[runlim] sample:		479.91 time, 480.01 real, 415 MB, 1.01 load
[runlim] sample:		489.90 time, 490.01 real, 414 MB, 1.67 load
[runlim] sample:		499.90 time, 500.01 real, 417 MB, 1.57 load
[runlim] sample:		509.90 time, 510.01 real, 416 MB, 1.48 load
[runlim] sample:		519.90 time, 520.01 real, 416 MB, 1.41 load
[runlim] sample:		529.90 time, 530.01 real, 417 MB, 1.34 load
[runlim] sample:		539.90 time, 540.01 real, 417 MB, 1.29 load
[runlim] sample:		549.90 time, 550.01 real, 416 MB, 1.24 load
[runlim] sample:		559.89 time, 560.01 real, 416 MB, 1.21 load
[runlim] sample:		569.90 time, 570.01 real, 417 MB, 1.17 load
[runlim] sample:		579.90 time, 580.01 real, 419 MB, 1.15 load
[runlim] sample:		589.89 time, 590.01 real, 409 MB, 1.12 load
[runlim] sample:		599.89 time, 600.01 real, 409 MB, 1.10 load
[runlim] sample:		609.90 time, 610.01 real, 408 MB, 1.09 load
[runlim] sample:		619.89 time, 620.01 real, 408 MB, 1.07 load
[runlim] sample:		629.89 time, 630.01 real, 409 MB, 1.06 load
[runlim] sample:		639.88 time, 640.01 real, 409 MB, 1.13 load
[runlim] sample:		649.88 time, 650.01 real, 409 MB, 1.11 load
[runlim] sample:		659.88 time, 660.01 real, 410 MB, 1.09 load
[runlim] sample:		669.88 time, 670.01 real, 410 MB, 1.08 load
[runlim] sample:		679.88 time, 680.01 real, 411 MB, 1.07 load
[runlim] sample:		689.87 time, 690.01 real, 412 MB, 1.06 load
[runlim] sample:		699.88 time, 700.01 real, 496 MB, 1.05 load
[runlim] sample:		709.88 time, 710.01 real, 412 MB, 1.04 load
[runlim] sample:		719.87 time, 720.01 real, 413 MB, 1.03 load
[runlim] sample:		729.87 time, 730.01 real, 413 MB, 1.03 load
[runlim] sample:		739.87 time, 740.01 real, 413 MB, 1.10 load
[runlim] sample:		749.87 time, 750.01 real, 413 MB, 1.08 load
[runlim] sample:		759.87 time, 760.01 real, 413 MB, 1.07 load
[runlim] sample:		769.87 time, 770.01 real, 414 MB, 1.06 load
[runlim] sample:		779.87 time, 780.01 real, 414 MB, 1.05 load
[runlim] sample:		789.87 time, 790.01 real, 414 MB, 1.04 load
[runlim] sample:		799.87 time, 800.01 real, 414 MB, 1.03 load
[runlim] sample:		809.87 time, 810.01 real, 414 MB, 1.03 load
[runlim] sample:		819.87 time, 820.01 real, 414 MB, 1.02 load
[runlim] sample:		829.87 time, 830.01 real, 415 MB, 1.02 load
[runlim] sample:		839.86 time, 840.01 real, 415 MB, 1.02 load
[runlim] sample:		849.86 time, 850.01 real, 415 MB, 1.01 load
[runlim] sample:		859.87 time, 860.01 real, 415 MB, 1.09 load
[runlim] sample:		869.87 time, 870.01 real, 415 MB, 1.08 load
[runlim] sample:		879.87 time, 880.01 real, 416 MB, 1.06 load
[runlim] sample:		889.87 time, 890.01 real, 416 MB, 1.05 load
[runlim] sample:		899.86 time, 900.01 real, 416 MB, 1.05 load
[runlim] sample:		909.86 time, 910.01 real, 416 MB, 1.04 load
[runlim] sample:		919.86 time, 920.01 real, 422 MB, 1.03 load
[runlim] sample:		929.86 time, 930.01 real, 424 MB, 1.03 load
[runlim] sample:		939.86 time, 940.01 real, 424 MB, 1.02 load
[runlim] sample:		949.86 time, 950.01 real, 424 MB, 1.02 load
[runlim] sample:		959.86 time, 960.01 real, 424 MB, 1.02 load
[runlim] sample:		969.86 time, 970.01 real, 427 MB, 1.01 load
[runlim] sample:		979.86 time, 980.01 real, 426 MB, 1.01 load
[runlim] sample:		989.86 time, 990.01 real, 426 MB, 1.08 load
[runlim] sample:		999.86 time, 1000.01 real, 428 MB, 1.07 load
[runlim] sample:		1009.85 time, 1010.01 real, 428 MB, 1.06 load
[runlim] sample:		1019.85 time, 1020.01 real, 427 MB, 1.13 load
[runlim] sample:		1029.85 time, 1030.01 real, 427 MB, 1.11 load
[runlim] sample:		1039.85 time, 1040.01 real, 428 MB, 1.09 load
[runlim] sample:		1049.85 time, 1050.01 real, 428 MB, 1.08 load
[runlim] sample:		1059.85 time, 1060.01 real, 428 MB, 1.06 load
[runlim] sample:		1069.85 time, 1070.01 real, 428 MB, 1.05 load
[runlim] sample:		1079.85 time, 1080.01 real, 431 MB, 1.05 load
[runlim] sample:		1089.85 time, 1090.01 real, 431 MB, 1.04 load
[runlim] sample:		1099.84 time, 1100.01 real, 429 MB, 1.03 load
[runlim] sample:		1109.84 time, 1110.01 real, 429 MB, 1.75 load
[runlim] sample:		1119.85 time, 1120.01 real, 428 MB, 1.63 load
[runlim] sample:		1129.85 time, 1130.01 real, 428 MB, 1.54 load
[runlim] sample:		1139.84 time, 1140.01 real, 427 MB, 1.45 load
  SAT ! Makespan = 470
  Schedule is valid with Makespan = 470
  Total time: 1142.6287 seconds
------------------------------------------------------------------
[*] Trying with Upper Bound = 469...
[runlim] sample:		1149.85 time, 1150.01 real, 418 MB, 1.38 load
[runlim] sample:		1159.84 time, 1160.01 real, 385 MB, 1.32 load
[runlim] sample:		1169.84 time, 1170.01 real, 385 MB, 1.27 load
[runlim] sample:		1179.85 time, 1180.01 real, 408 MB, 1.23 load
[runlim] sample:		1189.85 time, 1190.01 real, 412 MB, 1.19 load
[runlim] sample:		1199.85 time, 1200.01 real, 412 MB, 1.16 load
[runlim] sample:		1209.84 time, 1210.01 real, 414 MB, 1.14 load
[runlim] sample:		1219.84 time, 1220.01 real, 414 MB, 1.12 load
[runlim] sample:		1229.84 time, 1230.01 real, 443 MB, 1.10 load
[runlim] sample:		1239.84 time, 1240.01 real, 436 MB, 1.24 load
[runlim] sample:		1249.84 time, 1250.01 real, 436 MB, 1.20 load
[runlim] sample:		1259.84 time, 1260.01 real, 436 MB, 1.17 load
[runlim] sample:		1269.83 time, 1270.01 real, 436 MB, 1.14 load
[runlim] sample:		1279.83 time, 1280.01 real, 436 MB, 1.12 load
[runlim] sample:		1289.83 time, 1290.01 real, 438 MB, 1.10 load
[runlim] sample:		1299.83 time, 1300.01 real, 438 MB, 1.09 load
[runlim] sample:		1309.83 time, 1310.01 real, 450 MB, 1.07 load
[runlim] sample:		1319.83 time, 1320.01 real, 450 MB, 1.06 load
[runlim] sample:		1329.82 time, 1330.01 real, 450 MB, 1.05 load
[runlim] sample:		1339.82 time, 1340.01 real, 451 MB, 1.04 load
[runlim] sample:		1349.82 time, 1350.01 real, 451 MB, 1.04 load
[runlim] sample:		1359.82 time, 1360.01 real, 452 MB, 1.11 load
[runlim] sample:		1369.82 time, 1370.01 real, 452 MB, 1.09 load
[runlim] sample:		1379.83 time, 1380.01 real, 452 MB, 1.08 load
[runlim] sample:		1389.83 time, 1390.01 real, 452 MB, 1.07 load
[runlim] sample:		1399.82 time, 1400.01 real, 454 MB, 1.06 load
[runlim] sample:		1409.82 time, 1410.01 real, 454 MB, 1.05 load
[runlim] sample:		1419.82 time, 1420.01 real, 454 MB, 1.04 load
[runlim] sample:		1429.82 time, 1430.01 real, 451 MB, 1.03 load
[runlim] sample:		1439.82 time, 1440.01 real, 451 MB, 1.03 load
[runlim] sample:		1449.82 time, 1450.01 real, 440 MB, 1.02 load
[runlim] sample:		1459.81 time, 1460.01 real, 440 MB, 1.02 load
[runlim] sample:		1469.81 time, 1470.01 real, 440 MB, 1.02 load
[runlim] sample:		1479.82 time, 1480.01 real, 441 MB, 1.09 load
[runlim] sample:		1489.82 time, 1490.01 real, 441 MB, 1.15 load
[runlim] sample:		1499.82 time, 1500.01 real, 441 MB, 1.13 load
[runlim] sample:		1509.82 time, 1510.01 real, 441 MB, 1.11 load
[runlim] sample:		1519.81 time, 1520.01 real, 441 MB, 1.09 load
[runlim] sample:		1529.82 time, 1530.01 real, 442 MB, 1.08 load
[runlim] sample:		1539.82 time, 1540.01 real, 442 MB, 1.06 load
[runlim] sample:		1549.82 time, 1550.01 real, 443 MB, 1.05 load
[runlim] sample:		1559.82 time, 1560.01 real, 443 MB, 1.05 load
[runlim] sample:		1569.81 time, 1570.01 real, 443 MB, 1.04 load
[runlim] sample:		1579.81 time, 1580.01 real, 443 MB, 1.03 load
[runlim] sample:		1589.81 time, 1590.01 real, 443 MB, 1.03 load
[runlim] sample:		1599.81 time, 1600.01 real, 443 MB, 1.02 load
[runlim] sample:		1609.81 time, 1610.01 real, 443 MB, 1.10 load
[runlim] sample:		1619.80 time, 1620.01 real, 444 MB, 1.08 load
[runlim] sample:		1629.80 time, 1630.01 real, 444 MB, 1.07 load
[runlim] sample:		1639.80 time, 1640.01 real, 444 MB, 1.06 load
[runlim] sample:		1649.80 time, 1650.01 real, 445 MB, 1.05 load
[runlim] sample:		1659.80 time, 1660.01 real, 445 MB, 1.04 load
[runlim] sample:		1669.80 time, 1670.01 real, 445 MB, 1.03 load
[runlim] sample:		1679.80 time, 1680.01 real, 445 MB, 1.03 load
[runlim] sample:		1689.80 time, 1690.01 real, 445 MB, 1.02 load
[runlim] sample:		1699.80 time, 1700.01 real, 445 MB, 1.02 load
[runlim] sample:		1709.80 time, 1710.01 real, 445 MB, 1.02 load
[runlim] sample:		1719.80 time, 1720.01 real, 445 MB, 1.01 load
[runlim] sample:		1729.80 time, 1730.01 real, 445 MB, 1.01 load
[runlim] sample:		1739.80 time, 1740.01 real, 445 MB, 1.67 load
[runlim] sample:		1749.80 time, 1750.01 real, 445 MB, 1.57 load
[runlim] sample:		1759.80 time, 1760.01 real, 446 MB, 1.48 load
[runlim] sample:		1769.80 time, 1770.01 real, 446 MB, 1.41 load
[runlim] sample:		1779.80 time, 1780.01 real, 446 MB, 1.34 load
[runlim] sample:		1789.80 time, 1790.01 real, 446 MB, 1.29 load
[runlim] sample:		1799.79 time, 1800.01 real, 446 MB, 1.25 load
[runlim] sample:		1809.79 time, 1810.01 real, 447 MB, 1.21 load
[runlim] sample:		1819.79 time, 1820.01 real, 447 MB, 1.17 load
[runlim] sample:		1829.79 time, 1830.01 real, 454 MB, 1.15 load
  SAT ! Makespan = 469
  Schedule is valid with Makespan = 469
  Total time: 1837.4747 seconds
------------------------------------------------------------------
[*] Trying with Upper Bound = 468...
[runlim] sample:		1839.78 time, 1840.01 real, 454 MB, 1.20 load
[runlim] sample:		1849.79 time, 1850.01 real, 403 MB, 1.17 load
[runlim] sample:		1859.79 time, 1860.01 real, 403 MB, 1.23 load
[runlim] sample:		1869.79 time, 1870.01 real, 406 MB, 1.19 load
[runlim] sample:		1879.78 time, 1880.01 real, 398 MB, 1.16 load
[runlim] sample:		1889.78 time, 1890.01 real, 398 MB, 1.14 load
[runlim] sample:		1899.78 time, 1900.01 real, 398 MB, 1.11 load
[runlim] sample:		1909.78 time, 1910.01 real, 407 MB, 1.10 load
[runlim] sample:		1919.79 time, 1920.01 real, 434 MB, 1.08 load
[runlim] sample:		1929.78 time, 1930.01 real, 434 MB, 1.07 load
[runlim] sample:		1939.78 time, 1940.01 real, 403 MB, 1.06 load
[runlim] sample:		1949.78 time, 1950.01 real, 403 MB, 1.05 load
[runlim] sample:		1959.77 time, 1960.01 real, 403 MB, 1.04 load
[runlim] sample:		1969.78 time, 1970.01 real, 400 MB, 1.03 load
[runlim] sample:		1979.78 time, 1980.01 real, 400 MB, 1.03 load
[runlim] sample:		1989.77 time, 1990.01 real, 400 MB, 1.10 load
[runlim] sample:		1999.78 time, 2000.01 real, 405 MB, 1.08 load
[runlim] sample:		2009.78 time, 2010.01 real, 405 MB, 1.07 load
[runlim] sample:		2019.77 time, 2020.01 real, 421 MB, 1.06 load
[runlim] sample:		2029.78 time, 2030.01 real, 450 MB, 1.05 load
[runlim] sample:		2039.77 time, 2040.01 real, 458 MB, 1.04 load
[runlim] sample:		2049.77 time, 2050.01 real, 574 MB, 1.03 load
[runlim] sample:		2059.77 time, 2060.01 real, 461 MB, 1.03 load
[runlim] sample:		2069.77 time, 2070.01 real, 461 MB, 1.02 load
[runlim] sample:		2079.77 time, 2080.01 real, 463 MB, 1.02 load
[runlim] sample:		2089.77 time, 2090.01 real, 463 MB, 1.02 load
[runlim] sample:		2099.77 time, 2100.01 real, 455 MB, 1.01 load
[runlim] sample:		2109.77 time, 2110.01 real, 455 MB, 1.09 load
[runlim] sample:		2119.77 time, 2120.01 real, 455 MB, 1.08 load
[runlim] sample:		2129.77 time, 2130.01 real, 456 MB, 1.06 load
[runlim] sample:		2139.77 time, 2140.01 real, 419 MB, 1.05 load
[runlim] sample:		2149.77 time, 2150.01 real, 419 MB, 1.05 load
[runlim] sample:		2159.76 time, 2160.01 real, 419 MB, 1.04 load
[runlim] sample:		2169.76 time, 2170.01 real, 408 MB, 1.03 load
[runlim] sample:		2179.76 time, 2180.01 real, 408 MB, 1.03 load
[runlim] sample:		2189.76 time, 2190.01 real, 408 MB, 1.02 load
[runlim] sample:		2199.76 time, 2200.01 real, 406 MB, 1.02 load
[runlim] sample:		2209.76 time, 2210.01 real, 406 MB, 1.02 load
[runlim] sample:		2219.76 time, 2220.01 real, 406 MB, 1.01 load
[runlim] sample:		2229.76 time, 2230.01 real, 406 MB, 1.01 load
[runlim] sample:		2239.76 time, 2240.01 real, 406 MB, 1.08 load
[runlim] sample:		2249.76 time, 2250.01 real, 408 MB, 1.07 load
[runlim] sample:		2259.76 time, 2260.01 real, 408 MB, 1.06 load
[runlim] sample:		2269.76 time, 2270.01 real, 408 MB, 1.05 load
[runlim] sample:		2279.76 time, 2280.01 real, 408 MB, 1.04 load
[runlim] sample:		2289.76 time, 2290.01 real, 438 MB, 1.03 load
[runlim] sample:		2299.76 time, 2300.01 real, 439 MB, 1.03 load
[runlim] sample:		2309.75 time, 2310.01 real, 439 MB, 1.02 load
[runlim] sample:		2319.75 time, 2320.01 real, 439 MB, 1.02 load
[runlim] sample:		2329.75 time, 2330.01 real, 439 MB, 1.02 load
[runlim] sample:		2339.75 time, 2340.01 real, 439 MB, 1.01 load
[runlim] sample:		2349.75 time, 2350.01 real, 439 MB, 1.01 load
[runlim] sample:		2359.75 time, 2360.01 real, 439 MB, 1.73 load
[runlim] sample:		2369.75 time, 2370.01 real, 439 MB, 1.62 load
[runlim] sample:		2379.75 time, 2380.01 real, 440 MB, 1.52 load
[runlim] sample:		2389.75 time, 2390.01 real, 440 MB, 1.44 load
[runlim] sample:		2399.75 time, 2400.01 real, 440 MB, 1.37 load
[runlim] sample:		2409.75 time, 2410.01 real, 440 MB, 1.31 load
[runlim] sample:		2419.74 time, 2420.01 real, 441 MB, 1.27 load
[runlim] sample:		2429.74 time, 2430.01 real, 441 MB, 1.22 load
[runlim] sample:		2439.73 time, 2440.01 real, 441 MB, 1.19 load
[runlim] sample:		2449.73 time, 2450.01 real, 441 MB, 1.16 load
[runlim] sample:		2459.73 time, 2460.01 real, 441 MB, 1.13 load
[runlim] sample:		2469.73 time, 2470.01 real, 442 MB, 1.11 load
[runlim] sample:		2479.73 time, 2480.01 real, 442 MB, 1.10 load
[runlim] sample:		2489.73 time, 2490.01 real, 442 MB, 1.15 load
[runlim] sample:		2499.72 time, 2500.01 real, 442 MB, 1.13 load
[runlim] sample:		2509.72 time, 2510.01 real, 442 MB, 1.11 load
[runlim] sample:		2519.72 time, 2520.01 real, 442 MB, 1.09 load
[runlim] sample:		2529.72 time, 2530.01 real, 442 MB, 1.08 load
[runlim] sample:		2539.71 time, 2540.01 real, 442 MB, 1.15 load
[runlim] sample:		2549.71 time, 2550.01 real, 442 MB, 1.12 load
[runlim] sample:		2559.71 time, 2560.01 real, 442 MB, 1.10 load
[runlim] sample:		2569.70 time, 2570.01 real, 443 MB, 1.09 load
[runlim] sample:		2579.70 time, 2580.01 real, 443 MB, 1.07 load
[runlim] sample:		2589.70 time, 2590.01 real, 443 MB, 1.06 load
[runlim] sample:		2599.70 time, 2600.01 real, 456 MB, 1.05 load
[runlim] sample:		2609.70 time, 2610.01 real, 456 MB, 1.12 load
[runlim] sample:		2619.70 time, 2620.01 real, 456 MB, 1.10 load
[runlim] sample:		2629.70 time, 2630.01 real, 459 MB, 1.09 load
[runlim] sample:		2639.70 time, 2640.01 real, 459 MB, 1.07 load
[runlim] sample:		2649.70 time, 2650.01 real, 459 MB, 1.06 load
[runlim] sample:		2659.70 time, 2660.01 real, 464 MB, 1.05 load
[runlim] sample:		2669.70 time, 2670.01 real, 464 MB, 1.04 load
[runlim] sample:		2679.70 time, 2680.01 real, 464 MB, 1.04 load
[runlim] sample:		2689.70 time, 2690.01 real, 457 MB, 1.03 load
[runlim] sample:		2699.70 time, 2700.01 real, 457 MB, 1.02 load
[runlim] sample:		2709.70 time, 2710.01 real, 457 MB, 1.02 load
[runlim] sample:		2719.69 time, 2720.01 real, 456 MB, 1.02 load
[runlim] sample:		2729.69 time, 2730.01 real, 456 MB, 1.01 load
[runlim] sample:		2739.69 time, 2740.01 real, 456 MB, 1.08 load
[runlim] sample:		2749.70 time, 2750.01 real, 458 MB, 1.07 load
[runlim] sample:		2759.69 time, 2760.01 real, 458 MB, 1.06 load
[runlim] sample:		2769.69 time, 2770.01 real, 458 MB, 1.05 load
[runlim] sample:		2779.69 time, 2780.01 real, 576 MB, 1.04 load
[runlim] sample:		2789.69 time, 2790.01 real, 459 MB, 1.04 load
[runlim] sample:		2799.69 time, 2800.01 real, 459 MB, 1.03 load
[runlim] sample:		2809.69 time, 2810.01 real, 459 MB, 1.02 load
[runlim] sample:		2819.69 time, 2820.01 real, 460 MB, 1.02 load
[runlim] sample:		2829.69 time, 2830.01 real, 460 MB, 1.02 load
[runlim] sample:		2839.68 time, 2840.01 real, 460 MB, 1.01 load
[runlim] sample:		2849.68 time, 2850.01 real, 460 MB, 1.01 load
[runlim] sample:		2859.69 time, 2860.01 real, 458 MB, 1.09 load
[runlim] sample:		2869.69 time, 2870.01 real, 458 MB, 1.08 load
[runlim] sample:		2879.69 time, 2880.01 real, 477 MB, 1.06 load
[runlim] sample:		2889.69 time, 2890.01 real, 462 MB, 1.05 load
[runlim] sample:		2899.69 time, 2900.01 real, 462 MB, 1.04 load
[runlim] sample:		2909.69 time, 2910.01 real, 462 MB, 1.04 load
[runlim] sample:		2919.68 time, 2920.01 real, 460 MB, 1.03 load
[runlim] sample:		2929.68 time, 2930.01 real, 460 MB, 1.03 load
[runlim] sample:		2939.68 time, 2940.01 real, 460 MB, 1.02 load
[runlim] sample:		2949.68 time, 2950.01 real, 584 MB, 1.02 load
[runlim] sample:		2959.68 time, 2960.01 real, 465 MB, 1.01 load
[runlim] sample:		2969.68 time, 2970.01 real, 465 MB, 1.01 load
[runlim] sample:		2979.68 time, 2980.01 real, 465 MB, 1.01 load
[runlim] sample:		2989.68 time, 2990.01 real, 472 MB, 1.67 load
[runlim] sample:		2999.68 time, 3000.01 real, 472 MB, 1.57 load
[runlim] sample:		3009.68 time, 3010.01 real, 472 MB, 1.48 load
[runlim] sample:		3019.68 time, 3020.01 real, 472 MB, 1.41 load
[runlim] sample:		3029.68 time, 3030.01 real, 472 MB, 1.34 load
[runlim] sample:		3039.67 time, 3040.01 real, 472 MB, 1.29 load
[runlim] sample:		3049.67 time, 3050.01 real, 472 MB, 1.24 load
[runlim] sample:		3059.67 time, 3060.01 real, 471 MB, 1.21 load
[runlim] sample:		3069.67 time, 3070.01 real, 471 MB, 1.17 load
[runlim] sample:		3079.67 time, 3080.01 real, 471 MB, 1.15 load
[runlim] sample:		3089.66 time, 3090.01 real, 468 MB, 1.12 load
[runlim] sample:		3099.66 time, 3100.01 real, 468 MB, 1.10 load
[runlim] sample:		3109.66 time, 3110.01 real, 468 MB, 1.17 load
[runlim] sample:		3119.66 time, 3120.01 real, 468 MB, 1.14 load
[runlim] sample:		3129.67 time, 3130.01 real, 469 MB, 1.12 load
[runlim] sample:		3139.67 time, 3140.01 real, 469 MB, 1.10 load
[runlim] sample:		3149.66 time, 3150.01 real, 469 MB, 1.08 load
[runlim] sample:		3159.66 time, 3160.01 real, 466 MB, 1.07 load
[runlim] sample:		3169.66 time, 3170.01 real, 466 MB, 1.06 load
[runlim] sample:		3179.66 time, 3180.01 real, 466 MB, 1.05 load
[runlim] sample:		3189.66 time, 3190.01 real, 466 MB, 1.04 load
[runlim] sample:		3199.66 time, 3200.01 real, 466 MB, 1.04 load
[runlim] sample:		3209.66 time, 3210.01 real, 446 MB, 1.03 load
[runlim] sample:		3219.66 time, 3220.01 real, 446 MB, 1.02 load
[runlim] sample:		3229.66 time, 3230.01 real, 446 MB, 1.02 load
[runlim] sample:		3239.66 time, 3240.01 real, 446 MB, 1.09 load
[runlim] sample:		3249.66 time, 3250.01 real, 446 MB, 1.08 load
[runlim] sample:		3259.65 time, 3260.01 real, 447 MB, 1.06 load
[runlim] sample:		3269.65 time, 3270.01 real, 447 MB, 1.05 load
[runlim] sample:		3279.65 time, 3280.01 real, 447 MB, 1.04 load
[runlim] sample:		3289.65 time, 3290.01 real, 447 MB, 1.04 load
[runlim] sample:		3299.65 time, 3300.01 real, 447 MB, 1.03 load
[runlim] sample:		3309.65 time, 3310.01 real, 448 MB, 1.03 load
[runlim] sample:		3319.65 time, 3320.01 real, 448 MB, 1.02 load
[runlim] sample:		3329.65 time, 3330.01 real, 448 MB, 1.02 load
[runlim] sample:		3339.65 time, 3340.01 real, 451 MB, 1.01 load
[runlim] sample:		3349.65 time, 3350.01 real, 451 MB, 1.01 load
[runlim] sample:		3359.65 time, 3360.01 real, 451 MB, 1.09 load
[runlim] sample:		3369.65 time, 3370.01 real, 452 MB, 1.08 load
[runlim] sample:		3379.65 time, 3380.01 real, 452 MB, 1.06 load
[runlim] sample:		3389.65 time, 3390.01 real, 452 MB, 1.05 load
[runlim] sample:		3399.65 time, 3400.01 real, 452 MB, 1.04 load
[runlim] sample:		3409.65 time, 3410.01 real, 452 MB, 1.04 load
[runlim] sample:		3419.65 time, 3420.01 real, 452 MB, 1.03 load
[runlim] sample:		3429.65 time, 3430.01 real, 454 MB, 1.03 load
[runlim] sample:		3439.64 time, 3440.01 real, 454 MB, 1.02 load
[runlim] sample:		3449.64 time, 3450.01 real, 454 MB, 1.02 load
[runlim] sample:		3459.64 time, 3460.01 real, 454 MB, 1.01 load
[runlim] sample:		3469.64 time, 3470.01 real, 454 MB, 1.01 load
[runlim] sample:		3479.64 time, 3480.01 real, 454 MB, 1.01 load
[runlim] sample:		3489.64 time, 3490.01 real, 454 MB, 1.08 load
[runlim] sample:		3499.64 time, 3500.01 real, 454 MB, 1.07 load
[runlim] sample:		3509.64 time, 3510.01 real, 454 MB, 1.06 load
[runlim] sample:		3519.64 time, 3520.01 real, 454 MB, 1.05 load
[runlim] sample:		3529.64 time, 3530.01 real, 454 MB, 1.04 load
[runlim] sample:		3539.63 time, 3540.01 real, 454 MB, 1.03 load
[runlim] sample:		3549.63 time, 3550.01 real, 455 MB, 1.03 load
[runlim] sample:		3559.63 time, 3560.01 real, 455 MB, 1.02 load
[runlim] sample:		3569.63 time, 3570.01 real, 455 MB, 1.02 load
[runlim] sample:		3579.64 time, 3580.01 real, 455 MB, 1.02 load
[runlim] sample:		3589.64 time, 3590.01 real, 455 MB, 1.01 load
[runlim] sample:		3599.64 time, 3600.01 real, 455 MB, 1.01 load
[runlim] end:			Thu Aug 20 06:39:54 2026
[runlim] status:		out of time
[runlim] result:		2
[runlim] children:		1
[runlim] processes:		2
[runlim] real:			3601.04 seconds
[runlim] time:			3599.64 seconds
[runlim] space:			603 MB
[runlim] load:			1.75 maximum
[runlim] samples:		36000
