[runlim] version:		2.0.0rc12
[runlim] host:			ap-Precision-7550
[runlim] time limit:		311040000 seconds
[runlim] real time limit:	600 seconds
[runlim] space limit:		8000 MB
[runlim] argv[0]:		python3
[runlim] argv[1]:		-u
[runlim] argv[2]:		main.py
[runlim] argv[3]:		--input
[runlim] argv[4]:		datasets/brandimarte/MK09
[runlim] argv[5]:		--factories
[runlim] argv[6]:		2
[runlim] start:			Tue Aug 11 12:09:54 2026
[runlim] child:			6083
[*] Running D-FJSSP SAT Solver with 2 factories, Symmetry Breaking = OFF, Full Transitive E* = OFF
===========================================================================
 D-FJSSP SAT SOLVER - PARALLEL FACTORIES SCHEDULING
===========================================================================
[*] Loading data from file: datasets/brandimarte/MK09
  -> Operations: 240 | Jobs: 20 | Machines: 10 | Factories: 2

[*] Running Greedy Heuristic...
  -> Greedy Solution: Makespan = 238 (0.0012s)

[*] Initializing and solving the SAT model...
------------------------------------------------------------------
[*] Trying with Upper Bound = 238...
  SAT ! Makespan = 238
  Schedule is valid with Makespan = 238
------------------------------------------------------------------
[*] Trying with Upper Bound = 237...
  SAT ! Makespan = 237
  Schedule is valid with Makespan = 237
------------------------------------------------------------------
[*] Trying with Upper Bound = 236...
  SAT ! Makespan = 236
  Schedule is valid with Makespan = 236
------------------------------------------------------------------
[*] Trying with Upper Bound = 235...
  SAT ! Makespan = 235
  Schedule is valid with Makespan = 235
------------------------------------------------------------------
[*] Trying with Upper Bound = 234...
  SAT ! Makespan = 234
  Schedule is valid with Makespan = 234
------------------------------------------------------------------
[*] Trying with Upper Bound = 233...
  SAT ! Makespan = 233
  Schedule is valid with Makespan = 233
------------------------------------------------------------------
[*] Trying with Upper Bound = 232...
  SAT ! Makespan = 232
  Schedule is valid with Makespan = 232
------------------------------------------------------------------
[*] Trying with Upper Bound = 231...
  SAT ! Makespan = 231
  Schedule is valid with Makespan = 231
------------------------------------------------------------------
[*] Trying with Upper Bound = 230...
  SAT ! Makespan = 230
  Schedule is valid with Makespan = 230
------------------------------------------------------------------
[*] Trying with Upper Bound = 229...
  SAT ! Makespan = 229
  Schedule is valid with Makespan = 229
------------------------------------------------------------------
[*] Trying with Upper Bound = 228...
  SAT ! Makespan = 228
  Schedule is valid with Makespan = 228
------------------------------------------------------------------
[*] Trying with Upper Bound = 227...
  SAT ! Makespan = 227
  Schedule is valid with Makespan = 227
------------------------------------------------------------------
[*] Trying with Upper Bound = 226...
  SAT ! Makespan = 226
  Schedule is valid with Makespan = 226
------------------------------------------------------------------
[*] Trying with Upper Bound = 225...
  SAT ! Makespan = 225
  Schedule is valid with Makespan = 225
------------------------------------------------------------------
[*] Trying with Upper Bound = 224...
  SAT ! Makespan = 224
  Schedule is valid with Makespan = 224
------------------------------------------------------------------
[*] Trying with Upper Bound = 223...
  SAT ! Makespan = 223
  Schedule is valid with Makespan = 223
------------------------------------------------------------------
[*] Trying with Upper Bound = 222...
  SAT ! Makespan = 222
  Schedule is valid with Makespan = 222
------------------------------------------------------------------
[*] Trying with Upper Bound = 221...
  SAT ! Makespan = 221
  Schedule is valid with Makespan = 221
------------------------------------------------------------------
[*] Trying with Upper Bound = 220...
  SAT ! Makespan = 220
  Schedule is valid with Makespan = 220
------------------------------------------------------------------
[*] Trying with Upper Bound = 219...
  SAT ! Makespan = 219
  Schedule is valid with Makespan = 219
------------------------------------------------------------------
[*] Trying with Upper Bound = 218...
  SAT ! Makespan = 218
  Schedule is valid with Makespan = 218
------------------------------------------------------------------
[*] Trying with Upper Bound = 217...
  SAT ! Makespan = 217
  Schedule is valid with Makespan = 217
------------------------------------------------------------------
[*] Trying with Upper Bound = 216...
  SAT ! Makespan = 216
  Schedule is valid with Makespan = 216
------------------------------------------------------------------
[*] Trying with Upper Bound = 215...
  SAT ! Makespan = 215
  Schedule is valid with Makespan = 215
------------------------------------------------------------------
[*] Trying with Upper Bound = 214...
  SAT ! Makespan = 214
  Schedule is valid with Makespan = 214
------------------------------------------------------------------
[*] Trying with Upper Bound = 213...
[runlim] sample:		9.94 time, 10.01 real, 426 MB, 1.00 load
  SAT ! Makespan = 213
  Schedule is valid with Makespan = 213
------------------------------------------------------------------
[*] Trying with Upper Bound = 212...
  SAT ! Makespan = 212
  Schedule is valid with Makespan = 212
------------------------------------------------------------------
[*] Trying with Upper Bound = 211...
  SAT ! Makespan = 211
  Schedule is valid with Makespan = 211
------------------------------------------------------------------
[*] Trying with Upper Bound = 210...
  SAT ! Makespan = 210
  Schedule is valid with Makespan = 210
------------------------------------------------------------------
[*] Trying with Upper Bound = 209...
  SAT ! Makespan = 209
  Schedule is valid with Makespan = 209
------------------------------------------------------------------
[*] Trying with Upper Bound = 208...
  SAT ! Makespan = 208
  Schedule is valid with Makespan = 208
------------------------------------------------------------------
[*] Trying with Upper Bound = 207...
  SAT ! Makespan = 207
  Schedule is valid with Makespan = 207
------------------------------------------------------------------
[*] Trying with Upper Bound = 206...
  SAT ! Makespan = 206
  Schedule is valid with Makespan = 206
------------------------------------------------------------------
[*] Trying with Upper Bound = 205...
  SAT ! Makespan = 205
  Schedule is valid with Makespan = 205
------------------------------------------------------------------
[*] Trying with Upper Bound = 204...
[runlim] sample:		19.94 time, 20.01 real, 415 MB, 1.00 load
  SAT ! Makespan = 204
  Schedule is valid with Makespan = 204
------------------------------------------------------------------
[*] Trying with Upper Bound = 203...
  SAT ! Makespan = 203
  Schedule is valid with Makespan = 203
------------------------------------------------------------------
[*] Trying with Upper Bound = 202...
  SAT ! Makespan = 202
  Schedule is valid with Makespan = 202
------------------------------------------------------------------
[*] Trying with Upper Bound = 201...
  SAT ! Makespan = 201
  Schedule is valid with Makespan = 201
------------------------------------------------------------------
[*] Trying with Upper Bound = 200...
  SAT ! Makespan = 200
  Schedule is valid with Makespan = 200
------------------------------------------------------------------
[*] Trying with Upper Bound = 199...
  SAT ! Makespan = 199
  Schedule is valid with Makespan = 199
------------------------------------------------------------------
[*] Trying with Upper Bound = 198...
  SAT ! Makespan = 198
  Schedule is valid with Makespan = 198
------------------------------------------------------------------
[*] Trying with Upper Bound = 197...
  SAT ! Makespan = 197
  Schedule is valid with Makespan = 197
------------------------------------------------------------------
[*] Trying with Upper Bound = 196...
  SAT ! Makespan = 196
  Schedule is valid with Makespan = 196
------------------------------------------------------------------
[*] Trying with Upper Bound = 195...
  SAT ! Makespan = 195
  Schedule is valid with Makespan = 195
------------------------------------------------------------------
[*] Trying with Upper Bound = 194...
  SAT ! Makespan = 194
  Schedule is valid with Makespan = 194
------------------------------------------------------------------
[*] Trying with Upper Bound = 193...
  SAT ! Makespan = 193
  Schedule is valid with Makespan = 193
------------------------------------------------------------------
[*] Trying with Upper Bound = 192...
  SAT ! Makespan = 192
  Schedule is valid with Makespan = 192
------------------------------------------------------------------
[*] Trying with Upper Bound = 191...
  SAT ! Makespan = 191
  Schedule is valid with Makespan = 191
------------------------------------------------------------------
[*] Trying with Upper Bound = 190...
  SAT ! Makespan = 190
  Schedule is valid with Makespan = 190
------------------------------------------------------------------
[*] Trying with Upper Bound = 189...
  SAT ! Makespan = 189
  Schedule is valid with Makespan = 189
------------------------------------------------------------------
[*] Trying with Upper Bound = 188...
  SAT ! Makespan = 188
  Schedule is valid with Makespan = 188
------------------------------------------------------------------
[*] Trying with Upper Bound = 187...
[runlim] sample:		29.93 time, 30.01 real, 386 MB, 1.00 load
  SAT ! Makespan = 187
  Schedule is valid with Makespan = 187
------------------------------------------------------------------
[*] Trying with Upper Bound = 186...
  SAT ! Makespan = 186
  Schedule is valid with Makespan = 186
------------------------------------------------------------------
[*] Trying with Upper Bound = 185...
  SAT ! Makespan = 185
  Schedule is valid with Makespan = 185
------------------------------------------------------------------
[*] Trying with Upper Bound = 184...
  SAT ! Makespan = 184
  Schedule is valid with Makespan = 184
------------------------------------------------------------------
[*] Trying with Upper Bound = 183...
  SAT ! Makespan = 183
  Schedule is valid with Makespan = 183
------------------------------------------------------------------
[*] Trying with Upper Bound = 182...
  SAT ! Makespan = 182
  Schedule is valid with Makespan = 182
------------------------------------------------------------------
[*] Trying with Upper Bound = 181...
  SAT ! Makespan = 181
  Schedule is valid with Makespan = 181
------------------------------------------------------------------
[*] Trying with Upper Bound = 180...
  SAT ! Makespan = 180
  Schedule is valid with Makespan = 180
------------------------------------------------------------------
[*] Trying with Upper Bound = 179...
[runlim] sample:		39.93 time, 40.01 real, 370 MB, 1.00 load
  SAT ! Makespan = 179
  Schedule is valid with Makespan = 179
------------------------------------------------------------------
[*] Trying with Upper Bound = 178...
  SAT ! Makespan = 178
  Schedule is valid with Makespan = 178
------------------------------------------------------------------
[*] Trying with Upper Bound = 177...
  SAT ! Makespan = 177
  Schedule is valid with Makespan = 177
------------------------------------------------------------------
[*] Trying with Upper Bound = 176...
[runlim] sample:		49.92 time, 50.01 real, 350 MB, 1.00 load
  SAT ! Makespan = 176
  Schedule is valid with Makespan = 176
------------------------------------------------------------------
[*] Trying with Upper Bound = 175...
  SAT ! Makespan = 175
  Schedule is valid with Makespan = 175
------------------------------------------------------------------
[*] Trying with Upper Bound = 174...
  SAT ! Makespan = 174
  Schedule is valid with Makespan = 174
------------------------------------------------------------------
[*] Trying with Upper Bound = 173...
  SAT ! Makespan = 173
  Schedule is valid with Makespan = 173
------------------------------------------------------------------
[*] Trying with Upper Bound = 172...
  SAT ! Makespan = 172
  Schedule is valid with Makespan = 172
------------------------------------------------------------------
[*] Trying with Upper Bound = 171...
  SAT ! Makespan = 171
  Schedule is valid with Makespan = 171
------------------------------------------------------------------
[*] Trying with Upper Bound = 170...
  SAT ! Makespan = 170
  Schedule is valid with Makespan = 170
------------------------------------------------------------------
[*] Trying with Upper Bound = 169...
   UNSAT

 Optimal Makespan = 170

 Summary:
  - Optimal Makespan   : 170
  - Greedy Time        : 0.0012s
  - SAT Time           : 56.0058s
  - Total Time         : 56.0584s
  - Schedule Status    : VALID
===========================================================================
[runlim] end:			Tue Aug 11 12:10:50 2026
[runlim] status:		ok
[runlim] result:		0
[runlim] children:		1
[runlim] processes:		2
[runlim] real:			56.11 seconds
[runlim] time:			55.92 seconds
[runlim] space:			645 MB
[runlim] load:			1.00 maximum
[runlim] samples:		561
