[runlim] version:		2.0.0rc12
[runlim] host:			fjssp-instance1
[runlim] time limit:		311040000 seconds
[runlim] real time limit:	1800 seconds
[runlim] space limit:		14000 MB
[runlim] argv[0]:		python3
[runlim] argv[1]:		-u
[runlim] argv[2]:		main.py
[runlim] argv[3]:		--input
[runlim] argv[4]:		datasets/fmj/mfjs10
[runlim] argv[5]:		--sb
[runlim] argv[6]:		--factories
[runlim] argv[7]:		4
[runlim] argv[8]:		--full_transitive
[runlim] start:			Sun Sep 20 18:34:46 2026
[runlim] child:			24940
[*] Loading data from file: datasets/fmj/mfjs10
[*] Running D-FJSSP SAT Solver with 4 factories, Symmetry Breaking = ON, Transitive E* = FULL
===========================================================================
 D-FJSSP SAT SOLVER - PARALLEL FACTORIES SCHEDULING
===========================================================================
  -> Operations: 48 | Jobs: 12 | Machines: 8 | Factories: 4

[*] Running Greedy Heuristic...
  -> Greedy Solution: Makespan = 944 (0.0002s)

[*] Initializing and solving the SAT model...
------------------------------------------------------------------
[*] Trying with Upper Bound = 944...
  SAT ! Makespan = 944
  Schedule: {0: {'job': 0, 'factory': 0, 'machine': 2, 'start': 0, 'duration': 100, 'end': 100}, 1: {'job': 0, 'factory': 0, 'machine': 6, 'start': 100, 'duration': 123, 'end': 223}, 2: {'job': 0, 'factory': 0, 'machine': 3, 'start': 230, 'duration': 150, 'end': 380}, 3: {'job': 0, 'factory': 0, 'machine': 6, 'start': 386, 'duration': 210, 'end': 596}, 4: {'job': 1, 'factory': 1, 'machine': 2, 'start': 2, 'duration': 150, 'end': 152}, 5: {'job': 1, 'factory': 1, 'machine': 1, 'start': 152, 'duration': 66, 'end': 218}, 6: {'job': 1, 'factory': 1, 'machine': 5, 'start': 221, 'duration': 95, 'end': 316}, 7: {'job': 1, 'factory': 1, 'machine': 4, 'start': 316, 'duration': 120, 'end': 436}, 8: {'job': 2, 'factory': 2, 'machine': 1, 'start': 5, 'duration': 62, 'end': 67}, 9: {'job': 2, 'factory': 2, 'machine': 3, 'start': 73, 'duration': 105, 'end': 178}, 10: {'job': 2, 'factory': 2, 'machine': 5, 'start': 188, 'duration': 153, 'end': 341}, 11: {'job': 2, 'factory': 2, 'machine': 5, 'start': 341, 'duration': 170, 'end': 511}, 12: {'job': 3, 'factory': 3, 'machine': 1, 'start': 69, 'duration': 65, 'end': 134}, 13: {'job': 3, 'factory': 3, 'machine': 2, 'start': 146, 'duration': 250, 'end': 396}, 14: {'job': 3, 'factory': 3, 'machine': 5, 'start': 396, 'duration': 136, 'end': 532}, 15: {'job': 3, 'factory': 3, 'machine': 4, 'start': 597, 'duration': 250, 'end': 847}, 16: {'job': 4, 'factory': 3, 'machine': 0, 'start': 17, 'duration': 128, 'end': 145}, 17: {'job': 4, 'factory': 3, 'machine': 4, 'start': 152, 'duration': 47, 'end': 199}, 18: {'job': 4, 'factory': 3, 'machine': 4, 'start': 199, 'duration': 110, 'end': 309}, 19: {'job': 4, 'factory': 3, 'machine': 7, 'start': 309, 'duration': 165, 'end': 474}, 20: {'job': 5, 'factory': 3, 'machine': 3, 'start': 33, 'duration': 154, 'end': 187}, 21: {'job': 5, 'factory': 3, 'machine': 3, 'start': 187, 'duration': 150, 'end': 337}, 22: {'job': 5, 'factory': 3, 'machine': 4, 'start': 437, 'duration': 120, 'end': 557}, 23: {'job': 5, 'factory': 3, 'machine': 6, 'start': 834, 'duration': 50, 'end': 884}, 24: {'job': 6, 'factory': 0, 'machine': 1, 'start': 0, 'duration': 157, 'end': 157}, 25: {'job': 6, 'factory': 0, 'machine': 4, 'start': 157, 'duration': 168, 'end': 325}, 26: {'job': 6, 'factory': 0, 'machine': 4, 'start': 325, 'duration': 145, 'end': 470}, 27: {'job': 6, 'factory': 0, 'machine': 7, 'start': 470, 'duration': 230, 'end': 700}, 28: {'job': 7, 'factory': 0, 'machine': 2, 'start': 111, 'duration': 257, 'end': 368}, 29: {'job': 7, 'factory': 0, 'machine': 5, 'start': 368, 'duration': 224, 'end': 592}, 30: {'job': 7, 'factory': 0, 'machine': 4, 'start': 592, 'duration': 145, 'end': 737}, 31: {'job': 7, 'factory': 0, 'machine': 6, 'start': 737, 'duration': 150, 'end': 887}, 32: {'job': 8, 'factory': 3, 'machine': 1, 'start': 134, 'duration': 150, 'end': 284}, 33: {'job': 8, 'factory': 3, 'machine': 3, 'start': 337, 'duration': 220, 'end': 557}, 34: {'job': 8, 'factory': 3, 'machine': 4, 'start': 557, 'duration': 40, 'end': 597}, 35: {'job': 8, 'factory': 3, 'machine': 5, 'start': 597, 'duration': 150, 'end': 747}, 36: {'job': 9, 'factory': 1, 'machine': 3, 'start': 77, 'duration': 245, 'end': 322}, 37: {'job': 9, 'factory': 1, 'machine': 5, 'start': 334, 'duration': 224, 'end': 558}, 38: {'job': 9, 'factory': 1, 'machine': 4, 'start': 559, 'duration': 145, 'end': 704}, 39: {'job': 9, 'factory': 1, 'machine': 7, 'start': 704, 'duration': 150, 'end': 854}, 40: {'job': 10, 'factory': 0, 'machine': 1, 'start': 215, 'duration': 150, 'end': 365}, 41: {'job': 10, 'factory': 0, 'machine': 3, 'start': 380, 'duration': 220, 'end': 600}, 42: {'job': 10, 'factory': 0, 'machine': 6, 'start': 600, 'duration': 50, 'end': 650}, 43: {'job': 10, 'factory': 0, 'machine': 5, 'start': 662, 'duration': 150, 'end': 812}, 44: {'job': 11, 'factory': 2, 'machine': 2, 'start': 0, 'duration': 345, 'end': 345}, 45: {'job': 11, 'factory': 2, 'machine': 2, 'start': 345, 'duration': 224, 'end': 569}, 46: {'job': 11, 'factory': 2, 'machine': 4, 'start': 569, 'duration': 145, 'end': 714}, 47: {'job': 11, 'factory': 2, 'machine': 7, 'start': 714, 'duration': 230, 'end': 944}}
  Total time: 0.4391 seconds
------------------------------------------------------------------
[*] Trying with Upper Bound = 943...
   UNSAT

 Optimal Makespan = 944

 Summary:
  - Optimal Makespan   : 944
  - Greedy Time        : 0.0002s
  - SAT Time           : 0.4496s
  - Total Time         : 0.4501s
  - Schedule Status    : VALID
===========================================================================
[runlim] end:			Sun Sep 20 18:34:46 2026
[runlim] status:		ok
[runlim] result:		0
[runlim] children:		1
[runlim] processes:		2
[runlim] real:			0.49 seconds
[runlim] time:			0.39 seconds
[runlim] space:			136 MB
[runlim] load:			1.00 maximum
[runlim] samples:		5
