[runlim] version:		2.0.0rc12
[runlim] host:			fjssp-instance1
[runlim] time limit:		311040000 seconds
[runlim] real time limit:	3600 seconds
[runlim] space limit:		14000 MB
[runlim] argv[0]:		python3
[runlim] argv[1]:		-u
[runlim] argv[2]:		mip.py
[runlim] argv[3]:		--input
[runlim] argv[4]:		datasets/rdata/la05.txt
[runlim] argv[5]:		--factories
[runlim] argv[6]:		4
[runlim] start:			Wed Sep  2 06:04:08 2026
[runlim] child:			9642
======================================================================
INSTANCE
======================================================================
File       : datasets/rdata/la05.txt
Operations : 50
Jobs       : 10
Machines   : 5
Factories  : 4
Edges      : 40

======================================================================
GREEDY HEURISTIC
======================================================================
Greedy UB   : 380
Greedy time : 0.000175 sec

======================================================================
MODEL 1 PARAMETERS
======================================================================
Greedy UB = 380
First operations = 10
Last operations  = 10

Adding greedy MIP start...

======================================================================
MODEL STATISTICS
======================================================================
Variables    : 4559
Constraints : 8402
Greedy UB   : 380

======================================================================
START CPLEX
======================================================================
Version identifier: 22.2.0.0 | 2026-05-04 | 5dff98e58
CPXPARAM_Read_DataCheck                          1
1 of 1 MIP starts provided solutions.
MIP start 'm1' defined initial solution with objective 380.0000.
Tried aggregator 2 times.
MIP Presolve eliminated 14 rows and 4 columns.
MIP Presolve modified 124 coefficients.
Aggregator did 52 substitutions.
Reduced MIP has 8336 rows, 4503 columns, and 42016 nonzeros.
Reduced MIP has 4452 binaries, 0 generals, 0 SOSs, and 0 indicators.
Presolve time = 0.02 sec. (31.80 ticks)
Probing time = 0.01 sec. (7.35 ticks)
Cover probing fixed 0 vars, tightened 47 bounds.
Tried aggregator 1 time.
Detecting symmetries...
MIP Presolve modified 17948 coefficients.
Reduced MIP has 8336 rows, 4503 columns, and 41956 nonzeros.
Reduced MIP has 4452 binaries, 0 generals, 0 SOSs, and 0 indicators.
Presolve time = 0.02 sec. (29.37 ticks)
Probing time = 0.00 sec. (6.24 ticks)
Clique table members: 4131.
MIP emphasis: balance optimality and feasibility.
MIP search method: dynamic search.
Parallel mode: deterministic, using up to 2 threads.
Root relaxation solution time = 0.01 sec. (11.03 ticks)

        Nodes                                         Cuts/
   Node  Left     Objective  IInf  Best Integer    Best Bound    ItCnt     Gap

*     0+    0                          380.0000      219.0000            42.37%
      0     0        cutoff            380.0000                     10    0.00%

Root node processing (before b&c):
  Real time             =    0.08 sec. (111.05 ticks)
Parallel b&c, 2 threads:
  Real time             =    0.00 sec. (0.00 ticks)
  Sync time (average)   =    0.00 sec.
  Wait time (average)   =    0.00 sec.
                          ------------
Total (root+branch&cut) =    0.08 sec. (111.05 ticks)

======================================================================
RESULT
======================================================================
Status     : integer optimal solution
Time       : 0.087
Makespan   : 380.000000
Best bound : 380.000000
Gap        : 0.0000%

======================================================================
FINAL SUMMARY
======================================================================
Greedy UB : 380
CPLEX     : 380.000000
Bound     : 380.000000
Time      : 0.087
[runlim] end:			Wed Sep  2 06:04:08 2026
[runlim] status:		ok
[runlim] result:		0
[runlim] children:		1
[runlim] processes:		2
[runlim] real:			0.49 seconds
[runlim] time:			0.39 seconds
[runlim] space:			69 MB
[runlim] load:			2.18 maximum
[runlim] samples:		5
