[runlim] version:		2.0.0rc12
[runlim] host:			fjssp-instance1
[runlim] time limit:		311040000 seconds
[runlim] real time limit:	3600 seconds
[runlim] space limit:		14000 MB
[runlim] argv[0]:		python3
[runlim] argv[1]:		-u
[runlim] argv[2]:		mip.py
[runlim] argv[3]:		--input
[runlim] argv[4]:		datasets/rdata/la09.txt
[runlim] argv[5]:		--factories
[runlim] argv[6]:		4
[runlim] start:			Wed Sep  2 06:04:13 2026
[runlim] child:			9666
======================================================================
INSTANCE
======================================================================
File       : datasets/rdata/la09.txt
Operations : 75
Jobs       : 15
Machines   : 5
Factories  : 4
Edges      : 60

======================================================================
GREEDY HEURISTIC
======================================================================
Greedy UB   : 447
Greedy time : 0.000243 sec

======================================================================
MODEL 1 PARAMETERS
======================================================================
Greedy UB = 447
First operations = 15
Last operations  = 15

Adding greedy MIP start...

======================================================================
MODEL STATISTICS
======================================================================
Variables    : 8740
Constraints : 16481
Greedy UB   : 447

======================================================================
START CPLEX
======================================================================
Version identifier: 22.2.0.0 | 2026-05-04 | 5dff98e58
CPXPARAM_Read_DataCheck                          1
1 of 1 MIP starts provided solutions.
MIP start 'm1' defined initial solution with objective 447.0000.
Tried aggregator 2 times.
MIP Presolve eliminated 19 rows and 4 columns.
MIP Presolve modified 5444 coefficients.
Aggregator did 104 substitutions.
Reduced MIP has 16358 rows, 8632 columns, and 82258 nonzeros.
Reduced MIP has 8556 binaries, 0 generals, 0 SOSs, and 0 indicators.
Presolve time = 0.04 sec. (68.84 ticks)
Probing time = 0.02 sec. (10.09 ticks)
Cover probing fixed 0 vars, tightened 80 bounds.
Tried aggregator 1 time.
Detecting symmetries...
MIP Presolve eliminated 0 rows and 4 columns.
MIP Presolve modified 50136 coefficients.
Reduced MIP has 16358 rows, 8628 columns, and 82118 nonzeros.
Reduced MIP has 8552 binaries, 0 generals, 0 SOSs, and 0 indicators.
Presolve time = 0.05 sec. (69.83 ticks)
Probing time = 0.01 sec. (8.10 ticks)
Clique table members: 3623.
MIP emphasis: balance optimality and feasibility.
MIP search method: dynamic search.
Parallel mode: deterministic, using up to 2 threads.
Root relaxation solution time = 0.03 sec. (55.53 ticks)

        Nodes                                         Cuts/
   Node  Left     Objective  IInf  Best Integer    Best Bound    ItCnt     Gap

*     0+    0                          447.0000      232.0000            48.10%
      0     0      382.0000   136      447.0000      382.0000      216   14.54%
*     0+    0                          411.0000      382.0000             7.06%
      0     0      382.0000    38      411.0000      Cuts: 38      244    7.06%
      0     0      382.0000    57      411.0000     Cuts: 153      335    7.06%
*     0+    0                          382.0000      382.0000             0.00%
      0     0        cutoff            382.0000      382.0000      366    0.00%
Elapsed time = 1.21 sec. (2283.50 ticks, tree = 0.01 MB, solutions = 3)

Clique cuts applied:  2
Cover cuts applied:  3
Implied bound cuts applied:  2
Flow cuts applied:  8
Mixed integer rounding cuts applied:  86
Lift and project cuts applied:  6
Gomory fractional cuts applied:  15

Root node processing (before b&c):
  Real time             =    1.21 sec. (2284.19 ticks)
Parallel b&c, 2 threads:
  Real time             =    0.00 sec. (0.00 ticks)
  Sync time (average)   =    0.00 sec.
  Wait time (average)   =    0.00 sec.
                          ------------
Total (root+branch&cut) =    1.21 sec. (2284.19 ticks)

======================================================================
RESULT
======================================================================
Status     : integer optimal solution
Time       : 1.223
Makespan   : 382.000000
Best bound : 382.000000
Gap        : 0.0000%

======================================================================
FINAL SUMMARY
======================================================================
Greedy UB : 447
CPLEX     : 382.000000
Bound     : 382.000000
Time      : 1.223
[runlim] end:			Wed Sep  2 06:04:15 2026
[runlim] status:		ok
[runlim] result:		0
[runlim] children:		1
[runlim] processes:		2
[runlim] real:			1.92 seconds
[runlim] time:			2.92 seconds
[runlim] space:			164 MB
[runlim] load:			2.08 maximum
[runlim] samples:		20
