[runlim] version:		2.0.0rc12
[runlim] host:			fjssp-instance1
[runlim] time limit:		311040000 seconds
[runlim] real time limit:	3600 seconds
[runlim] space limit:		14000 MB
[runlim] argv[0]:		python3
[runlim] argv[1]:		-u
[runlim] argv[2]:		mip.py
[runlim] argv[3]:		--input
[runlim] argv[4]:		datasets/rdata/la15.txt
[runlim] argv[5]:		--factories
[runlim] argv[6]:		4
[runlim] start:			Wed Sep  2 06:05:04 2026
[runlim] child:			9717
======================================================================
INSTANCE
======================================================================
File       : datasets/rdata/la15.txt
Operations : 100
Jobs       : 20
Machines   : 5
Factories  : 4
Edges      : 80

======================================================================
GREEDY HEURISTIC
======================================================================
Greedy UB   : 460
Greedy time : 0.000324 sec

======================================================================
MODEL 1 PARAMETERS
======================================================================
Greedy UB = 460
First operations = 20
Last operations  = 20

Adding greedy MIP start...

======================================================================
MODEL STATISTICS
======================================================================
Variables    : 16293
Constraints : 31200
Greedy UB   : 460

======================================================================
START CPLEX
======================================================================
Version identifier: 22.2.0.0 | 2026-05-04 | 5dff98e58
CPXPARAM_Read_DataCheck                          1
1 of 1 MIP starts provided solutions.
MIP start 'm1' defined initial solution with objective 460.0000.
Tried aggregator 2 times.
MIP Presolve eliminated 20 rows and 0 columns.
MIP Presolve modified 1520 coefficients.
Aggregator did 140 substitutions.
Reduced MIP has 31040 rows, 16153 columns, and 155972 nonzeros.
Reduced MIP has 16052 binaries, 0 generals, 0 SOSs, and 0 indicators.
Presolve time = 0.07 sec. (121.16 ticks)
Probing time = 0.03 sec. (14.39 ticks)
Cover probing fixed 0 vars, tightened 114 bounds.
Tried aggregator 1 time.
Detecting symmetries...
MIP Presolve modified 91328 coefficients.
Reduced MIP has 31040 rows, 16153 columns, and 155736 nonzeros.
Reduced MIP has 16052 binaries, 0 generals, 0 SOSs, and 0 indicators.
Presolve time = 0.10 sec. (115.49 ticks)
Probing time = 0.01 sec. (11.21 ticks)
Clique table members: 4429.
MIP emphasis: balance optimality and feasibility.
MIP search method: dynamic search.
Parallel mode: deterministic, using up to 2 threads.
Root relaxation solution time = 0.07 sec. (125.88 ticks)

        Nodes                                         Cuts/
   Node  Left     Objective  IInf  Best Integer    Best Bound    ItCnt     Gap

*     0+    0                          460.0000      214.0000            53.48%
      0     0      378.0000   184      460.0000      378.0000      286   17.83%
*     0+    0                          433.0000      378.0000            12.70%
      0     0      378.0000    79      433.0000      Cuts: 71      360   12.70%
      0     0      378.0000    77      433.0000     Cuts: 205      472   12.70%
      0     0      378.0000    74      433.0000      Cuts: 94      526   12.70%
      0     0      378.0000    67      433.0000      Cuts: 34      608   12.70%
      0     0      378.0000    71      433.0000     Cuts: 199      685   12.70%
      0     0      378.0000    71      433.0000      Cuts: 45      759   12.70%
      0     2      378.0000    54      433.0000      378.0000      759   12.70%
Elapsed time = 5.74 sec. (13380.56 ticks, tree = 0.02 MB, solutions = 2)
     21    22      378.0000    51      433.0000      378.0000      965   12.70%
     42    40      378.0000    43      433.0000      378.0000     1147   12.70%
     62    60      378.0000    40      433.0000      378.0000     1284   12.70%
     90    73      402.0000    38      433.0000      378.0000     1456   12.70%
    121    90      378.0000    43      433.0000      378.0000     1640   12.70%
    166   125      386.0000    41      433.0000      378.0000     1922   12.70%
    197   133      402.0000    29      433.0000      378.0000     2098   12.70%
    230   162      402.0000    34      433.0000      378.0000     2469   12.70%
    284   176      378.0000    42      433.0000      378.0000     2523   12.70%
    435   301      427.0000    15      433.0000      378.0000     3428   12.70%
Elapsed time = 7.05 sec. (16588.78 ticks, tree = 2.84 MB, solutions = 2)
    626   456      431.0000    24      433.0000      378.0000     4255   12.70%
    812   593      409.0000    11      433.0000      378.0000     4975   12.70%
*   816+  578                          431.0000      378.0000            12.30%
*   960+  612                          430.0000      378.0000            12.09%
    961   570      402.0000    23      430.0000      378.0000     5590   12.09%
   1134   685      424.0000    25      430.0000      378.0000     6086   12.09%
*  1160+  719                          429.0000      378.0000            11.89%
*  1162+  717                          415.0000      378.0000             8.92%
*  1163+  717                          413.0000      378.0000             8.47%
   1320   510      409.0000    29      413.0000      378.0000     7106    8.47%
[runlim] sample:		18.34 time, 10.01 real, 279 MB, 2.00 load
   1529   668      402.0000    29      413.0000      378.0000     8087    8.47%
*  1554+  644                          412.0000      378.0000             8.25%

Performing restart 1

Repeating presolve.
Tried aggregator 2 times.
MIP Presolve eliminated 2364 rows and 1214 columns.
MIP Presolve modified 61475 coefficients.
Aggregator did 3 substitutions.
Reduced MIP has 28673 rows, 14936 columns, and 143636 nonzeros.
Reduced MIP has 14835 binaries, 0 generals, 0 SOSs, and 0 indicators.
Presolve time = 0.09 sec. (173.24 ticks)
Tried aggregator 1 time.
MIP Presolve eliminated 10 rows and 7 columns.
MIP Presolve modified 69686 coefficients.
Reduced MIP has 28663 rows, 14929 columns, and 143536 nonzeros.
Reduced MIP has 14828 binaries, 0 generals, 0 SOSs, and 0 indicators.
Presolve time = 0.10 sec. (119.58 ticks)
Represolve time = 0.32 sec. (395.86 ticks)
*  1672+    0                          411.0000      378.0000             8.03%
   1672     0      378.0000    72      411.0000     Cuts: 123     9136    8.03%
   1672     0      378.0000   112      411.0000     Cuts: 593     9315    8.03%
   1672     0      378.0000    88      411.0000     Cuts: 828     9468    8.03%
   1672     0      378.0000    65      411.0000     Cuts: 822     9558    8.03%
[runlim] sample:		37.61 time, 20.01 real, 351 MB, 2.00 load
   1672     0      378.0000    71      411.0000     Cuts: 318     9650    8.03%
   1672     0      378.0000    43      411.0000      Cuts: 35     9714    8.03%
   1672     0      378.0000   124      411.0000     Cuts: 981     9908    8.03%
   1672     0      378.0000    75      411.0000      Cuts: 83    10021    8.03%
   1672     0      378.0000    66      411.0000     Cuts: 574    10146    8.03%
   1672     0      378.0000    68      411.0000     Cuts: 522    10272    8.03%
   1672     2      378.0000    38      411.0000      378.0000    10272    8.03%
   1687    14      378.0000    36      411.0000      378.0000    10506    8.03%
[runlim] sample:		57.41 time, 30.01 real, 351 MB, 2.00 load
   1702    27      378.0000    45      411.0000      378.0000    10763    8.03%
   1728    48      378.0000    43      411.0000      378.0000    10977    8.03%
Elapsed time = 29.32 sec. (58324.05 ticks, tree = 1.12 MB, solutions = 11)
   1762    75      408.0000    22      411.0000      378.0000    11312    8.03%
   1798    99      408.0000    25      411.0000      378.0000    11596    8.03%
   1833   120      408.0000    27      411.0000      378.0000    11861    8.03%
   1867   150        cutoff            411.0000      378.0000    12293    8.03%
   1893   164      392.0000    36      411.0000      378.0000    12575    8.03%
   1939   193      404.0000    32      411.0000      378.0000    12908    8.03%
   1984   222      378.0000    37      411.0000      378.0000    13318    8.03%
   2030   255      389.0000    31      411.0000      378.0000    13825    8.03%
   2081   281      381.0000    45      411.0000      378.0000    14206    8.03%
   2120   328      378.0000    37      411.0000      378.0000    15015    8.03%
Elapsed time = 33.15 sec. (67988.36 ticks, tree = 3.45 MB, solutions = 11)
   2186   374      393.0000    29      411.0000      378.0000    15398    8.03%
   2266   425      378.0000    24      411.0000      378.0000    15944    8.03%
   2312   463      388.0000    28      411.0000      378.0000    16280    8.03%
   2362   494      390.0000    25      411.0000      378.0000    16668    8.03%
   2414   533      378.0000    32      411.0000      378.0000    17121    8.03%
   2522   613      398.0000    24      411.0000      378.0000    18037    8.03%
   2618   673      378.0000    28      411.0000      378.0000    18722    8.03%
*  2620+  672                          405.0000      378.0000             6.67%
   2708   675      378.0000    29      405.0000      378.0000    19390    6.67%
   2814   745      397.0000    26      405.0000      378.0000    19991    6.67%
   2920   773      378.0000    39      405.0000      378.0000    20550    6.67%
Elapsed time = 37.26 sec. (77739.29 ticks, tree = 7.28 MB, solutions = 12)
   3033   839      378.0000    34      405.0000      378.0000    21540    6.67%
   3155   922      378.0000    25      405.0000      378.0000    22560    6.67%
   3309  1014      393.0000    41      405.0000      378.0000    23843    6.67%
   3471  1087        cutoff            405.0000      378.0000    25030    6.67%
[runlim] sample:		77.25 time, 40.01 real, 369 MB, 2.00 load
   3618  1123      378.0000    33      405.0000      378.0000    25689    6.67%
   3759  1208      393.0000    39      405.0000      378.0000    26699    6.67%
   3894  1324      378.0000    38      405.0000      378.0000    28061    6.67%
   4026  1426      397.0000    30      405.0000      378.0000    29192    6.67%
   4176  1519      378.0000    41      405.0000      378.0000    30358    6.67%
   4314  1644      402.0000    20      405.0000      378.0000    31470    6.67%
Elapsed time = 40.65 sec. (87360.81 ticks, tree = 14.45 MB, solutions = 12)
   4488  1742      381.0000    39      405.0000      378.0000    32384    6.67%
*  4642+ 1848                          403.0000      378.0000             6.20%
   4651  1744      378.0000    17      403.0000      378.0000    33361    6.20%
   4790  1822      391.0000    18      403.0000      378.0000    34066    6.20%
   4927  1913      378.0000    22      403.0000      378.0000    35060    6.20%
   5094  1996    infeasible            403.0000      378.0000    36215    6.20%
   5243  2109      381.0000    16      403.0000      378.0000    37743    6.20%
   5413  2211      378.0000    19      403.0000      378.0000    38509    6.20%
*  5426+ 2211                          401.0000      378.0000             5.74%
   5594  2244      378.0000    19      401.0000      378.0000    39697    5.74%
*  5689+ 2287                          399.0000      378.0000             5.26%
   5721  2313      394.0000    16      399.0000      378.0000    40691    5.26%
*  5785+ 2312                          398.0000      378.0000             5.03%
*  5812+ 2313                          397.0000      378.0000             4.79%
   5859  2223      388.0000    17      397.0000      378.0000    41636    4.79%
Elapsed time = 44.27 sec. (96937.26 ticks, tree = 19.44 MB, solutions = 17)
*  5949+ 2241                          389.0000      378.0000             2.83%
   5992  1464      383.0000    14      389.0000      378.0000    42621    2.83%
*  6070+ 1504                          388.0000      378.0000             2.58%
   6097  1227      378.0000    27      388.0000      378.0000    43181    2.58%
   6251  1246    infeasible            388.0000      378.0000    44368    2.58%
   6407  1266      378.0000    26      388.0000      378.0000    44961    2.58%
   6574  1329      384.0000    18      388.0000      378.0000    45241    2.58%
   6696  1322      378.0000    34      388.0000      378.0000    46549    2.58%
   6858  1403      384.0000    19      388.0000      378.0000    48172    2.58%
   7029  1446      387.0000    22      388.0000      378.0000    48833    2.58%
   7221  1532      378.0000    13      388.0000      378.0000    50306    2.58%
   7399  1574      378.0000    16      388.0000      378.0000    51055    2.58%
Elapsed time = 48.24 sec. (106561.03 ticks, tree = 13.92 MB, solutions = 20)
   7593  1636      378.0000    17      388.0000      378.0000    52825    2.58%
[runlim] sample:		97.09 time, 50.01 real, 372 MB, 2.00 load
   7802  1647      382.0000    20      388.0000      378.0000    54729    2.58%
   7984  1663        cutoff            388.0000      378.0000    55690    2.58%
   8182  1735      378.0000    22      388.0000      378.0000    56745    2.58%
   8372  1727      378.0000    20      388.0000      378.0000    57382    2.58%
   8590  1791      378.0000    20      388.0000      378.0000    58856    2.58%
   8797  1875      378.0000    21      388.0000      378.0000    60012    2.58%
   9004  1978      378.0000    22      388.0000      378.0000    61442    2.58%
   9209  2014      378.0000    17      388.0000      378.0000    62745    2.58%
   9431  2039      378.0000    18      388.0000      378.0000    63352    2.58%
Elapsed time = 52.11 sec. (116148.44 ticks, tree = 17.77 MB, solutions = 20)
   9669  2051      378.0000    22      388.0000      378.0000    64643    2.58%
   9875  2075      387.0000    18      388.0000      378.0000    65391    2.58%
  10062  2122      378.0000    16      388.0000      378.0000    66605    2.58%
  10261  2165      382.0000    16      388.0000      378.0000    67887    2.58%
  10484  2216      382.0000    21      388.0000      378.0000    68690    2.58%
  10745  2212        cutoff            388.0000      378.0000    70162    2.58%
  10948  2218    infeasible            388.0000      378.0000    71346    2.58%
  11158  2220      378.0000    21      388.0000      378.0000    73088    2.58%
  11360  2253        cutoff            388.0000      378.0000    73698    2.58%
  11567  2253      378.0000    20      388.0000      378.0000    75007    2.58%
Elapsed time = 56.34 sec. (125733.76 ticks, tree = 19.42 MB, solutions = 20)
  11751  2291      378.0000    31      388.0000      378.0000    75621    2.58%
  11896  2389      378.0000    28      388.0000      378.0000    77111    2.58%
  12055  2405      378.0000    22      388.0000      378.0000    77940    2.58%
  12226  2437      381.0000    19      388.0000      378.0000    79049    2.58%
  12420  2514      378.0000    22      388.0000      378.0000    80451    2.58%
  12629  2520      381.0000    34      388.0000      378.0000    81411    2.58%
[runlim] sample:		116.89 time, 60.01 real, 372 MB, 2.07 load
  12839  2557      381.0000    19      388.0000      378.0000    82384    2.58%
  13029  2598      378.0000    19      388.0000      378.0000    83374    2.58%
  13246  2596      378.0000    29      388.0000      378.0000    84752    2.58%
  14006  2773      378.0000    16      388.0000      378.0000    88525    2.58%
Elapsed time = 61.54 sec. (138215.09 ticks, tree = 23.83 MB, solutions = 20)
  14782  3012    infeasible            388.0000      378.0000    93061    2.58%
  15598  3109      381.0000    21      388.0000      378.0000    97534    2.58%
  16439  3263      378.0000    13      388.0000      378.0000   101043    2.58%
  17319  3340      378.0000    16      388.0000      378.0000   105122    2.58%
[runlim] sample:		136.72 time, 70.01 real, 374 MB, 2.06 load
  17736  3386      407.0000    20      388.0000      378.0000   107878    2.58%
  18469  3475      378.0000    17      388.0000      378.0000   110622    2.58%
  19374  3658      378.0000    31      388.0000      378.0000   114719    2.58%
  20137  3772      378.0000    25      388.0000      378.0000   118275    2.58%
  20803  3872      378.0000    24      388.0000      378.0000   122751    2.58%
[runlim] sample:		156.57 time, 80.01 real, 373 MB, 2.05 load
  21543  3986      378.0000    23      388.0000      378.0000   127671    2.58%
Elapsed time = 79.74 sec. (176453.24 ticks, tree = 34.20 MB, solutions = 20)
  22399  4148      378.0000    26      388.0000      378.0000   131518    2.58%
  23261  4371      382.0000    21      388.0000      378.0000   135981    2.58%
  24056  4668      378.0000    25      388.0000      378.0000   139915    2.58%
  24980  4844      378.0000    22      388.0000      378.0000   145187    2.58%
  25799  4970      382.0000    26      388.0000      378.0000   148554    2.58%
[runlim] sample:		176.43 time, 90.02 real, 383 MB, 2.04 load
  26651  5313      378.0000    21      388.0000      378.0000   152990    2.58%
  27453  5573      382.0000    25      388.0000      378.0000   157211    2.58%
* 28294+ 5776                          386.0000      378.0000             2.07%
  28295  5751      378.0000    21      386.0000      378.0000   160813    2.07%
* 28297+ 5637                          378.0000      378.0000             0.00%

GUB cover cuts applied:  2
Cover cuts applied:  2
Flow cuts applied:  3
Mixed integer rounding cuts applied:  5
Gomory fractional cuts applied:  2

Root node processing (before b&c):
  Real time             =    5.72 sec. (13339.59 ticks)
Parallel b&c, 2 threads:
  Real time             =   87.43 sec. (194607.44 ticks)
  Sync time (average)   =    4.11 sec.
  Wait time (average)   =    0.01 sec.
                          ------------
Total (root+branch&cut) =   93.16 sec. (207947.03 ticks)

======================================================================
RESULT
======================================================================
Status     : integer optimal solution
Time       : 93.177
Makespan   : 378.000000
Best bound : 378.000000
Gap        : 0.0000%

======================================================================
FINAL SUMMARY
======================================================================
Greedy UB : 460
CPLEX     : 378.000000
Bound     : 378.000000
Time      : 93.177
[runlim] end:			Wed Sep  2 06:06:39 2026
[runlim] status:		ok
[runlim] result:		0
[runlim] children:		1
[runlim] processes:		2
[runlim] real:			94.41 seconds
[runlim] time:			184.89 seconds
[runlim] space:			385 MB
[runlim] load:			2.08 maximum
[runlim] samples:		945
