[runlim] version:		2.0.0rc12
[runlim] host:			fjssp-instance1
[runlim] time limit:		311040000 seconds
[runlim] real time limit:	3600 seconds
[runlim] space limit:		14000 MB
[runlim] argv[0]:		python3
[runlim] argv[1]:		-u
[runlim] argv[2]:		mip.py
[runlim] argv[3]:		--input
[runlim] argv[4]:		datasets/rdata/la20.txt
[runlim] argv[5]:		--factories
[runlim] argv[6]:		4
[runlim] start:			Wed Sep  2 06:06:43 2026
[runlim] child:			9771
======================================================================
INSTANCE
======================================================================
File       : datasets/rdata/la20.txt
Operations : 100
Jobs       : 10
Machines   : 10
Factories  : 4
Edges      : 90

======================================================================
GREEDY HEURISTIC
======================================================================
Greedy UB   : 800
Greedy time : 0.000293 sec

======================================================================
MODEL 1 PARAMETERS
======================================================================
Greedy UB = 800
First operations = 10
Last operations  = 10

Adding greedy MIP start...

======================================================================
MODEL STATISTICS
======================================================================
Variables    : 8569
Constraints : 15824
Greedy UB   : 800

======================================================================
START CPLEX
======================================================================
Version identifier: 22.2.0.0 | 2026-05-04 | 5dff98e58
CPXPARAM_Read_DataCheck                          1
1 of 1 MIP starts provided solutions.
MIP start 'm1' defined initial solution with objective 800.0000.
Tried aggregator 2 times.
MIP Presolve eliminated 18 rows and 8 columns.
MIP Presolve modified 1720 coefficients.
Aggregator did 136 substitutions.
Reduced MIP has 15670 rows, 8425 columns, and 79036 nonzeros.
Reduced MIP has 8324 binaries, 0 generals, 0 SOSs, and 0 indicators.
Presolve time = 0.04 sec. (67.05 ticks)
Probing time = 0.03 sec. (11.92 ticks)
Cover probing fixed 0 vars, tightened 161 bounds.
Tried aggregator 1 time.
Detecting symmetries...
MIP Presolve eliminated 8 rows and 0 columns.
MIP Presolve modified 69816 coefficients.
Reduced MIP has 15662 rows, 8425 columns, and 78800 nonzeros.
Reduced MIP has 8324 binaries, 0 generals, 0 SOSs, and 0 indicators.
Presolve time = 0.05 sec. (59.87 ticks)
Probing time = 0.01 sec. (9.12 ticks)
Clique table members: 5734.
MIP emphasis: balance optimality and feasibility.
MIP search method: dynamic search.
Parallel mode: deterministic, using up to 2 threads.
Root relaxation solution time = 0.02 sec. (64.28 ticks)

        Nodes                                         Cuts/
   Node  Left     Objective  IInf  Best Integer    Best Bound    ItCnt     Gap

*     0+    0                          800.0000      379.0000            52.62%
      0     0      756.0000   152      800.0000      756.0000      229    5.50%
*     0+    0                          756.0000      756.0000             0.00%
      0     0        cutoff            756.0000      756.0000      269    0.00%
Elapsed time = 0.64 sec. (1408.96 ticks, tree = 0.01 MB, solutions = 2)

Cover cuts applied:  3
Flow cuts applied:  11
Mixed integer rounding cuts applied:  37
Zero-half cuts applied:  2
Lift and project cuts applied:  1
Gomory fractional cuts applied:  3

Root node processing (before b&c):
  Real time             =    0.64 sec. (1409.58 ticks)
Parallel b&c, 2 threads:
  Real time             =    0.00 sec. (0.00 ticks)
  Sync time (average)   =    0.00 sec.
  Wait time (average)   =    0.00 sec.
                          ------------
Total (root+branch&cut) =    0.64 sec. (1409.58 ticks)

======================================================================
RESULT
======================================================================
Status     : integer optimal solution
Time       : 0.647
Makespan   : 756.000000
Best bound : 756.000000
Gap        : 0.0000%

======================================================================
FINAL SUMMARY
======================================================================
Greedy UB : 800
CPLEX     : 756.000000
Bound     : 756.000000
Time      : 0.647
[runlim] end:			Wed Sep  2 06:06:44 2026
[runlim] status:		ok
[runlim] result:		0
[runlim] children:		1
[runlim] processes:		2
[runlim] real:			1.32 seconds
[runlim] time:			1.36 seconds
[runlim] space:			159 MB
[runlim] load:			1.96 maximum
[runlim] samples:		14
