[runlim] version:		2.0.0rc12
[runlim] host:			fjssp-instance
[runlim] time limit:		311040000 seconds
[runlim] real time limit:	3600 seconds
[runlim] space limit:		8000 MB
[runlim] argv[0]:		python3
[runlim] argv[1]:		-u
[runlim] argv[2]:		main.py
[runlim] argv[3]:		--input
[runlim] argv[4]:		datasets/rdata/la10.txt
[runlim] argv[5]:		--sb
[runlim] argv[6]:		--factories
[runlim] argv[7]:		4
[runlim] argv[8]:		--full_transitive
[runlim] start:			Sun Sep  6 16:07:02 2026
[runlim] child:			7914
[*] Loading data from file: datasets/rdata/la10.txt
[*] Running D-FJSSP SAT Solver with 4 factories, Symmetry Breaking = ON, Transitive E* = FULL
===========================================================================
 D-FJSSP SAT SOLVER - PARALLEL FACTORIES SCHEDULING
===========================================================================
  -> Operations: 75 | Jobs: 15 | Machines: 5 | Factories: 4

[*] Running Greedy Heuristic...
  -> Greedy Solution: Makespan = 501 (0.0002s)

[*] Initializing and solving the SAT model...
------------------------------------------------------------------
[*] Trying with Upper Bound = 501...
  SAT ! Makespan = 501
  Schedule is valid with Makespan = 501
  Total time: 0.5513 seconds
------------------------------------------------------------------
[*] Trying with Upper Bound = 500...
  SAT ! Makespan = 500
  Schedule is valid with Makespan = 500
  Total time: 0.5585 seconds
------------------------------------------------------------------
[*] Trying with Upper Bound = 499...
  SAT ! Makespan = 499
  Schedule is valid with Makespan = 499
  Total time: 0.5640 seconds
------------------------------------------------------------------
[*] Trying with Upper Bound = 498...
  SAT ! Makespan = 498
  Schedule is valid with Makespan = 498
  Total time: 0.5694 seconds
------------------------------------------------------------------
[*] Trying with Upper Bound = 497...
  SAT ! Makespan = 497
  Schedule is valid with Makespan = 497
  Total time: 0.5745 seconds
------------------------------------------------------------------
[*] Trying with Upper Bound = 496...
  SAT ! Makespan = 496
  Schedule is valid with Makespan = 496
  Total time: 0.5795 seconds
------------------------------------------------------------------
[*] Trying with Upper Bound = 495...
  SAT ! Makespan = 495
  Schedule is valid with Makespan = 495
  Total time: 0.5845 seconds
------------------------------------------------------------------
[*] Trying with Upper Bound = 494...
  SAT ! Makespan = 494
  Schedule is valid with Makespan = 494
  Total time: 0.5895 seconds
------------------------------------------------------------------
[*] Trying with Upper Bound = 493...
  SAT ! Makespan = 493
  Schedule is valid with Makespan = 493
  Total time: 0.5946 seconds
------------------------------------------------------------------
[*] Trying with Upper Bound = 492...
  SAT ! Makespan = 492
  Schedule is valid with Makespan = 492
  Total time: 0.5997 seconds
------------------------------------------------------------------
[*] Trying with Upper Bound = 491...
  SAT ! Makespan = 491
  Schedule is valid with Makespan = 491
  Total time: 0.6047 seconds
------------------------------------------------------------------
[*] Trying with Upper Bound = 490...
  SAT ! Makespan = 490
  Schedule is valid with Makespan = 490
  Total time: 0.6098 seconds
------------------------------------------------------------------
[*] Trying with Upper Bound = 489...
  SAT ! Makespan = 489
  Schedule is valid with Makespan = 489
  Total time: 0.6150 seconds
------------------------------------------------------------------
[*] Trying with Upper Bound = 488...
  SAT ! Makespan = 488
  Schedule is valid with Makespan = 488
  Total time: 0.6201 seconds
------------------------------------------------------------------
[*] Trying with Upper Bound = 487...
  SAT ! Makespan = 487
  Schedule is valid with Makespan = 487
  Total time: 0.6252 seconds
------------------------------------------------------------------
[*] Trying with Upper Bound = 486...
  SAT ! Makespan = 486
  Schedule is valid with Makespan = 486
  Total time: 0.6303 seconds
------------------------------------------------------------------
[*] Trying with Upper Bound = 485...
  SAT ! Makespan = 485
  Schedule is valid with Makespan = 485
  Total time: 0.6354 seconds
------------------------------------------------------------------
[*] Trying with Upper Bound = 484...
  SAT ! Makespan = 484
  Schedule is valid with Makespan = 484
  Total time: 0.6406 seconds
------------------------------------------------------------------
[*] Trying with Upper Bound = 483...
  SAT ! Makespan = 483
  Schedule is valid with Makespan = 483
  Total time: 0.6458 seconds
------------------------------------------------------------------
[*] Trying with Upper Bound = 482...
  SAT ! Makespan = 482
  Schedule is valid with Makespan = 482
  Total time: 0.6510 seconds
------------------------------------------------------------------
[*] Trying with Upper Bound = 481...
  SAT ! Makespan = 481
  Schedule is valid with Makespan = 481
  Total time: 0.6561 seconds
------------------------------------------------------------------
[*] Trying with Upper Bound = 480...
  SAT ! Makespan = 480
  Schedule is valid with Makespan = 480
  Total time: 0.6612 seconds
------------------------------------------------------------------
[*] Trying with Upper Bound = 479...
  SAT ! Makespan = 479
  Schedule is valid with Makespan = 479
  Total time: 0.6665 seconds
------------------------------------------------------------------
[*] Trying with Upper Bound = 478...
  SAT ! Makespan = 478
  Schedule is valid with Makespan = 478
  Total time: 0.6717 seconds
------------------------------------------------------------------
[*] Trying with Upper Bound = 477...
  SAT ! Makespan = 477
  Schedule is valid with Makespan = 477
  Total time: 0.6770 seconds
------------------------------------------------------------------
[*] Trying with Upper Bound = 476...
  SAT ! Makespan = 476
  Schedule is valid with Makespan = 476
  Total time: 0.6820 seconds
------------------------------------------------------------------
[*] Trying with Upper Bound = 475...
  SAT ! Makespan = 475
  Schedule is valid with Makespan = 475
  Total time: 0.6872 seconds
------------------------------------------------------------------
[*] Trying with Upper Bound = 474...
  SAT ! Makespan = 474
  Schedule is valid with Makespan = 474
  Total time: 0.6923 seconds
------------------------------------------------------------------
[*] Trying with Upper Bound = 473...
  SAT ! Makespan = 473
  Schedule is valid with Makespan = 473
  Total time: 0.6975 seconds
------------------------------------------------------------------
[*] Trying with Upper Bound = 472...
  SAT ! Makespan = 472
  Schedule is valid with Makespan = 472
  Total time: 0.7026 seconds
------------------------------------------------------------------
[*] Trying with Upper Bound = 471...
  SAT ! Makespan = 471
  Schedule is valid with Makespan = 471
  Total time: 0.7077 seconds
------------------------------------------------------------------
[*] Trying with Upper Bound = 470...
  SAT ! Makespan = 470
  Schedule is valid with Makespan = 470
  Total time: 0.7129 seconds
------------------------------------------------------------------
[*] Trying with Upper Bound = 469...
  SAT ! Makespan = 469
  Schedule is valid with Makespan = 469
  Total time: 0.7181 seconds
------------------------------------------------------------------
[*] Trying with Upper Bound = 468...
  SAT ! Makespan = 468
  Schedule is valid with Makespan = 468
  Total time: 0.7233 seconds
------------------------------------------------------------------
[*] Trying with Upper Bound = 467...
  SAT ! Makespan = 467
  Schedule is valid with Makespan = 467
  Total time: 0.7285 seconds
------------------------------------------------------------------
[*] Trying with Upper Bound = 466...
  SAT ! Makespan = 466
  Schedule is valid with Makespan = 466
  Total time: 0.7336 seconds
------------------------------------------------------------------
[*] Trying with Upper Bound = 465...
  SAT ! Makespan = 465
  Schedule is valid with Makespan = 465
  Total time: 0.7389 seconds
------------------------------------------------------------------
[*] Trying with Upper Bound = 464...
  SAT ! Makespan = 464
  Schedule is valid with Makespan = 464
  Total time: 0.7440 seconds
------------------------------------------------------------------
[*] Trying with Upper Bound = 463...
  SAT ! Makespan = 463
  Schedule is valid with Makespan = 463
  Total time: 0.7492 seconds
------------------------------------------------------------------
[*] Trying with Upper Bound = 462...
  SAT ! Makespan = 462
  Schedule is valid with Makespan = 462
  Total time: 0.7544 seconds
------------------------------------------------------------------
[*] Trying with Upper Bound = 461...
  SAT ! Makespan = 461
  Schedule is valid with Makespan = 461
  Total time: 0.7596 seconds
------------------------------------------------------------------
[*] Trying with Upper Bound = 460...
  SAT ! Makespan = 460
  Schedule is valid with Makespan = 460
  Total time: 0.7649 seconds
------------------------------------------------------------------
[*] Trying with Upper Bound = 459...
  SAT ! Makespan = 459
  Schedule is valid with Makespan = 459
  Total time: 0.7701 seconds
------------------------------------------------------------------
[*] Trying with Upper Bound = 458...
  SAT ! Makespan = 458
  Schedule is valid with Makespan = 458
  Total time: 0.7753 seconds
------------------------------------------------------------------
[*] Trying with Upper Bound = 457...
  SAT ! Makespan = 457
  Schedule is valid with Makespan = 457
  Total time: 0.7805 seconds
------------------------------------------------------------------
[*] Trying with Upper Bound = 456...
  SAT ! Makespan = 456
  Schedule is valid with Makespan = 456
  Total time: 0.7857 seconds
------------------------------------------------------------------
[*] Trying with Upper Bound = 455...
  SAT ! Makespan = 455
  Schedule is valid with Makespan = 455
  Total time: 0.7910 seconds
------------------------------------------------------------------
[*] Trying with Upper Bound = 454...
  SAT ! Makespan = 454
  Schedule is valid with Makespan = 454
  Total time: 0.7964 seconds
------------------------------------------------------------------
[*] Trying with Upper Bound = 453...
  SAT ! Makespan = 453
  Schedule is valid with Makespan = 453
  Total time: 0.8017 seconds
------------------------------------------------------------------
[*] Trying with Upper Bound = 452...
  SAT ! Makespan = 452
  Schedule is valid with Makespan = 452
  Total time: 0.8071 seconds
------------------------------------------------------------------
[*] Trying with Upper Bound = 451...
  SAT ! Makespan = 451
  Schedule is valid with Makespan = 451
  Total time: 0.8124 seconds
------------------------------------------------------------------
[*] Trying with Upper Bound = 450...
  SAT ! Makespan = 450
  Schedule is valid with Makespan = 450
  Total time: 0.8176 seconds
------------------------------------------------------------------
[*] Trying with Upper Bound = 449...
  SAT ! Makespan = 449
  Schedule is valid with Makespan = 449
  Total time: 0.8229 seconds
------------------------------------------------------------------
[*] Trying with Upper Bound = 448...
  SAT ! Makespan = 448
  Schedule is valid with Makespan = 448
  Total time: 0.8282 seconds
------------------------------------------------------------------
[*] Trying with Upper Bound = 447...
  SAT ! Makespan = 447
  Schedule is valid with Makespan = 447
  Total time: 0.8334 seconds
------------------------------------------------------------------
[*] Trying with Upper Bound = 446...
  SAT ! Makespan = 446
  Schedule is valid with Makespan = 446
  Total time: 0.8386 seconds
------------------------------------------------------------------
[*] Trying with Upper Bound = 445...
  SAT ! Makespan = 445
  Schedule is valid with Makespan = 445
  Total time: 0.8439 seconds
------------------------------------------------------------------
[*] Trying with Upper Bound = 444...
  SAT ! Makespan = 444
  Schedule is valid with Makespan = 444
  Total time: 0.8491 seconds
------------------------------------------------------------------
[*] Trying with Upper Bound = 443...
  SAT ! Makespan = 443
  Schedule is valid with Makespan = 443
  Total time: 0.8544 seconds
------------------------------------------------------------------
[*] Trying with Upper Bound = 442...
   UNSAT

 Optimal Makespan = 443

 Summary:
  - Optimal Makespan   : 443
  - Greedy Time        : 0.0002s
  - SAT Time           : 0.8688s
  - Total Time         : 0.8694s
  - Schedule Status    : VALID
===========================================================================
[runlim] end:			Sun Sep  6 16:07:03 2026
[runlim] status:		ok
[runlim] result:		0
[runlim] children:		1
[runlim] processes:		2
[runlim] real:			0.91 seconds
[runlim] time:			0.79 seconds
[runlim] space:			132 MB
[runlim] load:			1.02 maximum
[runlim] samples:		9
