[runlim] version:		2.0.0rc12
[runlim] host:			fjssp-instance
[runlim] time limit:		311040000 seconds
[runlim] real time limit:	3600 seconds
[runlim] space limit:		8000 MB
[runlim] argv[0]:		python3
[runlim] argv[1]:		-u
[runlim] argv[2]:		main.py
[runlim] argv[3]:		--input
[runlim] argv[4]:		datasets/rdata/la19.txt
[runlim] argv[5]:		--sb
[runlim] argv[6]:		--factories
[runlim] argv[7]:		4
[runlim] argv[8]:		--full_transitive
[runlim] start:			Sun Sep  6 16:07:17 2026
[runlim] child:			8012
[*] Loading data from file: datasets/rdata/la19.txt
[*] Running D-FJSSP SAT Solver with 4 factories, Symmetry Breaking = ON, Transitive E* = FULL
===========================================================================
 D-FJSSP SAT SOLVER - PARALLEL FACTORIES SCHEDULING
===========================================================================
  -> Operations: 100 | Jobs: 10 | Machines: 10 | Factories: 4

[*] Running Greedy Heuristic...
  -> Greedy Solution: Makespan = 617 (0.0003s)

[*] Initializing and solving the SAT model...
------------------------------------------------------------------
[*] Trying with Upper Bound = 617...
  SAT ! Makespan = 617
  Schedule is valid with Makespan = 617
  Total time: 0.1128 seconds
------------------------------------------------------------------
[*] Trying with Upper Bound = 616...
   UNSAT

 Optimal Makespan = 617

 Summary:
  - Optimal Makespan   : 617
  - Greedy Time        : 0.0003s
  - SAT Time           : 0.1156s
  - Total Time         : 0.1164s
  - Schedule Status    : VALID
===========================================================================
[runlim] end:			Sun Sep  6 16:07:17 2026
[runlim] status:		ok
[runlim] result:		0
[runlim] children:		1
[runlim] processes:		2
[runlim] real:			0.15 seconds
[runlim] time:			0.10 seconds
[runlim] space:			47 MB
[runlim] load:			1.02 maximum
[runlim] samples:		2
