[runlim] version:		2.0.0rc12
[runlim] host:			fjssp-instance
[runlim] time limit:		311040000 seconds
[runlim] real time limit:	3600 seconds
[runlim] space limit:		8000 MB
[runlim] argv[0]:		python3
[runlim] argv[1]:		-u
[runlim] argv[2]:		main.py
[runlim] argv[3]:		--input
[runlim] argv[4]:		datasets/rdata/mt06.txt
[runlim] argv[5]:		--sb
[runlim] argv[6]:		--factories
[runlim] argv[7]:		4
[runlim] argv[8]:		--full_transitive
[runlim] start:			Sun Sep  6 16:07:18 2026
[runlim] child:			8028
[*] Loading data from file: datasets/rdata/mt06.txt
[*] Running D-FJSSP SAT Solver with 4 factories, Symmetry Breaking = ON, Transitive E* = FULL
===========================================================================
 D-FJSSP SAT SOLVER - PARALLEL FACTORIES SCHEDULING
===========================================================================
  -> Operations: 36 | Jobs: 6 | Machines: 6 | Factories: 4

[*] Running Greedy Heuristic...
  -> Greedy Solution: Makespan = 47 (0.0001s)

[*] Initializing and solving the SAT model...
------------------------------------------------------------------
[*] Trying with Upper Bound = 47...
  SAT ! Makespan = 47
  Schedule is valid with Makespan = 47
  Total time: 0.0104 seconds
------------------------------------------------------------------
[*] Trying with Upper Bound = 46...
   UNSAT

 Optimal Makespan = 47

 Summary:
  - Optimal Makespan   : 47
  - Greedy Time        : 0.0001s
  - SAT Time           : 0.0103s
  - Total Time         : 0.0107s
  - Schedule Status    : VALID
===========================================================================
[runlim] end:			Sun Sep  6 16:07:18 2026
[runlim] status:		ok
[runlim] result:		0
[runlim] children:		0
[runlim] processes:		0
[runlim] real:			0.04 seconds
[runlim] time:			0.00 seconds
[runlim] space:			0 MB
[runlim] load:			1.02 maximum
[runlim] samples:		1
