[runlim] version:		2.0.0rc12
[runlim] host:			fjssp-instance1
[runlim] time limit:		311040000 seconds
[runlim] real time limit:	3600 seconds
[runlim] space limit:		14000 MB
[runlim] argv[0]:		python3
[runlim] argv[1]:		-u
[runlim] argv[2]:		main.py
[runlim] argv[3]:		--input
[runlim] argv[4]:		datasets/brandimarte/MK05
[runlim] argv[5]:		--factories
[runlim] argv[6]:		2
[runlim] argv[7]:		--full_transitive
[runlim] start:			Sat Aug 15 07:26:27 2026
[runlim] child:			109598
[*] Loading data from file: datasets/brandimarte/MK05
[*] Running D-FJSSP SAT Solver with 2 factories, Symmetry Breaking = OFF, Transitive E* = FULL
===========================================================================
 D-FJSSP SAT SOLVER - PARALLEL FACTORIES SCHEDULING
===========================================================================
  -> Operations: 106 | Jobs: 15 | Machines: 4 | Factories: 2

[*] Running Greedy Heuristic...
  -> Greedy Solution: Makespan = 107 (0.0003s)

[*] Initializing and solving the SAT model...
------------------------------------------------------------------
[*] Trying with Upper Bound = 107...
  SAT ! Makespan = 107
  Schedule is valid with Makespan = 107
  Total time: 0.4824 seconds
------------------------------------------------------------------
[*] Trying with Upper Bound = 106...
  SAT ! Makespan = 106
  Schedule is valid with Makespan = 106
  Total time: 0.4951 seconds
------------------------------------------------------------------
[*] Trying with Upper Bound = 105...
  SAT ! Makespan = 105
  Schedule is valid with Makespan = 105
  Total time: 0.5169 seconds
------------------------------------------------------------------
[*] Trying with Upper Bound = 104...
  SAT ! Makespan = 104
  Schedule is valid with Makespan = 104
  Total time: 0.7935 seconds
------------------------------------------------------------------
[*] Trying with Upper Bound = 103...
  SAT ! Makespan = 103
  Schedule is valid with Makespan = 103
  Total time: 1.6276 seconds
------------------------------------------------------------------
[*] Trying with Upper Bound = 102...
  SAT ! Makespan = 102
  Schedule is valid with Makespan = 102
  Total time: 2.1471 seconds
------------------------------------------------------------------
[*] Trying with Upper Bound = 101...
  SAT ! Makespan = 101
  Schedule is valid with Makespan = 101
  Total time: 2.2648 seconds
------------------------------------------------------------------
[*] Trying with Upper Bound = 100...
  SAT ! Makespan = 100
  Schedule is valid with Makespan = 100
  Total time: 2.6677 seconds
------------------------------------------------------------------
[*] Trying with Upper Bound = 99...
  SAT ! Makespan = 99
  Schedule is valid with Makespan = 99
  Total time: 2.7964 seconds
------------------------------------------------------------------
[*] Trying with Upper Bound = 98...
  SAT ! Makespan = 98
  Schedule is valid with Makespan = 98
  Total time: 3.3821 seconds
------------------------------------------------------------------
[*] Trying with Upper Bound = 97...
  SAT ! Makespan = 97
  Schedule is valid with Makespan = 97
  Total time: 3.8465 seconds
------------------------------------------------------------------
[*] Trying with Upper Bound = 96...
  SAT ! Makespan = 96
  Schedule is valid with Makespan = 96
  Total time: 4.2029 seconds
------------------------------------------------------------------
[*] Trying with Upper Bound = 95...
  SAT ! Makespan = 95
  Schedule is valid with Makespan = 95
  Total time: 4.3057 seconds
------------------------------------------------------------------
[*] Trying with Upper Bound = 94...
  SAT ! Makespan = 94
  Schedule is valid with Makespan = 94
  Total time: 6.1269 seconds
------------------------------------------------------------------
[*] Trying with Upper Bound = 93...
  SAT ! Makespan = 93
  Schedule is valid with Makespan = 93
  Total time: 6.6315 seconds
------------------------------------------------------------------
[*] Trying with Upper Bound = 92...
  SAT ! Makespan = 92
  Schedule is valid with Makespan = 92
  Total time: 7.5465 seconds
------------------------------------------------------------------
[*] Trying with Upper Bound = 91...
[runlim] sample:		9.98 time, 10.01 real, 111 MB, 0.36 load
  SAT ! Makespan = 91
  Schedule is valid with Makespan = 91
  Total time: 16.7118 seconds
------------------------------------------------------------------
[*] Trying with Upper Bound = 90...
[runlim] sample:		19.98 time, 20.01 real, 111 MB, 0.46 load
[runlim] sample:		29.99 time, 30.01 real, 111 MB, 0.63 load
[runlim] sample:		39.99 time, 40.01 real, 112 MB, 0.68 load
[runlim] sample:		49.98 time, 50.01 real, 112 MB, 0.73 load
[runlim] sample:		59.97 time, 60.01 real, 129 MB, 0.85 load
[runlim] sample:		69.97 time, 70.01 real, 115 MB, 0.88 load
[runlim] sample:		79.97 time, 80.01 real, 115 MB, 0.90 load
[runlim] sample:		89.97 time, 90.01 real, 115 MB, 0.91 load
[runlim] sample:		99.98 time, 100.01 real, 115 MB, 0.93 load
[runlim] sample:		109.98 time, 110.01 real, 115 MB, 0.94 load
[runlim] sample:		119.97 time, 120.01 real, 115 MB, 0.95 load
[runlim] sample:		129.97 time, 130.01 real, 131 MB, 0.96 load
[runlim] sample:		139.97 time, 140.01 real, 115 MB, 0.96 load
[runlim] sample:		149.97 time, 150.01 real, 132 MB, 0.97 load
[runlim] sample:		159.96 time, 160.01 real, 115 MB, 1.05 load
  SAT ! Makespan = 90
  Schedule is valid with Makespan = 90
  Total time: 160.5578 seconds
------------------------------------------------------------------
[*] Trying with Upper Bound = 89...
[runlim] sample:		169.97 time, 170.01 real, 116 MB, 1.04 load
  SAT ! Makespan = 89
  Schedule is valid with Makespan = 89
  Total time: 172.3027 seconds
------------------------------------------------------------------
[*] Trying with Upper Bound = 88...
[runlim] sample:		179.96 time, 180.01 real, 117 MB, 1.03 load
[runlim] sample:		189.97 time, 190.01 real, 135 MB, 1.10 load
[runlim] sample:		199.96 time, 200.01 real, 117 MB, 1.09 load
[runlim] sample:		209.96 time, 210.01 real, 118 MB, 1.07 load
[runlim] sample:		219.96 time, 220.01 real, 118 MB, 1.06 load
[runlim] sample:		229.96 time, 230.01 real, 119 MB, 1.05 load
[runlim] sample:		239.96 time, 240.01 real, 120 MB, 1.04 load
[runlim] sample:		249.95 time, 250.01 real, 121 MB, 1.04 load
[runlim] sample:		259.96 time, 260.01 real, 137 MB, 1.03 load
[runlim] sample:		269.96 time, 270.01 real, 137 MB, 1.02 load
[runlim] sample:		279.96 time, 280.01 real, 137 MB, 1.10 load
[runlim] sample:		289.95 time, 290.01 real, 142 MB, 1.08 load
[runlim] sample:		299.96 time, 300.01 real, 161 MB, 1.07 load
[runlim] sample:		309.95 time, 310.01 real, 161 MB, 1.06 load
[runlim] sample:		319.94 time, 320.01 real, 163 MB, 1.05 load
[runlim] sample:		329.94 time, 330.01 real, 163 MB, 1.04 load
[runlim] sample:		339.93 time, 340.01 real, 123 MB, 1.04 load
[runlim] sample:		349.94 time, 350.01 real, 124 MB, 1.03 load
[runlim] sample:		359.94 time, 360.01 real, 124 MB, 1.02 load
[runlim] sample:		369.93 time, 370.01 real, 126 MB, 1.02 load
[runlim] sample:		379.93 time, 380.01 real, 128 MB, 1.02 load
[runlim] sample:		389.93 time, 390.01 real, 152 MB, 1.33 load
[runlim] sample:		399.93 time, 400.01 real, 173 MB, 1.28 load
[runlim] sample:		409.93 time, 410.01 real, 173 MB, 1.31 load
[runlim] sample:		419.93 time, 420.01 real, 178 MB, 1.26 load
[runlim] sample:		429.93 time, 430.01 real, 178 MB, 1.22 load
[runlim] sample:		439.93 time, 440.01 real, 178 MB, 1.19 load
[runlim] sample:		449.93 time, 450.01 real, 178 MB, 1.16 load
[runlim] sample:		459.93 time, 460.02 real, 133 MB, 1.13 load
[runlim] sample:		469.92 time, 470.01 real, 156 MB, 1.11 load
[runlim] sample:		479.92 time, 480.01 real, 182 MB, 1.10 load
[runlim] sample:		489.92 time, 490.01 real, 182 MB, 1.08 load
[runlim] sample:		499.92 time, 500.01 real, 182 MB, 1.07 load
[runlim] sample:		509.92 time, 510.01 real, 182 MB, 1.06 load
[runlim] sample:		519.92 time, 520.01 real, 182 MB, 1.05 load
[runlim] sample:		529.91 time, 530.01 real, 182 MB, 1.12 load
[runlim] sample:		539.91 time, 540.01 real, 182 MB, 1.10 load
[runlim] sample:		549.91 time, 550.01 real, 182 MB, 1.08 load
[runlim] sample:		559.91 time, 560.01 real, 182 MB, 1.15 load
[runlim] sample:		569.91 time, 570.01 real, 182 MB, 1.13 load
[runlim] sample:		579.91 time, 580.01 real, 182 MB, 1.11 load
[runlim] sample:		589.91 time, 590.01 real, 182 MB, 1.09 load
[runlim] sample:		599.91 time, 600.02 real, 182 MB, 1.08 load
[runlim] sample:		609.91 time, 610.01 real, 182 MB, 1.06 load
[runlim] sample:		619.91 time, 620.01 real, 182 MB, 1.05 load
[runlim] sample:		629.91 time, 630.01 real, 182 MB, 1.05 load
[runlim] sample:		639.91 time, 640.01 real, 182 MB, 1.04 load
[runlim] sample:		649.91 time, 650.01 real, 182 MB, 1.03 load
[runlim] sample:		659.91 time, 660.01 real, 184 MB, 1.10 load
[runlim] sample:		669.90 time, 670.01 real, 184 MB, 1.08 load
[runlim] sample:		679.90 time, 680.01 real, 184 MB, 1.07 load
[runlim] sample:		689.90 time, 690.01 real, 184 MB, 1.13 load
[runlim] sample:		699.90 time, 700.01 real, 184 MB, 1.11 load
[runlim] sample:		709.90 time, 710.01 real, 184 MB, 1.10 load
[runlim] sample:		719.90 time, 720.01 real, 187 MB, 1.08 load
[runlim] sample:		729.90 time, 730.01 real, 187 MB, 1.07 load
[runlim] sample:		739.90 time, 740.01 real, 187 MB, 1.06 load
[runlim] sample:		749.90 time, 750.01 real, 187 MB, 1.05 load
[runlim] sample:		759.90 time, 760.01 real, 187 MB, 1.04 load
[runlim] sample:		769.90 time, 770.01 real, 187 MB, 1.03 load
[runlim] sample:		779.90 time, 780.01 real, 192 MB, 1.11 load
[runlim] sample:		789.90 time, 790.01 real, 220 MB, 1.09 load
[runlim] sample:		799.90 time, 800.01 real, 249 MB, 1.08 load
[runlim] sample:		809.90 time, 810.01 real, 249 MB, 1.15 load
[runlim] sample:		819.90 time, 820.01 real, 249 MB, 1.12 load
[runlim] sample:		829.90 time, 830.01 real, 249 MB, 1.10 load
[runlim] sample:		839.89 time, 840.01 real, 164 MB, 1.09 load
[runlim] sample:		849.90 time, 850.01 real, 193 MB, 1.07 load
[runlim] sample:		859.90 time, 860.01 real, 193 MB, 1.06 load
[runlim] sample:		869.89 time, 870.01 real, 223 MB, 1.05 load
[runlim] sample:		879.89 time, 880.01 real, 223 MB, 1.04 load
[runlim] sample:		889.89 time, 890.01 real, 223 MB, 1.04 load
[runlim] sample:		899.89 time, 900.01 real, 223 MB, 1.03 load
[runlim] sample:		909.89 time, 910.01 real, 148 MB, 1.10 load
[runlim] sample:		919.89 time, 920.01 real, 181 MB, 1.08 load
[runlim] sample:		929.89 time, 930.01 real, 208 MB, 1.15 load
[runlim] sample:		939.89 time, 940.01 real, 208 MB, 1.79 load
[runlim] sample:		949.88 time, 950.01 real, 208 MB, 1.67 load
[runlim] sample:		959.88 time, 960.01 real, 208 MB, 1.57 load
[runlim] sample:		969.88 time, 970.01 real, 208 MB, 1.48 load
[runlim] sample:		979.88 time, 980.01 real, 149 MB, 1.40 load
[runlim] sample:		989.88 time, 990.01 real, 154 MB, 1.34 load
[runlim] sample:		999.88 time, 1000.01 real, 154 MB, 1.29 load
[runlim] sample:		1009.88 time, 1010.01 real, 154 MB, 1.24 load
[runlim] sample:		1019.88 time, 1020.01 real, 154 MB, 1.21 load
[runlim] sample:		1029.88 time, 1030.01 real, 167 MB, 1.25 load
[runlim] sample:		1039.88 time, 1040.01 real, 168 MB, 1.21 load
[runlim] sample:		1049.88 time, 1050.01 real, 168 MB, 1.18 load
[runlim] sample:		1059.88 time, 1060.01 real, 168 MB, 1.23 load
[runlim] sample:		1069.88 time, 1070.01 real, 151 MB, 1.20 load
[runlim] sample:		1079.87 time, 1080.01 real, 188 MB, 1.17 load
[runlim] sample:		1089.86 time, 1090.01 real, 188 MB, 1.14 load
[runlim] sample:		1099.87 time, 1100.01 real, 171 MB, 1.12 load
[runlim] sample:		1109.87 time, 1110.01 real, 204 MB, 1.10 load
[runlim] sample:		1119.86 time, 1120.01 real, 204 MB, 1.08 load
[runlim] sample:		1129.86 time, 1130.01 real, 171 MB, 1.07 load
[runlim] sample:		1139.86 time, 1140.01 real, 171 MB, 1.06 load
[runlim] sample:		1149.86 time, 1150.01 real, 204 MB, 1.05 load
[runlim] sample:		1159.86 time, 1160.01 real, 204 MB, 1.12 load
[runlim] sample:		1169.86 time, 1170.01 real, 204 MB, 1.10 load
[runlim] sample:		1179.86 time, 1180.01 real, 204 MB, 1.08 load
[runlim] sample:		1189.86 time, 1190.01 real, 206 MB, 1.14 load
[runlim] sample:		1199.85 time, 1200.01 real, 211 MB, 1.12 load
[runlim] sample:		1209.86 time, 1210.01 real, 206 MB, 1.10 load
[runlim] sample:		1219.86 time, 1220.01 real, 207 MB, 1.09 load
[runlim] sample:		1229.85 time, 1230.01 real, 208 MB, 1.07 load
[runlim] sample:		1239.86 time, 1240.01 real, 212 MB, 1.06 load
[runlim] sample:		1249.85 time, 1250.01 real, 210 MB, 1.05 load
  SAT ! Makespan = 88
  Schedule is valid with Makespan = 88
  Total time: 1256.1748 seconds
------------------------------------------------------------------
[*] Trying with Upper Bound = 87...
[runlim] sample:		1259.85 time, 1260.01 real, 215 MB, 1.04 load
[runlim] sample:		1269.85 time, 1270.01 real, 173 MB, 1.04 load
[runlim] sample:		1279.85 time, 1280.01 real, 173 MB, 1.11 load
[runlim] sample:		1289.85 time, 1290.01 real, 173 MB, 1.09 load
[runlim] sample:		1299.85 time, 1300.01 real, 206 MB, 1.08 load
[runlim] sample:		1309.84 time, 1310.01 real, 173 MB, 1.15 load
[runlim] sample:		1319.84 time, 1320.01 real, 173 MB, 1.12 load
[runlim] sample:		1329.85 time, 1330.01 real, 205 MB, 1.10 load
[runlim] sample:		1339.84 time, 1340.01 real, 212 MB, 1.09 load
[runlim] sample:		1349.84 time, 1350.01 real, 173 MB, 1.07 load
[runlim] sample:		1359.84 time, 1360.01 real, 173 MB, 1.06 load
[runlim] sample:		1369.84 time, 1370.01 real, 208 MB, 1.05 load
[runlim] sample:		1379.84 time, 1380.01 real, 208 MB, 1.04 load
[runlim] sample:		1389.84 time, 1390.01 real, 173 MB, 1.04 load
[runlim] sample:		1399.84 time, 1400.01 real, 173 MB, 1.03 load
[runlim] sample:		1409.84 time, 1410.01 real, 206 MB, 1.10 load
[runlim] sample:		1419.84 time, 1420.01 real, 173 MB, 1.08 load
[runlim] sample:		1429.84 time, 1430.01 real, 173 MB, 1.07 load
[runlim] sample:		1439.83 time, 1440.01 real, 207 MB, 1.13 load
[runlim] sample:		1449.83 time, 1450.01 real, 207 MB, 1.11 load
[runlim] sample:		1459.83 time, 1460.01 real, 173 MB, 1.09 load
[runlim] sample:		1469.83 time, 1470.01 real, 173 MB, 1.08 load
[runlim] sample:		1479.83 time, 1480.01 real, 208 MB, 1.07 load
[runlim] sample:		1489.83 time, 1490.01 real, 208 MB, 1.06 load
[runlim] sample:		1499.83 time, 1500.01 real, 173 MB, 1.05 load
[runlim] sample:		1509.83 time, 1510.01 real, 173 MB, 1.04 load
[runlim] sample:		1519.83 time, 1520.01 real, 208 MB, 1.03 load
[runlim] sample:		1529.83 time, 1530.01 real, 208 MB, 1.11 load
[runlim] sample:		1539.83 time, 1540.01 real, 173 MB, 1.09 load
[runlim] sample:		1549.83 time, 1550.01 real, 182 MB, 1.08 load
[runlim] sample:		1559.82 time, 1560.01 real, 218 MB, 1.79 load
[runlim] sample:		1569.83 time, 1570.01 real, 218 MB, 1.66 load
[runlim] sample:		1579.83 time, 1580.01 real, 182 MB, 1.56 load
[runlim] sample:		1589.82 time, 1590.01 real, 182 MB, 1.48 load
[runlim] sample:		1599.83 time, 1600.01 real, 222 MB, 1.40 load
[runlim] sample:		1609.83 time, 1610.01 real, 222 MB, 1.34 load
[runlim] sample:		1619.82 time, 1620.01 real, 220 MB, 1.29 load
[runlim] sample:		1629.82 time, 1630.01 real, 183 MB, 1.24 load
[runlim] sample:		1639.82 time, 1640.01 real, 222 MB, 1.20 load
[runlim] sample:		1649.82 time, 1650.01 real, 223 MB, 1.17 load
[runlim] sample:		1659.82 time, 1660.01 real, 183 MB, 1.22 load
[runlim] sample:		1669.81 time, 1670.01 real, 224 MB, 1.19 load
[runlim] sample:		1679.81 time, 1680.01 real, 183 MB, 1.16 load
[runlim] sample:		1689.81 time, 1690.01 real, 225 MB, 1.21 load
[runlim] sample:		1699.81 time, 1700.01 real, 183 MB, 1.17 load
[runlim] sample:		1709.81 time, 1710.01 real, 226 MB, 1.15 load
[runlim] sample:		1719.80 time, 1720.01 real, 183 MB, 1.12 load
[runlim] sample:		1729.80 time, 1730.01 real, 227 MB, 1.10 load
[runlim] sample:		1739.80 time, 1740.01 real, 183 MB, 1.09 load
[runlim] sample:		1749.80 time, 1750.01 real, 224 MB, 1.07 load
[runlim] sample:		1759.80 time, 1760.01 real, 183 MB, 1.06 load
[runlim] sample:		1769.80 time, 1770.01 real, 225 MB, 1.05 load
[runlim] sample:		1779.80 time, 1780.01 real, 183 MB, 1.12 load
[runlim] sample:		1789.80 time, 1790.01 real, 183 MB, 1.10 load
[runlim] sample:		1799.79 time, 1800.01 real, 219 MB, 1.09 load
[runlim] sample:		1809.79 time, 1810.01 real, 219 MB, 1.15 load
[runlim] sample:		1819.79 time, 1820.01 real, 219 MB, 1.13 load
[runlim] sample:		1829.79 time, 1830.01 real, 183 MB, 1.11 load
[runlim] sample:		1839.79 time, 1840.01 real, 183 MB, 1.09 load
[runlim] sample:		1849.79 time, 1850.01 real, 220 MB, 1.08 load
[runlim] sample:		1859.79 time, 1860.01 real, 220 MB, 1.06 load
[runlim] sample:		1869.79 time, 1870.01 real, 183 MB, 1.05 load
[runlim] sample:		1879.79 time, 1880.01 real, 183 MB, 1.05 load
[runlim] sample:		1889.79 time, 1890.01 real, 192 MB, 1.04 load
[runlim] sample:		1899.79 time, 1900.01 real, 230 MB, 1.03 load
[runlim] sample:		1909.79 time, 1910.01 real, 230 MB, 1.10 load
[runlim] sample:		1919.79 time, 1920.01 real, 192 MB, 1.08 load
[runlim] sample:		1929.79 time, 1930.01 real, 192 MB, 1.07 load
[runlim] sample:		1939.78 time, 1940.01 real, 231 MB, 1.13 load
[runlim] sample:		1949.78 time, 1950.01 real, 231 MB, 1.11 load
[runlim] sample:		1959.79 time, 1960.01 real, 192 MB, 1.10 load
[runlim] sample:		1969.79 time, 1970.01 real, 192 MB, 1.08 load
[runlim] sample:		1979.78 time, 1980.01 real, 192 MB, 1.07 load
[runlim] sample:		1989.78 time, 1990.01 real, 232 MB, 1.06 load
[runlim] sample:		1999.78 time, 2000.01 real, 232 MB, 1.05 load
[runlim] sample:		2009.78 time, 2010.01 real, 193 MB, 1.04 load
[runlim] sample:		2019.78 time, 2020.01 real, 193 MB, 1.03 load
[runlim] sample:		2029.78 time, 2030.01 real, 193 MB, 1.11 load
[runlim] sample:		2039.78 time, 2040.01 real, 232 MB, 1.09 load
[runlim] sample:		2049.78 time, 2050.01 real, 232 MB, 1.08 load
[runlim] sample:		2059.78 time, 2060.01 real, 233 MB, 1.15 load
[runlim] sample:		2069.77 time, 2070.01 real, 233 MB, 1.12 load
[runlim] sample:		2079.77 time, 2080.01 real, 233 MB, 1.10 load
[runlim] sample:		2089.77 time, 2090.01 real, 193 MB, 1.09 load
[runlim] sample:		2099.77 time, 2100.01 real, 193 MB, 1.07 load
[runlim] sample:		2109.76 time, 2110.01 real, 233 MB, 1.06 load
[runlim] sample:		2119.76 time, 2120.01 real, 233 MB, 1.05 load
[runlim] sample:		2129.76 time, 2130.01 real, 233 MB, 1.04 load
[runlim] sample:		2139.77 time, 2140.01 real, 233 MB, 1.04 load
[runlim] sample:		2149.77 time, 2150.01 real, 233 MB, 1.03 load
[runlim] sample:		2159.77 time, 2160.01 real, 233 MB, 1.10 load
[runlim] sample:		2169.76 time, 2170.01 real, 193 MB, 1.16 load
[runlim] sample:		2179.76 time, 2180.01 real, 193 MB, 1.13 load
[runlim] sample:		2189.76 time, 2190.01 real, 233 MB, 1.78 load
[runlim] sample:		2199.76 time, 2200.01 real, 233 MB, 1.66 load
[runlim] sample:		2209.76 time, 2210.01 real, 233 MB, 1.55 load
[runlim] sample:		2219.75 time, 2220.01 real, 193 MB, 1.47 load
[runlim] sample:		2229.75 time, 2230.01 real, 193 MB, 1.40 load
[runlim] sample:		2239.75 time, 2240.01 real, 193 MB, 1.34 load
[runlim] sample:		2249.75 time, 2250.01 real, 234 MB, 1.28 load
[runlim] sample:		2259.75 time, 2260.01 real, 234 MB, 1.24 load
[runlim] sample:		2269.75 time, 2270.01 real, 234 MB, 1.20 load
[runlim] sample:		2279.74 time, 2280.01 real, 234 MB, 1.48 load
[runlim] sample:		2289.74 time, 2290.01 real, 234 MB, 1.48 load
[runlim] sample:		2299.74 time, 2300.01 real, 234 MB, 1.41 load
[runlim] sample:		2309.75 time, 2310.01 real, 234 MB, 1.43 load
[runlim] sample:		2319.75 time, 2320.01 real, 234 MB, 1.36 load
[runlim] sample:		2329.74 time, 2330.01 real, 235 MB, 1.30 load
[runlim] sample:		2339.74 time, 2340.01 real, 235 MB, 1.26 load
[runlim] sample:		2349.74 time, 2350.01 real, 235 MB, 1.22 load
[runlim] sample:		2359.74 time, 2360.01 real, 234 MB, 1.18 load
[runlim] sample:		2369.74 time, 2370.01 real, 234 MB, 1.15 load
[runlim] sample:		2379.74 time, 2380.01 real, 234 MB, 1.13 load
[runlim] sample:		2389.74 time, 2390.01 real, 209 MB, 1.11 load
[runlim] sample:		2399.74 time, 2400.01 real, 209 MB, 1.09 load
[runlim] sample:		2409.74 time, 2410.01 real, 209 MB, 1.15 load
[runlim] sample:		2419.75 time, 2420.01 real, 251 MB, 1.13 load
[runlim] sample:		2429.75 time, 2430.01 real, 251 MB, 1.11 load
[runlim] sample:		2439.75 time, 2440.01 real, 251 MB, 1.17 load
[runlim] sample:		2449.75 time, 2450.01 real, 251 MB, 1.14 load
[runlim] sample:		2459.75 time, 2460.01 real, 251 MB, 1.12 load
[runlim] sample:		2469.75 time, 2470.01 real, 251 MB, 1.10 load
[runlim] sample:		2479.75 time, 2480.01 real, 209 MB, 1.08 load
[runlim] sample:		2489.75 time, 2490.01 real, 209 MB, 1.07 load
[runlim] sample:		2499.74 time, 2500.01 real, 252 MB, 1.06 load
[runlim] sample:		2509.74 time, 2510.01 real, 252 MB, 1.05 load
[runlim] sample:		2519.74 time, 2520.01 real, 252 MB, 1.04 load
[runlim] sample:		2529.74 time, 2530.01 real, 252 MB, 1.12 load
[runlim] sample:		2539.74 time, 2540.01 real, 252 MB, 1.10 load
[runlim] sample:		2549.74 time, 2550.01 real, 252 MB, 1.08 load
[runlim] sample:		2559.73 time, 2560.01 real, 252 MB, 1.15 load
[runlim] sample:		2569.73 time, 2570.01 real, 252 MB, 1.13 load
[runlim] sample:		2579.73 time, 2580.01 real, 252 MB, 1.11 load
[runlim] sample:		2589.73 time, 2590.01 real, 252 MB, 1.09 load
[runlim] sample:		2599.73 time, 2600.01 real, 252 MB, 1.08 load
[runlim] sample:		2609.73 time, 2610.01 real, 252 MB, 1.06 load
[runlim] sample:		2619.73 time, 2620.01 real, 252 MB, 1.05 load
[runlim] sample:		2629.73 time, 2630.01 real, 252 MB, 1.04 load
[runlim] sample:		2639.73 time, 2640.01 real, 252 MB, 1.04 load
[runlim] sample:		2649.72 time, 2650.01 real, 252 MB, 1.03 load
[runlim] sample:		2659.72 time, 2660.01 real, 252 MB, 1.10 load
[runlim] sample:		2669.72 time, 2670.01 real, 252 MB, 1.08 load
[runlim] sample:		2679.72 time, 2680.01 real, 253 MB, 1.07 load
[runlim] sample:		2689.73 time, 2690.01 real, 253 MB, 1.13 load
[runlim] sample:		2699.72 time, 2700.01 real, 253 MB, 1.11 load
[runlim] sample:		2709.72 time, 2710.01 real, 253 MB, 1.10 load
[runlim] sample:		2719.72 time, 2720.01 real, 253 MB, 1.08 load
[runlim] sample:		2729.72 time, 2730.01 real, 253 MB, 1.07 load
[runlim] sample:		2739.72 time, 2740.01 real, 253 MB, 1.06 load
[runlim] sample:		2749.72 time, 2750.01 real, 253 MB, 1.05 load
[runlim] sample:		2759.72 time, 2760.01 real, 253 MB, 1.04 load
[runlim] sample:		2769.72 time, 2770.01 real, 209 MB, 1.03 load
[runlim] sample:		2779.72 time, 2780.01 real, 209 MB, 1.11 load
[runlim] sample:		2789.72 time, 2790.01 real, 256 MB, 1.09 load
[runlim] sample:		2799.71 time, 2800.01 real, 209 MB, 1.08 load
[runlim] sample:		2809.72 time, 2810.01 real, 254 MB, 2.03 load
[runlim] sample:		2819.72 time, 2820.01 real, 209 MB, 1.87 load
[runlim] sample:		2829.72 time, 2830.01 real, 209 MB, 1.73 load
[runlim] sample:		2839.71 time, 2840.01 real, 260 MB, 1.62 load
[runlim] sample:		2849.71 time, 2850.01 real, 209 MB, 1.52 load
[runlim] sample:		2859.71 time, 2860.01 real, 259 MB, 1.44 load
[runlim] sample:		2869.71 time, 2870.01 real, 209 MB, 1.38 load
[runlim] sample:		2879.71 time, 2880.01 real, 255 MB, 1.39 load
[runlim] sample:		2889.71 time, 2890.01 real, 209 MB, 1.56 load
[runlim] sample:		2899.70 time, 2900.01 real, 259 MB, 1.47 load
[runlim] sample:		2909.70 time, 2910.01 real, 209 MB, 1.47 load
[runlim] sample:		2919.70 time, 2920.01 real, 209 MB, 1.40 load
[runlim] sample:		2929.70 time, 2930.01 real, 260 MB, 1.34 load
[runlim] sample:		2939.70 time, 2940.01 real, 209 MB, 1.36 load
[runlim] sample:		2949.70 time, 2950.01 real, 262 MB, 1.30 load
[runlim] sample:		2959.69 time, 2960.01 real, 211 MB, 1.26 load
[runlim] sample:		2969.70 time, 2970.01 real, 255 MB, 1.22 load
[runlim] sample:		2979.69 time, 2980.01 real, 255 MB, 1.18 load
[runlim] sample:		2989.69 time, 2990.01 real, 211 MB, 1.15 load
[runlim] sample:		2999.69 time, 3000.01 real, 265 MB, 1.13 load
[runlim] sample:		3009.70 time, 3010.01 real, 265 MB, 1.11 load
[runlim] sample:		3019.70 time, 3020.01 real, 211 MB, 1.09 load
[runlim] sample:		3029.69 time, 3030.01 real, 265 MB, 1.16 load
[runlim] sample:		3039.69 time, 3040.01 real, 211 MB, 1.21 load
[runlim] sample:		3049.69 time, 3050.01 real, 263 MB, 1.17 load
[runlim] sample:		3059.69 time, 3060.01 real, 211 MB, 1.23 load
[runlim] sample:		3069.69 time, 3070.01 real, 211 MB, 1.19 load
[runlim] sample:		3079.69 time, 3080.01 real, 261 MB, 1.16 load
[runlim] sample:		3089.68 time, 3090.01 real, 211 MB, 1.14 load
[runlim] sample:		3099.69 time, 3100.01 real, 262 MB, 1.12 load
[runlim] sample:		3109.68 time, 3110.01 real, 211 MB, 1.10 load
[runlim] sample:		3119.69 time, 3120.01 real, 260 MB, 1.08 load
[runlim] sample:		3129.68 time, 3130.01 real, 232 MB, 1.07 load
[runlim] sample:		3139.69 time, 3140.01 real, 232 MB, 1.06 load
[runlim] sample:		3149.69 time, 3150.01 real, 202 MB, 1.05 load
[runlim] sample:		3159.68 time, 3160.01 real, 201 MB, 1.04 load
[runlim] sample:		3169.68 time, 3170.01 real, 201 MB, 1.03 load
[runlim] sample:		3179.68 time, 3180.01 real, 201 MB, 1.03 load
[runlim] sample:		3189.68 time, 3190.01 real, 227 MB, 1.02 load
[runlim] sample:		3199.68 time, 3200.01 real, 227 MB, 1.02 load
[runlim] sample:		3209.68 time, 3210.01 real, 229 MB, 1.02 load
[runlim] sample:		3219.68 time, 3220.01 real, 229 MB, 1.01 load
[runlim] sample:		3229.68 time, 3230.01 real, 229 MB, 1.01 load
[runlim] sample:		3239.68 time, 3240.01 real, 229 MB, 1.01 load
[runlim] sample:		3249.68 time, 3250.01 real, 229 MB, 1.01 load
[runlim] sample:		3259.67 time, 3260.01 real, 233 MB, 1.00 load
[runlim] sample:		3269.67 time, 3270.01 real, 235 MB, 1.00 load
[runlim] sample:		3279.67 time, 3280.01 real, 235 MB, 1.08 load
[runlim] sample:		3289.67 time, 3290.01 real, 235 MB, 1.07 load
[runlim] sample:		3299.67 time, 3300.01 real, 229 MB, 1.06 load
[runlim] sample:		3309.67 time, 3310.01 real, 229 MB, 1.05 load
[runlim] sample:		3319.67 time, 3320.01 real, 229 MB, 1.04 load
[runlim] sample:		3329.67 time, 3330.01 real, 234 MB, 1.03 load
[runlim] sample:		3339.67 time, 3340.01 real, 234 MB, 1.03 load
[runlim] sample:		3349.67 time, 3350.01 real, 236 MB, 1.02 load
[runlim] sample:		3359.67 time, 3360.01 real, 227 MB, 1.02 load
[runlim] sample:		3369.67 time, 3370.01 real, 231 MB, 1.02 load
[runlim] sample:		3379.66 time, 3380.01 real, 232 MB, 1.01 load
[runlim] sample:		3389.66 time, 3390.01 real, 230 MB, 1.01 load
[runlim] sample:		3399.66 time, 3400.01 real, 232 MB, 1.01 load
[runlim] sample:		3409.66 time, 3410.01 real, 232 MB, 1.08 load
[runlim] sample:		3419.66 time, 3420.01 real, 234 MB, 1.07 load
[runlim] sample:		3429.66 time, 3430.01 real, 233 MB, 1.06 load
[runlim] sample:		3439.66 time, 3440.01 real, 235 MB, 1.71 load
[runlim] sample:		3449.66 time, 3450.01 real, 235 MB, 1.60 load
[runlim] sample:		3459.65 time, 3460.01 real, 233 MB, 1.51 load
[runlim] sample:		3469.66 time, 3470.01 real, 232 MB, 1.43 load
[runlim] sample:		3479.65 time, 3480.01 real, 234 MB, 1.44 load
[runlim] sample:		3489.65 time, 3490.01 real, 238 MB, 1.37 load
[runlim] sample:		3499.65 time, 3500.01 real, 238 MB, 1.31 load
[runlim] sample:		3509.65 time, 3510.01 real, 236 MB, 1.26 load
[runlim] sample:		3519.65 time, 3520.01 real, 232 MB, 1.22 load
[runlim] sample:		3529.64 time, 3530.01 real, 292 MB, 1.27 load
[runlim] sample:		3539.64 time, 3540.01 real, 240 MB, 1.23 load
[runlim] sample:		3549.65 time, 3550.01 real, 243 MB, 1.19 load
[runlim] sample:		3559.65 time, 3560.01 real, 243 MB, 1.24 load
[runlim] sample:		3569.65 time, 3570.01 real, 239 MB, 1.20 load
[runlim] sample:		3579.64 time, 3580.01 real, 238 MB, 1.17 load
[runlim] sample:		3589.65 time, 3590.01 real, 238 MB, 1.15 load
[runlim] sample:		3599.64 time, 3600.02 real, 240 MB, 1.12 load
