[runlim] version:		2.0.0rc12
[runlim] host:			fjssp-instance1
[runlim] time limit:		311040000 seconds
[runlim] real time limit:	3600 seconds
[runlim] space limit:		14000 MB
[runlim] argv[0]:		python3
[runlim] argv[1]:		-u
[runlim] argv[2]:		main.py
[runlim] argv[3]:		--input
[runlim] argv[4]:		datasets/brandimarte/MK10
[runlim] argv[5]:		--factories
[runlim] argv[6]:		2
[runlim] argv[7]:		--full_transitive
[runlim] start:			Sat Aug 15 10:27:32 2026
[runlim] child:			119444
[*] Loading data from file: datasets/brandimarte/MK10
[*] Running D-FJSSP SAT Solver with 2 factories, Symmetry Breaking = OFF, Transitive E* = FULL
===========================================================================
 D-FJSSP SAT SOLVER - PARALLEL FACTORIES SCHEDULING
===========================================================================
  -> Operations: 240 | Jobs: 20 | Machines: 15 | Factories: 2

[*] Running Greedy Heuristic...
  -> Greedy Solution: Makespan = 159 (0.0006s)

[*] Initializing and solving the SAT model...
------------------------------------------------------------------
[*] Trying with Upper Bound = 159...
  SAT ! Makespan = 159
  Schedule is valid with Makespan = 159
  Total time: 3.9911 seconds
------------------------------------------------------------------
[*] Trying with Upper Bound = 158...
  SAT ! Makespan = 158
  Schedule is valid with Makespan = 158
  Total time: 8.3858 seconds
------------------------------------------------------------------
[*] Trying with Upper Bound = 157...
  SAT ! Makespan = 157
  Schedule is valid with Makespan = 157
  Total time: 9.9748 seconds
------------------------------------------------------------------
[*] Trying with Upper Bound = 156...
[runlim] sample:		9.99 time, 10.01 real, 357 MB, 1.03 load
  SAT ! Makespan = 156
  Schedule is valid with Makespan = 156
  Total time: 10.1798 seconds
------------------------------------------------------------------
[*] Trying with Upper Bound = 155...
  SAT ! Makespan = 155
  Schedule is valid with Makespan = 155
  Total time: 11.2685 seconds
------------------------------------------------------------------
[*] Trying with Upper Bound = 154...
  SAT ! Makespan = 154
  Schedule is valid with Makespan = 154
  Total time: 13.5294 seconds
------------------------------------------------------------------
[*] Trying with Upper Bound = 153...
  SAT ! Makespan = 153
  Schedule is valid with Makespan = 153
  Total time: 14.0618 seconds
------------------------------------------------------------------
[*] Trying with Upper Bound = 152...
  SAT ! Makespan = 152
  Schedule is valid with Makespan = 152
  Total time: 15.2891 seconds
------------------------------------------------------------------
[*] Trying with Upper Bound = 151...
  SAT ! Makespan = 151
  Schedule is valid with Makespan = 151
  Total time: 16.6791 seconds
------------------------------------------------------------------
[*] Trying with Upper Bound = 150...
  SAT ! Makespan = 150
  Schedule is valid with Makespan = 150
  Total time: 17.4337 seconds
------------------------------------------------------------------
[*] Trying with Upper Bound = 149...
  SAT ! Makespan = 149
  Schedule is valid with Makespan = 149
  Total time: 19.3617 seconds
------------------------------------------------------------------
[*] Trying with Upper Bound = 148...
[runlim] sample:		19.99 time, 20.01 real, 324 MB, 1.03 load
  SAT ! Makespan = 148
  Schedule is valid with Makespan = 148
  Total time: 20.6295 seconds
------------------------------------------------------------------
[*] Trying with Upper Bound = 147...
  SAT ! Makespan = 147
  Schedule is valid with Makespan = 147
  Total time: 21.2967 seconds
------------------------------------------------------------------
[*] Trying with Upper Bound = 146...
  SAT ! Makespan = 146
  Schedule is valid with Makespan = 146
  Total time: 21.8113 seconds
------------------------------------------------------------------
[*] Trying with Upper Bound = 145...
  SAT ! Makespan = 145
  Schedule is valid with Makespan = 145
  Total time: 22.5264 seconds
------------------------------------------------------------------
[*] Trying with Upper Bound = 144...
  SAT ! Makespan = 144
  Schedule is valid with Makespan = 144
  Total time: 23.0869 seconds
------------------------------------------------------------------
[*] Trying with Upper Bound = 143...
  SAT ! Makespan = 143
  Schedule is valid with Makespan = 143
  Total time: 25.3780 seconds
------------------------------------------------------------------
[*] Trying with Upper Bound = 142...
  SAT ! Makespan = 142
  Schedule is valid with Makespan = 142
  Total time: 26.4746 seconds
------------------------------------------------------------------
[*] Trying with Upper Bound = 141...
  SAT ! Makespan = 141
  Schedule is valid with Makespan = 141
  Total time: 26.7922 seconds
------------------------------------------------------------------
[*] Trying with Upper Bound = 140...
  SAT ! Makespan = 140
  Schedule is valid with Makespan = 140
  Total time: 27.3469 seconds
------------------------------------------------------------------
[*] Trying with Upper Bound = 139...
  SAT ! Makespan = 139
  Schedule is valid with Makespan = 139
  Total time: 27.9411 seconds
------------------------------------------------------------------
[*] Trying with Upper Bound = 138...
  SAT ! Makespan = 138
  Schedule is valid with Makespan = 138
  Total time: 28.7523 seconds
------------------------------------------------------------------
[*] Trying with Upper Bound = 137...
  SAT ! Makespan = 137
  Schedule is valid with Makespan = 137
  Total time: 29.3026 seconds
------------------------------------------------------------------
[*] Trying with Upper Bound = 136...
[runlim] sample:		29.99 time, 30.01 real, 310 MB, 1.02 load
  SAT ! Makespan = 136
  Schedule is valid with Makespan = 136
  Total time: 31.0109 seconds
------------------------------------------------------------------
[*] Trying with Upper Bound = 135...
  SAT ! Makespan = 135
  Schedule is valid with Makespan = 135
  Total time: 32.2349 seconds
------------------------------------------------------------------
[*] Trying with Upper Bound = 134...
  SAT ! Makespan = 134
  Schedule is valid with Makespan = 134
  Total time: 32.9181 seconds
------------------------------------------------------------------
[*] Trying with Upper Bound = 133...
  SAT ! Makespan = 133
  Schedule is valid with Makespan = 133
  Total time: 38.0700 seconds
------------------------------------------------------------------
[*] Trying with Upper Bound = 132...
[runlim] sample:		39.99 time, 40.01 real, 277 MB, 1.02 load
  SAT ! Makespan = 132
  Schedule is valid with Makespan = 132
  Total time: 41.4518 seconds
------------------------------------------------------------------
[*] Trying with Upper Bound = 131...
[runlim] sample:		49.99 time, 50.01 real, 248 MB, 1.02 load
  SAT ! Makespan = 131
  Schedule is valid with Makespan = 131
  Total time: 58.3969 seconds
------------------------------------------------------------------
[*] Trying with Upper Bound = 130...
[runlim] sample:		59.99 time, 60.01 real, 306 MB, 1.01 load
  SAT ! Makespan = 130
  Schedule is valid with Makespan = 130
  Total time: 63.2287 seconds
------------------------------------------------------------------
[*] Trying with Upper Bound = 129...
[runlim] sample:		69.99 time, 70.01 real, 306 MB, 1.01 load
[runlim] sample:		79.99 time, 80.01 real, 338 MB, 1.67 load
[runlim] sample:		89.98 time, 90.01 real, 306 MB, 1.57 load
[runlim] sample:		99.98 time, 100.01 real, 306 MB, 1.48 load
[runlim] sample:		109.98 time, 110.01 real, 306 MB, 1.41 load
[runlim] sample:		119.99 time, 120.01 real, 336 MB, 1.34 load
  SAT ! Makespan = 129
  Schedule is valid with Makespan = 129
  Total time: 125.6618 seconds
------------------------------------------------------------------
[*] Trying with Upper Bound = 128...
[runlim] sample:		129.98 time, 130.01 real, 279 MB, 1.29 load
[runlim] sample:		139.98 time, 140.01 real, 310 MB, 1.24 load
[runlim] sample:		149.98 time, 150.01 real, 310 MB, 1.21 load
[runlim] sample:		159.98 time, 160.01 real, 310 MB, 1.17 load
[runlim] sample:		169.98 time, 170.01 real, 337 MB, 1.15 load
[runlim] sample:		179.98 time, 180.01 real, 341 MB, 1.12 load
[runlim] sample:		189.98 time, 190.01 real, 341 MB, 1.10 load
[runlim] sample:		199.98 time, 200.01 real, 285 MB, 1.09 load
[runlim] sample:		209.97 time, 210.01 real, 287 MB, 1.07 load
  SAT ! Makespan = 128
  Schedule is valid with Makespan = 128
  Total time: 210.9116 seconds
------------------------------------------------------------------
[*] Trying with Upper Bound = 127...
[runlim] sample:		219.98 time, 220.01 real, 248 MB, 1.06 load
[runlim] sample:		229.98 time, 230.01 real, 248 MB, 1.05 load
  SAT ! Makespan = 127
  Schedule is valid with Makespan = 127
  Total time: 234.8628 seconds
------------------------------------------------------------------
[*] Trying with Upper Bound = 126...
[runlim] sample:		239.97 time, 240.01 real, 294 MB, 1.04 load
[runlim] sample:		249.97 time, 250.01 real, 292 MB, 1.04 load
[runlim] sample:		259.97 time, 260.01 real, 329 MB, 1.03 load
[runlim] sample:		269.97 time, 270.01 real, 295 MB, 1.02 load
[runlim] sample:		279.96 time, 280.01 real, 296 MB, 1.02 load
[runlim] sample:		289.96 time, 290.01 real, 328 MB, 1.02 load
[runlim] sample:		299.96 time, 300.01 real, 297 MB, 1.01 load
[runlim] sample:		309.95 time, 310.01 real, 330 MB, 1.01 load
[runlim] sample:		319.95 time, 320.01 real, 334 MB, 1.01 load
  SAT ! Makespan = 126
  Schedule is valid with Makespan = 126
  Total time: 320.5857 seconds
------------------------------------------------------------------
[*] Trying with Upper Bound = 125...
[runlim] sample:		329.95 time, 330.01 real, 297 MB, 1.01 load
[runlim] sample:		339.95 time, 340.01 real, 302 MB, 1.01 load
[runlim] sample:		349.95 time, 350.01 real, 302 MB, 1.00 load
[runlim] sample:		359.95 time, 360.01 real, 302 MB, 1.00 load
[runlim] sample:		369.95 time, 370.01 real, 302 MB, 1.00 load
[runlim] sample:		379.95 time, 380.01 real, 302 MB, 1.00 load
[runlim] sample:		389.95 time, 390.01 real, 303 MB, 1.00 load
[runlim] sample:		399.95 time, 400.01 real, 303 MB, 1.00 load
[runlim] sample:		409.93 time, 410.01 real, 345 MB, 1.00 load
[runlim] sample:		419.93 time, 420.01 real, 303 MB, 1.00 load
[runlim] sample:		429.93 time, 430.01 real, 303 MB, 1.00 load
[runlim] sample:		439.93 time, 440.01 real, 347 MB, 1.00 load
[runlim] sample:		449.93 time, 450.01 real, 303 MB, 1.00 load
[runlim] sample:		459.93 time, 460.01 real, 344 MB, 1.00 load
[runlim] sample:		469.93 time, 470.01 real, 303 MB, 1.00 load
[runlim] sample:		479.92 time, 480.01 real, 303 MB, 1.00 load
[runlim] sample:		489.92 time, 490.01 real, 303 MB, 1.00 load
[runlim] sample:		499.92 time, 500.01 real, 303 MB, 1.16 load
[runlim] sample:		509.92 time, 510.01 real, 303 MB, 1.13 load
[runlim] sample:		519.92 time, 520.01 real, 303 MB, 1.11 load
[runlim] sample:		529.92 time, 530.01 real, 303 MB, 1.10 load
[runlim] sample:		539.92 time, 540.01 real, 303 MB, 1.08 load
[runlim] sample:		549.93 time, 550.01 real, 344 MB, 1.07 load
[runlim] sample:		559.93 time, 560.01 real, 303 MB, 1.06 load
[runlim] sample:		569.92 time, 570.01 real, 348 MB, 1.05 load
[runlim] sample:		579.92 time, 580.01 real, 303 MB, 1.04 load
[runlim] sample:		589.93 time, 590.01 real, 345 MB, 1.03 load
[runlim] sample:		599.92 time, 600.01 real, 303 MB, 1.03 load
[runlim] sample:		609.92 time, 610.01 real, 303 MB, 1.02 load
[runlim] sample:		619.92 time, 620.01 real, 346 MB, 1.02 load
[runlim] sample:		629.91 time, 630.01 real, 303 MB, 1.02 load
[runlim] sample:		639.91 time, 640.01 real, 303 MB, 1.01 load
[runlim] sample:		649.92 time, 650.01 real, 347 MB, 1.01 load
[runlim] sample:		659.91 time, 660.01 real, 303 MB, 1.01 load
[runlim] sample:		669.91 time, 670.01 real, 303 MB, 1.23 load
[runlim] sample:		679.91 time, 680.01 real, 348 MB, 1.19 load
[runlim] sample:		689.91 time, 690.01 real, 303 MB, 1.16 load
[runlim] sample:		699.92 time, 700.01 real, 355 MB, 1.14 load
[runlim] sample:		709.91 time, 710.01 real, 303 MB, 1.12 load
[runlim] sample:		719.91 time, 720.01 real, 353 MB, 1.10 load
  SAT ! Makespan = 125
  Schedule is valid with Makespan = 125
  Total time: 722.6487 seconds
------------------------------------------------------------------
[*] Trying with Upper Bound = 124...
[runlim] sample:		729.92 time, 730.01 real, 303 MB, 1.08 load
[runlim] sample:		739.91 time, 740.01 real, 345 MB, 1.07 load
[runlim] sample:		749.91 time, 750.01 real, 303 MB, 1.06 load
[runlim] sample:		759.91 time, 760.01 real, 357 MB, 1.05 load
[runlim] sample:		769.91 time, 770.01 real, 357 MB, 1.04 load
[runlim] sample:		779.91 time, 780.01 real, 303 MB, 1.03 load
[runlim] sample:		789.91 time, 790.01 real, 345 MB, 1.03 load
[runlim] sample:		799.90 time, 800.01 real, 345 MB, 1.02 load
[runlim] sample:		809.90 time, 810.01 real, 303 MB, 1.02 load
[runlim] sample:		819.91 time, 820.01 real, 346 MB, 1.02 load
[runlim] sample:		829.91 time, 830.01 real, 303 MB, 1.09 load
[runlim] sample:		839.90 time, 840.01 real, 357 MB, 1.08 load
[runlim] sample:		849.90 time, 850.01 real, 303 MB, 1.07 load
   UNSAT

 Optimal Makespan = 125

 Summary:
  - Optimal Makespan   : 125
  - Greedy Time        : 0.0006s
  - SAT Time           : 855.6796s
  - Total Time         : 855.6816s
  - Schedule Status    : VALID
===========================================================================
[runlim] end:			Sat Aug 15 10:41:48 2026
[runlim] status:		ok
[runlim] result:		0
[runlim] children:		1
[runlim] processes:		2
[runlim] real:			855.72 seconds
[runlim] time:			855.61 seconds
[runlim] space:			421 MB
[runlim] load:			1.73 maximum
[runlim] samples:		8558
