[runlim] version:		2.0.0rc12
[runlim] host:			fjssp-instance
[runlim] time limit:		311040000 seconds
[runlim] real time limit:	3600 seconds
[runlim] space limit:		14000 MB
[runlim] argv[0]:		python3
[runlim] argv[1]:		-u
[runlim] argv[2]:		cp.py
[runlim] argv[3]:		--input
[runlim] argv[4]:		datasets/rdata/la02.txt
[runlim] argv[5]:		--factories
[runlim] argv[6]:		3
[runlim] start:			Tue Sep  1 13:47:57 2026
[runlim] child:			2859
[*] Loading: datasets/rdata/la02.txt
======================================================================
DFJSP CP MODEL - MENG ET AL. (2020)
======================================================================
Operations : 50
Jobs       : 10
Machines   : 5
Factories  : 3
Horizon    : 2643

[*] Starting CP Optimizer...
 ! --------------------------------------------------- CP Optimizer 22.2.0.0 --
 ! Minimization problem - 347 variables, 225 constraints
 ! Presolve      : 21 extractables eliminated
 ! LogVerbosity         = Terse
 ! Initial process time : 0.00s (0.00s extraction + 0.00s propagation)
 !  . Log search space  : 401.3 (before), 401.3 (after)
 !  . Memory usage      : 1.8 MB (before), 1.8 MB (after)
 ! Using parallel search with 2 workers.
 ! ----------------------------------------------------------------------------
 !          Best Branches  Non-fixed    W       Branch decision
                        0        347                 -
 + New bound is 394
 *           394      102  0.02s        1      (gap is 0.00%)
 ! ----------------------------------------------------------------------------
 ! Search completed, 1 solution found.
 ! Best objective         : 394 (optimal - effective tol. is 0)
 ! Best bound             : 394
 ! ----------------------------------------------------------------------------
 ! Number of branches     : 208
 ! Number of fails        : 26
 ! Total memory usage     : 7.2 MB (7.0 MB CP Optimizer + 0.2 MB Concert)
 ! Time spent in solve    : 0.02s (0.02s engine + 0.00s extraction)
 ! Search speed (br. / s) : 20800.0
 ! ----------------------------------------------------------------------------

======================================================================
SOLUTION FOUND
======================================================================
Makespan : 394
Time     : 0.0235 seconds

[*] Verifying solution...
[✓] Schedule is VALID

======================================================================
FINAL RESULT
======================================================================
Makespan : 394
Status    : VALID
[runlim] end:			Tue Sep  1 13:47:57 2026
[runlim] status:		ok
[runlim] result:		0
[runlim] children:		0
[runlim] processes:		0
[runlim] real:			0.09 seconds
[runlim] time:			0.00 seconds
[runlim] space:			0 MB
[runlim] load:			1.99 maximum
[runlim] samples:		1
