[runlim] version:		2.0.0rc12
[runlim] host:			fjssp-instance
[runlim] time limit:		311040000 seconds
[runlim] real time limit:	3600 seconds
[runlim] space limit:		14000 MB
[runlim] argv[0]:		python3
[runlim] argv[1]:		-u
[runlim] argv[2]:		cp.py
[runlim] argv[3]:		--input
[runlim] argv[4]:		datasets/rdata/la04.txt
[runlim] argv[5]:		--factories
[runlim] argv[6]:		3
[runlim] start:			Tue Sep  1 13:47:57 2026
[runlim] child:			2875
[*] Loading: datasets/rdata/la04.txt
======================================================================
DFJSP CP MODEL - MENG ET AL. (2020)
======================================================================
Operations : 50
Jobs       : 10
Machines   : 5
Factories  : 3
Horizon    : 2507

[*] Starting CP Optimizer...
 ! --------------------------------------------------- CP Optimizer 22.2.0.0 --
 ! Minimization problem - 368 variables, 225 constraints
 ! Presolve      : 6 extractables eliminated
 ! LogVerbosity         = Terse
 ! Initial process time : 0.02s (0.02s extraction + 0.00s propagation)
 !  . Log search space  : 406.2 (before), 406.2 (after)
 !  . Memory usage      : 1.9 MB (before), 1.9 MB (after)
 ! Using parallel search with 2 workers.
 ! ----------------------------------------------------------------------------
 !          Best Branches  Non-fixed    W       Branch decision
                        0        368                 -
 + New bound is 369
 *           526      177  0.02s        1      (gap is 29.85%)
 *           461      370  0.02s        1      (gap is 19.96%)
 *           426      470  0.02s        1      (gap is 13.38%)
 *           418      570  0.02s        1      (gap is 11.72%)
 *           369      670  0.02s        1      (gap is 0.00%)
 ! ----------------------------------------------------------------------------
 ! Search completed, 5 solutions found.
 ! Best objective         : 369 (optimal - effective tol. is 0)
 ! Best bound             : 369
 ! ----------------------------------------------------------------------------
 ! Number of branches     : 1776
 ! Number of fails        : 15
 ! Total memory usage     : 7.7 MB (7.5 MB CP Optimizer + 0.2 MB Concert)
 ! Time spent in solve    : 0.02s (0.01s engine + 0.02s extraction)
 ! Search speed (br. / s) : 177600.0
 ! ----------------------------------------------------------------------------

======================================================================
SOLUTION FOUND
======================================================================
Makespan : 369
Time     : 0.0345 seconds

[*] Verifying solution...
[✓] Schedule is VALID

======================================================================
FINAL RESULT
======================================================================
Makespan : 369
Status    : VALID
[runlim] end:			Tue Sep  1 13:47:57 2026
[runlim] status:		ok
[runlim] result:		0
[runlim] children:		0
[runlim] processes:		0
[runlim] real:			0.11 seconds
[runlim] time:			0.00 seconds
[runlim] space:			0 MB
[runlim] load:			1.99 maximum
[runlim] samples:		1
