[runlim] version:		2.0.0rc12
[runlim] host:			fjssp-instance
[runlim] time limit:		311040000 seconds
[runlim] real time limit:	3600 seconds
[runlim] space limit:		14000 MB
[runlim] argv[0]:		python3
[runlim] argv[1]:		-u
[runlim] argv[2]:		cp.py
[runlim] argv[3]:		--input
[runlim] argv[4]:		datasets/rdata/la06.txt
[runlim] argv[5]:		--factories
[runlim] argv[6]:		3
[runlim] start:			Tue Sep  1 13:47:57 2026
[runlim] child:			2891
[*] Loading: datasets/rdata/la06.txt
======================================================================
DFJSP CP MODEL - MENG ET AL. (2020)
======================================================================
Operations : 75
Jobs       : 15
Machines   : 5
Factories  : 3
Horizon    : 3992

[*] Starting CP Optimizer...
 ! --------------------------------------------------- CP Optimizer 22.2.0.0 --
 ! Minimization problem - 513 variables, 330 constraints
 ! Presolve      : 24 extractables eliminated
 ! LogVerbosity         = Terse
 ! Initial process time : 0.02s (0.02s extraction + 0.00s propagation)
 !  . Log search space  : 645.0 (before), 645.0 (after)
 !  . Memory usage      : 2.4 MB (before), 2.4 MB (after)
 ! Using parallel search with 2 workers.
 ! ----------------------------------------------------------------------------
 !          Best Branches  Non-fixed    W       Branch decision
                        0        513                 -
 + New bound is 413
 *           413      138  0.02s        1      (gap is 0.00%)
 ! ----------------------------------------------------------------------------
 ! Search completed, 1 solution found.
 ! Best objective         : 413 (optimal - effective tol. is 0)
 ! Best bound             : 413
 ! ----------------------------------------------------------------------------
 ! Number of branches     : 280
 ! Number of fails        : 26
 ! Total memory usage     : 9.8 MB (9.5 MB CP Optimizer + 0.2 MB Concert)
 ! Time spent in solve    : 0.02s (0.00s engine + 0.02s extraction)
 ! Search speed (br. / s) : 28000.0
 ! ----------------------------------------------------------------------------

======================================================================
SOLUTION FOUND
======================================================================
Makespan : 413
Time     : 0.0309 seconds

[*] Verifying solution...
[✓] Schedule is VALID

======================================================================
FINAL RESULT
======================================================================
Makespan : 413
Status    : VALID
[runlim] end:			Tue Sep  1 13:47:57 2026
[runlim] status:		ok
[runlim] result:		0
[runlim] children:		0
[runlim] processes:		0
[runlim] real:			0.10 seconds
[runlim] time:			0.00 seconds
[runlim] space:			0 MB
[runlim] load:			1.99 maximum
[runlim] samples:		1
