[runlim] version:		2.0.0rc12
[runlim] host:			fjssp-instance
[runlim] time limit:		311040000 seconds
[runlim] real time limit:	3600 seconds
[runlim] space limit:		14000 MB
[runlim] argv[0]:		python3
[runlim] argv[1]:		-u
[runlim] argv[2]:		cp.py
[runlim] argv[3]:		--input
[runlim] argv[4]:		datasets/rdata/la16.txt
[runlim] argv[5]:		--factories
[runlim] argv[6]:		3
[runlim] start:			Wed Sep  2 01:57:40 2026
[runlim] child:			3434
[*] Loading: datasets/rdata/la16.txt
======================================================================
DFJSP CP MODEL - MENG ET AL. (2020)
======================================================================
Operations : 100
Jobs       : 10
Machines   : 10
Factories  : 3
Horizon    : 5351

[*] Starting CP Optimizer...
 ! --------------------------------------------------- CP Optimizer 22.2.0.0 --
 ! Minimization problem - 733 variables, 490 constraints
 ! Presolve      : 27 extractables eliminated
 ! LogVerbosity         = Terse
 ! Initial process time : 0.02s (0.02s extraction + 0.00s propagation)
 !  . Log search space  : 910.2 (before), 910.2 (after)
 !  . Memory usage      : 3.4 MB (before), 3.4 MB (after)
 ! Using parallel search with 2 workers.
 ! ----------------------------------------------------------------------------
 !          Best Branches  Non-fixed    W       Branch decision
                        0        733                 -
 + New bound is 717
 *           917      319  0.04s        1      (gap is 21.81%)
 *           803      656  0.04s        1      (gap is 10.71%)
 *           735      856  0.04s        1      (gap is 2.45%)
 *           725     1056  0.04s        1      (gap is 1.10%)
 *           720     1256  0.04s        1      (gap is 0.42%)
 *           717     1456  0.04s        1      (gap is 0.00%)
 ! ----------------------------------------------------------------------------
 ! Search completed, 6 solutions found.
 ! Best objective         : 717 (optimal - effective tol. is 0)
 ! Best bound             : 717
 ! ----------------------------------------------------------------------------
 ! Number of branches     : 2304
 ! Number of fails        : 19
 ! Total memory usage     : 13.5 MB (13.2 MB CP Optimizer + 0.3 MB Concert)
 ! Time spent in solve    : 0.05s (0.04s engine + 0.02s extraction)
 ! Search speed (br. / s) : 76800.0
 ! ----------------------------------------------------------------------------

======================================================================
SOLUTION FOUND
======================================================================
Makespan : 717
Time     : 0.0483 seconds

[*] Verifying solution...
[✓] Schedule is VALID

======================================================================
FINAL RESULT
======================================================================
Makespan : 717
Status    : VALID
[runlim] end:			Wed Sep  2 01:57:40 2026
[runlim] status:		ok
[runlim] result:		0
[runlim] children:		2
[runlim] processes:		3
[runlim] real:			0.13 seconds
[runlim] time:			0.11 seconds
[runlim] space:			62 MB
[runlim] load:			2.04 maximum
[runlim] samples:		2
