[runlim] version:		2.0.0rc12
[runlim] host:			fjssp-instance
[runlim] time limit:		311040000 seconds
[runlim] real time limit:	3600 seconds
[runlim] space limit:		14000 MB
[runlim] argv[0]:		python3
[runlim] argv[1]:		-u
[runlim] argv[2]:		cp.py
[runlim] argv[3]:		--input
[runlim] argv[4]:		datasets/rdata/la19.txt
[runlim] argv[5]:		--factories
[runlim] argv[6]:		3
[runlim] start:			Wed Sep  2 01:57:40 2026
[runlim] child:			3458
[*] Loading: datasets/rdata/la19.txt
======================================================================
DFJSP CP MODEL - MENG ET AL. (2020)
======================================================================
Operations : 100
Jobs       : 10
Machines   : 10
Factories  : 3
Horizon    : 5346

[*] Starting CP Optimizer...
 ! --------------------------------------------------- CP Optimizer 22.2.0.0 --
 ! Minimization problem - 718 variables, 490 constraints
 ! Presolve      : 18 extractables eliminated
 ! LogVerbosity         = Terse
 ! Initial process time : 0.01s (0.00s extraction + 0.01s propagation)
 !  . Log search space  : 906.4 (before), 906.4 (after)
 !  . Memory usage      : 3.3 MB (before), 3.3 MB (after)
 ! Using parallel search with 2 workers.
 ! ----------------------------------------------------------------------------
 !          Best Branches  Non-fixed    W       Branch decision
                        0        718                 -
 + New bound is 617
 *           921      238  0.04s        1      (gap is 33.01%)
 *           807      574  0.04s        1      (gap is 23.54%)
 *           747      774  0.04s        1      (gap is 17.40%)
 *           744      974  0.04s        1      (gap is 17.07%)
 *           742     1174  0.04s        1      (gap is 16.85%)
 *           729     1374  0.04s        1      (gap is 15.36%)
 *           727     1982  0.04s        1      (gap is 15.13%)
 *           630     2084  0.04s        1      (gap is 2.06%)
 *           628     2131  0.04s        2      (gap is 1.75%)
 *           626     2283  0.08s        1      (gap is 1.44%)
 *           625     2494  0.08s        1      (gap is 1.28%)
 *           623     2595  0.08s        1      (gap is 0.96%)
 *           622     2686  0.08s        1      (gap is 0.80%)
 *           617     2333  0.08s        2      (gap is 0.00%)
 ! ----------------------------------------------------------------------------
 ! Search completed, 14 solutions found.
 ! Best objective         : 617 (optimal - effective tol. is 0)
 ! Best bound             : 617
 ! ----------------------------------------------------------------------------
 ! Number of branches     : 5079
 ! Number of fails        : 17
 ! Total memory usage     : 14.2 MB (13.9 MB CP Optimizer + 0.3 MB Concert)
 ! Time spent in solve    : 0.08s (0.08s engine + 0.00s extraction)
 ! Search speed (br. / s) : 63487.5
 ! ----------------------------------------------------------------------------

======================================================================
SOLUTION FOUND
======================================================================
Makespan : 617
Time     : 0.0978 seconds

[*] Verifying solution...
[✓] Schedule is VALID

======================================================================
FINAL RESULT
======================================================================
Makespan : 617
Status    : VALID
[runlim] end:			Wed Sep  2 01:57:40 2026
[runlim] status:		ok
[runlim] result:		0
[runlim] children:		2
[runlim] processes:		3
[runlim] real:			0.18 seconds
[runlim] time:			0.11 seconds
[runlim] space:			62 MB
[runlim] load:			1.95 maximum
[runlim] samples:		2
