[runlim] version:		2.0.0rc12
[runlim] host:			fjssp-instance
[runlim] time limit:		311040000 seconds
[runlim] real time limit:	3600 seconds
[runlim] space limit:		14000 MB
[runlim] argv[0]:		python3
[runlim] argv[1]:		-u
[runlim] argv[2]:		cp.py
[runlim] argv[3]:		--input
[runlim] argv[4]:		datasets/rdata/mt20.txt
[runlim] argv[5]:		--factories
[runlim] argv[6]:		3
[runlim] start:			Wed Sep  2 01:57:41 2026
[runlim] child:			3490
[*] Loading: datasets/rdata/mt20.txt
======================================================================
DFJSP CP MODEL - MENG ET AL. (2020)
======================================================================
Operations : 100
Jobs       : 20
Machines   : 5
Factories  : 3
Horizon    : 5109

[*] Starting CP Optimizer...
 ! --------------------------------------------------- CP Optimizer 22.2.0.0 --
 ! Minimization problem - 697 variables, 435 constraints
 ! Presolve      : 36 extractables eliminated
 ! LogVerbosity         = Terse
 ! Initial process time : 0.00s (0.00s extraction + 0.00s propagation)
 !  . Log search space  : 904.0 (before), 904.0 (after)
 !  . Memory usage      : 3.2 MB (before), 3.2 MB (after)
 ! Using parallel search with 2 workers.
 ! ----------------------------------------------------------------------------
 !          Best Branches  Non-fixed    W       Branch decision
                        0        697                 -
 + New bound is 387
 *           726      255  0.04s        1      (gap is 46.69%)
 *           654      621  0.04s        1      (gap is 40.83%)
 *           642      851  0.04s        1      (gap is 39.72%)
 *           634     1223  0.04s        1      (gap is 38.96%)
 *           619     1545  0.04s        1      (gap is 37.48%)
 *           602     1967  0.04s        1      (gap is 35.71%)
 *           529     2069  0.04s        1      (gap is 26.84%)
 *           516     2448  0.08s        1      (gap is 25.00%)
 *           510     2549  0.08s        1      (gap is 24.12%)
 *           447     4119  0.08s        1      (gap is 13.42%)
 *           442     5901  0.10s        1      (gap is 12.44%)
 *           440     3912  0.10s        2      (gap is 12.05%)
 *           439     5372  0.12s        2      (gap is 11.85%)
 *           436     7440  0.12s        2      (gap is 11.24%)
 ! Using failure-directed search.
 *           423    10898  0.17s        2      (gap is 8.51%)
 *           409    19364  0.28s        2      (gap is 5.38%)
 *           408    19540  0.28s        2      (gap is 5.15%)
 *           407    17164  0.42s        1      (gap is 4.91%)
 *           405    17690  0.44s        1      (gap is 4.44%)
 ! Time = 0.44s, Average fail depth = 32, Memory usage = 13.8 MB
 ! Current bound is 387 (gap is 4.44%)
 !          Best Branches  Non-fixed    W       Branch decision
 *           404    21941  0.50s        1      (gap is 4.21%)
 *           403    22946  0.56s        1      (gap is 3.97%)
 *           402    40457  0.58s        2      (gap is 3.73%)
 *           401    24317  0.62s        1      (gap is 3.49%)
 *           397    46077  0.65s        2      (gap is 2.52%)
 *           395    27493  0.74s        1      (gap is 2.03%)
 *           394    55324  0.76s        2      (gap is 1.78%)
 *           393    32323  0.92s        1      (gap is 1.53%)
 *           390    75355  1.01s        2      (gap is 0.77%)
 *           389    93280  1.97s        1      (gap is 0.51%)
 *           388     188k  2.60s        2      (gap is 0.26%)
 *           387     269k  4.22s        1      (gap is 0.00%)
 ! ----------------------------------------------------------------------------
 ! Search completed, 31 solutions found.
 ! Best objective         : 387 (optimal - effective tol. is 0)
 ! Best bound             : 387
 ! ----------------------------------------------------------------------------
 ! Number of branches     : 614552
 ! Number of fails        : 285715
 ! Total memory usage     : 14.0 MB (13.7 MB CP Optimizer + 0.3 MB Concert)
 ! Time spent in solve    : 4.22s (4.22s engine + 0.00s extraction)
 ! Search speed (br. / s) : 145628.4
 ! ----------------------------------------------------------------------------

======================================================================
SOLUTION FOUND
======================================================================
Makespan : 387
Time     : 4.2407 seconds

[*] Verifying solution...
[✓] Schedule is VALID

======================================================================
FINAL RESULT
======================================================================
Makespan : 387
Status    : VALID
[runlim] end:			Wed Sep  2 01:57:45 2026
[runlim] status:		ok
[runlim] result:		0
[runlim] children:		2
[runlim] processes:		3
[runlim] real:			4.32 seconds
[runlim] time:			7.76 seconds
[runlim] space:			77 MB
[runlim] load:			1.95 maximum
[runlim] samples:		44
