[runlim] version:		2.0.0rc12
[runlim] host:			fjssp-instance
[runlim] time limit:		311040000 seconds
[runlim] real time limit:	3600 seconds
[runlim] space limit:		14000 MB
[runlim] argv[0]:		python3
[runlim] argv[1]:		-u
[runlim] argv[2]:		cp.py
[runlim] argv[3]:		--input
[runlim] argv[4]:		datasets/rdata/mt06.txt
[runlim] argv[5]:		--factories
[runlim] argv[6]:		2
[runlim] start:			Tue Sep  1 08:54:08 2026
[runlim] child:			13667
[*] Loading: datasets/rdata/mt06.txt
======================================================================
DFJSP CP MODEL - MENG ET AL. (2020)
======================================================================
Operations : 36
Jobs       : 6
Machines   : 6
Factories  : 2
Horizon    : 197

[*] Starting CP Optimizer...
 ! --------------------------------------------------- CP Optimizer 22.2.0.0 --
 ! Minimization problem - 196 variables, 138 constraints
 ! Presolve      : 8 extractables eliminated
 ! LogVerbosity         = Terse
 ! Initial process time : 0.00s (0.00s extraction + 0.00s propagation)
 !  . Log search space  : 254.7 (before), 254.7 (after)
 !  . Memory usage      : 1.2 MB (before), 1.2 MB (after)
 ! Using parallel search with 2 workers.
 ! ----------------------------------------------------------------------------
 !          Best Branches  Non-fixed    W       Branch decision
                        0        196                 -
 + New bound is 47
 *            47       62  0.01s        1      (gap is 0.00%)
 ! ----------------------------------------------------------------------------
 ! Search completed, 1 solution found.
 ! Best objective         : 47 (optimal - effective tol. is 0)
 ! Best bound             : 47
 ! ----------------------------------------------------------------------------
 ! Number of branches     : 128
 ! Number of fails        : 26
 ! Total memory usage     : 4.7 MB (4.5 MB CP Optimizer + 0.1 MB Concert)
 ! Time spent in solve    : 0.01s (0.01s engine + 0.00s extraction)
 ! Search speed (br. / s) : 12800.0
 ! ----------------------------------------------------------------------------

======================================================================
SOLUTION FOUND
======================================================================
Makespan : 47
Time     : 0.0173 seconds

[*] Verifying solution...
[✓] Schedule is VALID

======================================================================
FINAL RESULT
======================================================================
Makespan : 47
Status    : VALID
[runlim] end:			Tue Sep  1 08:54:08 2026
[runlim] status:		ok
[runlim] result:		0
[runlim] children:		0
[runlim] processes:		0
[runlim] real:			0.09 seconds
[runlim] time:			0.00 seconds
[runlim] space:			0 MB
[runlim] load:			2.65 maximum
[runlim] samples:		1
