[runlim] version:		2.0.0rc12
[runlim] host:			fjssp-instance1
[runlim] time limit:		311040000 seconds
[runlim] real time limit:	3600 seconds
[runlim] space limit:		14000 MB
[runlim] argv[0]:		python3
[runlim] argv[1]:		-u
[runlim] argv[2]:		main.py
[runlim] argv[3]:		--input
[runlim] argv[4]:		datasets/rdata/la05.txt
[runlim] argv[5]:		--factories
[runlim] argv[6]:		2
[runlim] start:			Sat Aug 15 20:35:04 2026
[runlim] child:			144515
[*] Loading data from file: datasets/rdata/la05.txt
[*] Running D-FJSSP SAT Solver with 2 factories, Symmetry Breaking = OFF, Transitive E* = OFF
===========================================================================
 D-FJSSP SAT SOLVER - PARALLEL FACTORIES SCHEDULING
===========================================================================
  -> Operations: 50 | Jobs: 10 | Machines: 5 | Factories: 2

[*] Running Greedy Heuristic...
  -> Greedy Solution: Makespan = 380 (0.0002s)

[*] Initializing and solving the SAT model...
------------------------------------------------------------------
[*] Trying with Upper Bound = 380...
  SAT ! Makespan = 380
  Schedule is valid with Makespan = 380
  Total time: 0.1669 seconds
------------------------------------------------------------------
[*] Trying with Upper Bound = 379...
   UNSAT

 Optimal Makespan = 380

 Summary:
  - Optimal Makespan   : 380
  - Greedy Time        : 0.0002s
  - SAT Time           : 0.1720s
  - Total Time         : 0.1725s
  - Schedule Status    : VALID
===========================================================================
[runlim] end:			Sat Aug 15 20:35:04 2026
[runlim] status:		ok
[runlim] result:		0
[runlim] children:		1
[runlim] processes:		2
[runlim] real:			0.21 seconds
[runlim] time:			0.10 seconds
[runlim] space:			43 MB
[runlim] load:			1.20 maximum
[runlim] samples:		2
