[runlim] version:		2.0.0rc12
[runlim] host:			fjssp-instance1
[runlim] time limit:		311040000 seconds
[runlim] real time limit:	3600 seconds
[runlim] space limit:		14000 MB
[runlim] argv[0]:		python3
[runlim] argv[1]:		-u
[runlim] argv[2]:		main.py
[runlim] argv[3]:		--input
[runlim] argv[4]:		datasets/rdata/la12.txt
[runlim] argv[5]:		--factories
[runlim] argv[6]:		2
[runlim] start:			Sat Aug 15 21:41:23 2026
[runlim] child:			145843
[*] Loading data from file: datasets/rdata/la12.txt
[*] Running D-FJSSP SAT Solver with 2 factories, Symmetry Breaking = OFF, Transitive E* = OFF
===========================================================================
 D-FJSSP SAT SOLVER - PARALLEL FACTORIES SCHEDULING
===========================================================================
  -> Operations: 100 | Jobs: 20 | Machines: 5 | Factories: 2

[*] Running Greedy Heuristic...
  -> Greedy Solution: Makespan = 656 (0.0003s)

[*] Initializing and solving the SAT model...
------------------------------------------------------------------
[*] Trying with Upper Bound = 656...
  SAT ! Makespan = 656
  Schedule is valid with Makespan = 656
  Total time: 2.3023 seconds
------------------------------------------------------------------
[*] Trying with Upper Bound = 655...
  SAT ! Makespan = 655
  Schedule is valid with Makespan = 655
  Total time: 2.3259 seconds
------------------------------------------------------------------
[*] Trying with Upper Bound = 654...
  SAT ! Makespan = 654
  Schedule is valid with Makespan = 654
  Total time: 2.3419 seconds
------------------------------------------------------------------
[*] Trying with Upper Bound = 653...
  SAT ! Makespan = 653
  Schedule is valid with Makespan = 653
  Total time: 2.3572 seconds
------------------------------------------------------------------
[*] Trying with Upper Bound = 652...
  SAT ! Makespan = 652
  Schedule is valid with Makespan = 652
  Total time: 2.3722 seconds
------------------------------------------------------------------
[*] Trying with Upper Bound = 651...
  SAT ! Makespan = 651
  Schedule is valid with Makespan = 651
  Total time: 2.4065 seconds
------------------------------------------------------------------
[*] Trying with Upper Bound = 650...
  SAT ! Makespan = 650
  Schedule is valid with Makespan = 650
  Total time: 2.4241 seconds
------------------------------------------------------------------
[*] Trying with Upper Bound = 649...
  SAT ! Makespan = 649
  Schedule is valid with Makespan = 649
  Total time: 2.4406 seconds
------------------------------------------------------------------
[*] Trying with Upper Bound = 648...
  SAT ! Makespan = 648
  Schedule is valid with Makespan = 648
  Total time: 2.4574 seconds
------------------------------------------------------------------
[*] Trying with Upper Bound = 647...
  SAT ! Makespan = 647
  Schedule is valid with Makespan = 647
  Total time: 2.4756 seconds
------------------------------------------------------------------
[*] Trying with Upper Bound = 646...
  SAT ! Makespan = 646
  Schedule is valid with Makespan = 646
  Total time: 2.4923 seconds
------------------------------------------------------------------
[*] Trying with Upper Bound = 645...
  SAT ! Makespan = 645
  Schedule is valid with Makespan = 645
  Total time: 2.5080 seconds
------------------------------------------------------------------
[*] Trying with Upper Bound = 644...
  SAT ! Makespan = 644
  Schedule is valid with Makespan = 644
  Total time: 2.5235 seconds
------------------------------------------------------------------
[*] Trying with Upper Bound = 643...
  SAT ! Makespan = 643
  Schedule is valid with Makespan = 643
  Total time: 2.5390 seconds
------------------------------------------------------------------
[*] Trying with Upper Bound = 642...
  SAT ! Makespan = 642
  Schedule is valid with Makespan = 642
  Total time: 2.5550 seconds
------------------------------------------------------------------
[*] Trying with Upper Bound = 641...
  SAT ! Makespan = 641
  Schedule is valid with Makespan = 641
  Total time: 2.5705 seconds
------------------------------------------------------------------
[*] Trying with Upper Bound = 640...
  SAT ! Makespan = 640
  Schedule is valid with Makespan = 640
  Total time: 2.5866 seconds
------------------------------------------------------------------
[*] Trying with Upper Bound = 639...
  SAT ! Makespan = 639
  Schedule is valid with Makespan = 639
  Total time: 2.6020 seconds
------------------------------------------------------------------
[*] Trying with Upper Bound = 638...
  SAT ! Makespan = 638
  Schedule is valid with Makespan = 638
  Total time: 2.6171 seconds
------------------------------------------------------------------
[*] Trying with Upper Bound = 637...
  SAT ! Makespan = 637
  Schedule is valid with Makespan = 637
  Total time: 2.6321 seconds
------------------------------------------------------------------
[*] Trying with Upper Bound = 636...
  SAT ! Makespan = 636
  Schedule is valid with Makespan = 636
  Total time: 2.6471 seconds
------------------------------------------------------------------
[*] Trying with Upper Bound = 635...
  SAT ! Makespan = 635
  Schedule is valid with Makespan = 635
  Total time: 2.6623 seconds
------------------------------------------------------------------
[*] Trying with Upper Bound = 634...
  SAT ! Makespan = 634
  Schedule is valid with Makespan = 634
  Total time: 2.6784 seconds
------------------------------------------------------------------
[*] Trying with Upper Bound = 633...
  SAT ! Makespan = 633
  Schedule is valid with Makespan = 633
  Total time: 2.6956 seconds
------------------------------------------------------------------
[*] Trying with Upper Bound = 632...
  SAT ! Makespan = 632
  Schedule is valid with Makespan = 632
  Total time: 2.7120 seconds
------------------------------------------------------------------
[*] Trying with Upper Bound = 631...
  SAT ! Makespan = 631
  Schedule is valid with Makespan = 631
  Total time: 2.7278 seconds
------------------------------------------------------------------
[*] Trying with Upper Bound = 630...
  SAT ! Makespan = 630
  Schedule is valid with Makespan = 630
  Total time: 2.7434 seconds
------------------------------------------------------------------
[*] Trying with Upper Bound = 629...
  SAT ! Makespan = 629
  Schedule is valid with Makespan = 629
  Total time: 2.7588 seconds
------------------------------------------------------------------
[*] Trying with Upper Bound = 628...
  SAT ! Makespan = 628
  Schedule is valid with Makespan = 628
  Total time: 2.7751 seconds
------------------------------------------------------------------
[*] Trying with Upper Bound = 627...
  SAT ! Makespan = 627
  Schedule is valid with Makespan = 627
  Total time: 2.7940 seconds
------------------------------------------------------------------
[*] Trying with Upper Bound = 626...
  SAT ! Makespan = 626
  Schedule is valid with Makespan = 626
  Total time: 2.8143 seconds
------------------------------------------------------------------
[*] Trying with Upper Bound = 625...
  SAT ! Makespan = 625
  Schedule is valid with Makespan = 625
  Total time: 2.8310 seconds
------------------------------------------------------------------
[*] Trying with Upper Bound = 624...
  SAT ! Makespan = 624
  Schedule is valid with Makespan = 624
  Total time: 2.8473 seconds
------------------------------------------------------------------
[*] Trying with Upper Bound = 623...
  SAT ! Makespan = 623
  Schedule is valid with Makespan = 623
  Total time: 2.8634 seconds
------------------------------------------------------------------
[*] Trying with Upper Bound = 622...
  SAT ! Makespan = 622
  Schedule is valid with Makespan = 622
  Total time: 2.8793 seconds
------------------------------------------------------------------
[*] Trying with Upper Bound = 621...
  SAT ! Makespan = 621
  Schedule is valid with Makespan = 621
  Total time: 2.8947 seconds
------------------------------------------------------------------
[*] Trying with Upper Bound = 620...
  SAT ! Makespan = 620
  Schedule is valid with Makespan = 620
  Total time: 2.9096 seconds
------------------------------------------------------------------
[*] Trying with Upper Bound = 619...
  SAT ! Makespan = 619
  Schedule is valid with Makespan = 619
  Total time: 2.9249 seconds
------------------------------------------------------------------
[*] Trying with Upper Bound = 618...
  SAT ! Makespan = 618
  Schedule is valid with Makespan = 618
  Total time: 2.9405 seconds
------------------------------------------------------------------
[*] Trying with Upper Bound = 617...
  SAT ! Makespan = 617
  Schedule is valid with Makespan = 617
  Total time: 2.9560 seconds
------------------------------------------------------------------
[*] Trying with Upper Bound = 616...
  SAT ! Makespan = 616
  Schedule is valid with Makespan = 616
  Total time: 2.9717 seconds
------------------------------------------------------------------
[*] Trying with Upper Bound = 615...
  SAT ! Makespan = 615
  Schedule is valid with Makespan = 615
  Total time: 2.9870 seconds
------------------------------------------------------------------
[*] Trying with Upper Bound = 614...
  SAT ! Makespan = 614
  Schedule is valid with Makespan = 614
  Total time: 3.0029 seconds
------------------------------------------------------------------
[*] Trying with Upper Bound = 613...
  SAT ! Makespan = 613
  Schedule is valid with Makespan = 613
  Total time: 3.0190 seconds
------------------------------------------------------------------
[*] Trying with Upper Bound = 612...
  SAT ! Makespan = 612
  Schedule is valid with Makespan = 612
  Total time: 3.2634 seconds
------------------------------------------------------------------
[*] Trying with Upper Bound = 611...
  SAT ! Makespan = 611
  Schedule is valid with Makespan = 611
  Total time: 3.2982 seconds
------------------------------------------------------------------
[*] Trying with Upper Bound = 610...
  SAT ! Makespan = 610
  Schedule is valid with Makespan = 610
  Total time: 3.3366 seconds
------------------------------------------------------------------
[*] Trying with Upper Bound = 609...
  SAT ! Makespan = 609
  Schedule is valid with Makespan = 609
  Total time: 3.3605 seconds
------------------------------------------------------------------
[*] Trying with Upper Bound = 608...
  SAT ! Makespan = 608
  Schedule is valid with Makespan = 608
  Total time: 3.3800 seconds
------------------------------------------------------------------
[*] Trying with Upper Bound = 607...
  SAT ! Makespan = 607
  Schedule is valid with Makespan = 607
  Total time: 3.3984 seconds
------------------------------------------------------------------
[*] Trying with Upper Bound = 606...
  SAT ! Makespan = 606
  Schedule is valid with Makespan = 606
  Total time: 3.4163 seconds
------------------------------------------------------------------
[*] Trying with Upper Bound = 605...
  SAT ! Makespan = 605
  Schedule is valid with Makespan = 605
  Total time: 3.4339 seconds
------------------------------------------------------------------
[*] Trying with Upper Bound = 604...
  SAT ! Makespan = 604
  Schedule is valid with Makespan = 604
  Total time: 3.4514 seconds
------------------------------------------------------------------
[*] Trying with Upper Bound = 603...
  SAT ! Makespan = 603
  Schedule is valid with Makespan = 603
  Total time: 3.4684 seconds
------------------------------------------------------------------
[*] Trying with Upper Bound = 602...
  SAT ! Makespan = 602
  Schedule is valid with Makespan = 602
  Total time: 3.4855 seconds
------------------------------------------------------------------
[*] Trying with Upper Bound = 601...
  SAT ! Makespan = 601
  Schedule is valid with Makespan = 601
  Total time: 3.5031 seconds
------------------------------------------------------------------
[*] Trying with Upper Bound = 600...
  SAT ! Makespan = 600
  Schedule is valid with Makespan = 600
  Total time: 3.5208 seconds
------------------------------------------------------------------
[*] Trying with Upper Bound = 599...
  SAT ! Makespan = 599
  Schedule is valid with Makespan = 599
  Total time: 3.5384 seconds
------------------------------------------------------------------
[*] Trying with Upper Bound = 598...
  SAT ! Makespan = 598
  Schedule is valid with Makespan = 598
  Total time: 3.5563 seconds
------------------------------------------------------------------
[*] Trying with Upper Bound = 597...
  SAT ! Makespan = 597
  Schedule is valid with Makespan = 597
  Total time: 3.5737 seconds
------------------------------------------------------------------
[*] Trying with Upper Bound = 596...
  SAT ! Makespan = 596
  Schedule is valid with Makespan = 596
  Total time: 3.5919 seconds
------------------------------------------------------------------
[*] Trying with Upper Bound = 595...
  SAT ! Makespan = 595
  Schedule is valid with Makespan = 595
  Total time: 3.6114 seconds
------------------------------------------------------------------
[*] Trying with Upper Bound = 594...
  SAT ! Makespan = 594
  Schedule is valid with Makespan = 594
  Total time: 3.6315 seconds
------------------------------------------------------------------
[*] Trying with Upper Bound = 593...
  SAT ! Makespan = 593
  Schedule is valid with Makespan = 593
  Total time: 4.2752 seconds
------------------------------------------------------------------
[*] Trying with Upper Bound = 592...
  SAT ! Makespan = 592
  Schedule is valid with Makespan = 592
  Total time: 4.4073 seconds
------------------------------------------------------------------
[*] Trying with Upper Bound = 591...
  SAT ! Makespan = 591
  Schedule is valid with Makespan = 591
  Total time: 4.4283 seconds
------------------------------------------------------------------
[*] Trying with Upper Bound = 590...
  SAT ! Makespan = 590
  Schedule is valid with Makespan = 590
  Total time: 4.4492 seconds
------------------------------------------------------------------
[*] Trying with Upper Bound = 589...
  SAT ! Makespan = 589
  Schedule is valid with Makespan = 589
  Total time: 4.4668 seconds
------------------------------------------------------------------
[*] Trying with Upper Bound = 588...
  SAT ! Makespan = 588
  Schedule is valid with Makespan = 588
  Total time: 4.4840 seconds
------------------------------------------------------------------
[*] Trying with Upper Bound = 587...
  SAT ! Makespan = 587
  Schedule is valid with Makespan = 587
  Total time: 4.5006 seconds
------------------------------------------------------------------
[*] Trying with Upper Bound = 586...
  SAT ! Makespan = 586
  Schedule is valid with Makespan = 586
  Total time: 4.5167 seconds
------------------------------------------------------------------
[*] Trying with Upper Bound = 585...
  SAT ! Makespan = 585
  Schedule is valid with Makespan = 585
  Total time: 4.5352 seconds
------------------------------------------------------------------
[*] Trying with Upper Bound = 584...
  SAT ! Makespan = 584
  Schedule is valid with Makespan = 584
  Total time: 4.5520 seconds
------------------------------------------------------------------
[*] Trying with Upper Bound = 583...
  SAT ! Makespan = 583
  Schedule is valid with Makespan = 583
  Total time: 4.5701 seconds
------------------------------------------------------------------
[*] Trying with Upper Bound = 582...
  SAT ! Makespan = 582
  Schedule is valid with Makespan = 582
  Total time: 4.5886 seconds
------------------------------------------------------------------
[*] Trying with Upper Bound = 581...
  SAT ! Makespan = 581
  Schedule is valid with Makespan = 581
  Total time: 4.6063 seconds
------------------------------------------------------------------
[*] Trying with Upper Bound = 580...
  SAT ! Makespan = 580
  Schedule is valid with Makespan = 580
  Total time: 4.6275 seconds
------------------------------------------------------------------
[*] Trying with Upper Bound = 579...
  SAT ! Makespan = 579
  Schedule is valid with Makespan = 579
  Total time: 4.6457 seconds
------------------------------------------------------------------
[*] Trying with Upper Bound = 578...
  SAT ! Makespan = 578
  Schedule is valid with Makespan = 578
  Total time: 4.6623 seconds
------------------------------------------------------------------
[*] Trying with Upper Bound = 577...
  SAT ! Makespan = 577
  Schedule is valid with Makespan = 577
  Total time: 4.6791 seconds
------------------------------------------------------------------
[*] Trying with Upper Bound = 576...
  SAT ! Makespan = 576
  Schedule is valid with Makespan = 576
  Total time: 4.6956 seconds
------------------------------------------------------------------
[*] Trying with Upper Bound = 575...
  SAT ! Makespan = 575
  Schedule is valid with Makespan = 575
  Total time: 4.7698 seconds
------------------------------------------------------------------
[*] Trying with Upper Bound = 574...
  SAT ! Makespan = 574
  Schedule is valid with Makespan = 574
  Total time: 4.7980 seconds
------------------------------------------------------------------
[*] Trying with Upper Bound = 573...
  SAT ! Makespan = 573
  Schedule is valid with Makespan = 573
  Total time: 4.8202 seconds
------------------------------------------------------------------
[*] Trying with Upper Bound = 572...
  SAT ! Makespan = 572
  Schedule is valid with Makespan = 572
  Total time: 4.8396 seconds
------------------------------------------------------------------
[*] Trying with Upper Bound = 571...
  SAT ! Makespan = 571
  Schedule is valid with Makespan = 571
  Total time: 4.8565 seconds
------------------------------------------------------------------
[*] Trying with Upper Bound = 570...
  SAT ! Makespan = 570
  Schedule is valid with Makespan = 570
  Total time: 4.8726 seconds
------------------------------------------------------------------
[*] Trying with Upper Bound = 569...
  SAT ! Makespan = 569
  Schedule is valid with Makespan = 569
  Total time: 5.3413 seconds
------------------------------------------------------------------
[*] Trying with Upper Bound = 568...
  SAT ! Makespan = 568
  Schedule is valid with Makespan = 568
  Total time: 5.4312 seconds
------------------------------------------------------------------
[*] Trying with Upper Bound = 567...
  SAT ! Makespan = 567
  Schedule is valid with Makespan = 567
  Total time: 5.4491 seconds
------------------------------------------------------------------
[*] Trying with Upper Bound = 566...
  SAT ! Makespan = 566
  Schedule is valid with Makespan = 566
  Total time: 5.4657 seconds
------------------------------------------------------------------
[*] Trying with Upper Bound = 565...
  SAT ! Makespan = 565
  Schedule is valid with Makespan = 565
  Total time: 5.4907 seconds
------------------------------------------------------------------
[*] Trying with Upper Bound = 564...
  SAT ! Makespan = 564
  Schedule is valid with Makespan = 564
  Total time: 9.5396 seconds
------------------------------------------------------------------
[*] Trying with Upper Bound = 563...
  SAT ! Makespan = 563
  Schedule is valid with Makespan = 563
  Total time: 9.6500 seconds
------------------------------------------------------------------
[*] Trying with Upper Bound = 562...
  SAT ! Makespan = 562
  Schedule is valid with Makespan = 562
  Total time: 9.7347 seconds
------------------------------------------------------------------
[*] Trying with Upper Bound = 561...
  SAT ! Makespan = 561
  Schedule is valid with Makespan = 561
  Total time: 9.8149 seconds
------------------------------------------------------------------
[*] Trying with Upper Bound = 560...
  SAT ! Makespan = 560
  Schedule is valid with Makespan = 560
  Total time: 9.9034 seconds
------------------------------------------------------------------
[*] Trying with Upper Bound = 559...
[runlim] sample:		10.00 time, 10.02 real, 308 MB, 1.00 load
  SAT ! Makespan = 559
  Schedule is valid with Makespan = 559
  Total time: 10.1011 seconds
------------------------------------------------------------------
[*] Trying with Upper Bound = 558...
  SAT ! Makespan = 558
  Schedule is valid with Makespan = 558
  Total time: 10.1259 seconds
------------------------------------------------------------------
[*] Trying with Upper Bound = 557...
  SAT ! Makespan = 557
  Schedule is valid with Makespan = 557
  Total time: 10.3283 seconds
------------------------------------------------------------------
[*] Trying with Upper Bound = 556...
  SAT ! Makespan = 556
  Schedule is valid with Makespan = 556
  Total time: 10.3522 seconds
------------------------------------------------------------------
[*] Trying with Upper Bound = 555...
  SAT ! Makespan = 555
  Schedule is valid with Makespan = 555
  Total time: 10.4381 seconds
------------------------------------------------------------------
[*] Trying with Upper Bound = 554...
  SAT ! Makespan = 554
  Schedule is valid with Makespan = 554
  Total time: 10.4635 seconds
------------------------------------------------------------------
[*] Trying with Upper Bound = 553...
  SAT ! Makespan = 553
  Schedule is valid with Makespan = 553
  Total time: 10.9455 seconds
------------------------------------------------------------------
[*] Trying with Upper Bound = 552...
  SAT ! Makespan = 552
  Schedule is valid with Makespan = 552
  Total time: 11.4850 seconds
------------------------------------------------------------------
[*] Trying with Upper Bound = 551...
  SAT ! Makespan = 551
  Schedule is valid with Makespan = 551
  Total time: 12.1477 seconds
------------------------------------------------------------------
[*] Trying with Upper Bound = 550...
  SAT ! Makespan = 550
  Schedule is valid with Makespan = 550
  Total time: 12.2976 seconds
------------------------------------------------------------------
[*] Trying with Upper Bound = 549...
  SAT ! Makespan = 549
  Schedule is valid with Makespan = 549
  Total time: 12.3717 seconds
------------------------------------------------------------------
[*] Trying with Upper Bound = 548...
  SAT ! Makespan = 548
  Schedule is valid with Makespan = 548
  Total time: 12.3921 seconds
------------------------------------------------------------------
[*] Trying with Upper Bound = 547...
  SAT ! Makespan = 547
  Schedule is valid with Makespan = 547
  Total time: 12.4538 seconds
------------------------------------------------------------------
[*] Trying with Upper Bound = 546...
  SAT ! Makespan = 546
  Schedule is valid with Makespan = 546
  Total time: 12.4711 seconds
------------------------------------------------------------------
[*] Trying with Upper Bound = 545...
  SAT ! Makespan = 545
  Schedule is valid with Makespan = 545
  Total time: 12.5310 seconds
------------------------------------------------------------------
[*] Trying with Upper Bound = 544...
  SAT ! Makespan = 544
  Schedule is valid with Makespan = 544
  Total time: 12.5456 seconds
------------------------------------------------------------------
[*] Trying with Upper Bound = 543...
  SAT ! Makespan = 543
  Schedule is valid with Makespan = 543
  Total time: 12.6041 seconds
------------------------------------------------------------------
[*] Trying with Upper Bound = 542...
  SAT ! Makespan = 542
  Schedule is valid with Makespan = 542
  Total time: 12.6204 seconds
------------------------------------------------------------------
[*] Trying with Upper Bound = 541...
  SAT ! Makespan = 541
  Schedule is valid with Makespan = 541
  Total time: 12.6819 seconds
------------------------------------------------------------------
[*] Trying with Upper Bound = 540...
  SAT ! Makespan = 540
  Schedule is valid with Makespan = 540
  Total time: 12.9707 seconds
------------------------------------------------------------------
[*] Trying with Upper Bound = 539...
  SAT ! Makespan = 539
  Schedule is valid with Makespan = 539
  Total time: 13.5379 seconds
------------------------------------------------------------------
[*] Trying with Upper Bound = 538...
  SAT ! Makespan = 538
  Schedule is valid with Makespan = 538
  Total time: 13.8604 seconds
------------------------------------------------------------------
[*] Trying with Upper Bound = 537...
  SAT ! Makespan = 537
  Schedule is valid with Makespan = 537
  Total time: 14.0853 seconds
------------------------------------------------------------------
[*] Trying with Upper Bound = 536...
  SAT ! Makespan = 536
  Schedule is valid with Makespan = 536
  Total time: 14.1097 seconds
------------------------------------------------------------------
[*] Trying with Upper Bound = 535...
  SAT ! Makespan = 535
  Schedule is valid with Makespan = 535
  Total time: 14.1906 seconds
------------------------------------------------------------------
[*] Trying with Upper Bound = 534...
  SAT ! Makespan = 534
  Schedule is valid with Makespan = 534
  Total time: 17.3112 seconds
------------------------------------------------------------------
[*] Trying with Upper Bound = 533...
  SAT ! Makespan = 533
  Schedule is valid with Makespan = 533
  Total time: 18.5433 seconds
------------------------------------------------------------------
[*] Trying with Upper Bound = 532...
  SAT ! Makespan = 532
  Schedule is valid with Makespan = 532
  Total time: 18.9048 seconds
------------------------------------------------------------------
[*] Trying with Upper Bound = 531...
  SAT ! Makespan = 531
  Schedule is valid with Makespan = 531
  Total time: 19.3869 seconds
------------------------------------------------------------------
[*] Trying with Upper Bound = 530...
  SAT ! Makespan = 530
  Schedule is valid with Makespan = 530
  Total time: 19.9639 seconds
------------------------------------------------------------------
[*] Trying with Upper Bound = 529...
[runlim] sample:		20.00 time, 20.02 real, 281 MB, 1.00 load
  SAT ! Makespan = 529
  Schedule is valid with Makespan = 529
  Total time: 20.3857 seconds
------------------------------------------------------------------
[*] Trying with Upper Bound = 528...
  SAT ! Makespan = 528
  Schedule is valid with Makespan = 528
  Total time: 20.6340 seconds
------------------------------------------------------------------
[*] Trying with Upper Bound = 527...
  SAT ! Makespan = 527
  Schedule is valid with Makespan = 527
  Total time: 23.0389 seconds
------------------------------------------------------------------
[*] Trying with Upper Bound = 526...
  SAT ! Makespan = 526
  Schedule is valid with Makespan = 526
  Total time: 23.5269 seconds
------------------------------------------------------------------
[*] Trying with Upper Bound = 525...
  SAT ! Makespan = 525
  Schedule is valid with Makespan = 525
  Total time: 23.8325 seconds
------------------------------------------------------------------
[*] Trying with Upper Bound = 524...
  SAT ! Makespan = 524
  Schedule is valid with Makespan = 524
  Total time: 24.1251 seconds
------------------------------------------------------------------
[*] Trying with Upper Bound = 523...
  SAT ! Makespan = 523
  Schedule is valid with Makespan = 523
  Total time: 25.7801 seconds
------------------------------------------------------------------
[*] Trying with Upper Bound = 522...
  SAT ! Makespan = 522
  Schedule is valid with Makespan = 522
  Total time: 26.3397 seconds
------------------------------------------------------------------
[*] Trying with Upper Bound = 521...
  SAT ! Makespan = 521
  Schedule is valid with Makespan = 521
  Total time: 27.7444 seconds
------------------------------------------------------------------
[*] Trying with Upper Bound = 520...
  SAT ! Makespan = 520
  Schedule is valid with Makespan = 520
  Total time: 27.8322 seconds
------------------------------------------------------------------
[*] Trying with Upper Bound = 519...
  SAT ! Makespan = 519
  Schedule is valid with Makespan = 519
  Total time: 28.0995 seconds
------------------------------------------------------------------
[*] Trying with Upper Bound = 518...
  SAT ! Makespan = 518
  Schedule is valid with Makespan = 518
  Total time: 28.4858 seconds
------------------------------------------------------------------
[*] Trying with Upper Bound = 517...
  SAT ! Makespan = 517
  Schedule is valid with Makespan = 517
  Total time: 28.9709 seconds
------------------------------------------------------------------
[*] Trying with Upper Bound = 516...
[runlim] sample:		29.99 time, 30.02 real, 312 MB, 1.00 load
  SAT ! Makespan = 516
  Schedule is valid with Makespan = 516
  Total time: 31.2451 seconds
------------------------------------------------------------------
[*] Trying with Upper Bound = 515...
  SAT ! Makespan = 515
  Schedule is valid with Makespan = 515
  Total time: 31.6241 seconds
------------------------------------------------------------------
[*] Trying with Upper Bound = 514...
  SAT ! Makespan = 514
  Schedule is valid with Makespan = 514
  Total time: 32.3283 seconds
------------------------------------------------------------------
[*] Trying with Upper Bound = 513...
  SAT ! Makespan = 513
  Schedule is valid with Makespan = 513
  Total time: 32.7820 seconds
------------------------------------------------------------------
[*] Trying with Upper Bound = 512...
  SAT ! Makespan = 512
  Schedule is valid with Makespan = 512
  Total time: 33.0627 seconds
------------------------------------------------------------------
[*] Trying with Upper Bound = 511...
  SAT ! Makespan = 511
  Schedule is valid with Makespan = 511
  Total time: 34.3702 seconds
------------------------------------------------------------------
[*] Trying with Upper Bound = 510...
  SAT ! Makespan = 510
  Schedule is valid with Makespan = 510
  Total time: 35.6946 seconds
------------------------------------------------------------------
[*] Trying with Upper Bound = 509...
  SAT ! Makespan = 509
  Schedule is valid with Makespan = 509
  Total time: 36.0189 seconds
------------------------------------------------------------------
[*] Trying with Upper Bound = 508...
  SAT ! Makespan = 508
  Schedule is valid with Makespan = 508
  Total time: 37.0465 seconds
------------------------------------------------------------------
[*] Trying with Upper Bound = 507...
  SAT ! Makespan = 507
  Schedule is valid with Makespan = 507
  Total time: 37.6232 seconds
------------------------------------------------------------------
[*] Trying with Upper Bound = 506...
  SAT ! Makespan = 506
  Schedule is valid with Makespan = 506
  Total time: 37.9004 seconds
------------------------------------------------------------------
[*] Trying with Upper Bound = 505...
  SAT ! Makespan = 505
  Schedule is valid with Makespan = 505
  Total time: 38.7710 seconds
------------------------------------------------------------------
[*] Trying with Upper Bound = 504...
[runlim] sample:		40.00 time, 40.02 real, 323 MB, 1.00 load
  SAT ! Makespan = 504
  Schedule is valid with Makespan = 504
  Total time: 41.1363 seconds
------------------------------------------------------------------
[*] Trying with Upper Bound = 503...
  SAT ! Makespan = 503
  Schedule is valid with Makespan = 503
  Total time: 41.7188 seconds
------------------------------------------------------------------
[*] Trying with Upper Bound = 502...
  SAT ! Makespan = 502
  Schedule is valid with Makespan = 502
  Total time: 42.1123 seconds
------------------------------------------------------------------
[*] Trying with Upper Bound = 501...
  SAT ! Makespan = 501
  Schedule is valid with Makespan = 501
  Total time: 42.6093 seconds
------------------------------------------------------------------
[*] Trying with Upper Bound = 500...
  SAT ! Makespan = 500
  Schedule is valid with Makespan = 500
  Total time: 43.7819 seconds
------------------------------------------------------------------
[*] Trying with Upper Bound = 499...
  SAT ! Makespan = 499
  Schedule is valid with Makespan = 499
  Total time: 45.1287 seconds
------------------------------------------------------------------
[*] Trying with Upper Bound = 498...
  SAT ! Makespan = 498
  Schedule is valid with Makespan = 498
  Total time: 46.2790 seconds
------------------------------------------------------------------
[*] Trying with Upper Bound = 497...
  SAT ! Makespan = 497
  Schedule is valid with Makespan = 497
  Total time: 48.3306 seconds
------------------------------------------------------------------
[*] Trying with Upper Bound = 496...
  SAT ! Makespan = 496
  Schedule is valid with Makespan = 496
  Total time: 48.7982 seconds
------------------------------------------------------------------
[*] Trying with Upper Bound = 495...
[runlim] sample:		49.99 time, 50.02 real, 283 MB, 1.00 load
  SAT ! Makespan = 495
  Schedule is valid with Makespan = 495
  Total time: 50.3525 seconds
------------------------------------------------------------------
[*] Trying with Upper Bound = 494...
  SAT ! Makespan = 494
  Schedule is valid with Makespan = 494
  Total time: 50.6919 seconds
------------------------------------------------------------------
[*] Trying with Upper Bound = 493...
  SAT ! Makespan = 493
  Schedule is valid with Makespan = 493
  Total time: 53.9054 seconds
------------------------------------------------------------------
[*] Trying with Upper Bound = 492...
  SAT ! Makespan = 492
  Schedule is valid with Makespan = 492
  Total time: 55.2942 seconds
------------------------------------------------------------------
[*] Trying with Upper Bound = 491...
[runlim] sample:		59.99 time, 60.02 real, 302 MB, 1.07 load
  SAT ! Makespan = 491
  Schedule is valid with Makespan = 491
  Total time: 63.0855 seconds
------------------------------------------------------------------
[*] Trying with Upper Bound = 490...
  SAT ! Makespan = 490
  Schedule is valid with Makespan = 490
  Total time: 66.3451 seconds
------------------------------------------------------------------
[*] Trying with Upper Bound = 489...
  SAT ! Makespan = 489
  Schedule is valid with Makespan = 489
  Total time: 67.8275 seconds
------------------------------------------------------------------
[*] Trying with Upper Bound = 488...
[runlim] sample:		69.99 time, 70.01 real, 302 MB, 1.06 load
  SAT ! Makespan = 488
  Schedule is valid with Makespan = 488
  Total time: 76.5767 seconds
------------------------------------------------------------------
[*] Trying with Upper Bound = 487...
  SAT ! Makespan = 487
  Schedule is valid with Makespan = 487
  Total time: 79.3824 seconds
------------------------------------------------------------------
[*] Trying with Upper Bound = 486...
[runlim] sample:		79.99 time, 80.02 real, 263 MB, 1.05 load
  SAT ! Makespan = 486
  Schedule is valid with Makespan = 486
  Total time: 80.7888 seconds
------------------------------------------------------------------
[*] Trying with Upper Bound = 485...
  SAT ! Makespan = 485
  Schedule is valid with Makespan = 485
  Total time: 86.8543 seconds
------------------------------------------------------------------
[*] Trying with Upper Bound = 484...
  SAT ! Makespan = 484
  Schedule is valid with Makespan = 484
  Total time: 88.4163 seconds
------------------------------------------------------------------
[*] Trying with Upper Bound = 483...
  SAT ! Makespan = 483
  Schedule is valid with Makespan = 483
  Total time: 89.7774 seconds
------------------------------------------------------------------
[*] Trying with Upper Bound = 482...
[runlim] sample:		89.99 time, 90.02 real, 279 MB, 1.04 load
  SAT ! Makespan = 482
  Schedule is valid with Makespan = 482
  Total time: 92.8237 seconds
------------------------------------------------------------------
[*] Trying with Upper Bound = 481...
  SAT ! Makespan = 481
  Schedule is valid with Makespan = 481
  Total time: 99.3947 seconds
------------------------------------------------------------------
[*] Trying with Upper Bound = 480...
[runlim] sample:		99.99 time, 100.02 real, 292 MB, 1.04 load
  SAT ! Makespan = 480
  Schedule is valid with Makespan = 480
  Total time: 105.0251 seconds
------------------------------------------------------------------
[*] Trying with Upper Bound = 479...
[runlim] sample:		109.99 time, 110.02 real, 294 MB, 1.03 load
[runlim] sample:		119.98 time, 120.02 real, 298 MB, 1.02 load
[runlim] sample:		129.99 time, 130.02 real, 294 MB, 1.02 load
  SAT ! Makespan = 479
  Schedule is valid with Makespan = 479
  Total time: 132.9722 seconds
------------------------------------------------------------------
[*] Trying with Upper Bound = 478...
  SAT ! Makespan = 478
  Schedule is valid with Makespan = 478
  Total time: 134.6137 seconds
------------------------------------------------------------------
[*] Trying with Upper Bound = 477...
  SAT ! Makespan = 477
  Schedule is valid with Makespan = 477
  Total time: 136.3839 seconds
------------------------------------------------------------------
[*] Trying with Upper Bound = 476...
[runlim] sample:		139.99 time, 140.01 real, 295 MB, 1.02 load
[runlim] sample:		149.98 time, 150.02 real, 298 MB, 1.01 load
[runlim] sample:		159.99 time, 160.02 real, 295 MB, 1.01 load
  SAT ! Makespan = 476
  Schedule is valid with Makespan = 476
  Total time: 161.2555 seconds
------------------------------------------------------------------
[*] Trying with Upper Bound = 475...
  SAT ! Makespan = 475
  Schedule is valid with Makespan = 475
  Total time: 169.2201 seconds
------------------------------------------------------------------
[*] Trying with Upper Bound = 474...
[runlim] sample:		169.99 time, 170.02 real, 296 MB, 1.01 load
[runlim] sample:		179.98 time, 180.02 real, 303 MB, 1.01 load
[runlim] sample:		189.98 time, 190.02 real, 302 MB, 1.01 load
  SAT ! Makespan = 474
  Schedule is valid with Makespan = 474
  Total time: 196.6297 seconds
------------------------------------------------------------------
[*] Trying with Upper Bound = 473...
[runlim] sample:		199.97 time, 200.02 real, 294 MB, 1.00 load
[runlim] sample:		209.97 time, 210.01 real, 299 MB, 1.00 load
[runlim] sample:		219.97 time, 220.02 real, 296 MB, 1.00 load
[runlim] sample:		229.97 time, 230.02 real, 302 MB, 1.00 load
[runlim] sample:		239.96 time, 240.01 real, 301 MB, 1.00 load
[runlim] sample:		249.96 time, 250.01 real, 300 MB, 1.00 load
[runlim] sample:		259.96 time, 260.02 real, 298 MB, 1.00 load
[runlim] sample:		269.95 time, 270.02 real, 299 MB, 1.00 load
[runlim] sample:		279.95 time, 280.02 real, 299 MB, 1.00 load
[runlim] sample:		289.95 time, 290.01 real, 300 MB, 1.00 load
[runlim] sample:		299.95 time, 300.02 real, 300 MB, 1.00 load
[runlim] sample:		309.95 time, 310.02 real, 305 MB, 1.00 load
[runlim] sample:		319.94 time, 320.02 real, 306 MB, 1.00 load
[runlim] sample:		329.94 time, 330.01 real, 308 MB, 1.00 load
  SAT ! Makespan = 473
  Schedule is valid with Makespan = 473
  Total time: 332.9668 seconds
------------------------------------------------------------------
[*] Trying with Upper Bound = 472...
[runlim] sample:		339.94 time, 340.02 real, 309 MB, 1.00 load
[runlim] sample:		349.93 time, 350.02 real, 303 MB, 1.00 load
[runlim] sample:		359.94 time, 360.01 real, 305 MB, 1.00 load
[runlim] sample:		369.94 time, 370.01 real, 310 MB, 1.00 load
[runlim] sample:		379.94 time, 380.02 real, 309 MB, 1.00 load
[runlim] sample:		389.94 time, 390.02 real, 308 MB, 1.00 load
[runlim] sample:		399.93 time, 400.02 real, 304 MB, 1.00 load
[runlim] sample:		409.94 time, 410.01 real, 305 MB, 1.00 load
[runlim] sample:		419.94 time, 420.01 real, 305 MB, 1.00 load
[runlim] sample:		429.93 time, 430.01 real, 306 MB, 1.00 load
[runlim] sample:		439.93 time, 440.02 real, 306 MB, 1.00 load
[runlim] sample:		449.93 time, 450.02 real, 357 MB, 1.00 load
[runlim] sample:		459.93 time, 460.02 real, 313 MB, 1.00 load
[runlim] sample:		469.93 time, 470.02 real, 314 MB, 1.00 load
[runlim] sample:		479.93 time, 480.02 real, 315 MB, 1.00 load
[runlim] sample:		489.93 time, 490.02 real, 314 MB, 1.00 load
[runlim] sample:		499.93 time, 500.02 real, 314 MB, 1.00 load
[runlim] sample:		509.93 time, 510.02 real, 312 MB, 1.00 load
[runlim] sample:		519.93 time, 520.02 real, 315 MB, 1.00 load
[runlim] sample:		529.93 time, 530.02 real, 315 MB, 1.00 load
[runlim] sample:		539.92 time, 540.01 real, 313 MB, 1.00 load
[runlim] sample:		549.92 time, 550.02 real, 313 MB, 1.00 load
[runlim] sample:		559.93 time, 560.02 real, 309 MB, 1.00 load
[runlim] sample:		569.92 time, 570.02 real, 309 MB, 1.00 load
[runlim] sample:		579.92 time, 580.02 real, 359 MB, 1.00 load
[runlim] sample:		589.92 time, 590.02 real, 310 MB, 1.00 load
[runlim] sample:		599.93 time, 600.02 real, 310 MB, 1.00 load
[runlim] sample:		609.93 time, 610.02 real, 310 MB, 1.00 load
[runlim] sample:		619.92 time, 620.01 real, 311 MB, 1.00 load
[runlim] sample:		629.92 time, 630.01 real, 311 MB, 1.00 load
[runlim] sample:		639.92 time, 640.02 real, 311 MB, 1.00 load
[runlim] sample:		649.92 time, 650.02 real, 312 MB, 1.00 load
[runlim] sample:		659.92 time, 660.02 real, 312 MB, 1.00 load
[runlim] sample:		669.92 time, 670.02 real, 312 MB, 1.00 load
[runlim] sample:		679.92 time, 680.02 real, 312 MB, 1.00 load
[runlim] sample:		689.92 time, 690.02 real, 312 MB, 1.00 load
[runlim] sample:		699.92 time, 700.02 real, 313 MB, 1.00 load
[runlim] sample:		709.92 time, 710.02 real, 314 MB, 1.00 load
[runlim] sample:		719.92 time, 720.02 real, 314 MB, 1.00 load
[runlim] sample:		729.92 time, 730.02 real, 314 MB, 1.00 load
[runlim] sample:		739.92 time, 740.02 real, 314 MB, 1.00 load
[runlim] sample:		749.91 time, 750.02 real, 315 MB, 1.00 load
[runlim] sample:		759.91 time, 760.02 real, 315 MB, 1.00 load
[runlim] sample:		769.91 time, 770.02 real, 315 MB, 1.00 load
[runlim] sample:		779.91 time, 780.02 real, 315 MB, 1.08 load
[runlim] sample:		789.91 time, 790.02 real, 315 MB, 1.07 load
[runlim] sample:		799.91 time, 800.02 real, 315 MB, 1.06 load
[runlim] sample:		809.91 time, 810.01 real, 316 MB, 1.12 load
[runlim] sample:		819.91 time, 820.02 real, 316 MB, 1.10 load
[runlim] sample:		829.91 time, 830.02 real, 317 MB, 1.09 load
[runlim] sample:		839.91 time, 840.02 real, 317 MB, 1.07 load
[runlim] sample:		849.90 time, 850.02 real, 325 MB, 1.06 load
[runlim] sample:		859.90 time, 860.01 real, 326 MB, 1.05 load
[runlim] sample:		869.90 time, 870.02 real, 327 MB, 1.04 load
[runlim] sample:		879.90 time, 880.02 real, 327 MB, 1.04 load
[runlim] sample:		889.90 time, 890.02 real, 336 MB, 1.03 load
[runlim] sample:		899.91 time, 900.02 real, 326 MB, 1.02 load
  SAT ! Makespan = 472
  Schedule is valid with Makespan = 472
  Total time: 900.9589 seconds
------------------------------------------------------------------
[*] Trying with Upper Bound = 471...
[runlim] sample:		909.90 time, 910.02 real, 329 MB, 1.02 load
[runlim] sample:		919.90 time, 920.01 real, 286 MB, 1.02 load
[runlim] sample:		929.90 time, 930.02 real, 284 MB, 1.01 load
[runlim] sample:		939.90 time, 940.02 real, 287 MB, 1.01 load
[runlim] sample:		949.90 time, 950.02 real, 289 MB, 1.01 load
[runlim] sample:		959.89 time, 960.02 real, 294 MB, 1.01 load
[runlim] sample:		969.90 time, 970.02 real, 327 MB, 1.01 load
[runlim] sample:		979.90 time, 980.02 real, 317 MB, 1.00 load
[runlim] sample:		989.90 time, 990.02 real, 317 MB, 1.00 load
[runlim] sample:		999.89 time, 1000.02 real, 318 MB, 1.00 load
[runlim] sample:		1009.89 time, 1010.02 real, 318 MB, 1.00 load
[runlim] sample:		1019.89 time, 1020.02 real, 318 MB, 1.00 load
[runlim] sample:		1029.89 time, 1030.02 real, 318 MB, 1.00 load
[runlim] sample:		1039.89 time, 1040.02 real, 323 MB, 1.00 load
[runlim] sample:		1049.89 time, 1050.02 real, 392 MB, 1.00 load
[runlim] sample:		1059.89 time, 1060.02 real, 329 MB, 1.00 load
  SAT ! Makespan = 471
  Schedule is valid with Makespan = 471
  Total time: 1065.1147 seconds
------------------------------------------------------------------
[*] Trying with Upper Bound = 470...
[runlim] sample:		1069.89 time, 1070.02 real, 296 MB, 1.00 load
[runlim] sample:		1079.89 time, 1080.01 real, 296 MB, 1.00 load
[runlim] sample:		1089.89 time, 1090.02 real, 290 MB, 1.00 load
[runlim] sample:		1099.89 time, 1100.01 real, 286 MB, 1.00 load
[runlim] sample:		1109.89 time, 1110.02 real, 288 MB, 1.00 load
[runlim] sample:		1119.89 time, 1120.02 real, 334 MB, 1.00 load
[runlim] sample:		1129.89 time, 1130.02 real, 334 MB, 1.00 load
[runlim] sample:		1139.89 time, 1140.02 real, 327 MB, 1.00 load
[runlim] sample:		1149.89 time, 1150.02 real, 327 MB, 1.00 load
[runlim] sample:		1159.88 time, 1160.02 real, 320 MB, 1.00 load
[runlim] sample:		1169.88 time, 1170.01 real, 320 MB, 1.00 load
[runlim] sample:		1179.88 time, 1180.02 real, 320 MB, 1.00 load
[runlim] sample:		1189.88 time, 1190.02 real, 320 MB, 1.00 load
[runlim] sample:		1199.88 time, 1200.01 real, 320 MB, 1.00 load
[runlim] sample:		1209.89 time, 1210.02 real, 323 MB, 1.00 load
[runlim] sample:		1219.89 time, 1220.02 real, 323 MB, 1.00 load
[runlim] sample:		1229.88 time, 1230.02 real, 331 MB, 1.00 load
[runlim] sample:		1239.88 time, 1240.02 real, 332 MB, 1.00 load
[runlim] sample:		1249.88 time, 1250.02 real, 332 MB, 1.00 load
[runlim] sample:		1259.88 time, 1260.02 real, 335 MB, 1.00 load
[runlim] sample:		1269.88 time, 1270.02 real, 335 MB, 1.00 load
[runlim] sample:		1279.87 time, 1280.02 real, 334 MB, 1.00 load
[runlim] sample:		1289.88 time, 1290.01 real, 334 MB, 1.00 load
[runlim] sample:		1299.88 time, 1300.02 real, 331 MB, 1.00 load
[runlim] sample:		1309.88 time, 1310.01 real, 331 MB, 1.00 load
[runlim] sample:		1319.87 time, 1320.02 real, 335 MB, 1.00 load
[runlim] sample:		1329.87 time, 1330.01 real, 335 MB, 1.00 load
[runlim] sample:		1339.87 time, 1340.02 real, 328 MB, 1.00 load
[runlim] sample:		1349.87 time, 1350.01 real, 328 MB, 1.00 load
[runlim] sample:		1359.87 time, 1360.02 real, 328 MB, 1.00 load
[runlim] sample:		1369.87 time, 1370.02 real, 322 MB, 1.00 load
[runlim] sample:		1379.87 time, 1380.02 real, 323 MB, 1.08 load
[runlim] sample:		1389.87 time, 1390.01 real, 323 MB, 1.07 load
[runlim] sample:		1399.86 time, 1400.02 real, 324 MB, 1.06 load
[runlim] sample:		1409.86 time, 1410.02 real, 324 MB, 1.05 load
[runlim] sample:		1419.86 time, 1420.02 real, 325 MB, 1.04 load
[runlim] sample:		1429.86 time, 1430.02 real, 325 MB, 1.03 load
[runlim] sample:		1439.85 time, 1440.02 real, 325 MB, 1.03 load
[runlim] sample:		1449.86 time, 1450.01 real, 326 MB, 1.02 load
[runlim] sample:		1459.86 time, 1460.01 real, 326 MB, 1.02 load
[runlim] sample:		1469.86 time, 1470.02 real, 326 MB, 1.02 load
[runlim] sample:		1479.86 time, 1480.02 real, 327 MB, 1.01 load
[runlim] sample:		1489.86 time, 1490.02 real, 327 MB, 1.01 load
[runlim] sample:		1499.85 time, 1500.02 real, 327 MB, 1.01 load
[runlim] sample:		1509.86 time, 1510.02 real, 327 MB, 1.01 load
[runlim] sample:		1519.85 time, 1520.02 real, 327 MB, 1.00 load
[runlim] sample:		1529.85 time, 1530.02 real, 327 MB, 1.00 load
[runlim] sample:		1539.85 time, 1540.02 real, 327 MB, 1.00 load
[runlim] sample:		1549.86 time, 1550.02 real, 328 MB, 1.00 load
[runlim] sample:		1559.85 time, 1560.02 real, 328 MB, 1.00 load
[runlim] sample:		1569.85 time, 1570.02 real, 328 MB, 1.00 load
[runlim] sample:		1579.85 time, 1580.01 real, 328 MB, 1.08 load
[runlim] sample:		1589.85 time, 1590.02 real, 328 MB, 1.07 load
[runlim] sample:		1599.85 time, 1600.02 real, 328 MB, 1.06 load
[runlim] sample:		1609.85 time, 1610.02 real, 328 MB, 1.05 load
[runlim] sample:		1619.84 time, 1620.02 real, 328 MB, 1.04 load
[runlim] sample:		1629.85 time, 1630.02 real, 330 MB, 1.03 load
[runlim] sample:		1639.85 time, 1640.02 real, 330 MB, 1.03 load
[runlim] sample:		1649.84 time, 1650.02 real, 331 MB, 1.02 load
[runlim] sample:		1659.84 time, 1660.02 real, 331 MB, 1.02 load
[runlim] sample:		1669.84 time, 1670.02 real, 331 MB, 1.02 load
[runlim] sample:		1679.84 time, 1680.01 real, 331 MB, 1.09 load
[runlim] sample:		1689.84 time, 1690.02 real, 331 MB, 1.08 load
[runlim] sample:		1699.84 time, 1700.02 real, 335 MB, 1.07 load
[runlim] sample:		1709.84 time, 1710.02 real, 335 MB, 1.06 load
[runlim] sample:		1719.84 time, 1720.02 real, 343 MB, 1.05 load
[runlim] sample:		1729.84 time, 1730.02 real, 343 MB, 1.04 load
[runlim] sample:		1739.84 time, 1740.02 real, 346 MB, 1.03 load
[runlim] sample:		1749.84 time, 1750.02 real, 346 MB, 1.03 load
[runlim] sample:		1759.83 time, 1760.01 real, 347 MB, 1.02 load
[runlim] sample:		1769.84 time, 1770.02 real, 347 MB, 1.02 load
[runlim] sample:		1779.84 time, 1780.02 real, 351 MB, 1.02 load
[runlim] sample:		1789.84 time, 1790.02 real, 351 MB, 1.01 load
[runlim] sample:		1799.84 time, 1800.01 real, 345 MB, 1.01 load
[runlim] sample:		1809.84 time, 1810.01 real, 345 MB, 1.01 load
[runlim] sample:		1819.83 time, 1820.02 real, 346 MB, 1.01 load
[runlim] sample:		1829.83 time, 1830.01 real, 346 MB, 1.00 load
[runlim] sample:		1839.83 time, 1840.02 real, 345 MB, 1.00 load
[runlim] sample:		1849.83 time, 1850.02 real, 345 MB, 1.00 load
[runlim] sample:		1859.83 time, 1860.01 real, 345 MB, 1.00 load
[runlim] sample:		1869.83 time, 1870.01 real, 346 MB, 1.00 load
[runlim] sample:		1879.83 time, 1880.02 real, 346 MB, 1.00 load
  SAT ! Makespan = 470
  Schedule is valid with Makespan = 470
  Total time: 1880.0607 seconds
------------------------------------------------------------------
[*] Trying with Upper Bound = 469...
[runlim] sample:		1889.83 time, 1890.02 real, 307 MB, 1.00 load
[runlim] sample:		1899.83 time, 1900.02 real, 307 MB, 1.00 load
[runlim] sample:		1909.83 time, 1910.02 real, 309 MB, 1.00 load
[runlim] sample:		1919.83 time, 1920.01 real, 339 MB, 1.00 load
[runlim] sample:		1929.82 time, 1930.01 real, 339 MB, 1.00 load
[runlim] sample:		1939.82 time, 1940.02 real, 346 MB, 1.00 load
[runlim] sample:		1949.82 time, 1950.02 real, 346 MB, 1.00 load
[runlim] sample:		1959.82 time, 1960.02 real, 346 MB, 1.00 load
[runlim] sample:		1969.82 time, 1970.02 real, 344 MB, 1.00 load
[runlim] sample:		1979.82 time, 1980.02 real, 344 MB, 1.08 load
[runlim] sample:		1989.82 time, 1990.02 real, 344 MB, 1.07 load
[runlim] sample:		1999.82 time, 2000.01 real, 336 MB, 1.06 load
[runlim] sample:		2009.82 time, 2010.02 real, 336 MB, 1.13 load
[runlim] sample:		2019.82 time, 2020.02 real, 336 MB, 1.11 load
[runlim] sample:		2029.82 time, 2030.02 real, 336 MB, 1.09 load
[runlim] sample:		2039.82 time, 2040.02 real, 355 MB, 1.08 load
[runlim] sample:		2049.82 time, 2050.01 real, 337 MB, 1.06 load
[runlim] sample:		2059.81 time, 2060.01 real, 345 MB, 1.05 load
[runlim] sample:		2069.81 time, 2070.02 real, 345 MB, 1.04 load
[runlim] sample:		2079.81 time, 2080.02 real, 345 MB, 1.04 load
[runlim] sample:		2089.82 time, 2090.02 real, 347 MB, 1.03 load
[runlim] sample:		2099.82 time, 2100.02 real, 347 MB, 1.03 load
[runlim] sample:		2109.81 time, 2110.02 real, 356 MB, 1.02 load
[runlim] sample:		2119.81 time, 2120.02 real, 356 MB, 1.02 load
[runlim] sample:		2129.81 time, 2130.02 real, 440 MB, 1.01 load
[runlim] sample:		2139.81 time, 2140.02 real, 352 MB, 1.01 load
[runlim] sample:		2149.81 time, 2150.02 real, 352 MB, 1.01 load
[runlim] sample:		2159.81 time, 2160.01 real, 354 MB, 1.01 load
[runlim] sample:		2169.81 time, 2170.02 real, 354 MB, 1.01 load
[runlim] sample:		2179.81 time, 2180.01 real, 354 MB, 1.73 load
[runlim] sample:		2189.81 time, 2190.02 real, 347 MB, 1.61 load
[runlim] sample:		2199.81 time, 2200.02 real, 347 MB, 1.52 load
[runlim] sample:		2209.81 time, 2210.02 real, 347 MB, 1.44 load
[runlim] sample:		2219.81 time, 2220.01 real, 347 MB, 1.37 load
[runlim] sample:		2229.81 time, 2230.02 real, 338 MB, 1.31 load
[runlim] sample:		2239.81 time, 2240.02 real, 338 MB, 1.26 load
[runlim] sample:		2249.80 time, 2250.02 real, 338 MB, 1.22 load
[runlim] sample:		2259.81 time, 2260.02 real, 339 MB, 1.19 load
[runlim] sample:		2269.80 time, 2270.02 real, 339 MB, 1.16 load
[runlim] sample:		2279.80 time, 2280.02 real, 340 MB, 1.13 load
[runlim] sample:		2289.80 time, 2290.02 real, 340 MB, 1.11 load
[runlim] sample:		2299.80 time, 2300.02 real, 340 MB, 1.10 load
[runlim] sample:		2309.80 time, 2310.01 real, 340 MB, 1.08 load
[runlim] sample:		2319.80 time, 2320.02 real, 340 MB, 1.07 load
[runlim] sample:		2329.80 time, 2330.02 real, 340 MB, 1.06 load
[runlim] sample:		2339.80 time, 2340.02 real, 340 MB, 1.05 load
[runlim] sample:		2349.79 time, 2350.02 real, 341 MB, 1.04 load
[runlim] sample:		2359.79 time, 2360.02 real, 341 MB, 1.03 load
[runlim] sample:		2369.79 time, 2370.01 real, 341 MB, 1.03 load
[runlim] sample:		2379.79 time, 2380.02 real, 341 MB, 1.02 load
[runlim] sample:		2389.80 time, 2390.01 real, 341 MB, 1.02 load
[runlim] sample:		2399.80 time, 2400.01 real, 341 MB, 1.02 load
[runlim] sample:		2409.80 time, 2410.02 real, 341 MB, 1.01 load
[runlim] sample:		2419.79 time, 2420.01 real, 341 MB, 1.01 load
[runlim] sample:		2429.79 time, 2430.02 real, 342 MB, 1.01 load
[runlim] sample:		2439.79 time, 2440.02 real, 342 MB, 1.01 load
[runlim] sample:		2449.79 time, 2450.01 real, 342 MB, 1.00 load
[runlim] sample:		2459.79 time, 2460.02 real, 343 MB, 1.00 load
[runlim] sample:		2469.79 time, 2470.02 real, 343 MB, 1.00 load
[runlim] sample:		2479.79 time, 2480.02 real, 343 MB, 1.00 load
[runlim] sample:		2489.79 time, 2490.01 real, 343 MB, 1.00 load
[runlim] sample:		2499.79 time, 2500.02 real, 343 MB, 1.00 load
[runlim] sample:		2509.79 time, 2510.02 real, 343 MB, 1.00 load
[runlim] sample:		2519.79 time, 2520.02 real, 343 MB, 1.00 load
[runlim] sample:		2529.79 time, 2530.02 real, 343 MB, 1.00 load
[runlim] sample:		2539.78 time, 2540.02 real, 343 MB, 1.00 load
[runlim] sample:		2549.78 time, 2550.02 real, 343 MB, 1.00 load
[runlim] sample:		2559.78 time, 2560.02 real, 343 MB, 1.07 load
[runlim] sample:		2569.78 time, 2570.02 real, 344 MB, 1.06 load
[runlim] sample:		2579.75 time, 2580.02 real, 344 MB, 1.13 load
[runlim] sample:		2589.75 time, 2590.02 real, 344 MB, 1.11 load
[runlim] sample:		2599.75 time, 2600.02 real, 404 MB, 1.09 load
[runlim] sample:		2609.75 time, 2610.02 real, 347 MB, 1.08 load
[runlim] sample:		2619.75 time, 2620.02 real, 349 MB, 1.07 load
[runlim] sample:		2629.75 time, 2630.02 real, 349 MB, 1.06 load
[runlim] sample:		2639.75 time, 2640.01 real, 362 MB, 1.05 load
[runlim] sample:		2649.75 time, 2650.01 real, 362 MB, 1.04 load
[runlim] sample:		2659.75 time, 2660.01 real, 359 MB, 1.03 load
[runlim] sample:		2669.75 time, 2670.02 real, 359 MB, 1.03 load
[runlim] sample:		2679.75 time, 2680.02 real, 359 MB, 1.02 load
[runlim] sample:		2689.74 time, 2690.02 real, 369 MB, 1.02 load
[runlim] sample:		2699.74 time, 2700.01 real, 369 MB, 1.02 load
[runlim] sample:		2709.74 time, 2710.01 real, 369 MB, 1.01 load
[runlim] sample:		2719.74 time, 2720.02 real, 365 MB, 1.01 load
[runlim] sample:		2729.74 time, 2730.02 real, 365 MB, 1.01 load
[runlim] sample:		2739.73 time, 2740.02 real, 359 MB, 1.01 load
[runlim] sample:		2749.73 time, 2750.01 real, 359 MB, 1.00 load
[runlim] sample:		2759.73 time, 2760.01 real, 359 MB, 1.00 load
[runlim] sample:		2769.73 time, 2770.01 real, 362 MB, 1.00 load
[runlim] sample:		2779.73 time, 2780.01 real, 362 MB, 1.00 load
[runlim] sample:		2789.73 time, 2790.02 real, 367 MB, 1.00 load
[runlim] sample:		2799.73 time, 2800.02 real, 367 MB, 1.00 load
[runlim] sample:		2809.73 time, 2810.02 real, 367 MB, 1.00 load
[runlim] sample:		2819.73 time, 2820.02 real, 361 MB, 1.00 load
[runlim] sample:		2829.73 time, 2830.02 real, 361 MB, 1.00 load
[runlim] sample:		2839.74 time, 2840.02 real, 361 MB, 1.00 load
[runlim] sample:		2849.73 time, 2850.01 real, 362 MB, 1.00 load
[runlim] sample:		2859.73 time, 2860.02 real, 362 MB, 1.00 load
[runlim] sample:		2869.73 time, 2870.02 real, 362 MB, 1.00 load
[runlim] sample:		2879.72 time, 2880.02 real, 369 MB, 1.00 load
[runlim] sample:		2889.72 time, 2890.02 real, 369 MB, 1.00 load
[runlim] sample:		2899.73 time, 2900.01 real, 360 MB, 1.00 load
[runlim] sample:		2909.73 time, 2910.01 real, 360 MB, 1.00 load
[runlim] sample:		2919.73 time, 2920.02 real, 360 MB, 1.00 load
[runlim] sample:		2929.73 time, 2930.02 real, 362 MB, 1.00 load
[runlim] sample:		2939.73 time, 2940.02 real, 362 MB, 1.00 load
[runlim] sample:		2949.72 time, 2950.02 real, 453 MB, 1.00 load
[runlim] sample:		2959.72 time, 2960.02 real, 362 MB, 1.00 load
[runlim] sample:		2969.72 time, 2970.02 real, 362 MB, 1.00 load
[runlim] sample:		2979.72 time, 2980.02 real, 362 MB, 1.00 load
[runlim] sample:		2989.72 time, 2990.02 real, 365 MB, 1.00 load
[runlim] sample:		2999.72 time, 3000.02 real, 365 MB, 1.00 load
[runlim] sample:		3009.72 time, 3010.02 real, 365 MB, 1.00 load
[runlim] sample:		3019.72 time, 3020.02 real, 366 MB, 1.00 load
[runlim] sample:		3029.72 time, 3030.02 real, 366 MB, 1.00 load
[runlim] sample:		3039.72 time, 3040.02 real, 366 MB, 1.00 load
[runlim] sample:		3049.72 time, 3050.02 real, 368 MB, 1.00 load
[runlim] sample:		3059.72 time, 3060.02 real, 368 MB, 1.00 load
[runlim] sample:		3069.72 time, 3070.02 real, 458 MB, 1.00 load
[runlim] sample:		3079.71 time, 3080.02 real, 362 MB, 1.00 load
[runlim] sample:		3089.71 time, 3090.02 real, 362 MB, 1.00 load
[runlim] sample:		3099.72 time, 3100.02 real, 367 MB, 1.00 load
[runlim] sample:		3109.71 time, 3110.02 real, 367 MB, 1.00 load
[runlim] sample:		3119.71 time, 3120.02 real, 367 MB, 1.00 load
[runlim] sample:		3129.71 time, 3130.02 real, 367 MB, 1.00 load
[runlim] sample:		3139.72 time, 3140.02 real, 359 MB, 1.00 load
[runlim] sample:		3149.72 time, 3150.02 real, 359 MB, 1.00 load
[runlim] sample:		3159.71 time, 3160.02 real, 359 MB, 1.00 load
[runlim] sample:		3169.71 time, 3170.02 real, 359 MB, 1.00 load
[runlim] sample:		3179.71 time, 3180.02 real, 359 MB, 1.16 load
[runlim] sample:		3189.71 time, 3190.02 real, 349 MB, 1.13 load
[runlim] sample:		3199.71 time, 3200.02 real, 349 MB, 1.11 load
[runlim] sample:		3209.70 time, 3210.01 real, 349 MB, 1.10 load
[runlim] sample:		3219.70 time, 3220.02 real, 349 MB, 1.08 load
[runlim] sample:		3229.70 time, 3230.02 real, 349 MB, 1.07 load
[runlim] sample:		3239.71 time, 3240.02 real, 350 MB, 1.06 load
[runlim] sample:		3249.71 time, 3250.02 real, 350 MB, 1.05 load
[runlim] sample:		3259.70 time, 3260.02 real, 355 MB, 1.04 load
[runlim] sample:		3269.70 time, 3270.01 real, 355 MB, 1.03 load
[runlim] sample:		3279.70 time, 3280.02 real, 355 MB, 1.03 load
[runlim] sample:		3289.70 time, 3290.02 real, 355 MB, 1.02 load
[runlim] sample:		3299.70 time, 3300.01 real, 356 MB, 1.02 load
[runlim] sample:		3309.70 time, 3310.02 real, 356 MB, 1.02 load
[runlim] sample:		3319.69 time, 3320.02 real, 356 MB, 1.01 load
[runlim] sample:		3329.69 time, 3330.02 real, 356 MB, 1.01 load
[runlim] sample:		3339.69 time, 3340.02 real, 356 MB, 1.01 load
[runlim] sample:		3349.70 time, 3350.02 real, 356 MB, 1.01 load
[runlim] sample:		3359.70 time, 3360.02 real, 356 MB, 1.00 load
[runlim] sample:		3369.70 time, 3370.02 real, 356 MB, 1.00 load
[runlim] sample:		3379.69 time, 3380.02 real, 356 MB, 1.00 load
[runlim] sample:		3389.69 time, 3390.02 real, 356 MB, 1.00 load
[runlim] sample:		3399.69 time, 3400.02 real, 356 MB, 1.00 load
[runlim] sample:		3409.69 time, 3410.01 real, 357 MB, 1.00 load
[runlim] sample:		3419.69 time, 3420.02 real, 357 MB, 1.00 load
[runlim] sample:		3429.69 time, 3430.02 real, 357 MB, 1.72 load
[runlim] sample:		3439.68 time, 3440.02 real, 357 MB, 1.69 load
[runlim] sample:		3449.68 time, 3450.02 real, 357 MB, 1.58 load
[runlim] sample:		3459.68 time, 3460.02 real, 357 MB, 1.49 load
[runlim] sample:		3469.68 time, 3470.02 real, 358 MB, 1.42 load
[runlim] sample:		3479.69 time, 3480.02 real, 358 MB, 1.35 load
[runlim] sample:		3489.69 time, 3490.02 real, 358 MB, 1.30 load
[runlim] sample:		3499.68 time, 3500.02 real, 364 MB, 1.25 load
[runlim] sample:		3509.68 time, 3510.02 real, 364 MB, 1.21 load
[runlim] sample:		3519.68 time, 3520.01 real, 364 MB, 1.18 load
[runlim] sample:		3529.69 time, 3530.02 real, 365 MB, 1.15 load
[runlim] sample:		3539.68 time, 3540.01 real, 365 MB, 1.13 load
[runlim] sample:		3549.68 time, 3550.02 real, 365 MB, 1.11 load
[runlim] sample:		3559.68 time, 3560.02 real, 365 MB, 1.09 load
[runlim] sample:		3569.68 time, 3570.02 real, 365 MB, 1.08 load
[runlim] sample:		3579.67 time, 3580.02 real, 365 MB, 1.06 load
[runlim] sample:		3589.67 time, 3590.02 real, 365 MB, 1.05 load
[runlim] sample:		3599.67 time, 3600.02 real, 365 MB, 1.05 load
[runlim] end:			Sat Aug 15 22:41:24 2026
[runlim] status:		out of time
[runlim] result:		2
[runlim] children:		1
[runlim] processes:		2
[runlim] real:			3601.04 seconds
[runlim] time:			3599.67 seconds
[runlim] space:			475 MB
[runlim] load:			1.73 maximum
[runlim] samples:		36000
