[runlim] version:		2.0.0rc12
[runlim] host:			fjssp-instance
[runlim] time limit:		311040000 seconds
[runlim] real time limit:	3600 seconds
[runlim] space limit:		14000 MB
[runlim] argv[0]:		python3
[runlim] argv[1]:		-u
[runlim] argv[2]:		main.py
[runlim] argv[3]:		--input
[runlim] argv[4]:		datasets/brandimarte/MK05
[runlim] argv[5]:		--sb
[runlim] argv[6]:		--factories
[runlim] argv[7]:		2
[runlim] argv[8]:		--full_transitive
[runlim] start:			Wed Aug 26 03:12:49 2026
[runlim] child:			20192
[*] Loading data from file: datasets/brandimarte/MK05
[*] Running D-FJSSP SAT Solver with 2 factories, Symmetry Breaking = ON, Transitive E* = FULL
===========================================================================
 D-FJSSP SAT SOLVER - PARALLEL FACTORIES SCHEDULING
===========================================================================
  -> Operations: 106 | Jobs: 15 | Machines: 4 | Factories: 2

[*] Running Greedy Heuristic...
  -> Greedy Solution: Makespan = 107 (0.0003s)

[*] Initializing and solving the SAT model...
------------------------------------------------------------------
[*] Trying with Upper Bound = 107...
  SAT ! Makespan = 107
  Schedule is valid with Makespan = 107
  Total time: 0.4190 seconds
------------------------------------------------------------------
[*] Trying with Upper Bound = 106...
  SAT ! Makespan = 106
  Schedule is valid with Makespan = 106
  Total time: 0.7964 seconds
------------------------------------------------------------------
[*] Trying with Upper Bound = 105...
  SAT ! Makespan = 105
  Schedule is valid with Makespan = 105
  Total time: 1.6457 seconds
------------------------------------------------------------------
[*] Trying with Upper Bound = 104...
  SAT ! Makespan = 104
  Schedule is valid with Makespan = 104
  Total time: 1.9668 seconds
------------------------------------------------------------------
[*] Trying with Upper Bound = 103...
  SAT ! Makespan = 103
  Schedule is valid with Makespan = 103
  Total time: 2.1075 seconds
------------------------------------------------------------------
[*] Trying with Upper Bound = 102...
  SAT ! Makespan = 102
  Schedule is valid with Makespan = 102
  Total time: 2.9777 seconds
------------------------------------------------------------------
[*] Trying with Upper Bound = 101...
  SAT ! Makespan = 101
  Schedule is valid with Makespan = 101
  Total time: 3.0926 seconds
------------------------------------------------------------------
[*] Trying with Upper Bound = 100...
  SAT ! Makespan = 100
  Schedule is valid with Makespan = 100
  Total time: 3.4477 seconds
------------------------------------------------------------------
[*] Trying with Upper Bound = 99...
  SAT ! Makespan = 99
  Schedule is valid with Makespan = 99
  Total time: 3.8353 seconds
------------------------------------------------------------------
[*] Trying with Upper Bound = 98...
  SAT ! Makespan = 98
  Schedule is valid with Makespan = 98
  Total time: 4.0050 seconds
------------------------------------------------------------------
[*] Trying with Upper Bound = 97...
  SAT ! Makespan = 97
  Schedule is valid with Makespan = 97
  Total time: 4.1054 seconds
------------------------------------------------------------------
[*] Trying with Upper Bound = 96...
  SAT ! Makespan = 96
  Schedule is valid with Makespan = 96
  Total time: 4.7767 seconds
------------------------------------------------------------------
[*] Trying with Upper Bound = 95...
  SAT ! Makespan = 95
  Schedule is valid with Makespan = 95
  Total time: 5.1817 seconds
------------------------------------------------------------------
[*] Trying with Upper Bound = 94...
[runlim] sample:		10.00 time, 10.01 real, 102 MB, 0.34 load
  SAT ! Makespan = 94
  Schedule is valid with Makespan = 94
  Total time: 13.8294 seconds
------------------------------------------------------------------
[*] Trying with Upper Bound = 93...
  SAT ! Makespan = 93
  Schedule is valid with Makespan = 93
  Total time: 14.2243 seconds
------------------------------------------------------------------
[*] Trying with Upper Bound = 92...
[runlim] sample:		20.00 time, 20.01 real, 102 MB, 0.44 load
  SAT ! Makespan = 92
  Schedule is valid with Makespan = 92
  Total time: 25.9014 seconds
------------------------------------------------------------------
[*] Trying with Upper Bound = 91...
[runlim] sample:		29.97 time, 30.01 real, 102 MB, 0.52 load
  SAT ! Makespan = 91
  Schedule is valid with Makespan = 91
  Total time: 32.3514 seconds
------------------------------------------------------------------
[*] Trying with Upper Bound = 90...
[runlim] sample:		39.97 time, 40.01 real, 111 MB, 0.60 load
[runlim] sample:		49.80 time, 50.01 real, 111 MB, 0.66 load
[runlim] sample:		59.79 time, 60.01 real, 114 MB, 0.71 load
  SAT ! Makespan = 90
  Schedule is valid with Makespan = 90
  Total time: 62.0026 seconds
------------------------------------------------------------------
[*] Trying with Upper Bound = 89...
  SAT ! Makespan = 89
  Schedule is valid with Makespan = 89
  Total time: 69.8862 seconds
------------------------------------------------------------------
[*] Trying with Upper Bound = 88...
[runlim] sample:		69.79 time, 70.01 real, 115 MB, 0.76 load
[runlim] sample:		79.79 time, 80.01 real, 116 MB, 0.80 load
[runlim] sample:		89.79 time, 90.01 real, 116 MB, 0.83 load
[runlim] sample:		99.78 time, 100.01 real, 130 MB, 0.85 load
[runlim] sample:		109.78 time, 110.01 real, 104 MB, 0.88 load
[runlim] sample:		119.79 time, 120.01 real, 105 MB, 0.90 load
[runlim] sample:		129.78 time, 130.01 real, 139 MB, 0.91 load
[runlim] sample:		139.78 time, 140.01 real, 122 MB, 0.93 load
[runlim] sample:		149.78 time, 150.01 real, 135 MB, 0.94 load
[runlim] sample:		159.78 time, 160.01 real, 137 MB, 0.95 load
[runlim] sample:		169.78 time, 170.01 real, 139 MB, 0.96 load
[runlim] sample:		179.78 time, 180.01 real, 106 MB, 0.96 load
[runlim] sample:		189.78 time, 190.01 real, 107 MB, 0.97 load
[runlim] sample:		199.78 time, 200.01 real, 107 MB, 0.98 load
[runlim] sample:		209.78 time, 210.01 real, 107 MB, 0.98 load
[runlim] sample:		219.78 time, 220.01 real, 111 MB, 0.98 load
[runlim] sample:		229.78 time, 230.01 real, 113 MB, 0.99 load
[runlim] sample:		239.78 time, 240.01 real, 150 MB, 0.99 load
[runlim] sample:		249.78 time, 250.01 real, 153 MB, 1.07 load
[runlim] sample:		259.78 time, 260.01 real, 153 MB, 1.06 load
[runlim] sample:		269.78 time, 270.01 real, 112 MB, 1.05 load
[runlim] sample:		279.77 time, 280.01 real, 135 MB, 1.04 load
[runlim] sample:		289.78 time, 290.01 real, 133 MB, 1.04 load
[runlim] sample:		299.78 time, 300.01 real, 156 MB, 1.03 load
[runlim] sample:		309.77 time, 310.01 real, 156 MB, 1.02 load
[runlim] sample:		319.78 time, 320.01 real, 116 MB, 1.02 load
[runlim] sample:		329.77 time, 330.01 real, 113 MB, 1.02 load
[runlim] sample:		339.77 time, 340.01 real, 137 MB, 1.01 load
[runlim] sample:		349.78 time, 350.01 real, 160 MB, 1.01 load
[runlim] sample:		359.78 time, 360.01 real, 160 MB, 1.01 load
[runlim] sample:		369.78 time, 370.01 real, 160 MB, 1.01 load
[runlim] sample:		379.77 time, 380.01 real, 160 MB, 1.01 load
[runlim] sample:		389.77 time, 390.01 real, 160 MB, 1.00 load
[runlim] sample:		399.77 time, 400.01 real, 160 MB, 1.00 load
[runlim] sample:		409.76 time, 410.01 real, 160 MB, 1.16 load
[runlim] sample:		419.76 time, 420.01 real, 179 MB, 1.14 load
[runlim] sample:		429.76 time, 430.01 real, 179 MB, 1.12 load
[runlim] sample:		439.76 time, 440.01 real, 128 MB, 1.10 load
[runlim] sample:		449.75 time, 450.01 real, 145 MB, 1.08 load
[runlim] sample:		459.75 time, 460.01 real, 145 MB, 1.07 load
[runlim] sample:		469.75 time, 470.01 real, 165 MB, 1.06 load
[runlim] sample:		479.75 time, 480.01 real, 165 MB, 1.05 load
[runlim] sample:		489.75 time, 490.01 real, 165 MB, 1.04 load
[runlim] sample:		499.75 time, 500.01 real, 165 MB, 1.03 load
[runlim] sample:		509.75 time, 510.01 real, 173 MB, 1.03 load
[runlim] sample:		519.75 time, 520.01 real, 173 MB, 1.02 load
[runlim] sample:		529.75 time, 530.01 real, 173 MB, 1.02 load
[runlim] sample:		539.75 time, 540.01 real, 173 MB, 1.02 load
[runlim] sample:		549.75 time, 550.01 real, 177 MB, 1.01 load
[runlim] sample:		559.74 time, 560.01 real, 177 MB, 1.01 load
[runlim] sample:		569.74 time, 570.01 real, 177 MB, 1.01 load
[runlim] sample:		579.74 time, 580.01 real, 180 MB, 1.01 load
[runlim] sample:		589.74 time, 590.01 real, 180 MB, 1.00 load
[runlim] sample:		599.74 time, 600.01 real, 180 MB, 1.00 load
[runlim] sample:		609.74 time, 610.01 real, 183 MB, 1.00 load
[runlim] sample:		619.74 time, 620.01 real, 209 MB, 1.00 load
[runlim] sample:		629.74 time, 630.01 real, 209 MB, 1.00 load
[runlim] sample:		639.74 time, 640.01 real, 209 MB, 1.00 load
[runlim] sample:		649.74 time, 650.01 real, 211 MB, 1.00 load
[runlim] sample:		659.74 time, 660.01 real, 211 MB, 1.00 load
[runlim] sample:		669.74 time, 670.01 real, 211 MB, 1.00 load
[runlim] sample:		679.74 time, 680.01 real, 211 MB, 1.00 load
[runlim] sample:		689.74 time, 690.01 real, 211 MB, 1.00 load
[runlim] sample:		699.74 time, 700.01 real, 212 MB, 1.00 load
[runlim] sample:		709.74 time, 710.01 real, 212 MB, 1.00 load
[runlim] sample:		719.74 time, 720.01 real, 212 MB, 1.07 load
[runlim] sample:		729.74 time, 730.01 real, 214 MB, 1.06 load
[runlim] sample:		739.74 time, 740.01 real, 214 MB, 1.05 load
[runlim] sample:		749.74 time, 750.01 real, 214 MB, 1.04 load
[runlim] sample:		759.74 time, 760.01 real, 215 MB, 1.11 load
[runlim] sample:		769.74 time, 770.01 real, 215 MB, 1.09 load
[runlim] sample:		779.74 time, 780.01 real, 215 MB, 1.08 load
[runlim] sample:		789.74 time, 790.01 real, 215 MB, 1.07 load
[runlim] sample:		799.73 time, 800.01 real, 215 MB, 1.06 load
[runlim] sample:		809.73 time, 810.01 real, 215 MB, 1.05 load
[runlim] sample:		819.74 time, 820.01 real, 158 MB, 1.04 load
[runlim] sample:		829.74 time, 830.01 real, 159 MB, 1.03 load
[runlim] sample:		839.73 time, 840.01 real, 159 MB, 1.03 load
[runlim] sample:		849.74 time, 850.01 real, 159 MB, 1.02 load
[runlim] sample:		859.74 time, 860.01 real, 159 MB, 1.02 load
[runlim] sample:		869.73 time, 870.01 real, 159 MB, 1.02 load
[runlim] sample:		879.73 time, 880.01 real, 159 MB, 1.01 load
[runlim] sample:		889.73 time, 890.01 real, 159 MB, 1.01 load
[runlim] sample:		899.73 time, 900.01 real, 164 MB, 1.01 load
[runlim] sample:		909.73 time, 910.01 real, 161 MB, 1.01 load
[runlim] sample:		919.73 time, 920.01 real, 162 MB, 1.00 load
[runlim] sample:		929.73 time, 930.01 real, 162 MB, 1.00 load
[runlim] sample:		939.73 time, 940.01 real, 167 MB, 1.00 load
  SAT ! Makespan = 88
  Schedule is valid with Makespan = 88
  Total time: 940.3388 seconds
------------------------------------------------------------------
[*] Trying with Upper Bound = 87...
[runlim] sample:		949.73 time, 950.01 real, 165 MB, 1.00 load
[runlim] sample:		959.73 time, 960.01 real, 187 MB, 1.00 load
[runlim] sample:		969.73 time, 970.01 real, 187 MB, 1.00 load
[runlim] sample:		979.73 time, 980.01 real, 154 MB, 1.00 load
[runlim] sample:		989.73 time, 990.01 real, 184 MB, 1.00 load
[runlim] sample:		999.72 time, 1000.01 real, 217 MB, 1.00 load
[runlim] sample:		1009.72 time, 1010.01 real, 218 MB, 1.66 load
[runlim] sample:		1019.72 time, 1020.01 real, 184 MB, 1.56 load
[runlim] sample:		1029.72 time, 1030.01 real, 184 MB, 1.47 load
[runlim] sample:		1039.72 time, 1040.01 real, 217 MB, 1.40 load
[runlim] sample:		1049.72 time, 1050.01 real, 184 MB, 1.34 load
[runlim] sample:		1059.72 time, 1060.01 real, 184 MB, 1.29 load
[runlim] sample:		1069.72 time, 1070.01 real, 215 MB, 1.24 load
[runlim] sample:		1079.72 time, 1080.01 real, 184 MB, 1.20 load
[runlim] sample:		1089.72 time, 1090.01 real, 216 MB, 1.17 load
[runlim] sample:		1099.72 time, 1100.01 real, 216 MB, 1.15 load
[runlim] sample:		1109.72 time, 1110.01 real, 184 MB, 1.12 load
[runlim] sample:		1119.71 time, 1120.01 real, 216 MB, 1.10 load
[runlim] sample:		1129.71 time, 1130.01 real, 184 MB, 1.09 load
[runlim] sample:		1139.72 time, 1140.01 real, 217 MB, 1.07 load
[runlim] sample:		1149.72 time, 1150.01 real, 217 MB, 1.06 load
[runlim] sample:		1159.72 time, 1160.01 real, 184 MB, 1.05 load
[runlim] sample:		1169.71 time, 1170.01 real, 217 MB, 1.04 load
[runlim] sample:		1179.71 time, 1180.01 real, 217 MB, 1.04 load
[runlim] sample:		1189.71 time, 1190.01 real, 184 MB, 1.03 load
[runlim] sample:		1199.71 time, 1200.01 real, 184 MB, 1.02 load
[runlim] sample:		1209.72 time, 1210.01 real, 221 MB, 1.02 load
[runlim] sample:		1219.71 time, 1220.01 real, 184 MB, 1.02 load
[runlim] sample:		1229.71 time, 1230.01 real, 184 MB, 1.01 load
[runlim] sample:		1239.71 time, 1240.01 real, 223 MB, 1.01 load
[runlim] sample:		1249.71 time, 1250.01 real, 184 MB, 1.01 load
[runlim] sample:		1259.71 time, 1260.01 real, 184 MB, 1.01 load
[runlim] sample:		1269.70 time, 1270.01 real, 222 MB, 1.01 load
[runlim] sample:		1279.70 time, 1280.01 real, 184 MB, 1.00 load
[runlim] sample:		1289.70 time, 1290.01 real, 225 MB, 1.00 load
[runlim] sample:		1299.70 time, 1300.01 real, 184 MB, 1.00 load
[runlim] sample:		1309.70 time, 1310.01 real, 184 MB, 1.00 load
[runlim] sample:		1319.71 time, 1320.01 real, 222 MB, 1.00 load
[runlim] sample:		1329.71 time, 1330.01 real, 184 MB, 1.00 load
[runlim] sample:		1339.71 time, 1340.01 real, 226 MB, 1.00 load
[runlim] sample:		1349.71 time, 1350.01 real, 184 MB, 1.00 load
[runlim] sample:		1359.70 time, 1360.01 real, 184 MB, 1.00 load
[runlim] sample:		1369.71 time, 1370.01 real, 220 MB, 1.00 load
[runlim] sample:		1379.70 time, 1380.01 real, 220 MB, 1.00 load
[runlim] sample:		1389.70 time, 1390.01 real, 184 MB, 1.00 load
[runlim] sample:		1399.70 time, 1400.01 real, 218 MB, 1.00 load
[runlim] sample:		1409.70 time, 1410.01 real, 218 MB, 1.00 load
[runlim] sample:		1419.70 time, 1420.01 real, 184 MB, 1.00 load
[runlim] sample:		1429.70 time, 1430.01 real, 184 MB, 1.00 load
[runlim] sample:		1439.70 time, 1440.01 real, 219 MB, 1.00 load
[runlim] sample:		1449.70 time, 1450.01 real, 220 MB, 1.00 load
[runlim] sample:		1459.69 time, 1460.01 real, 220 MB, 1.00 load
[runlim] sample:		1469.70 time, 1470.01 real, 220 MB, 1.00 load
[runlim] sample:		1479.70 time, 1480.01 real, 220 MB, 1.00 load
[runlim] sample:		1489.70 time, 1490.01 real, 220 MB, 1.00 load
[runlim] sample:		1499.70 time, 1500.01 real, 220 MB, 1.00 load
[runlim] sample:		1509.70 time, 1510.01 real, 220 MB, 1.07 load
[runlim] sample:		1519.70 time, 1520.01 real, 221 MB, 1.06 load
[runlim] sample:		1529.70 time, 1530.01 real, 221 MB, 1.05 load
[runlim] sample:		1539.70 time, 1540.01 real, 221 MB, 1.04 load
[runlim] sample:		1549.70 time, 1550.01 real, 221 MB, 1.04 load
[runlim] sample:		1559.69 time, 1560.01 real, 221 MB, 1.03 load
[runlim] sample:		1569.70 time, 1570.01 real, 221 MB, 1.02 load
[runlim] sample:		1579.70 time, 1580.01 real, 221 MB, 1.02 load
[runlim] sample:		1589.69 time, 1590.01 real, 222 MB, 1.02 load
[runlim] sample:		1599.69 time, 1600.01 real, 222 MB, 1.01 load
[runlim] sample:		1609.68 time, 1610.01 real, 222 MB, 1.01 load
[runlim] sample:		1619.67 time, 1620.01 real, 222 MB, 1.01 load
[runlim] sample:		1629.68 time, 1630.01 real, 222 MB, 1.01 load
[runlim] sample:		1639.68 time, 1640.01 real, 222 MB, 1.01 load
[runlim] sample:		1649.67 time, 1650.01 real, 222 MB, 1.00 load
[runlim] sample:		1659.67 time, 1660.01 real, 222 MB, 1.00 load
[runlim] sample:		1669.67 time, 1670.01 real, 223 MB, 1.00 load
[runlim] sample:		1679.68 time, 1680.01 real, 223 MB, 1.00 load
[runlim] sample:		1689.68 time, 1690.01 real, 223 MB, 1.00 load
[runlim] sample:		1699.67 time, 1700.01 real, 184 MB, 1.00 load
[runlim] sample:		1709.67 time, 1710.01 real, 184 MB, 1.00 load
[runlim] sample:		1719.67 time, 1720.01 real, 223 MB, 1.00 load
[runlim] sample:		1729.67 time, 1730.01 real, 223 MB, 1.00 load
[runlim] sample:		1739.67 time, 1740.01 real, 184 MB, 1.00 load
[runlim] sample:		1749.67 time, 1750.01 real, 184 MB, 1.00 load
[runlim] sample:		1759.67 time, 1760.01 real, 224 MB, 1.07 load
[runlim] sample:		1769.67 time, 1770.01 real, 224 MB, 1.06 load
[runlim] sample:		1779.67 time, 1780.01 real, 184 MB, 1.05 load
[runlim] sample:		1789.67 time, 1790.01 real, 225 MB, 1.04 load
[runlim] sample:		1799.67 time, 1800.01 real, 225 MB, 1.04 load
[runlim] sample:		1809.67 time, 1810.01 real, 185 MB, 1.03 load
[runlim] sample:		1819.67 time, 1820.01 real, 185 MB, 1.02 load
[runlim] sample:		1829.66 time, 1830.01 real, 225 MB, 1.02 load
[runlim] sample:		1839.66 time, 1840.01 real, 225 MB, 1.02 load
[runlim] sample:		1849.67 time, 1850.01 real, 225 MB, 1.01 load
[runlim] sample:		1859.67 time, 1860.01 real, 225 MB, 1.01 load
[runlim] sample:		1869.67 time, 1870.01 real, 226 MB, 1.01 load
[runlim] sample:		1879.66 time, 1880.01 real, 226 MB, 1.01 load
[runlim] sample:		1889.66 time, 1890.01 real, 226 MB, 1.01 load
[runlim] sample:		1899.66 time, 1900.01 real, 226 MB, 1.00 load
[runlim] sample:		1909.66 time, 1910.01 real, 226 MB, 1.00 load
[runlim] sample:		1919.66 time, 1920.01 real, 226 MB, 1.00 load
[runlim] sample:		1929.66 time, 1930.01 real, 226 MB, 1.00 load
[runlim] sample:		1939.66 time, 1940.01 real, 226 MB, 1.00 load
[runlim] sample:		1949.66 time, 1950.01 real, 227 MB, 1.00 load
[runlim] sample:		1959.66 time, 1960.01 real, 227 MB, 1.00 load
[runlim] sample:		1969.66 time, 1970.01 real, 227 MB, 1.00 load
[runlim] sample:		1979.66 time, 1980.01 real, 227 MB, 1.00 load
[runlim] sample:		1989.66 time, 1990.01 real, 227 MB, 1.00 load
[runlim] sample:		1999.66 time, 2000.01 real, 227 MB, 1.00 load
[runlim] sample:		2009.66 time, 2010.01 real, 227 MB, 1.00 load
[runlim] sample:		2019.66 time, 2020.01 real, 227 MB, 1.00 load
[runlim] sample:		2029.66 time, 2030.01 real, 227 MB, 1.00 load
[runlim] sample:		2039.66 time, 2040.01 real, 227 MB, 1.00 load
[runlim] sample:		2049.66 time, 2050.01 real, 227 MB, 1.00 load
[runlim] sample:		2059.66 time, 2060.01 real, 227 MB, 1.00 load
[runlim] sample:		2069.66 time, 2070.01 real, 227 MB, 1.00 load
[runlim] sample:		2079.65 time, 2080.01 real, 227 MB, 1.00 load
[runlim] sample:		2089.65 time, 2090.01 real, 227 MB, 1.00 load
[runlim] sample:		2099.66 time, 2100.01 real, 228 MB, 1.00 load
[runlim] sample:		2109.66 time, 2110.01 real, 230 MB, 1.00 load
[runlim] sample:		2119.65 time, 2120.01 real, 234 MB, 1.00 load
[runlim] sample:		2129.65 time, 2130.01 real, 231 MB, 1.08 load
[runlim] sample:		2139.65 time, 2140.01 real, 187 MB, 1.07 load
[runlim] sample:		2149.65 time, 2150.01 real, 232 MB, 1.06 load
[runlim] sample:		2159.65 time, 2160.01 real, 187 MB, 1.05 load
[runlim] sample:		2169.65 time, 2170.01 real, 237 MB, 1.04 load
[runlim] sample:		2179.65 time, 2180.01 real, 235 MB, 1.03 load
[runlim] sample:		2189.65 time, 2190.01 real, 189 MB, 1.03 load
[runlim] sample:		2199.65 time, 2200.01 real, 239 MB, 1.02 load
[runlim] sample:		2209.65 time, 2210.01 real, 191 MB, 1.02 load
[runlim] sample:		2219.65 time, 2220.01 real, 237 MB, 1.02 load
[runlim] sample:		2229.65 time, 2230.01 real, 191 MB, 1.01 load
[runlim] sample:		2239.64 time, 2240.01 real, 237 MB, 1.01 load
[runlim] sample:		2249.64 time, 2250.01 real, 191 MB, 1.01 load
[runlim] sample:		2259.65 time, 2260.01 real, 247 MB, 1.01 load
[runlim] sample:		2269.65 time, 2270.01 real, 195 MB, 1.00 load
[runlim] sample:		2279.65 time, 2280.01 real, 248 MB, 1.00 load
[runlim] sample:		2289.65 time, 2290.01 real, 195 MB, 1.00 load
[runlim] sample:		2299.65 time, 2300.01 real, 195 MB, 1.00 load
[runlim] sample:		2309.64 time, 2310.01 real, 253 MB, 1.00 load
[runlim] sample:		2319.64 time, 2320.01 real, 195 MB, 1.00 load
[runlim] sample:		2329.64 time, 2330.01 real, 252 MB, 1.00 load
[runlim] sample:		2339.65 time, 2340.01 real, 195 MB, 1.00 load
[runlim] sample:		2349.64 time, 2350.01 real, 246 MB, 1.00 load
[runlim] sample:		2359.64 time, 2360.01 real, 195 MB, 1.00 load
[runlim] sample:		2369.64 time, 2370.01 real, 243 MB, 1.00 load
[runlim] sample:		2379.64 time, 2380.01 real, 206 MB, 1.00 load
[runlim] sample:		2389.64 time, 2390.01 real, 183 MB, 1.00 load
[runlim] sample:		2399.64 time, 2400.01 real, 189 MB, 1.00 load
[runlim] sample:		2409.64 time, 2410.01 real, 192 MB, 1.00 load
[runlim] sample:		2419.64 time, 2420.01 real, 209 MB, 1.00 load
[runlim] sample:		2429.65 time, 2430.01 real, 198 MB, 1.00 load
[runlim] sample:		2439.64 time, 2440.01 real, 200 MB, 1.00 load
[runlim] sample:		2449.64 time, 2450.01 real, 200 MB, 1.00 load
[runlim] sample:		2459.64 time, 2460.01 real, 202 MB, 1.00 load
[runlim] sample:		2469.64 time, 2470.01 real, 199 MB, 1.00 load
[runlim] sample:		2479.64 time, 2480.01 real, 200 MB, 1.00 load
[runlim] sample:		2489.64 time, 2490.01 real, 196 MB, 1.00 load
[runlim] sample:		2499.64 time, 2500.01 real, 197 MB, 1.00 load
[runlim] sample:		2509.64 time, 2510.01 real, 199 MB, 1.07 load
[runlim] sample:		2519.64 time, 2520.01 real, 201 MB, 1.06 load
[runlim] sample:		2529.64 time, 2530.01 real, 203 MB, 1.05 load
[runlim] sample:		2539.64 time, 2540.01 real, 198 MB, 1.04 load
[runlim] sample:		2549.63 time, 2550.01 real, 198 MB, 1.04 load
[runlim] sample:		2559.64 time, 2560.01 real, 199 MB, 1.03 load
[runlim] sample:		2569.64 time, 2570.01 real, 204 MB, 1.02 load
[runlim] sample:		2579.63 time, 2580.01 real, 204 MB, 1.02 load
[runlim] sample:		2589.63 time, 2590.01 real, 200 MB, 1.02 load
[runlim] sample:		2599.63 time, 2600.01 real, 198 MB, 1.01 load
[runlim] sample:		2609.64 time, 2610.01 real, 202 MB, 1.01 load
[runlim] sample:		2619.63 time, 2620.01 real, 201 MB, 1.01 load
[runlim] sample:		2629.63 time, 2630.01 real, 207 MB, 1.09 load
[runlim] sample:		2639.64 time, 2640.01 real, 212 MB, 1.07 load
[runlim] sample:		2649.64 time, 2650.01 real, 212 MB, 1.06 load
[runlim] sample:		2659.63 time, 2660.01 real, 205 MB, 1.05 load
[runlim] sample:		2669.64 time, 2670.01 real, 204 MB, 1.04 load
[runlim] sample:		2679.63 time, 2680.01 real, 204 MB, 1.04 load
[runlim] sample:		2689.63 time, 2690.01 real, 208 MB, 1.03 load
[runlim] sample:		2699.63 time, 2700.01 real, 208 MB, 1.02 load
[runlim] sample:		2709.64 time, 2710.01 real, 207 MB, 1.02 load
[runlim] sample:		2719.63 time, 2720.01 real, 204 MB, 1.02 load
[runlim] sample:		2729.63 time, 2730.01 real, 206 MB, 1.01 load
[runlim] sample:		2739.63 time, 2740.01 real, 210 MB, 1.01 load
[runlim] sample:		2749.63 time, 2750.01 real, 210 MB, 1.09 load
[runlim] sample:		2759.63 time, 2760.01 real, 211 MB, 1.08 load
[runlim] sample:		2769.63 time, 2770.01 real, 213 MB, 1.06 load
[runlim] sample:		2779.63 time, 2780.01 real, 206 MB, 1.05 load
[runlim] sample:		2789.63 time, 2790.01 real, 206 MB, 1.04 load
[runlim] sample:		2799.63 time, 2800.01 real, 207 MB, 1.04 load
[runlim] sample:		2809.62 time, 2810.01 real, 208 MB, 1.03 load
[runlim] sample:		2819.62 time, 2820.01 real, 206 MB, 1.03 load
[runlim] sample:		2829.62 time, 2830.01 real, 206 MB, 1.02 load
[runlim] sample:		2839.62 time, 2840.01 real, 203 MB, 1.02 load
[runlim] sample:		2849.62 time, 2850.01 real, 206 MB, 1.01 load
[runlim] sample:		2859.62 time, 2860.01 real, 209 MB, 1.01 load
[runlim] sample:		2869.62 time, 2870.01 real, 215 MB, 1.01 load
[runlim] sample:		2879.62 time, 2880.01 real, 215 MB, 1.73 load
[runlim] sample:		2889.61 time, 2890.01 real, 216 MB, 1.62 load
[runlim] sample:		2899.61 time, 2900.01 real, 216 MB, 1.52 load
[runlim] sample:		2909.61 time, 2910.01 real, 216 MB, 1.44 load
[runlim] sample:		2919.62 time, 2920.01 real, 218 MB, 1.37 load
[runlim] sample:		2929.62 time, 2930.01 real, 218 MB, 1.31 load
[runlim] sample:		2939.62 time, 2940.01 real, 218 MB, 1.27 load
[runlim] sample:		2949.61 time, 2950.01 real, 222 MB, 1.22 load
[runlim] sample:		2959.61 time, 2960.01 real, 222 MB, 1.19 load
[runlim] sample:		2969.61 time, 2970.01 real, 222 MB, 1.16 load
[runlim] sample:		2979.61 time, 2980.01 real, 222 MB, 1.13 load
[runlim] sample:		2989.61 time, 2990.01 real, 222 MB, 1.11 load
[runlim] sample:		2999.61 time, 3000.01 real, 222 MB, 1.10 load
[runlim] sample:		3009.61 time, 3010.01 real, 223 MB, 1.08 load
[runlim] sample:		3019.61 time, 3020.01 real, 223 MB, 1.07 load
[runlim] sample:		3029.61 time, 3030.01 real, 223 MB, 1.06 load
[runlim] sample:		3039.61 time, 3040.01 real, 223 MB, 1.05 load
[runlim] sample:		3049.61 time, 3050.01 real, 223 MB, 1.04 load
[runlim] sample:		3059.61 time, 3060.01 real, 223 MB, 1.03 load
[runlim] sample:		3069.61 time, 3070.01 real, 224 MB, 1.03 load
[runlim] sample:		3079.60 time, 3080.01 real, 224 MB, 1.02 load
[runlim] sample:		3089.60 time, 3090.01 real, 224 MB, 1.02 load
[runlim] sample:		3099.60 time, 3100.01 real, 224 MB, 1.02 load
[runlim] sample:		3109.60 time, 3110.01 real, 224 MB, 1.01 load
[runlim] sample:		3119.60 time, 3120.01 real, 224 MB, 1.01 load
[runlim] sample:		3129.60 time, 3130.01 real, 224 MB, 1.01 load
[runlim] sample:		3139.60 time, 3140.01 real, 224 MB, 1.01 load
[runlim] sample:		3149.60 time, 3150.01 real, 224 MB, 1.00 load
[runlim] sample:		3159.60 time, 3160.01 real, 224 MB, 1.00 load
[runlim] sample:		3169.60 time, 3170.01 real, 227 MB, 1.00 load
[runlim] sample:		3179.60 time, 3180.01 real, 227 MB, 1.00 load
[runlim] sample:		3189.60 time, 3190.01 real, 227 MB, 1.00 load
[runlim] sample:		3199.60 time, 3200.01 real, 227 MB, 1.00 load
[runlim] sample:		3209.60 time, 3210.01 real, 227 MB, 1.00 load
[runlim] sample:		3219.60 time, 3220.01 real, 227 MB, 1.00 load
[runlim] sample:		3229.60 time, 3230.01 real, 229 MB, 1.00 load
[runlim] sample:		3239.60 time, 3240.01 real, 229 MB, 1.00 load
[runlim] sample:		3249.60 time, 3250.01 real, 229 MB, 1.00 load
[runlim] sample:		3259.59 time, 3260.01 real, 229 MB, 1.00 load
[runlim] sample:		3269.60 time, 3270.01 real, 229 MB, 1.00 load
[runlim] sample:		3279.60 time, 3280.01 real, 229 MB, 1.00 load
[runlim] sample:		3289.60 time, 3290.01 real, 229 MB, 1.00 load
[runlim] sample:		3299.59 time, 3300.01 real, 230 MB, 1.00 load
[runlim] sample:		3309.59 time, 3310.01 real, 230 MB, 1.00 load
[runlim] sample:		3319.59 time, 3320.01 real, 230 MB, 1.00 load
[runlim] sample:		3329.59 time, 3330.01 real, 232 MB, 1.00 load
[runlim] sample:		3339.59 time, 3340.01 real, 232 MB, 1.00 load
[runlim] sample:		3349.59 time, 3350.01 real, 232 MB, 1.00 load
[runlim] sample:		3359.59 time, 3360.01 real, 232 MB, 1.00 load
[runlim] sample:		3369.59 time, 3370.01 real, 233 MB, 1.00 load
[runlim] sample:		3379.59 time, 3380.01 real, 233 MB, 1.00 load
[runlim] sample:		3389.59 time, 3390.01 real, 233 MB, 1.00 load
[runlim] sample:		3399.59 time, 3400.01 real, 232 MB, 1.00 load
[runlim] sample:		3409.58 time, 3410.01 real, 232 MB, 1.00 load
[runlim] sample:		3419.58 time, 3420.01 real, 232 MB, 1.00 load
[runlim] sample:		3429.58 time, 3430.01 real, 232 MB, 1.00 load
[runlim] sample:		3439.57 time, 3440.01 real, 233 MB, 1.00 load
[runlim] sample:		3449.57 time, 3450.01 real, 233 MB, 1.00 load
[runlim] sample:		3459.57 time, 3460.01 real, 233 MB, 1.00 load
[runlim] sample:		3469.57 time, 3470.01 real, 234 MB, 1.00 load
[runlim] sample:		3479.57 time, 3480.01 real, 234 MB, 1.00 load
[runlim] sample:		3489.57 time, 3490.01 real, 234 MB, 1.00 load
[runlim] sample:		3499.57 time, 3500.01 real, 234 MB, 1.00 load
[runlim] sample:		3509.57 time, 3510.01 real, 237 MB, 1.00 load
[runlim] sample:		3519.56 time, 3520.01 real, 237 MB, 1.00 load
[runlim] sample:		3529.56 time, 3530.01 real, 237 MB, 1.00 load
[runlim] sample:		3539.57 time, 3540.01 real, 237 MB, 1.00 load
[runlim] sample:		3549.57 time, 3550.01 real, 237 MB, 1.00 load
[runlim] sample:		3559.56 time, 3560.01 real, 237 MB, 1.00 load
[runlim] sample:		3569.56 time, 3570.01 real, 237 MB, 1.00 load
[runlim] sample:		3579.57 time, 3580.01 real, 263 MB, 1.00 load
[runlim] sample:		3589.57 time, 3590.01 real, 263 MB, 1.00 load
[runlim] sample:		3599.57 time, 3600.01 real, 263 MB, 1.00 load
[runlim] end:			Wed Aug 26 04:12:50 2026
[runlim] status:		out of time
[runlim] result:		2
[runlim] children:		1
[runlim] processes:		2
[runlim] real:			3601.04 seconds
[runlim] time:			3599.57 seconds
[runlim] space:			291 MB
[runlim] load:			1.73 maximum
[runlim] samples:		36000
