[runlim] version:		2.0.0rc12
[runlim] host:			fjssp-instance
[runlim] time limit:		311040000 seconds
[runlim] real time limit:	3600 seconds
[runlim] space limit:		1400 MB
[runlim] argv[0]:		python3
[runlim] argv[1]:		main_linear.py
[runlim] argv[2]:		--input
[runlim] argv[3]:		datasets/HighFlexibilityData/AllInstances/la11.fjs
[runlim] argv[4]:		--half_transitive
[runlim] start:			Thu Aug 13 13:30:49 2026
[runlim] child:			213376
[runlim] sample:		10.00 time, 10.01 real, 434 MB, 1.27 load
[*] Loading data from file: datasets/HighFlexibilityData/AllInstances/la11.fjs
[*] Running D-FJSSP SAT Solver with 2 factories, Symmetry Breaking = OFF, Transitive E* = HALF
===========================================================================
 D-FJSSP SAT SOLVER - PARALLEL FACTORIES SCHEDULING
===========================================================================
  -> Operations: 100 | Jobs: 20 | Machines: 5 | Factories: 2

[*] Running Greedy Heuristic...
  -> Greedy Solution: Makespan = 646 (0.0003s)

[*] Initializing and solving the SAT model...
------------------------------------------------------------------
[*] Trying with Upper Bound = 646...
  SAT ! Makespan = 646
  Schedule is valid with Makespan = 646
  Total time: 3.3890 seconds
------------------------------------------------------------------
[*] Trying with Upper Bound = 645...
  SAT ! Makespan = 645
  Schedule is valid with Makespan = 645
  Total time: 3.4830 seconds
------------------------------------------------------------------
[*] Trying with Upper Bound = 644...
  SAT ! Makespan = 644
  Schedule is valid with Makespan = 644
  Total time: 3.5019 seconds
------------------------------------------------------------------
[*] Trying with Upper Bound = 643...
  SAT ! Makespan = 643
  Schedule is valid with Makespan = 643
  Total time: 3.5184 seconds
------------------------------------------------------------------
[*] Trying with Upper Bound = 642...
  SAT ! Makespan = 642
  Schedule is valid with Makespan = 642
  Total time: 3.5341 seconds
------------------------------------------------------------------
[*] Trying with Upper Bound = 641...
  SAT ! Makespan = 641
  Schedule is valid with Makespan = 641
  Total time: 3.5541 seconds
------------------------------------------------------------------
[*] Trying with Upper Bound = 640...
  SAT ! Makespan = 640
  Schedule is valid with Makespan = 640
  Total time: 3.5686 seconds
------------------------------------------------------------------
[*] Trying with Upper Bound = 639...
  SAT ! Makespan = 639
  Schedule is valid with Makespan = 639
  Total time: 3.5820 seconds
------------------------------------------------------------------
[*] Trying with Upper Bound = 638...
  SAT ! Makespan = 638
  Schedule is valid with Makespan = 638
  Total time: 3.6016 seconds
------------------------------------------------------------------
[*] Trying with Upper Bound = 637...
  SAT ! Makespan = 637
  Schedule is valid with Makespan = 637
  Total time: 3.6162 seconds
------------------------------------------------------------------
[*] Trying with Upper Bound = 636...
  SAT ! Makespan = 636
  Schedule is valid with Makespan = 636
  Total time: 3.6407 seconds
------------------------------------------------------------------
[*] Trying with Upper Bound = 635...
  SAT ! Makespan = 635
  Schedule is valid with Makespan = 635
  Total time: 3.6556 seconds
------------------------------------------------------------------
[*] Trying with Upper Bound = 634...
  SAT ! Makespan = 634
  Schedule is valid with Makespan = 634
  Total time: 3.6699 seconds
------------------------------------------------------------------
[*] Trying with Upper Bound = 633...
  SAT ! Makespan = 633
  Schedule is valid with Makespan = 633
  Total time: 3.6837 seconds
------------------------------------------------------------------
[*] Trying with Upper Bound = 632...
  SAT ! Makespan = 632
  Schedule is valid with Makespan = 632
  Total time: 3.6977 seconds
------------------------------------------------------------------
[*] Trying with Upper Bound = 631...
  SAT ! Makespan = 631
  Schedule is valid with Makespan = 631
  Total time: 3.7116 seconds
------------------------------------------------------------------
[*] Trying with Upper Bound = 630...
  SAT ! Makespan = 630
  Schedule is valid with Makespan = 630
  Total time: 3.7255 seconds
------------------------------------------------------------------
[*] Trying with Upper Bound = 629...
  SAT ! Makespan = 629
  Schedule is valid with Makespan = 629
  Total time: 3.7394 seconds
------------------------------------------------------------------
[*] Trying with Upper Bound = 628...
  SAT ! Makespan = 628
  Schedule is valid with Makespan = 628
  Total time: 3.7534 seconds
------------------------------------------------------------------
[*] Trying with Upper Bound = 627...
  SAT ! Makespan = 627
  Schedule is valid with Makespan = 627
  Total time: 3.7759 seconds
------------------------------------------------------------------
[*] Trying with Upper Bound = 626...
  SAT ! Makespan = 626
  Schedule is valid with Makespan = 626
  Total time: 3.7905 seconds
------------------------------------------------------------------
[*] Trying with Upper Bound = 625...
  SAT ! Makespan = 625
  Schedule is valid with Makespan = 625
  Total time: 4.6635 seconds
------------------------------------------------------------------
[*] Trying with Upper Bound = 624...
  SAT ! Makespan = 624
  Schedule is valid with Makespan = 624
  Total time: 8.6495 seconds
------------------------------------------------------------------
[*] Trying with Upper Bound = 623...
  SAT ! Makespan = 623
  Schedule is valid with Makespan = 623
  Total time: 9.0970 seconds
------------------------------------------------------------------
[*] Trying with Upper Bound = 622...
  SAT ! Makespan = 622
  Schedule is valid with Makespan = 622
  Total time: 9.9326 seconds
------------------------------------------------------------------
[*] Trying with Upper Bound = 621...
  SAT ! Makespan = 621
  Schedule is valid with Makespan = 621
  Total time: 10.2260 seconds
------------------------------------------------------------------
[*] Trying with Upper Bound = 620...
  SAT ! Makespan = 620
  Schedule is valid with Makespan = 620
  Total time: 10.9151 seconds
------------------------------------------------------------------
[*] Trying with Upper Bound = 619...
  SAT ! Makespan = 619
  Schedule is valid with Makespan = 619
  Total time: 11.0654 seconds
------------------------------------------------------------------
[*] Trying with Upper Bound = 618...
  SAT ! Makespan = 618
  Schedule is valid with Makespan = 618
  Total time: 11.1681 seconds
------------------------------------------------------------------
[*] Trying with Upper Bound = 617...
  SAT ! Makespan = 617
  Schedule is valid with Makespan = 617
  Total time: 11.6106 seconds
------------------------------------------------------------------
[*] Trying with Upper Bound = 616...
  SAT ! Makespan = 616
  Schedule is valid with Makespan = 616
  Total time: 11.7708 seconds
------------------------------------------------------------------
[*] Trying with Upper Bound = 615...
  SAT ! Makespan = 615
  Schedule is valid with Makespan = 615
  Total time: 11.9977 seconds
------------------------------------------------------------------
[*] Trying with Upper Bound = 614...
  SAT ! Makespan = 614
  Schedule is valid with Makespan = 614
  Total time: 12.1926 seconds
------------------------------------------------------------------
[*] Trying with Upper Bound = 613...
  SAT ! Makespan = 613
  Schedule is valid with Makespan = 613
  Total time: 12.3856 seconds
------------------------------------------------------------------
[*] Trying with Upper Bound = 612...
  SAT ! Makespan = 612
  Schedule is valid with Makespan = 612
  Total time: 15.3459 seconds
------------------------------------------------------------------
[*] Trying with Upper Bound = 611...
  SAT ! Makespan = 611
  Schedule is valid with Makespan = 611
  Total time: 15.7312 seconds
------------------------------------------------------------------
[*] Trying with Upper Bound = 610...
  SAT ! Makespan = 610
  Schedule is valid with Makespan = 610
  Total time: 16.2002 seconds
------------------------------------------------------------------
[*] Trying with Upper Bound = 609...
  SAT ! Makespan = 609
  Schedule is valid with Makespan = 609
  Total time: 17.2801 seconds
------------------------------------------------------------------
[*] Trying with Upper Bound = 608...
  SAT ! Makespan = 608
  Schedule is valid with Makespan = 608[runlim] sample:		20.00 time, 20.01 real, 410 MB, 1.23 load
[runlim] sample:		29.99 time, 30.01 real, 408 MB, 1.19 load
[runlim] sample:		39.99 time, 40.01 real, 403 MB, 1.16 load
[runlim] sample:		49.99 time, 50.01 real, 401 MB, 1.14 load
[runlim] sample:		59.99 time, 60.01 real, 398 MB, 1.12 load

  Total time: 18.7775 seconds
------------------------------------------------------------------
[*] Trying with Upper Bound = 607...
  SAT ! Makespan = 607
  Schedule is valid with Makespan = 607
  Total time: 19.5020 seconds
------------------------------------------------------------------
[*] Trying with Upper Bound = 606...
  SAT ! Makespan = 606
  Schedule is valid with Makespan = 606
  Total time: 19.8258 seconds
------------------------------------------------------------------
[*] Trying with Upper Bound = 605...
  SAT ! Makespan = 605
  Schedule is valid with Makespan = 605
  Total time: 22.9224 seconds
------------------------------------------------------------------
[*] Trying with Upper Bound = 604...
  SAT ! Makespan = 604
  Schedule is valid with Makespan = 604
  Total time: 23.0491 seconds
------------------------------------------------------------------
[*] Trying with Upper Bound = 603...
  SAT ! Makespan = 603
  Schedule is valid with Makespan = 603
  Total time: 23.4102 seconds
------------------------------------------------------------------
[*] Trying with Upper Bound = 602...
  SAT ! Makespan = 602
  Schedule is valid with Makespan = 602
  Total time: 25.0542 seconds
------------------------------------------------------------------
[*] Trying with Upper Bound = 601...
  SAT ! Makespan = 601
  Schedule is valid with Makespan = 601
  Total time: 25.5164 seconds
------------------------------------------------------------------
[*] Trying with Upper Bound = 600...
  SAT ! Makespan = 600
  Schedule is valid with Makespan = 600
  Total time: 26.8363 seconds
------------------------------------------------------------------
[*] Trying with Upper Bound = 599...
  SAT ! Makespan = 599
  Schedule is valid with Makespan = 599
  Total time: 28.0670 seconds
------------------------------------------------------------------
[*] Trying with Upper Bound = 598...
  SAT ! Makespan = 598
  Schedule is valid with Makespan = 598
  Total time: 29.2972 seconds
------------------------------------------------------------------
[*] Trying with Upper Bound = 597...
  SAT ! Makespan = 597
  Schedule is valid with Makespan = 597
  Total time: 29.4174 seconds
------------------------------------------------------------------
[*] Trying with Upper Bound = 596...
  SAT ! Makespan = 596
  Schedule is valid with Makespan = 596
  Total time: 29.5092 seconds
------------------------------------------------------------------
[*] Trying with Upper Bound = 595...
  SAT ! Makespan = 595
  Schedule is valid with Makespan = 595
  Total time: 31.7824 seconds
------------------------------------------------------------------
[*] Trying with Upper Bound = 594...
  SAT ! Makespan = 594
  Schedule is valid with Makespan = 594
  Total time: 32.9920 seconds
------------------------------------------------------------------
[*] Trying with Upper Bound = 593...
  SAT ! Makespan = 593
  Schedule is valid with Makespan = 593
  Total time: 34.2564 seconds
------------------------------------------------------------------
[*] Trying with Upper Bound = 592...
  SAT ! Makespan = 592
  Schedule is valid with Makespan = 592
  Total time: 35.9284 seconds
------------------------------------------------------------------
[*] Trying with Upper Bound = 591...
  SAT ! Makespan = 591
  Schedule is valid with Makespan = 591
  Total time: 36.6448 seconds
------------------------------------------------------------------
[*] Trying with Upper Bound = 590...
  SAT ! Makespan = 590
  Schedule is valid with Makespan = 590
  Total time: 36.7562 seconds
------------------------------------------------------------------
[*] Trying with Upper Bound = 589...
  SAT ! Makespan = 589
  Schedule is valid with Makespan = 589
  Total time: 36.8471 seconds
------------------------------------------------------------------
[*] Trying with Upper Bound = 588...
  SAT ! Makespan = 588
  Schedule is valid with Makespan = 588
  Total time: 36.9323 seconds
------------------------------------------------------------------
[*] Trying with Upper Bound = 587...
  SAT ! Makespan = 587
  Schedule is valid with Makespan = 587
  Total time: 38.8280 seconds
------------------------------------------------------------------
[*] Trying with Upper Bound = 586...
  SAT ! Makespan = 586
  Schedule is valid with Makespan = 586
  Total time: 39.9031 seconds
------------------------------------------------------------------
[*] Trying with Upper Bound = 585...
  SAT ! Makespan = 585
  Schedule is valid with Makespan = 585
  Total time: 39.9988 seconds
------------------------------------------------------------------
[*] Trying with Upper Bound = 584...
  SAT ! Makespan = 584
  Schedule is valid with Makespan = 584
  Total time: 43.5326 seconds
------------------------------------------------------------------
[*] Trying with Upper Bound = 583...
  SAT ! Makespan = 583
  Schedule is valid with Makespan = 583
  Total time: 44.9016 seconds
------------------------------------------------------------------
[*] Trying with Upper Bound = 582...
  SAT ! Makespan = 582
  Schedule is valid with Makespan = 582
  Total time: 45.9022 seconds
------------------------------------------------------------------
[*] Trying with Upper Bound = 581...
  SAT ! Makespan = 581
  Schedule is valid with Makespan = 581
  Total time: 47.7057 seconds
------------------------------------------------------------------
[*] Trying with Upper Bound = 580...
  SAT ! Makespan = 580
  Schedule is valid with Makespan = 580
  Total time: 49.0205 seconds
------------------------------------------------------------------
[*] Trying with Upper Bound = 579...
  SAT ! Makespan = 579
  Schedule is valid with Makespan = 579
  Total time: 50.3001 seconds
------------------------------------------------------------------
[*] Trying with Upper Bound = 578...
  SAT ! Makespan = 578
  Schedule is valid with Makespan = 578
  Total time: 51.4338 seconds
------------------------------------------------------------------
[*] Trying with Upper Bound = 577...
  SAT ! Makespan = 577
  Schedule is valid with Makespan = 577
  Total time: 54.7036 seconds
------------------------------------------------------------------
[*] Trying with Upper Bound = 576...
  SAT ! Makespan = 576
  Schedule is valid with Makespan = 576
  Total time: 55.1357 seconds
------------------------------------------------------------------
[*] Trying with Upper Bound = 575...
  SAT ! Makespan = 575
  Schedule is valid with Makespan = 575
  Total time: 56.6483 seconds
------------------------------------------------------------------
[*] Trying with Upper Bound = 574...
  SAT ! Makespan = 574
  Schedule is valid with Makespan = 574
  Total time: 57.0281 seconds
------------------------------------------------------------------
[*] Trying with Upper Bound = 573...
  SAT ! Makespan = 573
  Schedule is valid with Makespan = 573
  Total time: 58.1495 seconds
------------------------------------------------------------------
[*] Trying with Upper Bound = 572...
  SAT ! Makespan = 572
  Schedule is valid with Makespan = 572
  Total time: 58.5592 seconds
------------------------------------------------------------------
[*] Trying with Upper Bound = 571...
  SAT ! Makespan = 571
  Schedule is valid with Makespan = 571
  Total time: 59.7934 seconds
------------------------------------------------------------------
[*] Trying with Upper Bound = 570...
  SAT ! Makespan = 570
  Schedule is valid with Makespan = 570
  Total time: 61.9162 seconds
------------------------------------------------------------------
[*] Trying with Upper Bound = 569...
  SAT ! Makespan = 569
  Schedule is valid with Makespan = 569
  Total time: 62.2478 seconds
------------------------------------------------------------------
[*] Trying with Upper Bound = 568...
  SAT ! Makespan = 568
  Schedule is valid with Makespan = 568
  Total time: 63.1396 seconds
------------------------------------------------------------------
[*] Trying with Upper Bound = 567...
  SAT ! Makespan = 567
  Schedule is valid with Makespan = 567
  Total time: 64.7496 seconds
------------------------------------------------------------------
[*] Trying with Upper Bound = 566...[runlim] sample:		69.99 time, 70.01 real, 416 MB, 1.10 load
[runlim] sample:		79.99 time, 80.01 real, 382 MB, 1.08 load
[runlim] sample:		89.98 time, 90.01 real, 402 MB, 1.07 load
[runlim] sample:		99.98 time, 100.01 real, 414 MB, 1.06 load
[runlim] sample:		109.99 time, 110.01 real, 413 MB, 1.05 load
[runlim] sample:		119.98 time, 120.01 real, 355 MB, 1.04 load
[runlim] sample:		129.98 time, 130.01 real, 355 MB, 1.11 load
[runlim] sample:		139.98 time, 140.01 real, 400 MB, 1.09 load
[runlim] sample:		149.97 time, 150.01 real, 406 MB, 1.08 load
[runlim] sample:		159.97 time, 160.01 real, 357 MB, 1.06 load
[runlim] sample:		169.97 time, 170.01 real, 358 MB, 1.05 load
[runlim] sample:		179.96 time, 180.01 real, 403 MB, 1.05 load
[runlim] sample:		189.97 time, 190.01 real, 408 MB, 1.04 load
[runlim] sample:		199.96 time, 200.01 real, 408 MB, 1.03 load
[runlim] sample:		209.96 time, 210.01 real, 404 MB, 1.03 load
[runlim] sample:		219.96 time, 220.01 real, 404 MB, 1.02 load
[runlim] sample:		229.95 time, 230.01 real, 406 MB, 1.02 load
[runlim] sample:		239.96 time, 240.01 real, 407 MB, 1.02 load
[runlim] sample:		249.95 time, 250.01 real, 409 MB, 1.01 load
[runlim] sample:		259.95 time, 260.01 real, 414 MB, 1.01 load
[runlim] sample:		269.96 time, 270.01 real, 415 MB, 1.01 load
[runlim] sample:		279.96 time, 280.01 real, 417 MB, 1.01 load
[runlim] sample:		289.95 time, 290.01 real, 420 MB, 1.00 load
[runlim] sample:		299.96 time, 300.01 real, 417 MB, 1.00 load
[runlim] sample:		309.95 time, 310.01 real, 417 MB, 1.00 load
[runlim] sample:		319.95 time, 320.01 real, 413 MB, 1.00 load
[runlim] sample:		329.95 time, 330.01 real, 367 MB, 1.00 load
[runlim] sample:		339.95 time, 340.01 real, 364 MB, 1.00 load
[runlim] sample:		349.95 time, 350.01 real, 371 MB, 1.00 load
[runlim] sample:		359.95 time, 360.01 real, 372 MB, 1.00 load
[runlim] sample:		369.95 time, 370.01 real, 368 MB, 1.00 load
[runlim] sample:		379.95 time, 380.01 real, 366 MB, 1.00 load
[runlim] sample:		389.95 time, 390.01 real, 422 MB, 1.00 load
[runlim] sample:		399.95 time, 400.01 real, 370 MB, 1.00 load
[runlim] sample:		409.94 time, 410.01 real, 378 MB, 1.00 load
[runlim] sample:		419.95 time, 420.01 real, 385 MB, 1.00 load
[runlim] sample:		429.95 time, 430.01 real, 423 MB, 1.00 load
[runlim] sample:		439.94 time, 440.01 real, 421 MB, 1.00 load
[runlim] sample:		449.95 time, 450.01 real, 415 MB, 1.00 load
[runlim] sample:		459.94 time, 460.01 real, 416 MB, 1.00 load
[runlim] sample:		469.94 time, 470.01 real, 416 MB, 1.00 load
[runlim] sample:		479.95 time, 480.01 real, 416 MB, 1.00 load
[runlim] sample:		489.94 time, 490.01 real, 417 MB, 1.00 load
[runlim] sample:		499.94 time, 500.01 real, 429 MB, 1.00 load
[runlim] sample:		509.95 time, 510.01 real, 425 MB, 1.00 load
[runlim] sample:		519.94 time, 520.01 real, 387 MB, 1.00 load
[runlim] sample:		529.94 time, 530.01 real, 425 MB, 1.00 load
[runlim] sample:		539.94 time, 540.01 real, 430 MB, 1.00 load
[runlim] sample:		549.94 time, 550.01 real, 430 MB, 1.00 load
[runlim] sample:		559.94 time, 560.01 real, 427 MB, 1.00 load
[runlim] sample:		569.94 time, 570.01 real, 391 MB, 1.00 load
[runlim] sample:		579.94 time, 580.01 real, 431 MB, 1.00 load
[runlim] sample:		589.94 time, 590.01 real, 431 MB, 1.00 load
[runlim] sample:		599.93 time, 600.01 real, 421 MB, 1.00 load
[runlim] sample:		609.94 time, 610.01 real, 420 MB, 1.00 load
[runlim] sample:		619.94 time, 620.01 real, 420 MB, 1.00 load
[runlim] sample:		629.94 time, 630.01 real, 422 MB, 1.66 load
[runlim] sample:		639.93 time, 640.01 real, 422 MB, 1.56 load
[runlim] sample:		649.93 time, 650.01 real, 423 MB, 1.47 load
[runlim] sample:		659.93 time, 660.01 real, 423 MB, 1.40 load
[runlim] sample:		669.93 time, 670.01 real, 504 MB, 1.34 load
[runlim] sample:		679.93 time, 680.01 real, 425 MB, 1.29 load
[runlim] sample:		689.94 time, 690.01 real, 426 MB, 1.24 load
[runlim] sample:		699.94 time, 700.01 real, 426 MB, 1.20 load
[runlim] sample:		709.93 time, 710.01 real, 427 MB, 1.17 load
[runlim] sample:		719.93 time, 720.01 real, 427 MB, 1.15 load
[runlim] sample:		729.93 time, 730.01 real, 428 MB, 1.12 load
[runlim] sample:		739.93 time, 740.01 real, 428 MB, 1.10 load
[runlim] sample:		749.93 time, 750.01 real, 428 MB, 1.09 load
[runlim] sample:		759.93 time, 760.01 real, 431 MB, 1.07 load
[runlim] sample:		769.93 time, 770.01 real, 431 MB, 1.06 load
[runlim] sample:		779.93 time, 780.01 real, 431 MB, 1.05 load
[runlim] sample:		789.93 time, 790.01 real, 432 MB, 1.04 load
[runlim] sample:		799.92 time, 800.01 real, 432 MB, 1.04 load
[runlim] sample:		809.92 time, 810.01 real, 443 MB, 1.03 load
[runlim] sample:		819.92 time, 820.01 real, 443 MB, 1.02 load
[runlim] sample:		829.92 time, 830.01 real, 443 MB, 1.02 load
[runlim] sample:		839.92 time, 840.01 real, 447 MB, 1.02 load
[runlim] sample:		849.92 time, 850.01 real, 447 MB, 1.01 load
[runlim] sample:		859.93 time, 860.01 real, 456 MB, 1.01 load
[runlim] sample:		869.93 time, 870.01 real, 456 MB, 1.01 load
[runlim] sample:		879.93 time, 880.01 real, 459 MB, 1.01 load
[runlim] sample:		889.93 time, 890.01 real, 459 MB, 1.01 load
[runlim] sample:		899.92 time, 900.01 real, 442 MB, 1.00 load
[runlim] sample:		909.93 time, 910.01 real, 442 MB, 1.00 load
[runlim] sample:		919.93 time, 920.01 real, 442 MB, 1.00 load
[runlim] sample:		929.93 time, 930.01 real, 443 MB, 1.00 load
[runlim] sample:		939.92 time, 940.01 real, 529 MB, 1.00 load
[runlim] sample:		949.92 time, 950.01 real, 448 MB, 1.00 load
[runlim] sample:		959.92 time, 960.01 real, 450 MB, 1.00 load
[runlim] sample:		969.92 time, 970.01 real, 450 MB, 1.00 load
[runlim] sample:		979.92 time, 980.01 real, 466 MB, 1.00 load
[runlim] sample:		989.92 time, 990.01 real, 445 MB, 1.00 load
[runlim] sample:		999.92 time, 1000.01 real, 445 MB, 1.00 load
[runlim] sample:		1009.92 time, 1010.01 real, 447 MB, 1.00 load
[runlim] sample:		1019.92 time, 1020.01 real, 447 MB, 1.00 load
[runlim] sample:		1029.92 time, 1030.01 real, 450 MB, 1.16 load
[runlim] sample:		1039.90 time, 1040.01 real, 450 MB, 1.13 load
[runlim] sample:		1049.34 time, 1050.01 real, 448 MB, 1.11 load
[runlim] sample:		1059.33 time, 1060.01 real, 448 MB, 1.10 load
[runlim] sample:		1069.33 time, 1070.01 real, 452 MB, 1.08 load
[runlim] sample:		1079.32 time, 1080.01 real, 452 MB, 1.07 load
[runlim] sample:		1089.33 time, 1090.01 real, 456 MB, 1.06 load
[runlim] sample:		1099.32 time, 1100.01 real, 400 MB, 1.05 load
[runlim] sample:		1109.32 time, 1110.01 real, 402 MB, 1.04 load
[runlim] sample:		1119.32 time, 1120.01 real, 387 MB, 1.03 load
[runlim] sample:		1129.32 time, 1130.01 real, 387 MB, 1.03 load
[runlim] sample:		1139.33 time, 1140.01 real, 387 MB, 1.02 load
[runlim] sample:		1149.32 time, 1150.01 real, 386 MB, 1.02 load
[runlim] sample:		1159.31 time, 1160.01 real, 401 MB, 1.02 load
[runlim] sample:		1169.31 time, 1170.01 real, 406 MB, 1.01 load
[runlim] sample:		1179.31 time, 1180.01 real, 406 MB, 1.01 load
[runlim] sample:		1189.32 time, 1190.01 real, 401 MB, 1.01 load
[runlim] sample:		1199.32 time, 1200.01 real, 401 MB, 1.01 load
[runlim] sample:		1209.32 time, 1210.01 real, 411 MB, 1.00 load
[runlim] sample:		1219.31 time, 1220.01 real, 453 MB, 1.00 load
[runlim] sample:		1229.31 time, 1230.01 real, 390 MB, 1.00 load
[runlim] sample:		1239.31 time, 1240.01 real, 390 MB, 1.00 load
[runlim] sample:		1249.30 time, 1250.01 real, 383 MB, 1.80 load
[runlim] sample:		1259.30 time, 1260.01 real, 383 MB, 1.67 load
[runlim] sample:		1269.30 time, 1270.01 real, 384 MB, 1.57 load
[runlim] sample:		1279.30 time, 1280.01 real, 390 MB, 1.48 load
[runlim] sample:		1289.30 time, 1290.01 real, 390 MB, 1.41 load
[runlim] sample:		1299.30 time, 1300.01 real, 427 MB, 1.34 load
[runlim] sample:		1309.30 time, 1310.01 real, 427 MB, 1.29 load
[runlim] sample:		1319.30 time, 1320.01 real, 429 MB, 1.25 load
[runlim] sample:		1329.30 time, 1330.01 real, 429 MB, 1.21 load
[runlim] sample:		1339.29 time, 1340.01 real, 431 MB, 1.17 load
[runlim] sample:		1349.29 time, 1350.01 real, 431 MB, 1.15 load
[runlim] sample:		1359.29 time, 1360.01 real, 435 MB, 1.12 load
[runlim] sample:		1369.29 time, 1370.01 real, 435 MB, 1.10 load
[runlim] sample:		1379.30 time, 1380.01 real, 455 MB, 1.09 load
[runlim] sample:		1389.30 time, 1390.01 real, 455 MB, 1.07 load
[runlim] sample:		1399.29 time, 1400.01 real, 456 MB, 1.06 load
[runlim] sample:		1409.29 time, 1410.01 real, 456 MB, 1.05 load
[runlim] sample:		1419.29 time, 1420.01 real, 468 MB, 1.04 load
[runlim] sample:		1429.29 time, 1430.01 real, 468 MB, 1.04 load
[runlim] sample:		1439.29 time, 1440.01 real, 473 MB, 1.03 load
[runlim] sample:		1449.29 time, 1450.01 real, 473 MB, 1.02 load
[runlim] sample:		1459.29 time, 1460.01 real, 473 MB, 1.02 load
[runlim] sample:		1469.29 time, 1470.01 real, 477 MB, 1.02 load
[runlim] sample:		1479.29 time, 1480.01 real, 477 MB, 1.01 load
[runlim] sample:		1489.29 time, 1490.01 real, 474 MB, 1.01 load
[runlim] sample:		1499.29 time, 1500.01 real, 474 MB, 1.09 load
[runlim] sample:		1509.29 time, 1510.01 real, 474 MB, 1.08 load
[runlim] sample:		1519.29 time, 1520.01 real, 477 MB, 1.06 load
[runlim] sample:		1529.29 time, 1530.01 real, 468 MB, 1.05 load
[runlim] sample:		1539.29 time, 1540.01 real, 468 MB, 1.04 load
[runlim] sample:		1549.28 time, 1550.01 real, 459 MB, 1.04 load
[runlim] sample:		1559.28 time, 1560.01 real, 461 MB, 1.03 load
[runlim] sample:		1569.28 time, 1570.01 real, 461 MB, 1.03 load
[runlim] sample:		1579.28 time, 1580.01 real, 462 MB, 1.02 load
[runlim] sample:		1589.28 time, 1590.01 real, 462 MB, 1.02 load
[runlim] sample:		1599.28 time, 1600.01 real, 462 MB, 1.01 load
[runlim] sample:		1609.28 time, 1610.01 real, 462 MB, 1.01 load
[runlim] sample:		1619.28 time, 1620.01 real, 463 MB, 1.01 load
[runlim] sample:		1629.27 time, 1630.01 real, 463 MB, 1.09 load
[runlim] sample:		1639.27 time, 1640.01 real, 463 MB, 1.07 load
[runlim] sample:		1649.26 time, 1650.01 real, 464 MB, 1.06 load
[runlim] sample:		1659.26 time, 1660.01 real, 464 MB, 1.05 load
[runlim] sample:		1669.26 time, 1670.01 real, 465 MB, 1.04 load
[runlim] sample:		1679.26 time, 1680.01 real, 465 MB, 1.04 load
[runlim] sample:		1689.26 time, 1690.01 real, 465 MB, 1.03 load
[runlim] sample:		1699.26 time, 1700.01 real, 465 MB, 1.02 load
[runlim] sample:		1709.26 time, 1710.01 real, 465 MB, 1.02 load
[runlim] sample:		1719.26 time, 1720.01 real, 466 MB, 1.02 load
[runlim] sample:		1729.26 time, 1730.01 real, 466 MB, 1.01 load
[runlim] sample:		1739.26 time, 1740.01 real, 564 MB, 1.01 load
[runlim] sample:		1749.26 time, 1750.01 real, 460 MB, 1.09 load
[runlim] sample:		1759.26 time, 1760.01 real, 460 MB, 1.08 load
[runlim] sample:		1769.26 time, 1770.01 real, 468 MB, 1.06 load
[runlim] sample:		1779.26 time, 1780.01 real, 468 MB, 1.05 load
[runlim] sample:		1789.26 time, 1790.01 real, 475 MB, 1.04 load
[runlim] sample:		1799.26 time, 1800.01 real, 475 MB, 1.04 load
[runlim] sample:		1809.26 time, 1810.01 real, 475 MB, 1.03 load
[runlim] sample:		1819.25 time, 1820.01 real, 478 MB, 1.03 load
[runlim] sample:		1829.25 time, 1830.01 real, 478 MB, 1.02 load
[runlim] sample:		1839.25 time, 1840.01 real, 478 MB, 1.02 load
[runlim] sample:		1849.25 time, 1850.01 real, 474 MB, 1.01 load
[runlim] sample:		1859.25 time, 1860.01 real, 468 MB, 1.01 load
[runlim] sample:		1869.25 time, 1870.01 real, 583 MB, 1.01 load
[runlim] sample:		1879.25 time, 1880.01 real, 471 MB, 1.01 load
[runlim] sample:		1889.24 time, 1890.01 real, 471 MB, 1.01 load
[runlim] sample:		1899.25 time, 1900.01 real, 472 MB, 1.00 load
[runlim] sample:		1909.25 time, 1910.01 real, 472 MB, 1.00 load
[runlim] sample:		1919.25 time, 1920.01 real, 476 MB, 1.00 load
[runlim] sample:		1929.25 time, 1930.01 real, 476 MB, 1.00 load
