[runlim] version:		2.0.0rc12
[runlim] host:			fjssp-instance1
[runlim] time limit:		311040000 seconds
[runlim] real time limit:	3600 seconds
[runlim] space limit:		14000 MB
[runlim] argv[0]:		python3
[runlim] argv[1]:		-u
[runlim] argv[2]:		main.py
[runlim] argv[3]:		--input
[runlim] argv[4]:		datasets/brandimarte/MK06
[runlim] argv[5]:		--sb
[runlim] argv[6]:		--factories
[runlim] argv[7]:		2
[runlim] argv[8]:		--half_transitive
[runlim] start:			Wed Aug 26 16:37:08 2026
[runlim] child:			43344
[*] Loading data from file: datasets/brandimarte/MK06
[*] Running D-FJSSP SAT Solver with 2 factories, Symmetry Breaking = ON, Transitive E* = HALF
===========================================================================
 D-FJSSP SAT SOLVER - PARALLEL FACTORIES SCHEDULING
===========================================================================
  -> Operations: 150 | Jobs: 10 | Machines: 15 | Factories: 2

[*] Running Greedy Heuristic...
  -> Greedy Solution: Makespan = 52 (0.0004s)

[*] Initializing and solving the SAT model...
------------------------------------------------------------------
[*] Trying with Upper Bound = 52...
  SAT ! Makespan = 52
  Schedule is valid with Makespan = 52
  Total time: 0.4271 seconds
------------------------------------------------------------------
[*] Trying with Upper Bound = 51...
  SAT ! Makespan = 51
  Schedule is valid with Makespan = 51
  Total time: 0.5545 seconds
------------------------------------------------------------------
[*] Trying with Upper Bound = 50...
  SAT ! Makespan = 50
  Schedule is valid with Makespan = 50
  Total time: 0.6751 seconds
------------------------------------------------------------------
[*] Trying with Upper Bound = 49...
  SAT ! Makespan = 49
  Schedule is valid with Makespan = 49
  Total time: 1.4921 seconds
------------------------------------------------------------------
[*] Trying with Upper Bound = 48...
  SAT ! Makespan = 48
  Schedule is valid with Makespan = 48
  Total time: 1.5814 seconds
------------------------------------------------------------------
[*] Trying with Upper Bound = 47...
  SAT ! Makespan = 47
  Schedule is valid with Makespan = 47
  Total time: 1.8229 seconds
------------------------------------------------------------------
[*] Trying with Upper Bound = 46...
  SAT ! Makespan = 46
  Schedule is valid with Makespan = 46
  Total time: 2.1167 seconds
------------------------------------------------------------------
[*] Trying with Upper Bound = 45...
  SAT ! Makespan = 45
  Schedule is valid with Makespan = 45
  Total time: 2.6737 seconds
------------------------------------------------------------------
[*] Trying with Upper Bound = 44...
  SAT ! Makespan = 44
  Schedule is valid with Makespan = 44
  Total time: 2.7264 seconds
------------------------------------------------------------------
[*] Trying with Upper Bound = 43...
  SAT ! Makespan = 43
  Schedule is valid with Makespan = 43
  Total time: 4.4299 seconds
------------------------------------------------------------------
[*] Trying with Upper Bound = 42...
   UNSAT

 Optimal Makespan = 43

 Summary:
  - Optimal Makespan   : 43
  - Greedy Time        : 0.0004s
  - SAT Time           : 4.5212s
  - Total Time         : 4.5253s
  - Schedule Status    : VALID
===========================================================================
[runlim] end:			Wed Aug 26 16:37:13 2026
[runlim] status:		ok
[runlim] result:		0
[runlim] children:		1
[runlim] processes:		2
[runlim] real:			4.57 seconds
[runlim] time:			4.50 seconds
[runlim] space:			96 MB
[runlim] load:			0.93 maximum
[runlim] samples:		46
