[runlim] version:		2.0.0rc12
[runlim] host:			fjssp-instance1
[runlim] time limit:		311040000 seconds
[runlim] real time limit:	3600 seconds
[runlim] space limit:		14000 MB
[runlim] argv[0]:		python3
[runlim] argv[1]:		-u
[runlim] argv[2]:		main.py
[runlim] argv[3]:		--input
[runlim] argv[4]:		datasets/brandimarte/MK08
[runlim] argv[5]:		--sb
[runlim] argv[6]:		--factories
[runlim] argv[7]:		2
[runlim] argv[8]:		--half_transitive
[runlim] start:			Wed Aug 26 17:37:14 2026
[runlim] child:			44949
[*] Loading data from file: datasets/brandimarte/MK08
[*] Running D-FJSSP SAT Solver with 2 factories, Symmetry Breaking = ON, Transitive E* = HALF
===========================================================================
 D-FJSSP SAT SOLVER - PARALLEL FACTORIES SCHEDULING
===========================================================================
  -> Operations: 225 | Jobs: 20 | Machines: 10 | Factories: 2

[*] Running Greedy Heuristic...
  -> Greedy Solution: Makespan = 313 (0.0006s)

[*] Initializing and solving the SAT model...
------------------------------------------------------------------
[*] Trying with Upper Bound = 313...
  SAT ! Makespan = 313
  Schedule is valid with Makespan = 313
  Total time: 2.3033 seconds
------------------------------------------------------------------
[*] Trying with Upper Bound = 312...
  SAT ! Makespan = 312
  Schedule is valid with Makespan = 312
  Total time: 2.3582 seconds
------------------------------------------------------------------
[*] Trying with Upper Bound = 311...
  SAT ! Makespan = 311
  Schedule is valid with Makespan = 311
  Total time: 3.3733 seconds
------------------------------------------------------------------
[*] Trying with Upper Bound = 310...
  SAT ! Makespan = 310
  Schedule is valid with Makespan = 310
  Total time: 7.5483 seconds
------------------------------------------------------------------
[*] Trying with Upper Bound = 309...
  SAT ! Makespan = 309
  Schedule is valid with Makespan = 309
  Total time: 8.1796 seconds
------------------------------------------------------------------
[*] Trying with Upper Bound = 308...
  SAT ! Makespan = 308
  Schedule is valid with Makespan = 308
  Total time: 8.5262 seconds
------------------------------------------------------------------
[*] Trying with Upper Bound = 307...
  SAT ! Makespan = 307
  Schedule is valid with Makespan = 307
  Total time: 8.6639 seconds
------------------------------------------------------------------
[*] Trying with Upper Bound = 306...
  SAT ! Makespan = 306
  Schedule is valid with Makespan = 306
  Total time: 9.6456 seconds
------------------------------------------------------------------
[*] Trying with Upper Bound = 305...
  SAT ! Makespan = 305
  Schedule is valid with Makespan = 305
  Total time: 9.8152 seconds
------------------------------------------------------------------
[*] Trying with Upper Bound = 304...
  SAT ! Makespan = 304
  Schedule is valid with Makespan = 304
  Total time: 9.9148 seconds
------------------------------------------------------------------
[*] Trying with Upper Bound = 303...
  SAT ! Makespan = 303
  Schedule is valid with Makespan = 303
  Total time: 9.9381 seconds
------------------------------------------------------------------
[*] Trying with Upper Bound = 302...
  SAT ! Makespan = 302
  Schedule is valid with Makespan = 302
  Total time: 9.9691 seconds
------------------------------------------------------------------
[*] Trying with Upper Bound = 301...
[runlim] sample:		9.99 time, 10.01 real, 303 MB, 1.02 load
  SAT ! Makespan = 301
  Schedule is valid with Makespan = 301
  Total time: 9.9876 seconds
------------------------------------------------------------------
[*] Trying with Upper Bound = 300...
  SAT ! Makespan = 300
  Schedule is valid with Makespan = 300
  Total time: 10.0036 seconds
------------------------------------------------------------------
[*] Trying with Upper Bound = 299...
  SAT ! Makespan = 299
  Schedule is valid with Makespan = 299
  Total time: 10.0191 seconds
------------------------------------------------------------------
[*] Trying with Upper Bound = 298...
  SAT ! Makespan = 298
  Schedule is valid with Makespan = 298
  Total time: 10.0350 seconds
------------------------------------------------------------------
[*] Trying with Upper Bound = 297...
  SAT ! Makespan = 297
  Schedule is valid with Makespan = 297
  Total time: 10.0496 seconds
------------------------------------------------------------------
[*] Trying with Upper Bound = 296...
  SAT ! Makespan = 296
  Schedule is valid with Makespan = 296
  Total time: 10.5285 seconds
------------------------------------------------------------------
[*] Trying with Upper Bound = 295...
  SAT ! Makespan = 295
  Schedule is valid with Makespan = 295
  Total time: 10.5550 seconds
------------------------------------------------------------------
[*] Trying with Upper Bound = 294...
  SAT ! Makespan = 294
  Schedule is valid with Makespan = 294
  Total time: 13.5831 seconds
------------------------------------------------------------------
[*] Trying with Upper Bound = 293...
  SAT ! Makespan = 293
  Schedule is valid with Makespan = 293
  Total time: 13.7593 seconds
------------------------------------------------------------------
[*] Trying with Upper Bound = 292...
  SAT ! Makespan = 292
  Schedule is valid with Makespan = 292
  Total time: 13.8727 seconds
------------------------------------------------------------------
[*] Trying with Upper Bound = 291...
  SAT ! Makespan = 291
  Schedule is valid with Makespan = 291
  Total time: 13.9713 seconds
------------------------------------------------------------------
[*] Trying with Upper Bound = 290...
  SAT ! Makespan = 290
  Schedule is valid with Makespan = 290
  Total time: 14.2065 seconds
------------------------------------------------------------------
[*] Trying with Upper Bound = 289...
  SAT ! Makespan = 289
  Schedule is valid with Makespan = 289
  Total time: 14.2839 seconds
------------------------------------------------------------------
[*] Trying with Upper Bound = 288...
  SAT ! Makespan = 288
  Schedule is valid with Makespan = 288
  Total time: 14.3586 seconds
------------------------------------------------------------------
[*] Trying with Upper Bound = 287...
  SAT ! Makespan = 287
  Schedule is valid with Makespan = 287
  Total time: 14.4279 seconds
------------------------------------------------------------------
[*] Trying with Upper Bound = 286...
  SAT ! Makespan = 286
  Schedule is valid with Makespan = 286
  Total time: 14.4503 seconds
------------------------------------------------------------------
[*] Trying with Upper Bound = 285...
  SAT ! Makespan = 285
  Schedule is valid with Makespan = 285
  Total time: 14.8995 seconds
------------------------------------------------------------------
[*] Trying with Upper Bound = 284...
  SAT ! Makespan = 284
  Schedule is valid with Makespan = 284
  Total time: 19.8282 seconds
------------------------------------------------------------------
[*] Trying with Upper Bound = 283...
[runlim] sample:		19.99 time, 20.01 real, 262 MB, 1.02 load
  SAT ! Makespan = 283
  Schedule is valid with Makespan = 283
  Total time: 21.1149 seconds
------------------------------------------------------------------
[*] Trying with Upper Bound = 282...
  SAT ! Makespan = 282
  Schedule is valid with Makespan = 282
  Total time: 26.5012 seconds
------------------------------------------------------------------
[*] Trying with Upper Bound = 281...
  SAT ! Makespan = 281
  Schedule is valid with Makespan = 281
  Total time: 27.6305 seconds
------------------------------------------------------------------
[*] Trying with Upper Bound = 280...
  SAT ! Makespan = 280
  Schedule is valid with Makespan = 280
  Total time: 28.3562 seconds
------------------------------------------------------------------
[*] Trying with Upper Bound = 279...
  SAT ! Makespan = 279
  Schedule is valid with Makespan = 279
  Total time: 28.4539 seconds
------------------------------------------------------------------
[*] Trying with Upper Bound = 278...
[runlim] sample:		29.99 time, 30.01 real, 294 MB, 1.02 load
  SAT ! Makespan = 278
  Schedule is valid with Makespan = 278
  Total time: 31.0963 seconds
------------------------------------------------------------------
[*] Trying with Upper Bound = 277...
  SAT ! Makespan = 277
  Schedule is valid with Makespan = 277
  Total time: 31.9462 seconds
------------------------------------------------------------------
[*] Trying with Upper Bound = 276...
  SAT ! Makespan = 276
  Schedule is valid with Makespan = 276
  Total time: 36.3387 seconds
------------------------------------------------------------------
[*] Trying with Upper Bound = 275...
  SAT ! Makespan = 275
  Schedule is valid with Makespan = 275
  Total time: 36.4318 seconds
------------------------------------------------------------------
[*] Trying with Upper Bound = 274...
[runlim] sample:		39.99 time, 40.01 real, 294 MB, 1.01 load
  SAT ! Makespan = 274
  Schedule is valid with Makespan = 274
  Total time: 42.3850 seconds
------------------------------------------------------------------
[*] Trying with Upper Bound = 273...
  SAT ! Makespan = 273
  Schedule is valid with Makespan = 273
  Total time: 43.9536 seconds
------------------------------------------------------------------
[*] Trying with Upper Bound = 272...
  SAT ! Makespan = 272
  Schedule is valid with Makespan = 272
  Total time: 45.1807 seconds
------------------------------------------------------------------
[*] Trying with Upper Bound = 271...
[runlim] sample:		49.99 time, 50.01 real, 294 MB, 1.09 load
  SAT ! Makespan = 271
  Schedule is valid with Makespan = 271
  Total time: 52.0642 seconds
------------------------------------------------------------------
[*] Trying with Upper Bound = 270...
[runlim] sample:		59.99 time, 60.01 real, 294 MB, 1.08 load
[runlim] sample:		69.98 time, 70.01 real, 294 MB, 1.06 load
  SAT ! Makespan = 270
  Schedule is valid with Makespan = 270
  Total time: 73.8683 seconds
------------------------------------------------------------------
[*] Trying with Upper Bound = 269...
[runlim] sample:		79.98 time, 80.01 real, 295 MB, 1.05 load
  SAT ! Makespan = 269
  Schedule is valid with Makespan = 269
  Total time: 81.8222 seconds
------------------------------------------------------------------
[*] Trying with Upper Bound = 268...
[runlim] sample:		89.99 time, 90.01 real, 295 MB, 1.04 load
[runlim] sample:		99.99 time, 100.01 real, 295 MB, 1.04 load
  SAT ! Makespan = 268
  Schedule is valid with Makespan = 268
  Total time: 104.4525 seconds
------------------------------------------------------------------
[*] Trying with Upper Bound = 267...
[runlim] sample:		109.98 time, 110.01 real, 296 MB, 1.03 load
[runlim] sample:		119.99 time, 120.01 real, 264 MB, 1.03 load
[runlim] sample:		129.99 time, 130.01 real, 277 MB, 1.02 load
  SAT ! Makespan = 267
  Schedule is valid with Makespan = 267
  Total time: 138.7729 seconds
------------------------------------------------------------------
[*] Trying with Upper Bound = 266...
[runlim] sample:		139.98 time, 140.01 real, 283 MB, 1.02 load
[runlim] sample:		149.98 time, 150.01 real, 246 MB, 1.01 load
[runlim] sample:		159.98 time, 160.01 real, 274 MB, 1.01 load
  SAT ! Makespan = 266
  Schedule is valid with Makespan = 266
  Total time: 162.3891 seconds
------------------------------------------------------------------
[*] Trying with Upper Bound = 265...
  SAT ! Makespan = 265
  Schedule is valid with Makespan = 265
  Total time: 169.8728 seconds
------------------------------------------------------------------
[*] Trying with Upper Bound = 264...
[runlim] sample:		169.97 time, 170.01 real, 246 MB, 1.01 load
[runlim] sample:		179.98 time, 180.01 real, 281 MB, 1.01 load
  SAT ! Makespan = 264
  Schedule is valid with Makespan = 264
  Total time: 180.0741 seconds
------------------------------------------------------------------
[*] Trying with Upper Bound = 263...
[runlim] sample:		189.98 time, 190.01 real, 246 MB, 1.01 load
[runlim] sample:		199.97 time, 200.01 real, 245 MB, 1.00 load
  SAT ! Makespan = 263
  Schedule is valid with Makespan = 263
  Total time: 205.7804 seconds
------------------------------------------------------------------
[*] Trying with Upper Bound = 262...
[runlim] sample:		209.97 time, 210.01 real, 246 MB, 1.00 load
[runlim] sample:		219.97 time, 220.01 real, 247 MB, 1.00 load
[runlim] sample:		229.96 time, 230.01 real, 281 MB, 1.00 load
[runlim] sample:		239.96 time, 240.01 real, 283 MB, 1.00 load
[runlim] sample:		249.96 time, 250.01 real, 282 MB, 1.00 load
[runlim] sample:		259.95 time, 260.01 real, 281 MB, 1.00 load
[runlim] sample:		269.95 time, 270.01 real, 282 MB, 1.00 load
[runlim] sample:		279.95 time, 280.01 real, 282 MB, 1.00 load
[runlim] sample:		289.95 time, 290.01 real, 285 MB, 1.00 load
[runlim] sample:		299.95 time, 300.01 real, 289 MB, 1.00 load
[runlim] sample:		309.95 time, 310.01 real, 288 MB, 1.00 load
[runlim] sample:		319.95 time, 320.01 real, 288 MB, 1.00 load
[runlim] sample:		329.95 time, 330.01 real, 288 MB, 1.00 load
[runlim] sample:		339.95 time, 340.01 real, 290 MB, 1.00 load
[runlim] sample:		349.94 time, 350.01 real, 290 MB, 1.00 load
[runlim] sample:		359.94 time, 360.01 real, 290 MB, 1.00 load
[runlim] sample:		369.94 time, 370.01 real, 288 MB, 1.00 load
[runlim] sample:		379.94 time, 380.01 real, 289 MB, 1.00 load
[runlim] sample:		389.95 time, 390.01 real, 289 MB, 1.00 load
[runlim] sample:		399.94 time, 400.01 real, 289 MB, 1.00 load
[runlim] sample:		409.94 time, 410.01 real, 290 MB, 1.00 load
[runlim] sample:		419.94 time, 420.01 real, 290 MB, 1.00 load
[runlim] sample:		429.94 time, 430.01 real, 290 MB, 1.00 load
[runlim] sample:		439.94 time, 440.01 real, 290 MB, 1.00 load
[runlim] sample:		449.94 time, 450.01 real, 291 MB, 1.00 load
[runlim] sample:		459.93 time, 460.01 real, 291 MB, 1.00 load
[runlim] sample:		469.93 time, 470.01 real, 291 MB, 1.00 load
[runlim] sample:		479.94 time, 480.01 real, 292 MB, 1.00 load
[runlim] sample:		489.94 time, 490.01 real, 292 MB, 1.00 load
[runlim] sample:		499.94 time, 500.01 real, 292 MB, 1.00 load
[runlim] sample:		509.93 time, 510.01 real, 292 MB, 1.00 load
[runlim] sample:		519.93 time, 520.01 real, 292 MB, 1.00 load
[runlim] sample:		529.93 time, 530.01 real, 293 MB, 1.00 load
[runlim] sample:		539.94 time, 540.01 real, 293 MB, 1.00 load
[runlim] sample:		549.94 time, 550.01 real, 293 MB, 1.08 load
[runlim] sample:		559.93 time, 560.01 real, 293 MB, 1.07 load
[runlim] sample:		569.93 time, 570.01 real, 293 MB, 1.06 load
[runlim] sample:		579.93 time, 580.01 real, 296 MB, 1.05 load
[runlim] sample:		589.93 time, 590.01 real, 296 MB, 1.04 load
[runlim] sample:		599.93 time, 600.01 real, 296 MB, 1.03 load
[runlim] sample:		609.93 time, 610.01 real, 296 MB, 1.03 load
[runlim] sample:		619.92 time, 620.01 real, 297 MB, 1.02 load
[runlim] sample:		629.93 time, 630.01 real, 296 MB, 1.02 load
[runlim] sample:		639.93 time, 640.01 real, 297 MB, 1.02 load
[runlim] sample:		649.93 time, 650.01 real, 297 MB, 1.01 load
[runlim] sample:		659.93 time, 660.01 real, 300 MB, 1.01 load
[runlim] sample:		669.92 time, 670.01 real, 296 MB, 1.01 load
[runlim] sample:		679.92 time, 680.01 real, 297 MB, 1.01 load
[runlim] sample:		689.93 time, 690.01 real, 299 MB, 1.00 load
[runlim] sample:		699.93 time, 700.01 real, 299 MB, 1.00 load
[runlim] sample:		709.92 time, 710.01 real, 297 MB, 1.00 load
[runlim] sample:		719.92 time, 720.01 real, 299 MB, 1.00 load
[runlim] sample:		729.92 time, 730.01 real, 299 MB, 1.00 load
[runlim] sample:		739.92 time, 740.01 real, 299 MB, 1.00 load
[runlim] sample:		749.92 time, 750.01 real, 299 MB, 1.00 load
[runlim] sample:		759.92 time, 760.01 real, 300 MB, 1.00 load
[runlim] sample:		769.92 time, 770.01 real, 299 MB, 1.00 load
[runlim] sample:		779.92 time, 780.01 real, 299 MB, 1.00 load
[runlim] sample:		789.92 time, 790.01 real, 299 MB, 1.00 load
[runlim] sample:		799.92 time, 800.01 real, 300 MB, 1.08 load
[runlim] sample:		809.91 time, 810.01 real, 300 MB, 1.07 load
[runlim] sample:		819.91 time, 820.01 real, 300 MB, 1.06 load
[runlim] sample:		829.91 time, 830.01 real, 301 MB, 1.05 load
[runlim] sample:		839.92 time, 840.01 real, 302 MB, 1.04 load
[runlim] sample:		849.92 time, 850.01 real, 302 MB, 1.03 load
[runlim] sample:		859.91 time, 860.01 real, 300 MB, 1.03 load
[runlim] sample:		869.91 time, 870.01 real, 300 MB, 1.02 load
[runlim] sample:		879.91 time, 880.01 real, 300 MB, 1.02 load
[runlim] sample:		889.91 time, 890.01 real, 300 MB, 1.02 load
[runlim] sample:		899.91 time, 900.01 real, 300 MB, 1.01 load
[runlim] sample:		909.91 time, 910.01 real, 300 MB, 1.01 load
[runlim] sample:		919.91 time, 920.01 real, 301 MB, 1.01 load
[runlim] sample:		929.91 time, 930.01 real, 301 MB, 1.08 load
[runlim] sample:		939.91 time, 940.01 real, 301 MB, 1.07 load
[runlim] sample:		949.91 time, 950.01 real, 301 MB, 1.06 load
[runlim] sample:		959.90 time, 960.01 real, 301 MB, 1.05 load
[runlim] sample:		969.90 time, 970.01 real, 301 MB, 1.04 load
[runlim] sample:		979.91 time, 980.01 real, 302 MB, 1.03 load
[runlim] sample:		989.91 time, 990.01 real, 302 MB, 1.03 load
[runlim] sample:		999.91 time, 1000.01 real, 302 MB, 1.02 load
[runlim] sample:		1009.91 time, 1010.01 real, 302 MB, 1.02 load
[runlim] sample:		1019.90 time, 1020.01 real, 302 MB, 1.02 load
[runlim] sample:		1029.90 time, 1030.01 real, 302 MB, 1.01 load
[runlim] sample:		1039.90 time, 1040.01 real, 302 MB, 1.01 load
[runlim] sample:		1049.90 time, 1050.01 real, 303 MB, 1.09 load
[runlim] sample:		1059.90 time, 1060.01 real, 303 MB, 1.07 load
[runlim] sample:		1069.90 time, 1070.01 real, 303 MB, 1.06 load
[runlim] sample:		1079.90 time, 1080.01 real, 304 MB, 1.05 load
[runlim] sample:		1089.90 time, 1090.01 real, 305 MB, 1.04 load
[runlim] sample:		1099.90 time, 1100.01 real, 305 MB, 1.04 load
[runlim] sample:		1109.90 time, 1110.01 real, 305 MB, 1.03 load
[runlim] sample:		1119.90 time, 1120.01 real, 305 MB, 1.03 load
[runlim] sample:		1129.90 time, 1130.01 real, 305 MB, 1.02 load
[runlim] sample:		1139.89 time, 1140.01 real, 305 MB, 1.02 load
[runlim] sample:		1149.89 time, 1150.01 real, 305 MB, 1.01 load
[runlim] sample:		1159.89 time, 1160.01 real, 305 MB, 1.01 load
[runlim] sample:		1169.89 time, 1170.01 real, 305 MB, 1.01 load
[runlim] sample:		1179.89 time, 1180.01 real, 300 MB, 1.01 load
[runlim] sample:		1189.89 time, 1190.01 real, 300 MB, 1.01 load
[runlim] sample:		1199.89 time, 1200.01 real, 300 MB, 1.00 load
[runlim] sample:		1209.89 time, 1210.01 real, 300 MB, 1.00 load
[runlim] sample:		1219.89 time, 1220.01 real, 300 MB, 1.00 load
[runlim] sample:		1229.88 time, 1230.01 real, 301 MB, 1.00 load
[runlim] sample:		1239.89 time, 1240.01 real, 301 MB, 1.00 load
[runlim] sample:		1249.89 time, 1250.01 real, 301 MB, 1.00 load
[runlim] sample:		1259.88 time, 1260.01 real, 301 MB, 1.00 load
[runlim] sample:		1269.88 time, 1270.01 real, 301 MB, 1.00 load
[runlim] sample:		1279.88 time, 1280.01 real, 307 MB, 1.00 load
[runlim] sample:		1289.89 time, 1290.01 real, 307 MB, 1.00 load
[runlim] sample:		1299.89 time, 1300.01 real, 307 MB, 1.08 load
[runlim] sample:		1309.89 time, 1310.01 real, 307 MB, 1.07 load
[runlim] sample:		1319.89 time, 1320.01 real, 307 MB, 1.06 load
[runlim] sample:		1329.88 time, 1330.01 real, 307 MB, 1.05 load
[runlim] sample:		1339.87 time, 1340.01 real, 307 MB, 1.04 load
[runlim] sample:		1349.87 time, 1350.01 real, 307 MB, 1.03 load
[runlim] sample:		1359.88 time, 1360.01 real, 307 MB, 1.03 load
[runlim] sample:		1369.88 time, 1370.01 real, 307 MB, 1.02 load
[runlim] sample:		1379.88 time, 1380.01 real, 308 MB, 1.02 load
[runlim] sample:		1389.87 time, 1390.01 real, 293 MB, 1.02 load
[runlim] sample:		1399.87 time, 1400.01 real, 293 MB, 1.01 load
[runlim] sample:		1409.87 time, 1410.01 real, 293 MB, 1.01 load
[runlim] sample:		1419.87 time, 1420.01 real, 293 MB, 1.01 load
[runlim] sample:		1429.87 time, 1430.01 real, 293 MB, 1.08 load
[runlim] sample:		1439.87 time, 1440.01 real, 293 MB, 1.07 load
[runlim] sample:		1449.87 time, 1450.01 real, 293 MB, 1.06 load
[runlim] sample:		1459.87 time, 1460.01 real, 293 MB, 1.05 load
[runlim] sample:		1469.86 time, 1470.01 real, 294 MB, 1.04 load
[runlim] sample:		1479.86 time, 1480.01 real, 294 MB, 1.03 load
[runlim] sample:		1489.87 time, 1490.01 real, 296 MB, 1.03 load
[runlim] sample:		1499.87 time, 1500.01 real, 296 MB, 1.02 load
[runlim] sample:		1509.87 time, 1510.01 real, 296 MB, 1.02 load
[runlim] sample:		1519.86 time, 1520.01 real, 296 MB, 1.02 load
[runlim] sample:		1529.86 time, 1530.01 real, 296 MB, 1.01 load
[runlim] sample:		1539.86 time, 1540.01 real, 296 MB, 1.01 load
[runlim] sample:		1549.87 time, 1550.01 real, 296 MB, 1.01 load
[runlim] sample:		1559.86 time, 1560.01 real, 296 MB, 1.01 load
[runlim] sample:		1569.86 time, 1570.01 real, 296 MB, 1.00 load
[runlim] sample:		1579.86 time, 1580.01 real, 297 MB, 1.00 load
[runlim] sample:		1589.86 time, 1590.01 real, 297 MB, 1.00 load
[runlim] sample:		1599.86 time, 1600.01 real, 299 MB, 1.00 load
[runlim] sample:		1609.86 time, 1610.01 real, 299 MB, 1.00 load
[runlim] sample:		1619.86 time, 1620.01 real, 299 MB, 1.00 load
[runlim] sample:		1629.86 time, 1630.01 real, 299 MB, 1.00 load
[runlim] sample:		1639.85 time, 1640.01 real, 299 MB, 1.00 load
[runlim] sample:		1649.85 time, 1650.01 real, 299 MB, 1.00 load
[runlim] sample:		1659.85 time, 1660.01 real, 299 MB, 1.00 load
[runlim] sample:		1669.85 time, 1670.01 real, 299 MB, 1.00 load
[runlim] sample:		1679.85 time, 1680.01 real, 299 MB, 1.07 load
[runlim] sample:		1689.85 time, 1690.01 real, 299 MB, 1.06 load
[runlim] sample:		1699.85 time, 1700.01 real, 300 MB, 1.05 load
[runlim] sample:		1709.85 time, 1710.01 real, 300 MB, 1.04 load
[runlim] sample:		1719.85 time, 1720.01 real, 280 MB, 1.04 load
[runlim] sample:		1729.85 time, 1730.01 real, 290 MB, 1.03 load
[runlim] sample:		1739.85 time, 1740.01 real, 290 MB, 1.02 load
[runlim] sample:		1749.85 time, 1750.01 real, 290 MB, 1.02 load
[runlim] sample:		1759.85 time, 1760.01 real, 290 MB, 1.02 load
[runlim] sample:		1769.85 time, 1770.01 real, 290 MB, 1.01 load
[runlim] sample:		1779.85 time, 1780.01 real, 290 MB, 1.01 load
[runlim] sample:		1789.85 time, 1790.01 real, 290 MB, 1.01 load
[runlim] sample:		1799.85 time, 1800.01 real, 290 MB, 1.09 load
[runlim] sample:		1809.85 time, 1810.01 real, 290 MB, 1.07 load
[runlim] sample:		1819.85 time, 1820.01 real, 290 MB, 1.06 load
[runlim] sample:		1829.85 time, 1830.01 real, 290 MB, 1.05 load
[runlim] sample:		1839.84 time, 1840.01 real, 305 MB, 1.04 load
[runlim] sample:		1849.84 time, 1850.01 real, 305 MB, 1.04 load
[runlim] sample:		1859.84 time, 1860.01 real, 305 MB, 1.03 load
[runlim] sample:		1869.84 time, 1870.01 real, 305 MB, 1.02 load
[runlim] sample:		1879.84 time, 1880.01 real, 305 MB, 1.02 load
[runlim] sample:		1889.84 time, 1890.01 real, 305 MB, 1.02 load
[runlim] sample:		1899.84 time, 1900.01 real, 305 MB, 1.01 load
[runlim] sample:		1909.84 time, 1910.01 real, 305 MB, 1.01 load
[runlim] sample:		1919.84 time, 1920.01 real, 305 MB, 1.01 load
[runlim] sample:		1929.84 time, 1930.01 real, 305 MB, 1.01 load
[runlim] sample:		1939.84 time, 1940.01 real, 305 MB, 1.17 load
[runlim] sample:		1949.84 time, 1950.01 real, 306 MB, 1.14 load
[runlim] sample:		1959.83 time, 1960.01 real, 306 MB, 1.12 load
[runlim] sample:		1969.83 time, 1970.01 real, 286 MB, 1.10 load
[runlim] sample:		1979.83 time, 1980.01 real, 296 MB, 1.08 load
[runlim] sample:		1989.83 time, 1990.01 real, 296 MB, 1.07 load
[runlim] sample:		1999.83 time, 2000.01 real, 296 MB, 1.06 load
[runlim] sample:		2009.83 time, 2010.01 real, 297 MB, 1.05 load
[runlim] sample:		2019.83 time, 2020.01 real, 297 MB, 1.04 load
[runlim] sample:		2029.82 time, 2030.01 real, 297 MB, 1.04 load
[runlim] sample:		2039.83 time, 2040.01 real, 297 MB, 1.03 load
[runlim] sample:		2049.83 time, 2050.01 real, 302 MB, 1.75 load
[runlim] sample:		2059.83 time, 2060.01 real, 292 MB, 1.63 load
[runlim] sample:		2069.83 time, 2070.01 real, 300 MB, 1.53 load
[runlim] sample:		2079.83 time, 2080.01 real, 298 MB, 1.45 load
[runlim] sample:		2089.83 time, 2090.01 real, 298 MB, 1.38 load
[runlim] sample:		2099.82 time, 2100.01 real, 299 MB, 1.32 load
[runlim] sample:		2109.82 time, 2110.01 real, 300 MB, 1.27 load
[runlim] sample:		2119.82 time, 2120.01 real, 300 MB, 1.23 load
[runlim] sample:		2129.82 time, 2130.01 real, 304 MB, 1.19 load
  SAT ! Makespan = 262
  Schedule is valid with Makespan = 262
  Total time: 2137.4866 seconds
------------------------------------------------------------------
[*] Trying with Upper Bound = 261...
[runlim] sample:		2139.82 time, 2140.01 real, 319 MB, 1.16 load
[runlim] sample:		2149.82 time, 2150.01 real, 305 MB, 1.14 load
[runlim] sample:		2159.82 time, 2160.01 real, 305 MB, 1.12 load
[runlim] sample:		2169.82 time, 2170.01 real, 302 MB, 1.10 load
[runlim] sample:		2179.82 time, 2180.01 real, 302 MB, 1.08 load
[runlim] sample:		2189.82 time, 2190.01 real, 305 MB, 1.07 load
[runlim] sample:		2199.82 time, 2200.01 real, 305 MB, 1.06 load
[runlim] sample:		2209.82 time, 2210.01 real, 305 MB, 1.05 load
[runlim] sample:		2219.82 time, 2220.01 real, 302 MB, 1.04 load
[runlim] sample:		2229.81 time, 2230.01 real, 302 MB, 1.03 load
[runlim] sample:		2239.82 time, 2240.01 real, 349 MB, 1.03 load
[runlim] sample:		2249.82 time, 2250.01 real, 340 MB, 1.02 load
[runlim] sample:		2259.81 time, 2260.01 real, 340 MB, 1.02 load
[runlim] sample:		2269.81 time, 2270.01 real, 340 MB, 1.02 load
[runlim] sample:		2279.82 time, 2280.01 real, 342 MB, 1.01 load
[runlim] sample:		2289.82 time, 2290.01 real, 342 MB, 1.01 load
[runlim] sample:		2299.82 time, 2300.01 real, 342 MB, 1.01 load
[runlim] sample:		2309.81 time, 2310.01 real, 346 MB, 1.01 load
[runlim] sample:		2319.81 time, 2320.01 real, 346 MB, 1.01 load
[runlim] sample:		2329.81 time, 2330.01 real, 346 MB, 1.00 load
[runlim] sample:		2339.81 time, 2340.01 real, 345 MB, 1.00 load
[runlim] sample:		2349.81 time, 2350.01 real, 345 MB, 1.00 load
[runlim] sample:		2359.81 time, 2360.01 real, 345 MB, 1.00 load
[runlim] sample:		2369.81 time, 2370.01 real, 342 MB, 1.00 load
[runlim] sample:		2379.81 time, 2380.01 real, 342 MB, 1.00 load
[runlim] sample:		2389.80 time, 2390.01 real, 342 MB, 1.00 load
[runlim] sample:		2399.81 time, 2400.01 real, 341 MB, 1.00 load
[runlim] sample:		2409.81 time, 2410.01 real, 341 MB, 1.00 load
[runlim] sample:		2419.81 time, 2420.01 real, 341 MB, 1.00 load
[runlim] sample:		2429.81 time, 2430.01 real, 341 MB, 1.00 load
[runlim] sample:		2439.80 time, 2440.01 real, 342 MB, 1.00 load
[runlim] sample:		2449.80 time, 2450.01 real, 342 MB, 1.00 load
[runlim] sample:		2459.80 time, 2460.01 real, 342 MB, 1.00 load
[runlim] sample:		2469.80 time, 2470.01 real, 342 MB, 1.00 load
[runlim] sample:		2479.81 time, 2480.01 real, 342 MB, 1.00 load
[runlim] sample:		2489.81 time, 2490.01 real, 342 MB, 1.00 load
[runlim] sample:		2499.80 time, 2500.01 real, 342 MB, 1.00 load
[runlim] sample:		2509.80 time, 2510.01 real, 343 MB, 1.00 load
[runlim] sample:		2519.80 time, 2520.01 real, 343 MB, 1.00 load
[runlim] sample:		2529.80 time, 2530.01 real, 343 MB, 1.00 load
[runlim] sample:		2539.80 time, 2540.01 real, 343 MB, 1.08 load
[runlim] sample:		2549.79 time, 2550.01 real, 344 MB, 1.15 load
[runlim] sample:		2559.79 time, 2560.01 real, 344 MB, 1.12 load
[runlim] sample:		2569.79 time, 2570.01 real, 344 MB, 1.10 load
[runlim] sample:		2579.79 time, 2580.01 real, 344 MB, 1.09 load
[runlim] sample:		2589.79 time, 2590.01 real, 344 MB, 1.07 load
[runlim] sample:		2599.79 time, 2600.01 real, 344 MB, 1.06 load
[runlim] sample:		2609.79 time, 2610.01 real, 344 MB, 1.05 load
[runlim] sample:		2619.79 time, 2620.01 real, 344 MB, 1.04 load
[runlim] sample:		2629.79 time, 2630.01 real, 344 MB, 1.04 load
[runlim] sample:		2639.79 time, 2640.01 real, 344 MB, 1.03 load
[runlim] sample:		2649.79 time, 2650.01 real, 344 MB, 1.02 load
[runlim] sample:		2659.79 time, 2660.01 real, 344 MB, 1.02 load
[runlim] sample:		2669.79 time, 2670.01 real, 345 MB, 1.02 load
[runlim] sample:		2679.79 time, 2680.01 real, 345 MB, 1.01 load
[runlim] sample:		2689.79 time, 2690.01 real, 347 MB, 1.01 load
[runlim] sample:		2699.79 time, 2700.01 real, 347 MB, 1.01 load
[runlim] sample:		2709.78 time, 2710.01 real, 348 MB, 1.01 load
[runlim] sample:		2719.78 time, 2720.01 real, 348 MB, 1.01 load
[runlim] sample:		2729.79 time, 2730.01 real, 351 MB, 1.00 load
[runlim] sample:		2739.78 time, 2740.01 real, 351 MB, 1.00 load
[runlim] sample:		2749.79 time, 2750.01 real, 355 MB, 1.00 load
[runlim] sample:		2759.78 time, 2760.01 real, 346 MB, 1.00 load
[runlim] sample:		2769.78 time, 2770.01 real, 346 MB, 1.00 load
[runlim] sample:		2779.78 time, 2780.01 real, 346 MB, 1.00 load
[runlim] sample:		2789.78 time, 2790.01 real, 346 MB, 1.00 load
[runlim] sample:		2799.78 time, 2800.01 real, 349 MB, 1.07 load
[runlim] sample:		2809.78 time, 2810.01 real, 349 MB, 1.06 load
[runlim] sample:		2819.78 time, 2820.01 real, 348 MB, 1.05 load
[runlim] sample:		2829.78 time, 2830.01 real, 348 MB, 1.04 load
[runlim] sample:		2839.78 time, 2840.01 real, 345 MB, 1.04 load
[runlim] sample:		2849.78 time, 2850.01 real, 345 MB, 1.03 load
[runlim] sample:		2859.78 time, 2860.01 real, 347 MB, 1.02 load
[runlim] sample:		2869.78 time, 2870.01 real, 347 MB, 1.02 load
[runlim] sample:		2879.78 time, 2880.01 real, 352 MB, 1.02 load
[runlim] sample:		2889.78 time, 2890.01 real, 352 MB, 1.01 load
[runlim] sample:		2899.78 time, 2900.01 real, 349 MB, 1.01 load
[runlim] sample:		2909.78 time, 2910.01 real, 349 MB, 1.01 load
[runlim] sample:		2919.77 time, 2920.01 real, 356 MB, 1.01 load
[runlim] sample:		2929.77 time, 2930.01 real, 356 MB, 1.01 load
[runlim] sample:		2939.77 time, 2940.01 real, 356 MB, 1.00 load
[runlim] sample:		2949.77 time, 2950.01 real, 358 MB, 1.00 load
[runlim] sample:		2959.77 time, 2960.01 real, 358 MB, 1.00 load
[runlim] sample:		2969.77 time, 2970.01 real, 358 MB, 1.00 load
[runlim] sample:		2979.77 time, 2980.01 real, 352 MB, 1.00 load
[runlim] sample:		2989.77 time, 2990.01 real, 352 MB, 1.00 load
[runlim] sample:		2999.76 time, 3000.01 real, 350 MB, 1.00 load
[runlim] sample:		3009.77 time, 3010.01 real, 349 MB, 1.00 load
[runlim] sample:		3019.77 time, 3020.01 real, 349 MB, 1.00 load
[runlim] sample:		3029.77 time, 3030.01 real, 349 MB, 1.00 load
[runlim] sample:		3039.77 time, 3040.01 real, 349 MB, 1.00 load
[runlim] sample:		3049.77 time, 3050.01 real, 346 MB, 1.08 load
[runlim] sample:		3059.77 time, 3060.01 real, 346 MB, 1.07 load
[runlim] sample:		3069.76 time, 3070.01 real, 346 MB, 1.06 load
[runlim] sample:		3079.76 time, 3080.01 real, 346 MB, 1.05 load
[runlim] sample:		3089.76 time, 3090.01 real, 346 MB, 1.04 load
[runlim] sample:		3099.76 time, 3100.01 real, 346 MB, 1.03 load
[runlim] sample:		3109.76 time, 3110.01 real, 346 MB, 1.03 load
[runlim] sample:		3119.76 time, 3120.01 real, 346 MB, 1.02 load
[runlim] sample:		3129.76 time, 3130.01 real, 347 MB, 1.02 load
[runlim] sample:		3139.72 time, 3140.01 real, 347 MB, 1.10 load
[runlim] sample:		3149.72 time, 3150.01 real, 347 MB, 1.08 load
[runlim] sample:		3159.72 time, 3160.01 real, 347 MB, 1.07 load
[runlim] sample:		3169.73 time, 3170.01 real, 349 MB, 1.06 load
[runlim] sample:		3179.72 time, 3180.01 real, 350 MB, 1.05 load
[runlim] sample:		3189.72 time, 3190.01 real, 350 MB, 1.04 load
[runlim] sample:		3199.72 time, 3200.01 real, 350 MB, 1.03 load
[runlim] sample:		3209.72 time, 3210.01 real, 350 MB, 1.03 load
[runlim] sample:		3219.72 time, 3220.01 real, 350 MB, 1.02 load
[runlim] sample:		3229.72 time, 3230.01 real, 350 MB, 1.02 load
[runlim] sample:		3239.72 time, 3240.01 real, 350 MB, 1.02 load
[runlim] sample:		3249.72 time, 3250.01 real, 351 MB, 1.01 load
[runlim] sample:		3259.72 time, 3260.01 real, 351 MB, 1.01 load
[runlim] sample:		3269.72 time, 3270.01 real, 351 MB, 1.01 load
[runlim] sample:		3279.72 time, 3280.01 real, 351 MB, 1.01 load
[runlim] sample:		3289.72 time, 3290.01 real, 351 MB, 1.00 load
[runlim] sample:		3299.72 time, 3300.01 real, 351 MB, 1.00 load
[runlim] sample:		3309.72 time, 3310.01 real, 351 MB, 1.00 load
[runlim] sample:		3319.72 time, 3320.01 real, 352 MB, 1.00 load
[runlim] sample:		3329.72 time, 3330.01 real, 352 MB, 1.00 load
[runlim] sample:		3339.72 time, 3340.01 real, 352 MB, 1.00 load
[runlim] sample:		3349.72 time, 3350.01 real, 352 MB, 1.00 load
[runlim] sample:		3359.71 time, 3360.01 real, 352 MB, 1.00 load
[runlim] sample:		3369.71 time, 3370.01 real, 352 MB, 1.00 load
[runlim] sample:		3379.71 time, 3380.01 real, 352 MB, 1.00 load
[runlim] sample:		3389.71 time, 3390.01 real, 352 MB, 1.00 load
[runlim] sample:		3399.71 time, 3400.01 real, 352 MB, 1.00 load
[runlim] sample:		3409.71 time, 3410.01 real, 353 MB, 1.00 load
[runlim] sample:		3419.71 time, 3420.01 real, 353 MB, 1.00 load
[runlim] sample:		3429.71 time, 3430.01 real, 353 MB, 1.07 load
[runlim] sample:		3439.71 time, 3440.01 real, 353 MB, 1.06 load
[runlim] sample:		3449.71 time, 3450.01 real, 353 MB, 1.05 load
[runlim] sample:		3459.71 time, 3460.01 real, 353 MB, 1.04 load
[runlim] sample:		3469.71 time, 3470.01 real, 354 MB, 1.04 load
[runlim] sample:		3479.70 time, 3480.01 real, 354 MB, 1.03 load
[runlim] sample:		3489.70 time, 3490.01 real, 354 MB, 1.02 load
[runlim] sample:		3499.70 time, 3500.01 real, 354 MB, 1.02 load
[runlim] sample:		3509.71 time, 3510.01 real, 354 MB, 1.02 load
[runlim] sample:		3519.71 time, 3520.01 real, 354 MB, 1.01 load
[runlim] sample:		3529.71 time, 3530.01 real, 354 MB, 1.01 load
[runlim] sample:		3539.71 time, 3540.01 real, 354 MB, 1.01 load
[runlim] sample:		3549.70 time, 3550.01 real, 354 MB, 1.09 load
[runlim] sample:		3559.70 time, 3560.01 real, 354 MB, 1.15 load
[runlim] sample:		3569.71 time, 3570.01 real, 354 MB, 1.12 load
[runlim] sample:		3579.71 time, 3580.01 real, 354 MB, 1.11 load
[runlim] sample:		3589.70 time, 3590.01 real, 354 MB, 1.09 load
[runlim] sample:		3599.70 time, 3600.01 real, 354 MB, 1.07 load
[runlim] end:			Wed Aug 26 18:37:15 2026
[runlim] status:		out of time
[runlim] result:		2
[runlim] children:		1
[runlim] processes:		2
[runlim] real:			3601.04 seconds
[runlim] time:			3599.70 seconds
[runlim] space:			441 MB
[runlim] load:			1.75 maximum
[runlim] samples:		36000
