[runlim] version:		2.0.0rc12
[runlim] host:			fjssp-instance
[runlim] time limit:		311040000 seconds
[runlim] real time limit:	3600 seconds
[runlim] space limit:		14000 MB
[runlim] argv[0]:		python3
[runlim] argv[1]:		-u
[runlim] argv[2]:		main.py
[runlim] argv[3]:		--input
[runlim] argv[4]:		datasets/rdata/la11.txt
[runlim] argv[5]:		--sb
[runlim] argv[6]:		--factories
[runlim] argv[7]:		2
[runlim] argv[8]:		--full_transitive
[runlim] start:			Tue Aug 25 19:02:41 2026
[runlim] child:			7704
[*] Loading data from file: datasets/rdata/la11.txt
[*] Running D-FJSSP SAT Solver with 2 factories, Symmetry Breaking = ON, Transitive E* = FULL
===========================================================================
 D-FJSSP SAT SOLVER - PARALLEL FACTORIES SCHEDULING
===========================================================================
  -> Operations: 100 | Jobs: 20 | Machines: 5 | Factories: 2

[*] Running Greedy Heuristic...
  -> Greedy Solution: Makespan = 688 (0.0003s)

[*] Initializing and solving the SAT model...
------------------------------------------------------------------
[*] Trying with Upper Bound = 688...
  SAT ! Makespan = 688
  Schedule is valid with Makespan = 688
  Total time: 2.4041 seconds
------------------------------------------------------------------
[*] Trying with Upper Bound = 687...
  SAT ! Makespan = 687
  Schedule is valid with Makespan = 687
  Total time: 2.4599 seconds
------------------------------------------------------------------
[*] Trying with Upper Bound = 686...
  SAT ! Makespan = 686
  Schedule is valid with Makespan = 686
  Total time: 2.4895 seconds
------------------------------------------------------------------
[*] Trying with Upper Bound = 685...
  SAT ! Makespan = 685
  Schedule is valid with Makespan = 685
  Total time: 2.5097 seconds
------------------------------------------------------------------
[*] Trying with Upper Bound = 684...
  SAT ! Makespan = 684
  Schedule is valid with Makespan = 684
  Total time: 2.5271 seconds
------------------------------------------------------------------
[*] Trying with Upper Bound = 683...
  SAT ! Makespan = 683
  Schedule is valid with Makespan = 683
  Total time: 2.5406 seconds
------------------------------------------------------------------
[*] Trying with Upper Bound = 682...
  SAT ! Makespan = 682
  Schedule is valid with Makespan = 682
  Total time: 2.5539 seconds
------------------------------------------------------------------
[*] Trying with Upper Bound = 681...
  SAT ! Makespan = 681
  Schedule is valid with Makespan = 681
  Total time: 2.5668 seconds
------------------------------------------------------------------
[*] Trying with Upper Bound = 680...
  SAT ! Makespan = 680
  Schedule is valid with Makespan = 680
  Total time: 2.5799 seconds
------------------------------------------------------------------
[*] Trying with Upper Bound = 679...
  SAT ! Makespan = 679
  Schedule is valid with Makespan = 679
  Total time: 2.5929 seconds
------------------------------------------------------------------
[*] Trying with Upper Bound = 678...
  SAT ! Makespan = 678
  Schedule is valid with Makespan = 678
  Total time: 2.6061 seconds
------------------------------------------------------------------
[*] Trying with Upper Bound = 677...
  SAT ! Makespan = 677
  Schedule is valid with Makespan = 677
  Total time: 2.6193 seconds
------------------------------------------------------------------
[*] Trying with Upper Bound = 676...
  SAT ! Makespan = 676
  Schedule is valid with Makespan = 676
  Total time: 2.6325 seconds
------------------------------------------------------------------
[*] Trying with Upper Bound = 675...
  SAT ! Makespan = 675
  Schedule is valid with Makespan = 675
  Total time: 2.6455 seconds
------------------------------------------------------------------
[*] Trying with Upper Bound = 674...
  SAT ! Makespan = 674
  Schedule is valid with Makespan = 674
  Total time: 2.6591 seconds
------------------------------------------------------------------
[*] Trying with Upper Bound = 673...
  SAT ! Makespan = 673
  Schedule is valid with Makespan = 673
  Total time: 2.6722 seconds
------------------------------------------------------------------
[*] Trying with Upper Bound = 672...
  SAT ! Makespan = 672
  Schedule is valid with Makespan = 672
  Total time: 3.1189 seconds
------------------------------------------------------------------
[*] Trying with Upper Bound = 671...
  SAT ! Makespan = 671
  Schedule is valid with Makespan = 671
  Total time: 3.1492 seconds
------------------------------------------------------------------
[*] Trying with Upper Bound = 670...
  SAT ! Makespan = 670
  Schedule is valid with Makespan = 670
  Total time: 3.1651 seconds
------------------------------------------------------------------
[*] Trying with Upper Bound = 669...
  SAT ! Makespan = 669
  Schedule is valid with Makespan = 669
  Total time: 3.1797 seconds
------------------------------------------------------------------
[*] Trying with Upper Bound = 668...
  SAT ! Makespan = 668
  Schedule is valid with Makespan = 668
  Total time: 3.1943 seconds
------------------------------------------------------------------
[*] Trying with Upper Bound = 667...
  SAT ! Makespan = 667
  Schedule is valid with Makespan = 667
  Total time: 3.2091 seconds
------------------------------------------------------------------
[*] Trying with Upper Bound = 666...
  SAT ! Makespan = 666
  Schedule is valid with Makespan = 666
  Total time: 3.2235 seconds
------------------------------------------------------------------
[*] Trying with Upper Bound = 665...
  SAT ! Makespan = 665
  Schedule is valid with Makespan = 665
  Total time: 3.2380 seconds
------------------------------------------------------------------
[*] Trying with Upper Bound = 664...
  SAT ! Makespan = 664
  Schedule is valid with Makespan = 664
  Total time: 3.2523 seconds
------------------------------------------------------------------
[*] Trying with Upper Bound = 663...
  SAT ! Makespan = 663
  Schedule is valid with Makespan = 663
  Total time: 3.2666 seconds
------------------------------------------------------------------
[*] Trying with Upper Bound = 662...
  SAT ! Makespan = 662
  Schedule is valid with Makespan = 662
  Total time: 3.2811 seconds
------------------------------------------------------------------
[*] Trying with Upper Bound = 661...
  SAT ! Makespan = 661
  Schedule is valid with Makespan = 661
  Total time: 3.2955 seconds
------------------------------------------------------------------
[*] Trying with Upper Bound = 660...
  SAT ! Makespan = 660
  Schedule is valid with Makespan = 660
  Total time: 3.3580 seconds
------------------------------------------------------------------
[*] Trying with Upper Bound = 659...
  SAT ! Makespan = 659
  Schedule is valid with Makespan = 659
  Total time: 3.3758 seconds
------------------------------------------------------------------
[*] Trying with Upper Bound = 658...
  SAT ! Makespan = 658
  Schedule is valid with Makespan = 658
  Total time: 3.3919 seconds
------------------------------------------------------------------
[*] Trying with Upper Bound = 657...
  SAT ! Makespan = 657
  Schedule is valid with Makespan = 657
  Total time: 3.4068 seconds
------------------------------------------------------------------
[*] Trying with Upper Bound = 656...
  SAT ! Makespan = 656
  Schedule is valid with Makespan = 656
  Total time: 3.4212 seconds
------------------------------------------------------------------
[*] Trying with Upper Bound = 655...
  SAT ! Makespan = 655
  Schedule is valid with Makespan = 655
  Total time: 3.4354 seconds
------------------------------------------------------------------
[*] Trying with Upper Bound = 654...
  SAT ! Makespan = 654
  Schedule is valid with Makespan = 654
  Total time: 3.4691 seconds
------------------------------------------------------------------
[*] Trying with Upper Bound = 653...
  SAT ! Makespan = 653
  Schedule is valid with Makespan = 653
  Total time: 3.4845 seconds
------------------------------------------------------------------
[*] Trying with Upper Bound = 652...
  SAT ! Makespan = 652
  Schedule is valid with Makespan = 652
  Total time: 4.3035 seconds
------------------------------------------------------------------
[*] Trying with Upper Bound = 651...
  SAT ! Makespan = 651
  Schedule is valid with Makespan = 651
  Total time: 4.6525 seconds
------------------------------------------------------------------
[*] Trying with Upper Bound = 650...
  SAT ! Makespan = 650
  Schedule is valid with Makespan = 650
  Total time: 4.6746 seconds
------------------------------------------------------------------
[*] Trying with Upper Bound = 649...
  SAT ! Makespan = 649
  Schedule is valid with Makespan = 649
  Total time: 4.6879 seconds
------------------------------------------------------------------
[*] Trying with Upper Bound = 648...
  SAT ! Makespan = 648
  Schedule is valid with Makespan = 648
  Total time: 4.7012 seconds
------------------------------------------------------------------
[*] Trying with Upper Bound = 647...
  SAT ! Makespan = 647
  Schedule is valid with Makespan = 647
  Total time: 4.7140 seconds
------------------------------------------------------------------
[*] Trying with Upper Bound = 646...
  SAT ! Makespan = 646
  Schedule is valid with Makespan = 646
  Total time: 4.7267 seconds
------------------------------------------------------------------
[*] Trying with Upper Bound = 645...
  SAT ! Makespan = 645
  Schedule is valid with Makespan = 645
  Total time: 4.7395 seconds
------------------------------------------------------------------
[*] Trying with Upper Bound = 644...
  SAT ! Makespan = 644
  Schedule is valid with Makespan = 644
  Total time: 4.9463 seconds
------------------------------------------------------------------
[*] Trying with Upper Bound = 643...
  SAT ! Makespan = 643
  Schedule is valid with Makespan = 643
  Total time: 4.9644 seconds
------------------------------------------------------------------
[*] Trying with Upper Bound = 642...
  SAT ! Makespan = 642
  Schedule is valid with Makespan = 642
  Total time: 4.9774 seconds
------------------------------------------------------------------
[*] Trying with Upper Bound = 641...
  SAT ! Makespan = 641
  Schedule is valid with Makespan = 641
  Total time: 9.1447 seconds
------------------------------------------------------------------
[*] Trying with Upper Bound = 640...
  SAT ! Makespan = 640
  Schedule is valid with Makespan = 640
  Total time: 9.6639 seconds
------------------------------------------------------------------
[*] Trying with Upper Bound = 639...
[runlim] sample:		9.99 time, 10.01 real, 330 MB, 1.02 load
  SAT ! Makespan = 639
  Schedule is valid with Makespan = 639
  Total time: 10.1853 seconds
------------------------------------------------------------------
[*] Trying with Upper Bound = 638...
  SAT ! Makespan = 638
  Schedule is valid with Makespan = 638
  Total time: 10.7028 seconds
------------------------------------------------------------------
[*] Trying with Upper Bound = 637...
  SAT ! Makespan = 637
  Schedule is valid with Makespan = 637
  Total time: 11.1535 seconds
------------------------------------------------------------------
[*] Trying with Upper Bound = 636...
  SAT ! Makespan = 636
  Schedule is valid with Makespan = 636
  Total time: 11.3485 seconds
------------------------------------------------------------------
[*] Trying with Upper Bound = 635...
  SAT ! Makespan = 635
  Schedule is valid with Makespan = 635
  Total time: 11.9581 seconds
------------------------------------------------------------------
[*] Trying with Upper Bound = 634...
  SAT ! Makespan = 634
  Schedule is valid with Makespan = 634
  Total time: 15.3705 seconds
------------------------------------------------------------------
[*] Trying with Upper Bound = 633...
  SAT ! Makespan = 633
  Schedule is valid with Makespan = 633
  Total time: 15.5840 seconds
------------------------------------------------------------------
[*] Trying with Upper Bound = 632...
  SAT ! Makespan = 632
  Schedule is valid with Makespan = 632
  Total time: 16.9608 seconds
------------------------------------------------------------------
[*] Trying with Upper Bound = 631...
  SAT ! Makespan = 631
  Schedule is valid with Makespan = 631
  Total time: 17.3507 seconds
------------------------------------------------------------------
[*] Trying with Upper Bound = 630...
  SAT ! Makespan = 630
  Schedule is valid with Makespan = 630
  Total time: 17.7737 seconds
------------------------------------------------------------------
[*] Trying with Upper Bound = 629...
  SAT ! Makespan = 629
  Schedule is valid with Makespan = 629
  Total time: 19.5043 seconds
------------------------------------------------------------------
[*] Trying with Upper Bound = 628...
[runlim] sample:		19.99 time, 20.01 real, 363 MB, 1.02 load
  SAT ! Makespan = 628
  Schedule is valid with Makespan = 628
  Total time: 20.0898 seconds
------------------------------------------------------------------
[*] Trying with Upper Bound = 627...
  SAT ! Makespan = 627
  Schedule is valid with Makespan = 627
  Total time: 20.6630 seconds
------------------------------------------------------------------
[*] Trying with Upper Bound = 626...
  SAT ! Makespan = 626
  Schedule is valid with Makespan = 626
  Total time: 21.2268 seconds
------------------------------------------------------------------
[*] Trying with Upper Bound = 625...
  SAT ! Makespan = 625
  Schedule is valid with Makespan = 625
  Total time: 24.1081 seconds
------------------------------------------------------------------
[*] Trying with Upper Bound = 624...
  SAT ! Makespan = 624
  Schedule is valid with Makespan = 624
  Total time: 24.7672 seconds
------------------------------------------------------------------
[*] Trying with Upper Bound = 623...
  SAT ! Makespan = 623
  Schedule is valid with Makespan = 623
  Total time: 25.7229 seconds
------------------------------------------------------------------
[*] Trying with Upper Bound = 622...
  SAT ! Makespan = 622
  Schedule is valid with Makespan = 622
  Total time: 26.3466 seconds
------------------------------------------------------------------
[*] Trying with Upper Bound = 621...
  SAT ! Makespan = 621
  Schedule is valid with Makespan = 621
  Total time: 26.5171 seconds
------------------------------------------------------------------
[*] Trying with Upper Bound = 620...
  SAT ! Makespan = 620
  Schedule is valid with Makespan = 620
  Total time: 26.6573 seconds
------------------------------------------------------------------
[*] Trying with Upper Bound = 619...
  SAT ! Makespan = 619
  Schedule is valid with Makespan = 619
  Total time: 29.1166 seconds
------------------------------------------------------------------
[*] Trying with Upper Bound = 618...
  SAT ! Makespan = 618
  Schedule is valid with Makespan = 618
  Total time: 29.4312 seconds
------------------------------------------------------------------
[*] Trying with Upper Bound = 617...
  SAT ! Makespan = 617
  Schedule is valid with Makespan = 617
  Total time: 29.5814 seconds
------------------------------------------------------------------
[*] Trying with Upper Bound = 616...
  SAT ! Makespan = 616
  Schedule is valid with Makespan = 616
  Total time: 29.7046 seconds
------------------------------------------------------------------
[*] Trying with Upper Bound = 615...
  SAT ! Makespan = 615
  Schedule is valid with Makespan = 615
  Total time: 29.8207 seconds
------------------------------------------------------------------
[*] Trying with Upper Bound = 614...
[runlim] sample:		29.99 time, 30.01 real, 344 MB, 1.01 load
  SAT ! Makespan = 614
  Schedule is valid with Makespan = 614
  Total time: 30.7081 seconds
------------------------------------------------------------------
[*] Trying with Upper Bound = 613...
  SAT ! Makespan = 613
  Schedule is valid with Makespan = 613
  Total time: 31.0612 seconds
------------------------------------------------------------------
[*] Trying with Upper Bound = 612...
  SAT ! Makespan = 612
  Schedule is valid with Makespan = 612
  Total time: 31.5193 seconds
------------------------------------------------------------------
[*] Trying with Upper Bound = 611...
  SAT ! Makespan = 611
  Schedule is valid with Makespan = 611
  Total time: 33.0916 seconds
------------------------------------------------------------------
[*] Trying with Upper Bound = 610...
  SAT ! Makespan = 610
  Schedule is valid with Makespan = 610
  Total time: 33.2259 seconds
------------------------------------------------------------------
[*] Trying with Upper Bound = 609...
  SAT ! Makespan = 609
  Schedule is valid with Makespan = 609
  Total time: 33.3390 seconds
------------------------------------------------------------------
[*] Trying with Upper Bound = 608...
  SAT ! Makespan = 608
  Schedule is valid with Makespan = 608
  Total time: 37.1473 seconds
------------------------------------------------------------------
[*] Trying with Upper Bound = 607...
  SAT ! Makespan = 607
  Schedule is valid with Makespan = 607
  Total time: 39.2768 seconds
------------------------------------------------------------------
[*] Trying with Upper Bound = 606...
  SAT ! Makespan = 606
  Schedule is valid with Makespan = 606
  Total time: 39.4286 seconds
------------------------------------------------------------------
[*] Trying with Upper Bound = 605...
[runlim] sample:		39.99 time, 40.01 real, 320 MB, 1.01 load
  SAT ! Makespan = 605
  Schedule is valid with Makespan = 605
  Total time: 40.9007 seconds
------------------------------------------------------------------
[*] Trying with Upper Bound = 604...
  SAT ! Makespan = 604
  Schedule is valid with Makespan = 604
  Total time: 42.5710 seconds
------------------------------------------------------------------
[*] Trying with Upper Bound = 603...
  SAT ! Makespan = 603
  Schedule is valid with Makespan = 603
  Total time: 42.6880 seconds
------------------------------------------------------------------
[*] Trying with Upper Bound = 602...
  SAT ! Makespan = 602
  Schedule is valid with Makespan = 602
  Total time: 43.2379 seconds
------------------------------------------------------------------
[*] Trying with Upper Bound = 601...
  SAT ! Makespan = 601
  Schedule is valid with Makespan = 601
  Total time: 44.7451 seconds
------------------------------------------------------------------
[*] Trying with Upper Bound = 600...
  SAT ! Makespan = 600
  Schedule is valid with Makespan = 600
  Total time: 45.0646 seconds
------------------------------------------------------------------
[*] Trying with Upper Bound = 599...
  SAT ! Makespan = 599
  Schedule is valid with Makespan = 599
  Total time: 46.6662 seconds
------------------------------------------------------------------
[*] Trying with Upper Bound = 598...
  SAT ! Makespan = 598
  Schedule is valid with Makespan = 598
  Total time: 47.2180 seconds
------------------------------------------------------------------
[*] Trying with Upper Bound = 597...
[runlim] sample:		49.98 time, 50.01 real, 336 MB, 1.01 load
  SAT ! Makespan = 597
  Schedule is valid with Makespan = 597
  Total time: 50.1088 seconds
------------------------------------------------------------------
[*] Trying with Upper Bound = 596...
  SAT ! Makespan = 596
  Schedule is valid with Makespan = 596
  Total time: 50.5394 seconds
------------------------------------------------------------------
[*] Trying with Upper Bound = 595...
  SAT ! Makespan = 595
  Schedule is valid with Makespan = 595
  Total time: 52.0250 seconds
------------------------------------------------------------------
[*] Trying with Upper Bound = 594...
  SAT ! Makespan = 594
  Schedule is valid with Makespan = 594
  Total time: 53.6481 seconds
------------------------------------------------------------------
[*] Trying with Upper Bound = 593...
  SAT ! Makespan = 593
  Schedule is valid with Makespan = 593
  Total time: 54.3051 seconds
------------------------------------------------------------------
[*] Trying with Upper Bound = 592...
  SAT ! Makespan = 592
  Schedule is valid with Makespan = 592
  Total time: 54.6743 seconds
------------------------------------------------------------------
[*] Trying with Upper Bound = 591...
  SAT ! Makespan = 591
  Schedule is valid with Makespan = 591
  Total time: 56.0356 seconds
------------------------------------------------------------------
[*] Trying with Upper Bound = 590...
  SAT ! Makespan = 590
  Schedule is valid with Makespan = 590
  Total time: 56.4842 seconds
------------------------------------------------------------------
[*] Trying with Upper Bound = 589...
  SAT ! Makespan = 589
  Schedule is valid with Makespan = 589
  Total time: 57.6959 seconds
------------------------------------------------------------------
[*] Trying with Upper Bound = 588...
[runlim] sample:		59.99 time, 60.01 real, 341 MB, 1.01 load
  SAT ! Makespan = 588
  Schedule is valid with Makespan = 588
  Total time: 60.6069 seconds
------------------------------------------------------------------
[*] Trying with Upper Bound = 587...
  SAT ! Makespan = 587
  Schedule is valid with Makespan = 587
  Total time: 61.9671 seconds
------------------------------------------------------------------
[*] Trying with Upper Bound = 586...
  SAT ! Makespan = 586
  Schedule is valid with Makespan = 586
  Total time: 62.4903 seconds
------------------------------------------------------------------
[*] Trying with Upper Bound = 585...
  SAT ! Makespan = 585
  Schedule is valid with Makespan = 585
  Total time: 64.1382 seconds
------------------------------------------------------------------
[*] Trying with Upper Bound = 584...
  SAT ! Makespan = 584
  Schedule is valid with Makespan = 584
  Total time: 64.5625 seconds
------------------------------------------------------------------
[*] Trying with Upper Bound = 583...
  SAT ! Makespan = 583
  Schedule is valid with Makespan = 583
  Total time: 65.7876 seconds
------------------------------------------------------------------
[*] Trying with Upper Bound = 582...
  SAT ! Makespan = 582
  Schedule is valid with Makespan = 582
  Total time: 67.1324 seconds
------------------------------------------------------------------
[*] Trying with Upper Bound = 581...
  SAT ! Makespan = 581
  Schedule is valid with Makespan = 581
  Total time: 68.5090 seconds
------------------------------------------------------------------
[*] Trying with Upper Bound = 580...
[runlim] sample:		69.99 time, 70.01 real, 315 MB, 1.01 load
  SAT ! Makespan = 580
  Schedule is valid with Makespan = 580
  Total time: 75.6385 seconds
------------------------------------------------------------------
[*] Trying with Upper Bound = 579...
  SAT ! Makespan = 579
  Schedule is valid with Makespan = 579
  Total time: 76.9744 seconds
------------------------------------------------------------------
[*] Trying with Upper Bound = 578...
  SAT ! Makespan = 578
  Schedule is valid with Makespan = 578
  Total time: 78.4366 seconds
------------------------------------------------------------------
[*] Trying with Upper Bound = 577...
[runlim] sample:		79.99 time, 80.01 real, 330 MB, 1.00 load
  SAT ! Makespan = 577
  Schedule is valid with Makespan = 577
  Total time: 80.1547 seconds
------------------------------------------------------------------
[*] Trying with Upper Bound = 576...
  SAT ! Makespan = 576
  Schedule is valid with Makespan = 576
  Total time: 82.7050 seconds
------------------------------------------------------------------
[*] Trying with Upper Bound = 575...
  SAT ! Makespan = 575
  Schedule is valid with Makespan = 575
  Total time: 84.4257 seconds
------------------------------------------------------------------
[*] Trying with Upper Bound = 574...
  SAT ! Makespan = 574
  Schedule is valid with Makespan = 574
  Total time: 84.5672 seconds
------------------------------------------------------------------
[*] Trying with Upper Bound = 573...
[runlim] sample:		89.98 time, 90.01 real, 329 MB, 1.00 load
  SAT ! Makespan = 573
  Schedule is valid with Makespan = 573
  Total time: 92.5620 seconds
------------------------------------------------------------------
[*] Trying with Upper Bound = 572...
  SAT ! Makespan = 572
  Schedule is valid with Makespan = 572
  Total time: 94.5195 seconds
------------------------------------------------------------------
[*] Trying with Upper Bound = 571...
  SAT ! Makespan = 571
  Schedule is valid with Makespan = 571
  Total time: 96.9567 seconds
------------------------------------------------------------------
[*] Trying with Upper Bound = 570...
[runlim] sample:		99.98 time, 100.01 real, 330 MB, 1.00 load
  SAT ! Makespan = 570
  Schedule is valid with Makespan = 570
  Total time: 103.6474 seconds
------------------------------------------------------------------
[*] Trying with Upper Bound = 569...
  SAT ! Makespan = 569
  Schedule is valid with Makespan = 569
  Total time: 105.3003 seconds
------------------------------------------------------------------
[*] Trying with Upper Bound = 568...
  SAT ! Makespan = 568
  Schedule is valid with Makespan = 568
  Total time: 108.4359 seconds
------------------------------------------------------------------
[*] Trying with Upper Bound = 567...
[runlim] sample:		109.98 time, 110.01 real, 331 MB, 1.00 load
[runlim] sample:		119.98 time, 120.01 real, 333 MB, 1.00 load
[runlim] sample:		129.98 time, 130.01 real, 329 MB, 1.00 load
  SAT ! Makespan = 567
  Schedule is valid with Makespan = 567
  Total time: 132.4530 seconds
------------------------------------------------------------------
[*] Trying with Upper Bound = 566...
  SAT ! Makespan = 566
  Schedule is valid with Makespan = 566
  Total time: 134.5904 seconds
------------------------------------------------------------------
[*] Trying with Upper Bound = 565...
[runlim] sample:		139.98 time, 140.01 real, 331 MB, 1.00 load
  SAT ! Makespan = 565
  Schedule is valid with Makespan = 565
  Total time: 142.8669 seconds
------------------------------------------------------------------
[*] Trying with Upper Bound = 564...
  SAT ! Makespan = 564
  Schedule is valid with Makespan = 564
  Total time: 144.8662 seconds
------------------------------------------------------------------
[*] Trying with Upper Bound = 563...
  SAT ! Makespan = 563
  Schedule is valid with Makespan = 563
  Total time: 145.0065 seconds
------------------------------------------------------------------
[*] Trying with Upper Bound = 562...
  SAT ! Makespan = 562
  Schedule is valid with Makespan = 562
  Total time: 149.0520 seconds
------------------------------------------------------------------
[*] Trying with Upper Bound = 561...
[runlim] sample:		149.98 time, 150.01 real, 331 MB, 1.00 load
  SAT ! Makespan = 561
  Schedule is valid with Makespan = 561
  Total time: 151.3748 seconds
------------------------------------------------------------------
[*] Trying with Upper Bound = 560...
  SAT ! Makespan = 560
  Schedule is valid with Makespan = 560
  Total time: 154.2387 seconds
------------------------------------------------------------------
[*] Trying with Upper Bound = 559...
  SAT ! Makespan = 559
  Schedule is valid with Makespan = 559
  Total time: 155.8773 seconds
------------------------------------------------------------------
[*] Trying with Upper Bound = 558...
[runlim] sample:		159.98 time, 160.01 real, 330 MB, 1.00 load
[runlim] sample:		169.97 time, 170.01 real, 333 MB, 1.00 load
[runlim] sample:		179.97 time, 180.01 real, 329 MB, 1.00 load
  SAT ! Makespan = 558
  Schedule is valid with Makespan = 558
  Total time: 185.7150 seconds
------------------------------------------------------------------
[*] Trying with Upper Bound = 557...
[runlim] sample:		189.97 time, 190.01 real, 333 MB, 1.00 load
  SAT ! Makespan = 557
  Schedule is valid with Makespan = 557
  Total time: 192.4562 seconds
------------------------------------------------------------------
[*] Trying with Upper Bound = 556...
[runlim] sample:		199.96 time, 200.01 real, 331 MB, 1.00 load
  SAT ! Makespan = 556
  Schedule is valid with Makespan = 556
  Total time: 200.2787 seconds
------------------------------------------------------------------
[*] Trying with Upper Bound = 555...
  SAT ! Makespan = 555
  Schedule is valid with Makespan = 555
  Total time: 202.8205 seconds
------------------------------------------------------------------
[*] Trying with Upper Bound = 554...
[runlim] sample:		209.96 time, 210.01 real, 331 MB, 1.00 load
  SAT ! Makespan = 554
  Schedule is valid with Makespan = 554
  Total time: 212.4833 seconds
------------------------------------------------------------------
[*] Trying with Upper Bound = 553...
[runlim] sample:		219.96 time, 220.01 real, 333 MB, 1.00 load
[runlim] sample:		229.96 time, 230.01 real, 341 MB, 1.00 load
  SAT ! Makespan = 553
  Schedule is valid with Makespan = 553
  Total time: 239.5560 seconds
------------------------------------------------------------------
[*] Trying with Upper Bound = 552...
[runlim] sample:		239.95 time, 240.01 real, 338 MB, 1.00 load
[runlim] sample:		249.96 time, 250.01 real, 340 MB, 1.00 load
[runlim] sample:		259.95 time, 260.01 real, 340 MB, 1.08 load
[runlim] sample:		269.95 time, 270.01 real, 343 MB, 1.14 load
[runlim] sample:		279.95 time, 280.01 real, 344 MB, 1.12 load
  SAT ! Makespan = 552
  Schedule is valid with Makespan = 552
  Total time: 286.3678 seconds
------------------------------------------------------------------
[*] Trying with Upper Bound = 551...
[runlim] sample:		289.95 time, 290.01 real, 347 MB, 1.10 load
[runlim] sample:		299.94 time, 300.01 real, 294 MB, 1.08 load
[runlim] sample:		309.95 time, 310.01 real, 324 MB, 1.07 load
[runlim] sample:		319.95 time, 320.01 real, 329 MB, 1.06 load
[runlim] sample:		329.95 time, 330.01 real, 331 MB, 1.05 load
[runlim] sample:		339.94 time, 340.01 real, 327 MB, 1.04 load
[runlim] sample:		349.94 time, 350.01 real, 327 MB, 1.04 load
[runlim] sample:		359.94 time, 360.01 real, 326 MB, 1.03 load
[runlim] sample:		369.95 time, 370.01 real, 327 MB, 1.02 load
[runlim] sample:		379.94 time, 380.01 real, 327 MB, 1.02 load
[runlim] sample:		389.94 time, 390.01 real, 327 MB, 1.02 load
[runlim] sample:		399.94 time, 400.01 real, 328 MB, 1.01 load
[runlim] sample:		409.94 time, 410.01 real, 339 MB, 1.01 load
[runlim] sample:		419.94 time, 420.01 real, 338 MB, 1.01 load
[runlim] sample:		429.94 time, 430.01 real, 339 MB, 1.01 load
[runlim] sample:		439.94 time, 440.01 real, 337 MB, 1.01 load
[runlim] sample:		449.94 time, 450.01 real, 337 MB, 1.00 load
[runlim] sample:		459.94 time, 460.01 real, 336 MB, 1.00 load
[runlim] sample:		469.93 time, 470.01 real, 336 MB, 1.00 load
[runlim] sample:		479.94 time, 480.01 real, 339 MB, 1.00 load
[runlim] sample:		489.93 time, 490.01 real, 335 MB, 1.00 load
[runlim] sample:		499.93 time, 500.01 real, 336 MB, 1.00 load
[runlim] sample:		509.93 time, 510.01 real, 330 MB, 1.00 load
[runlim] sample:		519.93 time, 520.01 real, 332 MB, 1.00 load
[runlim] sample:		529.93 time, 530.01 real, 332 MB, 1.00 load
[runlim] sample:		539.93 time, 540.01 real, 332 MB, 1.00 load
[runlim] sample:		549.93 time, 550.01 real, 335 MB, 1.00 load
[runlim] sample:		559.93 time, 560.01 real, 336 MB, 1.00 load
[runlim] sample:		569.92 time, 570.01 real, 336 MB, 1.00 load
[runlim] sample:		579.93 time, 580.01 real, 336 MB, 1.00 load
[runlim] sample:		589.92 time, 590.01 real, 337 MB, 1.00 load
[runlim] sample:		599.92 time, 600.01 real, 337 MB, 1.07 load
[runlim] sample:		609.92 time, 610.01 real, 337 MB, 1.06 load
[runlim] sample:		619.92 time, 620.01 real, 337 MB, 1.05 load
[runlim] sample:		629.92 time, 630.01 real, 337 MB, 1.04 load
[runlim] sample:		639.92 time, 640.01 real, 338 MB, 1.04 load
[runlim] sample:		649.92 time, 650.01 real, 338 MB, 1.03 load
[runlim] sample:		659.92 time, 660.01 real, 339 MB, 1.02 load
[runlim] sample:		669.92 time, 670.01 real, 339 MB, 1.02 load
[runlim] sample:		679.92 time, 680.01 real, 341 MB, 1.02 load
[runlim] sample:		689.92 time, 690.01 real, 341 MB, 1.01 load
[runlim] sample:		699.92 time, 700.01 real, 341 MB, 1.01 load
[runlim] sample:		709.92 time, 710.01 real, 342 MB, 1.01 load
[runlim] sample:		719.92 time, 720.01 real, 342 MB, 1.01 load
[runlim] sample:		729.92 time, 730.01 real, 342 MB, 1.01 load
[runlim] sample:		739.92 time, 740.01 real, 343 MB, 1.00 load
  SAT ! Makespan = 551
  Schedule is valid with Makespan = 551
  Total time: 747.8035 seconds
------------------------------------------------------------------
[*] Trying with Upper Bound = 550...
[runlim] sample:		749.92 time, 750.01 real, 341 MB, 1.00 load
[runlim] sample:		759.91 time, 760.01 real, 304 MB, 1.00 load
  SAT ! Makespan = 550
  Schedule is valid with Makespan = 550
  Total time: 760.1633 seconds
------------------------------------------------------------------
[*] Trying with Upper Bound = 549...
[runlim] sample:		769.91 time, 770.01 real, 304 MB, 1.08 load
[runlim] sample:		779.92 time, 780.01 real, 317 MB, 1.06 load
  SAT ! Makespan = 549
  Schedule is valid with Makespan = 549
  Total time: 789.8381 seconds
------------------------------------------------------------------
[*] Trying with Upper Bound = 548...
[runlim] sample:		789.92 time, 790.01 real, 314 MB, 1.05 load
[runlim] sample:		799.91 time, 800.01 real, 317 MB, 1.04 load
[runlim] sample:		809.92 time, 810.01 real, 346 MB, 1.04 load
[runlim] sample:		819.91 time, 820.01 real, 307 MB, 1.03 load
[runlim] sample:		829.91 time, 830.01 real, 307 MB, 1.03 load
[runlim] sample:		839.91 time, 840.01 real, 308 MB, 1.02 load
  SAT ! Makespan = 548
  Schedule is valid with Makespan = 548
  Total time: 845.7303 seconds
------------------------------------------------------------------
[*] Trying with Upper Bound = 547...
[runlim] sample:		849.91 time, 850.01 real, 313 MB, 1.02 load
[runlim] sample:		859.91 time, 860.01 real, 309 MB, 1.01 load
[runlim] sample:		869.91 time, 870.01 real, 309 MB, 1.01 load
[runlim] sample:		879.91 time, 880.01 real, 344 MB, 1.01 load
[runlim] sample:		889.91 time, 890.01 real, 344 MB, 1.08 load
[runlim] sample:		899.91 time, 900.01 real, 355 MB, 1.07 load
[runlim] sample:		909.90 time, 910.01 real, 354 MB, 1.06 load
[runlim] sample:		919.90 time, 920.01 real, 354 MB, 1.05 load
[runlim] sample:		929.91 time, 930.01 real, 344 MB, 1.04 load
[runlim] sample:		939.91 time, 940.01 real, 344 MB, 1.03 load
[runlim] sample:		949.91 time, 950.01 real, 345 MB, 1.03 load
[runlim] sample:		959.90 time, 960.01 real, 345 MB, 1.02 load
[runlim] sample:		969.91 time, 970.01 real, 346 MB, 1.02 load
[runlim] sample:		979.91 time, 980.01 real, 351 MB, 1.02 load
[runlim] sample:		989.90 time, 990.01 real, 351 MB, 1.01 load
[runlim] sample:		999.90 time, 1000.01 real, 355 MB, 1.01 load
[runlim] sample:		1009.90 time, 1010.01 real, 355 MB, 1.01 load
[runlim] sample:		1019.89 time, 1020.01 real, 356 MB, 1.01 load
[runlim] sample:		1029.89 time, 1030.01 real, 362 MB, 1.00 load
[runlim] sample:		1039.89 time, 1040.01 real, 362 MB, 1.00 load
[runlim] sample:		1049.88 time, 1050.01 real, 362 MB, 1.00 load
[runlim] sample:		1059.88 time, 1060.01 real, 362 MB, 1.00 load
  SAT ! Makespan = 547
  Schedule is valid with Makespan = 547
  Total time: 1066.9286 seconds
------------------------------------------------------------------
[*] Trying with Upper Bound = 546...
[runlim] sample:		1069.89 time, 1070.01 real, 318 MB, 1.00 load
  SAT ! Makespan = 546
  Schedule is valid with Makespan = 546
  Total time: 1075.8177 seconds
------------------------------------------------------------------
[*] Trying with Upper Bound = 545...
[runlim] sample:		1079.89 time, 1080.01 real, 353 MB, 1.00 load
[runlim] sample:		1089.89 time, 1090.01 real, 353 MB, 1.00 load
[runlim] sample:		1099.89 time, 1100.01 real, 354 MB, 1.00 load
[runlim] sample:		1109.88 time, 1110.01 real, 354 MB, 1.00 load
[runlim] sample:		1119.88 time, 1120.01 real, 351 MB, 1.00 load
[runlim] sample:		1129.88 time, 1130.01 real, 351 MB, 1.00 load
[runlim] sample:		1139.89 time, 1140.01 real, 358 MB, 1.00 load
[runlim] sample:		1149.88 time, 1150.01 real, 352 MB, 1.00 load
[runlim] sample:		1159.88 time, 1160.01 real, 353 MB, 1.00 load
[runlim] sample:		1169.89 time, 1170.01 real, 353 MB, 1.00 load
[runlim] sample:		1179.88 time, 1180.01 real, 349 MB, 1.00 load
[runlim] sample:		1189.88 time, 1190.01 real, 349 MB, 1.00 load
[runlim] sample:		1199.88 time, 1200.01 real, 350 MB, 1.00 load
[runlim] sample:		1209.88 time, 1210.01 real, 350 MB, 1.00 load
  SAT ! Makespan = 545
  Schedule is valid with Makespan = 545
  Total time: 1211.4618 seconds
------------------------------------------------------------------
[*] Trying with Upper Bound = 544...
[runlim] sample:		1219.88 time, 1220.01 real, 326 MB, 1.00 load
[runlim] sample:		1229.88 time, 1230.01 real, 326 MB, 1.00 load
[runlim] sample:		1239.87 time, 1240.01 real, 325 MB, 1.00 load
[runlim] sample:		1249.88 time, 1250.01 real, 366 MB, 1.00 load
  SAT ! Makespan = 544
  Schedule is valid with Makespan = 544
  Total time: 1257.1876 seconds
------------------------------------------------------------------
[*] Trying with Upper Bound = 543...
[runlim] sample:		1259.87 time, 1260.01 real, 317 MB, 1.00 load
[runlim] sample:		1269.87 time, 1270.01 real, 317 MB, 1.00 load
[runlim] sample:		1279.87 time, 1280.01 real, 325 MB, 1.00 load
[runlim] sample:		1289.87 time, 1290.01 real, 325 MB, 1.00 load
[runlim] sample:		1299.87 time, 1300.01 real, 325 MB, 1.00 load
[runlim] sample:		1309.87 time, 1310.01 real, 325 MB, 1.00 load
  SAT ! Makespan = 543
  Schedule is valid with Makespan = 543
  Total time: 1311.1353 seconds
------------------------------------------------------------------
[*] Trying with Upper Bound = 542...
[runlim] sample:		1319.88 time, 1320.01 real, 360 MB, 1.00 load
[runlim] sample:		1329.88 time, 1330.01 real, 360 MB, 1.00 load
[runlim] sample:		1339.87 time, 1340.01 real, 357 MB, 1.00 load
[runlim] sample:		1349.87 time, 1350.01 real, 357 MB, 1.00 load
[runlim] sample:		1359.87 time, 1360.01 real, 359 MB, 1.00 load
[runlim] sample:		1369.87 time, 1370.01 real, 364 MB, 1.00 load
[runlim] sample:		1379.87 time, 1380.01 real, 364 MB, 1.00 load
[runlim] sample:		1389.86 time, 1390.01 real, 353 MB, 1.00 load
[runlim] sample:		1399.87 time, 1400.01 real, 354 MB, 1.00 load
[runlim] sample:		1409.87 time, 1410.01 real, 354 MB, 1.00 load
[runlim] sample:		1419.87 time, 1420.01 real, 354 MB, 1.00 load
[runlim] sample:		1429.86 time, 1430.01 real, 354 MB, 1.00 load
[runlim] sample:		1439.87 time, 1440.01 real, 354 MB, 1.00 load
[runlim] sample:		1449.87 time, 1450.01 real, 355 MB, 1.00 load
[runlim] sample:		1459.87 time, 1460.01 real, 357 MB, 1.00 load
[runlim] sample:		1469.87 time, 1470.01 real, 367 MB, 1.00 load
[runlim] sample:		1479.87 time, 1480.01 real, 367 MB, 1.00 load
[runlim] sample:		1489.86 time, 1490.01 real, 369 MB, 1.00 load
[runlim] sample:		1499.86 time, 1500.01 real, 369 MB, 1.00 load
[runlim] sample:		1509.86 time, 1510.01 real, 373 MB, 1.00 load
[runlim] sample:		1519.86 time, 1520.01 real, 373 MB, 1.07 load
[runlim] sample:		1529.86 time, 1530.01 real, 371 MB, 1.06 load
[runlim] sample:		1539.86 time, 1540.01 real, 371 MB, 1.05 load
[runlim] sample:		1549.86 time, 1550.01 real, 372 MB, 1.04 load
[runlim] sample:		1559.86 time, 1560.01 real, 372 MB, 1.04 load
[runlim] sample:		1569.86 time, 1570.01 real, 372 MB, 1.03 load
[runlim] sample:		1579.86 time, 1580.01 real, 367 MB, 1.02 load
[runlim] sample:		1589.86 time, 1590.01 real, 367 MB, 1.02 load
[runlim] sample:		1599.86 time, 1600.01 real, 367 MB, 1.02 load
[runlim] sample:		1609.86 time, 1610.01 real, 358 MB, 1.01 load
[runlim] sample:		1619.85 time, 1620.01 real, 358 MB, 1.01 load
[runlim] sample:		1629.85 time, 1630.01 real, 359 MB, 1.01 load
[runlim] sample:		1639.85 time, 1640.01 real, 359 MB, 1.73 load
[runlim] sample:		1649.85 time, 1650.01 real, 359 MB, 1.62 load
[runlim] sample:		1659.85 time, 1660.01 real, 359 MB, 1.52 load
[runlim] sample:		1669.85 time, 1670.01 real, 359 MB, 1.44 load
[runlim] sample:		1679.85 time, 1680.01 real, 360 MB, 1.37 load
[runlim] sample:		1689.85 time, 1690.01 real, 360 MB, 1.31 load
[runlim] sample:		1699.85 time, 1700.01 real, 361 MB, 1.27 load
[runlim] sample:		1709.84 time, 1710.01 real, 361 MB, 1.22 load
[runlim] sample:		1719.84 time, 1720.01 real, 361 MB, 1.19 load
[runlim] sample:		1729.84 time, 1730.01 real, 361 MB, 1.16 load
[runlim] sample:		1739.84 time, 1740.01 real, 361 MB, 1.13 load
[runlim] sample:		1749.84 time, 1750.01 real, 361 MB, 1.11 load
[runlim] sample:		1759.84 time, 1760.01 real, 361 MB, 1.10 load
[runlim] sample:		1769.84 time, 1770.01 real, 362 MB, 1.08 load
[runlim] sample:		1779.84 time, 1780.01 real, 362 MB, 1.07 load
[runlim] sample:		1789.84 time, 1790.01 real, 362 MB, 1.06 load
[runlim] sample:		1799.84 time, 1800.01 real, 363 MB, 1.05 load
[runlim] sample:		1809.83 time, 1810.01 real, 363 MB, 1.04 load
[runlim] sample:		1819.83 time, 1820.01 real, 363 MB, 1.03 load
[runlim] sample:		1829.84 time, 1830.01 real, 363 MB, 1.03 load
[runlim] sample:		1839.84 time, 1840.01 real, 363 MB, 1.02 load
[runlim] sample:		1849.84 time, 1850.01 real, 363 MB, 1.02 load
[runlim] sample:		1859.84 time, 1860.01 real, 363 MB, 1.02 load
[runlim] sample:		1869.84 time, 1870.01 real, 363 MB, 1.01 load
[runlim] sample:		1879.83 time, 1880.01 real, 365 MB, 1.01 load
[runlim] sample:		1889.83 time, 1890.01 real, 365 MB, 1.01 load
[runlim] sample:		1899.83 time, 1900.01 real, 365 MB, 1.01 load
[runlim] sample:		1909.83 time, 1910.01 real, 377 MB, 1.00 load
[runlim] sample:		1919.84 time, 1920.01 real, 377 MB, 1.00 load
[runlim] sample:		1929.84 time, 1930.01 real, 378 MB, 1.00 load
[runlim] sample:		1939.84 time, 1940.01 real, 378 MB, 1.00 load
[runlim] sample:		1949.83 time, 1950.01 real, 386 MB, 1.00 load
[runlim] sample:		1959.83 time, 1960.01 real, 386 MB, 1.00 load
[runlim] sample:		1969.83 time, 1970.01 real, 386 MB, 1.00 load
[runlim] sample:		1979.83 time, 1980.01 real, 388 MB, 1.00 load
[runlim] sample:		1989.83 time, 1990.01 real, 388 MB, 1.00 load
[runlim] sample:		1999.82 time, 2000.01 real, 372 MB, 1.00 load
[runlim] sample:		2009.82 time, 2010.01 real, 372 MB, 1.00 load
[runlim] sample:		2019.82 time, 2020.01 real, 372 MB, 1.07 load
[runlim] sample:		2029.82 time, 2030.01 real, 374 MB, 1.06 load
[runlim] sample:		2039.82 time, 2040.01 real, 374 MB, 1.05 load
[runlim] sample:		2049.82 time, 2050.01 real, 374 MB, 1.04 load
[runlim] sample:		2059.82 time, 2060.01 real, 372 MB, 1.04 load
  SAT ! Makespan = 542
  Schedule is valid with Makespan = 542
  Total time: 2062.9379 seconds
------------------------------------------------------------------
[*] Trying with Upper Bound = 541...
[runlim] sample:		2069.82 time, 2070.01 real, 372 MB, 1.03 load
[runlim] sample:		2079.82 time, 2080.01 real, 341 MB, 1.02 load
[runlim] sample:		2089.82 time, 2090.01 real, 343 MB, 1.02 load
[runlim] sample:		2099.82 time, 2100.01 real, 351 MB, 1.02 load
[runlim] sample:		2109.82 time, 2110.01 real, 351 MB, 1.01 load
[runlim] sample:		2119.82 time, 2120.01 real, 384 MB, 1.01 load
[runlim] sample:		2129.82 time, 2130.01 real, 390 MB, 1.01 load
[runlim] sample:		2139.82 time, 2140.01 real, 390 MB, 1.01 load
[runlim] sample:		2149.82 time, 2150.01 real, 390 MB, 1.01 load
[runlim] sample:		2159.81 time, 2160.01 real, 382 MB, 1.00 load
[runlim] sample:		2169.81 time, 2170.01 real, 382 MB, 1.00 load
[runlim] sample:		2179.82 time, 2180.01 real, 380 MB, 1.00 load
[runlim] sample:		2189.82 time, 2190.01 real, 380 MB, 1.00 load
[runlim] sample:		2199.82 time, 2200.01 real, 380 MB, 1.00 load
[runlim] sample:		2209.82 time, 2210.01 real, 380 MB, 1.00 load
[runlim] sample:		2219.81 time, 2220.01 real, 387 MB, 1.00 load
  SAT ! Makespan = 541
  Schedule is valid with Makespan = 541
  Total time: 2225.6845 seconds
------------------------------------------------------------------
[*] Trying with Upper Bound = 540...
[runlim] sample:		2229.81 time, 2230.01 real, 387 MB, 1.00 load
[runlim] sample:		2239.81 time, 2240.01 real, 356 MB, 1.00 load
[runlim] sample:		2249.81 time, 2250.01 real, 356 MB, 1.00 load
[runlim] sample:		2259.81 time, 2260.01 real, 356 MB, 1.00 load
[runlim] sample:		2269.81 time, 2270.01 real, 359 MB, 1.00 load
[runlim] sample:		2279.81 time, 2280.01 real, 359 MB, 1.00 load
[runlim] sample:		2289.80 time, 2290.01 real, 369 MB, 1.00 load
[runlim] sample:		2299.80 time, 2300.01 real, 370 MB, 1.00 load
[runlim] sample:		2309.80 time, 2310.01 real, 370 MB, 1.00 load
[runlim] sample:		2319.80 time, 2320.01 real, 370 MB, 1.00 load
[runlim] sample:		2329.80 time, 2330.01 real, 361 MB, 1.00 load
[runlim] sample:		2339.80 time, 2340.01 real, 361 MB, 1.00 load
[runlim] sample:		2349.80 time, 2350.01 real, 361 MB, 1.07 load
[runlim] sample:		2359.80 time, 2360.01 real, 393 MB, 1.06 load
[runlim] sample:		2369.80 time, 2370.01 real, 393 MB, 1.05 load
[runlim] sample:		2379.80 time, 2380.01 real, 393 MB, 1.04 load
[runlim] sample:		2389.81 time, 2390.01 real, 399 MB, 1.04 load
[runlim] sample:		2399.80 time, 2400.01 real, 399 MB, 1.03 load
[runlim] sample:		2409.80 time, 2410.01 real, 399 MB, 1.02 load
[runlim] sample:		2419.80 time, 2420.01 real, 409 MB, 1.02 load
[runlim] sample:		2429.80 time, 2430.01 real, 409 MB, 1.02 load
[runlim] sample:		2439.80 time, 2440.01 real, 413 MB, 1.01 load
[runlim] sample:		2449.80 time, 2450.01 real, 413 MB, 1.01 load
[runlim] sample:		2459.80 time, 2460.01 real, 413 MB, 1.01 load
[runlim] sample:		2469.80 time, 2470.01 real, 416 MB, 1.01 load
[runlim] sample:		2479.80 time, 2480.01 real, 416 MB, 1.01 load
[runlim] sample:		2489.80 time, 2490.01 real, 416 MB, 1.00 load
[runlim] sample:		2499.79 time, 2500.01 real, 411 MB, 1.00 load
[runlim] sample:		2509.79 time, 2510.01 real, 411 MB, 1.00 load
[runlim] sample:		2519.79 time, 2520.01 real, 411 MB, 1.00 load
[runlim] sample:		2529.79 time, 2530.01 real, 399 MB, 1.00 load
[runlim] sample:		2539.79 time, 2540.01 real, 399 MB, 1.00 load
[runlim] sample:		2549.79 time, 2550.01 real, 399 MB, 1.00 load
[runlim] sample:		2559.79 time, 2560.01 real, 399 MB, 1.00 load
[runlim] sample:		2569.79 time, 2570.01 real, 394 MB, 1.00 load
[runlim] sample:		2579.79 time, 2580.01 real, 394 MB, 1.00 load
[runlim] sample:		2589.79 time, 2590.01 real, 394 MB, 1.00 load
[runlim] sample:		2599.79 time, 2600.01 real, 395 MB, 1.00 load
[runlim] sample:		2609.79 time, 2610.01 real, 395 MB, 1.00 load
[runlim] sample:		2619.79 time, 2620.01 real, 395 MB, 1.00 load
[runlim] sample:		2629.79 time, 2630.01 real, 395 MB, 1.00 load
[runlim] sample:		2639.79 time, 2640.01 real, 396 MB, 1.00 load
[runlim] sample:		2649.79 time, 2650.01 real, 396 MB, 1.00 load
[runlim] sample:		2659.79 time, 2660.01 real, 396 MB, 1.00 load
[runlim] sample:		2669.79 time, 2670.01 real, 396 MB, 1.00 load
[runlim] sample:		2679.78 time, 2680.01 real, 397 MB, 1.00 load
[runlim] sample:		2689.78 time, 2690.01 real, 397 MB, 1.00 load
[runlim] sample:		2699.78 time, 2700.01 real, 397 MB, 1.00 load
[runlim] sample:		2709.78 time, 2710.01 real, 397 MB, 1.00 load
[runlim] sample:		2719.78 time, 2720.01 real, 397 MB, 1.00 load
[runlim] sample:		2729.78 time, 2730.01 real, 397 MB, 1.00 load
[runlim] sample:		2739.78 time, 2740.01 real, 397 MB, 1.00 load
[runlim] sample:		2749.78 time, 2750.01 real, 398 MB, 1.00 load
[runlim] sample:		2759.78 time, 2760.01 real, 399 MB, 1.00 load
[runlim] sample:		2769.78 time, 2770.01 real, 399 MB, 1.00 load
[runlim] sample:		2779.78 time, 2780.01 real, 399 MB, 1.00 load
[runlim] sample:		2789.78 time, 2790.01 real, 400 MB, 1.00 load
[runlim] sample:		2799.78 time, 2800.01 real, 400 MB, 1.00 load
[runlim] sample:		2809.78 time, 2810.01 real, 400 MB, 1.00 load
[runlim] sample:		2819.77 time, 2820.01 real, 400 MB, 1.00 load
[runlim] sample:		2829.78 time, 2830.01 real, 401 MB, 1.00 load
[runlim] sample:		2839.78 time, 2840.01 real, 401 MB, 1.00 load
[runlim] sample:		2849.77 time, 2850.01 real, 401 MB, 1.00 load
[runlim] sample:		2859.77 time, 2860.01 real, 401 MB, 1.00 load
[runlim] sample:		2869.78 time, 2870.01 real, 406 MB, 1.00 load
[runlim] sample:		2879.78 time, 2880.01 real, 406 MB, 1.00 load
[runlim] sample:		2889.77 time, 2890.01 real, 414 MB, 1.00 load
[runlim] sample:		2899.77 time, 2900.01 real, 414 MB, 1.00 load
[runlim] sample:		2909.77 time, 2910.01 real, 414 MB, 1.00 load
[runlim] sample:		2919.77 time, 2920.01 real, 414 MB, 1.00 load
[runlim] sample:		2929.77 time, 2930.01 real, 427 MB, 1.00 load
[runlim] sample:		2939.77 time, 2940.01 real, 427 MB, 1.00 load
[runlim] sample:		2949.77 time, 2950.01 real, 427 MB, 1.00 load
[runlim] sample:		2959.77 time, 2960.01 real, 425 MB, 1.00 load
[runlim] sample:		2969.77 time, 2970.01 real, 425 MB, 1.00 load
[runlim] sample:		2979.77 time, 2980.01 real, 425 MB, 1.00 load
[runlim] sample:		2989.77 time, 2990.01 real, 412 MB, 1.00 load
[runlim] sample:		2999.77 time, 3000.01 real, 412 MB, 1.00 load
[runlim] sample:		3009.77 time, 3010.01 real, 412 MB, 1.00 load
[runlim] sample:		3019.76 time, 3020.01 real, 415 MB, 1.00 load
[runlim] sample:		3029.77 time, 3030.01 real, 415 MB, 1.00 load
[runlim] sample:		3039.77 time, 3040.01 real, 415 MB, 1.00 load
[runlim] sample:		3049.77 time, 3050.01 real, 415 MB, 1.00 load
[runlim] sample:		3059.77 time, 3060.01 real, 415 MB, 1.00 load
[runlim] sample:		3069.77 time, 3070.01 real, 415 MB, 1.00 load
[runlim] sample:		3079.76 time, 3080.01 real, 420 MB, 1.00 load
[runlim] sample:		3089.76 time, 3090.01 real, 420 MB, 1.00 load
[runlim] sample:		3099.76 time, 3100.01 real, 420 MB, 1.00 load
[runlim] sample:		3109.76 time, 3110.01 real, 415 MB, 1.00 load
[runlim] sample:		3119.76 time, 3120.01 real, 415 MB, 1.00 load
[runlim] sample:		3129.76 time, 3130.01 real, 415 MB, 1.00 load
[runlim] sample:		3139.76 time, 3140.01 real, 415 MB, 1.00 load
[runlim] sample:		3149.76 time, 3150.01 real, 415 MB, 1.00 load
[runlim] sample:		3159.76 time, 3160.01 real, 415 MB, 1.00 load
[runlim] sample:		3169.76 time, 3170.01 real, 415 MB, 1.00 load
[runlim] sample:		3179.76 time, 3180.01 real, 415 MB, 1.00 load
[runlim] sample:		3189.76 time, 3190.01 real, 418 MB, 1.00 load
[runlim] sample:		3199.76 time, 3200.01 real, 418 MB, 1.00 load
[runlim] sample:		3209.76 time, 3210.01 real, 418 MB, 1.00 load
[runlim] sample:		3219.75 time, 3220.01 real, 425 MB, 1.00 load
[runlim] sample:		3229.75 time, 3230.01 real, 425 MB, 1.00 load
[runlim] sample:		3239.75 time, 3240.01 real, 425 MB, 1.00 load
[runlim] sample:		3249.75 time, 3250.01 real, 425 MB, 1.00 load
[runlim] sample:		3259.76 time, 3260.01 real, 424 MB, 1.00 load
[runlim] sample:		3269.75 time, 3270.01 real, 424 MB, 1.00 load
[runlim] sample:		3279.75 time, 3280.01 real, 424 MB, 1.00 load
[runlim] sample:		3289.75 time, 3290.01 real, 424 MB, 1.00 load
[runlim] sample:		3299.75 time, 3300.01 real, 415 MB, 1.00 load
[runlim] sample:		3309.75 time, 3310.01 real, 415 MB, 1.00 load
[runlim] sample:		3319.75 time, 3320.01 real, 415 MB, 1.00 load
[runlim] sample:		3329.76 time, 3330.01 real, 415 MB, 1.00 load
[runlim] sample:		3339.75 time, 3340.01 real, 421 MB, 1.00 load
[runlim] sample:		3349.75 time, 3350.01 real, 421 MB, 1.00 load
[runlim] sample:		3359.75 time, 3360.01 real, 421 MB, 1.00 load
[runlim] sample:		3369.75 time, 3370.01 real, 420 MB, 1.00 load
[runlim] sample:		3379.75 time, 3380.01 real, 420 MB, 1.00 load
[runlim] sample:		3389.75 time, 3390.01 real, 420 MB, 1.00 load
[runlim] sample:		3399.75 time, 3400.01 real, 420 MB, 1.00 load
[runlim] sample:		3409.74 time, 3410.01 real, 420 MB, 1.29 load
[runlim] sample:		3419.74 time, 3420.01 real, 420 MB, 1.32 load
[runlim] sample:		3429.74 time, 3430.01 real, 412 MB, 1.35 load
[runlim] sample:		3439.74 time, 3440.01 real, 412 MB, 1.30 load
[runlim] sample:		3449.74 time, 3450.01 real, 412 MB, 1.25 load
[runlim] sample:		3459.74 time, 3460.01 real, 426 MB, 1.21 load
[runlim] sample:		3469.74 time, 3470.01 real, 426 MB, 1.18 load
[runlim] sample:		3479.74 time, 3480.01 real, 418 MB, 1.15 load
[runlim] sample:		3489.74 time, 3490.01 real, 418 MB, 1.13 load
[runlim] sample:		3499.74 time, 3500.01 real, 418 MB, 1.11 load
[runlim] sample:		3509.74 time, 3510.01 real, 418 MB, 1.09 load
[runlim] sample:		3519.74 time, 3520.01 real, 419 MB, 1.08 load
[runlim] sample:		3529.74 time, 3530.01 real, 419 MB, 1.06 load
[runlim] sample:		3539.74 time, 3540.01 real, 419 MB, 1.05 load
[runlim] sample:		3549.74 time, 3550.01 real, 419 MB, 1.05 load
[runlim] sample:		3559.74 time, 3560.01 real, 419 MB, 1.04 load
[runlim] sample:		3569.73 time, 3570.01 real, 419 MB, 1.03 load
[runlim] sample:		3579.73 time, 3580.01 real, 419 MB, 1.03 load
[runlim] sample:		3589.73 time, 3590.01 real, 419 MB, 1.02 load
[runlim] sample:		3599.73 time, 3600.01 real, 419 MB, 1.02 load
[runlim] end:			Tue Aug 25 20:02:42 2026
[runlim] status:		out of time
[runlim] result:		2
[runlim] children:		1
[runlim] processes:		2
[runlim] real:			3601.04 seconds
[runlim] time:			3599.73 seconds
[runlim] space:			538 MB
[runlim] load:			1.73 maximum
[runlim] samples:		36000
