[runlim] version:		2.0.0rc12
[runlim] host:			fjssp-instance1
[runlim] time limit:		311040000 seconds
[runlim] real time limit:	3600 seconds
[runlim] space limit:		14000 MB
[runlim] argv[0]:		python3
[runlim] argv[1]:		-u
[runlim] argv[2]:		main.py
[runlim] argv[3]:		--input
[runlim] argv[4]:		datasets/rdata/la11.txt
[runlim] argv[5]:		--factories
[runlim] argv[6]:		2
[runlim] argv[7]:		--full_transitive
[runlim] start:			Sat Aug 15 10:50:04 2026
[runlim] child:			120587
[*] Loading data from file: datasets/rdata/la11.txt
[*] Running D-FJSSP SAT Solver with 2 factories, Symmetry Breaking = OFF, Transitive E* = FULL
===========================================================================
 D-FJSSP SAT SOLVER - PARALLEL FACTORIES SCHEDULING
===========================================================================
  -> Operations: 100 | Jobs: 20 | Machines: 5 | Factories: 2

[*] Running Greedy Heuristic...
  -> Greedy Solution: Makespan = 688 (0.0003s)

[*] Initializing and solving the SAT model...
------------------------------------------------------------------
[*] Trying with Upper Bound = 688...
  SAT ! Makespan = 688
  Schedule is valid with Makespan = 688
  Total time: 2.6987 seconds
------------------------------------------------------------------
[*] Trying with Upper Bound = 687...
  SAT ! Makespan = 687
  Schedule is valid with Makespan = 687
  Total time: 2.7384 seconds
------------------------------------------------------------------
[*] Trying with Upper Bound = 686...
  SAT ! Makespan = 686
  Schedule is valid with Makespan = 686
  Total time: 2.7683 seconds
------------------------------------------------------------------
[*] Trying with Upper Bound = 685...
  SAT ! Makespan = 685
  Schedule is valid with Makespan = 685
  Total time: 2.7931 seconds
------------------------------------------------------------------
[*] Trying with Upper Bound = 684...
  SAT ! Makespan = 684
  Schedule is valid with Makespan = 684
  Total time: 2.8152 seconds
------------------------------------------------------------------
[*] Trying with Upper Bound = 683...
  SAT ! Makespan = 683
  Schedule is valid with Makespan = 683
  Total time: 2.8370 seconds
------------------------------------------------------------------
[*] Trying with Upper Bound = 682...
  SAT ! Makespan = 682
  Schedule is valid with Makespan = 682
  Total time: 2.8581 seconds
------------------------------------------------------------------
[*] Trying with Upper Bound = 681...
  SAT ! Makespan = 681
  Schedule is valid with Makespan = 681
  Total time: 2.8791 seconds
------------------------------------------------------------------
[*] Trying with Upper Bound = 680...
  SAT ! Makespan = 680
  Schedule is valid with Makespan = 680
  Total time: 2.9006 seconds
------------------------------------------------------------------
[*] Trying with Upper Bound = 679...
  SAT ! Makespan = 679
  Schedule is valid with Makespan = 679
  Total time: 2.9225 seconds
------------------------------------------------------------------
[*] Trying with Upper Bound = 678...
  SAT ! Makespan = 678
  Schedule is valid with Makespan = 678
  Total time: 2.9446 seconds
------------------------------------------------------------------
[*] Trying with Upper Bound = 677...
  SAT ! Makespan = 677
  Schedule is valid with Makespan = 677
  Total time: 2.9662 seconds
------------------------------------------------------------------
[*] Trying with Upper Bound = 676...
  SAT ! Makespan = 676
  Schedule is valid with Makespan = 676
  Total time: 2.9875 seconds
------------------------------------------------------------------
[*] Trying with Upper Bound = 675...
  SAT ! Makespan = 675
  Schedule is valid with Makespan = 675
  Total time: 3.0082 seconds
------------------------------------------------------------------
[*] Trying with Upper Bound = 674...
  SAT ! Makespan = 674
  Schedule is valid with Makespan = 674
  Total time: 3.0280 seconds
------------------------------------------------------------------
[*] Trying with Upper Bound = 673...
  SAT ! Makespan = 673
  Schedule is valid with Makespan = 673
  Total time: 3.0477 seconds
------------------------------------------------------------------
[*] Trying with Upper Bound = 672...
  SAT ! Makespan = 672
  Schedule is valid with Makespan = 672
  Total time: 3.1024 seconds
------------------------------------------------------------------
[*] Trying with Upper Bound = 671...
  SAT ! Makespan = 671
  Schedule is valid with Makespan = 671
  Total time: 3.6273 seconds
------------------------------------------------------------------
[*] Trying with Upper Bound = 670...
  SAT ! Makespan = 670
  Schedule is valid with Makespan = 670
  Total time: 3.6730 seconds
------------------------------------------------------------------
[*] Trying with Upper Bound = 669...
  SAT ! Makespan = 669
  Schedule is valid with Makespan = 669
  Total time: 3.7708 seconds
------------------------------------------------------------------
[*] Trying with Upper Bound = 668...
  SAT ! Makespan = 668
  Schedule is valid with Makespan = 668
  Total time: 3.8231 seconds
------------------------------------------------------------------
[*] Trying with Upper Bound = 667...
  SAT ! Makespan = 667
  Schedule is valid with Makespan = 667
  Total time: 3.8520 seconds
------------------------------------------------------------------
[*] Trying with Upper Bound = 666...
  SAT ! Makespan = 666
  Schedule is valid with Makespan = 666
  Total time: 3.8766 seconds
------------------------------------------------------------------
[*] Trying with Upper Bound = 665...
  SAT ! Makespan = 665
  Schedule is valid with Makespan = 665
  Total time: 3.8998 seconds
------------------------------------------------------------------
[*] Trying with Upper Bound = 664...
  SAT ! Makespan = 664
  Schedule is valid with Makespan = 664
  Total time: 3.9238 seconds
------------------------------------------------------------------
[*] Trying with Upper Bound = 663...
  SAT ! Makespan = 663
  Schedule is valid with Makespan = 663
  Total time: 3.9471 seconds
------------------------------------------------------------------
[*] Trying with Upper Bound = 662...
  SAT ! Makespan = 662
  Schedule is valid with Makespan = 662
  Total time: 3.9694 seconds
------------------------------------------------------------------
[*] Trying with Upper Bound = 661...
  SAT ! Makespan = 661
  Schedule is valid with Makespan = 661
  Total time: 3.9921 seconds
------------------------------------------------------------------
[*] Trying with Upper Bound = 660...
  SAT ! Makespan = 660
  Schedule is valid with Makespan = 660
  Total time: 4.2267 seconds
------------------------------------------------------------------
[*] Trying with Upper Bound = 659...
  SAT ! Makespan = 659
  Schedule is valid with Makespan = 659
  Total time: 4.2606 seconds
------------------------------------------------------------------
[*] Trying with Upper Bound = 658...
  SAT ! Makespan = 658
  Schedule is valid with Makespan = 658
  Total time: 4.2844 seconds
------------------------------------------------------------------
[*] Trying with Upper Bound = 657...
  SAT ! Makespan = 657
  Schedule is valid with Makespan = 657
  Total time: 4.3067 seconds
------------------------------------------------------------------
[*] Trying with Upper Bound = 656...
  SAT ! Makespan = 656
  Schedule is valid with Makespan = 656
  Total time: 4.3401 seconds
------------------------------------------------------------------
[*] Trying with Upper Bound = 655...
  SAT ! Makespan = 655
  Schedule is valid with Makespan = 655
  Total time: 4.3622 seconds
------------------------------------------------------------------
[*] Trying with Upper Bound = 654...
  SAT ! Makespan = 654
  Schedule is valid with Makespan = 654
  Total time: 4.3830 seconds
------------------------------------------------------------------
[*] Trying with Upper Bound = 653...
  SAT ! Makespan = 653
  Schedule is valid with Makespan = 653
  Total time: 4.4045 seconds
------------------------------------------------------------------
[*] Trying with Upper Bound = 652...
  SAT ! Makespan = 652
  Schedule is valid with Makespan = 652
  Total time: 4.4272 seconds
------------------------------------------------------------------
[*] Trying with Upper Bound = 651...
  SAT ! Makespan = 651
  Schedule is valid with Makespan = 651
  Total time: 4.4488 seconds
------------------------------------------------------------------
[*] Trying with Upper Bound = 650...
  SAT ! Makespan = 650
  Schedule is valid with Makespan = 650
  Total time: 4.4710 seconds
------------------------------------------------------------------
[*] Trying with Upper Bound = 649...
  SAT ! Makespan = 649
  Schedule is valid with Makespan = 649
  Total time: 4.4920 seconds
------------------------------------------------------------------
[*] Trying with Upper Bound = 648...
  SAT ! Makespan = 648
  Schedule is valid with Makespan = 648
  Total time: 4.5146 seconds
------------------------------------------------------------------
[*] Trying with Upper Bound = 647...
  SAT ! Makespan = 647
  Schedule is valid with Makespan = 647
  Total time: 4.5363 seconds
------------------------------------------------------------------
[*] Trying with Upper Bound = 646...
  SAT ! Makespan = 646
  Schedule is valid with Makespan = 646
  Total time: 4.5595 seconds
------------------------------------------------------------------
[*] Trying with Upper Bound = 645...
  SAT ! Makespan = 645
  Schedule is valid with Makespan = 645
  Total time: 4.5808 seconds
------------------------------------------------------------------
[*] Trying with Upper Bound = 644...
  SAT ! Makespan = 644
  Schedule is valid with Makespan = 644
  Total time: 4.6072 seconds
------------------------------------------------------------------
[*] Trying with Upper Bound = 643...
  SAT ! Makespan = 643
  Schedule is valid with Makespan = 643
  Total time: 4.6360 seconds
------------------------------------------------------------------
[*] Trying with Upper Bound = 642...
  SAT ! Makespan = 642
  Schedule is valid with Makespan = 642
  Total time: 5.6207 seconds
------------------------------------------------------------------
[*] Trying with Upper Bound = 641...
  SAT ! Makespan = 641
  Schedule is valid with Makespan = 641
  Total time: 5.7418 seconds
------------------------------------------------------------------
[*] Trying with Upper Bound = 640...
  SAT ! Makespan = 640
  Schedule is valid with Makespan = 640
  Total time: 5.7669 seconds
------------------------------------------------------------------
[*] Trying with Upper Bound = 639...
  SAT ! Makespan = 639
  Schedule is valid with Makespan = 639
  Total time: 5.7912 seconds
------------------------------------------------------------------
[*] Trying with Upper Bound = 638...
  SAT ! Makespan = 638
  Schedule is valid with Makespan = 638
  Total time: 5.8140 seconds
------------------------------------------------------------------
[*] Trying with Upper Bound = 637...
  SAT ! Makespan = 637
  Schedule is valid with Makespan = 637
  Total time: 5.8351 seconds
------------------------------------------------------------------
[*] Trying with Upper Bound = 636...
  SAT ! Makespan = 636
  Schedule is valid with Makespan = 636
  Total time: 5.8558 seconds
------------------------------------------------------------------
[*] Trying with Upper Bound = 635...
  SAT ! Makespan = 635
  Schedule is valid with Makespan = 635
  Total time: 6.4008 seconds
------------------------------------------------------------------
[*] Trying with Upper Bound = 634...
[runlim] sample:		9.99 time, 10.01 real, 360 MB, 1.00 load
  SAT ! Makespan = 634
  Schedule is valid with Makespan = 634
  Total time: 11.3296 seconds
------------------------------------------------------------------
[*] Trying with Upper Bound = 633...
  SAT ! Makespan = 633
  Schedule is valid with Makespan = 633
  Total time: 13.1015 seconds
------------------------------------------------------------------
[*] Trying with Upper Bound = 632...
  SAT ! Makespan = 632
  Schedule is valid with Makespan = 632
  Total time: 13.5644 seconds
------------------------------------------------------------------
[*] Trying with Upper Bound = 631...
  SAT ! Makespan = 631
  Schedule is valid with Makespan = 631
  Total time: 14.8975 seconds
------------------------------------------------------------------
[*] Trying with Upper Bound = 630...
  SAT ! Makespan = 630
  Schedule is valid with Makespan = 630
  Total time: 15.9596 seconds
------------------------------------------------------------------
[*] Trying with Upper Bound = 629...
  SAT ! Makespan = 629
  Schedule is valid with Makespan = 629
  Total time: 18.5009 seconds
------------------------------------------------------------------
[*] Trying with Upper Bound = 628...
  SAT ! Makespan = 628
  Schedule is valid with Makespan = 628
  Total time: 19.9207 seconds
------------------------------------------------------------------
[*] Trying with Upper Bound = 627...
[runlim] sample:		20.00 time, 20.01 real, 321 MB, 1.00 load
  SAT ! Makespan = 627
  Schedule is valid with Makespan = 627
  Total time: 20.1952 seconds
------------------------------------------------------------------
[*] Trying with Upper Bound = 626...
  SAT ! Makespan = 626
  Schedule is valid with Makespan = 626
  Total time: 20.4594 seconds
------------------------------------------------------------------
[*] Trying with Upper Bound = 625...
  SAT ! Makespan = 625
  Schedule is valid with Makespan = 625
  Total time: 21.2194 seconds
------------------------------------------------------------------
[*] Trying with Upper Bound = 624...
  SAT ! Makespan = 624
  Schedule is valid with Makespan = 624
  Total time: 21.7827 seconds
------------------------------------------------------------------
[*] Trying with Upper Bound = 623...
  SAT ! Makespan = 623
  Schedule is valid with Makespan = 623
  Total time: 22.9765 seconds
------------------------------------------------------------------
[*] Trying with Upper Bound = 622...
  SAT ! Makespan = 622
  Schedule is valid with Makespan = 622
  Total time: 23.1404 seconds
------------------------------------------------------------------
[*] Trying with Upper Bound = 621...
  SAT ! Makespan = 621
  Schedule is valid with Makespan = 621
  Total time: 23.2696 seconds
------------------------------------------------------------------
[*] Trying with Upper Bound = 620...
  SAT ! Makespan = 620
  Schedule is valid with Makespan = 620
  Total time: 23.3917 seconds
------------------------------------------------------------------
[*] Trying with Upper Bound = 619...
  SAT ! Makespan = 619
  Schedule is valid with Makespan = 619
  Total time: 23.5040 seconds
------------------------------------------------------------------
[*] Trying with Upper Bound = 618...
  SAT ! Makespan = 618
  Schedule is valid with Makespan = 618
  Total time: 24.1292 seconds
------------------------------------------------------------------
[*] Trying with Upper Bound = 617...
  SAT ! Makespan = 617
  Schedule is valid with Makespan = 617
  Total time: 26.3690 seconds
------------------------------------------------------------------
[*] Trying with Upper Bound = 616...
  SAT ! Makespan = 616
  Schedule is valid with Makespan = 616
  Total time: 26.5557 seconds
------------------------------------------------------------------
[*] Trying with Upper Bound = 615...
  SAT ! Makespan = 615
  Schedule is valid with Makespan = 615
  Total time: 26.7000 seconds
------------------------------------------------------------------
[*] Trying with Upper Bound = 614...
  SAT ! Makespan = 614
  Schedule is valid with Makespan = 614
  Total time: 26.8266 seconds
------------------------------------------------------------------
[*] Trying with Upper Bound = 613...
  SAT ! Makespan = 613
  Schedule is valid with Makespan = 613
  Total time: 27.2623 seconds
------------------------------------------------------------------
[*] Trying with Upper Bound = 612...
[runlim] sample:		30.00 time, 30.01 real, 352 MB, 1.00 load
  SAT ! Makespan = 612
  Schedule is valid with Makespan = 612
  Total time: 31.4460 seconds
------------------------------------------------------------------
[*] Trying with Upper Bound = 611...
  SAT ! Makespan = 611
  Schedule is valid with Makespan = 611
  Total time: 31.6085 seconds
------------------------------------------------------------------
[*] Trying with Upper Bound = 610...
  SAT ! Makespan = 610
  Schedule is valid with Makespan = 610
  Total time: 31.7388 seconds
------------------------------------------------------------------
[*] Trying with Upper Bound = 609...
  SAT ! Makespan = 609
  Schedule is valid with Makespan = 609
  Total time: 33.5415 seconds
------------------------------------------------------------------
[*] Trying with Upper Bound = 608...
  SAT ! Makespan = 608
  Schedule is valid with Makespan = 608
  Total time: 35.5975 seconds
------------------------------------------------------------------
[*] Trying with Upper Bound = 607...
  SAT ! Makespan = 607
  Schedule is valid with Makespan = 607
  Total time: 35.7602 seconds
------------------------------------------------------------------
[*] Trying with Upper Bound = 606...
  SAT ! Makespan = 606
  Schedule is valid with Makespan = 606
  Total time: 36.3144 seconds
------------------------------------------------------------------
[*] Trying with Upper Bound = 605...
  SAT ! Makespan = 605
  Schedule is valid with Makespan = 605
  Total time: 38.1710 seconds
------------------------------------------------------------------
[*] Trying with Upper Bound = 604...
[runlim] sample:		39.99 time, 40.01 real, 320 MB, 1.00 load
  SAT ! Makespan = 604
  Schedule is valid with Makespan = 604
  Total time: 40.5153 seconds
------------------------------------------------------------------
[*] Trying with Upper Bound = 603...
  SAT ! Makespan = 603
  Schedule is valid with Makespan = 603
  Total time: 44.4657 seconds
------------------------------------------------------------------
[*] Trying with Upper Bound = 602...
  SAT ! Makespan = 602
  Schedule is valid with Makespan = 602
  Total time: 46.2437 seconds
------------------------------------------------------------------
[*] Trying with Upper Bound = 601...
  SAT ! Makespan = 601
  Schedule is valid with Makespan = 601
  Total time: 47.9857 seconds
------------------------------------------------------------------
[*] Trying with Upper Bound = 600...
  SAT ! Makespan = 600
  Schedule is valid with Makespan = 600
  Total time: 48.1456 seconds
------------------------------------------------------------------
[*] Trying with Upper Bound = 599...
  SAT ! Makespan = 599
  Schedule is valid with Makespan = 599
  Total time: 48.6768 seconds
------------------------------------------------------------------
[*] Trying with Upper Bound = 598...
  SAT ! Makespan = 598
  Schedule is valid with Makespan = 598
  Total time: 49.1749 seconds
------------------------------------------------------------------
[*] Trying with Upper Bound = 597...
  SAT ! Makespan = 597
  Schedule is valid with Makespan = 597
  Total time: 49.7230 seconds
------------------------------------------------------------------
[*] Trying with Upper Bound = 596...
[runlim] sample:		49.99 time, 50.01 real, 336 MB, 1.00 load
  SAT ! Makespan = 596
  Schedule is valid with Makespan = 596
  Total time: 59.0759 seconds
------------------------------------------------------------------
[*] Trying with Upper Bound = 595...
[runlim] sample:		59.99 time, 60.01 real, 345 MB, 1.00 load
  SAT ! Makespan = 595
  Schedule is valid with Makespan = 595
  Total time: 60.8970 seconds
------------------------------------------------------------------
[*] Trying with Upper Bound = 594...
  SAT ! Makespan = 594
  Schedule is valid with Makespan = 594
  Total time: 61.7235 seconds
------------------------------------------------------------------
[*] Trying with Upper Bound = 593...
  SAT ! Makespan = 593
  Schedule is valid with Makespan = 593
  Total time: 64.1563 seconds
------------------------------------------------------------------
[*] Trying with Upper Bound = 592...
  SAT ! Makespan = 592
  Schedule is valid with Makespan = 592
  Total time: 64.7469 seconds
------------------------------------------------------------------
[*] Trying with Upper Bound = 591...
  SAT ! Makespan = 591
  Schedule is valid with Makespan = 591
  Total time: 65.3696 seconds
------------------------------------------------------------------
[*] Trying with Upper Bound = 590...
  SAT ! Makespan = 590
  Schedule is valid with Makespan = 590
  Total time: 66.9553 seconds
------------------------------------------------------------------
[*] Trying with Upper Bound = 589...
  SAT ! Makespan = 589
  Schedule is valid with Makespan = 589
  Total time: 69.0239 seconds
------------------------------------------------------------------
[*] Trying with Upper Bound = 588...
[runlim] sample:		69.99 time, 70.01 real, 344 MB, 1.00 load
  SAT ! Makespan = 588
  Schedule is valid with Makespan = 588
  Total time: 72.7047 seconds
------------------------------------------------------------------
[*] Trying with Upper Bound = 587...
  SAT ! Makespan = 587
  Schedule is valid with Makespan = 587
  Total time: 74.6325 seconds
------------------------------------------------------------------
[*] Trying with Upper Bound = 586...
  SAT ! Makespan = 586
  Schedule is valid with Makespan = 586
  Total time: 76.9838 seconds
------------------------------------------------------------------
[*] Trying with Upper Bound = 585...
  SAT ! Makespan = 585
  Schedule is valid with Makespan = 585
  Total time: 77.1341 seconds
------------------------------------------------------------------
[*] Trying with Upper Bound = 584...
  SAT ! Makespan = 584
  Schedule is valid with Makespan = 584
  Total time: 79.0134 seconds
------------------------------------------------------------------
[*] Trying with Upper Bound = 583...
[runlim] sample:		79.99 time, 80.01 real, 292 MB, 1.00 load
  SAT ! Makespan = 583
  Schedule is valid with Makespan = 583
  Total time: 80.6217 seconds
------------------------------------------------------------------
[*] Trying with Upper Bound = 582...
  SAT ! Makespan = 582
  Schedule is valid with Makespan = 582
  Total time: 82.5990 seconds
------------------------------------------------------------------
[*] Trying with Upper Bound = 581...
  SAT ! Makespan = 581
  Schedule is valid with Makespan = 581
  Total time: 84.3929 seconds
------------------------------------------------------------------
[*] Trying with Upper Bound = 580...
  SAT ! Makespan = 580
  Schedule is valid with Makespan = 580
  Total time: 86.3096 seconds
------------------------------------------------------------------
[*] Trying with Upper Bound = 579...
  SAT ! Makespan = 579
  Schedule is valid with Makespan = 579
  Total time: 87.2437 seconds
------------------------------------------------------------------
[*] Trying with Upper Bound = 578...
[runlim] sample:		89.99 time, 90.01 real, 323 MB, 1.00 load
  SAT ! Makespan = 578
  Schedule is valid with Makespan = 578
  Total time: 91.0301 seconds
------------------------------------------------------------------
[*] Trying with Upper Bound = 577...
  SAT ! Makespan = 577
  Schedule is valid with Makespan = 577
  Total time: 92.8952 seconds
------------------------------------------------------------------
[*] Trying with Upper Bound = 576...
  SAT ! Makespan = 576
  Schedule is valid with Makespan = 576
  Total time: 94.4129 seconds
------------------------------------------------------------------
[*] Trying with Upper Bound = 575...
  SAT ! Makespan = 575
  Schedule is valid with Makespan = 575
  Total time: 96.6441 seconds
------------------------------------------------------------------
[*] Trying with Upper Bound = 574...
  SAT ! Makespan = 574
  Schedule is valid with Makespan = 574
  Total time: 98.5340 seconds
------------------------------------------------------------------
[*] Trying with Upper Bound = 573...
[runlim] sample:		99.99 time, 100.01 real, 324 MB, 1.00 load
  SAT ! Makespan = 573
  Schedule is valid with Makespan = 573
  Total time: 100.8540 seconds
------------------------------------------------------------------
[*] Trying with Upper Bound = 572...
  SAT ! Makespan = 572
  Schedule is valid with Makespan = 572
  Total time: 102.7318 seconds
------------------------------------------------------------------
[*] Trying with Upper Bound = 571...
  SAT ! Makespan = 571
  Schedule is valid with Makespan = 571
  Total time: 104.8118 seconds
------------------------------------------------------------------
[*] Trying with Upper Bound = 570...
  SAT ! Makespan = 570
  Schedule is valid with Makespan = 570
  Total time: 104.9330 seconds
------------------------------------------------------------------
[*] Trying with Upper Bound = 569...
[runlim] sample:		109.98 time, 110.01 real, 322 MB, 1.00 load
  SAT ! Makespan = 569
  Schedule is valid with Makespan = 569
  Total time: 114.2960 seconds
------------------------------------------------------------------
[*] Trying with Upper Bound = 568...
  SAT ! Makespan = 568
  Schedule is valid with Makespan = 568
  Total time: 116.5888 seconds
------------------------------------------------------------------
[*] Trying with Upper Bound = 567...
  SAT ! Makespan = 567
  Schedule is valid with Makespan = 567
  Total time: 118.7244 seconds
------------------------------------------------------------------
[*] Trying with Upper Bound = 566...
[runlim] sample:		119.98 time, 120.01 real, 323 MB, 1.00 load
  SAT ! Makespan = 566
  Schedule is valid with Makespan = 566
  Total time: 121.2681 seconds
------------------------------------------------------------------
[*] Trying with Upper Bound = 565...
  SAT ! Makespan = 565
  Schedule is valid with Makespan = 565
  Total time: 123.1357 seconds
------------------------------------------------------------------
[*] Trying with Upper Bound = 564...
  SAT ! Makespan = 564
  Schedule is valid with Makespan = 564
  Total time: 124.8116 seconds
------------------------------------------------------------------
[*] Trying with Upper Bound = 563...
[runlim] sample:		129.98 time, 130.01 real, 325 MB, 1.00 load
  SAT ! Makespan = 563
  Schedule is valid with Makespan = 563
  Total time: 134.1387 seconds
------------------------------------------------------------------
[*] Trying with Upper Bound = 562...
[runlim] sample:		139.97 time, 140.01 real, 284 MB, 1.00 load
  SAT ! Makespan = 562
  Schedule is valid with Makespan = 562
  Total time: 140.9479 seconds
------------------------------------------------------------------
[*] Trying with Upper Bound = 561...
[runlim] sample:		149.97 time, 150.01 real, 317 MB, 1.00 load
  SAT ! Makespan = 561
  Schedule is valid with Makespan = 561
  Total time: 151.1337 seconds
------------------------------------------------------------------
[*] Trying with Upper Bound = 560...
  SAT ! Makespan = 560
  Schedule is valid with Makespan = 560
  Total time: 158.0066 seconds
------------------------------------------------------------------
[*] Trying with Upper Bound = 559...
[runlim] sample:		159.97 time, 160.01 real, 317 MB, 1.00 load
  SAT ! Makespan = 559
  Schedule is valid with Makespan = 559
  Total time: 160.4979 seconds
------------------------------------------------------------------
[*] Trying with Upper Bound = 558...
  SAT ! Makespan = 558
  Schedule is valid with Makespan = 558
  Total time: 162.5210 seconds
------------------------------------------------------------------
[*] Trying with Upper Bound = 557...
  SAT ! Makespan = 557
  Schedule is valid with Makespan = 557
  Total time: 164.6827 seconds
------------------------------------------------------------------
[*] Trying with Upper Bound = 556...
  SAT ! Makespan = 556
  Schedule is valid with Makespan = 556
  Total time: 166.6174 seconds
------------------------------------------------------------------
[*] Trying with Upper Bound = 555...
[runlim] sample:		169.97 time, 170.01 real, 318 MB, 1.00 load
  SAT ! Makespan = 555
  Schedule is valid with Makespan = 555
  Total time: 176.6337 seconds
------------------------------------------------------------------
[*] Trying with Upper Bound = 554...
[runlim] sample:		179.96 time, 180.01 real, 319 MB, 1.00 load
  SAT ! Makespan = 554
  Schedule is valid with Makespan = 554
  Total time: 184.4519 seconds
------------------------------------------------------------------
[*] Trying with Upper Bound = 553...
[runlim] sample:		189.96 time, 190.01 real, 319 MB, 1.00 load
  SAT ! Makespan = 553
  Schedule is valid with Makespan = 553
  Total time: 191.9315 seconds
------------------------------------------------------------------
[*] Trying with Upper Bound = 552...
[runlim] sample:		199.96 time, 200.01 real, 319 MB, 1.00 load
  SAT ! Makespan = 552
  Schedule is valid with Makespan = 552
  Total time: 203.2646 seconds
------------------------------------------------------------------
[*] Trying with Upper Bound = 551...
[runlim] sample:		209.96 time, 210.01 real, 320 MB, 1.00 load
  SAT ! Makespan = 551
  Schedule is valid with Makespan = 551
  Total time: 210.8179 seconds
------------------------------------------------------------------
[*] Trying with Upper Bound = 550...
[runlim] sample:		219.95 time, 220.01 real, 319 MB, 1.00 load
[runlim] sample:		229.95 time, 230.01 real, 322 MB, 1.00 load
[runlim] sample:		239.95 time, 240.01 real, 318 MB, 1.00 load
  SAT ! Makespan = 550
  Schedule is valid with Makespan = 550
  Total time: 249.1573 seconds
------------------------------------------------------------------
[*] Trying with Upper Bound = 549...
[runlim] sample:		249.95 time, 250.01 real, 323 MB, 1.00 load
[runlim] sample:		259.94 time, 260.02 real, 321 MB, 1.00 load
[runlim] sample:		269.94 time, 270.01 real, 323 MB, 1.00 load
[runlim] sample:		279.93 time, 280.01 real, 370 MB, 1.00 load
  SAT ! Makespan = 549
  Schedule is valid with Makespan = 549
  Total time: 281.1497 seconds
------------------------------------------------------------------
[*] Trying with Upper Bound = 548...
[runlim] sample:		289.93 time, 290.01 real, 323 MB, 1.00 load
[runlim] sample:		299.94 time, 300.01 real, 327 MB, 1.00 load
[runlim] sample:		309.93 time, 310.01 real, 323 MB, 1.00 load
[runlim] sample:		319.93 time, 320.01 real, 325 MB, 1.00 load
[runlim] sample:		329.93 time, 330.01 real, 329 MB, 1.00 load
[runlim] sample:		339.94 time, 340.01 real, 378 MB, 1.00 load
[runlim] sample:		349.93 time, 350.01 real, 324 MB, 1.00 load
[runlim] sample:		359.93 time, 360.01 real, 325 MB, 1.00 load
[runlim] sample:		369.92 time, 370.01 real, 325 MB, 1.00 load
[runlim] sample:		379.93 time, 380.01 real, 326 MB, 1.00 load
[runlim] sample:		389.93 time, 390.01 real, 326 MB, 1.00 load
[runlim] sample:		399.92 time, 400.01 real, 326 MB, 1.00 load
[runlim] sample:		409.92 time, 410.01 real, 328 MB, 1.00 load
  SAT ! Makespan = 548
  Schedule is valid with Makespan = 548
  Total time: 414.6221 seconds
------------------------------------------------------------------
[*] Trying with Upper Bound = 547...
[runlim] sample:		419.92 time, 420.01 real, 328 MB, 1.00 load
[runlim] sample:		429.92 time, 430.01 real, 330 MB, 1.00 load
[runlim] sample:		439.92 time, 440.01 real, 332 MB, 1.00 load
[runlim] sample:		449.92 time, 450.01 real, 327 MB, 1.00 load
[runlim] sample:		459.92 time, 460.01 real, 335 MB, 1.00 load
[runlim] sample:		469.92 time, 470.01 real, 336 MB, 1.00 load
[runlim] sample:		479.92 time, 480.01 real, 337 MB, 1.07 load
[runlim] sample:		489.92 time, 490.01 real, 330 MB, 1.06 load
[runlim] sample:		499.92 time, 500.01 real, 330 MB, 1.05 load
[runlim] sample:		509.91 time, 510.01 real, 330 MB, 1.04 load
[runlim] sample:		519.91 time, 520.01 real, 331 MB, 1.04 load
[runlim] sample:		529.92 time, 530.01 real, 331 MB, 1.03 load
[runlim] sample:		539.92 time, 540.01 real, 331 MB, 1.02 load
[runlim] sample:		549.92 time, 550.01 real, 332 MB, 1.02 load
[runlim] sample:		559.91 time, 560.01 real, 339 MB, 1.02 load
[runlim] sample:		569.91 time, 570.01 real, 341 MB, 1.01 load
[runlim] sample:		579.91 time, 580.01 real, 340 MB, 1.01 load
  SAT ! Makespan = 547
  Schedule is valid with Makespan = 547
  Total time: 587.8033 seconds
------------------------------------------------------------------
[*] Trying with Upper Bound = 546...
[runlim] sample:		589.91 time, 590.01 real, 303 MB, 1.01 load
  SAT ! Makespan = 546
  Schedule is valid with Makespan = 546
  Total time: 599.3519 seconds
------------------------------------------------------------------
[*] Trying with Upper Bound = 545...
[runlim] sample:		599.91 time, 600.01 real, 298 MB, 1.01 load
[runlim] sample:		609.90 time, 610.01 real, 334 MB, 1.01 load
[runlim] sample:		619.91 time, 620.01 real, 297 MB, 1.00 load
[runlim] sample:		629.91 time, 630.01 real, 297 MB, 1.00 load
[runlim] sample:		639.90 time, 640.01 real, 308 MB, 1.00 load
[runlim] sample:		649.90 time, 650.01 real, 308 MB, 1.00 load
[runlim] sample:		659.90 time, 660.01 real, 339 MB, 1.00 load
[runlim] sample:		669.90 time, 670.01 real, 336 MB, 1.00 load
[runlim] sample:		679.90 time, 680.01 real, 336 MB, 1.00 load
[runlim] sample:		689.90 time, 690.01 real, 332 MB, 1.00 load
[runlim] sample:		699.90 time, 700.01 real, 332 MB, 1.00 load
[runlim] sample:		709.90 time, 710.01 real, 332 MB, 1.00 load
[runlim] sample:		719.90 time, 720.01 real, 333 MB, 1.00 load
[runlim] sample:		729.90 time, 730.01 real, 333 MB, 1.00 load
[runlim] sample:		739.89 time, 740.01 real, 334 MB, 1.00 load
[runlim] sample:		749.89 time, 750.01 real, 334 MB, 1.00 load
[runlim] sample:		759.89 time, 760.01 real, 344 MB, 1.00 load
  SAT ! Makespan = 545
  Schedule is valid with Makespan = 545
  Total time: 763.7480 seconds
------------------------------------------------------------------
[*] Trying with Upper Bound = 544...
[runlim] sample:		769.89 time, 770.01 real, 305 MB, 1.00 load
  SAT ! Makespan = 544
  Schedule is valid with Makespan = 544
  Total time: 775.9851 seconds
------------------------------------------------------------------
[*] Trying with Upper Bound = 543...
[runlim] sample:		779.89 time, 780.01 real, 305 MB, 1.00 load
[runlim] sample:		789.89 time, 790.01 real, 301 MB, 1.00 load
[runlim] sample:		799.89 time, 800.01 real, 339 MB, 1.00 load
[runlim] sample:		809.89 time, 810.01 real, 339 MB, 1.00 load
[runlim] sample:		819.89 time, 820.01 real, 337 MB, 1.00 load
[runlim] sample:		829.89 time, 830.01 real, 344 MB, 1.00 load
[runlim] sample:		839.88 time, 840.01 real, 341 MB, 1.00 load
[runlim] sample:		849.88 time, 850.01 real, 341 MB, 1.08 load
[runlim] sample:		859.86 time, 860.01 real, 341 MB, 1.07 load
[runlim] sample:		869.87 time, 870.01 real, 335 MB, 1.06 load
[runlim] sample:		879.86 time, 880.01 real, 395 MB, 1.05 load
[runlim] sample:		889.86 time, 890.01 real, 336 MB, 1.04 load
[runlim] sample:		899.86 time, 900.01 real, 336 MB, 1.03 load
[runlim] sample:		909.86 time, 910.01 real, 336 MB, 1.03 load
[runlim] sample:		919.86 time, 920.01 real, 339 MB, 1.02 load
  SAT ! Makespan = 543
  Schedule is valid with Makespan = 543
  Total time: 925.0596 seconds
------------------------------------------------------------------
[*] Trying with Upper Bound = 542...
[runlim] sample:		929.86 time, 930.01 real, 304 MB, 1.02 load
[runlim] sample:		939.85 time, 940.01 real, 307 MB, 1.02 load
[runlim] sample:		949.85 time, 950.01 real, 307 MB, 1.25 load
[runlim] sample:		959.85 time, 960.01 real, 305 MB, 1.21 load
[runlim] sample:		969.85 time, 970.01 real, 305 MB, 1.18 load
[runlim] sample:		979.85 time, 980.01 real, 306 MB, 1.23 load
[runlim] sample:		989.85 time, 990.01 real, 314 MB, 1.19 load
[runlim] sample:		999.85 time, 1000.01 real, 314 MB, 1.16 load
[runlim] sample:		1009.85 time, 1010.01 real, 341 MB, 1.14 load
[runlim] sample:		1019.85 time, 1020.01 real, 341 MB, 1.11 load
[runlim] sample:		1029.85 time, 1030.01 real, 341 MB, 1.10 load
[runlim] sample:		1039.85 time, 1040.01 real, 339 MB, 1.08 load
[runlim] sample:		1049.85 time, 1050.01 real, 339 MB, 1.07 load
[runlim] sample:		1059.85 time, 1060.01 real, 340 MB, 1.06 load
[runlim] sample:		1069.85 time, 1070.01 real, 340 MB, 1.19 load
[runlim] sample:		1079.85 time, 1080.01 real, 340 MB, 1.16 load
[runlim] sample:		1089.85 time, 1090.01 real, 340 MB, 1.14 load
[runlim] sample:		1099.84 time, 1100.01 real, 353 MB, 1.12 load
[runlim] sample:		1109.84 time, 1110.01 real, 353 MB, 1.10 load
[runlim] sample:		1119.84 time, 1120.01 real, 354 MB, 1.08 load
[runlim] sample:		1129.85 time, 1130.01 real, 429 MB, 1.07 load
[runlim] sample:		1139.85 time, 1140.01 real, 353 MB, 1.06 load
[runlim] sample:		1149.84 time, 1150.01 real, 360 MB, 1.05 load
[runlim] sample:		1159.84 time, 1160.01 real, 360 MB, 1.04 load
[runlim] sample:		1169.84 time, 1170.01 real, 353 MB, 1.03 load
[runlim] sample:		1179.84 time, 1180.01 real, 353 MB, 1.03 load
[runlim] sample:		1189.84 time, 1190.01 real, 352 MB, 1.02 load
[runlim] sample:		1199.83 time, 1200.01 real, 352 MB, 1.02 load
[runlim] sample:		1209.83 time, 1210.01 real, 355 MB, 1.24 load
[runlim] sample:		1219.84 time, 1220.01 real, 355 MB, 1.28 load
[runlim] sample:		1229.84 time, 1230.01 real, 345 MB, 1.24 load
[runlim] sample:		1239.84 time, 1240.01 real, 345 MB, 1.20 load
[runlim] sample:		1249.83 time, 1250.01 real, 345 MB, 1.17 load
[runlim] sample:		1259.83 time, 1260.01 real, 345 MB, 1.14 load
[runlim] sample:		1269.83 time, 1270.01 real, 346 MB, 1.12 load
[runlim] sample:		1279.83 time, 1280.01 real, 346 MB, 1.10 load
[runlim] sample:		1289.83 time, 1290.01 real, 346 MB, 1.09 load
[runlim] sample:		1299.83 time, 1300.01 real, 346 MB, 1.07 load
[runlim] sample:		1309.83 time, 1310.01 real, 346 MB, 1.06 load
[runlim] sample:		1319.82 time, 1320.01 real, 347 MB, 1.05 load
[runlim] sample:		1329.82 time, 1330.01 real, 347 MB, 1.04 load
[runlim] sample:		1339.82 time, 1340.01 real, 347 MB, 1.04 load
[runlim] sample:		1349.82 time, 1350.01 real, 347 MB, 1.03 load
[runlim] sample:		1359.82 time, 1360.01 real, 347 MB, 1.02 load
[runlim] sample:		1369.82 time, 1370.01 real, 348 MB, 1.02 load
[runlim] sample:		1379.82 time, 1380.01 real, 348 MB, 1.02 load
[runlim] sample:		1389.82 time, 1390.01 real, 348 MB, 1.01 load
[runlim] sample:		1399.82 time, 1400.01 real, 350 MB, 1.01 load
[runlim] sample:		1409.81 time, 1410.01 real, 350 MB, 1.01 load
[runlim] sample:		1419.81 time, 1420.01 real, 350 MB, 1.01 load
[runlim] sample:		1429.81 time, 1430.01 real, 351 MB, 1.01 load
[runlim] sample:		1439.81 time, 1440.01 real, 351 MB, 1.00 load
[runlim] sample:		1449.81 time, 1450.01 real, 351 MB, 1.00 load
[runlim] sample:		1459.81 time, 1460.01 real, 352 MB, 1.00 load
[runlim] sample:		1469.81 time, 1470.01 real, 352 MB, 1.00 load
[runlim] sample:		1479.81 time, 1480.01 real, 352 MB, 1.00 load
[runlim] sample:		1489.81 time, 1490.01 real, 352 MB, 1.00 load
[runlim] sample:		1499.81 time, 1500.01 real, 352 MB, 1.00 load
[runlim] sample:		1509.80 time, 1510.01 real, 352 MB, 1.00 load
[runlim] sample:		1519.80 time, 1520.01 real, 352 MB, 1.00 load
[runlim] sample:		1529.80 time, 1530.01 real, 352 MB, 1.00 load
[runlim] sample:		1539.80 time, 1540.01 real, 352 MB, 1.00 load
[runlim] sample:		1549.80 time, 1550.01 real, 352 MB, 1.00 load
[runlim] sample:		1559.80 time, 1560.01 real, 353 MB, 1.00 load
[runlim] sample:		1569.80 time, 1570.01 real, 353 MB, 1.00 load
[runlim] sample:		1579.80 time, 1580.01 real, 353 MB, 1.00 load
[runlim] sample:		1589.80 time, 1590.01 real, 353 MB, 1.00 load
[runlim] sample:		1599.80 time, 1600.01 real, 353 MB, 1.00 load
[runlim] sample:		1609.80 time, 1610.01 real, 363 MB, 1.00 load
[runlim] sample:		1619.80 time, 1620.01 real, 363 MB, 1.00 load
[runlim] sample:		1629.79 time, 1630.01 real, 363 MB, 1.00 load
[runlim] sample:		1639.80 time, 1640.01 real, 363 MB, 1.00 load
  SAT ! Makespan = 542
  Schedule is valid with Makespan = 542
  Total time: 1645.5334 seconds
------------------------------------------------------------------
[*] Trying with Upper Bound = 541...
[runlim] sample:		1649.80 time, 1650.01 real, 320 MB, 1.00 load
[runlim] sample:		1659.79 time, 1660.01 real, 335 MB, 1.00 load
[runlim] sample:		1669.79 time, 1670.01 real, 335 MB, 1.00 load
[runlim] sample:		1679.79 time, 1680.01 real, 328 MB, 1.00 load
[runlim] sample:		1689.79 time, 1690.01 real, 328 MB, 1.00 load
[runlim] sample:		1699.79 time, 1700.01 real, 328 MB, 1.00 load
[runlim] sample:		1709.79 time, 1710.01 real, 333 MB, 1.00 load
[runlim] sample:		1719.79 time, 1720.01 real, 362 MB, 1.00 load
[runlim] sample:		1729.79 time, 1730.01 real, 362 MB, 1.08 load
[runlim] sample:		1739.79 time, 1740.01 real, 362 MB, 1.07 load
[runlim] sample:		1749.79 time, 1750.01 real, 362 MB, 1.06 load
[runlim] sample:		1759.79 time, 1760.01 real, 362 MB, 1.05 load
[runlim] sample:		1769.78 time, 1770.01 real, 354 MB, 1.04 load
[runlim] sample:		1779.78 time, 1780.01 real, 354 MB, 1.03 load
[runlim] sample:		1789.78 time, 1790.01 real, 354 MB, 1.03 load
[runlim] sample:		1799.78 time, 1800.01 real, 355 MB, 1.02 load
[runlim] sample:		1809.78 time, 1810.01 real, 355 MB, 1.02 load
[runlim] sample:		1819.78 time, 1820.01 real, 355 MB, 1.02 load
  SAT ! Makespan = 541
  Schedule is valid with Makespan = 541
  Total time: 1828.8001 seconds
------------------------------------------------------------------
[*] Trying with Upper Bound = 540...
[runlim] sample:		1829.78 time, 1830.01 real, 360 MB, 1.01 load
[runlim] sample:		1839.78 time, 1840.01 real, 360 MB, 1.01 load
[runlim] sample:		1849.78 time, 1850.01 real, 382 MB, 1.01 load
[runlim] sample:		1859.78 time, 1860.01 real, 334 MB, 1.67 load
[runlim] sample:		1869.77 time, 1870.01 real, 334 MB, 1.57 load
[runlim] sample:		1879.77 time, 1880.01 real, 334 MB, 1.48 load
[runlim] sample:		1889.78 time, 1890.01 real, 340 MB, 1.40 load
[runlim] sample:		1899.78 time, 1900.01 real, 340 MB, 1.34 load
[runlim] sample:		1909.78 time, 1910.01 real, 348 MB, 1.29 load
[runlim] sample:		1919.77 time, 1920.01 real, 348 MB, 1.24 load
[runlim] sample:		1929.77 time, 1930.01 real, 348 MB, 1.21 load
[runlim] sample:		1939.77 time, 1940.01 real, 338 MB, 1.17 load
[runlim] sample:		1949.77 time, 1950.01 real, 338 MB, 1.15 load
[runlim] sample:		1959.77 time, 1960.01 real, 338 MB, 1.12 load
[runlim] sample:		1969.77 time, 1970.01 real, 370 MB, 1.10 load
[runlim] sample:		1979.77 time, 1980.01 real, 368 MB, 1.09 load
[runlim] sample:		1989.76 time, 1990.01 real, 368 MB, 1.07 load
[runlim] sample:		1999.76 time, 2000.01 real, 368 MB, 1.06 load
[runlim] sample:		2009.76 time, 2010.01 real, 368 MB, 1.05 load
[runlim] sample:		2019.76 time, 2020.01 real, 369 MB, 1.04 load
[runlim] sample:		2029.76 time, 2030.01 real, 369 MB, 1.04 load
[runlim] sample:		2039.77 time, 2040.01 real, 385 MB, 1.03 load
  SAT ! Makespan = 540
  Schedule is valid with Makespan = 540
  Total time: 2042.0583 seconds
------------------------------------------------------------------
[*] Trying with Upper Bound = 539...
[runlim] sample:		2049.77 time, 2050.01 real, 340 MB, 1.02 load
[runlim] sample:		2059.76 time, 2060.02 real, 340 MB, 1.02 load
[runlim] sample:		2069.75 time, 2070.01 real, 346 MB, 1.09 load
[runlim] sample:		2079.75 time, 2080.01 real, 346 MB, 1.08 load
[runlim] sample:		2089.75 time, 2090.01 real, 377 MB, 1.06 load
[runlim] sample:		2099.76 time, 2100.01 real, 379 MB, 1.05 load
[runlim] sample:		2109.75 time, 2110.01 real, 379 MB, 1.05 load
[runlim] sample:		2119.75 time, 2120.01 real, 379 MB, 1.04 load
[runlim] sample:		2129.74 time, 2130.01 real, 385 MB, 1.03 load
[runlim] sample:		2139.74 time, 2140.01 real, 385 MB, 1.03 load
[runlim] sample:		2149.74 time, 2150.01 real, 385 MB, 1.02 load
[runlim] sample:		2159.74 time, 2160.01 real, 385 MB, 1.02 load
[runlim] sample:		2169.74 time, 2170.01 real, 375 MB, 1.02 load
[runlim] sample:		2179.74 time, 2180.01 real, 375 MB, 1.01 load
[runlim] sample:		2189.74 time, 2190.01 real, 375 MB, 1.01 load
[runlim] sample:		2199.74 time, 2200.01 real, 375 MB, 1.01 load
[runlim] sample:		2209.74 time, 2210.01 real, 376 MB, 1.01 load
[runlim] sample:		2219.74 time, 2220.01 real, 376 MB, 1.00 load
[runlim] sample:		2229.74 time, 2230.01 real, 376 MB, 1.00 load
[runlim] sample:		2239.74 time, 2240.01 real, 380 MB, 1.00 load
[runlim] sample:		2249.73 time, 2250.01 real, 380 MB, 1.00 load
[runlim] sample:		2259.73 time, 2260.01 real, 380 MB, 1.00 load
[runlim] sample:		2269.74 time, 2270.01 real, 389 MB, 1.00 load
[runlim] sample:		2279.74 time, 2280.01 real, 389 MB, 1.00 load
[runlim] sample:		2289.74 time, 2290.01 real, 389 MB, 1.00 load
[runlim] sample:		2299.74 time, 2300.01 real, 389 MB, 1.00 load
[runlim] sample:		2309.73 time, 2310.01 real, 389 MB, 1.00 load
[runlim] sample:		2319.73 time, 2320.01 real, 389 MB, 1.00 load
[runlim] sample:		2329.73 time, 2330.01 real, 398 MB, 1.00 load
[runlim] sample:		2339.73 time, 2340.01 real, 398 MB, 1.00 load
[runlim] sample:		2349.73 time, 2350.01 real, 389 MB, 1.00 load
[runlim] sample:		2359.73 time, 2360.01 real, 389 MB, 1.07 load
[runlim] sample:		2369.73 time, 2370.01 real, 389 MB, 1.06 load
[runlim] sample:		2379.72 time, 2380.01 real, 393 MB, 1.05 load
[runlim] sample:		2389.72 time, 2390.01 real, 393 MB, 1.04 load
[runlim] sample:		2399.72 time, 2400.01 real, 393 MB, 1.04 load
[runlim] sample:		2409.72 time, 2410.01 real, 393 MB, 1.03 load
[runlim] sample:		2419.72 time, 2420.01 real, 379 MB, 1.02 load
[runlim] sample:		2429.72 time, 2430.01 real, 379 MB, 1.02 load
[runlim] sample:		2439.72 time, 2440.01 real, 379 MB, 1.02 load
[runlim] sample:		2449.73 time, 2450.01 real, 378 MB, 1.01 load
[runlim] sample:		2459.72 time, 2460.01 real, 378 MB, 1.01 load
[runlim] sample:		2469.72 time, 2470.01 real, 378 MB, 1.01 load
[runlim] sample:		2479.72 time, 2480.01 real, 378 MB, 1.01 load
[runlim] sample:		2489.71 time, 2490.01 real, 379 MB, 1.01 load
[runlim] sample:		2499.72 time, 2500.01 real, 380 MB, 1.00 load
[runlim] sample:		2509.71 time, 2510.01 real, 380 MB, 1.00 load
[runlim] sample:		2519.71 time, 2520.01 real, 380 MB, 1.00 load
[runlim] sample:		2529.71 time, 2530.01 real, 380 MB, 1.00 load
[runlim] sample:		2539.72 time, 2540.01 real, 381 MB, 1.00 load
[runlim] sample:		2549.72 time, 2550.01 real, 381 MB, 1.00 load
[runlim] sample:		2559.72 time, 2560.01 real, 381 MB, 1.00 load
[runlim] sample:		2569.71 time, 2570.01 real, 381 MB, 1.00 load
[runlim] sample:		2579.71 time, 2580.01 real, 382 MB, 1.00 load
[runlim] sample:		2589.71 time, 2590.01 real, 382 MB, 1.00 load
[runlim] sample:		2599.71 time, 2600.01 real, 382 MB, 1.00 load
[runlim] sample:		2609.71 time, 2610.01 real, 382 MB, 1.00 load
[runlim] sample:		2619.71 time, 2620.01 real, 382 MB, 1.00 load
[runlim] sample:		2629.71 time, 2630.01 real, 382 MB, 1.00 load
[runlim] sample:		2639.71 time, 2640.01 real, 382 MB, 1.00 load
[runlim] sample:		2649.71 time, 2650.01 real, 382 MB, 1.00 load
[runlim] sample:		2659.70 time, 2660.01 real, 382 MB, 1.00 load
[runlim] sample:		2669.70 time, 2670.01 real, 383 MB, 1.00 load
[runlim] sample:		2679.69 time, 2680.01 real, 383 MB, 1.00 load
[runlim] sample:		2689.69 time, 2690.01 real, 383 MB, 1.00 load
[runlim] sample:		2699.70 time, 2700.01 real, 383 MB, 1.00 load
[runlim] sample:		2709.70 time, 2710.01 real, 383 MB, 1.00 load
[runlim] sample:		2719.69 time, 2720.01 real, 383 MB, 1.00 load
[runlim] sample:		2729.69 time, 2730.01 real, 383 MB, 1.00 load
[runlim] sample:		2739.69 time, 2740.01 real, 383 MB, 1.00 load
[runlim] sample:		2749.69 time, 2750.01 real, 383 MB, 1.00 load
[runlim] sample:		2759.69 time, 2760.01 real, 383 MB, 1.00 load
[runlim] sample:		2769.69 time, 2770.01 real, 384 MB, 1.00 load
[runlim] sample:		2779.69 time, 2780.01 real, 384 MB, 1.00 load
[runlim] sample:		2789.69 time, 2790.01 real, 384 MB, 1.00 load
[runlim] sample:		2799.68 time, 2800.01 real, 384 MB, 1.00 load
[runlim] sample:		2809.68 time, 2810.01 real, 384 MB, 1.00 load
[runlim] sample:		2819.68 time, 2820.01 real, 384 MB, 1.00 load
[runlim] sample:		2829.68 time, 2830.01 real, 384 MB, 1.00 load
[runlim] sample:		2839.68 time, 2840.01 real, 384 MB, 1.00 load
[runlim] sample:		2849.68 time, 2850.01 real, 394 MB, 1.00 load
[runlim] sample:		2859.68 time, 2860.01 real, 394 MB, 1.00 load
[runlim] sample:		2869.68 time, 2870.01 real, 394 MB, 1.29 load
[runlim] sample:		2879.67 time, 2880.01 real, 396 MB, 1.25 load
[runlim] sample:		2889.67 time, 2890.01 real, 396 MB, 1.21 load
[runlim] sample:		2899.67 time, 2900.01 real, 396 MB, 1.18 load
[runlim] sample:		2909.68 time, 2910.01 real, 401 MB, 1.15 load
[runlim] sample:		2919.67 time, 2920.01 real, 401 MB, 1.13 load
[runlim] sample:		2929.67 time, 2930.01 real, 401 MB, 1.11 load
[runlim] sample:		2939.67 time, 2940.01 real, 404 MB, 1.09 load
[runlim] sample:		2949.67 time, 2950.01 real, 404 MB, 1.08 load
[runlim] sample:		2959.67 time, 2960.01 real, 404 MB, 1.06 load
[runlim] sample:		2969.67 time, 2970.01 real, 399 MB, 1.05 load
[runlim] sample:		2979.67 time, 2980.01 real, 399 MB, 1.04 load
[runlim] sample:		2989.67 time, 2990.01 real, 399 MB, 1.04 load
[runlim] sample:		2999.66 time, 3000.01 real, 401 MB, 1.03 load
[runlim] sample:		3009.66 time, 3010.01 real, 401 MB, 1.03 load
[runlim] sample:		3019.66 time, 3020.01 real, 401 MB, 1.02 load
[runlim] sample:		3029.67 time, 3030.01 real, 400 MB, 1.02 load
[runlim] sample:		3039.67 time, 3040.01 real, 400 MB, 1.09 load
[runlim] sample:		3049.66 time, 3050.01 real, 400 MB, 1.07 load
[runlim] sample:		3059.67 time, 3060.01 real, 400 MB, 1.06 load
[runlim] sample:		3069.66 time, 3070.01 real, 400 MB, 1.05 load
[runlim] sample:		3079.66 time, 3080.01 real, 400 MB, 1.04 load
[runlim] sample:		3089.66 time, 3090.01 real, 404 MB, 1.04 load
[runlim] sample:		3099.67 time, 3100.01 real, 404 MB, 1.03 load
[runlim] sample:		3109.66 time, 3110.01 real, 404 MB, 1.03 load
[runlim] sample:		3119.66 time, 3120.01 real, 400 MB, 1.02 load
[runlim] sample:		3129.66 time, 3130.01 real, 400 MB, 1.02 load
[runlim] sample:		3139.66 time, 3140.01 real, 400 MB, 1.01 load
[runlim] sample:		3149.66 time, 3150.01 real, 398 MB, 1.01 load
[runlim] sample:		3159.66 time, 3160.01 real, 398 MB, 1.01 load
[runlim] sample:		3169.66 time, 3170.01 real, 398 MB, 1.01 load
[runlim] sample:		3179.65 time, 3180.01 real, 398 MB, 1.01 load
[runlim] sample:		3189.65 time, 3190.01 real, 398 MB, 1.00 load
[runlim] sample:		3199.65 time, 3200.01 real, 398 MB, 1.00 load
[runlim] sample:		3209.65 time, 3210.01 real, 398 MB, 1.00 load
[runlim] sample:		3219.65 time, 3220.01 real, 404 MB, 1.00 load
[runlim] sample:		3229.66 time, 3230.01 real, 404 MB, 1.08 load
[runlim] sample:		3239.65 time, 3240.01 real, 404 MB, 1.07 load
[runlim] sample:		3249.65 time, 3250.01 real, 404 MB, 1.06 load
[runlim] sample:		3259.65 time, 3260.01 real, 406 MB, 1.13 load
[runlim] sample:		3269.64 time, 3270.01 real, 406 MB, 1.11 load
[runlim] sample:		3279.64 time, 3280.01 real, 406 MB, 1.09 load
[runlim] sample:		3289.64 time, 3290.01 real, 419 MB, 1.08 load
[runlim] sample:		3299.64 time, 3300.01 real, 419 MB, 1.06 load
[runlim] sample:		3309.64 time, 3310.01 real, 419 MB, 1.05 load
[runlim] sample:		3319.64 time, 3320.01 real, 419 MB, 1.05 load
[runlim] sample:		3329.64 time, 3330.01 real, 419 MB, 1.04 load
[runlim] sample:		3339.64 time, 3340.01 real, 415 MB, 1.03 load
[runlim] sample:		3349.64 time, 3350.01 real, 415 MB, 1.10 load
[runlim] sample:		3359.64 time, 3360.01 real, 415 MB, 1.08 load
[runlim] sample:		3369.64 time, 3370.01 real, 408 MB, 1.07 load
[runlim] sample:		3379.64 time, 3380.01 real, 408 MB, 1.06 load
[runlim] sample:		3389.63 time, 3390.01 real, 408 MB, 1.05 load
[runlim] sample:		3399.63 time, 3400.01 real, 408 MB, 1.04 load
[runlim] sample:		3409.63 time, 3410.01 real, 408 MB, 1.04 load
[runlim] sample:		3419.63 time, 3420.01 real, 408 MB, 1.03 load
[runlim] sample:		3429.63 time, 3430.01 real, 408 MB, 1.02 load
[runlim] sample:		3439.63 time, 3440.01 real, 408 MB, 1.02 load
[runlim] sample:		3449.63 time, 3450.01 real, 403 MB, 1.02 load
[runlim] sample:		3459.63 time, 3460.01 real, 403 MB, 1.01 load
[runlim] sample:		3469.63 time, 3470.01 real, 403 MB, 1.01 load
[runlim] sample:		3479.63 time, 3480.01 real, 403 MB, 1.01 load
[runlim] sample:		3489.63 time, 3490.01 real, 390 MB, 1.01 load
[runlim] sample:		3499.62 time, 3500.01 real, 390 MB, 1.01 load
[runlim] sample:		3509.62 time, 3510.01 real, 390 MB, 1.00 load
[runlim] sample:		3519.62 time, 3520.01 real, 390 MB, 1.00 load
[runlim] sample:		3529.62 time, 3530.01 real, 390 MB, 1.00 load
[runlim] sample:		3539.62 time, 3540.01 real, 474 MB, 1.00 load
[runlim] sample:		3549.62 time, 3550.01 real, 389 MB, 1.00 load
[runlim] sample:		3559.62 time, 3560.01 real, 389 MB, 1.00 load
[runlim] sample:		3569.62 time, 3570.01 real, 389 MB, 1.00 load
[runlim] sample:		3579.62 time, 3580.01 real, 392 MB, 1.00 load
[runlim] sample:		3589.62 time, 3590.01 real, 392 MB, 1.00 load
[runlim] sample:		3599.62 time, 3600.01 real, 392 MB, 1.00 load
[runlim] end:			Sat Aug 15 11:50:05 2026
[runlim] status:		out of time
[runlim] result:		2
[runlim] children:		1
[runlim] processes:		2
[runlim] real:			3601.04 seconds
[runlim] time:			3599.62 seconds
[runlim] space:			531 MB
[runlim] load:			1.73 maximum
[runlim] samples:		36000
