[runlim] version:		2.0.0rc12
[runlim] host:			fjssp-instance1
[runlim] time limit:		311040000 seconds
[runlim] real time limit:	3600 seconds
[runlim] space limit:		14000 MB
[runlim] argv[0]:		python3
[runlim] argv[1]:		-u
[runlim] argv[2]:		mip.py
[runlim] argv[3]:		--input
[runlim] argv[4]:		datasets/fmj/mfjs02
[runlim] argv[5]:		--factories
[runlim] argv[6]:		2
[runlim] start:			Tue Sep  1 00:51:04 2026
[runlim] child:			4237
======================================================================
INSTANCE
======================================================================
File       : datasets/fmj/mfjs02
Operations : 15
Jobs       : 5
Machines   : 7
Factories  : 2
Edges      : 10

======================================================================
GREEDY HEURISTIC
======================================================================
Greedy UB   : 516
Greedy time : 0.000084 sec

======================================================================
MODEL 1 PARAMETERS
======================================================================
Greedy UB = 516
First operations = 5
Last operations  = 5

Adding greedy MIP start...

======================================================================
MODEL STATISTICS
======================================================================
Variables    : 296
Constraints : 453
Greedy UB   : 516

======================================================================
START CPLEX
======================================================================
Version identifier: 22.2.0.0 | 2026-05-04 | 5dff98e58
CPXPARAM_Read_DataCheck                          1
1 of 1 MIP starts provided solutions.
MIP start 'm1' defined initial solution with objective 516.0000.
Tried aggregator 2 times.
MIP Presolve eliminated 5 rows and 0 columns.
Aggregator did 5 substitutions.
Reduced MIP has 443 rows, 291 columns, and 2228 nonzeros.
Reduced MIP has 275 binaries, 0 generals, 0 SOSs, and 0 indicators.
Presolve time = 0.00 sec. (1.37 ticks)
Probing time = 0.00 sec. (0.65 ticks)
Tried aggregator 1 time.
Detecting symmetries...
Reduced MIP has 443 rows, 291 columns, and 2228 nonzeros.
Reduced MIP has 275 binaries, 0 generals, 0 SOSs, and 0 indicators.
Presolve time = 0.00 sec. (1.13 ticks)
Probing time = 0.00 sec. (0.65 ticks)
Clique table members: 339.
MIP emphasis: balance optimality and feasibility.
MIP search method: dynamic search.
Parallel mode: deterministic, using up to 2 threads.
Root relaxation solution time = 0.00 sec. (2.01 ticks)

        Nodes                                         Cuts/
   Node  Left     Objective  IInf  Best Integer    Best Bound    ItCnt     Gap

*     0+    0                          516.0000        0.0000           100.00%
      0     0      396.0000     5      516.0000      396.0000       77   23.26%
*     0+    0                          491.0000      396.0000            19.35%
      0     0      396.0000    16      491.0000      Cuts: 10       87   19.35%
*     0+    0                          481.0000      396.0000            17.67%
*     0+    0                          440.0000      396.0000            10.00%
Detecting symmetries...
      0     2      396.0000     3      440.0000      396.0000       87   10.00%
Elapsed time = 0.02 sec. (23.25 ticks, tree = 0.02 MB, solutions = 4)
*    10+    1                          433.0000      396.0000             8.55%
*    30+   15                          430.0000      396.0000             7.91%
*    37    20      integral     0      396.0000      396.0000      203    0.00%

Implied bound cuts applied:  2
Flow cuts applied:  3
Zero-half cuts applied:  1

Root node processing (before b&c):
  Real time             =    0.02 sec. (23.07 ticks)
Parallel b&c, 2 threads:
  Real time             =    0.00 sec. (6.32 ticks)
  Sync time (average)   =    0.00 sec.
  Wait time (average)   =    0.00 sec.
                          ------------
Total (root+branch&cut) =    0.03 sec. (29.39 ticks)

======================================================================
RESULT
======================================================================
Status     : integer optimal solution
Time       : 0.030
Makespan   : 396.000000
Best bound : 396.000000
Gap        : 0.0000%

======================================================================
FINAL SUMMARY
======================================================================
Greedy UB : 516
CPLEX     : 396.000000
Bound     : 396.000000
Time      : 0.030
[runlim] end:			Tue Sep  1 00:51:05 2026
[runlim] status:		ok
[runlim] result:		0
[runlim] children:		1
[runlim] processes:		2
[runlim] real:			0.14 seconds
[runlim] time:			0.10 seconds
[runlim] space:			45 MB
[runlim] load:			0.95 maximum
[runlim] samples:		2
