[runlim] version:		2.0.0rc12
[runlim] host:			fjssp-instance1
[runlim] time limit:		311040000 seconds
[runlim] real time limit:	3600 seconds
[runlim] space limit:		14000 MB
[runlim] argv[0]:		python3
[runlim] argv[1]:		-u
[runlim] argv[2]:		mip.py
[runlim] argv[3]:		--input
[runlim] argv[4]:		datasets/fmj/mfjs01
[runlim] argv[5]:		--factories
[runlim] argv[6]:		2
[runlim] start:			Tue Sep  1 00:51:04 2026
[runlim] child:			4231
======================================================================
INSTANCE
======================================================================
File       : datasets/fmj/mfjs01
Operations : 15
Jobs       : 5
Machines   : 6
Factories  : 2
Edges      : 10

======================================================================
GREEDY HEURISTIC
======================================================================
Greedy UB   : 416
Greedy time : 0.000216 sec

======================================================================
MODEL 1 PARAMETERS
======================================================================
Greedy UB = 416
First operations = 5
Last operations  = 5

Adding greedy MIP start...

======================================================================
MODEL STATISTICS
======================================================================
Variables    : 244
Constraints : 371
Greedy UB   : 416

======================================================================
START CPLEX
======================================================================
Version identifier: 22.2.0.0 | 2026-05-04 | 5dff98e58
CPXPARAM_Read_DataCheck                          1
1 of 1 MIP starts provided solutions.
MIP start 'm1' defined initial solution with objective 416.0000.
Tried aggregator 2 times.
MIP Presolve eliminated 5 rows and 0 columns.
MIP Presolve modified 174 coefficients.
Aggregator did 7 substitutions.
Reduced MIP has 359 rows, 237 columns, and 1784 nonzeros.
Reduced MIP has 221 binaries, 0 generals, 0 SOSs, and 0 indicators.
Presolve time = 0.00 sec. (1.16 ticks)
Probing time = 0.00 sec. (0.44 ticks)
Tried aggregator 1 time.
Detecting symmetries...
Reduced MIP has 359 rows, 237 columns, and 1784 nonzeros.
Reduced MIP has 221 binaries, 0 generals, 0 SOSs, and 0 indicators.
Presolve time = 0.00 sec. (0.92 ticks)
Probing time = 0.00 sec. (0.44 ticks)
Clique table members: 239.
MIP emphasis: balance optimality and feasibility.
MIP search method: dynamic search.
Parallel mode: deterministic, using up to 2 threads.
Root relaxation solution time = 0.00 sec. (0.73 ticks)

        Nodes                                         Cuts/
   Node  Left     Objective  IInf  Best Integer    Best Bound    ItCnt     Gap

*     0+    0                          416.0000      173.0000            58.41%
      0     0      403.0000    10      416.0000      403.0000       23    3.12%
      0     0      403.0000    10      416.0000       Cuts: 9       27    3.12%
*     0+    0                          403.0000      403.0000             0.00%
      0     0        cutoff            403.0000      403.0000       27    0.00%
Elapsed time = 0.01 sec. (13.05 ticks, tree = 0.01 MB, solutions = 2)

Cover cuts applied:  1
Flow cuts applied:  1
Mixed integer rounding cuts applied:  2
Zero-half cuts applied:  2

Root node processing (before b&c):
  Real time             =    0.01 sec. (13.06 ticks)
Parallel b&c, 2 threads:
  Real time             =    0.00 sec. (0.00 ticks)
  Sync time (average)   =    0.00 sec.
  Wait time (average)   =    0.00 sec.
                          ------------
Total (root+branch&cut) =    0.01 sec. (13.06 ticks)

======================================================================
RESULT
======================================================================
Status     : integer optimal solution
Time       : 0.018
Makespan   : 403.000000
Best bound : 403.000000
Gap        : 0.0000%

======================================================================
FINAL SUMMARY
======================================================================
Greedy UB : 416
CPLEX     : 403.000000
Bound     : 403.000000
Time      : 0.018
[runlim] end:			Tue Sep  1 00:51:04 2026
[runlim] status:		ok
[runlim] result:		0
[runlim] children:		1
[runlim] processes:		2
[runlim] real:			0.13 seconds
[runlim] time:			0.09 seconds
[runlim] space:			44 MB
[runlim] load:			0.95 maximum
[runlim] samples:		2
