[runlim] version:		2.0.0rc12
[runlim] host:			fjssp-instance
[runlim] time limit:		311040000 seconds
[runlim] real time limit:	3600 seconds
[runlim] space limit:		14000 MB
[runlim] argv[0]:		python3
[runlim] argv[1]:		-u
[runlim] argv[2]:		main.py
[runlim] argv[3]:		--input
[runlim] argv[4]:		datasets/brandimarte/MK10
[runlim] argv[5]:		--sb
[runlim] argv[6]:		--factories
[runlim] argv[7]:		2
[runlim] argv[8]:		--half_transitive
[runlim] start:			Fri Aug 14 19:08:50 2026
[runlim] child:			282406
[*] Loading data from file: datasets/brandimarte/MK10
[*] Running D-FJSSP SAT Solver with 2 factories, Symmetry Breaking = ON, Transitive E* = HALF
===========================================================================
 D-FJSSP SAT SOLVER - PARALLEL FACTORIES SCHEDULING
===========================================================================
  -> Operations: 240 | Jobs: 20 | Machines: 15 | Factories: 2

[*] Running Greedy Heuristic...
  -> Greedy Solution: Makespan = 159 (0.0006s)

[*] Initializing and solving the SAT model...
------------------------------------------------------------------
[*] Trying with Upper Bound = 159...
  SAT ! Makespan = 159
  Schedule is valid with Makespan = 159
  Total time: 3.4148 seconds
------------------------------------------------------------------
[*] Trying with Upper Bound = 158...
  SAT ! Makespan = 158
  Schedule is valid with Makespan = 158
  Total time: 7.7964 seconds
------------------------------------------------------------------
[*] Trying with Upper Bound = 157...
  SAT ! Makespan = 157
  Schedule is valid with Makespan = 157
  Total time: 8.8680 seconds
------------------------------------------------------------------
[*] Trying with Upper Bound = 156...
  SAT ! Makespan = 156
  Schedule is valid with Makespan = 156
  Total time: 9.1965 seconds
------------------------------------------------------------------
[*] Trying with Upper Bound = 155...
  SAT ! Makespan = 155
  Schedule is valid with Makespan = 155
  Total time: 9.5389 seconds
------------------------------------------------------------------
[*] Trying with Upper Bound = 154...
[runlim] sample:		10.00 time, 10.01 real, 357 MB, 1.00 load
  SAT ! Makespan = 154
  Schedule is valid with Makespan = 154
  Total time: 11.7214 seconds
------------------------------------------------------------------
[*] Trying with Upper Bound = 153...
  SAT ! Makespan = 153
  Schedule is valid with Makespan = 153
  Total time: 12.0831 seconds
------------------------------------------------------------------
[*] Trying with Upper Bound = 152...
  SAT ! Makespan = 152
  Schedule is valid with Makespan = 152
  Total time: 12.2738 seconds
------------------------------------------------------------------
[*] Trying with Upper Bound = 151...
  SAT ! Makespan = 151
  Schedule is valid with Makespan = 151
  Total time: 13.3958 seconds
------------------------------------------------------------------
[*] Trying with Upper Bound = 150...
  SAT ! Makespan = 150
  Schedule is valid with Makespan = 150
  Total time: 14.1031 seconds
------------------------------------------------------------------
[*] Trying with Upper Bound = 149...
  SAT ! Makespan = 149
  Schedule is valid with Makespan = 149
  Total time: 16.2651 seconds
------------------------------------------------------------------
[*] Trying with Upper Bound = 148...
  SAT ! Makespan = 148
  Schedule is valid with Makespan = 148
  Total time: 17.3028 seconds
------------------------------------------------------------------
[*] Trying with Upper Bound = 147...
  SAT ! Makespan = 147
  Schedule is valid with Makespan = 147
  Total time: 17.4721 seconds
------------------------------------------------------------------
[*] Trying with Upper Bound = 146...
  SAT ! Makespan = 146
  Schedule is valid with Makespan = 146
  Total time: 18.2738 seconds
------------------------------------------------------------------
[*] Trying with Upper Bound = 145...
  SAT ! Makespan = 145
  Schedule is valid with Makespan = 145
  Total time: 18.9271 seconds
------------------------------------------------------------------
[*] Trying with Upper Bound = 144...
  SAT ! Makespan = 144
  Schedule is valid with Makespan = 144
  Total time: 19.7433 seconds
------------------------------------------------------------------
[*] Trying with Upper Bound = 143...
[runlim] sample:		20.00 time, 20.01 real, 310 MB, 1.00 load
  SAT ! Makespan = 143
  Schedule is valid with Makespan = 143
  Total time: 21.3716 seconds
------------------------------------------------------------------
[*] Trying with Upper Bound = 142...
  SAT ! Makespan = 142
  Schedule is valid with Makespan = 142
  Total time: 22.2356 seconds
------------------------------------------------------------------
[*] Trying with Upper Bound = 141...
  SAT ! Makespan = 141
  Schedule is valid with Makespan = 141
  Total time: 22.9423 seconds
------------------------------------------------------------------
[*] Trying with Upper Bound = 140...
  SAT ! Makespan = 140
  Schedule is valid with Makespan = 140
  Total time: 23.9731 seconds
------------------------------------------------------------------
[*] Trying with Upper Bound = 139...
  SAT ! Makespan = 139
  Schedule is valid with Makespan = 139
  Total time: 27.5963 seconds
------------------------------------------------------------------
[*] Trying with Upper Bound = 138...
  SAT ! Makespan = 138
  Schedule is valid with Makespan = 138
  Total time: 28.3898 seconds
------------------------------------------------------------------
[*] Trying with Upper Bound = 137...
[runlim] sample:		29.99 time, 30.01 real, 302 MB, 1.08 load
  SAT ! Makespan = 137
  Schedule is valid with Makespan = 137
  Total time: 30.8627 seconds
------------------------------------------------------------------
[*] Trying with Upper Bound = 136...
  SAT ! Makespan = 136
  Schedule is valid with Makespan = 136
  Total time: 32.8331 seconds
------------------------------------------------------------------
[*] Trying with Upper Bound = 135...
  SAT ! Makespan = 135
  Schedule is valid with Makespan = 135
  Total time: 35.3551 seconds
------------------------------------------------------------------
[*] Trying with Upper Bound = 134...
  SAT ! Makespan = 134
  Schedule is valid with Makespan = 134
  Total time: 38.7619 seconds
------------------------------------------------------------------
[*] Trying with Upper Bound = 133...
[runlim] sample:		39.99 time, 40.01 real, 283 MB, 1.07 load
  SAT ! Makespan = 133
  Schedule is valid with Makespan = 133
  Total time: 42.4724 seconds
------------------------------------------------------------------
[*] Trying with Upper Bound = 132...
  SAT ! Makespan = 132
  Schedule is valid with Makespan = 132
  Total time: 47.9006 seconds
------------------------------------------------------------------
[*] Trying with Upper Bound = 131...
[runlim] sample:		49.98 time, 50.01 real, 283 MB, 1.06 load
[runlim] sample:		59.98 time, 60.01 real, 283 MB, 1.05 load
  SAT ! Makespan = 131
  Schedule is valid with Makespan = 131
  Total time: 60.2661 seconds
------------------------------------------------------------------
[*] Trying with Upper Bound = 130...
  SAT ! Makespan = 130
  Schedule is valid with Makespan = 130
  Total time: 61.1640 seconds
------------------------------------------------------------------
[*] Trying with Upper Bound = 129...
[runlim] sample:		69.98 time, 70.01 real, 283 MB, 1.04 load
  SAT ! Makespan = 129
  Schedule is valid with Makespan = 129
  Total time: 74.2709 seconds
------------------------------------------------------------------
[*] Trying with Upper Bound = 128...
[runlim] sample:		79.99 time, 80.01 real, 305 MB, 1.03 load
  SAT ! Makespan = 128
  Schedule is valid with Makespan = 128
  Total time: 88.4126 seconds
------------------------------------------------------------------
[*] Trying with Upper Bound = 127...
[runlim] sample:		89.98 time, 90.01 real, 249 MB, 1.03 load
[runlim] sample:		99.98 time, 100.01 real, 279 MB, 1.02 load
  SAT ! Makespan = 127
  Schedule is valid with Makespan = 127
  Total time: 108.7262 seconds
------------------------------------------------------------------
[*] Trying with Upper Bound = 126...
[runlim] sample:		109.98 time, 110.01 real, 279 MB, 1.02 load
[runlim] sample:		119.98 time, 120.01 real, 280 MB, 1.02 load
[runlim] sample:		129.98 time, 130.01 real, 280 MB, 1.01 load
[runlim] sample:		139.97 time, 140.01 real, 280 MB, 1.01 load
[runlim] sample:		149.97 time, 150.01 real, 280 MB, 1.01 load
[runlim] sample:		159.97 time, 160.01 real, 280 MB, 1.01 load
[runlim] sample:		169.97 time, 170.01 real, 280 MB, 1.00 load
[runlim] sample:		179.97 time, 180.01 real, 280 MB, 1.00 load
[runlim] sample:		189.97 time, 190.01 real, 280 MB, 1.00 load
[runlim] sample:		199.97 time, 200.01 real, 280 MB, 1.00 load
  SAT ! Makespan = 126
  Schedule is valid with Makespan = 126
  Total time: 208.1004 seconds
------------------------------------------------------------------
[*] Trying with Upper Bound = 125...
[runlim] sample:		209.97 time, 210.01 real, 280 MB, 1.00 load
[runlim] sample:		219.96 time, 220.01 real, 215 MB, 1.00 load
[runlim] sample:		229.97 time, 230.01 real, 251 MB, 1.00 load
[runlim] sample:		239.96 time, 240.01 real, 249 MB, 1.00 load
[runlim] sample:		249.96 time, 250.01 real, 247 MB, 1.00 load
[runlim] sample:		259.96 time, 260.01 real, 247 MB, 1.00 load
[runlim] sample:		269.96 time, 270.01 real, 280 MB, 1.00 load
[runlim] sample:		279.96 time, 280.01 real, 247 MB, 1.72 load
[runlim] sample:		289.96 time, 290.01 real, 247 MB, 1.61 load
[runlim] sample:		299.96 time, 300.01 real, 289 MB, 1.52 load
[runlim] sample:		309.96 time, 310.01 real, 284 MB, 1.44 load
[runlim] sample:		319.96 time, 320.01 real, 247 MB, 1.37 load
[runlim] sample:		329.96 time, 330.01 real, 247 MB, 1.31 load
[runlim] sample:		339.96 time, 340.01 real, 285 MB, 1.26 load
[runlim] sample:		349.96 time, 350.01 real, 281 MB, 1.22 load
[runlim] sample:		359.96 time, 360.01 real, 247 MB, 1.35 load
[runlim] sample:		369.96 time, 370.01 real, 282 MB, 1.29 load
[runlim] sample:		379.96 time, 380.01 real, 247 MB, 1.25 load
[runlim] sample:		389.96 time, 390.01 real, 284 MB, 1.21 load
[runlim] sample:		399.96 time, 400.01 real, 247 MB, 1.18 load
[runlim] sample:		409.95 time, 410.01 real, 285 MB, 1.22 load
[runlim] sample:		419.95 time, 420.01 real, 247 MB, 1.19 load
[runlim] sample:		429.95 time, 430.01 real, 286 MB, 1.16 load
[runlim] sample:		439.95 time, 440.01 real, 247 MB, 1.13 load
[runlim] sample:		449.95 time, 450.01 real, 287 MB, 1.11 load
[runlim] sample:		459.95 time, 460.01 real, 249 MB, 1.10 load
[runlim] sample:		469.95 time, 470.01 real, 225 MB, 1.08 load
[runlim] sample:		479.95 time, 480.01 real, 226 MB, 1.07 load
[runlim] sample:		489.95 time, 490.01 real, 226 MB, 1.06 load
[runlim] sample:		499.95 time, 500.01 real, 226 MB, 1.05 load
[runlim] sample:		509.95 time, 510.01 real, 226 MB, 1.04 load
[runlim] sample:		519.95 time, 520.01 real, 248 MB, 1.03 load
[runlim] sample:		529.95 time, 530.01 real, 247 MB, 1.11 load
[runlim] sample:		539.95 time, 540.01 real, 254 MB, 1.09 load
[runlim] sample:		549.94 time, 550.01 real, 249 MB, 1.08 load
[runlim] sample:		559.94 time, 560.01 real, 253 MB, 1.06 load
[runlim] sample:		569.94 time, 570.01 real, 251 MB, 1.05 load
[runlim] sample:		579.94 time, 580.01 real, 249 MB, 1.05 load
[runlim] sample:		589.94 time, 590.01 real, 254 MB, 1.04 load
[runlim] sample:		599.93 time, 600.01 real, 252 MB, 1.03 load
[runlim] sample:		609.94 time, 610.01 real, 248 MB, 1.03 load
[runlim] sample:		619.94 time, 620.01 real, 250 MB, 1.02 load
[runlim] sample:		629.94 time, 630.01 real, 254 MB, 1.02 load
[runlim] sample:		639.94 time, 640.01 real, 254 MB, 1.02 load
[runlim] sample:		649.94 time, 650.01 real, 245 MB, 1.01 load
[runlim] sample:		659.94 time, 660.01 real, 250 MB, 1.01 load
[runlim] sample:		669.93 time, 670.01 real, 256 MB, 1.01 load
[runlim] sample:		679.93 time, 680.01 real, 256 MB, 1.01 load
[runlim] sample:		689.94 time, 690.01 real, 254 MB, 1.00 load
[runlim] sample:		699.93 time, 700.01 real, 254 MB, 1.00 load
[runlim] sample:		709.93 time, 710.01 real, 251 MB, 1.00 load
[runlim] sample:		719.93 time, 720.01 real, 251 MB, 1.00 load
[runlim] sample:		729.94 time, 730.01 real, 254 MB, 1.00 load
[runlim] sample:		739.94 time, 740.01 real, 254 MB, 1.00 load
[runlim] sample:		749.93 time, 750.01 real, 256 MB, 1.00 load
[runlim] sample:		759.93 time, 760.01 real, 258 MB, 1.00 load
[runlim] sample:		769.93 time, 770.01 real, 258 MB, 1.00 load
[runlim] sample:		779.93 time, 780.01 real, 258 MB, 1.00 load
[runlim] sample:		789.93 time, 790.01 real, 257 MB, 1.00 load
[runlim] sample:		799.93 time, 800.01 real, 255 MB, 1.00 load
[runlim] sample:		809.93 time, 810.01 real, 257 MB, 1.00 load
[runlim] sample:		819.93 time, 820.01 real, 257 MB, 1.00 load
[runlim] sample:		829.93 time, 830.01 real, 255 MB, 1.00 load
[runlim] sample:		839.92 time, 840.01 real, 249 MB, 1.00 load
[runlim] sample:		849.93 time, 850.01 real, 250 MB, 1.00 load
[runlim] sample:		859.93 time, 860.01 real, 250 MB, 1.00 load
[runlim] sample:		869.92 time, 870.01 real, 251 MB, 1.00 load
[runlim] sample:		879.92 time, 880.01 real, 251 MB, 1.00 load
[runlim] sample:		889.92 time, 890.01 real, 252 MB, 1.00 load
[runlim] sample:		899.92 time, 900.01 real, 252 MB, 1.00 load
[runlim] sample:		909.92 time, 910.01 real, 252 MB, 1.00 load
[runlim] sample:		919.92 time, 920.01 real, 253 MB, 1.00 load
[runlim] sample:		929.92 time, 930.01 real, 254 MB, 1.00 load
[runlim] sample:		939.92 time, 940.01 real, 254 MB, 1.00 load
[runlim] sample:		949.92 time, 950.01 real, 254 MB, 1.00 load
[runlim] sample:		959.92 time, 960.01 real, 254 MB, 1.00 load
[runlim] sample:		969.92 time, 970.01 real, 255 MB, 1.00 load
[runlim] sample:		979.92 time, 980.01 real, 256 MB, 1.00 load
[runlim] sample:		989.91 time, 990.01 real, 256 MB, 1.00 load
[runlim] sample:		999.92 time, 1000.01 real, 256 MB, 1.00 load
[runlim] sample:		1009.92 time, 1010.01 real, 257 MB, 1.00 load
[runlim] sample:		1019.92 time, 1020.01 real, 257 MB, 1.00 load
[runlim] sample:		1029.92 time, 1030.01 real, 257 MB, 1.00 load
[runlim] sample:		1039.92 time, 1040.01 real, 257 MB, 1.00 load
[runlim] sample:		1049.91 time, 1050.01 real, 258 MB, 1.00 load
[runlim] sample:		1059.91 time, 1060.01 real, 258 MB, 1.00 load
[runlim] sample:		1069.92 time, 1070.01 real, 257 MB, 1.00 load
[runlim] sample:		1079.92 time, 1080.01 real, 257 MB, 1.00 load
[runlim] sample:		1089.92 time, 1090.01 real, 258 MB, 1.00 load
[runlim] sample:		1099.92 time, 1100.01 real, 258 MB, 1.00 load
[runlim] sample:		1109.91 time, 1110.01 real, 258 MB, 1.00 load
[runlim] sample:		1119.91 time, 1120.01 real, 259 MB, 1.00 load
[runlim] sample:		1129.91 time, 1130.01 real, 259 MB, 1.00 load
[runlim] sample:		1139.91 time, 1140.01 real, 259 MB, 1.00 load
[runlim] sample:		1149.90 time, 1150.01 real, 259 MB, 1.08 load
[runlim] sample:		1159.90 time, 1160.01 real, 261 MB, 1.07 load
[runlim] sample:		1169.90 time, 1170.01 real, 261 MB, 1.06 load
[runlim] sample:		1179.90 time, 1180.01 real, 260 MB, 1.05 load
[runlim] sample:		1189.90 time, 1190.01 real, 260 MB, 1.04 load
[runlim] sample:		1199.89 time, 1200.01 real, 260 MB, 1.03 load
[runlim] sample:		1209.89 time, 1210.01 real, 260 MB, 1.03 load
[runlim] sample:		1219.90 time, 1220.01 real, 260 MB, 1.02 load
[runlim] sample:		1229.90 time, 1230.01 real, 261 MB, 1.02 load
[runlim] sample:		1239.90 time, 1240.01 real, 261 MB, 1.02 load
[runlim] sample:		1249.90 time, 1250.01 real, 262 MB, 1.01 load
[runlim] sample:		1259.90 time, 1260.01 real, 262 MB, 1.01 load
[runlim] sample:		1269.89 time, 1270.01 real, 262 MB, 1.01 load
[runlim] sample:		1279.89 time, 1280.01 real, 262 MB, 1.09 load
[runlim] sample:		1289.90 time, 1290.01 real, 275 MB, 1.07 load
[runlim] sample:		1299.90 time, 1300.01 real, 275 MB, 1.06 load
[runlim] sample:		1309.89 time, 1310.01 real, 275 MB, 1.05 load
[runlim] sample:		1319.89 time, 1320.01 real, 275 MB, 1.04 load
[runlim] sample:		1329.89 time, 1330.01 real, 276 MB, 1.04 load
[runlim] sample:		1339.89 time, 1340.01 real, 276 MB, 1.03 load
[runlim] sample:		1349.89 time, 1350.01 real, 276 MB, 1.02 load
[runlim] sample:		1359.89 time, 1360.01 real, 276 MB, 1.02 load
[runlim] sample:		1369.89 time, 1370.01 real, 276 MB, 1.02 load
[runlim] sample:		1379.89 time, 1380.01 real, 276 MB, 1.01 load
[runlim] sample:		1389.89 time, 1390.01 real, 277 MB, 1.01 load
[runlim] sample:		1399.89 time, 1400.01 real, 277 MB, 1.01 load
[runlim] sample:		1409.88 time, 1410.01 real, 277 MB, 1.01 load
[runlim] sample:		1419.88 time, 1420.01 real, 277 MB, 1.01 load
[runlim] sample:		1429.88 time, 1430.01 real, 277 MB, 1.00 load
[runlim] sample:		1439.88 time, 1440.01 real, 277 MB, 1.00 load
[runlim] sample:		1449.88 time, 1450.01 real, 278 MB, 1.00 load
[runlim] sample:		1459.88 time, 1460.01 real, 278 MB, 1.00 load
[runlim] sample:		1469.88 time, 1470.01 real, 278 MB, 1.00 load
[runlim] sample:		1479.88 time, 1480.01 real, 278 MB, 1.00 load
[runlim] sample:		1489.88 time, 1490.01 real, 278 MB, 1.00 load
[runlim] sample:		1499.89 time, 1500.01 real, 277 MB, 1.00 load
[runlim] sample:		1509.89 time, 1510.01 real, 277 MB, 1.00 load
[runlim] sample:		1519.88 time, 1520.01 real, 279 MB, 1.00 load
[runlim] sample:		1529.88 time, 1530.01 real, 279 MB, 1.00 load
[runlim] sample:		1539.88 time, 1540.01 real, 278 MB, 1.00 load
[runlim] sample:		1549.88 time, 1550.01 real, 278 MB, 1.00 load
[runlim] sample:		1559.87 time, 1560.01 real, 279 MB, 1.00 load
[runlim] sample:		1569.87 time, 1570.01 real, 279 MB, 1.00 load
[runlim] sample:		1579.88 time, 1580.01 real, 279 MB, 1.00 load
[runlim] sample:		1589.87 time, 1590.01 real, 280 MB, 1.00 load
[runlim] sample:		1599.88 time, 1600.01 real, 280 MB, 1.00 load
[runlim] sample:		1609.88 time, 1610.01 real, 280 MB, 1.00 load
[runlim] sample:		1619.88 time, 1620.01 real, 280 MB, 1.00 load
[runlim] sample:		1629.88 time, 1630.01 real, 280 MB, 1.00 load
[runlim] sample:		1639.88 time, 1640.01 real, 281 MB, 1.16 load
[runlim] sample:		1649.88 time, 1650.01 real, 281 MB, 1.13 load
[runlim] sample:		1659.88 time, 1660.01 real, 281 MB, 1.11 load
[runlim] sample:		1669.88 time, 1670.01 real, 281 MB, 1.10 load
[runlim] sample:		1679.87 time, 1680.01 real, 281 MB, 1.08 load
[runlim] sample:		1689.88 time, 1690.01 real, 281 MB, 1.07 load
[runlim] sample:		1699.88 time, 1700.01 real, 281 MB, 1.06 load
[runlim] sample:		1709.87 time, 1710.01 real, 281 MB, 1.05 load
[runlim] sample:		1719.87 time, 1720.01 real, 281 MB, 1.04 load
[runlim] sample:		1729.87 time, 1730.01 real, 293 MB, 1.03 load
[runlim] sample:		1739.87 time, 1740.01 real, 293 MB, 1.03 load
[runlim] sample:		1749.86 time, 1750.01 real, 293 MB, 1.02 load
[runlim] sample:		1759.85 time, 1760.01 real, 290 MB, 1.02 load
[runlim] sample:		1769.85 time, 1770.01 real, 290 MB, 1.02 load
[runlim] sample:		1779.86 time, 1780.01 real, 289 MB, 1.01 load
[runlim] sample:		1789.86 time, 1790.01 real, 289 MB, 1.01 load
[runlim] sample:		1799.85 time, 1800.01 real, 287 MB, 1.01 load
[runlim] sample:		1809.85 time, 1810.01 real, 290 MB, 1.01 load
[runlim] sample:		1819.85 time, 1820.01 real, 290 MB, 1.00 load
[runlim] sample:		1829.85 time, 1830.01 real, 297 MB, 1.00 load
[runlim] sample:		1839.85 time, 1840.01 real, 303 MB, 1.00 load
[runlim] sample:		1849.85 time, 1850.01 real, 303 MB, 1.00 load
[runlim] sample:		1859.85 time, 1860.01 real, 284 MB, 1.00 load
[runlim] sample:		1869.85 time, 1870.01 real, 284 MB, 1.00 load
[runlim] sample:		1879.85 time, 1880.01 real, 295 MB, 1.00 load
[runlim] sample:		1889.85 time, 1890.01 real, 295 MB, 1.00 load
[runlim] sample:		1899.85 time, 1900.01 real, 286 MB, 1.00 load
[runlim] sample:		1909.85 time, 1910.01 real, 284 MB, 1.00 load
[runlim] sample:		1919.85 time, 1920.01 real, 284 MB, 1.00 load
[runlim] sample:		1929.85 time, 1930.01 real, 280 MB, 1.00 load
[runlim] sample:		1939.85 time, 1940.01 real, 280 MB, 1.00 load
[runlim] sample:		1949.85 time, 1950.01 real, 280 MB, 1.00 load
[runlim] sample:		1959.85 time, 1960.01 real, 280 MB, 1.00 load
[runlim] sample:		1969.84 time, 1970.01 real, 280 MB, 1.00 load
[runlim] sample:		1979.85 time, 1980.01 real, 286 MB, 1.00 load
[runlim] sample:		1989.85 time, 1990.01 real, 286 MB, 1.00 load
[runlim] sample:		1999.85 time, 2000.01 real, 292 MB, 1.00 load
[runlim] sample:		2009.84 time, 2010.01 real, 295 MB, 1.00 load
[runlim] sample:		2019.84 time, 2020.01 real, 295 MB, 1.00 load
[runlim] sample:		2029.84 time, 2030.01 real, 295 MB, 1.08 load
[runlim] sample:		2039.84 time, 2040.01 real, 292 MB, 1.07 load
[runlim] sample:		2049.84 time, 2050.01 real, 292 MB, 1.06 load
[runlim] sample:		2059.84 time, 2060.01 real, 287 MB, 1.05 load
[runlim] sample:		2069.84 time, 2070.01 real, 287 MB, 1.04 load
[runlim] sample:		2079.84 time, 2080.01 real, 287 MB, 1.03 load
[runlim] sample:		2089.84 time, 2090.01 real, 287 MB, 1.03 load
[runlim] sample:		2099.84 time, 2100.01 real, 287 MB, 1.02 load
[runlim] sample:		2109.84 time, 2110.01 real, 289 MB, 1.02 load
[runlim] sample:		2119.84 time, 2120.01 real, 289 MB, 1.02 load
[runlim] sample:		2129.84 time, 2130.01 real, 289 MB, 1.01 load
[runlim] sample:		2139.84 time, 2140.01 real, 289 MB, 1.01 load
[runlim] sample:		2149.84 time, 2150.01 real, 295 MB, 1.01 load
[runlim] sample:		2159.84 time, 2160.01 real, 295 MB, 1.01 load
[runlim] sample:		2169.84 time, 2170.01 real, 298 MB, 1.00 load
[runlim] sample:		2179.84 time, 2180.01 real, 298 MB, 1.00 load
[runlim] sample:		2189.83 time, 2190.01 real, 297 MB, 1.00 load
[runlim] sample:		2199.83 time, 2200.01 real, 297 MB, 1.00 load
[runlim] sample:		2209.83 time, 2210.01 real, 292 MB, 1.00 load
[runlim] sample:		2219.83 time, 2220.01 real, 292 MB, 1.00 load
[runlim] sample:		2229.84 time, 2230.01 real, 286 MB, 1.00 load
[runlim] sample:		2239.84 time, 2240.01 real, 286 MB, 1.00 load
[runlim] sample:		2249.84 time, 2250.01 real, 289 MB, 1.00 load
[runlim] sample:		2259.84 time, 2260.01 real, 289 MB, 1.00 load
[runlim] sample:		2269.83 time, 2270.01 real, 291 MB, 1.00 load
[runlim] sample:		2279.83 time, 2280.01 real, 291 MB, 1.08 load
[runlim] sample:		2289.83 time, 2290.01 real, 302 MB, 1.07 load
[runlim] sample:		2299.83 time, 2300.01 real, 302 MB, 1.06 load
[runlim] sample:		2309.83 time, 2310.01 real, 286 MB, 1.05 load
[runlim] sample:		2319.83 time, 2320.01 real, 286 MB, 1.04 load
[runlim] sample:		2329.83 time, 2330.01 real, 291 MB, 1.03 load
[runlim] sample:		2339.83 time, 2340.01 real, 291 MB, 1.03 load
[runlim] sample:		2349.80 time, 2350.01 real, 288 MB, 1.10 load
[runlim] sample:		2359.81 time, 2360.01 real, 288 MB, 1.09 load
[runlim] sample:		2369.81 time, 2370.01 real, 310 MB, 1.07 load
[runlim] sample:		2379.81 time, 2380.01 real, 310 MB, 1.06 load
[runlim] sample:		2389.80 time, 2390.01 real, 300 MB, 1.05 load
[runlim] sample:		2399.80 time, 2400.01 real, 300 MB, 1.04 load
[runlim] sample:		2409.80 time, 2410.01 real, 294 MB, 1.04 load
[runlim] sample:		2419.80 time, 2420.01 real, 294 MB, 1.03 load
[runlim] sample:		2429.81 time, 2430.01 real, 289 MB, 1.02 load
[runlim] sample:		2439.80 time, 2440.01 real, 289 MB, 1.02 load
[runlim] sample:		2449.80 time, 2450.01 real, 294 MB, 1.02 load
[runlim] sample:		2459.80 time, 2460.01 real, 294 MB, 1.01 load
[runlim] sample:		2469.80 time, 2470.01 real, 295 MB, 1.01 load
[runlim] sample:		2479.80 time, 2480.01 real, 295 MB, 1.01 load
[runlim] sample:		2489.80 time, 2490.01 real, 291 MB, 1.01 load
[runlim] sample:		2499.80 time, 2500.01 real, 291 MB, 1.01 load
[runlim] sample:		2509.80 time, 2510.01 real, 291 MB, 1.00 load
  SAT ! Makespan = 125
  Schedule is valid with Makespan = 125
  Total time: 2513.6739 seconds
------------------------------------------------------------------
[*] Trying with Upper Bound = 124...
[runlim] sample:		2519.80 time, 2520.01 real, 291 MB, 1.00 load
[runlim] sample:		2529.80 time, 2530.01 real, 291 MB, 1.00 load
[runlim] sample:		2539.80 time, 2540.01 real, 285 MB, 1.00 load
[runlim] sample:		2549.80 time, 2550.01 real, 285 MB, 1.00 load
[runlim] sample:		2559.79 time, 2560.01 real, 295 MB, 1.00 load
[runlim] sample:		2569.79 time, 2570.01 real, 295 MB, 1.00 load
[runlim] sample:		2579.79 time, 2580.01 real, 295 MB, 1.00 load
[runlim] sample:		2589.79 time, 2590.01 real, 288 MB, 1.00 load
[runlim] sample:		2599.79 time, 2600.01 real, 302 MB, 1.00 load
[runlim] sample:		2609.80 time, 2610.01 real, 291 MB, 1.00 load
[runlim] sample:		2619.80 time, 2620.01 real, 291 MB, 1.00 load
   UNSAT

 Optimal Makespan = 125

 Summary:
  - Optimal Makespan   : 125
  - Greedy Time        : 0.0006s
  - SAT Time           : 2625.3464s
  - Total Time         : 2625.3483s
  - Schedule Status    : VALID
===========================================================================
[runlim] end:			Fri Aug 14 19:52:35 2026
[runlim] status:		ok
[runlim] result:		0
[runlim] children:		1
[runlim] processes:		2
[runlim] real:			2625.39 seconds
[runlim] time:			2625.10 seconds
[runlim] space:			417 MB
[runlim] load:			1.72 maximum
[runlim] samples:		26254
