[runlim] version:		2.0.0rc12
[runlim] host:			fjssp-instance1
[runlim] time limit:		311040000 seconds
[runlim] real time limit:	1800 seconds
[runlim] space limit:		14000 MB
[runlim] argv[0]:		python3
[runlim] argv[1]:		-u
[runlim] argv[2]:		main.py
[runlim] argv[3]:		--input
[runlim] argv[4]:		datasets/rdata/la19.txt
[runlim] argv[5]:		--sb
[runlim] argv[6]:		--factories
[runlim] argv[7]:		4
[runlim] argv[8]:		--full_transitive
[runlim] start:			Sun Sep 20 18:35:21 2026
[runlim] child:			25039
[*] Loading data from file: datasets/rdata/la19.txt
[*] Running D-FJSSP SAT Solver with 4 factories, Symmetry Breaking = ON, Transitive E* = FULL
===========================================================================
 D-FJSSP SAT SOLVER - PARALLEL FACTORIES SCHEDULING
===========================================================================
  -> Operations: 100 | Jobs: 10 | Machines: 10 | Factories: 4

[*] Running Greedy Heuristic...
  -> Greedy Solution: Makespan = 617 (0.0003s)

[*] Initializing and solving the SAT model...
------------------------------------------------------------------
[*] Trying with Upper Bound = 617...
  SAT ! Makespan = 617
  Schedule: {0: {'job': 0, 'factory': 0, 'machine': 2, 'start': 0, 'duration': 44, 'end': 44}, 1: {'job': 0, 'factory': 0, 'machine': 3, 'start': 44, 'duration': 5, 'end': 49}, 2: {'job': 0, 'factory': 0, 'machine': 2, 'start': 49, 'duration': 58, 'end': 107}, 3: {'job': 0, 'factory': 0, 'machine': 5, 'start': 107, 'duration': 97, 'end': 204}, 4: {'job': 0, 'factory': 0, 'machine': 0, 'start': 204, 'duration': 9, 'end': 213}, 5: {'job': 0, 'factory': 0, 'machine': 0, 'start': 213, 'duration': 84, 'end': 297}, 6: {'job': 0, 'factory': 0, 'machine': 8, 'start': 297, 'duration': 77, 'end': 374}, 7: {'job': 0, 'factory': 0, 'machine': 3, 'start': 374, 'duration': 96, 'end': 470}, 8: {'job': 0, 'factory': 0, 'machine': 0, 'start': 470, 'duration': 58, 'end': 528}, 9: {'job': 0, 'factory': 0, 'machine': 9, 'start': 528, 'duration': 89, 'end': 617}, 10: {'job': 1, 'factory': 1, 'machine': 5, 'start': 51, 'duration': 15, 'end': 66}, 11: {'job': 1, 'factory': 1, 'machine': 3, 'start': 66, 'duration': 31, 'end': 97}, 12: {'job': 1, 'factory': 1, 'machine': 3, 'start': 97, 'duration': 87, 'end': 184}, 13: {'job': 1, 'factory': 1, 'machine': 7, 'start': 184, 'duration': 57, 'end': 241}, 14: {'job': 1, 'factory': 1, 'machine': 0, 'start': 241, 'duration': 77, 'end': 318}, 15: {'job': 1, 'factory': 1, 'machine': 3, 'start': 318, 'duration': 85, 'end': 403}, 16: {'job': 1, 'factory': 1, 'machine': 0, 'start': 403, 'duration': 81, 'end': 484}, 17: {'job': 1, 'factory': 1, 'machine': 8, 'start': 484, 'duration': 39, 'end': 523}, 18: {'job': 1, 'factory': 1, 'machine': 3, 'start': 523, 'duration': 73, 'end': 596}, 19: {'job': 1, 'factory': 1, 'machine': 9, 'start': 596, 'duration': 21, 'end': 617}, 20: {'job': 2, 'factory': 2, 'machine': 9, 'start': 111, 'duration': 82, 'end': 193}, 21: {'job': 2, 'factory': 2, 'machine': 5, 'start': 193, 'duration': 22, 'end': 215}, 22: {'job': 2, 'factory': 2, 'machine': 4, 'start': 215, 'duration': 10, 'end': 225}, 23: {'job': 2, 'factory': 2, 'machine': 3, 'start': 225, 'duration': 70, 'end': 295}, 24: {'job': 2, 'factory': 2, 'machine': 6, 'start': 295, 'duration': 49, 'end': 344}, 25: {'job': 2, 'factory': 2, 'machine': 1, 'start': 344, 'duration': 40, 'end': 384}, 26: {'job': 2, 'factory': 2, 'machine': 3, 'start': 384, 'duration': 34, 'end': 418}, 27: {'job': 2, 'factory': 2, 'machine': 1, 'start': 418, 'duration': 48, 'end': 466}, 28: {'job': 2, 'factory': 2, 'machine': 7, 'start': 466, 'duration': 80, 'end': 546}, 29: {'job': 2, 'factory': 2, 'machine': 2, 'start': 546, 'duration': 71, 'end': 617}, 30: {'job': 3, 'factory': 3, 'machine': 2, 'start': 145, 'duration': 91, 'end': 236}, 31: {'job': 3, 'factory': 3, 'machine': 2, 'start': 236, 'duration': 17, 'end': 253}, 32: {'job': 3, 'factory': 3, 'machine': 1, 'start': 253, 'duration': 62, 'end': 315}, 33: {'job': 3, 'factory': 3, 'machine': 2, 'start': 315, 'duration': 75, 'end': 390}, 34: {'job': 3, 'factory': 3, 'machine': 8, 'start': 390, 'duration': 47, 'end': 437}, 35: {'job': 3, 'factory': 3, 'machine': 4, 'start': 437, 'duration': 11, 'end': 448}, 36: {'job': 3, 'factory': 3, 'machine': 0, 'start': 448, 'duration': 7, 'end': 455}, 37: {'job': 3, 'factory': 3, 'machine': 0, 'start': 455, 'duration': 72, 'end': 527}, 38: {'job': 3, 'factory': 3, 'machine': 9, 'start': 527, 'duration': 35, 'end': 562}, 39: {'job': 3, 'factory': 3, 'machine': 0, 'start': 562, 'duration': 55, 'end': 617}, 40: {'job': 4, 'factory': 3, 'machine': 3, 'start': 59, 'duration': 71, 'end': 130}, 41: {'job': 4, 'factory': 3, 'machine': 0, 'start': 130, 'duration': 90, 'end': 220}, 42: {'job': 4, 'factory': 3, 'machine': 3, 'start': 220, 'duration': 75, 'end': 295}, 43: {'job': 4, 'factory': 3, 'machine': 0, 'start': 295, 'duration': 64, 'end': 359}, 44: {'job': 4, 'factory': 3, 'machine': 1, 'start': 359, 'duration': 94, 'end': 453}, 45: {'job': 4, 'factory': 3, 'machine': 4, 'start': 453, 'duration': 15, 'end': 468}, 46: {'job': 4, 'factory': 3, 'machine': 5, 'start': 468, 'duration': 12, 'end': 480}, 47: {'job': 4, 'factory': 3, 'machine': 7, 'start': 480, 'duration': 67, 'end': 547}, 48: {'job': 4, 'factory': 3, 'machine': 8, 'start': 547, 'duration': 20, 'end': 567}, 49: {'job': 4, 'factory': 3, 'machine': 4, 'start': 567, 'duration': 50, 'end': 617}, 50: {'job': 5, 'factory': 3, 'machine': 6, 'start': 13, 'duration': 70, 'end': 83}, 51: {'job': 5, 'factory': 3, 'machine': 5, 'start': 83, 'duration': 93, 'end': 176}, 52: {'job': 5, 'factory': 3, 'machine': 8, 'start': 176, 'duration': 77, 'end': 253}, 53: {'job': 5, 'factory': 3, 'machine': 2, 'start': 253, 'duration': 29, 'end': 282}, 54: {'job': 5, 'factory': 3, 'machine': 5, 'start': 282, 'duration': 58, 'end': 340}, 55: {'job': 5, 'factory': 3, 'machine': 5, 'start': 340, 'duration': 93, 'end': 433}, 56: {'job': 5, 'factory': 3, 'machine': 9, 'start': 433, 'duration': 68, 'end': 501}, 57: {'job': 5, 'factory': 3, 'machine': 1, 'start': 501, 'duration': 57, 'end': 558}, 58: {'job': 5, 'factory': 3, 'machine': 2, 'start': 558, 'duration': 7, 'end': 565}, 59: {'job': 5, 'factory': 3, 'machine': 7, 'start': 565, 'duration': 52, 'end': 617}, 60: {'job': 6, 'factory': 2, 'machine': 1, 'start': 91, 'duration': 87, 'end': 178}, 61: {'job': 6, 'factory': 2, 'machine': 6, 'start': 178, 'duration': 63, 'end': 241}, 62: {'job': 6, 'factory': 2, 'machine': 4, 'start': 241, 'duration': 26, 'end': 267}, 63: {'job': 6, 'factory': 2, 'machine': 8, 'start': 267, 'duration': 6, 'end': 273}, 64: {'job': 6, 'factory': 2, 'machine': 8, 'start': 273, 'duration': 82, 'end': 355}, 65: {'job': 6, 'factory': 2, 'machine': 0, 'start': 355, 'duration': 27, 'end': 382}, 66: {'job': 6, 'factory': 2, 'machine': 7, 'start': 382, 'duration': 56, 'end': 438}, 67: {'job': 6, 'factory': 2, 'machine': 8, 'start': 438, 'duration': 48, 'end': 486}, 68: {'job': 6, 'factory': 2, 'machine': 2, 'start': 486, 'duration': 36, 'end': 522}, 69: {'job': 6, 'factory': 2, 'machine': 0, 'start': 522, 'duration': 95, 'end': 617}, 70: {'job': 7, 'factory': 1, 'machine': 6, 'start': 137, 'duration': 36, 'end': 173}, 71: {'job': 7, 'factory': 1, 'machine': 6, 'start': 173, 'duration': 15, 'end': 188}, 72: {'job': 7, 'factory': 1, 'machine': 0, 'start': 188, 'duration': 41, 'end': 229}, 73: {'job': 7, 'factory': 1, 'machine': 5, 'start': 229, 'duration': 78, 'end': 307}, 74: {'job': 7, 'factory': 1, 'machine': 4, 'start': 307, 'duration': 76, 'end': 383}, 75: {'job': 7, 'factory': 1, 'machine': 6, 'start': 383, 'duration': 84, 'end': 467}, 76: {'job': 7, 'factory': 1, 'machine': 4, 'start': 467, 'duration': 30, 'end': 497}, 77: {'job': 7, 'factory': 1, 'machine': 7, 'start': 497, 'duration': 76, 'end': 573}, 78: {'job': 7, 'factory': 1, 'machine': 4, 'start': 573, 'duration': 36, 'end': 609}, 79: {'job': 7, 'factory': 1, 'machine': 7, 'start': 609, 'duration': 8, 'end': 617}, 80: {'job': 8, 'factory': 1, 'machine': 8, 'start': 64, 'duration': 88, 'end': 152}, 81: {'job': 8, 'factory': 1, 'machine': 2, 'start': 152, 'duration': 81, 'end': 233}, 82: {'job': 8, 'factory': 1, 'machine': 9, 'start': 233, 'duration': 13, 'end': 246}, 83: {'job': 8, 'factory': 1, 'machine': 6, 'start': 246, 'duration': 82, 'end': 328}, 84: {'job': 8, 'factory': 1, 'machine': 0, 'start': 328, 'duration': 54, 'end': 382}, 85: {'job': 8, 'factory': 1, 'machine': 8, 'start': 382, 'duration': 13, 'end': 395}, 86: {'job': 8, 'factory': 1, 'machine': 5, 'start': 395, 'duration': 29, 'end': 424}, 87: {'job': 8, 'factory': 1, 'machine': 1, 'start': 424, 'duration': 40, 'end': 464}, 88: {'job': 8, 'factory': 1, 'machine': 1, 'start': 464, 'duration': 78, 'end': 542}, 89: {'job': 8, 'factory': 1, 'machine': 0, 'start': 542, 'duration': 75, 'end': 617}, 90: {'job': 9, 'factory': 3, 'machine': 7, 'start': 153, 'duration': 88, 'end': 241}, 91: {'job': 9, 'factory': 3, 'machine': 0, 'start': 241, 'duration': 54, 'end': 295}, 92: {'job': 9, 'factory': 3, 'machine': 9, 'start': 295, 'duration': 64, 'end': 359}, 93: {'job': 9, 'factory': 3, 'machine': 7, 'start': 359, 'duration': 32, 'end': 391}, 94: {'job': 9, 'factory': 3, 'machine': 3, 'start': 391, 'duration': 52, 'end': 443}, 95: {'job': 9, 'factory': 3, 'machine': 5, 'start': 443, 'duration': 6, 'end': 449}, 96: {'job': 9, 'factory': 3, 'machine': 8, 'start': 449, 'duration': 54, 'end': 503}, 97: {'job': 9, 'factory': 3, 'machine': 5, 'start': 503, 'duration': 82, 'end': 585}, 98: {'job': 9, 'factory': 3, 'machine': 6, 'start': 585, 'duration': 6, 'end': 591}, 99: {'job': 9, 'factory': 3, 'machine': 1, 'start': 591, 'duration': 26, 'end': 617}}
  Total time: 0.1110 seconds
------------------------------------------------------------------
[*] Trying with Upper Bound = 616...
   UNSAT

 Optimal Makespan = 617

 Summary:
  - Optimal Makespan   : 617
  - Greedy Time        : 0.0003s
  - SAT Time           : 0.1137s
  - Total Time         : 0.1144s
  - Schedule Status    : VALID
===========================================================================
[runlim] end:			Sun Sep 20 18:35:21 2026
[runlim] status:		ok
[runlim] result:		0
[runlim] children:		1
[runlim] processes:		2
[runlim] real:			0.15 seconds
[runlim] time:			0.10 seconds
[runlim] space:			48 MB
[runlim] load:			1.00 maximum
[runlim] samples:		2
