[runlim] version:		2.0.0rc12
[runlim] host:			fjssp-instance1
[runlim] time limit:		311040000 seconds
[runlim] real time limit:	3600 seconds
[runlim] space limit:		14000 MB
[runlim] argv[0]:		python3
[runlim] argv[1]:		-u
[runlim] argv[2]:		mip.py
[runlim] argv[3]:		--input
[runlim] argv[4]:		datasets/brandimarte/MK07
[runlim] argv[5]:		--factories
[runlim] argv[6]:		3
[runlim] start:			Wed Sep  2 01:04:21 2026
[runlim] child:			2065
======================================================================
INSTANCE
======================================================================
File       : datasets/brandimarte/MK07
Operations : 100
Jobs       : 20
Machines   : 5
Factories  : 3
Edges      : 80

======================================================================
GREEDY HEURISTIC
======================================================================
Greedy UB   : 76
Greedy time : 0.000537 sec

======================================================================
MODEL 1 PARAMETERS
======================================================================
Greedy UB = 76
First operations = 20
Last operations  = 20

Adding greedy MIP start...

======================================================================
MODEL STATISTICS
======================================================================
Variables    : 24818
Constraints : 48071
Greedy UB   : 76

======================================================================
START CPLEX
======================================================================
Version identifier: 22.2.0.0 | 2026-05-04 | 5dff98e58
CPXPARAM_Read_DataCheck                          1
Warning:  No solution found from 1 MIP starts.
Retaining values of one MIP start for possible repair.
Tried aggregator 2 times.
MIP Presolve eliminated 38 rows and 18 columns.
MIP Presolve modified 80157 coefficients.
Aggregator did 48 substitutions.
Reduced MIP has 47985 rows, 24752 columns, and 240848 nonzeros.
Reduced MIP has 24651 binaries, 0 generals, 0 SOSs, and 0 indicators.
Presolve time = 0.12 sec. (206.92 ticks)
Probing time = 0.05 sec. (19.01 ticks)
Tried aggregator 1 time.
Detecting symmetries...
Reduced MIP has 47985 rows, 24752 columns, and 240848 nonzeros.
Reduced MIP has 24651 binaries, 0 generals, 0 SOSs, and 0 indicators.
Presolve time = 0.12 sec. (137.75 ticks)
Probing time = 0.01 sec. (16.07 ticks)
Clique table members: 4967.
MIP emphasis: balance optimality and feasibility.
MIP search method: dynamic search.
Parallel mode: deterministic, using up to 2 threads.
Root relaxation solution time = 1.12 sec. (1991.74 ticks)

        Nodes                                         Cuts/
   Node  Left     Objective  IInf  Best Integer    Best Bound    ItCnt     Gap

      0     0       45.7739   136                     45.7739     2164         
      0     0       46.0000   202                   Cuts: 652     2534         
*     0+    0                           75.0000       46.0000            38.67%
      0     0       46.0000   218       75.0000     Cuts: 217     2903   38.67%
[runlim] sample:		16.73 time, 10.01 real, 467 MB, 0.39 load
      0     0       46.0000   151       75.0000      Cuts: 59     3312   38.67%
*     0+    0                           74.0000       46.0000            37.84%
*     0+    0                           71.0000       46.0000            35.21%
      0     0  -1.00000e+75     0       71.0000       46.0000     3312   35.21%
      0     0       46.0000   182       71.0000     Cuts: 555     3458   35.21%
Repair heuristic found nothing.
      0     2       46.0000    94       71.0000       46.0000     3548   35.21%
Elapsed time = 14.90 sec. (30371.14 ticks, tree = 0.02 MB, solutions = 3)
      1     3       46.0000   115       71.0000       46.0000     4212   35.21%
      4     5       46.0000   122       71.0000       46.0000     4567   35.21%
      9     9       46.0000   136       71.0000       46.0000     5485   35.21%
     15    15       46.0000   155       71.0000       46.0000     6454   35.21%
     18    16       46.0000   132       71.0000       46.0000     6826   35.21%
     23    25       46.0000    90       71.0000       46.0000     7706   35.21%
     29    28       46.0000    96       71.0000       46.0000     7882   35.21%
     39    37       46.0000    98       71.0000       46.0000     8536   35.21%
     44    42       46.0000    67       71.0000       46.0000     8838   35.21%
     65    58       46.0000   100       71.0000       46.0000    10631   35.21%
Elapsed time = 16.98 sec. (34156.75 ticks, tree = 0.49 MB, solutions = 3)
     80    81       49.4730    68       71.0000       46.0000    12328   35.21%
    115   106       47.0316    73       71.0000       46.0000    13804   35.21%
[runlim] sample:		36.17 time, 20.01 real, 445 MB, 0.64 load
    164   154       60.0000    52       71.0000       46.0000    14727   35.21%
*   180+  169                           70.0000       46.0000            34.29%
    211   182       53.0000    39       70.0000       46.0000    15445   34.29%
    251   230       64.0000   121       70.0000       46.0000    17286   34.29%
*   252+  206                           69.0000       46.0000            33.33%
    289   249       47.8059    84       69.0000       46.0000    18867   33.33%
    329   275       51.0000    58       69.0000       46.0000    19360   33.33%
    383   341       51.0000    50       69.0000       46.0000    20868   33.33%
    456   392       59.0000    40       69.0000       46.0000    21929   33.33%
    526   471       66.0000    30       69.0000       46.0000    22528   33.33%
Elapsed time = 21.32 sec. (43860.31 ticks, tree = 5.75 MB, solutions = 5)
*   560+  492                           68.0000       46.0000            32.35%
*   570+  492                           67.0000       46.0000            31.34%
    586   524       62.0000    54       67.0000       46.0000    23820   31.34%
    662   584       46.0014    84       67.0000       46.0000    24343   31.34%
*   750+  611                           66.0000       46.0000            30.30%
    756   668       62.0000    35       66.0000       46.0000    25092   30.30%
    816   721       52.0000    42       66.0000       46.0000    25599   30.30%
*   817+  720                           65.0000       46.0000            29.23%
    818   685       61.0000   120       65.0000       46.0000    27150   29.23%

Performing restart 1

Repeating presolve.
Tried aggregator 2 times.
MIP Presolve eliminated 2890 rows and 1575 columns.
MIP Presolve modified 140851 coefficients.
Aggregator did 2 substitutions.
Reduced MIP has 45093 rows, 23175 columns, and 225645 nonzeros.
Reduced MIP has 23074 binaries, 0 generals, 0 SOSs, and 0 indicators.
Presolve time = 0.15 sec. (267.88 ticks)
Tried aggregator 1 time.
MIP Presolve eliminated 270 rows and 140 columns.
MIP Presolve modified 184719 coefficients.
Reduced MIP has 44823 rows, 23035 columns, and 224540 nonzeros.
Reduced MIP has 22934 binaries, 0 generals, 0 SOSs, and 0 indicators.
Presolve time = 0.14 sec. (173.20 ticks)
Represolve time = 0.52 sec. (605.78 ticks)
[runlim] sample:		53.81 time, 30.01 real, 494 MB, 0.85 load
    819     0       46.0000   154       65.0000      Cuts: 92    28980   29.23%
    819     0       46.0000   186       65.0000     Cuts: 691    29477   29.23%
    819     0       46.0000   154       65.0000     Cuts: 256    29621   29.23%
[runlim] sample:		73.47 time, 40.01 real, 500 MB, 1.02 load
    819     0       46.0000   116       65.0000     Cuts: 270    32538   29.23%
[runlim] sample:		93.18 time, 50.02 real, 508 MB, 1.18 load
    819     0       46.0000   176       65.0000     Cuts: 377    32997   29.23%
    819     0       46.0000   164       65.0000     Cuts: 175    33160   29.23%
[runlim] sample:		112.93 time, 60.01 real, 515 MB, 1.30 load
    819     0       46.0000   200       65.0000     Cuts: 522    33542   29.23%
[runlim] sample:		132.53 time, 70.01 real, 555 MB, 1.41 load
    819     0       46.0000   141       65.0000      Cuts: 82    33728   29.23%
[runlim] sample:		152.29 time, 80.02 real, 555 MB, 1.50 load
    819     0       46.0000   179       65.0000     Cuts: 403    34016   29.23%
*   819+    0                           64.0000       46.0000            28.12%
[runlim] sample:		169.57 time, 90.01 real, 551 MB, 1.65 load
    819     2       46.0000    95       64.0000       46.0000    34016   28.12%
    820     3       46.0000    96       64.0000       46.0000    34076   28.12%
    821     4       46.0000    88       64.0000       46.0000    34143   28.12%
    823     5       46.0000    85       64.0000       46.0000    34211   28.12%
    826     3       46.0000   108       64.0000       46.0000    34101   28.12%
Elapsed time = 93.04 sec. (158918.38 ticks, tree = 0.02 MB, solutions = 12)
    828     7       46.0000   151       64.0000       46.0000    34420   28.12%
    830     8       46.0000   125       64.0000       46.0000    34663   28.12%
    832    12       46.0000   167       64.0000       46.0000    34963   28.12%
    834    15       46.0000   155       64.0000       46.0000    35431   28.12%
    837    17       46.0000   114       64.0000       46.0000    35491   28.12%
    843    18       46.0000   109       64.0000       46.0000    35495   28.12%
    850    25       46.0000   129       64.0000       46.0000    36821   28.12%
[runlim] sample:		188.66 time, 100.02 real, 551 MB, 1.71 load
    856    34       61.0000    46       64.0000       46.0000    36883   28.12%
    865    39       61.0000    39       64.0000       46.0000    37008   28.12%
    872    48       61.0000    56       64.0000       46.0000    37584   28.12%
Elapsed time = 99.71 sec. (170770.53 ticks, tree = 7.24 MB, solutions = 12)
    886    55       46.1126   128       64.0000       46.0000    37993   28.12%
    908    69       61.0000    40       64.0000       46.0000    37987   28.12%
    926    80       61.0000    43       64.0000       46.0000    38219   28.12%
    958    94       61.0000    37       64.0000       46.0000    38369   28.12%
    977   121       61.0000    34       64.0000       46.0000    38974   28.12%
    995   133       63.0000    34       64.0000       46.0000    39142   28.12%
   1017   151       47.0000    88       64.0000       46.0000    39477   28.12%
   1018   180       47.2096   100       64.0000       46.0000    40384   28.12%
   1023   167       46.0000    83       64.0000       46.0000    39503   28.12%
   1035   197       47.4510    94       64.0000       46.0000    40972   28.12%
Elapsed time = 106.46 sec. (182543.36 ticks, tree = 56.44 MB, solutions = 12)
   1053   210       51.5714    67       64.0000       46.0000    41083   28.12%
   1068   220       59.0000    45       64.0000       46.0000    41239   28.12%
[runlim] sample:		208.03 time, 110.01 real, 563 MB, 1.75 load
   1085   235       60.0000    34       64.0000       46.0000    41357   28.12%
   1102   251       60.0000    28       64.0000       46.0000    41487   28.12%
   1126   268       60.0000    22       64.0000       46.0000    41625   28.12%
   1140   285       46.0000    94       64.0000       46.0000    42466   28.12%
   1150   291       46.0000    97       64.0000       46.0000    42641   28.12%
   1160   301       59.0000    75       64.0000       46.0000    42782   28.12%
   1169   275       46.0974    90       64.0000       46.0000    41920   28.12%
   1181   293       46.0974   104       64.0000       46.0000    42821   28.12%
Elapsed time = 113.94 sec. (194739.51 ticks, tree = 90.80 MB, solutions = 12)
   1198   301       46.1781   101       64.0000       46.0000    43208   28.12%
   1217   330       59.0000    45       64.0000       46.0000    43874   28.12%
   1234   365       59.0000    32       64.0000       46.0000    44827   28.12%
   1251   332       46.0974   120       64.0000       46.0000    43955   28.12%
   1279   348       46.1149    92       64.0000       46.0000    44263   28.12%
   1298   384       46.1223    87       64.0000       46.0000    45502   28.12%
   1328   397       46.1949    85       64.0000       46.0000    45692   28.12%
[runlim] sample:		227.53 time, 120.01 real, 648 MB, 1.79 load
   1336   438       46.8583    78       64.0000       46.0000    46530   28.12%
   1348   450       48.0000    76       64.0000       46.0000    46840   28.12%
   1371   478        cutoff             64.0000       46.0000    47362   28.12%
Elapsed time = 119.79 sec. (205306.34 ticks, tree = 154.58 MB, solutions = 12)
   1392   467       59.0000    49       64.0000       46.0000    47000   28.12%
   1416   488       63.0000    37       64.0000       46.0000    47167   28.12%
   1431   525       63.0000    29       64.0000       46.0000    48059   28.12%
   1447   539       63.0000    33       64.0000       46.0000    48295   28.12%
   1479   548       63.0000    30       64.0000       46.0000    48437   28.12%
   1507   568       63.0000    30       64.0000       46.0000    48721   28.12%
   1529   566       60.4238    53       64.0000       46.0000    48888   28.12%
   1534   597       46.0000   113       64.0000       46.0000    49443   28.12%
   1539   611       46.0000   130       64.0000       46.0000    49825   28.12%
   1562   624       46.0000   103       64.0000       46.0000    50198   28.12%
Elapsed time = 127.11 sec. (217395.82 ticks, tree = 206.31 MB, solutions = 12)
   1587   654       50.5263    86       64.0000       46.0000    51245   28.12%
*  1596+  638                           63.0000       46.0000            26.98%
[runlim] sample:		247.02 time, 130.01 real, 723 MB, 1.82 load
   1626   666       59.0000    55       63.0000       46.0000    51426   26.98%
   1651   678       50.6177    85       63.0000       46.0000    51716   26.98%
   1683   632       62.0000    39       63.0000       46.0000    52058   26.98%
   1716   677       62.5327    39       63.0000       46.0000    52873   26.98%
   1735   665       61.0000    36       63.0000       46.0000    52518   26.98%
   1759   729       61.0000    36       63.0000       46.0000    53349   26.98%
   1773   676       46.0000    92       63.0000       46.0000    52921   26.98%
   1790   747       55.0556    65       63.0000       46.0000    53712   26.98%
   1808   736       46.0000   100       63.0000       46.0000    53485   26.98%
Elapsed time = 133.33 sec. (228080.30 ticks, tree = 240.78 MB, solutions = 13)
   1838   793       58.0000    42       63.0000       46.0000    54236   26.98%
   1873   807        cutoff             63.0000       46.0000    54447   26.98%
   1919   826       51.0000    66       63.0000       46.0000    54713   26.98%
   1966   860       46.0238   102       63.0000       46.0000    55432   26.98%
   2010   889       51.2481    50       63.0000       46.0000    55724   26.98%
[runlim] sample:		266.50 time, 140.02 real, 774 MB, 1.85 load
   2020   905       46.0000   127       63.0000       46.0000    56452   26.98%
   2028   972       46.0000   102       63.0000       46.0000    57422   26.98%
   2043   981       52.0000    93       63.0000       46.0000    57485   26.98%
   2064   997       61.6377    48       63.0000       46.0000    57743   26.98%
   2189  1114       61.0000    37       63.0000       46.0000    61039   26.98%
Elapsed time = 142.25 sec. (244020.15 ticks, tree = 249.07 MB, solutions = 13)
   2247  1139       61.0000    40       63.0000       46.0000    61511   26.98%
   2367  1175       51.0000    80       63.0000       46.0000    63055   26.98%
[runlim] sample:		285.99 time, 150.01 real, 780 MB, 1.87 load
   2425  1270       47.0000   108       63.0000       46.0000    65583   26.98%
   2539  1335       57.1125    42       63.0000       46.0000    66072   26.98%
   2663  1480       58.4118    28       63.0000       46.0000    70571   26.98%
   2804  1541       46.0541   106       63.0000       46.0000    71947   26.98%
[runlim] sample:		305.53 time, 160.01 real, 804 MB, 1.97 load
   2929  1688       58.7172    51       63.0000       46.0000    74712   26.98%
   3042  1820       60.0000    55       63.0000       46.0000    77272   26.98%
   3169  1850       46.0000    79       63.0000       46.0000    77965   26.98%
   3259  1975       51.0000    51       63.0000       46.0000    80370   26.98%
Elapsed time = 166.17 sec. (287143.16 ticks, tree = 284.14 MB, solutions = 13)
[runlim] sample:		325.22 time, 170.02 real, 814 MB, 1.97 load
   3429  2111       47.0104    91       63.0000       46.0000    84478   26.98%
   3503  2217       48.0000    64       63.0000       46.0000    86946   26.98%
   3627  2305       60.1279    40       63.0000       46.0000    88589   26.98%
   3739  2398       56.0000    39       63.0000       46.0000    90858   26.98%
*  3839+ 2441                           62.0000       46.0000            25.81%
*  3839+ 2438                           61.0000       46.0000            24.59%
*  3843+ 2412                           60.0000       46.0000            23.33%
   3860  2455       51.0000    62       60.0000       46.0000    91980   23.33%
[runlim] sample:		344.89 time, 180.01 real, 874 MB, 1.98 load
*  3943+ 1792                           59.0000       46.0000            22.03%
*  3943+ 1791                           58.0000       46.0000            20.69%
   3972  1780       58.2875    36       58.0000       46.0000    94329   20.69%
   4077  1596       46.0000    83       58.0000       46.0000    95916   20.69%
   4234  1713       51.0000    52       58.0000       46.0000    99493   20.69%
   4336  1741       46.0000    85       58.0000       46.0000    99624   20.69%
[runlim] sample:		364.63 time, 190.01 real, 892 MB, 1.98 load
   4400  1898       56.0000    44       58.0000       46.0000   103086   20.69%
Elapsed time = 188.95 sec. (326885.93 ticks, tree = 197.83 MB, solutions = 18)
   4440  1929       47.1803    88       58.0000       46.0000   106044   20.69%
   4595  1996       47.1803   100       58.0000       46.0000   106034   20.69%
   4683  2048       46.0000    88       58.0000       46.0000   108897   20.69%
[runlim] sample:		384.36 time, 200.01 real, 928 MB, 1.98 load
   4835  2213       51.0000    80       58.0000       46.0000   112884   20.69%
   4970  2373       46.5748    94       58.0000       46.0000   116077   20.69%
   5111  2418       54.0606    51       58.0000       46.0000   117062   20.69%
   5240  2515       56.0000    44       58.0000       46.0000   119259   20.69%
*  5256+ 2576                           57.0000       46.0000            19.30%
   5318  2378       46.0000    79       57.0000       46.0000   121501   19.30%
[runlim] sample:		404.05 time, 210.02 real, 985 MB, 2.07 load
   5502  2532       50.4103    55       57.0000       46.0000   125245   19.30%
   5668  2610       47.0247    73       57.0000       46.0000   127739   19.30%
Elapsed time = 211.19 sec. (367317.10 ticks, tree = 423.29 MB, solutions = 19)
   5716  2751       51.0000    52       57.0000       46.0000   132091   19.30%
   5825  2822       48.4011    72       57.0000       46.0000   133824   19.30%
   5963  2923       55.0000    57       57.0000       46.0000   135918   19.30%
[runlim] sample:		423.75 time, 220.01 real, 1123 MB, 2.06 load
   6099  2989       47.0000    84       57.0000       46.0000   137109   19.30%
   6246  3161       51.0000    65       57.0000       46.0000   141523   19.30%
   6351  3235       55.0000    40       57.0000       46.0000   143108   19.30%
   6415  3257       56.0000    46       57.0000       46.0000   145523   19.30%
[runlim] sample:		443.42 time, 230.02 real, 1273 MB, 2.13 load
   6481  3361       46.0000   112       57.0000       46.0000   148016   19.30%
   6601  3415       55.0000    64       57.0000       46.0000   149068   19.30%
   6685  3531       46.6538   110       57.0000       46.0000   152264   19.30%
Elapsed time = 233.08 sec. (406114.98 ticks, tree = 748.81 MB, solutions = 19)
   6828  3644       46.0000   106       57.0000       46.0000   155369   19.30%
   6959  3737       48.0501    73       57.0000       46.0000   157963   19.30%
[runlim] sample:		463.13 time, 240.01 real, 1450 MB, 2.18 load
   7071  3852       48.0000   107       57.0000       46.0000   160882   19.30%
   7154  3909       52.0000    58       57.0000       46.0000   162899   19.30%
   7220  3968       48.3522    91       57.0000       46.0000   166107   19.30%
   7352  4113       49.7004    76       57.0000       46.0000   169649   19.30%
   7492  4145       46.0000   100       57.0000       46.0000   170767   19.30%
[runlim] sample:		482.82 time, 250.01 real, 1650 MB, 2.15 load
   7680  4217       53.0000    52       57.0000       46.0000   172363   19.30%
   7821  4390       46.0000    88       57.0000       46.0000   176365   19.30%
   7991  4619       56.0000    54       57.0000       46.0000   181168   19.30%
Elapsed time = 254.64 sec. (447057.35 ticks, tree = 1128.81 MB, solutions = 19)
   8173  4686       56.0000    57       57.0000       46.0000   182747   19.30%
[runlim] sample:		502.55 time, 260.01 real, 1856 MB, 2.13 load
*  8242+ 4762                           56.0000       46.0000            17.86%
   8265  4824       48.0000    86       56.0000       46.0000   186437   17.86%
   8393  4866       54.0625    63       56.0000       46.0000   188661   17.86%
   8439  4533       54.0000    50       56.0000       46.0000   191762   17.86%
   8544  4452       48.0000    96       56.0000       46.0000   190704   17.86%
   8724  4606       48.0000    96       56.0000       46.0000   193792   17.86%
[runlim] sample:		522.25 time, 270.02 real, 1934 MB, 2.11 load
   8885  4822       47.1976    95       56.0000       46.0000   199252   17.86%
   8905  4669       46.0000   105       56.0000       46.0000   195107   17.86%
   9015  4942       46.1982   123       56.0000       46.0000   202239   17.86%
   9119  4989       47.2138   105       56.0000       46.0000   204187   17.86%
Elapsed time = 275.90 sec. (485426.58 ticks, tree = 1317.13 MB, solutions = 20)
   9305  5088       50.1335    71       56.0000       46.0000   206720   17.86%
[runlim] sample:		541.97 time, 280.02 real, 2121 MB, 2.09 load
   9376  5256       49.0000    79       56.0000       46.0000   210402   17.86%
   9462  5264       46.0000   114       56.0000       46.0000   211452   17.86%
   9532  5310       52.0526    45       56.0000       46.0000   213049   17.86%
   9659  5467       46.0689   106       56.0000       46.0000   216747   17.86%
[runlim] sample:		561.63 time, 290.01 real, 2283 MB, 2.08 load
   9866  5622       46.0000    93       56.0000       46.0000   220078   17.86%
   9982  5669       46.0051   112       56.0000       46.0000   220816   17.86%
  10152  5907       46.0208   123       56.0000       46.0000   225690   17.86%
  10273  5951       51.0000    78       56.0000       46.0000   227156   17.86%
  10425  6015       62.0000    79       56.0000       46.0000   228630   17.86%
Elapsed time = 297.49 sec. (525092.59 ticks, tree = 1677.09 MB, solutions = 20)
[runlim] sample:		581.35 time, 300.01 real, 2491 MB, 2.06 load
  10548  6148       53.0000   110       56.0000       46.0000   233782   17.86%
  10584  6310       46.0000    99       56.0000       46.0000   237112   17.86%
  10720  6402       55.0000    62       56.0000       46.0000   239782   17.86%
  10831  6475       53.0000    66       56.0000       46.0000   242393   17.86%
[runlim] sample:		601.08 time, 310.01 real, 2629 MB, 2.05 load
  10887  6492       46.0000    88       56.0000       46.0000   242535   17.86%
  11028  6608       46.0274   105       56.0000       46.0000   246400   17.86%
  11123  6660       53.0000    54       56.0000       46.0000   247317   17.86%
  11284  6863       54.0000    33       56.0000       46.0000   251362   17.86%
  11373  6753       48.0000   101       56.0000       46.0000   249864   17.86%
[runlim] sample:		620.80 time, 320.01 real, 2795 MB, 2.05 load
  11461  6953       51.0000    46       56.0000       46.0000   253006   17.86%
Elapsed time = 319.63 sec. (565118.05 ticks, tree = 2007.60 MB, solutions = 20)
  11635  7035       46.0000   114       56.0000       46.0000   254279   17.86%
  11744  7154       46.0208   103       56.0000       46.0000   258940   17.86%
  11831  7336       48.0833    82       56.0000       46.0000   263093   17.86%
  11948  7446       52.0000    51       56.0000       46.0000   264556   17.86%
[runlim] sample:		640.47 time, 330.01 real, 2997 MB, 2.04 load
  12114  7578       55.0000    54       56.0000       46.0000   268327   17.86%
  12304  7642       53.1842    55       56.0000       46.0000   269675   17.86%
  12460  7741       52.0000    53       56.0000       46.0000   271437   17.86%
  12593  7815       52.7801    36       56.0000       46.0000   272949   17.86%
  12653  7988       46.0000   109       56.0000       46.0000   276397   17.86%
[runlim] sample:		660.17 time, 340.01 real, 3259 MB, 2.11 load
  12696  8061       46.0000   134       56.0000       46.0000   279608   17.86%
Elapsed time = 339.63 sec. (603617.21 ticks, tree = 2398.83 MB, solutions = 20)
Nodefile size = 311.17 MB (280.67 MB after compression)
  12818  8096       47.6737    93       56.0000       46.0000   278621   17.86%
  12966  8166       46.7897    87       56.0000       46.0000   281727   17.86%
  13174  8329       48.3012    99       56.0000       46.0000   285158   17.86%
  13333  8483       50.0000    64       56.0000       46.0000   288909   17.86%
[runlim] sample:		679.83 time, 350.02 real, 3457 MB, 2.09 load
  13463  8701       53.0000    43       56.0000       46.0000   291810   17.86%
  13623  8791       54.0000    54       56.0000       46.0000   293056   17.86%
  13699  8794       54.0000    66       56.0000       46.0000   295686   17.86%
  13826  9037       47.0000    77       56.0000       46.0000   298790   17.86%
[runlim] sample:		699.53 time, 360.01 real, 3626 MB, 2.08 load
  14015  9144       48.4578    89       56.0000       46.0000   302987   17.86%
  14084  9074       48.0000   107       56.0000       46.0000   302112   17.86%
Elapsed time = 361.06 sec. (642189.78 ticks, tree = 2756.10 MB, solutions = 20)
Nodefile size = 642.99 MB (580.58 MB after compression)
  14241  9370       48.0418    69       56.0000       46.0000   307636   17.86%
  14384  9480       48.0695    83       56.0000       46.0000   309304   17.86%
  14481  9496       55.0000    42       56.0000       46.0000   310937   17.86%
[runlim] sample:		718.77 time, 370.02 real, 3809 MB, 2.14 load
  14532  9613       51.0000    61       56.0000       46.0000   313351   17.86%
  14627  9699       46.0000   136       56.0000       46.0000   314817   17.86%
  14748  9755       55.0000    53       56.0000       46.0000   316365   17.86%
  14845  9876       52.0000    66       56.0000       46.0000   321601   17.86%
  14963  9932       51.0000    64       56.0000       46.0000   322968   17.86%
[runlim] sample:		738.60 time, 380.01 real, 3910 MB, 2.12 load
  15091 10000       46.5368    91       56.0000       46.0000   324747   17.86%
  15236 10070       46.0000   151       56.0000       46.0000   328848   17.86%
Elapsed time = 381.74 sec. (680719.80 ticks, tree = 3107.91 MB, solutions = 20)
Nodefile size = 1009.51 MB (911.64 MB after compression)
  15397 10298       52.0000    71       56.0000       46.0000   331765   17.86%
  15568 10403       47.0861    79       56.0000       46.0000   333433   17.86%
[runlim] sample:		758.42 time, 390.01 real, 4140 MB, 2.10 load
  15662 10356       53.0000    61       56.0000       46.0000   335664   17.86%
  15786 10642       46.0000    89       56.0000       46.0000   340340   17.86%
  15903 10743       48.0000   107       56.0000       46.0000   342148   17.86%
  16035 10813       51.0000    58       56.0000       46.0000   343911   17.86%
  16232 10941       50.0000    86       56.0000       46.0000   349680   17.86%
[runlim] sample:		778.23 time, 400.01 real, 4323 MB, 2.09 load
  16370 10997       48.0000    85       56.0000       46.0000   351174   17.86%
* 16431+11233                           55.0000       46.0000            16.36%
  16431 11105       55.0000    56       55.0000       46.0000   352748   16.36%
[runlim] sample:		798.04 time, 410.02 real, 4443 MB, 2.07 load
  16450 11249       46.0319   103       55.0000       46.0000   356385   16.36%
Elapsed time = 411.29 sec. (729326.88 ticks, tree = 3565.91 MB, solutions = 21)
Nodefile size = 1513.63 MB (1367.64 MB after compression)
  16532 10354       46.1687   120       55.0000       46.0000   356947   16.36%
  16648 10462       53.8918    50       55.0000       46.0000   358834   16.36%
  16796 10491       50.0278    82       55.0000       46.0000   361993   16.36%
[runlim] sample:		817.86 time, 420.01 real, 4402 MB, 2.06 load
  16962 10570       48.0000    69       55.0000       46.0000   363455   16.36%
  17031 10785       54.0000    50       55.0000       46.0000   368891   16.36%
  17138 10824       50.8099    63       55.0000       46.0000   370405   16.36%
  17317 10979       48.1770    57       55.0000       46.0000   374511   16.36%
  17454 11045       54.0000    57       55.0000       46.0000   376860   16.36%
[runlim] sample:		837.68 time, 430.01 real, 4465 MB, 2.05 load
  17602 11145       54.0000    39       55.0000       46.0000   378353   16.36%
  17726 11235        cutoff             55.0000       46.0000   384622   16.36%
Elapsed time = 431.26 sec. (768063.55 ticks, tree = 3460.00 MB, solutions = 21)
Nodefile size = 1349.67 MB (1219.90 MB after compression)
  17848 11473       52.0000    52       55.0000       46.0000   389513   16.36%
  17948 11359       46.0000   128       55.0000       46.0000   387535   16.36%
[runlim] sample:		857.53 time, 440.01 real, 4526 MB, 2.04 load
  17988 11512       47.0000   102       55.0000       46.0000   391418   16.36%
  18091 11627       53.0000    59       55.0000       46.0000   395012   16.36%
  18231 11739       46.0000    86       55.0000       46.0000   396863   16.36%
  18323 11790       46.0765   118       55.0000       46.0000   399973   16.36%
[runlim] sample:		877.35 time, 450.01 real, 4629 MB, 2.04 load
  18347 11883       46.0839   105       55.0000       46.0000   400939   16.36%
  18411 11899       58.0000    94       55.0000       46.0000   401602   16.36%
  18490 11949       54.0000    72       55.0000       46.0000   406190   16.36%
[runlim] sample:		895.29 time, 460.02 real, 4684 MB, 2.27 load
  18514 12047       46.0000   114       55.0000       46.0000   408373   16.36%
Elapsed time = 459.79 sec. (814850.86 ticks, tree = 3748.00 MB, solutions = 21)
Nodefile size = 1651.67 MB (1492.80 MB after compression)
  18534 12052       46.8333   127       55.0000       46.0000   409368   16.36%
  18616 12125       54.0000    28       55.0000       46.0000   411949   16.36%
[runlim] sample:		915.07 time, 470.01 real, 4696 MB, 2.23 load
  18622 12099       54.0000   142       55.0000       46.0000   413772   16.36%
  18710 12125       54.0000    91       55.0000       46.0000   414445   16.36%
  18736 12208       54.0000   101       55.0000       46.0000   415501   16.36%
  18764 12202       54.0000    52       55.0000       46.0000   417918   16.36%
[runlim] sample:		934.92 time, 480.01 real, 4752 MB, 2.19 load
  18860 12316       46.0354   107       55.0000       46.0000   420455   16.36%
  18904 12313       49.0000   132       55.0000       46.0000   424548   16.36%
  18956 12353       54.0000   110       55.0000       46.0000   426919   16.36%
[runlim] sample:		954.78 time, 490.01 real, 4803 MB, 2.16 load
  18981 12368       46.0000   112       55.0000       46.0000   427315   16.36%
Elapsed time = 488.25 sec. (861747.70 ticks, tree = 3861.03 MB, solutions = 21)
Nodefile size = 1751.22 MB (1584.27 MB after compression)
  19014 12394       46.4824   100       55.0000       46.0000   424935   16.36%
  19047 12470       54.0000    68       55.0000       46.0000   432280   16.36%
  19089 12494       48.1164   103       55.0000       46.0000   433528   16.36%
  19141 12549       54.0000    66       55.0000       46.0000   435984   16.36%
[runlim] sample:		974.62 time, 500.01 real, 4851 MB, 2.14 load
  19156 12511       46.1000   122       55.0000       46.0000   434366   16.36%
  19206 12565       54.0000    70       55.0000       46.0000   439871   16.36%
  19256 12626       46.0246   116       55.0000       46.0000   439162   16.36%
[runlim] sample:		994.47 time, 510.01 real, 4882 MB, 2.28 load
  19272 12638       46.0000   165       55.0000       46.0000   439698   16.36%
  19350 12714       47.8228   121       55.0000       46.0000   448620   16.36%
  19388 12722       54.0000    87       55.0000       46.0000   446085   16.36%
Elapsed time = 513.44 sec. (906679.41 ticks, tree = 3986.58 MB, solutions = 21)
Nodefile size = 1879.70 MB (1703.42 MB after compression)
  19394 12780       46.0000   104       55.0000       46.0000   451609   16.36%
[runlim] sample:		1014.31 time, 520.01 real, 4954 MB, 2.23 load
  19494 12802       51.0000    67       55.0000       46.0000   450228   16.36%
  19558 12878       46.0000   130       55.0000       46.0000   454309   16.36%
  19579 12895       46.3775   121       55.0000       46.0000   456991   16.36%
[runlim] sample:		1034.11 time, 530.02 real, 5020 MB, 2.20 load
  19614 12859       46.0000   127       55.0000       46.0000   454748   16.36%
  19641 12940       48.0000    82       55.0000       46.0000   458929   16.36%
  19723 12983       53.0000    72       55.0000       46.0000   461671   16.36%
  19745 13023       63.0000    95       55.0000       46.0000   466888   16.36%
[runlim] sample:		1053.97 time, 540.01 real, 5046 MB, 2.17 load
  19769 13062       50.0000    96       55.0000       46.0000   465996   16.36%
  19824 13099       64.0000   123       55.0000       46.0000   467818   16.36%
Elapsed time = 540.36 sec. (952373.44 ticks, tree = 4121.42 MB, solutions = 21)
Nodefile size = 2010.90 MB (1823.27 MB after compression)
  19874 13100       46.0417   130       55.0000       46.0000   468422   16.36%
[runlim] sample:		1073.83 time, 550.02 real, 5051 MB, 2.14 load
  19909 13117       50.0000   117       55.0000       46.0000   481265   16.36%
  19938 13194       46.0814   129       55.0000       46.0000   477781   16.36%
  19980 13221       46.0109    98       55.0000       46.0000   478863   16.36%
[runlim] sample:		1093.67 time, 560.01 real, 5081 MB, 2.12 load
  20007 13211       46.2893   105       55.0000       46.0000   487108   16.36%
  20025 13261       52.0000   118       55.0000       46.0000   491800   16.36%
  20059 13226       53.0000    56       55.0000       46.0000   488966   16.36%
  20133 13278       46.0672   125       55.0000       46.0000   492988   16.36%
[runlim] sample:		1113.52 time, 570.02 real, 5146 MB, 2.10 load
  20204 13288       46.1737   106       55.0000       46.0000   490410   16.36%
  20226 13345       53.0000    76       55.0000       46.0000   495105   16.36%
Elapsed time = 571.94 sec. (1005447.42 ticks, tree = 4207.68 MB, solutions = 21)
Nodefile size = 2097.29 MB (1901.69 MB after compression)
  20291 13364       46.0000   111       55.0000       46.0000   496754   16.36%
  20396 13496       46.0000    92       55.0000       46.0000   499032   16.36%
[runlim] sample:		1133.36 time, 580.02 real, 5187 MB, 2.08 load
  20421 13503       46.0100   117       55.0000       46.0000   500601   16.36%
  20441 13584       54.0000    56       55.0000       46.0000   502880   16.36%
  20517 13637       50.1316    74       55.0000       46.0000   504467   16.36%
[runlim] sample:		1153.16 time, 590.01 real, 5231 MB, 2.15 load
  20563 13581       46.0000   135       55.0000       46.0000   505139   16.36%
  20643 13708       46.0000   102       55.0000       46.0000   509675   16.36%
  20728 13729       54.2857    42       55.0000       46.0000   508582   16.36%
  20771 13768       46.1105   105       55.0000       46.0000   511958   16.36%
[runlim] sample:		1173.01 time, 600.02 real, 5326 MB, 2.12 load
  20829 13814       53.0000    56       55.0000       46.0000   512775   16.36%
Elapsed time = 598.58 sec. (1051405.40 ticks, tree = 4375.57 MB, solutions = 21)
Nodefile size = 2269.18 MB (2057.77 MB after compression)
  20869 13850       53.0000    60       55.0000       46.0000   513567   16.36%
  21015 13986       53.0000    42       55.0000       46.0000   518285   16.36%
  21100 14001       46.6412   110       55.0000       46.0000   518812   16.36%
[runlim] sample:		1192.86 time, 610.01 real, 5380 MB, 2.10 load
  21116 14011       53.0000    70       55.0000       46.0000   521234   16.36%
  21181 14158       52.0000    84       55.0000       46.0000   526262   16.36%
  21234 14101       46.0182   134       55.0000       46.0000   525791   16.36%
  21276 14181       53.0000    75       55.0000       46.0000   528432   16.36%
  21339 14236       51.0000    68       55.0000       46.0000   530023   16.36%
[runlim] sample:		1212.70 time, 620.01 real, 5473 MB, 2.09 load
  21432 14263       46.0000   114       55.0000       46.0000   534329   16.36%
  21489 14320       48.0000   113       55.0000       46.0000   535984   16.36%
Elapsed time = 621.30 sec. (1092274.45 ticks, tree = 4556.96 MB, solutions = 21)
Nodefile size = 2463.98 MB (2234.76 MB after compression)
  21539 14385       46.0000   108       55.0000       46.0000   538559   16.36%
  21577 14404       47.0000   109       55.0000       46.0000   541023   16.36%
  21651 14478       46.0000   112       55.0000       46.0000   543890   16.36%
[runlim] sample:		1232.54 time, 630.01 real, 5558 MB, 2.07 load
  21663 14427       46.0000   112       55.0000       46.0000   542899   16.36%
  21726 14498       53.0000    67       55.0000       46.0000   546528   16.36%
  21810 14602       48.2088   113       55.0000       46.0000   551230   16.36%
  21859 14572       53.0000    99       55.0000       46.0000   553067   16.36%
[runlim] sample:		1252.40 time, 640.02 real, 5619 MB, 2.06 load
  21969 14726       46.0000   123       55.0000       46.0000   557572   16.36%
  22063 14753       50.0000    65       55.0000       46.0000   559943   16.36%
  22127 14815       54.0000    53       55.0000       46.0000   561078   16.36%
Elapsed time = 643.09 sec. (1131858.16 ticks, tree = 4732.31 MB, solutions = 21)
Nodefile size = 2612.03 MB (2367.77 MB after compression)
  22234 14871       50.0000    84       55.0000       46.0000   562475   16.36%
  22276 14866       50.0000    88       55.0000       46.0000   564347   16.36%
[runlim] sample:		1272.19 time, 650.01 real, 5696 MB, 2.05 load
  22360 15052       51.0000    68       55.0000       46.0000   570018   16.36%
  22483 15099       53.7333    56       55.0000       46.0000   571834   16.36%
  22554 15149       54.0000    49       55.0000       46.0000   573421   16.36%
  22636 15058       46.3373   121       55.0000       46.0000   572740   16.36%
  22723 15313       46.1096    96       55.0000       46.0000   582228   16.36%
[runlim] sample:		1292.04 time, 660.01 real, 5851 MB, 2.04 load
  22830 15363       53.0000    55       55.0000       46.0000   583620   16.36%
  22834 15362       53.0000    86       55.0000       46.0000   591125   16.36%
  22921 15398       54.0000    66       55.0000       46.0000   592273   16.36%
Elapsed time = 665.71 sec. (1172080.87 ticks, tree = 4938.08 MB, solutions = 21)
Nodefile size = 2834.76 MB (2569.14 MB after compression)
  23019 15438       52.0000    99       55.0000       46.0000   593616   16.36%
[runlim] sample:		1311.84 time, 670.01 real, 5883 MB, 2.04 load
  23125 15552       50.0000    66       55.0000       46.0000   601824   16.36%
  23208 15602       51.7804    61       55.0000       46.0000   603078   16.36%
  23278 15640       48.0000    85       55.0000       46.0000   604435   16.36%
  23348 15853       48.0000    94       55.0000       46.0000   613857   16.36%
[runlim] sample:		1331.69 time, 680.02 real, 6010 MB, 2.03 load
  23428 15901       53.1119    72       55.0000       46.0000   615472   16.36%
  23575 15898       52.0000   104       55.0000       46.0000   614808   16.36%
  23685 16013       54.0000    36       55.0000       46.0000   618452   16.36%
  23742 16126       48.0000   107       55.0000       46.0000   622884   16.36%
  23803 16168       48.0000   120       55.0000       46.0000   624673   16.36%
Elapsed time = 687.09 sec. (1210869.52 ticks, tree = 5204.78 MB, solutions = 21)
Nodefile size = 3096.20 MB (2802.32 MB after compression)
[runlim] sample:		1351.53 time, 690.01 real, 6117 MB, 2.02 load
  23861 16195       47.0000   128       55.0000       46.0000   625893   16.36%
  23900 16291       48.0000   103       55.0000       46.0000   631341   16.36%
  23959 16229       47.0000   123       55.0000       46.0000   628558   16.36%
  24002 16343       47.0000   103       55.0000       46.0000   635833   16.36%
  24078 16434       53.0000    52       55.0000       46.0000   638987   16.36%
[runlim] sample:		1371.36 time, 700.02 real, 6197 MB, 2.02 load
  24107 16379       46.0000   155       55.0000       46.0000   637271   16.36%
  24151 16483       54.0000   130       55.0000       46.0000   645015   16.36%
  24254 16543       51.0000    69       55.0000       46.0000   642924   16.36%
[runlim] sample:		1391.15 time, 710.01 real, 6310 MB, 2.10 load
  24276 16554       54.0000   107       55.0000       46.0000   646203   16.36%
  24307 16565       53.0000   141       55.0000       46.0000   652905   16.36%
Elapsed time = 710.47 sec. (1250982.66 ticks, tree = 5347.08 MB, solutions = 21)
Nodefile size = 3251.61 MB (2944.77 MB after compression)
  24361 16610       46.0000   179       55.0000       46.0000   654251   16.36%
  24432 16734       53.0000    45       55.0000       46.0000   660158   16.36%
  24555 16691       46.0000   153       55.0000       46.0000   657985   16.36%
[runlim] sample:		1410.99 time, 720.01 real, 6332 MB, 2.08 load
  24577 16812       53.0000    87       55.0000       46.0000   664988   16.36%
  24650 16864       53.0000    71       55.0000       46.0000   666245   16.36%
  24727 16895       53.0000   134       55.0000       46.0000   668306   16.36%
  24784 16924       53.0000    67       55.0000       46.0000   672419   16.36%
[runlim] sample:		1430.84 time, 730.02 real, 6482 MB, 2.07 load
  24858 17096       53.0000   129       55.0000       46.0000   678625   16.36%
  24912 17021       52.0000    54       55.0000       46.0000   672779   16.36%
  24983 17115       53.0000    68       55.0000       46.0000   679615   16.36%
Elapsed time = 732.46 sec. (1289956.99 ticks, tree = 5539.80 MB, solutions = 21)
Nodefile size = 3432.11 MB (3109.84 MB after compression)
  25053 17207       54.0000    42       55.0000       46.0000   683326   16.36%
  25141 17223       50.0000    78       55.0000       46.0000   682929   16.36%
[runlim] sample:		1450.69 time, 740.01 real, 6541 MB, 2.06 load
  25230 17331       51.0000    64       55.0000       46.0000   686672   16.36%
  25273 17414       48.0000   114       55.0000       46.0000   691847   16.36%
  25347 17387       46.0000   129       55.0000       46.0000   688742   16.36%
  25436 17454       54.0000    47       55.0000       46.0000   693644   16.36%
[runlim] sample:		1470.49 time, 750.01 real, 6632 MB, 2.05 load
  25504 17614       52.0000    54       55.0000       46.0000   698531   16.36%
  25524 17540       47.0906   102       55.0000       46.0000   696113   16.36%
  25623 17649       50.7143    84       55.0000       46.0000   700284   16.36%
  25647 17659       54.0000    95       55.0000       46.0000   701375   16.36%
Elapsed time = 754.38 sec. (1329422.52 ticks, tree = 5734.28 MB, solutions = 21)
Nodefile size = 3629.04 MB (3288.95 MB after compression)
  25702 17665       46.0000   124       55.0000       46.0000   701896   16.36%
[runlim] sample:		1490.34 time, 760.01 real, 6651 MB, 2.04 load
  25730 17755       48.0000   109       55.0000       46.0000   705242   16.36%
  25785 17821       52.0000    72       55.0000       46.0000   708641   16.36%
  25904 17848       52.5000    51       55.0000       46.0000   708240   16.36%
  25918 17851       46.0000   153       55.0000       46.0000   709775   16.36%
[runlim] sample:		1510.14 time, 770.01 real, 6692 MB, 2.03 load
  25973 17925       47.0000   127       55.0000       46.0000   713105   16.36%
  26003 17977       46.0000   142       55.0000       46.0000   715395   16.36%
  26018 17992       50.0000   150       55.0000       46.0000   716083   16.36%
  26060 18020       48.0000    97       55.0000       46.0000   718575   16.36%
[runlim] sample:		1529.98 time, 780.01 real, 6752 MB, 2.11 load
  26148 18102       53.0000    61       55.0000       46.0000   722833   16.36%
Elapsed time = 778.98 sec. (1372094.87 ticks, tree = 5876.34 MB, solutions = 21)
Nodefile size = 3777.39 MB (3426.18 MB after compression)
  26185 18133       51.0000    55       55.0000       46.0000   725063   16.36%
  26240 18092       51.0000    71       55.0000       46.0000   723578   16.36%
  26339 18196       48.0000    88       55.0000       46.0000   729046   16.36%
  26472 18269       52.5000    39       55.0000       46.0000   731062   16.36%
[runlim] sample:		1549.81 time, 790.02 real, 6840 MB, 2.09 load
  26510 18269       46.0000   130       55.0000       46.0000   731406   16.36%
  26572 18378       46.0000   120       55.0000       46.0000   737769   16.36%
  26650 18515       49.0000    90       55.0000       46.0000   742317   16.36%
  26693 18414       47.6000    98       55.0000       46.0000   740474   16.36%
[runlim] sample:		1569.67 time, 800.02 real, 6836 MB, 2.08 load
  26733 18542       46.0000   162       55.0000       46.0000   745918   16.36%
  26738 18605       46.0000   123       55.0000       46.0000   753070   16.36%
Elapsed time = 802.76 sec. (1414212.06 ticks, tree = 5952.81 MB, solutions = 21)
Nodefile size = 3857.83 MB (3497.17 MB after compression)
  26773 18617       53.0000    74       55.0000       46.0000   754558   16.36%
  26848 18660       53.0000    80       55.0000       46.0000   756210   16.36%
[runlim] sample:		1589.51 time, 810.01 real, 6868 MB, 2.06 load
  26942 18685       46.0000   151       55.0000       46.0000   757600   16.36%
  26989 18798       52.9474    52       55.0000       46.0000   763105   16.36%
  27082 18742       48.0000    99       55.0000       46.0000   761909   16.36%
  27092 18803       46.0000   122       55.0000       46.0000   764949   16.36%
[runlim] sample:		1609.35 time, 820.01 real, 6881 MB, 2.05 load
  27178 18853       46.0000   126       55.0000       46.0000   766849   16.36%
  27227 19003       50.0000    95       55.0000       46.0000   771992   16.36%
  27287 18912       46.0993   163       55.0000       46.0000   768515   16.36%
  27401 19087       46.0000   142       55.0000       46.0000   775517   16.36%
Elapsed time = 826.24 sec. (1455822.19 ticks, tree = 6124.36 MB, solutions = 21)
Nodefile size = 3997.54 MB (3622.76 MB after compression)
[runlim] sample:		1629.13 time, 830.01 real, 7042 MB, 2.05 load
  27478 19093       47.0000   103       55.0000       46.0000   776341   16.36%
  27543 19152       53.0000    43       55.0000       46.0000   778149   16.36%
  27636 19231       52.0000    62       55.0000       46.0000   780968   16.36%
  27717 19299       49.0000    78       55.0000       46.0000   783775   16.36%
  27827 19381       53.0000    52       55.0000       46.0000   785281   16.36%
[runlim] sample:		1648.98 time, 840.01 real, 7100 MB, 2.11 load
  27911 19423       54.0000    71       55.0000       46.0000   786744   16.36%
  27973 19589       54.0000    50       55.0000       46.0000   792632   16.36%
  28104 19659        cutoff             55.0000       46.0000   794222   16.36%
[runlim] sample:		1668.83 time, 850.01 real, 7197 MB, 2.09 load
  28118 19644       46.0000   126       55.0000       46.0000   799240   16.36%
  28174 19688       54.0000    49       55.0000       46.0000   800954   16.36%
Elapsed time = 850.75 sec. (1499180.58 ticks, tree = 6338.84 MB, solutions = 21)
Nodefile size = 4225.23 MB (3831.45 MB after compression)
  28222 19807       54.0000    86       55.0000       46.0000   803860   16.36%
  28328 19842       54.0000    72       55.0000       46.0000   805278   16.36%
[runlim] sample:		1688.67 time, 860.01 real, 7278 MB, 2.16 load
  28336 19765       46.3720   113       55.0000       46.0000   803888   16.36%
  28434 19922       54.0000    49       55.0000       46.0000   807169   16.36%
  28460 19952       53.0000    59       55.0000       46.0000   811131   16.36%
  28512 19988       53.0000    68       55.0000       46.0000   812879   16.36%
[runlim] sample:		1708.49 time, 870.01 real, 7319 MB, 2.13 load
  28553 19934       48.0000   113       55.0000       46.0000   814539   16.36%
  28604 20093       51.0000    55       55.0000       46.0000   822353   16.36%
  28624 20105       46.0526   127       55.0000       46.0000   822724   16.36%
  28692 20141        cutoff             55.0000       46.0000   823871   16.36%
Elapsed time = 876.78 sec. (1543389.75 ticks, tree = 6457.72 MB, solutions = 21)
Nodefile size = 4363.86 MB (3957.71 MB after compression)
[runlim] sample:		1728.35 time, 880.01 real, 7343 MB, 2.11 load
  28727 20131       51.6532    62       55.0000       46.0000   826188   16.36%
  28767 20181       48.0000   110       55.0000       46.0000   828863   16.36%
  28834 20175       50.0000    88       55.0000       46.0000   828770   16.36%
  28924 20235       46.0386   129       55.0000       46.0000   831531   16.36%
[runlim] sample:		1748.16 time, 890.01 real, 7338 MB, 2.10 load
  29026 20377       53.0000    57       55.0000       46.0000   833690   16.36%
  29127 20505       52.0000    65       55.0000       46.0000   839964   16.36%
  29236 20440       53.0000    54       55.0000       46.0000   839530   16.36%
  29332 20632       54.0000    56       55.0000       46.0000   844850   16.36%
[runlim] sample:		1768.00 time, 900.01 real, 7398 MB, 2.08 load
  29391 20579       54.0000    52       55.0000       46.0000   844192   16.36%
  29418 20691       52.0000    71       55.0000       46.0000   848356   16.36%
Elapsed time = 902.71 sec. (1585315.06 ticks, tree = 6511.07 MB, solutions = 21)
Nodefile size = 4391.55 MB (3981.65 MB after compression)
  29425 20728       46.0218   123       55.0000       46.0000   849463   16.36%
  29464 20692       46.0000   102       55.0000       46.0000   848519   16.36%
  29542 20830       53.0000    63       55.0000       46.0000   855153   16.36%
[runlim] sample:		1787.85 time, 910.01 real, 7391 MB, 2.07 load
  29601 20861       48.0000   123       55.0000       46.0000   856537   16.36%
  29674 20922       54.0000    84       55.0000       46.0000   858238   16.36%
  29717 20994       46.0699   108       55.0000       46.0000   862749   16.36%
  29788 21011       50.0000    60       55.0000       46.0000   863216   16.36%
[runlim] sample:		1807.70 time, 920.02 real, 7476 MB, 2.06 load
  29838 21052       54.0000   120       55.0000       46.0000   865240   16.36%
  29923 21134       46.2314   112       55.0000       46.0000   874437   16.36%
  30000 21243       46.0000   171       55.0000       46.0000   876132   16.36%
Elapsed time = 923.78 sec. (1625878.35 ticks, tree = 6686.91 MB, solutions = 21)
Nodefile size = 4577.58 MB (4149.79 MB after compression)
  30060 21302       54.1250    43       55.0000       46.0000   877416   16.36%
[runlim] sample:		1827.53 time, 930.02 real, 7556 MB, 2.05 load
  30114 21329       51.1429    56       55.0000       46.0000   879013   16.36%
  30133 21252       46.0000   116       55.0000       46.0000   881672   16.36%
  30171 21383       47.0517   100       55.0000       46.0000   884367   16.36%
  30299 21472       51.0000    52       55.0000       46.0000   889264   16.36%
  30379 21473       50.0000    90       55.0000       46.0000   888194   16.36%
[runlim] sample:		1847.37 time, 940.01 real, 7645 MB, 2.04 load
  30452 21523       48.2521    85       55.0000       46.0000   890725   16.36%
  30537 21651       53.0000    58       55.0000       46.0000   896477   16.36%
  30564 21669       51.0000    78       55.0000       46.0000   898491   16.36%
  30632 21750       46.8866    96       55.0000       46.0000   901231   16.36%
Elapsed time = 946.00 sec. (1664957.16 ticks, tree = 6854.24 MB, solutions = 21)
Nodefile size = 4755.54 MB (4314.84 MB after compression)
[runlim] sample:		1867.18 time, 950.01 real, 7714 MB, 2.03 load
  30668 21678       46.2073   118       55.0000       46.0000   900168   16.36%
  30744 21867       54.0000    54       55.0000       46.0000   907377   16.36%
  30747 21804       46.2934   117       55.0000       46.0000   904893   16.36%
  30870 21871       50.7965    59       55.0000       46.0000   906032   16.36%
[runlim] sample:		1887.02 time, 960.01 real, 7763 MB, 2.11 load
  30925 21988       46.0990   112       55.0000       46.0000   912984   16.36%
  30966 21922       46.0000   167       55.0000       46.0000   910422   16.36%
  31009 22064       52.0000    65       55.0000       46.0000   915302   16.36%
  31040 22093       48.3465    80       55.0000       46.0000   917963   16.36%
  31146 22094       54.0000    99       55.0000       46.0000   916998   16.36%
[runlim] sample:		1906.86 time, 970.01 real, 7722 MB, 2.09 load
  31200 22113       46.0000   105       55.0000       46.0000   917311   16.36%
Elapsed time = 972.41 sec. (1711287.28 ticks, tree = 6928.17 MB, solutions = 21)
Nodefile size = 4805.07 MB (4359.18 MB after compression)
  31283 22285       53.0000    54       55.0000       46.0000   924601   16.36%
  31355 22306       46.0637   122       55.0000       46.0000   926030   16.36%
[runlim] sample:		1926.72 time, 980.02 real, 7814 MB, 2.08 load
  31429 22258       52.0000    62       55.0000       46.0000   927239   16.36%
  31498 22398       51.8832    90       55.0000       46.0000   929798   16.36%
  31556 22439       54.0000    70       55.0000       46.0000   931518   16.36%
  31573 22500       46.1593   133       55.0000       46.0000   941119   16.36%
[runlim] sample:		1946.56 time, 990.01 real, 7904 MB, 2.06 load
  31629 22533       53.0000    59       55.0000       46.0000   942632   16.36%
  31735 22656       54.0000    55       55.0000       46.0000   947075   16.36%
  31789 22627       47.0000   130       55.0000       46.0000   947732   16.36%
  31860 22666       47.1326   100       55.0000       46.0000   949692   16.36%
Elapsed time = 994.90 sec. (1751782.45 ticks, tree = 7118.56 MB, solutions = 21)
Nodefile size = 4988.85 MB (4526.31 MB after compression)
  31954 22734       48.2185    79       55.0000       46.0000   950159   16.36%
[runlim] sample:		1966.40 time, 1000.02 real, 8023 MB, 2.05 load
  32020 22803       49.0000   107       55.0000       46.0000   956796   16.36%
  32071 22843       46.0000   130       55.0000       46.0000   958400   16.36%
  32141 22897       49.5000    94       55.0000       46.0000   959805   16.36%
  32164 22916       54.0000    67       55.0000       46.0000   961950   16.36%
[runlim] sample:		1986.19 time, 1010.01 real, 8092 MB, 2.05 load
  32221 22949       48.0000   117       55.0000       46.0000   963301   16.36%
  32297 22987       48.0000    94       55.0000       46.0000   965197   16.36%
  32384 23100       53.0000    99       55.0000       46.0000   971662   16.36%
  32419 23179       49.0000   114       55.0000       46.0000   975222   16.36%
  32525 23226       54.0000    48       55.0000       46.0000   976799   16.36%
Elapsed time = 1017.05 sec. (1790919.91 ticks, tree = 7310.49 MB, solutions = 21)
Nodefile size = 5191.09 MB (4711.54 MB after compression)
[runlim] sample:		2006.04 time, 1020.01 real, 8160 MB, 2.04 load
  32587 23305       47.9189   108       55.0000       46.0000   980723   16.36%
  32711 23321       53.0000    78       55.0000       46.0000   982560   16.36%
  32767 23349       46.0000   117       55.0000       46.0000   983540   16.36%
  32866 23477       47.0000   101       55.0000       46.0000   990157   16.36%
[runlim] sample:		2025.89 time, 1030.01 real, 8244 MB, 2.03 load
  32998 23635       54.0000    44       55.0000       46.0000   992824   16.36%
  33107 23684       54.0000    70       55.0000       46.0000   994867   16.36%
  33150 23710       46.0000   159       55.0000       46.0000   996878   16.36%
  33214 23717       46.0000   122       55.0000       46.0000   999804   16.36%
[runlim] sample:		2045.75 time, 1040.02 real, 8302 MB, 2.03 load
  33278 23853       53.0000    59       55.0000       46.0000  1004635   16.36%
  33366 23911       51.0000    52       55.0000       46.0000  1006631   16.36%
Elapsed time = 1040.34 sec. (1832746.76 ticks, tree = 7500.86 MB, solutions = 21)
Nodefile size = 5374.76 MB (4878.17 MB after compression)
  33446 23954       51.4098    61       55.0000       46.0000  1008285   16.36%
  33519 23963       46.0000   130       55.0000       46.0000  1008674   16.36%
  33555 24086       47.4454    93       55.0000       46.0000  1019514   16.36%
[runlim] sample:		2065.57 time, 1050.01 real, 8374 MB, 2.02 load
  33610 23961       46.0000   149       55.0000       46.0000  1014270   16.36%
  33668 24142       54.0000    71       55.0000       46.0000  1020835   16.36%
  33770 24185       51.0000    97       55.0000       46.0000  1022554   16.36%
[runlim] sample:		2083.53 time, 1060.01 real, 8417 MB, 2.10 load
  33824 24261       48.0000    68       55.0000       46.0000  1025364   16.36%
  33886 24309       46.0000   123       55.0000       46.0000  1027205   16.36%
  33998 24341       53.0000    72       55.0000       46.0000  1030215   16.36%
  34054 24387       49.0000    88       55.0000       46.0000  1032085   16.36%
Elapsed time = 1065.41 sec. (1873986.92 ticks, tree = 7649.60 MB, solutions = 21)
Nodefile size = 5520.80 MB (5010.88 MB after compression)
  34158 24504       53.0000    83       55.0000       46.0000  1034263   16.36%
[runlim] sample:		2103.33 time, 1070.02 real, 8523 MB, 2.08 load
  34216 24579       54.0000    64       55.0000       46.0000  1040548   16.36%
  34314 24654       46.0000   142       55.0000       46.0000  1045641   16.36%
  34344 24653       46.4706   133       55.0000       46.0000  1045241   16.36%
  34384 24680       51.0000    82       55.0000       46.0000  1047462   16.36%
[runlim] sample:		2123.15 time, 1080.01 real, 8624 MB, 2.07 load
  34496 24759       46.5698   113       55.0000       46.0000  1054104   16.36%
  34569 24789       52.0000   124       55.0000       46.0000  1056884   16.36%
  34649 24957       46.2946   110       55.0000       46.0000  1062610   16.36%
  34792 25060       51.0000    52       55.0000       46.0000  1064482   16.36%
[runlim] sample:		2143.01 time, 1090.02 real, 8727 MB, 2.13 load
  34880 25086       46.0000   151       55.0000       46.0000  1069343   16.36%
Elapsed time = 1089.08 sec. (1914054.74 ticks, tree = 7881.50 MB, solutions = 21)
Nodefile size = 5785.41 MB (5255.23 MB after compression)
  34926 25080       54.0000    39       55.0000       46.0000  1065333   16.36%
  35018 25235       51.0000    67       55.0000       46.0000  1072762   16.36%
  35098 25275       47.0000   105       55.0000       46.0000  1075296   16.36%
  35210 25342       47.7391   120       55.0000       46.0000  1079756   16.36%
[runlim] sample:		2162.85 time, 1100.01 real, 8795 MB, 2.11 load
  35240 25420       46.1018   124       55.0000       46.0000  1084395   16.36%
  35351 25477       46.1145   140       55.0000       46.0000  1087706   16.36%
  35378 25535       54.0000    89       55.0000       46.0000  1092317   16.36%
  35456 25558       51.0000   104       55.0000       46.0000  1094698   16.36%
[runlim] sample:		2182.69 time, 1110.01 real, 8811 MB, 2.17 load
  35555 25606       54.0000    64       55.0000       46.0000  1096387   16.36%
  35616 25659       52.0000    63       55.0000       46.0000  1098347   16.36%
Elapsed time = 1111.38 sec. (1954128.01 ticks, tree = 7995.84 MB, solutions = 21)
Nodefile size = 5850.19 MB (5312.40 MB after compression)
  35680 25830       54.1828    43       55.0000       46.0000  1108987   16.36%
  35767 25870       54.0000    30       55.0000       46.0000  1110829   16.36%
[runlim] sample:		2202.54 time, 1120.01 real, 8860 MB, 2.15 load
  35846 25896       54.0000    60       55.0000       46.0000  1113171   16.36%
  35857 25902       46.0000   176       55.0000       46.0000  1113492   16.36%
  35909 25982       46.3334   121       55.0000       46.0000  1121451   16.36%
  35962 26028       46.0749   104       55.0000       46.0000  1129016   16.36%
[runlim] sample:		2222.35 time, 1130.01 real, 8930 MB, 2.12 load
  36045 26022       54.0000    55       55.0000       46.0000  1125772   16.36%
  36118 26086       49.0000   108       55.0000       46.0000  1132809   16.36%
  36185 26204       53.0000    81       55.0000       46.0000  1143115   16.36%
[runlim] sample:		2242.19 time, 1140.01 real, 8989 MB, 2.10 load
  36290 26186       50.0000    84       55.0000       46.0000  1139744   16.36%
Elapsed time = 1138.63 sec. (1999120.77 ticks, tree = 8163.31 MB, solutions = 21)
Nodefile size = 6034.01 MB (5481.03 MB after compression)
  36374 26261       46.0000   151       55.0000       46.0000  1147817   16.36%
  36479 26350       52.0000    64       55.0000       46.0000  1148795   16.36%
  36566 26467       52.0000    96       55.0000       46.0000  1156384   16.36%
  36686 26537       54.0000    94       55.0000       46.0000  1158097   16.36%
[runlim] sample:		2262.05 time, 1150.01 real, 9083 MB, 2.09 load
  36719 26559       46.0000   136       55.0000       46.0000  1161337   16.36%
  36786 26593       46.0000   166       55.0000       46.0000  1163205   16.36%
  36833 26694       46.0000   175       55.0000       46.0000  1169255   16.36%
  36924 26753       52.1633    65       55.0000       46.0000  1171045   16.36%
[runlim] sample:		2281.90 time, 1160.02 real, 9182 MB, 2.07 load
  37014 26879       50.0000    86       55.0000       46.0000  1179471   16.36%
  37021 26820       46.0000   106       55.0000       46.0000  1173694   16.36%
Elapsed time = 1161.54 sec. (2039129.53 ticks, tree = 8387.52 MB, solutions = 21)
Nodefile size = 6274.38 MB (5699.72 MB after compression)
  37083 26908       53.0000    67       55.0000       46.0000  1180548   16.36%
  37180 26973       54.0000    30       55.0000       46.0000  1183862   16.36%
  37266 27074       51.0000    84       55.0000       46.0000  1188255   16.36%
[runlim] sample:		2301.74 time, 1170.02 real, 9278 MB, 2.06 load
  37366 27118       46.0000   191       55.0000       46.0000  1189961   16.36%
  37471 27162        cutoff             55.0000       46.0000  1192661   16.36%
  37566 27255       47.0000    92       55.0000       46.0000  1198361   16.36%
[runlim] sample:		2321.56 time, 1180.01 real, 9318 MB, 2.05 load
  37649 27267       54.0000    55       55.0000       46.0000  1196242   16.36%
  37718 27287       46.4098   119       55.0000       46.0000  1197461   16.36%
  37805 27507       46.0000   113       55.0000       46.0000  1208128   16.36%
  37837 27436       46.0228   123       55.0000       46.0000  1203789   16.36%
Elapsed time = 1186.52 sec. (2084952.61 ticks, tree = 8555.18 MB, solutions = 21)
Nodefile size = 6443.05 MB (5853.52 MB after compression)
[runlim] sample:		2341.37 time, 1190.01 real, 9397 MB, 2.04 load
  37865 27460       51.0000    85       55.0000       46.0000  1206175   16.36%
  37941 27571       48.0000    96       55.0000       46.0000  1213407   16.36%
  38037 27684       54.0000    59       55.0000       46.0000  1217858   16.36%
  38172 27658       53.0000    77       55.0000       46.0000  1217177   16.36%
  38225 27687       46.0000   173       55.0000       46.0000  1219182   16.36%
[runlim] sample:		2361.22 time, 1200.01 real, 9455 MB, 2.04 load
  38264 27882       47.0000   107       55.0000       46.0000  1228890   16.36%
  38312 27926       52.0000    68       55.0000       46.0000  1230325   16.36%
  38427 27861       54.0000    48       55.0000       46.0000  1225533   16.36%
  38494 27882       46.0000   102       55.0000       46.0000  1227187   16.36%
  38582 28015       54.0000    54       55.0000       46.0000  1233573   16.36%
Elapsed time = 1207.64 sec. (2123747.77 ticks, tree = 8765.38 MB, solutions = 21)
Nodefile size = 6656.54 MB (6049.42 MB after compression)
[runlim] sample:		2381.05 time, 1210.01 real, 9610 MB, 2.11 load
  38681 28063       54.0000    53       55.0000       46.0000  1236196   16.36%
  38752 28199       50.0000    69       55.0000       46.0000  1243225   16.36%
  38835 28252       50.0000    75       55.0000       46.0000  1245086   16.36%
  38891 28374       52.0000    61       55.0000       46.0000  1250520   16.36%
[runlim] sample:		2400.91 time, 1220.01 real, 9698 MB, 2.09 load
  38991 28252       54.0000    72       55.0000       46.0000  1247826   16.36%
  39092 28300       53.0000    57       55.0000       46.0000  1249515   16.36%
  39163 28507       46.0000   116       55.0000       46.0000  1257005   16.36%
  39234 28545       54.0000    57       55.0000       46.0000  1259405   16.36%
  39327 28695       47.0000   157       55.0000       46.0000  1266929   16.36%
[runlim] sample:		2420.73 time, 1230.01 real, 9817 MB, 2.08 load
  39354 28569       46.9565   117       55.0000       46.0000  1262132   16.36%
Elapsed time = 1230.58 sec. (2164572.33 ticks, tree = 8962.46 MB, solutions = 21)
Nodefile size = 6842.99 MB (6221.46 MB after compression)
  39418 28702       50.0000    87       55.0000       46.0000  1271052   16.36%
  39474 28819       54.0000    33       55.0000       46.0000  1276038   16.36%
  39510 28749       46.0000   126       55.0000       46.0000  1274699   16.36%
[runlim] sample:		2440.58 time, 1240.01 real, 9845 MB, 2.07 load
  39578 28864       54.0000    83       55.0000       46.0000  1280287   16.36%
  39633 28960       52.0000    64       55.0000       46.0000  1287345   16.36%
  39707 29016       53.0000    56       55.0000       46.0000  1289211   16.36%
  39768 28912       54.0000    69       55.0000       46.0000  1284251   16.36%
[runlim] sample:		2460.40 time, 1250.01 real, 9863 MB, 2.06 load
  39846 29062       54.0000    76       55.0000       46.0000  1293399   16.36%
  39944 29053       53.0000    64       55.0000       46.0000  1295592   16.36%
  40009 29095       63.0000    79       55.0000       46.0000  1297281   16.36%
Elapsed time = 1254.39 sec. (2204212.39 ticks, tree = 9090.95 MB, solutions = 21)
Nodefile size = 6963.84 MB (6329.91 MB after compression)
  40039 29096       52.0000   155       55.0000       46.0000  1300096   16.36%
  40091 29285       53.0000    40       55.0000       46.0000  1308602   16.36%
[runlim] sample:		2480.25 time, 1260.01 real, 9943 MB, 2.05 load
  40161 29328       54.0000    80       55.0000       46.0000  1310543   16.36%
  40266 29368       54.0000    61       55.0000       46.0000  1316199   16.36%
  40352 29451       54.0000    57       55.0000       46.0000  1320155   16.36%
  40453 29422       51.0000    62       55.0000       46.0000  1319790   16.36%
[runlim] sample:		2500.10 time, 1270.02 real, 10035 MB, 2.04 load
  40514 29619       53.0000    54       55.0000       46.0000  1328823   16.36%
  40602 29521       46.0286   131       55.0000       46.0000  1328294   16.36%
  40660 29696       46.0000   175       55.0000       46.0000  1336246   16.36%
  40706 29734       51.0000    76       55.0000       46.0000  1337934   16.36%
Elapsed time = 1274.93 sec. (2243934.34 ticks, tree = 9297.77 MB, solutions = 21)
Nodefile size = 7182.40 MB (6526.02 MB after compression)
  40770 29799       50.0000   102       55.0000       46.0000  1344632   16.36%
[runlim] sample:		2519.95 time, 1280.01 real, 10080 MB, 2.03 load
  40818 29831       46.0331   126       55.0000       46.0000  1346004   16.36%
  40910 29885       54.0000    56       55.0000       46.0000  1347308   16.36%
  40958 30017       51.2473    67       55.0000       46.0000  1353260   16.36%
  41075 29897       46.1145   141       55.0000       46.0000  1348854   16.36%
  41123 30027       49.0000    88       55.0000       46.0000  1355632   16.36%
[runlim] sample:		2539.78 time, 1290.01 real, 10172 MB, 2.03 load
  41223 30049       46.9565   108       55.0000       46.0000  1357636   16.36%
  41283 30252       49.2621   104       55.0000       46.0000  1364927   16.36%
  41366 30280       48.0000   106       55.0000       46.0000  1367442   16.36%
  41450 30309       52.0000    90       55.0000       46.0000  1368622   16.36%
Elapsed time = 1297.37 sec. (2284505.26 ticks, tree = 9467.83 MB, solutions = 21)
Nodefile size = 7362.21 MB (6691.73 MB after compression)
[runlim] sample:		2559.63 time, 1300.01 real, 10268 MB, 2.02 load
  41519 30360       53.0000    65       55.0000       46.0000  1370014   16.36%
  41553 30393       46.0045   149       55.0000       46.0000  1376074   16.36%
  41653 30538       54.0000    59       55.0000       46.0000  1378937   16.36%
  41759 30574       46.4098   110       55.0000       46.0000  1380267   16.36%
[runlim] sample:		2579.42 time, 1310.01 real, 10375 MB, 2.02 load
  41816 30609       46.0000   130       55.0000       46.0000  1382024   16.36%
  41890 30629       52.0000    64       55.0000       46.0000  1384496   16.36%
  42007 30702       51.4941    99       55.0000       46.0000  1386124   16.36%
  42065 30857       48.0000   150       55.0000       46.0000  1394338   16.36%
[runlim] sample:		2599.27 time, 1320.01 real, 10457 MB, 2.02 load
  42125 30772       48.0000   102       55.0000       46.0000  1391435   16.36%
  42246 30841       54.0000    51       55.0000       46.0000  1393017   16.36%
Elapsed time = 1320.39 sec. (2325891.06 ticks, tree = 9657.12 MB, solutions = 21)
Nodefile size = 7520.38 MB (6836.85 MB after compression)
  42327 30958       52.0000    52       55.0000       46.0000  1398294   16.36%
  42410 31019       53.0000    84       55.0000       46.0000  1401093   16.36%
  42504 31154       51.0000    70       55.0000       46.0000  1405638   16.36%
[runlim] sample:		2619.11 time, 1330.01 real, 10567 MB, 2.01 load
  42562 31206       54.0000   106       55.0000       46.0000  1407167   16.36%
  42673 31248       53.0000    72       55.0000       46.0000  1408897   16.36%
  42762 31259       47.0385   114       55.0000       46.0000  1412206   16.36%
  42808 31264       46.0000    99       55.0000       46.0000  1415520   16.36%
  42878 31472       52.0000    64       55.0000       46.0000  1424158   16.36%
[runlim] sample:		2638.95 time, 1340.01 real, 10689 MB, 2.08 load
  42942 31502       46.2308   102       55.0000       46.0000  1425753   16.36%
  42969 31543       46.0000   107       55.0000       46.0000  1429153   16.36%
Elapsed time = 1341.33 sec. (2364499.87 ticks, tree = 9909.86 MB, solutions = 21)
Nodefile size = 7810.59 MB (7104.06 MB after compression)
  43036 31583       51.0000    78       55.0000       46.0000  1431057   16.36%
  43133 31634       51.0000    75       55.0000       46.0000  1432631   16.36%
  43226 31665       46.0192   131       55.0000       46.0000  1435735   16.36%
[runlim] sample:		2658.79 time, 1350.02 real, 10764 MB, 2.07 load
  43319 31710       50.0000    72       55.0000       46.0000  1437695   16.36%
  43405 31827       54.0000    48       55.0000       46.0000  1442011   16.36%
  43473 31937       50.0000    81       55.0000       46.0000  1447886   16.36%
  43551 32003       52.0000    68       55.0000       46.0000  1449585   16.36%
  43618 32021       54.0000    51       55.0000       46.0000  1455081   16.36%
[runlim] sample:		2678.62 time, 1360.01 real, 10879 MB, 2.14 load
  43639 32033       53.0000   130       55.0000       46.0000  1450611   16.36%
  43678 32066       54.0000    68       55.0000       46.0000  1456703   16.36%
Elapsed time = 1363.14 sec. (2403269.89 ticks, tree = 10097.58 MB, solutions = 21)
Nodefile size = 7981.98 MB (7260.79 MB after compression)
  43684 32067       54.0000    97       55.0000       46.0000  1460652   16.36%
  43749 32156       54.0000    74       55.0000       46.0000  1466255   16.36%
[runlim] sample:		2698.44 time, 1370.01 real, 10948 MB, 2.12 load
  43819 32227       54.0000    62       55.0000       46.0000  1474987   16.36%
  43861 32261       53.0000    48       55.0000       46.0000  1477569   16.36%
  43960 32314       53.2703    62       55.0000       46.0000  1479098   16.36%
  44032 32293       46.4520   105       55.0000       46.0000  1477664   16.36%
[runlim] sample:		2718.28 time, 1380.02 real, 11011 MB, 2.10 load
  44115 32315       46.1165   126       55.0000       46.0000  1479481   16.36%
  44201 32528       52.5000   110       55.0000       46.0000  1489842   16.36%
  44291 32648       54.0000    95       55.0000       46.0000  1497928   16.36%
  44396 32565       52.0000    48       55.0000       46.0000  1491116   16.36%
Elapsed time = 1385.81 sec. (2443858.48 ticks, tree = 10272.61 MB, solutions = 21)
Nodefile size = 8145.51 MB (7411.87 MB after compression)
  44520 32730       51.0000   114       55.0000       46.0000  1504563   16.36%
[runlim] sample:		2738.12 time, 1390.01 real, 11093 MB, 2.08 load
  44597 32803       54.0000    77       55.0000       46.0000  1507044   16.36%
  44737 33009       54.0000    32       55.0000       46.0000  1514804   16.36%
  44816 33023       51.0000   103       55.0000       46.0000  1518802   16.36%
  44932 33075       53.0000    53       55.0000       46.0000  1521183   16.36%
[runlim] sample:		2757.97 time, 1400.01 real, 11108 MB, 2.07 load
  45051 32920       48.0000   111       55.0000       46.0000  1512624   16.36%
  45142 33186       54.0000   119       55.0000       46.0000  1526380   16.36%
  45280 33371       46.0000   130       55.0000       46.0000  1537572   16.36%
  45350 33264       48.0000   116       55.0000       46.0000  1535825   16.36%
  45458 33428        cutoff             55.0000       46.0000  1542032   16.36%
Elapsed time = 1407.66 sec. (2483865.35 ticks, tree = 10329.63 MB, solutions = 21)
Nodefile size = 8229.32 MB (7487.70 MB after compression)
[runlim] sample:		2777.80 time, 1410.01 real, 11087 MB, 2.06 load
  45502 33601       46.9565   136       55.0000       46.0000  1561321   16.36%
  45565 33654       46.0000   175       55.0000       46.0000  1563776   16.36%
  45676 33688       47.3810   116       55.0000       46.0000  1568412   16.36%
  45712 33706       51.0000    63       55.0000       46.0000  1562169   16.36%
[runlim] sample:		2797.65 time, 1420.01 real, 11109 MB, 2.05 load
  45770 33727       53.0000   108       55.0000       46.0000  1565869   16.36%
  45875 33839       52.3000    43       55.0000       46.0000  1581988   16.36%
  45966 33816       54.0000    69       55.0000       46.0000  1571811   16.36%
  46043 33912       53.0000    67       55.0000       46.0000  1586117   16.36%
[runlim] sample:		2817.43 time, 1430.01 real, 11136 MB, 2.04 load
  46149 33952       48.0000   142       55.0000       46.0000  1593567   16.36%
  46224 33997       53.0000    54       55.0000       46.0000  1595240   16.36%
Elapsed time = 1430.19 sec. (2525466.94 ticks, tree = 10363.56 MB, solutions = 21)
Nodefile size = 8231.45 MB (7488.28 MB after compression)
  46351 34051       51.0000    75       55.0000       46.0000  1596850   16.36%
  46470 34270       52.0000    89       55.0000       46.0000  1607052   16.36%
  46546 34307       54.0000   107       55.0000       46.0000  1610181   16.36%
[runlim] sample:		2837.28 time, 1440.01 real, 11179 MB, 2.04 load
  46662 34355       52.5267    65       55.0000       46.0000  1611838   16.36%
  46812 34513       54.0000    48       55.0000       46.0000  1619254   16.36%
  46841 34719       54.0000    91       55.0000       46.0000  1629000   16.36%
  46900 34726       49.0000   121       55.0000       46.0000  1631729   16.36%
[runlim] sample:		2857.13 time, 1450.01 real, 11246 MB, 2.03 load
  46992 34609       46.0722   102       55.0000       46.0000  1624733   16.36%
  47093 34818       51.0000    61       55.0000       46.0000  1634044   16.36%
  47149 34932       48.0000   119       55.0000       46.0000  1642565   16.36%
Elapsed time = 1452.90 sec. (2565547.07 ticks, tree = 10613.03 MB, solutions = 21)
Nodefile size = 8512.51 MB (7736.84 MB after compression)
  47245 34884       49.0000   121       55.0000       46.0000  1635835   16.36%
  47287 34986       47.0000    96       55.0000       46.0000  1645751   16.36%
[runlim] sample:		2876.96 time, 1460.02 real, 11353 MB, 2.10 load
  47311 34990       52.0000    79       55.0000       46.0000  1648283   16.36%
  47446 35073       51.0000    48       55.0000       46.0000  1648252   16.36%
  47574 35229       54.0333    44       55.0000       46.0000  1654987   16.36%
  47653 35133       53.0000    59       55.0000       46.0000  1652172   16.36%
[runlim] sample:		2896.80 time, 1470.01 real, 11472 MB, 2.09 load
  47713 35315       54.0000    64       55.0000       46.0000  1661233   16.36%
  47733 35420       48.0000   110       55.0000       46.0000  1666928   16.36%
  47842 35356       53.0000    51       55.0000       46.0000  1663603   16.36%
  47897 35365       48.0000   121       55.0000       46.0000  1666353   16.36%
Elapsed time = 1475.39 sec. (2604948.96 ticks, tree = 10768.30 MB, solutions = 21)
Nodefile size = 8648.97 MB (7861.68 MB after compression)
  47993 35537       52.7087    80       55.0000       46.0000  1673066   16.36%
[runlim] sample:		2916.64 time, 1480.01 real, 11547 MB, 2.07 load
  48053 35528       51.0000   111       55.0000       46.0000  1674069   16.36%
  48167 35585       53.0000    69       55.0000       46.0000  1676027   16.36%
  48243 35610       46.0000   173       55.0000       46.0000  1676449   16.36%
  48309 35799       53.0000    55       55.0000       46.0000  1686105   16.36%
[runlim] sample:		2936.44 time, 1490.01 real, 11633 MB, 2.14 load
  48344 35812       53.0000   111       55.0000       46.0000  1688332   16.36%
  48404 35852       53.0000    65       55.0000       46.0000  1689907   16.36%
  48523 35910       52.4098    75       55.0000       46.0000  1692128   16.36%
  48638 35979       53.4464    51       55.0000       46.0000  1693990   16.36%
  48728 36021       54.0000    96       55.0000       46.0000  1701110   16.36%
Elapsed time = 1497.42 sec. (2644855.89 ticks, tree = 11003.91 MB, solutions = 21)
Nodefile size = 8887.42 MB (8081.69 MB after compression)
[runlim] sample:		2956.28 time, 1500.01 real, 11722 MB, 2.11 load
  48833 36202       54.0000    67       55.0000       46.0000  1705404   16.36%
  48947 36248        cutoff             55.0000       46.0000  1707411   16.36%
  48981 36330       53.2222    71       55.0000       46.0000  1715503   16.36%
  49108 36399       54.0000    50       55.0000       46.0000  1717369   16.36%
[runlim] sample:		2976.12 time, 1510.01 real, 11889 MB, 2.10 load
  49213 36420       54.0000    53       55.0000       46.0000  1719898   16.36%
  49271 36522       48.0000    71       55.0000       46.0000  1722559   16.36%
  49318 36581       46.9565   104       55.0000       46.0000  1725473   16.36%
  49394 36650       52.0000    68       55.0000       46.0000  1727563   16.36%
  49436 36678       54.0000    43       55.0000       46.0000  1729178   16.36%
[runlim] sample:		2995.99 time, 1520.02 real, 11966 MB, 2.08 load
  49515 36702       53.0000    78       55.0000       46.0000  1731267   16.36%
Elapsed time = 1518.77 sec. (2683355.83 ticks, tree = 11247.58 MB, solutions = 21)
Nodefile size = 9137.25 MB (8313.16 MB after compression)
  49583 36810       52.5000    78       55.0000       46.0000  1738945   16.36%
  49618 36826       54.0000    51       55.0000       46.0000  1739384   16.36%
  49668 36850       52.0000    72       55.0000       46.0000  1742438   16.36%
[runlim] sample:		3015.81 time, 1530.01 real, 12043 MB, 2.07 load
  49801 36908       53.3333    51       55.0000       46.0000  1744022   16.36%
  49860 37025       54.0000    83       55.0000       46.0000  1750007   16.36%
  49958 37064       46.4401   117       55.0000       46.0000  1752083   16.36%
  50068 37100       46.3086   111       55.0000       46.0000  1753970   16.36%
  50209 37139       53.0000   122       55.0000       46.0000  1756468   16.36%
[runlim] sample:		3035.65 time, 1540.02 real, 12167 MB, 2.06 load
  50313 37313       51.0000   123       55.0000       46.0000  1762872   16.36%
  50440 37345       46.0000   147       55.0000       46.0000  1764922   16.36%
Elapsed time = 1541.09 sec. (2724355.83 ticks, tree = 11467.90 MB, solutions = 21)
Nodefile size = 9314.27 MB (8474.39 MB after compression)
  50502 37561       47.0000    95       55.0000       46.0000  1775635   16.36%
  50574 37599       52.0000    62       55.0000       46.0000  1777942   16.36%
[runlim] sample:		3055.44 time, 1550.01 real, 12282 MB, 2.05 load
  50703 37646       54.0000   102       55.0000       46.0000  1779828   16.36%
  50836 37666       46.5616   106       55.0000       46.0000  1782238   16.36%
  50905 37775       46.0000   146       55.0000       46.0000  1783595   16.36%
  50963 37807       50.0000    64       55.0000       46.0000  1785330   16.36%
  51053 37877       48.0000    90       55.0000       46.0000  1790099   16.36%
[runlim] sample:		3075.28 time, 1560.02 real, 12373 MB, 2.04 load
  51134 37950       51.0000    56       55.0000       46.0000  1792006   16.36%
  51231 37994       53.0000    68       55.0000       46.0000  1797049   16.36%
  51310 38033       54.0000    92       55.0000       46.0000  1798685   16.36%
Elapsed time = 1562.72 sec. (2762995.81 ticks, tree = 11714.43 MB, solutions = 21)
Nodefile size = 9595.93 MB (8732.76 MB after compression)
  51377 38206       52.0000    83       55.0000       46.0000  1805559   16.36%
  51456 38085       54.0000    67       55.0000       46.0000  1803355   16.36%
[runlim] sample:		3095.12 time, 1570.01 real, 12540 MB, 2.03 load
  51574 38297       49.0000    74       55.0000       46.0000  1809557   16.36%
  51655 38439       46.0455   138       55.0000       46.0000  1820605   16.36%
  51740 38359       50.0000    70       55.0000       46.0000  1816098   16.36%
  51804 38498       54.0000    36       55.0000       46.0000  1822384   16.36%
[runlim] sample:		3114.97 time, 1580.01 real, 12612 MB, 2.03 load
  51877 38561       53.0000    69       55.0000       46.0000  1829462   16.36%
  51997 38680       53.0000    59       55.0000       46.0000  1835430   16.36%
  52075 38732       54.0000   103       55.0000       46.0000  1837277   16.36%
  52153 38639       50.0000    52       55.0000       46.0000  1834163   16.36%
Elapsed time = 1585.03 sec. (2802393.27 ticks, tree = 11909.69 MB, solutions = 21)
Nodefile size = 9792.34 MB (8912.86 MB after compression)
  52215 38883       46.0350   134       55.0000       46.0000  1849263   16.36%
[runlim] sample:		3134.81 time, 1590.01 real, 12707 MB, 2.10 load
  52218 38765       46.0324   107       55.0000       46.0000  1841987   16.36%
  52291 38918       50.0000    76       55.0000       46.0000  1851119   16.36%
  52397 38978       52.0000    63       55.0000       46.0000  1856067   16.36%
  52432 39023       46.4098   102       55.0000       46.0000  1862148   16.36%
[runlim] sample:		3154.65 time, 1600.01 real, 12731 MB, 2.08 load
  52590 39110       46.0000   150       55.0000       46.0000  1863759   16.36%
  52687 39074       51.2742    71       55.0000       46.0000  1863330   16.36%
  52818 39224       46.0000   142       55.0000       46.0000  1871625   16.36%
  52896 39254       54.0000    85       55.0000       46.0000  1872818   16.36%
[runlim] sample:		3174.45 time, 1610.01 real, 12893 MB, 2.07 load
  52976 39453       46.0000   188       55.0000       46.0000  1881841   16.36%
Elapsed time = 1608.10 sec. (2842974.81 ticks, tree = 12195.38 MB, solutions = 21)
Nodefile size = 10073.76 MB (9167.31 MB after compression)
  53048 39520       53.0000    43       55.0000       46.0000  1883436   16.36%
  53109 39522       53.0000   106       55.0000       46.0000  1885956   16.36%
  53223 39511       53.0000    76       55.0000       46.0000  1886938   16.36%
  53267 39653       50.0000   129       55.0000       46.0000  1894121   16.36%
[runlim] sample:		3194.29 time, 1620.01 real, 12981 MB, 2.06 load
  53274 39656       46.0194   119       55.0000       46.0000  1894479   16.36%
  53390 39693       48.0335    92       55.0000       46.0000  1896877   16.36%
  53516 39841       49.0000    84       55.0000       46.0000  1907387   16.36%
[runlim] sample:		3214.14 time, 1630.02 real, 13049 MB, 2.05 load
  53618 39905       52.0000    73       55.0000       46.0000  1910366   16.36%
  53735 40040       47.0000   110       55.0000       46.0000  1922260   16.36%
  53810 39918       47.0000   101       55.0000       46.0000  1920587   16.36%
Elapsed time = 1632.85 sec. (2885349.46 ticks, tree = 12322.17 MB, solutions = 21)
Nodefile size = 10221.15 MB (9302.76 MB after compression)
  53872 40170       50.0000   127       55.0000       46.0000  1935072   16.36%
  53982 40232       54.0000    95       55.0000       46.0000  1938451   16.36%
[runlim] sample:		3233.99 time, 1640.01 real, 13065 MB, 2.04 load
  54074 40138       48.0000   111       55.0000       46.0000  1931965   16.36%
  54139 40287       54.0000    44       55.0000       46.0000  1944059   16.36%
  54254 40369       48.0000    67       55.0000       46.0000  1945720   16.36%
  54349 40422       46.0784   129       55.0000       46.0000  1947902   16.36%
[runlim] sample:		3253.82 time, 1650.01 real, 13058 MB, 2.03 load
  54418 40480       53.0000    43       55.0000       46.0000  1949948   16.36%
  54482 40650       47.0769   123       55.0000       46.0000  1965719   16.36%
  54568 40762       53.0000    50       55.0000       46.0000  1969736   16.36%
  54607 40773        cutoff             55.0000       46.0000  1973623   16.36%
Elapsed time = 1656.02 sec. (2925108.73 ticks, tree = 12474.29 MB, solutions = 21)
Nodefile size = 10362.41 MB (9427.22 MB after compression)
[runlim] sample:		3271.67 time, 1660.01 real, 13170 MB, 2.27 load
  54657 40687       46.0000   151       55.0000       46.0000  1967885   16.36%
  54723 40829       53.0000    45       55.0000       46.0000  1975668   16.36%
  54799 40919       53.0000    78       55.0000       46.0000  1984257   16.36%
  54843 40859       54.0000   108       55.0000       46.0000  1980531   16.36%
[runlim] sample:		3291.46 time, 1670.01 real, 13197 MB, 2.23 load
  54896 40959       46.0000   137       55.0000       46.0000  1986617   16.36%
  54984 41048       53.0000    58       55.0000       46.0000  1992632   16.36%
  55003 41058       53.0000   102       55.0000       46.0000  1995248   16.36%
  55097 41082       46.0000   112       55.0000       46.0000  1997400   16.36%
[runlim] sample:		3311.29 time, 1680.01 real, 13219 MB, 2.19 load
  55144 41168       53.0000    57       55.0000       46.0000  2000652   16.36%
  55224 41235       51.0000    80       55.0000       46.0000  2007095   16.36%
Elapsed time = 1680.67 sec. (2966772.81 ticks, tree = 12561.07 MB, solutions = 21)
Nodefile size = 10429.71 MB (9487.63 MB after compression)
  55310 41299       49.5000   114       55.0000       46.0000  2015934   16.36%
  55392 41293       46.0000   102       55.0000       46.0000  2011391   16.36%
  55526 41369       46.2024    88       55.0000       46.0000  2013217   16.36%
[runlim] sample:		3331.14 time, 1690.01 real, 13224 MB, 2.16 load
  55614 41383       50.0000   130       55.0000       46.0000  2022972   16.36%
  55724 41611       50.5882   106       55.0000       46.0000  2033709   16.36%
  55768 41650       54.0000    68       55.0000       46.0000  2035262   16.36%
  55878 41729       51.0000   141       55.0000       46.0000  2036917   16.36%
[runlim] sample:		3350.96 time, 1700.01 real, 13366 MB, 2.14 load
  55946 41778       54.0000    86       55.0000       46.0000  2038686   16.36%
  56029 41742       52.0000    51       55.0000       46.0000  2042352   16.36%
  56094 41940       54.0000    89       55.0000       46.0000  2047632   16.36%
Elapsed time = 1703.08 sec. (3005892.86 ticks, tree = 12772.18 MB, solutions = 21)
Nodefile size = 10664.38 MB (9702.11 MB after compression)
  56172 41792       49.0000    98       55.0000       46.0000  2044356   16.36%
  56226 42005       54.0000    83       55.0000       46.0000  2053569   16.36%
[runlim] sample:		3370.80 time, 1710.01 real, 13496 MB, 2.44 load
  56348 42044       54.0000    47       55.0000       46.0000  2053568   16.36%
  56494 42127       54.0000    55       55.0000       46.0000  2057494   16.36%
  56544 42159       46.0300   111       55.0000       46.0000  2058420   16.36%
  56631 42373       51.0592    60       55.0000       46.0000  2067587   16.36%
[runlim] sample:		3390.62 time, 1720.01 real, 13592 MB, 2.37 load
  56764 42229       53.0000    68       55.0000       46.0000  2064849   16.36%
  56891 42475       46.0756   110       55.0000       46.0000  2072070   16.36%
  57008 42535       51.1429    96       55.0000       46.0000  2074244   16.36%
  57068 42550       54.0000    53       55.0000       46.0000  2076523   16.36%
Elapsed time = 1725.31 sec. (3046846.47 ticks, tree = 12989.84 MB, solutions = 21)
Nodefile size = 10844.55 MB (9868.10 MB after compression)
  57130 42651       48.0000    80       55.0000       46.0000  2079478   16.36%
[runlim] sample:		3410.39 time, 1730.02 real, 13721 MB, 2.31 load
  57188 42796       50.0000    78       55.0000       46.0000  2087667   16.36%
  57287 42714       47.0000    95       55.0000       46.0000  2080729   16.36%
  57357 42764       48.0000    79       55.0000       46.0000  2082984   16.36%
  57426 42917       54.0000    68       55.0000       46.0000  2093460   16.36%
[runlim] sample:		3430.23 time, 1740.01 real, 13816 MB, 2.26 load
  57515 42954       54.0000    61       55.0000       46.0000  2094991   16.36%
  57538 43034       53.0000   101       55.0000       46.0000  2102840   16.36%
  57582 43061       53.0000   130       55.0000       46.0000  2104577   16.36%
  57681 43118       51.0000    74       55.0000       46.0000  2106301   16.36%
  57742 43112       53.0000   106       55.0000       46.0000  2107420   16.36%
Elapsed time = 1747.65 sec. (3085978.78 ticks, tree = 13191.92 MB, solutions = 21)
Nodefile size = 11090.24 MB (10094.34 MB after compression)
[runlim] sample:		3450.08 time, 1750.01 real, 13904 MB, 2.22 load
  57766 43129       46.0000   135       55.0000       46.0000  2109664   16.36%
  57802 43158       53.0000    90       55.0000       46.0000  2112887   16.36%
  57889 43233       53.0000    65       55.0000       46.0000  2117955   16.36%
  57922 43350       53.0000    56       55.0000       46.0000  2129572   16.36%
[runlim] sample:		3469.93 time, 1760.01 real, 13936 MB, 2.19 load
  57969 43381       53.0000    35       55.0000       46.0000  2131442   16.36%
  58009 43402       46.0067   131       55.0000       46.0000  2133510   16.36%
  58050 43417       46.0000   150       55.0000       46.0000  2135570   16.36%
  58082 43441       47.0000    94       55.0000       46.0000  2137729   16.36%
[runlim] sample:		3489.76 time, 1770.01 real, 13952 MB, 2.16 load
  58157 43482       53.0000    78       55.0000       46.0000  2149297   16.36%
  58226 43494       53.0000   111       55.0000       46.0000  2141290   16.36%
Elapsed time = 1772.07 sec. (3125685.65 ticks, tree = 13308.76 MB, solutions = 21)
Nodefile size = 11193.43 MB (10189.19 MB after compression)
  58277 43515       46.9565   130       55.0000       46.0000  2143515   16.36%
[runlim] sample:		3509.61 time, 1780.01 real, 13969 MB, 2.13 load
  58303 43534       54.0000    71       55.0000       46.0000  2151476   16.36%
  58333 43638       48.0000    85       55.0000       46.0000  2163576   16.36%
  58420 43580       54.0000   149       55.0000       46.0000  2160676   16.36%
  58491 43593       53.0000    66       55.0000       46.0000  2162423   16.36%
[runlim] sample:		3529.39 time, 1790.01 real, 13984 MB, 2.11 load
  58581 43753       48.0000   114       55.0000       46.0000  2170019   16.36%
[runlim] end:			Wed Sep  2 01:34:13 2026
[runlim] status:		out of memory
[runlim] result:		3
[runlim] children:		1
[runlim] processes:		2
[runlim] real:			1791.54 seconds
[runlim] time:			3530.38 seconds
[runlim] space:			14009 MB
[runlim] load:			2.44 maximum
[runlim] samples:		17905
