[runlim] version:		2.0.0rc12
[runlim] host:			ap-Precision-7550
[runlim] time limit:		311040000 seconds
[runlim] real time limit:	600 seconds
[runlim] space limit:		8000 MB
[runlim] argv[0]:		python3
[runlim] argv[1]:		-u
[runlim] argv[2]:		main.py
[runlim] argv[3]:		--input
[runlim] argv[4]:		datasets/rdata/la12.txt
[runlim] argv[5]:		--factories
[runlim] argv[6]:		2
[runlim] argv[7]:		--sb
[runlim] start:			Tue Aug 11 02:48:48 2026
[runlim] child:			25894
[*] Running D-FJSSP SAT Solver with 2 factories, Symmetry Breaking = ON, Full Transitive E* = OFF
===========================================================================
 D-FJSSP SAT SOLVER - PARALLEL FACTORIES SCHEDULING
===========================================================================
[*] Loading data from file: datasets/rdata/la12.txt
  -> Operations: 100 | Jobs: 20 | Machines: 5 | Factories: 2

[*] Running Greedy Heuristic...
  -> Greedy Solution: Makespan = 656 (0.0005s)

[*] Initializing and solving the SAT model...
------------------------------------------------------------------
[*] Trying with Upper Bound = 656...
  SAT ! Makespan = 656
  Schedule is valid with Makespan = 656
------------------------------------------------------------------
[*] Trying with Upper Bound = 655...
  SAT ! Makespan = 655
  Schedule is valid with Makespan = 655
------------------------------------------------------------------
[*] Trying with Upper Bound = 654...
  SAT ! Makespan = 654
  Schedule is valid with Makespan = 654
------------------------------------------------------------------
[*] Trying with Upper Bound = 653...
  SAT ! Makespan = 653
  Schedule is valid with Makespan = 653
------------------------------------------------------------------
[*] Trying with Upper Bound = 652...
  SAT ! Makespan = 652
  Schedule is valid with Makespan = 652
------------------------------------------------------------------
[*] Trying with Upper Bound = 651...
  SAT ! Makespan = 651
  Schedule is valid with Makespan = 651
------------------------------------------------------------------
[*] Trying with Upper Bound = 650...
  SAT ! Makespan = 650
  Schedule is valid with Makespan = 650
------------------------------------------------------------------
[*] Trying with Upper Bound = 649...
  SAT ! Makespan = 649
  Schedule is valid with Makespan = 649
------------------------------------------------------------------
[*] Trying with Upper Bound = 648...
  SAT ! Makespan = 648
  Schedule is valid with Makespan = 648
------------------------------------------------------------------
[*] Trying with Upper Bound = 647...
  SAT ! Makespan = 647
  Schedule is valid with Makespan = 647
------------------------------------------------------------------
[*] Trying with Upper Bound = 646...
  SAT ! Makespan = 646
  Schedule is valid with Makespan = 646
------------------------------------------------------------------
[*] Trying with Upper Bound = 645...
  SAT ! Makespan = 645
  Schedule is valid with Makespan = 645
------------------------------------------------------------------
[*] Trying with Upper Bound = 644...
  SAT ! Makespan = 644
  Schedule is valid with Makespan = 644
------------------------------------------------------------------
[*] Trying with Upper Bound = 643...
  SAT ! Makespan = 643
  Schedule is valid with Makespan = 643
------------------------------------------------------------------
[*] Trying with Upper Bound = 642...
  SAT ! Makespan = 642
  Schedule is valid with Makespan = 642
------------------------------------------------------------------
[*] Trying with Upper Bound = 641...
  SAT ! Makespan = 641
  Schedule is valid with Makespan = 641
------------------------------------------------------------------
[*] Trying with Upper Bound = 640...
  SAT ! Makespan = 640
  Schedule is valid with Makespan = 640
------------------------------------------------------------------
[*] Trying with Upper Bound = 639...
  SAT ! Makespan = 639
  Schedule is valid with Makespan = 639
------------------------------------------------------------------
[*] Trying with Upper Bound = 638...
  SAT ! Makespan = 638
  Schedule is valid with Makespan = 638
------------------------------------------------------------------
[*] Trying with Upper Bound = 637...
  SAT ! Makespan = 637
  Schedule is valid with Makespan = 637
------------------------------------------------------------------
[*] Trying with Upper Bound = 636...
  SAT ! Makespan = 636
  Schedule is valid with Makespan = 636
------------------------------------------------------------------
[*] Trying with Upper Bound = 635...
  SAT ! Makespan = 635
  Schedule is valid with Makespan = 635
------------------------------------------------------------------
[*] Trying with Upper Bound = 634...
  SAT ! Makespan = 634
  Schedule is valid with Makespan = 634
------------------------------------------------------------------
[*] Trying with Upper Bound = 633...
  SAT ! Makespan = 633
  Schedule is valid with Makespan = 633
------------------------------------------------------------------
[*] Trying with Upper Bound = 632...
  SAT ! Makespan = 632
  Schedule is valid with Makespan = 632
------------------------------------------------------------------
[*] Trying with Upper Bound = 631...
  SAT ! Makespan = 631
  Schedule is valid with Makespan = 631
------------------------------------------------------------------
[*] Trying with Upper Bound = 630...
  SAT ! Makespan = 630
  Schedule is valid with Makespan = 630
------------------------------------------------------------------
[*] Trying with Upper Bound = 629...
  SAT ! Makespan = 629
  Schedule is valid with Makespan = 629
------------------------------------------------------------------
[*] Trying with Upper Bound = 628...
  SAT ! Makespan = 628
  Schedule is valid with Makespan = 628
------------------------------------------------------------------
[*] Trying with Upper Bound = 627...
  SAT ! Makespan = 627
  Schedule is valid with Makespan = 627
------------------------------------------------------------------
[*] Trying with Upper Bound = 626...
  SAT ! Makespan = 626
  Schedule is valid with Makespan = 626
------------------------------------------------------------------
[*] Trying with Upper Bound = 625...
  SAT ! Makespan = 625
  Schedule is valid with Makespan = 625
------------------------------------------------------------------
[*] Trying with Upper Bound = 624...
  SAT ! Makespan = 624
  Schedule is valid with Makespan = 624
------------------------------------------------------------------
[*] Trying with Upper Bound = 623...
  SAT ! Makespan = 623
  Schedule is valid with Makespan = 623
------------------------------------------------------------------
[*] Trying with Upper Bound = 622...
  SAT ! Makespan = 622
  Schedule is valid with Makespan = 622
------------------------------------------------------------------
[*] Trying with Upper Bound = 621...
  SAT ! Makespan = 621
  Schedule is valid with Makespan = 621
------------------------------------------------------------------
[*] Trying with Upper Bound = 620...
  SAT ! Makespan = 620
  Schedule is valid with Makespan = 620
------------------------------------------------------------------
[*] Trying with Upper Bound = 619...
  SAT ! Makespan = 619
  Schedule is valid with Makespan = 619
------------------------------------------------------------------
[*] Trying with Upper Bound = 618...
  SAT ! Makespan = 618
  Schedule is valid with Makespan = 618
------------------------------------------------------------------
[*] Trying with Upper Bound = 617...
  SAT ! Makespan = 617
  Schedule is valid with Makespan = 617
------------------------------------------------------------------
[*] Trying with Upper Bound = 616...
  SAT ! Makespan = 616
  Schedule is valid with Makespan = 616
------------------------------------------------------------------
[*] Trying with Upper Bound = 615...
  SAT ! Makespan = 615
  Schedule is valid with Makespan = 615
------------------------------------------------------------------
[*] Trying with Upper Bound = 614...
  SAT ! Makespan = 614
  Schedule is valid with Makespan = 614
------------------------------------------------------------------
[*] Trying with Upper Bound = 613...
  SAT ! Makespan = 613
  Schedule is valid with Makespan = 613
------------------------------------------------------------------
[*] Trying with Upper Bound = 612...
  SAT ! Makespan = 612
  Schedule is valid with Makespan = 612
------------------------------------------------------------------
[*] Trying with Upper Bound = 611...
  SAT ! Makespan = 611
  Schedule is valid with Makespan = 611
------------------------------------------------------------------
[*] Trying with Upper Bound = 610...
  SAT ! Makespan = 610
  Schedule is valid with Makespan = 610
------------------------------------------------------------------
[*] Trying with Upper Bound = 609...
  SAT ! Makespan = 609
  Schedule is valid with Makespan = 609
------------------------------------------------------------------
[*] Trying with Upper Bound = 608...
  SAT ! Makespan = 608
  Schedule is valid with Makespan = 608
------------------------------------------------------------------
[*] Trying with Upper Bound = 607...
  SAT ! Makespan = 607
  Schedule is valid with Makespan = 607
------------------------------------------------------------------
[*] Trying with Upper Bound = 606...
  SAT ! Makespan = 606
  Schedule is valid with Makespan = 606
------------------------------------------------------------------
[*] Trying with Upper Bound = 605...
  SAT ! Makespan = 605
  Schedule is valid with Makespan = 605
------------------------------------------------------------------
[*] Trying with Upper Bound = 604...
  SAT ! Makespan = 604
  Schedule is valid with Makespan = 604
------------------------------------------------------------------
[*] Trying with Upper Bound = 603...
  SAT ! Makespan = 603
  Schedule is valid with Makespan = 603
------------------------------------------------------------------
[*] Trying with Upper Bound = 602...
  SAT ! Makespan = 602
  Schedule is valid with Makespan = 602
------------------------------------------------------------------
[*] Trying with Upper Bound = 601...
  SAT ! Makespan = 601
  Schedule is valid with Makespan = 601
------------------------------------------------------------------
[*] Trying with Upper Bound = 600...
  SAT ! Makespan = 600
  Schedule is valid with Makespan = 600
------------------------------------------------------------------
[*] Trying with Upper Bound = 599...
  SAT ! Makespan = 599
  Schedule is valid with Makespan = 599
------------------------------------------------------------------
[*] Trying with Upper Bound = 598...
  SAT ! Makespan = 598
  Schedule is valid with Makespan = 598
------------------------------------------------------------------
[*] Trying with Upper Bound = 597...
  SAT ! Makespan = 597
  Schedule is valid with Makespan = 597
------------------------------------------------------------------
[*] Trying with Upper Bound = 596...
  SAT ! Makespan = 596
  Schedule is valid with Makespan = 596
------------------------------------------------------------------
[*] Trying with Upper Bound = 595...
  SAT ! Makespan = 595
  Schedule is valid with Makespan = 595
------------------------------------------------------------------
[*] Trying with Upper Bound = 594...
  SAT ! Makespan = 594
  Schedule is valid with Makespan = 594
------------------------------------------------------------------
[*] Trying with Upper Bound = 593...
  SAT ! Makespan = 593
  Schedule is valid with Makespan = 593
------------------------------------------------------------------
[*] Trying with Upper Bound = 592...
  SAT ! Makespan = 592
  Schedule is valid with Makespan = 592
------------------------------------------------------------------
[*] Trying with Upper Bound = 591...
  SAT ! Makespan = 591
  Schedule is valid with Makespan = 591
------------------------------------------------------------------
[*] Trying with Upper Bound = 590...
  SAT ! Makespan = 590
  Schedule is valid with Makespan = 590
------------------------------------------------------------------
[*] Trying with Upper Bound = 589...
  SAT ! Makespan = 589
  Schedule is valid with Makespan = 589
------------------------------------------------------------------
[*] Trying with Upper Bound = 588...
  SAT ! Makespan = 588
  Schedule is valid with Makespan = 588
------------------------------------------------------------------
[*] Trying with Upper Bound = 587...
  SAT ! Makespan = 587
  Schedule is valid with Makespan = 587
------------------------------------------------------------------
[*] Trying with Upper Bound = 586...
  SAT ! Makespan = 586
  Schedule is valid with Makespan = 586
------------------------------------------------------------------
[*] Trying with Upper Bound = 585...
  SAT ! Makespan = 585
  Schedule is valid with Makespan = 585
------------------------------------------------------------------
[*] Trying with Upper Bound = 584...
  SAT ! Makespan = 584
  Schedule is valid with Makespan = 584
------------------------------------------------------------------
[*] Trying with Upper Bound = 583...
  SAT ! Makespan = 583
  Schedule is valid with Makespan = 583
------------------------------------------------------------------
[*] Trying with Upper Bound = 582...
  SAT ! Makespan = 582
  Schedule is valid with Makespan = 582
------------------------------------------------------------------
[*] Trying with Upper Bound = 581...
  SAT ! Makespan = 581
  Schedule is valid with Makespan = 581
------------------------------------------------------------------
[*] Trying with Upper Bound = 580...
  SAT ! Makespan = 580
  Schedule is valid with Makespan = 580
------------------------------------------------------------------
[*] Trying with Upper Bound = 579...
  SAT ! Makespan = 579
  Schedule is valid with Makespan = 579
------------------------------------------------------------------
[*] Trying with Upper Bound = 578...
  SAT ! Makespan = 578
  Schedule is valid with Makespan = 578
------------------------------------------------------------------
[*] Trying with Upper Bound = 577...
  SAT ! Makespan = 577
  Schedule is valid with Makespan = 577
------------------------------------------------------------------
[*] Trying with Upper Bound = 576...
  SAT ! Makespan = 576
  Schedule is valid with Makespan = 576
------------------------------------------------------------------
[*] Trying with Upper Bound = 575...
  SAT ! Makespan = 575
  Schedule is valid with Makespan = 575
------------------------------------------------------------------
[*] Trying with Upper Bound = 574...
  SAT ! Makespan = 574
  Schedule is valid with Makespan = 574
------------------------------------------------------------------
[*] Trying with Upper Bound = 573...
  SAT ! Makespan = 573
  Schedule is valid with Makespan = 573
------------------------------------------------------------------
[*] Trying with Upper Bound = 572...
  SAT ! Makespan = 572
  Schedule is valid with Makespan = 572
------------------------------------------------------------------
[*] Trying with Upper Bound = 571...
  SAT ! Makespan = 571
  Schedule is valid with Makespan = 571
------------------------------------------------------------------
[*] Trying with Upper Bound = 570...
  SAT ! Makespan = 570
  Schedule is valid with Makespan = 570
------------------------------------------------------------------
[*] Trying with Upper Bound = 569...
  SAT ! Makespan = 569
  Schedule is valid with Makespan = 569
------------------------------------------------------------------
[*] Trying with Upper Bound = 568...
  SAT ! Makespan = 568
  Schedule is valid with Makespan = 568
------------------------------------------------------------------
[*] Trying with Upper Bound = 567...
  SAT ! Makespan = 567
  Schedule is valid with Makespan = 567
------------------------------------------------------------------
[*] Trying with Upper Bound = 566...
  SAT ! Makespan = 566
  Schedule is valid with Makespan = 566
------------------------------------------------------------------
[*] Trying with Upper Bound = 565...
  SAT ! Makespan = 565
  Schedule is valid with Makespan = 565
------------------------------------------------------------------
[*] Trying with Upper Bound = 564...
  SAT ! Makespan = 564
  Schedule is valid with Makespan = 564
------------------------------------------------------------------
[*] Trying with Upper Bound = 563...
  SAT ! Makespan = 563
  Schedule is valid with Makespan = 563
------------------------------------------------------------------
[*] Trying with Upper Bound = 562...
  SAT ! Makespan = 562
  Schedule is valid with Makespan = 562
------------------------------------------------------------------
[*] Trying with Upper Bound = 561...
  SAT ! Makespan = 561
  Schedule is valid with Makespan = 561
------------------------------------------------------------------
[*] Trying with Upper Bound = 560...
  SAT ! Makespan = 560
  Schedule is valid with Makespan = 560
------------------------------------------------------------------
[*] Trying with Upper Bound = 559...
  SAT ! Makespan = 559
  Schedule is valid with Makespan = 559
------------------------------------------------------------------
[*] Trying with Upper Bound = 558...
  SAT ! Makespan = 558
  Schedule is valid with Makespan = 558
------------------------------------------------------------------
[*] Trying with Upper Bound = 557...
  SAT ! Makespan = 557
  Schedule is valid with Makespan = 557
------------------------------------------------------------------
[*] Trying with Upper Bound = 556...
  SAT ! Makespan = 556
  Schedule is valid with Makespan = 556
------------------------------------------------------------------
[*] Trying with Upper Bound = 555...
  SAT ! Makespan = 555
  Schedule is valid with Makespan = 555
------------------------------------------------------------------
[*] Trying with Upper Bound = 554...
  SAT ! Makespan = 554
  Schedule is valid with Makespan = 554
------------------------------------------------------------------
[*] Trying with Upper Bound = 553...
  SAT ! Makespan = 553
  Schedule is valid with Makespan = 553
------------------------------------------------------------------
[*] Trying with Upper Bound = 552...
  SAT ! Makespan = 552
  Schedule is valid with Makespan = 552
------------------------------------------------------------------
[*] Trying with Upper Bound = 551...
  SAT ! Makespan = 551
  Schedule is valid with Makespan = 551
------------------------------------------------------------------
[*] Trying with Upper Bound = 550...
  SAT ! Makespan = 550
  Schedule is valid with Makespan = 550
------------------------------------------------------------------
[*] Trying with Upper Bound = 549...
  SAT ! Makespan = 549
  Schedule is valid with Makespan = 549
------------------------------------------------------------------
[*] Trying with Upper Bound = 548...
  SAT ! Makespan = 548
  Schedule is valid with Makespan = 548
------------------------------------------------------------------
[*] Trying with Upper Bound = 547...
  SAT ! Makespan = 547
  Schedule is valid with Makespan = 547
------------------------------------------------------------------
[*] Trying with Upper Bound = 546...
  SAT ! Makespan = 546
  Schedule is valid with Makespan = 546
------------------------------------------------------------------
[*] Trying with Upper Bound = 545...
  SAT ! Makespan = 545
  Schedule is valid with Makespan = 545
------------------------------------------------------------------
[*] Trying with Upper Bound = 544...
  SAT ! Makespan = 544
  Schedule is valid with Makespan = 544
------------------------------------------------------------------
[*] Trying with Upper Bound = 543...
  SAT ! Makespan = 543
  Schedule is valid with Makespan = 543
------------------------------------------------------------------
[*] Trying with Upper Bound = 542...
  SAT ! Makespan = 542
  Schedule is valid with Makespan = 542
------------------------------------------------------------------
[*] Trying with Upper Bound = 541...
  SAT ! Makespan = 541
  Schedule is valid with Makespan = 541
------------------------------------------------------------------
[*] Trying with Upper Bound = 540...
[runlim] sample:		9.98 time, 10.01 real, 368 MB, 1.08 load
  SAT ! Makespan = 540
  Schedule is valid with Makespan = 540
------------------------------------------------------------------
[*] Trying with Upper Bound = 539...
  SAT ! Makespan = 539
  Schedule is valid with Makespan = 539
------------------------------------------------------------------
[*] Trying with Upper Bound = 538...
  SAT ! Makespan = 538
  Schedule is valid with Makespan = 538
------------------------------------------------------------------
[*] Trying with Upper Bound = 537...
  SAT ! Makespan = 537
  Schedule is valid with Makespan = 537
------------------------------------------------------------------
[*] Trying with Upper Bound = 536...
  SAT ! Makespan = 536
  Schedule is valid with Makespan = 536
------------------------------------------------------------------
[*] Trying with Upper Bound = 535...
  SAT ! Makespan = 535
  Schedule is valid with Makespan = 535
------------------------------------------------------------------
[*] Trying with Upper Bound = 534...
  SAT ! Makespan = 534
  Schedule is valid with Makespan = 534
------------------------------------------------------------------
[*] Trying with Upper Bound = 533...
  SAT ! Makespan = 533
  Schedule is valid with Makespan = 533
------------------------------------------------------------------
[*] Trying with Upper Bound = 532...
  SAT ! Makespan = 532
  Schedule is valid with Makespan = 532
------------------------------------------------------------------
[*] Trying with Upper Bound = 531...
  SAT ! Makespan = 531
  Schedule is valid with Makespan = 531
------------------------------------------------------------------
[*] Trying with Upper Bound = 530...
  SAT ! Makespan = 530
  Schedule is valid with Makespan = 530
------------------------------------------------------------------
[*] Trying with Upper Bound = 529...
  SAT ! Makespan = 529
  Schedule is valid with Makespan = 529
------------------------------------------------------------------
[*] Trying with Upper Bound = 528...
  SAT ! Makespan = 528
  Schedule is valid with Makespan = 528
------------------------------------------------------------------
[*] Trying with Upper Bound = 527...
  SAT ! Makespan = 527
  Schedule is valid with Makespan = 527
------------------------------------------------------------------
[*] Trying with Upper Bound = 526...
  SAT ! Makespan = 526
  Schedule is valid with Makespan = 526
------------------------------------------------------------------
[*] Trying with Upper Bound = 525...
  SAT ! Makespan = 525
  Schedule is valid with Makespan = 525
------------------------------------------------------------------
[*] Trying with Upper Bound = 524...
  SAT ! Makespan = 524
  Schedule is valid with Makespan = 524
------------------------------------------------------------------
[*] Trying with Upper Bound = 523...
  SAT ! Makespan = 523
  Schedule is valid with Makespan = 523
------------------------------------------------------------------
[*] Trying with Upper Bound = 522...
  SAT ! Makespan = 522
  Schedule is valid with Makespan = 522
------------------------------------------------------------------
[*] Trying with Upper Bound = 521...
  SAT ! Makespan = 521
  Schedule is valid with Makespan = 521
------------------------------------------------------------------
[*] Trying with Upper Bound = 520...
[runlim] sample:		19.98 time, 20.01 real, 277 MB, 1.07 load
  SAT ! Makespan = 520
  Schedule is valid with Makespan = 520
------------------------------------------------------------------
[*] Trying with Upper Bound = 519...
  SAT ! Makespan = 519
  Schedule is valid with Makespan = 519
------------------------------------------------------------------
[*] Trying with Upper Bound = 518...
  SAT ! Makespan = 518
  Schedule is valid with Makespan = 518
------------------------------------------------------------------
[*] Trying with Upper Bound = 517...
  SAT ! Makespan = 517
  Schedule is valid with Makespan = 517
------------------------------------------------------------------
[*] Trying with Upper Bound = 516...
  SAT ! Makespan = 516
  Schedule is valid with Makespan = 516
------------------------------------------------------------------
[*] Trying with Upper Bound = 515...
  SAT ! Makespan = 515
  Schedule is valid with Makespan = 515
------------------------------------------------------------------
[*] Trying with Upper Bound = 514...
  SAT ! Makespan = 514
  Schedule is valid with Makespan = 514
------------------------------------------------------------------
[*] Trying with Upper Bound = 513...
  SAT ! Makespan = 513
  Schedule is valid with Makespan = 513
------------------------------------------------------------------
[*] Trying with Upper Bound = 512...
  SAT ! Makespan = 512
  Schedule is valid with Makespan = 512
------------------------------------------------------------------
[*] Trying with Upper Bound = 511...
  SAT ! Makespan = 511
  Schedule is valid with Makespan = 511
------------------------------------------------------------------
[*] Trying with Upper Bound = 510...
  SAT ! Makespan = 510
  Schedule is valid with Makespan = 510
------------------------------------------------------------------
[*] Trying with Upper Bound = 509...
  SAT ! Makespan = 509
  Schedule is valid with Makespan = 509
------------------------------------------------------------------
[*] Trying with Upper Bound = 508...
  SAT ! Makespan = 508
  Schedule is valid with Makespan = 508
------------------------------------------------------------------
[*] Trying with Upper Bound = 507...
  SAT ! Makespan = 507
  Schedule is valid with Makespan = 507
------------------------------------------------------------------
[*] Trying with Upper Bound = 506...
  SAT ! Makespan = 506
  Schedule is valid with Makespan = 506
------------------------------------------------------------------
[*] Trying with Upper Bound = 505...
[runlim] sample:		29.97 time, 30.01 real, 297 MB, 1.06 load
  SAT ! Makespan = 505
  Schedule is valid with Makespan = 505
------------------------------------------------------------------
[*] Trying with Upper Bound = 504...
  SAT ! Makespan = 504
  Schedule is valid with Makespan = 504
------------------------------------------------------------------
[*] Trying with Upper Bound = 503...
  SAT ! Makespan = 503
  Schedule is valid with Makespan = 503
------------------------------------------------------------------
[*] Trying with Upper Bound = 502...
  SAT ! Makespan = 502
  Schedule is valid with Makespan = 502
------------------------------------------------------------------
[*] Trying with Upper Bound = 501...
  SAT ! Makespan = 501
  Schedule is valid with Makespan = 501
------------------------------------------------------------------
[*] Trying with Upper Bound = 500...
  SAT ! Makespan = 500
  Schedule is valid with Makespan = 500
------------------------------------------------------------------
[*] Trying with Upper Bound = 499...
  SAT ! Makespan = 499
  Schedule is valid with Makespan = 499
------------------------------------------------------------------
[*] Trying with Upper Bound = 498...
  SAT ! Makespan = 498
  Schedule is valid with Makespan = 498
------------------------------------------------------------------
[*] Trying with Upper Bound = 497...
  SAT ! Makespan = 497
  Schedule is valid with Makespan = 497
------------------------------------------------------------------
[*] Trying with Upper Bound = 496...
[runlim] sample:		39.97 time, 40.01 real, 296 MB, 1.05 load
  SAT ! Makespan = 496
  Schedule is valid with Makespan = 496
------------------------------------------------------------------
[*] Trying with Upper Bound = 495...
  SAT ! Makespan = 495
  Schedule is valid with Makespan = 495
------------------------------------------------------------------
[*] Trying with Upper Bound = 494...
  SAT ! Makespan = 494
  Schedule is valid with Makespan = 494
------------------------------------------------------------------
[*] Trying with Upper Bound = 493...
  SAT ! Makespan = 493
  Schedule is valid with Makespan = 493
------------------------------------------------------------------
[*] Trying with Upper Bound = 492...
  SAT ! Makespan = 492
  Schedule is valid with Makespan = 492
------------------------------------------------------------------
[*] Trying with Upper Bound = 491...
  SAT ! Makespan = 491
  Schedule is valid with Makespan = 491
------------------------------------------------------------------
[*] Trying with Upper Bound = 490...
  SAT ! Makespan = 490
  Schedule is valid with Makespan = 490
------------------------------------------------------------------
[*] Trying with Upper Bound = 489...
[runlim] sample:		49.97 time, 50.01 real, 296 MB, 1.12 load
  SAT ! Makespan = 489
  Schedule is valid with Makespan = 489
------------------------------------------------------------------
[*] Trying with Upper Bound = 488...
  SAT ! Makespan = 488
  Schedule is valid with Makespan = 488
------------------------------------------------------------------
[*] Trying with Upper Bound = 487...
[runlim] sample:		59.96 time, 60.01 real, 297 MB, 1.17 load
  SAT ! Makespan = 487
  Schedule is valid with Makespan = 487
------------------------------------------------------------------
[*] Trying with Upper Bound = 486...
[runlim] sample:		69.95 time, 70.01 real, 297 MB, 1.15 load
  SAT ! Makespan = 486
  Schedule is valid with Makespan = 486
------------------------------------------------------------------
[*] Trying with Upper Bound = 485...
  SAT ! Makespan = 485
  Schedule is valid with Makespan = 485
------------------------------------------------------------------
[*] Trying with Upper Bound = 484...
[runlim] sample:		79.95 time, 80.01 real, 297 MB, 1.12 load
  SAT ! Makespan = 484
  Schedule is valid with Makespan = 484
------------------------------------------------------------------
[*] Trying with Upper Bound = 483...
  SAT ! Makespan = 483
  Schedule is valid with Makespan = 483
------------------------------------------------------------------
[*] Trying with Upper Bound = 482...
[runlim] sample:		89.94 time, 90.01 real, 304 MB, 1.10 load
  SAT ! Makespan = 482
  Schedule is valid with Makespan = 482
------------------------------------------------------------------
[*] Trying with Upper Bound = 481...
  SAT ! Makespan = 481
  Schedule is valid with Makespan = 481
------------------------------------------------------------------
[*] Trying with Upper Bound = 480...
[runlim] sample:		99.94 time, 100.01 real, 259 MB, 1.09 load
[runlim] sample:		109.93 time, 110.01 real, 286 MB, 1.07 load
[runlim] sample:		119.93 time, 120.01 real, 285 MB, 1.21 load
  SAT ! Makespan = 480
  Schedule is valid with Makespan = 480
------------------------------------------------------------------
[*] Trying with Upper Bound = 479...
  SAT ! Makespan = 479
  Schedule is valid with Makespan = 479
------------------------------------------------------------------
[*] Trying with Upper Bound = 478...
[runlim] sample:		129.92 time, 130.01 real, 287 MB, 1.18 load
[runlim] sample:		139.91 time, 140.01 real, 289 MB, 1.15 load
[runlim] sample:		149.91 time, 150.01 real, 289 MB, 1.20 load
  SAT ! Makespan = 478
  Schedule is valid with Makespan = 478
------------------------------------------------------------------
[*] Trying with Upper Bound = 477...
  SAT ! Makespan = 477
  Schedule is valid with Makespan = 477
------------------------------------------------------------------
[*] Trying with Upper Bound = 476...
[runlim] sample:		159.90 time, 160.01 real, 289 MB, 1.17 load
[runlim] sample:		169.90 time, 170.01 real, 290 MB, 1.14 load
[runlim] sample:		179.89 time, 180.01 real, 289 MB, 1.12 load
  SAT ! Makespan = 476
  Schedule is valid with Makespan = 476
------------------------------------------------------------------
[*] Trying with Upper Bound = 475...
[runlim] sample:		189.89 time, 190.01 real, 304 MB, 1.10 load
[runlim] sample:		199.88 time, 200.01 real, 307 MB, 1.08 load
[runlim] sample:		209.88 time, 210.01 real, 304 MB, 1.07 load
[runlim] sample:		219.88 time, 220.01 real, 304 MB, 1.06 load
  SAT ! Makespan = 475
  Schedule is valid with Makespan = 475
------------------------------------------------------------------
[*] Trying with Upper Bound = 474...
[runlim] sample:		229.87 time, 230.01 real, 309 MB, 1.05 load
  SAT ! Makespan = 474
  Schedule is valid with Makespan = 474
------------------------------------------------------------------
[*] Trying with Upper Bound = 473...
[runlim] sample:		239.86 time, 240.01 real, 307 MB, 1.04 load
[runlim] sample:		249.86 time, 250.01 real, 306 MB, 1.04 load
[runlim] sample:		259.86 time, 260.01 real, 305 MB, 1.03 load
  SAT ! Makespan = 473
  Schedule is valid with Makespan = 473
------------------------------------------------------------------
[*] Trying with Upper Bound = 472...
[runlim] sample:		269.85 time, 270.01 real, 306 MB, 1.02 load
[runlim] sample:		279.85 time, 280.01 real, 307 MB, 1.02 load
[runlim] sample:		289.84 time, 290.01 real, 309 MB, 1.02 load
[runlim] sample:		299.83 time, 300.01 real, 306 MB, 1.01 load
[runlim] sample:		309.83 time, 310.01 real, 313 MB, 1.01 load
  SAT ! Makespan = 472
  Schedule is valid with Makespan = 472
------------------------------------------------------------------
[*] Trying with Upper Bound = 471...
[runlim] sample:		319.83 time, 320.01 real, 313 MB, 1.01 load
[runlim] sample:		329.82 time, 330.01 real, 308 MB, 1.09 load
[runlim] sample:		339.81 time, 340.01 real, 310 MB, 1.07 load
[runlim] sample:		349.82 time, 350.01 real, 311 MB, 1.06 load
  SAT ! Makespan = 471
  Schedule is valid with Makespan = 471
------------------------------------------------------------------
[*] Trying with Upper Bound = 470...
[runlim] sample:		359.80 time, 360.01 real, 315 MB, 1.05 load
[runlim] sample:		369.80 time, 370.01 real, 314 MB, 1.04 load
[runlim] sample:		379.80 time, 380.01 real, 313 MB, 1.04 load
[runlim] sample:		389.79 time, 390.01 real, 314 MB, 1.18 load
[runlim] sample:		399.79 time, 400.01 real, 318 MB, 1.15 load
  SAT ! Makespan = 470
  Schedule is valid with Makespan = 470
------------------------------------------------------------------
[*] Trying with Upper Bound = 469...
[runlim] sample:		409.79 time, 410.01 real, 318 MB, 1.13 load
[runlim] sample:		419.78 time, 420.01 real, 316 MB, 1.11 load
[runlim] sample:		429.78 time, 430.01 real, 316 MB, 1.09 load
[runlim] sample:		439.78 time, 440.01 real, 313 MB, 1.15 load
[runlim] sample:		449.78 time, 450.01 real, 319 MB, 1.13 load
[runlim] sample:		459.77 time, 460.01 real, 319 MB, 1.11 load
[runlim] sample:		469.76 time, 470.01 real, 320 MB, 1.09 load
[runlim] sample:		479.76 time, 480.01 real, 317 MB, 1.08 load
[runlim] sample:		489.75 time, 490.01 real, 314 MB, 1.06 load
[runlim] sample:		499.74 time, 500.01 real, 314 MB, 1.05 load
[runlim] sample:		509.75 time, 510.01 real, 314 MB, 1.04 load
[runlim] sample:		519.74 time, 520.01 real, 314 MB, 1.04 load
[runlim] sample:		529.74 time, 530.01 real, 315 MB, 1.19 load
[runlim] sample:		539.73 time, 540.01 real, 315 MB, 1.16 load
[runlim] sample:		549.72 time, 550.01 real, 315 MB, 1.22 load
[runlim] sample:		559.72 time, 560.01 real, 317 MB, 1.26 load
[runlim] sample:		569.72 time, 570.01 real, 325 MB, 1.22 load
[runlim] sample:		579.71 time, 580.01 real, 325 MB, 1.18 load
[runlim] sample:		589.71 time, 590.01 real, 325 MB, 1.15 load
[runlim] sample:		599.71 time, 600.01 real, 323 MB, 1.21 load
[runlim] end:			Tue Aug 11 02:58:49 2026
[runlim] status:		out of time
[runlim] result:		2
[runlim] children:		1
[runlim] processes:		2
[runlim] real:			601.05 seconds
[runlim] time:			599.71 seconds
[runlim] space:			497 MB
[runlim] load:			1.28 maximum
[runlim] samples:		6000
