[runlim] version:		2.0.0rc12
[runlim] host:			fjssp-instance1
[runlim] time limit:		311040000 seconds
[runlim] real time limit:	1800 seconds
[runlim] space limit:		14000 MB
[runlim] argv[0]:		python3
[runlim] argv[1]:		-u
[runlim] argv[2]:		main.py
[runlim] argv[3]:		--input
[runlim] argv[4]:		datasets/rdata/la18.txt
[runlim] argv[5]:		--sb
[runlim] argv[6]:		--factories
[runlim] argv[7]:		2
[runlim] argv[8]:		--full_transitive
[runlim] start:			Sun Sep 20 17:59:07 2026
[runlim] child:			24010
[*] Loading data from file: datasets/rdata/la18.txt
[*] Running D-FJSSP SAT Solver with 2 factories, Symmetry Breaking = ON, Transitive E* = FULL
===========================================================================
 D-FJSSP SAT SOLVER - PARALLEL FACTORIES SCHEDULING
===========================================================================
  -> Operations: 100 | Jobs: 10 | Machines: 10 | Factories: 2

[*] Running Greedy Heuristic...
  -> Greedy Solution: Makespan = 663 (0.0003s)

[*] Initializing and solving the SAT model...
------------------------------------------------------------------
[*] Trying with Upper Bound = 663...
  SAT ! Makespan = 663
  Schedule: {0: {'job': 0, 'factory': 0, 'machine': 6, 'start': 2, 'duration': 54, 'end': 56}, 1: {'job': 0, 'factory': 0, 'machine': 0, 'start': 56, 'duration': 87, 'end': 143}, 2: {'job': 0, 'factory': 0, 'machine': 4, 'start': 143, 'duration': 48, 'end': 191}, 3: {'job': 0, 'factory': 0, 'machine': 5, 'start': 200, 'duration': 60, 'end': 260}, 4: {'job': 0, 'factory': 0, 'machine': 7, 'start': 260, 'duration': 39, 'end': 299}, 5: {'job': 0, 'factory': 0, 'machine': 8, 'start': 310, 'duration': 35, 'end': 345}, 6: {'job': 0, 'factory': 0, 'machine': 7, 'start': 356, 'duration': 72, 'end': 428}, 7: {'job': 0, 'factory': 0, 'machine': 5, 'start': 442, 'duration': 95, 'end': 537}, 8: {'job': 0, 'factory': 0, 'machine': 3, 'start': 537, 'duration': 66, 'end': 603}, 9: {'job': 0, 'factory': 0, 'machine': 9, 'start': 612, 'duration': 5, 'end': 617}, 10: {'job': 1, 'factory': 0, 'machine': 9, 'start': 45, 'duration': 20, 'end': 65}, 11: {'job': 1, 'factory': 0, 'machine': 9, 'start': 65, 'duration': 46, 'end': 111}, 12: {'job': 1, 'factory': 0, 'machine': 1, 'start': 111, 'duration': 34, 'end': 145}, 13: {'job': 1, 'factory': 0, 'machine': 5, 'start': 145, 'duration': 55, 'end': 200}, 14: {'job': 1, 'factory': 0, 'machine': 3, 'start': 286, 'duration': 97, 'end': 383}, 15: {'job': 1, 'factory': 0, 'machine': 8, 'start': 383, 'duration': 19, 'end': 402}, 16: {'job': 1, 'factory': 0, 'machine': 4, 'start': 402, 'duration': 59, 'end': 461}, 17: {'job': 1, 'factory': 0, 'machine': 0, 'start': 478, 'duration': 21, 'end': 499}, 18: {'job': 1, 'factory': 0, 'machine': 8, 'start': 499, 'duration': 37, 'end': 536}, 19: {'job': 1, 'factory': 0, 'machine': 9, 'start': 617, 'duration': 46, 'end': 663}, 20: {'job': 2, 'factory': 1, 'machine': 4, 'start': 4, 'duration': 45, 'end': 49}, 21: {'job': 2, 'factory': 1, 'machine': 1, 'start': 117, 'duration': 24, 'end': 141}, 22: {'job': 2, 'factory': 1, 'machine': 8, 'start': 141, 'duration': 28, 'end': 169}, 23: {'job': 2, 'factory': 1, 'machine': 5, 'start': 169, 'duration': 28, 'end': 197}, 24: {'job': 2, 'factory': 1, 'machine': 7, 'start': 201, 'duration': 83, 'end': 284}, 25: {'job': 2, 'factory': 1, 'machine': 6, 'start': 379, 'duration': 78, 'end': 457}, 26: {'job': 2, 'factory': 1, 'machine': 1, 'start': 457, 'duration': 23, 'end': 480}, 27: {'job': 2, 'factory': 1, 'machine': 3, 'start': 500, 'duration': 25, 'end': 525}, 28: {'job': 2, 'factory': 1, 'machine': 1, 'start': 569, 'duration': 5, 'end': 574}, 29: {'job': 2, 'factory': 1, 'machine': 3, 'start': 582, 'duration': 73, 'end': 655}, 30: {'job': 3, 'factory': 1, 'machine': 9, 'start': 0, 'duration': 12, 'end': 12}, 31: {'job': 3, 'factory': 1, 'machine': 9, 'start': 12, 'duration': 37, 'end': 49}, 32: {'job': 3, 'factory': 1, 'machine': 4, 'start': 49, 'duration': 38, 'end': 87}, 33: {'job': 3, 'factory': 1, 'machine': 3, 'start': 87, 'duration': 71, 'end': 158}, 34: {'job': 3, 'factory': 1, 'machine': 2, 'start': 160, 'duration': 33, 'end': 193}, 35: {'job': 3, 'factory': 1, 'machine': 2, 'start': 195, 'duration': 12, 'end': 207}, 36: {'job': 3, 'factory': 1, 'machine': 6, 'start': 323, 'duration': 55, 'end': 378}, 37: {'job': 3, 'factory': 1, 'machine': 8, 'start': 378, 'duration': 53, 'end': 431}, 38: {'job': 3, 'factory': 1, 'machine': 2, 'start': 500, 'duration': 87, 'end': 587}, 39: {'job': 3, 'factory': 1, 'machine': 0, 'start': 587, 'duration': 29, 'end': 616}, 40: {'job': 4, 'factory': 0, 'machine': 2, 'start': 5, 'duration': 83, 'end': 88}, 41: {'job': 4, 'factory': 0, 'machine': 8, 'start': 92, 'duration': 49, 'end': 141}, 42: {'job': 4, 'factory': 0, 'machine': 6, 'start': 194, 'duration': 23, 'end': 217}, 43: {'job': 4, 'factory': 0, 'machine': 9, 'start': 217, 'duration': 27, 'end': 244}, 44: {'job': 4, 'factory': 0, 'machine': 4, 'start': 285, 'duration': 65, 'end': 350}, 45: {'job': 4, 'factory': 0, 'machine': 5, 'start': 351, 'duration': 48, 'end': 399}, 46: {'job': 4, 'factory': 0, 'machine': 1, 'start': 404, 'duration': 90, 'end': 494}, 47: {'job': 4, 'factory': 0, 'machine': 4, 'start': 552, 'duration': 7, 'end': 559}, 48: {'job': 4, 'factory': 0, 'machine': 1, 'start': 582, 'duration': 40, 'end': 622}, 49: {'job': 4, 'factory': 0, 'machine': 8, 'start': 646, 'duration': 17, 'end': 663}, 50: {'job': 5, 'factory': 1, 'machine': 1, 'start': 9, 'duration': 66, 'end': 75}, 51: {'job': 5, 'factory': 1, 'machine': 5, 'start': 75, 'duration': 25, 'end': 100}, 52: {'job': 5, 'factory': 1, 'machine': 5, 'start': 100, 'duration': 62, 'end': 162}, 53: {'job': 5, 'factory': 1, 'machine': 6, 'start': 162, 'duration': 84, 'end': 246}, 54: {'job': 5, 'factory': 1, 'machine': 9, 'start': 246, 'duration': 13, 'end': 259}, 55: {'job': 5, 'factory': 1, 'machine': 6, 'start': 259, 'duration': 64, 'end': 323}, 56: {'job': 5, 'factory': 1, 'machine': 5, 'start': 353, 'duration': 46, 'end': 399}, 57: {'job': 5, 'factory': 1, 'machine': 2, 'start': 441, 'duration': 59, 'end': 500}, 58: {'job': 5, 'factory': 1, 'machine': 5, 'start': 532, 'duration': 19, 'end': 551}, 59: {'job': 5, 'factory': 1, 'machine': 8, 'start': 578, 'duration': 85, 'end': 663}, 60: {'job': 6, 'factory': 0, 'machine': 1, 'start': 0, 'duration': 73, 'end': 73}, 61: {'job': 6, 'factory': 0, 'machine': 3, 'start': 78, 'duration': 80, 'end': 158}, 62: {'job': 6, 'factory': 0, 'machine': 0, 'start': 158, 'duration': 41, 'end': 199}, 63: {'job': 6, 'factory': 0, 'machine': 2, 'start': 199, 'duration': 53, 'end': 252}, 64: {'job': 6, 'factory': 0, 'machine': 2, 'start': 252, 'duration': 47, 'end': 299}, 65: {'job': 6, 'factory': 0, 'machine': 7, 'start': 299, 'duration': 57, 'end': 356}, 66: {'job': 6, 'factory': 0, 'machine': 0, 'start': 404, 'duration': 74, 'end': 478}, 67: {'job': 6, 'factory': 0, 'machine': 4, 'start': 486, 'duration': 14, 'end': 500}, 68: {'job': 6, 'factory': 0, 'machine': 7, 'start': 503, 'duration': 67, 'end': 570}, 69: {'job': 6, 'factory': 0, 'machine': 2, 'start': 570, 'duration': 88, 'end': 658}, 70: {'job': 7, 'factory': 0, 'machine': 5, 'start': 0, 'duration': 64, 'end': 64}, 71: {'job': 7, 'factory': 0, 'machine': 7, 'start': 64, 'duration': 84, 'end': 148}, 72: {'job': 7, 'factory': 0, 'machine': 6, 'start': 148, 'duration': 46, 'end': 194}, 73: {'job': 7, 'factory': 0, 'machine': 1, 'start': 205, 'duration': 78, 'end': 283}, 74: {'job': 7, 'factory': 0, 'machine': 0, 'start': 283, 'duration': 84, 'end': 367}, 75: {'job': 7, 'factory': 0, 'machine': 4, 'start': 367, 'duration': 26, 'end': 393}, 76: {'job': 7, 'factory': 0, 'machine': 6, 'start': 393, 'duration': 28, 'end': 421}, 77: {'job': 7, 'factory': 0, 'machine': 9, 'start': 421, 'duration': 52, 'end': 473}, 78: {'job': 7, 'factory': 0, 'machine': 0, 'start': 500, 'duration': 41, 'end': 541}, 79: {'job': 7, 'factory': 0, 'machine': 0, 'start': 541, 'duration': 63, 'end': 604}, 80: {'job': 8, 'factory': 1, 'machine': 8, 'start': 2, 'duration': 11, 'end': 13}, 81: {'job': 8, 'factory': 1, 'machine': 2, 'start': 60, 'duration': 64, 'end': 124}, 82: {'job': 8, 'factory': 1, 'machine': 7, 'start': 133, 'duration': 67, 'end': 200}, 83: {'job': 8, 'factory': 1, 'machine': 4, 'start': 200, 'duration': 85, 'end': 285}, 84: {'job': 8, 'factory': 1, 'machine': 7, 'start': 300, 'duration': 10, 'end': 310}, 85: {'job': 8, 'factory': 1, 'machine': 0, 'start': 323, 'duration': 73, 'end': 396}, 86: {'job': 8, 'factory': 1, 'machine': 9, 'start': 396, 'duration': 38, 'end': 434}, 87: {'job': 8, 'factory': 1, 'machine': 8, 'start': 434, 'duration': 95, 'end': 529}, 88: {'job': 8, 'factory': 1, 'machine': 6, 'start': 529, 'duration': 97, 'end': 626}, 89: {'job': 8, 'factory': 1, 'machine': 2, 'start': 646, 'duration': 17, 'end': 663}, 90: {'job': 9, 'factory': 0, 'machine': 4, 'start': 0, 'duration': 60, 'end': 60}, 91: {'job': 9, 'factory': 0, 'machine': 8, 'start': 60, 'duration': 32, 'end': 92}, 92: {'job': 9, 'factory': 0, 'machine': 2, 'start': 92, 'duration': 95, 'end': 187}, 93: {'job': 9, 'factory': 0, 'machine': 3, 'start': 187, 'duration': 93, 'end': 280}, 94: {'job': 9, 'factory': 0, 'machine': 6, 'start': 280, 'duration': 65, 'end': 345}, 95: {'job': 9, 'factory': 0, 'machine': 2, 'start': 345, 'duration': 85, 'end': 430}, 96: {'job': 9, 'factory': 0, 'machine': 7, 'start': 430, 'duration': 43, 'end': 473}, 97: {'job': 9, 'factory': 0, 'machine': 9, 'start': 473, 'duration': 85, 'end': 558}, 98: {'job': 9, 'factory': 0, 'machine': 5, 'start': 558, 'duration': 46, 'end': 604}, 99: {'job': 9, 'factory': 0, 'machine': 0, 'start': 604, 'duration': 59, 'end': 663}}
  Total time: 0.2806 seconds
------------------------------------------------------------------
[*] Trying with Upper Bound = 662...
   UNSAT

 Optimal Makespan = 663

 Summary:
  - Optimal Makespan   : 663
  - Greedy Time        : 0.0003s
  - SAT Time           : 0.2865s
  - Total Time         : 0.2879s
  - Schedule Status    : VALID
===========================================================================
[runlim] end:			Sun Sep 20 17:59:07 2026
[runlim] status:		ok
[runlim] result:		0
[runlim] children:		1
[runlim] processes:		2
[runlim] real:			0.32 seconds
[runlim] time:			0.30 seconds
[runlim] space:			73 MB
[runlim] load:			1.04 maximum
[runlim] samples:		4
