[runlim] version:		2.0.0rc12
[runlim] host:			fjssp-instance
[runlim] time limit:		311040000 seconds
[runlim] real time limit:	3600 seconds
[runlim] space limit:		14000 MB
[runlim] argv[0]:		python3
[runlim] argv[1]:		-u
[runlim] argv[2]:		main.py
[runlim] argv[3]:		--input
[runlim] argv[4]:		datasets/rdata/la12.txt
[runlim] argv[5]:		--sb
[runlim] argv[6]:		--factories
[runlim] argv[7]:		2
[runlim] argv[8]:		--full_transitive
[runlim] start:			Wed Aug 26 07:39:00 2026
[runlim] child:			29857
[*] Loading data from file: datasets/rdata/la12.txt
[*] Running D-FJSSP SAT Solver with 2 factories, Symmetry Breaking = ON, Transitive E* = FULL
===========================================================================
 D-FJSSP SAT SOLVER - PARALLEL FACTORIES SCHEDULING
===========================================================================
  -> Operations: 100 | Jobs: 20 | Machines: 5 | Factories: 2

[*] Running Greedy Heuristic...
  -> Greedy Solution: Makespan = 656 (0.0003s)

[*] Initializing and solving the SAT model...
------------------------------------------------------------------
[*] Trying with Upper Bound = 656...
  SAT ! Makespan = 656
  Schedule is valid with Makespan = 656
  Total time: 2.4165 seconds
------------------------------------------------------------------
[*] Trying with Upper Bound = 655...
  SAT ! Makespan = 655
  Schedule is valid with Makespan = 655
  Total time: 2.4592 seconds
------------------------------------------------------------------
[*] Trying with Upper Bound = 654...
  SAT ! Makespan = 654
  Schedule is valid with Makespan = 654
  Total time: 2.4841 seconds
------------------------------------------------------------------
[*] Trying with Upper Bound = 653...
  SAT ! Makespan = 653
  Schedule is valid with Makespan = 653
  Total time: 2.5071 seconds
------------------------------------------------------------------
[*] Trying with Upper Bound = 652...
  SAT ! Makespan = 652
  Schedule is valid with Makespan = 652
  Total time: 2.5310 seconds
------------------------------------------------------------------
[*] Trying with Upper Bound = 651...
  SAT ! Makespan = 651
  Schedule is valid with Makespan = 651
  Total time: 2.5547 seconds
------------------------------------------------------------------
[*] Trying with Upper Bound = 650...
  SAT ! Makespan = 650
  Schedule is valid with Makespan = 650
  Total time: 2.5785 seconds
------------------------------------------------------------------
[*] Trying with Upper Bound = 649...
  SAT ! Makespan = 649
  Schedule is valid with Makespan = 649
  Total time: 2.6009 seconds
------------------------------------------------------------------
[*] Trying with Upper Bound = 648...
  SAT ! Makespan = 648
  Schedule is valid with Makespan = 648
  Total time: 2.6239 seconds
------------------------------------------------------------------
[*] Trying with Upper Bound = 647...
  SAT ! Makespan = 647
  Schedule is valid with Makespan = 647
  Total time: 2.6473 seconds
------------------------------------------------------------------
[*] Trying with Upper Bound = 646...
  SAT ! Makespan = 646
  Schedule is valid with Makespan = 646
  Total time: 2.6728 seconds
------------------------------------------------------------------
[*] Trying with Upper Bound = 645...
  SAT ! Makespan = 645
  Schedule is valid with Makespan = 645
  Total time: 2.6964 seconds
------------------------------------------------------------------
[*] Trying with Upper Bound = 644...
  SAT ! Makespan = 644
  Schedule is valid with Makespan = 644
  Total time: 2.7183 seconds
------------------------------------------------------------------
[*] Trying with Upper Bound = 643...
  SAT ! Makespan = 643
  Schedule is valid with Makespan = 643
  Total time: 2.7392 seconds
------------------------------------------------------------------
[*] Trying with Upper Bound = 642...
  SAT ! Makespan = 642
  Schedule is valid with Makespan = 642
  Total time: 2.7647 seconds
------------------------------------------------------------------
[*] Trying with Upper Bound = 641...
  SAT ! Makespan = 641
  Schedule is valid with Makespan = 641
  Total time: 2.7893 seconds
------------------------------------------------------------------
[*] Trying with Upper Bound = 640...
  SAT ! Makespan = 640
  Schedule is valid with Makespan = 640
  Total time: 2.8127 seconds
------------------------------------------------------------------
[*] Trying with Upper Bound = 639...
  SAT ! Makespan = 639
  Schedule is valid with Makespan = 639
  Total time: 2.8343 seconds
------------------------------------------------------------------
[*] Trying with Upper Bound = 638...
  SAT ! Makespan = 638
  Schedule is valid with Makespan = 638
  Total time: 2.8573 seconds
------------------------------------------------------------------
[*] Trying with Upper Bound = 637...
  SAT ! Makespan = 637
  Schedule is valid with Makespan = 637
  Total time: 2.8791 seconds
------------------------------------------------------------------
[*] Trying with Upper Bound = 636...
  SAT ! Makespan = 636
  Schedule is valid with Makespan = 636
  Total time: 2.9036 seconds
------------------------------------------------------------------
[*] Trying with Upper Bound = 635...
  SAT ! Makespan = 635
  Schedule is valid with Makespan = 635
  Total time: 2.9253 seconds
------------------------------------------------------------------
[*] Trying with Upper Bound = 634...
  SAT ! Makespan = 634
  Schedule is valid with Makespan = 634
  Total time: 2.9466 seconds
------------------------------------------------------------------
[*] Trying with Upper Bound = 633...
  SAT ! Makespan = 633
  Schedule is valid with Makespan = 633
  Total time: 2.9681 seconds
------------------------------------------------------------------
[*] Trying with Upper Bound = 632...
  SAT ! Makespan = 632
  Schedule is valid with Makespan = 632
  Total time: 2.9936 seconds
------------------------------------------------------------------
[*] Trying with Upper Bound = 631...
  SAT ! Makespan = 631
  Schedule is valid with Makespan = 631
  Total time: 3.0153 seconds
------------------------------------------------------------------
[*] Trying with Upper Bound = 630...
  SAT ! Makespan = 630
  Schedule is valid with Makespan = 630
  Total time: 3.0352 seconds
------------------------------------------------------------------
[*] Trying with Upper Bound = 629...
  SAT ! Makespan = 629
  Schedule is valid with Makespan = 629
  Total time: 3.0562 seconds
------------------------------------------------------------------
[*] Trying with Upper Bound = 628...
  SAT ! Makespan = 628
  Schedule is valid with Makespan = 628
  Total time: 3.0779 seconds
------------------------------------------------------------------
[*] Trying with Upper Bound = 627...
  SAT ! Makespan = 627
  Schedule is valid with Makespan = 627
  Total time: 3.0990 seconds
------------------------------------------------------------------
[*] Trying with Upper Bound = 626...
  SAT ! Makespan = 626
  Schedule is valid with Makespan = 626
  Total time: 3.1238 seconds
------------------------------------------------------------------
[*] Trying with Upper Bound = 625...
  SAT ! Makespan = 625
  Schedule is valid with Makespan = 625
  Total time: 3.1476 seconds
------------------------------------------------------------------
[*] Trying with Upper Bound = 624...
  SAT ! Makespan = 624
  Schedule is valid with Makespan = 624
  Total time: 3.1724 seconds
------------------------------------------------------------------
[*] Trying with Upper Bound = 623...
  SAT ! Makespan = 623
  Schedule is valid with Makespan = 623
  Total time: 3.1951 seconds
------------------------------------------------------------------
[*] Trying with Upper Bound = 622...
  SAT ! Makespan = 622
  Schedule is valid with Makespan = 622
  Total time: 3.2179 seconds
------------------------------------------------------------------
[*] Trying with Upper Bound = 621...
  SAT ! Makespan = 621
  Schedule is valid with Makespan = 621
  Total time: 3.2391 seconds
------------------------------------------------------------------
[*] Trying with Upper Bound = 620...
  SAT ! Makespan = 620
  Schedule is valid with Makespan = 620
  Total time: 3.2634 seconds
------------------------------------------------------------------
[*] Trying with Upper Bound = 619...
  SAT ! Makespan = 619
  Schedule is valid with Makespan = 619
  Total time: 3.2880 seconds
------------------------------------------------------------------
[*] Trying with Upper Bound = 618...
  SAT ! Makespan = 618
  Schedule is valid with Makespan = 618
  Total time: 3.3138 seconds
------------------------------------------------------------------
[*] Trying with Upper Bound = 617...
  SAT ! Makespan = 617
  Schedule is valid with Makespan = 617
  Total time: 3.3368 seconds
------------------------------------------------------------------
[*] Trying with Upper Bound = 616...
  SAT ! Makespan = 616
  Schedule is valid with Makespan = 616
  Total time: 3.3586 seconds
------------------------------------------------------------------
[*] Trying with Upper Bound = 615...
  SAT ! Makespan = 615
  Schedule is valid with Makespan = 615
  Total time: 3.3799 seconds
------------------------------------------------------------------
[*] Trying with Upper Bound = 614...
  SAT ! Makespan = 614
  Schedule is valid with Makespan = 614
  Total time: 3.4041 seconds
------------------------------------------------------------------
[*] Trying with Upper Bound = 613...
  SAT ! Makespan = 613
  Schedule is valid with Makespan = 613
  Total time: 3.4316 seconds
------------------------------------------------------------------
[*] Trying with Upper Bound = 612...
  SAT ! Makespan = 612
  Schedule is valid with Makespan = 612
  Total time: 3.4549 seconds
------------------------------------------------------------------
[*] Trying with Upper Bound = 611...
  SAT ! Makespan = 611
  Schedule is valid with Makespan = 611
  Total time: 3.4794 seconds
------------------------------------------------------------------
[*] Trying with Upper Bound = 610...
  SAT ! Makespan = 610
  Schedule is valid with Makespan = 610
  Total time: 3.5041 seconds
------------------------------------------------------------------
[*] Trying with Upper Bound = 609...
  SAT ! Makespan = 609
  Schedule is valid with Makespan = 609
  Total time: 3.5268 seconds
------------------------------------------------------------------
[*] Trying with Upper Bound = 608...
  SAT ! Makespan = 608
  Schedule is valid with Makespan = 608
  Total time: 3.5551 seconds
------------------------------------------------------------------
[*] Trying with Upper Bound = 607...
  SAT ! Makespan = 607
  Schedule is valid with Makespan = 607
  Total time: 3.5826 seconds
------------------------------------------------------------------
[*] Trying with Upper Bound = 606...
  SAT ! Makespan = 606
  Schedule is valid with Makespan = 606
  Total time: 3.6071 seconds
------------------------------------------------------------------
[*] Trying with Upper Bound = 605...
  SAT ! Makespan = 605
  Schedule is valid with Makespan = 605
  Total time: 3.6323 seconds
------------------------------------------------------------------
[*] Trying with Upper Bound = 604...
  SAT ! Makespan = 604
  Schedule is valid with Makespan = 604
  Total time: 3.6579 seconds
------------------------------------------------------------------
[*] Trying with Upper Bound = 603...
  SAT ! Makespan = 603
  Schedule is valid with Makespan = 603
  Total time: 3.6802 seconds
------------------------------------------------------------------
[*] Trying with Upper Bound = 602...
  SAT ! Makespan = 602
  Schedule is valid with Makespan = 602
  Total time: 3.7028 seconds
------------------------------------------------------------------
[*] Trying with Upper Bound = 601...
  SAT ! Makespan = 601
  Schedule is valid with Makespan = 601
  Total time: 3.7281 seconds
------------------------------------------------------------------
[*] Trying with Upper Bound = 600...
  SAT ! Makespan = 600
  Schedule is valid with Makespan = 600
  Total time: 3.7528 seconds
------------------------------------------------------------------
[*] Trying with Upper Bound = 599...
  SAT ! Makespan = 599
  Schedule is valid with Makespan = 599
  Total time: 3.7760 seconds
------------------------------------------------------------------
[*] Trying with Upper Bound = 598...
  SAT ! Makespan = 598
  Schedule is valid with Makespan = 598
  Total time: 3.8000 seconds
------------------------------------------------------------------
[*] Trying with Upper Bound = 597...
  SAT ! Makespan = 597
  Schedule is valid with Makespan = 597
  Total time: 3.8247 seconds
------------------------------------------------------------------
[*] Trying with Upper Bound = 596...
  SAT ! Makespan = 596
  Schedule is valid with Makespan = 596
  Total time: 3.8491 seconds
------------------------------------------------------------------
[*] Trying with Upper Bound = 595...
  SAT ! Makespan = 595
  Schedule is valid with Makespan = 595
  Total time: 3.8744 seconds
------------------------------------------------------------------
[*] Trying with Upper Bound = 594...
  SAT ! Makespan = 594
  Schedule is valid with Makespan = 594
  Total time: 3.9002 seconds
------------------------------------------------------------------
[*] Trying with Upper Bound = 593...
  SAT ! Makespan = 593
  Schedule is valid with Makespan = 593
  Total time: 3.9252 seconds
------------------------------------------------------------------
[*] Trying with Upper Bound = 592...
  SAT ! Makespan = 592
  Schedule is valid with Makespan = 592
  Total time: 3.9504 seconds
------------------------------------------------------------------
[*] Trying with Upper Bound = 591...
  SAT ! Makespan = 591
  Schedule is valid with Makespan = 591
  Total time: 4.3738 seconds
------------------------------------------------------------------
[*] Trying with Upper Bound = 590...
  SAT ! Makespan = 590
  Schedule is valid with Makespan = 590
  Total time: 4.4127 seconds
------------------------------------------------------------------
[*] Trying with Upper Bound = 589...
  SAT ! Makespan = 589
  Schedule is valid with Makespan = 589
  Total time: 4.4364 seconds
------------------------------------------------------------------
[*] Trying with Upper Bound = 588...
  SAT ! Makespan = 588
  Schedule is valid with Makespan = 588
  Total time: 4.4609 seconds
------------------------------------------------------------------
[*] Trying with Upper Bound = 587...
  SAT ! Makespan = 587
  Schedule is valid with Makespan = 587
  Total time: 4.5144 seconds
------------------------------------------------------------------
[*] Trying with Upper Bound = 586...
  SAT ! Makespan = 586
  Schedule is valid with Makespan = 586
  Total time: 4.7842 seconds
------------------------------------------------------------------
[*] Trying with Upper Bound = 585...
  SAT ! Makespan = 585
  Schedule is valid with Makespan = 585
  Total time: 4.8115 seconds
------------------------------------------------------------------
[*] Trying with Upper Bound = 584...
  SAT ! Makespan = 584
  Schedule is valid with Makespan = 584
  Total time: 4.8333 seconds
------------------------------------------------------------------
[*] Trying with Upper Bound = 583...
  SAT ! Makespan = 583
  Schedule is valid with Makespan = 583
  Total time: 4.8526 seconds
------------------------------------------------------------------
[*] Trying with Upper Bound = 582...
  SAT ! Makespan = 582
  Schedule is valid with Makespan = 582
  Total time: 4.8733 seconds
------------------------------------------------------------------
[*] Trying with Upper Bound = 581...
  SAT ! Makespan = 581
  Schedule is valid with Makespan = 581
  Total time: 4.8937 seconds
------------------------------------------------------------------
[*] Trying with Upper Bound = 580...
  SAT ! Makespan = 580
  Schedule is valid with Makespan = 580
  Total time: 4.9160 seconds
------------------------------------------------------------------
[*] Trying with Upper Bound = 579...
  SAT ! Makespan = 579
  Schedule is valid with Makespan = 579
  Total time: 4.9363 seconds
------------------------------------------------------------------
[*] Trying with Upper Bound = 578...
  SAT ! Makespan = 578
  Schedule is valid with Makespan = 578
  Total time: 4.9547 seconds
------------------------------------------------------------------
[*] Trying with Upper Bound = 577...
  SAT ! Makespan = 577
  Schedule is valid with Makespan = 577
  Total time: 4.9724 seconds
------------------------------------------------------------------
[*] Trying with Upper Bound = 576...
  SAT ! Makespan = 576
  Schedule is valid with Makespan = 576
  Total time: 4.9906 seconds
------------------------------------------------------------------
[*] Trying with Upper Bound = 575...
  SAT ! Makespan = 575
  Schedule is valid with Makespan = 575
  Total time: 5.0098 seconds
------------------------------------------------------------------
[*] Trying with Upper Bound = 574...
  SAT ! Makespan = 574
  Schedule is valid with Makespan = 574
  Total time: 5.0290 seconds
------------------------------------------------------------------
[*] Trying with Upper Bound = 573...
  SAT ! Makespan = 573
  Schedule is valid with Makespan = 573
  Total time: 5.0479 seconds
------------------------------------------------------------------
[*] Trying with Upper Bound = 572...
  SAT ! Makespan = 572
  Schedule is valid with Makespan = 572
  Total time: 5.0670 seconds
------------------------------------------------------------------
[*] Trying with Upper Bound = 571...
  SAT ! Makespan = 571
  Schedule is valid with Makespan = 571
  Total time: 5.0873 seconds
------------------------------------------------------------------
[*] Trying with Upper Bound = 570...
  SAT ! Makespan = 570
  Schedule is valid with Makespan = 570
  Total time: 5.1220 seconds
------------------------------------------------------------------
[*] Trying with Upper Bound = 569...
  SAT ! Makespan = 569
  Schedule is valid with Makespan = 569
  Total time: 5.1511 seconds
------------------------------------------------------------------
[*] Trying with Upper Bound = 568...
  SAT ! Makespan = 568
  Schedule is valid with Makespan = 568
  Total time: 5.2119 seconds
------------------------------------------------------------------
[*] Trying with Upper Bound = 567...
  SAT ! Makespan = 567
  Schedule is valid with Makespan = 567
  Total time: 5.2970 seconds
------------------------------------------------------------------
[*] Trying with Upper Bound = 566...
  SAT ! Makespan = 566
  Schedule is valid with Makespan = 566
  Total time: 5.3279 seconds
------------------------------------------------------------------
[*] Trying with Upper Bound = 565...
  SAT ! Makespan = 565
  Schedule is valid with Makespan = 565
  Total time: 5.3513 seconds
------------------------------------------------------------------
[*] Trying with Upper Bound = 564...
  SAT ! Makespan = 564
  Schedule is valid with Makespan = 564
  Total time: 5.3714 seconds
------------------------------------------------------------------
[*] Trying with Upper Bound = 563...
  SAT ! Makespan = 563
  Schedule is valid with Makespan = 563
  Total time: 5.3903 seconds
------------------------------------------------------------------
[*] Trying with Upper Bound = 562...
  SAT ! Makespan = 562
  Schedule is valid with Makespan = 562
  Total time: 5.4108 seconds
------------------------------------------------------------------
[*] Trying with Upper Bound = 561...
  SAT ! Makespan = 561
  Schedule is valid with Makespan = 561
  Total time: 5.4302 seconds
------------------------------------------------------------------
[*] Trying with Upper Bound = 560...
  SAT ! Makespan = 560
  Schedule is valid with Makespan = 560
  Total time: 5.7163 seconds
------------------------------------------------------------------
[*] Trying with Upper Bound = 559...
  SAT ! Makespan = 559
  Schedule is valid with Makespan = 559
  Total time: 5.7478 seconds
------------------------------------------------------------------
[*] Trying with Upper Bound = 558...
  SAT ! Makespan = 558
  Schedule is valid with Makespan = 558
  Total time: 5.7706 seconds
------------------------------------------------------------------
[*] Trying with Upper Bound = 557...
  SAT ! Makespan = 557
  Schedule is valid with Makespan = 557
  Total time: 5.7905 seconds
------------------------------------------------------------------
[*] Trying with Upper Bound = 556...
  SAT ! Makespan = 556
  Schedule is valid with Makespan = 556
  Total time: 6.9888 seconds
------------------------------------------------------------------
[*] Trying with Upper Bound = 555...
  SAT ! Makespan = 555
  Schedule is valid with Makespan = 555
  Total time: 7.1132 seconds
------------------------------------------------------------------
[*] Trying with Upper Bound = 554...
[runlim] sample:		10.00 time, 10.01 real, 340 MB, 0.93 load
  SAT ! Makespan = 554
  Schedule is valid with Makespan = 554
  Total time: 10.5741 seconds
------------------------------------------------------------------
[*] Trying with Upper Bound = 553...
  SAT ! Makespan = 553
  Schedule is valid with Makespan = 553
  Total time: 11.0835 seconds
------------------------------------------------------------------
[*] Trying with Upper Bound = 552...
  SAT ! Makespan = 552
  Schedule is valid with Makespan = 552
  Total time: 11.2086 seconds
------------------------------------------------------------------
[*] Trying with Upper Bound = 551...
  SAT ! Makespan = 551
  Schedule is valid with Makespan = 551
  Total time: 11.3139 seconds
------------------------------------------------------------------
[*] Trying with Upper Bound = 550...
  SAT ! Makespan = 550
  Schedule is valid with Makespan = 550
  Total time: 11.4185 seconds
------------------------------------------------------------------
[*] Trying with Upper Bound = 549...
  SAT ! Makespan = 549
  Schedule is valid with Makespan = 549
  Total time: 12.5720 seconds
------------------------------------------------------------------
[*] Trying with Upper Bound = 548...
  SAT ! Makespan = 548
  Schedule is valid with Makespan = 548
  Total time: 12.8558 seconds
------------------------------------------------------------------
[*] Trying with Upper Bound = 547...
  SAT ! Makespan = 547
  Schedule is valid with Makespan = 547
  Total time: 12.8797 seconds
------------------------------------------------------------------
[*] Trying with Upper Bound = 546...
  SAT ! Makespan = 546
  Schedule is valid with Makespan = 546
  Total time: 12.8948 seconds
------------------------------------------------------------------
[*] Trying with Upper Bound = 545...
  SAT ! Makespan = 545
  Schedule is valid with Makespan = 545
  Total time: 12.9107 seconds
------------------------------------------------------------------
[*] Trying with Upper Bound = 544...
  SAT ! Makespan = 544
  Schedule is valid with Makespan = 544
  Total time: 12.9254 seconds
------------------------------------------------------------------
[*] Trying with Upper Bound = 543...
  SAT ! Makespan = 543
  Schedule is valid with Makespan = 543
  Total time: 13.1611 seconds
------------------------------------------------------------------
[*] Trying with Upper Bound = 542...
  SAT ! Makespan = 542
  Schedule is valid with Makespan = 542
  Total time: 13.6215 seconds
------------------------------------------------------------------
[*] Trying with Upper Bound = 541...
  SAT ! Makespan = 541
  Schedule is valid with Makespan = 541
  Total time: 13.8745 seconds
------------------------------------------------------------------
[*] Trying with Upper Bound = 540...
  SAT ! Makespan = 540
  Schedule is valid with Makespan = 540
  Total time: 13.9259 seconds
------------------------------------------------------------------
[*] Trying with Upper Bound = 539...
  SAT ! Makespan = 539
  Schedule is valid with Makespan = 539
  Total time: 14.2258 seconds
------------------------------------------------------------------
[*] Trying with Upper Bound = 538...
  SAT ! Makespan = 538
  Schedule is valid with Makespan = 538
  Total time: 14.2554 seconds
------------------------------------------------------------------
[*] Trying with Upper Bound = 537...
  SAT ! Makespan = 537
  Schedule is valid with Makespan = 537
  Total time: 14.4524 seconds
------------------------------------------------------------------
[*] Trying with Upper Bound = 536...
  SAT ! Makespan = 536
  Schedule is valid with Makespan = 536
  Total time: 14.6174 seconds
------------------------------------------------------------------
[*] Trying with Upper Bound = 535...
  SAT ! Makespan = 535
  Schedule is valid with Makespan = 535
  Total time: 14.6465 seconds
------------------------------------------------------------------
[*] Trying with Upper Bound = 534...
  SAT ! Makespan = 534
  Schedule is valid with Makespan = 534
  Total time: 14.6638 seconds
------------------------------------------------------------------
[*] Trying with Upper Bound = 533...
  SAT ! Makespan = 533
  Schedule is valid with Makespan = 533
  Total time: 14.6788 seconds
------------------------------------------------------------------
[*] Trying with Upper Bound = 532...
  SAT ! Makespan = 532
  Schedule is valid with Makespan = 532
  Total time: 16.9251 seconds
------------------------------------------------------------------
[*] Trying with Upper Bound = 531...
  SAT ! Makespan = 531
  Schedule is valid with Makespan = 531
  Total time: 16.9990 seconds
------------------------------------------------------------------
[*] Trying with Upper Bound = 530...
  SAT ! Makespan = 530
  Schedule is valid with Makespan = 530
  Total time: 17.4160 seconds
------------------------------------------------------------------
[*] Trying with Upper Bound = 529...
  SAT ! Makespan = 529
  Schedule is valid with Makespan = 529
  Total time: 17.9164 seconds
------------------------------------------------------------------
[*] Trying with Upper Bound = 528...
  SAT ! Makespan = 528
  Schedule is valid with Makespan = 528
  Total time: 18.1348 seconds
------------------------------------------------------------------
[*] Trying with Upper Bound = 527...
  SAT ! Makespan = 527
  Schedule is valid with Makespan = 527
  Total time: 19.0829 seconds
------------------------------------------------------------------
[*] Trying with Upper Bound = 526...
  SAT ! Makespan = 526
  Schedule is valid with Makespan = 526
  Total time: 19.3945 seconds
------------------------------------------------------------------
[*] Trying with Upper Bound = 525...
[runlim] sample:		20.00 time, 20.01 real, 320 MB, 0.94 load
  SAT ! Makespan = 525
  Schedule is valid with Makespan = 525
  Total time: 20.0358 seconds
------------------------------------------------------------------
[*] Trying with Upper Bound = 524...
  SAT ! Makespan = 524
  Schedule is valid with Makespan = 524
  Total time: 20.0575 seconds
------------------------------------------------------------------
[*] Trying with Upper Bound = 523...
  SAT ! Makespan = 523
  Schedule is valid with Makespan = 523
  Total time: 22.0282 seconds
------------------------------------------------------------------
[*] Trying with Upper Bound = 522...
  SAT ! Makespan = 522
  Schedule is valid with Makespan = 522
  Total time: 23.0566 seconds
------------------------------------------------------------------
[*] Trying with Upper Bound = 521...
  SAT ! Makespan = 521
  Schedule is valid with Makespan = 521
  Total time: 24.0668 seconds
------------------------------------------------------------------
[*] Trying with Upper Bound = 520...
  SAT ! Makespan = 520
  Schedule is valid with Makespan = 520
  Total time: 24.4382 seconds
------------------------------------------------------------------
[*] Trying with Upper Bound = 519...
  SAT ! Makespan = 519
  Schedule is valid with Makespan = 519
  Total time: 24.9622 seconds
------------------------------------------------------------------
[*] Trying with Upper Bound = 518...
  SAT ! Makespan = 518
  Schedule is valid with Makespan = 518
  Total time: 25.3429 seconds
------------------------------------------------------------------
[*] Trying with Upper Bound = 517...
  SAT ! Makespan = 517
  Schedule is valid with Makespan = 517
  Total time: 26.4482 seconds
------------------------------------------------------------------
[*] Trying with Upper Bound = 516...
  SAT ! Makespan = 516
  Schedule is valid with Makespan = 516
  Total time: 26.6231 seconds
------------------------------------------------------------------
[*] Trying with Upper Bound = 515...
  SAT ! Makespan = 515
  Schedule is valid with Makespan = 515
  Total time: 26.8175 seconds
------------------------------------------------------------------
[*] Trying with Upper Bound = 514...
  SAT ! Makespan = 514
  Schedule is valid with Makespan = 514
  Total time: 27.7932 seconds
------------------------------------------------------------------
[*] Trying with Upper Bound = 513...
  SAT ! Makespan = 513
  Schedule is valid with Makespan = 513
  Total time: 28.9593 seconds
------------------------------------------------------------------
[*] Trying with Upper Bound = 512...
  SAT ! Makespan = 512
  Schedule is valid with Makespan = 512
  Total time: 29.0294 seconds
------------------------------------------------------------------
[*] Trying with Upper Bound = 511...
  SAT ! Makespan = 511
  Schedule is valid with Makespan = 511
  Total time: 29.0824 seconds
------------------------------------------------------------------
[*] Trying with Upper Bound = 510...
  SAT ! Makespan = 510
  Schedule is valid with Makespan = 510
  Total time: 29.3517 seconds
------------------------------------------------------------------
[*] Trying with Upper Bound = 509...
[runlim] sample:		29.99 time, 30.01 real, 301 MB, 0.95 load
  SAT ! Makespan = 509
  Schedule is valid with Makespan = 509
  Total time: 30.9073 seconds
------------------------------------------------------------------
[*] Trying with Upper Bound = 508...
  SAT ! Makespan = 508
  Schedule is valid with Makespan = 508
  Total time: 32.1373 seconds
------------------------------------------------------------------
[*] Trying with Upper Bound = 507...
  SAT ! Makespan = 507
  Schedule is valid with Makespan = 507
  Total time: 32.4951 seconds
------------------------------------------------------------------
[*] Trying with Upper Bound = 506...
  SAT ! Makespan = 506
  Schedule is valid with Makespan = 506
  Total time: 33.5194 seconds
------------------------------------------------------------------
[*] Trying with Upper Bound = 505...
  SAT ! Makespan = 505
  Schedule is valid with Makespan = 505
  Total time: 33.6819 seconds
------------------------------------------------------------------
[*] Trying with Upper Bound = 504...
  SAT ! Makespan = 504
  Schedule is valid with Makespan = 504
  Total time: 33.7009 seconds
------------------------------------------------------------------
[*] Trying with Upper Bound = 503...
  SAT ! Makespan = 503
  Schedule is valid with Makespan = 503
  Total time: 33.9095 seconds
------------------------------------------------------------------
[*] Trying with Upper Bound = 502...
  SAT ! Makespan = 502
  Schedule is valid with Makespan = 502
  Total time: 35.5453 seconds
------------------------------------------------------------------
[*] Trying with Upper Bound = 501...
  SAT ! Makespan = 501
  Schedule is valid with Makespan = 501
  Total time: 37.2699 seconds
------------------------------------------------------------------
[*] Trying with Upper Bound = 500...
  SAT ! Makespan = 500
  Schedule is valid with Makespan = 500
  Total time: 37.3392 seconds
------------------------------------------------------------------
[*] Trying with Upper Bound = 499...
  SAT ! Makespan = 499
  Schedule is valid with Makespan = 499
  Total time: 37.4019 seconds
------------------------------------------------------------------
[*] Trying with Upper Bound = 498...
  SAT ! Makespan = 498
  Schedule is valid with Makespan = 498
  Total time: 37.6751 seconds
------------------------------------------------------------------
[*] Trying with Upper Bound = 497...
  SAT ! Makespan = 497
  Schedule is valid with Makespan = 497
  Total time: 38.6365 seconds
------------------------------------------------------------------
[*] Trying with Upper Bound = 496...
  SAT ! Makespan = 496
  Schedule is valid with Makespan = 496
  Total time: 38.9179 seconds
------------------------------------------------------------------
[*] Trying with Upper Bound = 495...
[runlim] sample:		39.99 time, 40.01 real, 271 MB, 0.96 load
  SAT ! Makespan = 495
  Schedule is valid with Makespan = 495
  Total time: 40.0175 seconds
------------------------------------------------------------------
[*] Trying with Upper Bound = 494...
  SAT ! Makespan = 494
  Schedule is valid with Makespan = 494
  Total time: 40.3019 seconds
------------------------------------------------------------------
[*] Trying with Upper Bound = 493...
  SAT ! Makespan = 493
  Schedule is valid with Makespan = 493
  Total time: 41.1796 seconds
------------------------------------------------------------------
[*] Trying with Upper Bound = 492...
  SAT ! Makespan = 492
  Schedule is valid with Makespan = 492
  Total time: 42.8436 seconds
------------------------------------------------------------------
[*] Trying with Upper Bound = 491...
  SAT ! Makespan = 491
  Schedule is valid with Makespan = 491
  Total time: 44.3230 seconds
------------------------------------------------------------------
[*] Trying with Upper Bound = 490...
  SAT ! Makespan = 490
  Schedule is valid with Makespan = 490
  Total time: 46.4924 seconds
------------------------------------------------------------------
[*] Trying with Upper Bound = 489...
  SAT ! Makespan = 489
  Schedule is valid with Makespan = 489
  Total time: 47.5526 seconds
------------------------------------------------------------------
[*] Trying with Upper Bound = 488...
  SAT ! Makespan = 488
  Schedule is valid with Makespan = 488
  Total time: 47.6087 seconds
------------------------------------------------------------------
[*] Trying with Upper Bound = 487...
[runlim] sample:		49.99 time, 50.01 real, 303 MB, 0.97 load
  SAT ! Makespan = 487
  Schedule is valid with Makespan = 487
  Total time: 52.8142 seconds
------------------------------------------------------------------
[*] Trying with Upper Bound = 486...
  SAT ! Makespan = 486
  Schedule is valid with Makespan = 486
  Total time: 53.8706 seconds
------------------------------------------------------------------
[*] Trying with Upper Bound = 485...
[runlim] sample:		59.99 time, 60.01 real, 303 MB, 0.97 load
  SAT ! Makespan = 485
  Schedule is valid with Makespan = 485
  Total time: 60.0730 seconds
------------------------------------------------------------------
[*] Trying with Upper Bound = 484...
  SAT ! Makespan = 484
  Schedule is valid with Makespan = 484
  Total time: 61.0713 seconds
------------------------------------------------------------------
[*] Trying with Upper Bound = 483...
[runlim] sample:		69.99 time, 70.01 real, 304 MB, 0.98 load
  SAT ! Makespan = 483
  Schedule is valid with Makespan = 483
  Total time: 71.7110 seconds
------------------------------------------------------------------
[*] Trying with Upper Bound = 482...
  SAT ! Makespan = 482
  Schedule is valid with Makespan = 482
  Total time: 79.0337 seconds
------------------------------------------------------------------
[*] Trying with Upper Bound = 481...
[runlim] sample:		79.98 time, 80.01 real, 306 MB, 0.98 load
  SAT ! Makespan = 481
  Schedule is valid with Makespan = 481
  Total time: 84.4631 seconds
------------------------------------------------------------------
[*] Trying with Upper Bound = 480...
[runlim] sample:		89.98 time, 90.01 real, 305 MB, 0.98 load
[runlim] sample:		99.99 time, 100.01 real, 345 MB, 0.99 load
  SAT ! Makespan = 480
  Schedule is valid with Makespan = 480
  Total time: 105.8694 seconds
------------------------------------------------------------------
[*] Trying with Upper Bound = 479...
[runlim] sample:		109.99 time, 110.01 real, 306 MB, 0.99 load
  SAT ! Makespan = 479
  Schedule is valid with Makespan = 479
  Total time: 112.7308 seconds
------------------------------------------------------------------
[*] Trying with Upper Bound = 478...
  SAT ! Makespan = 478
  Schedule is valid with Makespan = 478
  Total time: 115.2019 seconds
------------------------------------------------------------------
[*] Trying with Upper Bound = 477...
  SAT ! Makespan = 477
  Schedule is valid with Makespan = 477
  Total time: 117.0255 seconds
------------------------------------------------------------------
[*] Trying with Upper Bound = 476...
[runlim] sample:		119.98 time, 120.01 real, 306 MB, 0.99 load
  SAT ! Makespan = 476
  Schedule is valid with Makespan = 476
  Total time: 123.4490 seconds
------------------------------------------------------------------
[*] Trying with Upper Bound = 475...
[runlim] sample:		129.98 time, 130.01 real, 307 MB, 0.99 load
  SAT ! Makespan = 475
  Schedule is valid with Makespan = 475
  Total time: 130.7169 seconds
------------------------------------------------------------------
[*] Trying with Upper Bound = 474...
[runlim] sample:		139.98 time, 140.01 real, 262 MB, 1.00 load
[runlim] sample:		149.98 time, 150.01 real, 263 MB, 1.00 load
[runlim] sample:		159.98 time, 160.01 real, 293 MB, 1.00 load
  SAT ! Makespan = 474
  Schedule is valid with Makespan = 474
  Total time: 160.4050 seconds
------------------------------------------------------------------
[*] Trying with Upper Bound = 473...
[runlim] sample:		169.98 time, 170.01 real, 292 MB, 1.00 load
[runlim] sample:		179.97 time, 180.01 real, 291 MB, 1.00 load
  SAT ! Makespan = 473
  Schedule is valid with Makespan = 473
  Total time: 185.8150 seconds
------------------------------------------------------------------
[*] Trying with Upper Bound = 472...
[runlim] sample:		189.97 time, 190.01 real, 292 MB, 1.00 load
[runlim] sample:		199.97 time, 200.01 real, 296 MB, 1.00 load
[runlim] sample:		209.97 time, 210.01 real, 292 MB, 1.00 load
[runlim] sample:		219.97 time, 220.01 real, 297 MB, 1.00 load
[runlim] sample:		229.97 time, 230.01 real, 299 MB, 1.00 load
[runlim] sample:		239.96 time, 240.01 real, 295 MB, 1.00 load
[runlim] sample:		249.96 time, 250.01 real, 293 MB, 1.00 load
[runlim] sample:		259.95 time, 260.01 real, 294 MB, 1.00 load
[runlim] sample:		269.95 time, 270.01 real, 295 MB, 1.00 load
[runlim] sample:		279.96 time, 280.01 real, 296 MB, 1.00 load
[runlim] sample:		289.95 time, 290.01 real, 298 MB, 1.00 load
[runlim] sample:		299.95 time, 300.01 real, 301 MB, 1.00 load
[runlim] sample:		309.95 time, 310.01 real, 301 MB, 1.00 load
[runlim] sample:		319.95 time, 320.01 real, 303 MB, 1.00 load
  SAT ! Makespan = 472
  Schedule is valid with Makespan = 472
  Total time: 324.9081 seconds
------------------------------------------------------------------
[*] Trying with Upper Bound = 471...
[runlim] sample:		329.96 time, 330.01 real, 304 MB, 1.00 load
[runlim] sample:		339.95 time, 340.01 real, 301 MB, 1.00 load
[runlim] sample:		349.95 time, 350.01 real, 298 MB, 1.00 load
[runlim] sample:		359.95 time, 360.01 real, 303 MB, 1.00 load
[runlim] sample:		369.95 time, 370.01 real, 304 MB, 1.00 load
[runlim] sample:		379.95 time, 380.01 real, 304 MB, 1.00 load
[runlim] sample:		389.95 time, 390.01 real, 300 MB, 1.00 load
[runlim] sample:		399.95 time, 400.01 real, 300 MB, 1.00 load
[runlim] sample:		409.95 time, 410.01 real, 301 MB, 1.00 load
[runlim] sample:		419.95 time, 420.01 real, 301 MB, 1.00 load
[runlim] sample:		429.95 time, 430.01 real, 302 MB, 1.00 load
[runlim] sample:		439.95 time, 440.01 real, 309 MB, 1.00 load
[runlim] sample:		449.94 time, 450.01 real, 308 MB, 1.00 load
[runlim] sample:		459.95 time, 460.01 real, 309 MB, 1.00 load
[runlim] sample:		469.95 time, 470.01 real, 312 MB, 1.00 load
[runlim] sample:		479.94 time, 480.01 real, 315 MB, 1.00 load
[runlim] sample:		489.95 time, 490.01 real, 311 MB, 1.00 load
[runlim] sample:		499.95 time, 500.01 real, 310 MB, 1.00 load
[runlim] sample:		509.94 time, 510.01 real, 309 MB, 1.00 load
[runlim] sample:		519.95 time, 520.01 real, 313 MB, 1.00 load
[runlim] sample:		529.95 time, 530.01 real, 308 MB, 1.00 load
[runlim] sample:		539.95 time, 540.01 real, 303 MB, 1.00 load
[runlim] sample:		549.94 time, 550.01 real, 304 MB, 1.00 load
[runlim] sample:		559.94 time, 560.01 real, 304 MB, 1.00 load
[runlim] sample:		569.95 time, 570.01 real, 305 MB, 1.00 load
[runlim] sample:		579.95 time, 580.01 real, 305 MB, 1.00 load
[runlim] sample:		589.94 time, 590.01 real, 306 MB, 1.00 load
[runlim] sample:		599.94 time, 600.01 real, 306 MB, 1.00 load
[runlim] sample:		609.94 time, 610.01 real, 306 MB, 1.00 load
[runlim] sample:		619.94 time, 620.01 real, 306 MB, 1.00 load
[runlim] sample:		629.94 time, 630.01 real, 307 MB, 1.00 load
[runlim] sample:		639.93 time, 640.01 real, 307 MB, 1.00 load
[runlim] sample:		649.93 time, 650.01 real, 307 MB, 1.00 load
[runlim] sample:		659.94 time, 660.01 real, 307 MB, 1.00 load
[runlim] sample:		669.94 time, 670.01 real, 307 MB, 1.72 load
[runlim] sample:		679.93 time, 680.01 real, 308 MB, 1.61 load
[runlim] sample:		689.93 time, 690.01 real, 308 MB, 1.52 load
[runlim] sample:		699.93 time, 700.01 real, 308 MB, 1.44 load
[runlim] sample:		709.93 time, 710.01 real, 308 MB, 1.37 load
[runlim] sample:		719.94 time, 720.01 real, 308 MB, 1.31 load
[runlim] sample:		729.93 time, 730.01 real, 308 MB, 1.26 load
[runlim] sample:		739.93 time, 740.01 real, 309 MB, 1.22 load
[runlim] sample:		749.93 time, 750.01 real, 309 MB, 1.19 load
[runlim] sample:		759.93 time, 760.01 real, 309 MB, 1.16 load
[runlim] sample:		769.93 time, 770.01 real, 309 MB, 1.13 load
[runlim] sample:		779.93 time, 780.01 real, 309 MB, 1.11 load
[runlim] sample:		789.93 time, 790.01 real, 315 MB, 1.10 load
[runlim] sample:		799.93 time, 800.01 real, 318 MB, 1.08 load
[runlim] sample:		809.93 time, 810.01 real, 318 MB, 1.07 load
[runlim] sample:		819.92 time, 820.01 real, 319 MB, 1.06 load
[runlim] sample:		829.93 time, 830.01 real, 317 MB, 1.05 load
  SAT ! Makespan = 471
  Schedule is valid with Makespan = 471
  Total time: 839.7492 seconds
------------------------------------------------------------------
[*] Trying with Upper Bound = 470...
[runlim] sample:		839.92 time, 840.01 real, 317 MB, 1.04 load
[runlim] sample:		849.92 time, 850.01 real, 319 MB, 1.03 load
[runlim] sample:		859.92 time, 860.01 real, 313 MB, 1.03 load
[runlim] sample:		869.93 time, 870.01 real, 310 MB, 1.02 load
[runlim] sample:		879.93 time, 880.01 real, 310 MB, 1.02 load
[runlim] sample:		889.92 time, 890.01 real, 317 MB, 1.02 load
[runlim] sample:		899.92 time, 900.01 real, 333 MB, 1.01 load
[runlim] sample:		909.92 time, 910.01 real, 333 MB, 1.01 load
[runlim] sample:		919.92 time, 920.01 real, 328 MB, 1.09 load
[runlim] sample:		929.92 time, 930.01 real, 328 MB, 1.07 load
[runlim] sample:		939.92 time, 940.01 real, 329 MB, 1.06 load
[runlim] sample:		949.92 time, 950.01 real, 329 MB, 1.05 load
[runlim] sample:		959.92 time, 960.01 real, 330 MB, 1.04 load
[runlim] sample:		969.92 time, 970.01 real, 335 MB, 1.04 load
[runlim] sample:		979.92 time, 980.01 real, 335 MB, 1.03 load
[runlim] sample:		989.92 time, 990.01 real, 338 MB, 1.03 load
[runlim] sample:		999.92 time, 1000.01 real, 339 MB, 1.02 load
  SAT ! Makespan = 470
  Schedule is valid with Makespan = 470
  Total time: 1003.4144 seconds
------------------------------------------------------------------
[*] Trying with Upper Bound = 469...
[runlim] sample:		1009.92 time, 1010.01 real, 339 MB, 1.02 load
[runlim] sample:		1019.92 time, 1020.01 real, 337 MB, 1.02 load
[runlim] sample:		1029.92 time, 1030.01 real, 333 MB, 1.01 load
[runlim] sample:		1039.92 time, 1040.01 real, 335 MB, 1.01 load
[runlim] sample:		1049.92 time, 1050.01 real, 341 MB, 1.01 load
[runlim] sample:		1059.92 time, 1060.01 real, 342 MB, 1.01 load
[runlim] sample:		1069.74 time, 1070.01 real, 342 MB, 1.09 load
[runlim] sample:		1079.61 time, 1080.01 real, 332 MB, 1.15 load
[runlim] sample:		1089.61 time, 1090.01 real, 332 MB, 1.12 load
[runlim] sample:		1099.60 time, 1100.01 real, 332 MB, 1.10 load
[runlim] sample:		1109.60 time, 1110.01 real, 333 MB, 1.09 load
[runlim] sample:		1119.60 time, 1120.01 real, 333 MB, 1.07 load
[runlim] sample:		1129.60 time, 1130.01 real, 334 MB, 1.06 load
[runlim] sample:		1139.59 time, 1140.01 real, 341 MB, 1.05 load
[runlim] sample:		1149.59 time, 1150.01 real, 341 MB, 1.04 load
[runlim] sample:		1159.59 time, 1160.01 real, 345 MB, 1.04 load
[runlim] sample:		1169.60 time, 1170.01 real, 345 MB, 1.03 load
[runlim] sample:		1179.60 time, 1180.01 real, 345 MB, 1.02 load
[runlim] sample:		1189.59 time, 1190.01 real, 351 MB, 1.02 load
[runlim] sample:		1199.59 time, 1200.01 real, 351 MB, 1.02 load
[runlim] sample:		1209.60 time, 1210.01 real, 346 MB, 1.01 load
[runlim] sample:		1219.60 time, 1220.01 real, 346 MB, 1.01 load
[runlim] sample:		1229.59 time, 1230.01 real, 348 MB, 1.01 load
[runlim] sample:		1239.59 time, 1240.01 real, 342 MB, 1.01 load
[runlim] sample:		1249.59 time, 1250.01 real, 342 MB, 1.01 load
[runlim] sample:		1259.58 time, 1260.01 real, 343 MB, 1.00 load
[runlim] sample:		1269.58 time, 1270.01 real, 336 MB, 1.00 load
[runlim] sample:		1279.58 time, 1280.01 real, 336 MB, 1.00 load
[runlim] sample:		1289.58 time, 1290.01 real, 337 MB, 1.00 load
[runlim] sample:		1299.59 time, 1300.01 real, 337 MB, 1.72 load
[runlim] sample:		1309.58 time, 1310.01 real, 338 MB, 1.61 load
[runlim] sample:		1319.58 time, 1320.01 real, 338 MB, 1.52 load
[runlim] sample:		1329.58 time, 1330.01 real, 338 MB, 1.44 load
[runlim] sample:		1339.59 time, 1340.01 real, 338 MB, 1.37 load
[runlim] sample:		1349.59 time, 1350.01 real, 338 MB, 1.31 load
[runlim] sample:		1359.58 time, 1360.01 real, 338 MB, 1.48 load
[runlim] sample:		1369.58 time, 1370.01 real, 339 MB, 1.41 load
[runlim] sample:		1379.58 time, 1380.01 real, 339 MB, 1.35 load
[runlim] sample:		1389.58 time, 1390.01 real, 339 MB, 1.29 load
[runlim] sample:		1399.57 time, 1400.01 real, 339 MB, 1.25 load
[runlim] sample:		1409.57 time, 1410.01 real, 339 MB, 1.21 load
[runlim] sample:		1419.58 time, 1420.01 real, 340 MB, 1.18 load
[runlim] sample:		1429.58 time, 1430.01 real, 340 MB, 1.15 load
[runlim] sample:		1439.58 time, 1440.01 real, 340 MB, 1.12 load
[runlim] sample:		1449.58 time, 1450.01 real, 340 MB, 1.10 load
[runlim] sample:		1459.58 time, 1460.01 real, 340 MB, 1.09 load
[runlim] sample:		1469.58 time, 1470.01 real, 341 MB, 1.07 load
[runlim] sample:		1479.57 time, 1480.01 real, 341 MB, 1.06 load
[runlim] sample:		1489.58 time, 1490.01 real, 341 MB, 1.05 load
[runlim] sample:		1499.58 time, 1500.01 real, 342 MB, 1.04 load
[runlim] sample:		1509.58 time, 1510.01 real, 342 MB, 1.04 load
[runlim] sample:		1519.58 time, 1520.01 real, 342 MB, 1.03 load
[runlim] sample:		1529.57 time, 1530.01 real, 342 MB, 1.03 load
[runlim] sample:		1539.57 time, 1540.01 real, 342 MB, 1.02 load
[runlim] sample:		1549.57 time, 1550.01 real, 344 MB, 1.02 load
[runlim] sample:		1559.57 time, 1560.01 real, 344 MB, 1.09 load
[runlim] sample:		1569.57 time, 1570.01 real, 355 MB, 1.07 load
[runlim] sample:		1579.57 time, 1580.01 real, 355 MB, 1.06 load
[runlim] sample:		1589.57 time, 1590.01 real, 358 MB, 1.05 load
[runlim] sample:		1599.57 time, 1600.01 real, 358 MB, 1.04 load
[runlim] sample:		1609.57 time, 1610.01 real, 353 MB, 1.04 load
[runlim] sample:		1619.57 time, 1620.01 real, 353 MB, 1.03 load
[runlim] sample:		1629.56 time, 1630.01 real, 438 MB, 1.03 load
[runlim] sample:		1639.57 time, 1640.01 real, 361 MB, 1.02 load
[runlim] sample:		1649.57 time, 1650.01 real, 361 MB, 1.02 load
[runlim] sample:		1659.56 time, 1660.01 real, 375 MB, 1.01 load
[runlim] sample:		1669.56 time, 1670.01 real, 370 MB, 1.01 load
[runlim] sample:		1679.56 time, 1680.01 real, 370 MB, 1.08 load
[runlim] sample:		1689.57 time, 1690.01 real, 371 MB, 1.14 load
[runlim] sample:		1699.56 time, 1700.01 real, 371 MB, 1.12 load
[runlim] sample:		1709.56 time, 1710.01 real, 369 MB, 1.10 load
[runlim] sample:		1719.56 time, 1720.01 real, 369 MB, 1.09 load
[runlim] sample:		1729.56 time, 1730.01 real, 369 MB, 1.07 load
[runlim] sample:		1739.56 time, 1740.01 real, 365 MB, 1.06 load
[runlim] sample:		1749.56 time, 1750.01 real, 365 MB, 1.05 load
[runlim] sample:		1759.56 time, 1760.01 real, 363 MB, 1.04 load
[runlim] sample:		1769.56 time, 1770.01 real, 363 MB, 1.04 load
[runlim] sample:		1779.56 time, 1780.01 real, 363 MB, 1.03 load
[runlim] sample:		1789.56 time, 1790.01 real, 363 MB, 1.02 load
[runlim] sample:		1799.55 time, 1800.01 real, 363 MB, 1.02 load
[runlim] sample:		1809.55 time, 1810.01 real, 363 MB, 1.02 load
[runlim] sample:		1819.55 time, 1820.01 real, 364 MB, 1.01 load
[runlim] sample:		1829.56 time, 1830.01 real, 364 MB, 1.01 load
[runlim] sample:		1839.55 time, 1840.01 real, 365 MB, 1.01 load
[runlim] sample:		1849.55 time, 1850.01 real, 365 MB, 1.01 load
[runlim] sample:		1859.55 time, 1860.01 real, 365 MB, 1.01 load
[runlim] sample:		1869.55 time, 1870.01 real, 365 MB, 1.00 load
[runlim] sample:		1879.55 time, 1880.01 real, 365 MB, 1.00 load
[runlim] sample:		1889.55 time, 1890.01 real, 364 MB, 1.00 load
[runlim] sample:		1899.54 time, 1900.01 real, 374 MB, 1.00 load
[runlim] sample:		1909.54 time, 1910.01 real, 374 MB, 1.00 load
[runlim] sample:		1919.55 time, 1920.01 real, 374 MB, 1.00 load
[runlim] sample:		1929.55 time, 1930.01 real, 375 MB, 1.66 load
[runlim] sample:		1939.54 time, 1940.01 real, 375 MB, 1.56 load
[runlim] sample:		1949.54 time, 1950.01 real, 364 MB, 1.47 load
[runlim] sample:		1959.54 time, 1960.01 real, 364 MB, 1.40 load
[runlim] sample:		1969.54 time, 1970.01 real, 359 MB, 1.34 load
[runlim] sample:		1979.54 time, 1980.01 real, 359 MB, 1.29 load
[runlim] sample:		1989.54 time, 1990.01 real, 359 MB, 1.24 load
[runlim] sample:		1999.55 time, 2000.01 real, 362 MB, 1.20 load
[runlim] sample:		2009.55 time, 2010.01 real, 362 MB, 1.17 load
[runlim] sample:		2019.54 time, 2020.01 real, 358 MB, 1.15 load
[runlim] sample:		2029.54 time, 2030.01 real, 358 MB, 1.12 load
[runlim] sample:		2039.54 time, 2040.01 real, 358 MB, 1.10 load
[runlim] sample:		2049.54 time, 2050.01 real, 346 MB, 1.17 load
[runlim] sample:		2059.54 time, 2060.01 real, 346 MB, 1.14 load
[runlim] sample:		2069.54 time, 2070.01 real, 346 MB, 1.12 load
[runlim] sample:		2079.54 time, 2080.01 real, 347 MB, 1.10 load
[runlim] sample:		2089.54 time, 2090.01 real, 347 MB, 1.08 load
[runlim] sample:		2099.53 time, 2100.01 real, 347 MB, 1.07 load
[runlim] sample:		2109.53 time, 2110.01 real, 347 MB, 1.06 load
[runlim] sample:		2119.52 time, 2120.01 real, 348 MB, 1.05 load
[runlim] sample:		2129.52 time, 2130.01 real, 348 MB, 1.04 load
[runlim] sample:		2139.52 time, 2140.01 real, 348 MB, 1.04 load
[runlim] sample:		2149.52 time, 2150.01 real, 351 MB, 1.03 load
[runlim] sample:		2159.52 time, 2160.01 real, 351 MB, 1.02 load
[runlim] sample:		2169.53 time, 2170.01 real, 351 MB, 1.02 load
[runlim] sample:		2179.52 time, 2180.01 real, 351 MB, 1.02 load
[runlim] sample:		2189.53 time, 2190.01 real, 352 MB, 1.01 load
[runlim] sample:		2199.53 time, 2200.01 real, 352 MB, 1.01 load
[runlim] sample:		2209.53 time, 2210.01 real, 352 MB, 1.01 load
[runlim] sample:		2219.52 time, 2220.01 real, 352 MB, 1.01 load
[runlim] sample:		2229.52 time, 2230.01 real, 352 MB, 1.01 load
[runlim] sample:		2239.52 time, 2240.01 real, 352 MB, 1.00 load
[runlim] sample:		2249.52 time, 2250.01 real, 352 MB, 1.00 load
[runlim] sample:		2259.52 time, 2260.01 real, 353 MB, 1.00 load
[runlim] sample:		2269.52 time, 2270.01 real, 353 MB, 1.00 load
[runlim] sample:		2279.52 time, 2280.01 real, 353 MB, 1.00 load
[runlim] sample:		2289.52 time, 2290.01 real, 353 MB, 1.00 load
[runlim] sample:		2299.51 time, 2300.01 real, 356 MB, 1.08 load
[runlim] sample:		2309.51 time, 2310.01 real, 356 MB, 1.07 load
[runlim] sample:		2319.51 time, 2320.01 real, 356 MB, 1.06 load
[runlim] sample:		2329.51 time, 2330.01 real, 356 MB, 1.05 load
[runlim] sample:		2339.51 time, 2340.01 real, 356 MB, 1.04 load
[runlim] sample:		2349.51 time, 2350.01 real, 356 MB, 1.03 load
[runlim] sample:		2359.52 time, 2360.01 real, 356 MB, 1.03 load
[runlim] sample:		2369.52 time, 2370.01 real, 356 MB, 1.02 load
[runlim] sample:		2379.51 time, 2380.01 real, 357 MB, 1.02 load
[runlim] sample:		2389.51 time, 2390.01 real, 357 MB, 1.02 load
[runlim] sample:		2399.51 time, 2400.01 real, 357 MB, 1.01 load
[runlim] sample:		2409.51 time, 2410.01 real, 357 MB, 1.01 load
[runlim] sample:		2419.51 time, 2420.01 real, 357 MB, 1.01 load
[runlim] sample:		2429.51 time, 2430.01 real, 357 MB, 1.01 load
[runlim] sample:		2439.51 time, 2440.01 real, 357 MB, 1.09 load
[runlim] sample:		2449.51 time, 2450.01 real, 357 MB, 1.07 load
[runlim] sample:		2459.50 time, 2460.01 real, 358 MB, 1.06 load
[runlim] sample:		2469.50 time, 2470.01 real, 358 MB, 1.05 load
[runlim] sample:		2479.50 time, 2480.01 real, 358 MB, 1.04 load
[runlim] sample:		2489.50 time, 2490.01 real, 358 MB, 1.04 load
[runlim] sample:		2499.50 time, 2500.01 real, 358 MB, 1.03 load
[runlim] sample:		2509.50 time, 2510.01 real, 358 MB, 1.02 load
[runlim] sample:		2519.50 time, 2520.01 real, 358 MB, 1.02 load
[runlim] sample:		2529.50 time, 2530.01 real, 358 MB, 1.02 load
[runlim] sample:		2539.49 time, 2540.01 real, 358 MB, 1.01 load
[runlim] sample:		2549.49 time, 2550.01 real, 359 MB, 1.01 load
[runlim] sample:		2559.49 time, 2560.01 real, 359 MB, 1.08 load
[runlim] sample:		2569.49 time, 2570.01 real, 359 MB, 1.07 load
[runlim] sample:		2579.49 time, 2580.01 real, 359 MB, 1.06 load
[runlim] sample:		2589.49 time, 2590.01 real, 359 MB, 1.05 load
[runlim] sample:		2599.49 time, 2600.01 real, 359 MB, 1.04 load
[runlim] sample:		2609.49 time, 2610.01 real, 359 MB, 1.03 load
[runlim] sample:		2619.49 time, 2620.01 real, 360 MB, 1.03 load
[runlim] sample:		2629.48 time, 2630.01 real, 360 MB, 1.02 load
[runlim] sample:		2639.49 time, 2640.01 real, 360 MB, 1.02 load
[runlim] sample:		2649.49 time, 2650.01 real, 360 MB, 1.02 load
[runlim] sample:		2659.49 time, 2660.01 real, 360 MB, 1.01 load
[runlim] sample:		2669.49 time, 2670.01 real, 360 MB, 1.09 load
[runlim] sample:		2679.48 time, 2680.01 real, 360 MB, 1.08 load
[runlim] sample:		2689.48 time, 2690.01 real, 360 MB, 1.06 load
[runlim] sample:		2699.49 time, 2700.01 real, 360 MB, 1.05 load
[runlim] sample:		2709.49 time, 2710.01 real, 360 MB, 1.05 load
[runlim] sample:		2719.49 time, 2720.01 real, 360 MB, 1.04 load
[runlim] sample:		2729.49 time, 2730.01 real, 360 MB, 1.03 load
[runlim] sample:		2739.49 time, 2740.01 real, 360 MB, 1.03 load
[runlim] sample:		2749.48 time, 2750.01 real, 360 MB, 1.02 load
[runlim] sample:		2759.48 time, 2760.01 real, 360 MB, 1.02 load
[runlim] sample:		2769.48 time, 2770.01 real, 360 MB, 1.02 load
[runlim] sample:		2779.48 time, 2780.01 real, 360 MB, 1.01 load
[runlim] sample:		2789.48 time, 2790.01 real, 360 MB, 1.01 load
[runlim] sample:		2799.48 time, 2800.01 real, 361 MB, 1.01 load
[runlim] sample:		2809.48 time, 2810.01 real, 364 MB, 1.01 load
[runlim] sample:		2819.47 time, 2820.01 real, 364 MB, 1.00 load
[runlim] sample:		2829.48 time, 2830.01 real, 364 MB, 1.00 load
[runlim] sample:		2839.48 time, 2840.01 real, 364 MB, 1.00 load
[runlim] sample:		2849.48 time, 2850.01 real, 364 MB, 1.00 load
[runlim] sample:		2859.48 time, 2860.01 real, 364 MB, 1.00 load
[runlim] sample:		2869.48 time, 2870.01 real, 364 MB, 1.00 load
[runlim] sample:		2879.48 time, 2880.01 real, 364 MB, 1.00 load
[runlim] sample:		2889.47 time, 2890.01 real, 445 MB, 1.00 load
[runlim] sample:		2899.47 time, 2900.01 real, 364 MB, 1.00 load
[runlim] sample:		2909.47 time, 2910.01 real, 364 MB, 1.00 load
[runlim] sample:		2919.47 time, 2920.01 real, 364 MB, 1.00 load
[runlim] sample:		2929.47 time, 2930.01 real, 364 MB, 1.07 load
[runlim] sample:		2939.46 time, 2940.01 real, 365 MB, 1.06 load
[runlim] sample:		2949.46 time, 2950.01 real, 365 MB, 1.05 load
[runlim] sample:		2959.46 time, 2960.01 real, 365 MB, 1.04 load
[runlim] sample:		2969.46 time, 2970.01 real, 365 MB, 1.04 load
[runlim] sample:		2979.46 time, 2980.01 real, 365 MB, 1.03 load
[runlim] sample:		2989.47 time, 2990.01 real, 365 MB, 1.02 load
[runlim] sample:		2999.47 time, 3000.01 real, 365 MB, 1.10 load
[runlim] sample:		3009.46 time, 3010.01 real, 371 MB, 1.08 load
[runlim] sample:		3019.46 time, 3020.01 real, 371 MB, 1.07 load
[runlim] sample:		3029.21 time, 3030.01 real, 371 MB, 1.14 load
[runlim] sample:		3039.09 time, 3040.01 real, 372 MB, 1.42 load
[runlim] sample:		3049.09 time, 3050.01 real, 372 MB, 1.36 load
[runlim] sample:		3059.09 time, 3060.01 real, 372 MB, 1.37 load
[runlim] sample:		3069.09 time, 3070.01 real, 372 MB, 1.39 load
[runlim] sample:		3079.08 time, 3080.01 real, 372 MB, 1.48 load
[runlim] sample:		3089.08 time, 3090.01 real, 372 MB, 1.40 load
[runlim] sample:		3099.08 time, 3100.01 real, 372 MB, 1.34 load
[runlim] sample:		3109.07 time, 3110.01 real, 372 MB, 1.29 load
[runlim] sample:		3119.07 time, 3120.01 real, 372 MB, 1.24 load
[runlim] sample:		3129.07 time, 3130.01 real, 373 MB, 1.21 load
[runlim] sample:		3139.07 time, 3140.01 real, 373 MB, 1.17 load
[runlim] sample:		3149.07 time, 3150.01 real, 373 MB, 1.15 load
[runlim] sample:		3159.07 time, 3160.01 real, 373 MB, 1.12 load
[runlim] sample:		3169.07 time, 3170.01 real, 373 MB, 1.10 load
[runlim] sample:		3179.07 time, 3180.01 real, 373 MB, 1.09 load
[runlim] sample:		3189.07 time, 3190.01 real, 373 MB, 1.07 load
[runlim] sample:		3199.06 time, 3200.01 real, 373 MB, 1.06 load
[runlim] sample:		3209.06 time, 3210.01 real, 374 MB, 1.05 load
[runlim] sample:		3219.06 time, 3220.01 real, 374 MB, 1.04 load
[runlim] sample:		3229.06 time, 3230.01 real, 375 MB, 1.04 load
[runlim] sample:		3239.06 time, 3240.01 real, 375 MB, 1.03 load
[runlim] sample:		3249.05 time, 3250.01 real, 375 MB, 1.43 load
[runlim] sample:		3259.05 time, 3260.01 real, 375 MB, 1.36 load
[runlim] sample:		3269.05 time, 3270.01 real, 375 MB, 1.30 load
[runlim] sample:		3279.04 time, 3280.01 real, 375 MB, 1.26 load
[runlim] sample:		3289.03 time, 3290.01 real, 375 MB, 1.22 load
[runlim] sample:		3299.03 time, 3300.01 real, 375 MB, 1.26 load
[runlim] sample:		3309.03 time, 3310.01 real, 375 MB, 1.22 load
[runlim] sample:		3319.03 time, 3320.01 real, 375 MB, 1.19 load
[runlim] sample:		3329.03 time, 3330.01 real, 376 MB, 1.16 load
[runlim] sample:		3339.03 time, 3340.01 real, 376 MB, 1.13 load
[runlim] sample:		3349.02 time, 3350.01 real, 376 MB, 1.11 load
[runlim] sample:		3359.01 time, 3360.01 real, 376 MB, 1.10 load
[runlim] sample:		3369.00 time, 3370.01 real, 376 MB, 1.08 load
[runlim] sample:		3379.00 time, 3380.01 real, 376 MB, 1.07 load
[runlim] sample:		3389.00 time, 3390.01 real, 376 MB, 1.06 load
[runlim] sample:		3398.99 time, 3400.01 real, 376 MB, 1.05 load
[runlim] sample:		3408.99 time, 3410.01 real, 376 MB, 1.04 load
[runlim] sample:		3418.99 time, 3420.01 real, 382 MB, 1.03 load
[runlim] sample:		3428.99 time, 3430.01 real, 382 MB, 1.18 load
[runlim] sample:		3438.99 time, 3440.01 real, 382 MB, 1.15 load
[runlim] sample:		3448.98 time, 3450.01 real, 382 MB, 1.13 load
[runlim] sample:		3458.98 time, 3460.01 real, 382 MB, 1.11 load
[runlim] sample:		3468.98 time, 3470.01 real, 382 MB, 1.09 load
[runlim] sample:		3478.98 time, 3480.01 real, 382 MB, 1.08 load
[runlim] sample:		3488.99 time, 3490.01 real, 383 MB, 1.06 load
[runlim] sample:		3498.98 time, 3500.01 real, 383 MB, 1.05 load
[runlim] sample:		3508.98 time, 3510.01 real, 383 MB, 1.05 load
[runlim] sample:		3518.98 time, 3520.01 real, 383 MB, 1.04 load
[runlim] sample:		3528.98 time, 3530.01 real, 383 MB, 1.11 load
[runlim] sample:		3538.97 time, 3540.01 real, 383 MB, 1.09 load
[runlim] sample:		3548.97 time, 3550.01 real, 383 MB, 1.16 load
[runlim] sample:		3558.97 time, 3560.01 real, 383 MB, 1.13 load
[runlim] sample:		3568.97 time, 3570.01 real, 383 MB, 1.11 load
[runlim] sample:		3578.97 time, 3580.01 real, 383 MB, 1.09 load
[runlim] sample:		3588.97 time, 3590.01 real, 383 MB, 1.08 load
[runlim] sample:		3598.97 time, 3600.01 real, 383 MB, 1.07 load
[runlim] end:			Wed Aug 26 08:39:01 2026
[runlim] status:		out of time
[runlim] result:		2
[runlim] children:		1
[runlim] processes:		2
[runlim] real:			3601.04 seconds
[runlim] time:			3598.97 seconds
[runlim] space:			500 MB
[runlim] load:			1.72 maximum
[runlim] samples:		36000
