[runlim] version:		2.0.0rc12
[runlim] host:			fjssp-instance
[runlim] time limit:		311040000 seconds
[runlim] real time limit:	3600 seconds
[runlim] space limit:		8000 MB
[runlim] argv[0]:		python3
[runlim] argv[1]:		-u
[runlim] argv[2]:		main.py
[runlim] argv[3]:		--input
[runlim] argv[4]:		datasets/brandimarte/MK04
[runlim] argv[5]:		--sb
[runlim] argv[6]:		--factories
[runlim] argv[7]:		3
[runlim] argv[8]:		--full_transitive
[runlim] start:			Sun Sep  6 16:02:07 2026
[runlim] child:			6500
[*] Loading data from file: datasets/brandimarte/MK04
[*] Running D-FJSSP SAT Solver with 3 factories, Symmetry Breaking = ON, Transitive E* = FULL
===========================================================================
 D-FJSSP SAT SOLVER - PARALLEL FACTORIES SCHEDULING
===========================================================================
  -> Operations: 90 | Jobs: 15 | Machines: 8 | Factories: 3

[*] Running Greedy Heuristic...
  -> Greedy Solution: Makespan = 46 (0.0002s)

[*] Initializing and solving the SAT model...
------------------------------------------------------------------
[*] Trying with Upper Bound = 46...
  SAT ! Makespan = 46
  Schedule is valid with Makespan = 46
  Total time: 0.0786 seconds
------------------------------------------------------------------
[*] Trying with Upper Bound = 45...
  SAT ! Makespan = 45
  Schedule is valid with Makespan = 45
  Total time: 0.0808 seconds
------------------------------------------------------------------
[*] Trying with Upper Bound = 44...
  SAT ! Makespan = 44
  Schedule is valid with Makespan = 44
  Total time: 0.0824 seconds
------------------------------------------------------------------
[*] Trying with Upper Bound = 43...
  SAT ! Makespan = 43
  Schedule is valid with Makespan = 43
  Total time: 0.0840 seconds
------------------------------------------------------------------
[*] Trying with Upper Bound = 42...
  SAT ! Makespan = 42
  Schedule is valid with Makespan = 42
  Total time: 0.0854 seconds
------------------------------------------------------------------
[*] Trying with Upper Bound = 41...
  SAT ! Makespan = 41
  Schedule is valid with Makespan = 41
  Total time: 0.0872 seconds
------------------------------------------------------------------
[*] Trying with Upper Bound = 40...
  SAT ! Makespan = 40
  Schedule is valid with Makespan = 40
  Total time: 0.0904 seconds
------------------------------------------------------------------
[*] Trying with Upper Bound = 39...
  SAT ! Makespan = 39
  Schedule is valid with Makespan = 39
  Total time: 0.0925 seconds
------------------------------------------------------------------
[*] Trying with Upper Bound = 38...
  SAT ! Makespan = 38
  Schedule is valid with Makespan = 38
  Total time: 0.0998 seconds
------------------------------------------------------------------
[*] Trying with Upper Bound = 37...
  SAT ! Makespan = 37
  Schedule is valid with Makespan = 37
  Total time: 0.1019 seconds
------------------------------------------------------------------
[*] Trying with Upper Bound = 36...
  SAT ! Makespan = 36
  Schedule is valid with Makespan = 36
  Total time: 0.1122 seconds
------------------------------------------------------------------
[*] Trying with Upper Bound = 35...
  SAT ! Makespan = 35
  Schedule is valid with Makespan = 35
  Total time: 0.1155 seconds
------------------------------------------------------------------
[*] Trying with Upper Bound = 34...
   UNSAT

 Optimal Makespan = 35

 Summary:
  - Optimal Makespan   : 35
  - Greedy Time        : 0.0002s
  - SAT Time           : 0.1158s
  - Total Time         : 0.1165s
  - Schedule Status    : VALID
===========================================================================
[runlim] end:			Sun Sep  6 16:02:07 2026
[runlim] status:		ok
[runlim] result:		0
[runlim] children:		1
[runlim] processes:		2
[runlim] real:			0.15 seconds
[runlim] time:			0.10 seconds
[runlim] space:			34 MB
[runlim] load:			0.09 maximum
[runlim] samples:		2
