[runlim] version:		2.0.0rc12
[runlim] host:			fjssp-instance
[runlim] time limit:		311040000 seconds
[runlim] real time limit:	3600 seconds
[runlim] space limit:		8000 MB
[runlim] argv[0]:		python3
[runlim] argv[1]:		-u
[runlim] argv[2]:		main.py
[runlim] argv[3]:		--input
[runlim] argv[4]:		datasets/brandimarte/MK06
[runlim] argv[5]:		--sb
[runlim] argv[6]:		--factories
[runlim] argv[7]:		3
[runlim] argv[8]:		--full_transitive
[runlim] start:			Sun Sep  6 16:02:17 2026
[runlim] child:			6555
[*] Loading data from file: datasets/brandimarte/MK06
[*] Running D-FJSSP SAT Solver with 3 factories, Symmetry Breaking = ON, Transitive E* = FULL
===========================================================================
 D-FJSSP SAT SOLVER - PARALLEL FACTORIES SCHEDULING
===========================================================================
  -> Operations: 150 | Jobs: 10 | Machines: 15 | Factories: 3

[*] Running Greedy Heuristic...
  -> Greedy Solution: Makespan = 51 (0.0004s)

[*] Initializing and solving the SAT model...
------------------------------------------------------------------
[*] Trying with Upper Bound = 51...
  SAT ! Makespan = 51
  Schedule is valid with Makespan = 51
  Total time: 0.3259 seconds
------------------------------------------------------------------
[*] Trying with Upper Bound = 50...
  SAT ! Makespan = 50
  Schedule is valid with Makespan = 50
  Total time: 0.3418 seconds
------------------------------------------------------------------
[*] Trying with Upper Bound = 49...
  SAT ! Makespan = 49
  Schedule is valid with Makespan = 49
  Total time: 0.3584 seconds
------------------------------------------------------------------
[*] Trying with Upper Bound = 48...
  SAT ! Makespan = 48
  Schedule is valid with Makespan = 48
  Total time: 0.3624 seconds
------------------------------------------------------------------
[*] Trying with Upper Bound = 47...
  SAT ! Makespan = 47
  Schedule is valid with Makespan = 47
  Total time: 0.3650 seconds
------------------------------------------------------------------
[*] Trying with Upper Bound = 46...
  SAT ! Makespan = 46
  Schedule is valid with Makespan = 46
  Total time: 0.3707 seconds
------------------------------------------------------------------
[*] Trying with Upper Bound = 45...
  SAT ! Makespan = 45
  Schedule is valid with Makespan = 45
  Total time: 0.4193 seconds
------------------------------------------------------------------
[*] Trying with Upper Bound = 44...
  SAT ! Makespan = 44
  Schedule is valid with Makespan = 44
  Total time: 0.4230 seconds
------------------------------------------------------------------
[*] Trying with Upper Bound = 43...
  SAT ! Makespan = 43
  Schedule is valid with Makespan = 43
  Total time: 0.4366 seconds
------------------------------------------------------------------
[*] Trying with Upper Bound = 42...
  SAT ! Makespan = 42
  Schedule is valid with Makespan = 42
  Total time: 0.5512 seconds
------------------------------------------------------------------
[*] Trying with Upper Bound = 41...
  SAT ! Makespan = 41
  Schedule is valid with Makespan = 41
  Total time: 0.6349 seconds
------------------------------------------------------------------
[*] Trying with Upper Bound = 40...
  SAT ! Makespan = 40
  Schedule is valid with Makespan = 40
  Total time: 1.1276 seconds
------------------------------------------------------------------
[*] Trying with Upper Bound = 39...
  SAT ! Makespan = 39
  Schedule is valid with Makespan = 39
  Total time: 1.1530 seconds
------------------------------------------------------------------
[*] Trying with Upper Bound = 38...
   UNSAT

 Optimal Makespan = 39

 Summary:
  - Optimal Makespan   : 39
  - Greedy Time        : 0.0004s
  - SAT Time           : 1.1644s
  - Total Time         : 1.1656s
  - Schedule Status    : VALID
===========================================================================
[runlim] end:			Sun Sep  6 16:02:18 2026
[runlim] status:		ok
[runlim] result:		0
[runlim] children:		1
[runlim] processes:		2
[runlim] real:			1.20 seconds
[runlim] time:			1.10 seconds
[runlim] space:			87 MB
[runlim] load:			0.23 maximum
[runlim] samples:		12
