[runlim] version:		2.0.0rc12
[runlim] host:			fjssp-instance
[runlim] time limit:		311040000 seconds
[runlim] real time limit:	3600 seconds
[runlim] space limit:		8000 MB
[runlim] argv[0]:		python3
[runlim] argv[1]:		-u
[runlim] argv[2]:		main.py
[runlim] argv[3]:		--input
[runlim] argv[4]:		datasets/brandimarte/MK07
[runlim] argv[5]:		--sb
[runlim] argv[6]:		--factories
[runlim] argv[7]:		3
[runlim] argv[8]:		--full_transitive
[runlim] start:			Sun Sep  6 16:02:18 2026
[runlim] child:			6558
[*] Loading data from file: datasets/brandimarte/MK07
[*] Running D-FJSSP SAT Solver with 3 factories, Symmetry Breaking = ON, Transitive E* = FULL
===========================================================================
 D-FJSSP SAT SOLVER - PARALLEL FACTORIES SCHEDULING
===========================================================================
  -> Operations: 100 | Jobs: 20 | Machines: 5 | Factories: 3

[*] Running Greedy Heuristic...
  -> Greedy Solution: Makespan = 76 (0.0004s)

[*] Initializing and solving the SAT model...
------------------------------------------------------------------
[*] Trying with Upper Bound = 76...
  SAT ! Makespan = 76
  Schedule is valid with Makespan = 76
  Total time: 0.4532 seconds
------------------------------------------------------------------
[*] Trying with Upper Bound = 75...
  SAT ! Makespan = 75
  Schedule is valid with Makespan = 75
  Total time: 0.4783 seconds
------------------------------------------------------------------
[*] Trying with Upper Bound = 74...
  SAT ! Makespan = 74
  Schedule is valid with Makespan = 74
  Total time: 0.4828 seconds
------------------------------------------------------------------
[*] Trying with Upper Bound = 73...
  SAT ! Makespan = 73
  Schedule is valid with Makespan = 73
  Total time: 0.4870 seconds
------------------------------------------------------------------
[*] Trying with Upper Bound = 72...
  SAT ! Makespan = 72
  Schedule is valid with Makespan = 72
  Total time: 0.5011 seconds
------------------------------------------------------------------
[*] Trying with Upper Bound = 71...
  SAT ! Makespan = 71
  Schedule is valid with Makespan = 71
  Total time: 0.5060 seconds
------------------------------------------------------------------
[*] Trying with Upper Bound = 70...
  SAT ! Makespan = 70
  Schedule is valid with Makespan = 70
  Total time: 0.5102 seconds
------------------------------------------------------------------
[*] Trying with Upper Bound = 69...
  SAT ! Makespan = 69
  Schedule is valid with Makespan = 69
  Total time: 0.5154 seconds
------------------------------------------------------------------
[*] Trying with Upper Bound = 68...
  SAT ! Makespan = 68
  Schedule is valid with Makespan = 68
  Total time: 0.5837 seconds
------------------------------------------------------------------
[*] Trying with Upper Bound = 67...
  SAT ! Makespan = 67
  Schedule is valid with Makespan = 67
  Total time: 0.6658 seconds
------------------------------------------------------------------
[*] Trying with Upper Bound = 66...
  SAT ! Makespan = 66
  Schedule is valid with Makespan = 66
  Total time: 0.7012 seconds
------------------------------------------------------------------
[*] Trying with Upper Bound = 65...
  SAT ! Makespan = 65
  Schedule is valid with Makespan = 65
  Total time: 0.9633 seconds
------------------------------------------------------------------
[*] Trying with Upper Bound = 64...
  SAT ! Makespan = 64
  Schedule is valid with Makespan = 64
  Total time: 1.0678 seconds
------------------------------------------------------------------
[*] Trying with Upper Bound = 63...
  SAT ! Makespan = 63
  Schedule is valid with Makespan = 63
  Total time: 1.6048 seconds
------------------------------------------------------------------
[*] Trying with Upper Bound = 62...
  SAT ! Makespan = 62
  Schedule is valid with Makespan = 62
  Total time: 1.9974 seconds
------------------------------------------------------------------
[*] Trying with Upper Bound = 61...
  SAT ! Makespan = 61
  Schedule is valid with Makespan = 61
  Total time: 2.0558 seconds
------------------------------------------------------------------
[*] Trying with Upper Bound = 60...
  SAT ! Makespan = 60
  Schedule is valid with Makespan = 60
  Total time: 2.1230 seconds
------------------------------------------------------------------
[*] Trying with Upper Bound = 59...
  SAT ! Makespan = 59
  Schedule is valid with Makespan = 59
  Total time: 2.1634 seconds
------------------------------------------------------------------
[*] Trying with Upper Bound = 58...
  SAT ! Makespan = 58
  Schedule is valid with Makespan = 58
  Total time: 2.2220 seconds
------------------------------------------------------------------
[*] Trying with Upper Bound = 57...
  SAT ! Makespan = 57
  Schedule is valid with Makespan = 57
  Total time: 2.7931 seconds
------------------------------------------------------------------
[*] Trying with Upper Bound = 56...
  SAT ! Makespan = 56
  Schedule is valid with Makespan = 56
  Total time: 2.8613 seconds
------------------------------------------------------------------
[*] Trying with Upper Bound = 55...
  SAT ! Makespan = 55
  Schedule is valid with Makespan = 55
  Total time: 2.9015 seconds
------------------------------------------------------------------
[*] Trying with Upper Bound = 54...
  SAT ! Makespan = 54
  Schedule is valid with Makespan = 54
  Total time: 2.9345 seconds
------------------------------------------------------------------
[*] Trying with Upper Bound = 53...
  SAT ! Makespan = 53
  Schedule is valid with Makespan = 53
  Total time: 3.2704 seconds
------------------------------------------------------------------
[*] Trying with Upper Bound = 52...
  SAT ! Makespan = 52
  Schedule is valid with Makespan = 52
  Total time: 3.5762 seconds
------------------------------------------------------------------
[*] Trying with Upper Bound = 51...
  SAT ! Makespan = 51
  Schedule is valid with Makespan = 51
  Total time: 5.7516 seconds
------------------------------------------------------------------
[*] Trying with Upper Bound = 50...
   UNSAT

 Optimal Makespan = 51

 Summary:
  - Optimal Makespan   : 51
  - Greedy Time        : 0.0004s
  - SAT Time           : 6.3032s
  - Total Time         : 6.3044s
  - Schedule Status    : VALID
===========================================================================
[runlim] end:			Sun Sep  6 16:02:24 2026
[runlim] status:		ok
[runlim] result:		0
[runlim] children:		1
[runlim] processes:		2
[runlim] real:			6.34 seconds
[runlim] time:			6.30 seconds
[runlim] space:			128 MB
[runlim] load:			0.42 maximum
[runlim] samples:		64
