[runlim] version:		2.0.0rc12
[runlim] host:			fjssp-instance
[runlim] time limit:		311040000 seconds
[runlim] real time limit:	3600 seconds
[runlim] space limit:		8000 MB
[runlim] argv[0]:		python3
[runlim] argv[1]:		-u
[runlim] argv[2]:		main.py
[runlim] argv[3]:		--input
[runlim] argv[4]:		datasets/brandimarte/MK09
[runlim] argv[5]:		--sb
[runlim] argv[6]:		--factories
[runlim] argv[7]:		3
[runlim] argv[8]:		--full_transitive
[runlim] start:			Sun Sep  6 16:03:43 2026
[runlim] child:			6949
[*] Loading data from file: datasets/brandimarte/MK09
[*] Running D-FJSSP SAT Solver with 3 factories, Symmetry Breaking = ON, Transitive E* = FULL
===========================================================================
 D-FJSSP SAT SOLVER - PARALLEL FACTORIES SCHEDULING
===========================================================================
  -> Operations: 240 | Jobs: 20 | Machines: 10 | Factories: 3

[*] Running Greedy Heuristic...
  -> Greedy Solution: Makespan = 186 (0.0006s)

[*] Initializing and solving the SAT model...
------------------------------------------------------------------
[*] Trying with Upper Bound = 186...
  SAT ! Makespan = 186
  Schedule is valid with Makespan = 186
  Total time: 1.6078 seconds
------------------------------------------------------------------
[*] Trying with Upper Bound = 185...
  SAT ! Makespan = 185
  Schedule is valid with Makespan = 185
  Total time: 1.6238 seconds
------------------------------------------------------------------
[*] Trying with Upper Bound = 184...
  SAT ! Makespan = 184
  Schedule is valid with Makespan = 184
  Total time: 1.6381 seconds
------------------------------------------------------------------
[*] Trying with Upper Bound = 183...
  SAT ! Makespan = 183
  Schedule is valid with Makespan = 183
  Total time: 1.6712 seconds
------------------------------------------------------------------
[*] Trying with Upper Bound = 182...
  SAT ! Makespan = 182
  Schedule is valid with Makespan = 182
  Total time: 1.6887 seconds
------------------------------------------------------------------
[*] Trying with Upper Bound = 181...
  SAT ! Makespan = 181
  Schedule is valid with Makespan = 181
  Total time: 1.7024 seconds
------------------------------------------------------------------
[*] Trying with Upper Bound = 180...
  SAT ! Makespan = 180
  Schedule is valid with Makespan = 180
  Total time: 1.7148 seconds
------------------------------------------------------------------
[*] Trying with Upper Bound = 179...
  SAT ! Makespan = 179
  Schedule is valid with Makespan = 179
  Total time: 1.7305 seconds
------------------------------------------------------------------
[*] Trying with Upper Bound = 178...
  SAT ! Makespan = 178
  Schedule is valid with Makespan = 178
  Total time: 1.7428 seconds
------------------------------------------------------------------
[*] Trying with Upper Bound = 177...
  SAT ! Makespan = 177
  Schedule is valid with Makespan = 177
  Total time: 1.7538 seconds
------------------------------------------------------------------
[*] Trying with Upper Bound = 176...
  SAT ! Makespan = 176
  Schedule is valid with Makespan = 176
  Total time: 1.7920 seconds
------------------------------------------------------------------
[*] Trying with Upper Bound = 175...
  SAT ! Makespan = 175
  Schedule is valid with Makespan = 175
  Total time: 2.0121 seconds
------------------------------------------------------------------
[*] Trying with Upper Bound = 174...
  SAT ! Makespan = 174
  Schedule is valid with Makespan = 174
  Total time: 2.0299 seconds
------------------------------------------------------------------
[*] Trying with Upper Bound = 173...
  SAT ! Makespan = 173
  Schedule is valid with Makespan = 173
  Total time: 2.0474 seconds
------------------------------------------------------------------
[*] Trying with Upper Bound = 172...
  SAT ! Makespan = 172
  Schedule is valid with Makespan = 172
  Total time: 2.0572 seconds
------------------------------------------------------------------
[*] Trying with Upper Bound = 171...
  SAT ! Makespan = 171
  Schedule is valid with Makespan = 171
  Total time: 2.0699 seconds
------------------------------------------------------------------
[*] Trying with Upper Bound = 170...
  SAT ! Makespan = 170
  Schedule is valid with Makespan = 170
  Total time: 2.0800 seconds
------------------------------------------------------------------
[*] Trying with Upper Bound = 169...
  SAT ! Makespan = 169
  Schedule is valid with Makespan = 169
  Total time: 2.1573 seconds
------------------------------------------------------------------
[*] Trying with Upper Bound = 168...
  SAT ! Makespan = 168
  Schedule is valid with Makespan = 168
  Total time: 2.3495 seconds
------------------------------------------------------------------
[*] Trying with Upper Bound = 167...
  SAT ! Makespan = 167
  Schedule is valid with Makespan = 167
  Total time: 2.5388 seconds
------------------------------------------------------------------
[*] Trying with Upper Bound = 166...
  SAT ! Makespan = 166
  Schedule is valid with Makespan = 166
  Total time: 2.5521 seconds
------------------------------------------------------------------
[*] Trying with Upper Bound = 165...
  SAT ! Makespan = 165
  Schedule is valid with Makespan = 165
  Total time: 2.5665 seconds
------------------------------------------------------------------
[*] Trying with Upper Bound = 164...
  SAT ! Makespan = 164
  Schedule is valid with Makespan = 164
  Total time: 2.9765 seconds
------------------------------------------------------------------
[*] Trying with Upper Bound = 163...
  SAT ! Makespan = 163
  Schedule is valid with Makespan = 163
  Total time: 3.2079 seconds
------------------------------------------------------------------
[*] Trying with Upper Bound = 162...
  SAT ! Makespan = 162
  Schedule is valid with Makespan = 162
  Total time: 5.0464 seconds
------------------------------------------------------------------
[*] Trying with Upper Bound = 161...
  SAT ! Makespan = 161
  Schedule is valid with Makespan = 161
  Total time: 5.2968 seconds
------------------------------------------------------------------
[*] Trying with Upper Bound = 160...
  SAT ! Makespan = 160
  Schedule is valid with Makespan = 160
  Total time: 5.4344 seconds
------------------------------------------------------------------
[*] Trying with Upper Bound = 159...
  SAT ! Makespan = 159
  Schedule is valid with Makespan = 159
  Total time: 5.6166 seconds
------------------------------------------------------------------
[*] Trying with Upper Bound = 158...
  SAT ! Makespan = 158
  Schedule is valid with Makespan = 158
  Total time: 5.7800 seconds
------------------------------------------------------------------
[*] Trying with Upper Bound = 157...
  SAT ! Makespan = 157
  Schedule is valid with Makespan = 157
  Total time: 6.1556 seconds
------------------------------------------------------------------
[*] Trying with Upper Bound = 156...
  SAT ! Makespan = 156
  Schedule is valid with Makespan = 156
  Total time: 6.2373 seconds
------------------------------------------------------------------
[*] Trying with Upper Bound = 155...
  SAT ! Makespan = 155
  Schedule is valid with Makespan = 155
  Total time: 6.3182 seconds
------------------------------------------------------------------
[*] Trying with Upper Bound = 154...
  SAT ! Makespan = 154
  Schedule is valid with Makespan = 154
  Total time: 6.4463 seconds
------------------------------------------------------------------
[*] Trying with Upper Bound = 153...
  SAT ! Makespan = 153
  Schedule is valid with Makespan = 153
  Total time: 6.5195 seconds
------------------------------------------------------------------
[*] Trying with Upper Bound = 152...
  SAT ! Makespan = 152
  Schedule is valid with Makespan = 152
  Total time: 6.6620 seconds
------------------------------------------------------------------
[*] Trying with Upper Bound = 151...
  SAT ! Makespan = 151
  Schedule is valid with Makespan = 151
  Total time: 6.8168 seconds
------------------------------------------------------------------
[*] Trying with Upper Bound = 150...
  SAT ! Makespan = 150
  Schedule is valid with Makespan = 150
  Total time: 6.9114 seconds
------------------------------------------------------------------
[*] Trying with Upper Bound = 149...
  SAT ! Makespan = 149
  Schedule is valid with Makespan = 149
  Total time: 7.0274 seconds
------------------------------------------------------------------
[*] Trying with Upper Bound = 148...
  SAT ! Makespan = 148
  Schedule is valid with Makespan = 148
  Total time: 8.0110 seconds
------------------------------------------------------------------
[*] Trying with Upper Bound = 147...
  SAT ! Makespan = 147
  Schedule is valid with Makespan = 147
  Total time: 8.1474 seconds
------------------------------------------------------------------
[*] Trying with Upper Bound = 146...
  SAT ! Makespan = 146
  Schedule is valid with Makespan = 146
  Total time: 8.2617 seconds
------------------------------------------------------------------
[*] Trying with Upper Bound = 145...
  SAT ! Makespan = 145
  Schedule is valid with Makespan = 145
  Total time: 8.3481 seconds
------------------------------------------------------------------
[*] Trying with Upper Bound = 144...
  SAT ! Makespan = 144
  Schedule is valid with Makespan = 144
  Total time: 8.4105 seconds
------------------------------------------------------------------
[*] Trying with Upper Bound = 143...
   UNSAT

 Optimal Makespan = 144

 Summary:
  - Optimal Makespan   : 144
  - Greedy Time        : 0.0006s
  - SAT Time           : 8.4133s
  - Total Time         : 8.4152s
  - Schedule Status    : VALID
===========================================================================
[runlim] end:			Sun Sep  6 16:03:52 2026
[runlim] status:		ok
[runlim] result:		0
[runlim] children:		1
[runlim] processes:		2
[runlim] real:			8.46 seconds
[runlim] time:			8.40 seconds
[runlim] space:			362 MB
[runlim] load:			0.93 maximum
[runlim] samples:		85
