[runlim] version:		2.0.0rc12
[runlim] host:			fjssp-instance
[runlim] time limit:		311040000 seconds
[runlim] real time limit:	3600 seconds
[runlim] space limit:		14000 MB
[runlim] argv[0]:		python3
[runlim] argv[1]:		-u
[runlim] argv[2]:		cp.py
[runlim] argv[3]:		--input
[runlim] argv[4]:		datasets/brandimarte/MK01
[runlim] argv[5]:		--factories
[runlim] argv[6]:		3
[runlim] start:			Tue Sep  1 09:54:10 2026
[runlim] child:			14926
[*] Loading: datasets/brandimarte/MK01
======================================================================
DFJSP CP MODEL - MENG ET AL. (2020)
======================================================================
Operations : 55
Jobs       : 10
Machines   : 6
Factories  : 3
Horizon    : 254

[*] Starting CP Optimizer...
 ! --------------------------------------------------- CP Optimizer 22.2.0.0 --
 ! Minimization problem - 418 variables, 253 constraints
 ! Presolve      : 12 extractables eliminated
 ! LogVerbosity         = Terse
 ! Initial process time : 0.02s (0.02s extraction + 0.00s propagation)
 !  . Log search space  : 520.6 (before), 520.6 (after)
 !  . Memory usage      : 2.1 MB (before), 2.1 MB (after)
 ! Using parallel search with 2 workers.
 ! ----------------------------------------------------------------------------
 !          Best Branches  Non-fixed    W       Branch decision
                        0        418                 -
 + New bound is 22
 *            39      139  0.06s        1      (gap is 43.59%)
 *            37      341  0.06s        1      (gap is 40.54%)
 *            36      451  0.06s        1      (gap is 38.89%)
 *            35      561  0.06s        1      (gap is 37.14%)
 *            34      769  0.06s        1      (gap is 35.29%)
 *            33      879  0.06s        1      (gap is 33.33%)
 *            32      989  0.06s        1      (gap is 31.25%)
 *            30     1099  0.06s        1      (gap is 26.67%)
 *            29     1225  0.06s        1      (gap is 24.14%)
 *            28     1279  0.06s        1      (gap is 21.43%)
 *            27     1318  0.06s        1      (gap is 18.52%)
 *            26     1393  0.06s        1      (gap is 15.38%)
 *            25     1506  0.06s        1      (gap is 12.00%)
 *            24     1633  0.06s        2      (gap is 8.33%)
 *            23     1664  0.06s        2      (gap is 4.35%)
 ! Using failure-directed search.
 *            22     1934  0.07s        1      (gap is 0.00%)
 ! ----------------------------------------------------------------------------
 ! Search completed, 16 solutions found.
 ! Best objective         : 22 (optimal - effective tol. is 0)
 ! Best bound             : 22
 ! ----------------------------------------------------------------------------
 ! Number of branches     : 3816
 ! Number of fails        : 332
 ! Total memory usage     : 9.0 MB (8.8 MB CP Optimizer + 0.2 MB Concert)
 ! Time spent in solve    : 0.07s (0.06s engine + 0.02s extraction)
 ! Search speed (br. / s) : 76320.0
 ! ----------------------------------------------------------------------------

======================================================================
SOLUTION FOUND
======================================================================
Makespan : 22
Time     : 0.0703 seconds

[*] Verifying solution...
[✓] Schedule is VALID

======================================================================
FINAL RESULT
======================================================================
Makespan : 22
Status    : VALID
[runlim] end:			Tue Sep  1 09:54:10 2026
[runlim] status:		ok
[runlim] result:		0
[runlim] children:		2
[runlim] processes:		3
[runlim] real:			0.15 seconds
[runlim] time:			0.13 seconds
[runlim] space:			64 MB
[runlim] load:			1.90 maximum
[runlim] samples:		2
