[runlim] version:		2.0.0rc12
[runlim] host:			fjssp-instance
[runlim] time limit:		311040000 seconds
[runlim] real time limit:	3600 seconds
[runlim] space limit:		14000 MB
[runlim] argv[0]:		python3
[runlim] argv[1]:		-u
[runlim] argv[2]:		cp.py
[runlim] argv[3]:		--input
[runlim] argv[4]:		datasets/brandimarte/MK09
[runlim] argv[5]:		--factories
[runlim] argv[6]:		3
[runlim] start:			Tue Sep  1 13:47:44 2026
[runlim] child:			2831
[*] Loading: datasets/brandimarte/MK09
======================================================================
DFJSP CP MODEL - MENG ET AL. (2020)
======================================================================
Operations : 240
Jobs       : 20
Machines   : 10
Factories  : 3
Horizon    : 3343

[*] Starting CP Optimizer...
 ! --------------------------------------------------- CP Optimizer 22.2.0.0 --
 ! Minimization problem - 2088 variables, 1150 constraints
 ! Presolve      : 102 extractables eliminated
 ! LogVerbosity         = Terse
 ! Initial process time : 0.04s (0.04s extraction + 0.00s propagation)
 !  . Log search space  : 2986.8 (before), 2986.8 (after)
 !  . Memory usage      : 8.9 MB (before), 8.9 MB (after)
 ! Using parallel search with 2 workers.
 ! ----------------------------------------------------------------------------
 !          Best Branches  Non-fixed    W       Branch decision
                        0       2088                 -
 + New bound is 130
 *           287      500  0.08s        1      (gap is 54.70%)
 *           280     1439  0.08s        1      (gap is 53.57%)
 *           242     2241  0.11s        1      (gap is 46.28%)
 *           241     3153  0.11s        1      (gap is 46.06%)
 *           240     3963  0.15s        1      (gap is 45.83%)
 *           219     5086  0.15s        1      (gap is 40.64%)
 *           218     5643  0.17s        2      (gap is 40.37%)
 *           199     6202  0.20s        1      (gap is 34.67%)
 *           193     7761  0.29s        1      (gap is 32.64%)
 *           186     9555  0.31s        1      (gap is 30.11%)
 *           184     9818  0.33s        2      (gap is 29.35%)
 *           171    11489  0.36s        2      (gap is 23.98%)
 *           170    13711  0.50s        1      (gap is 23.53%)
 ! Using failure-directed search.
 *           169    18352  0.56s        2      (gap is 23.08%)
 *           167    18625  0.59s        2      (gap is 22.16%)
 *           166    18932  0.59s        2      (gap is 21.69%)
 *           165    17874  0.61s        1      (gap is 21.21%)
 *           164    20408  0.72s        1      (gap is 20.73%)
 *           162    26097  0.81s        1      (gap is 19.75%)
 ! Time = 0.81s, Average fail depth = 94, Memory usage = 37.9 MB
 ! Current bound is 130 (gap is 19.75%)
 !          Best Branches  Non-fixed    W       Branch decision
 *           161    37216  0.93s        2      (gap is 19.25%)
 *           160    38503  0.95s        2      (gap is 18.75%)
 *           159    58952  1.22s        2      (gap is 18.24%)
 *           157    75505  1.43s        2      (gap is 17.20%)
 *           156    91071  1.59s        2      (gap is 16.67%)
 *           155     112k  1.97s        2      (gap is 16.13%)
 *           154     125k  2.20s        2      (gap is 15.58%)
 *           152     125k  2.22s        2      (gap is 14.47%)
 *           151    77127  3.47s        1      (gap is 13.91%)
 *           150    78083  3.56s        1      (gap is 13.33%)
 *           149    79804  3.74s        1      (gap is 12.75%)
 *           148    81865  3.93s        1      (gap is 12.16%)
 *           147    84549  4.25s        1      (gap is 11.56%)
 *           146    90674  4.83s        1      (gap is 10.96%)
 *           145    93899  5.15s        1      (gap is 10.34%)
 *           144    96779  5.47s        1      (gap is 9.72%)
             144    97012       1276    1   F         !presenceOf(mode_12_2_7)
 + New bound is 144 (gap is 0.00%)
 ! ----------------------------------------------------------------------------
 ! Search completed, 35 solutions found.
 ! Best objective         : 144 (optimal - effective tol. is 0)
 ! Best bound             : 144
 ! ----------------------------------------------------------------------------
 ! Number of branches     : 326157
 ! Number of fails        : 153718
 ! Total memory usage     : 38.7 MB (37.9 MB CP Optimizer + 0.9 MB Concert)
 ! Time spent in solve    : 5.50s (5.47s engine + 0.04s extraction)
 ! Search speed (br. / s) : 59626.5
 ! ----------------------------------------------------------------------------

======================================================================
SOLUTION FOUND
======================================================================
Makespan : 144
Time     : 5.5433 seconds

[*] Verifying solution...
[✓] Schedule is VALID

======================================================================
FINAL RESULT
======================================================================
Makespan : 144
Status    : VALID
[runlim] end:			Tue Sep  1 13:47:50 2026
[runlim] status:		ok
[runlim] result:		0
[runlim] children:		2
[runlim] processes:		3
[runlim] real:			5.64 seconds
[runlim] time:			10.07 seconds
[runlim] space:			135 MB
[runlim] load:			2.18 maximum
[runlim] samples:		57
