[runlim] version:		2.0.0rc12
[runlim] host:			fjssp-instance
[runlim] time limit:		311040000 seconds
[runlim] real time limit:	3600 seconds
[runlim] space limit:		14000 MB
[runlim] argv[0]:		python3
[runlim] argv[1]:		-u
[runlim] argv[2]:		cp.py
[runlim] argv[3]:		--input
[runlim] argv[4]:		datasets/brandimarte/MK10
[runlim] argv[5]:		--factories
[runlim] argv[6]:		3
[runlim] start:			Tue Sep  1 13:47:50 2026
[runlim] child:			2841
[*] Loading: datasets/brandimarte/MK10
======================================================================
DFJSP CP MODEL - MENG ET AL. (2020)
======================================================================
Operations : 240
Jobs       : 20
Machines   : 15
Factories  : 3
Horizon    : 3255

[*] Starting CP Optimizer...
 ! --------------------------------------------------- CP Optimizer 22.2.0.0 --
 ! Minimization problem - 2421 variables, 1153 constraints
 ! Presolve      : 3 extractables eliminated
 ! LogVerbosity         = Terse
 ! Initial process time : 0.05s (0.05s extraction + 0.00s propagation)
 !  . Log search space  : 3186.3 (before), 3186.3 (after)
 !  . Memory usage      : 10.5 MB (before), 10.5 MB (after)
 ! Using parallel search with 2 workers.
 ! ----------------------------------------------------------------------------
 !          Best Branches  Non-fixed    W       Branch decision
                        0       2421                 -
 + New bound is 113
 *           253      525  0.11s        1      (gap is 55.34%)
 *           221     1597  0.11s        1      (gap is 48.87%)
 *           219     2279  0.14s        1      (gap is 48.40%)
 *           218     3063  0.14s        1      (gap is 48.17%)
 *           185     2271  0.14s        2      (gap is 38.92%)
 *           184     3515  0.17s        2      (gap is 38.59%)
 *           171     5189  0.18s        1      (gap is 33.92%)
 *           169     6093  0.22s        1      (gap is 33.14%)
 *           165     7306  0.25s        2      (gap is 31.52%)
 *           164     8814  0.27s        1      (gap is 31.10%)
 *           162     9058  0.29s        2      (gap is 30.25%)
 *           155     9656  0.29s        2      (gap is 27.10%)
 *           149    10302  0.32s        2      (gap is 24.16%)
 *           141    15099  0.50s        2      (gap is 19.86%)
 ! Using failure-directed search.
 *           139    15983  0.54s        2      (gap is 18.71%)
 *           135    17658  0.57s        2      (gap is 16.30%)
 *           134    17446  0.65s        1      (gap is 15.67%)
 *           133    20740  0.65s        2      (gap is 15.04%)
 *           127    20544  0.70s        1      (gap is 11.02%)
 ! Time = 0.70s, Average fail depth = 126, Memory usage = 43.9 MB
 ! Current bound is 113 (gap is 11.02%)
 !          Best Branches  Non-fixed    W       Branch decision
 *           126    27870  0.83s        1      (gap is 10.32%)
 *           125    29121  0.86s        2      (gap is 9.60%)
 *           124    34026  0.93s        1      (gap is 8.87%)
 *           123    36560  0.98s        2      (gap is 8.13%)
 *           122    39348  1.04s        2      (gap is 7.38%)
 *           121    58661  3.14s        1      (gap is 6.61%)
 *           120    61352  3.46s        1      (gap is 5.83%)
 *           119    63603  3.67s        1      (gap is 5.04%)
 *           118    67624  4.08s        1      (gap is 4.24%)
 *           117    72001  4.46s        1      (gap is 3.42%)
 *           116    75422  4.82s        1      (gap is 2.59%)
 *           115    81363  5.28s        1      (gap is 1.74%)
 *           114    92798  6.31s        1      (gap is 0.88%)
 *           113    96989  6.93s        1      (gap is 0.00%)
 ! ----------------------------------------------------------------------------
 ! Search completed, 33 solutions found.
 ! Best objective         : 113 (optimal - effective tol. is 0)
 ! Best bound             : 113
 ! ----------------------------------------------------------------------------
 ! Number of branches     : 322092
 ! Number of fails        : 149643
 ! Total memory usage     : 45.3 MB (44.3 MB CP Optimizer + 1.0 MB Concert)
 ! Time spent in solve    : 6.93s (6.89s engine + 0.05s extraction)
 ! Search speed (br. / s) : 46747.8
 ! ----------------------------------------------------------------------------

======================================================================
SOLUTION FOUND
======================================================================
Makespan : 113
Time     : 6.9744 seconds

[*] Verifying solution...
[✓] Schedule is VALID

======================================================================
FINAL RESULT
======================================================================
Makespan : 113
Status    : VALID
[runlim] end:			Tue Sep  1 13:47:57 2026
[runlim] status:		ok
[runlim] result:		0
[runlim] children:		2
[runlim] processes:		3
[runlim] real:			7.07 seconds
[runlim] time:			12.38 seconds
[runlim] space:			149 MB
[runlim] load:			2.09 maximum
[runlim] samples:		71
